 This is the parallel version of the code
 This is the parallel version of the code
 This is the parallel version of the code
 This is the parallel version of the code
 This is the parallel version of the code
 This is the parallel version of the code
 This is the parallel version of the code
 This is the parallel version of the code
Master:    0

 The execution started at  9h 56min on the 12/ 5/2024

    ===========================================================
    !                                                         !
    !                        Do N O F                         !
    !                                                         !
    !  (Donostia Natural Orbital Functional Software Program) !
    !                                                         !
    !               COPYRIGHT by Mario Piris                  !
    !                                                         !
    !      Donostia International Physics Center (DIPC)       !
    !       University of the Basque Country (UPV/EHU)        !
    !       Basque Foundation for Science (IKERBASQUE)        !
    !                                                         !
    !          GNU General Public License version 3           !
    !                                                         !
    !                  VERSION: Mayo 2024                     !
    !                                                         !
    ===========================================================

 Run Title
 ---------
 p30-5 set                                                                       

 Basis Set
 ---------
 /beegfs_agamede/gscratch/povmieci/SCRATCH/66806/def2-svp.bas                    

 Atom      Charge                Coordinates (Bohr)
                           x             y             z
 F           9.0        3.3548        2.6952       -2.5626
 F           9.0       -4.2966       -1.6093        3.3310
 B           5.0        1.0829       -2.4158       -3.9630
 C           6.0       -0.3989        2.9995        1.3076
 F           9.0        4.5963        1.0194        1.7881
 F           9.0       -3.9664       -0.2869       -1.0536
 SI         14.0        2.9352        3.3471        0.3957
 F           9.0        2.9898       -3.2447       -5.4102
 H           1.0       -0.6266        3.7910        3.2157
 H           1.0       -0.3125       -0.8791       -4.8294
 S          16.0        0.6658       -3.7671       -0.8527
 H           1.0       -1.5310        4.1347       -0.0103
 H           1.0        0.3316       -1.4752        3.9180
 LI          3.0        3.1792       -2.1972        2.4660
 LI          3.0       -6.4149       -1.4376        0.7803
 AL         13.0       -1.5888       -0.6741        1.4794

 Atomic Basis Set
 ----------------
 The contracted primitive functions were unnormalized
 The contracted basis functions are now normalized to unity

  Shell Type  Primitive         Exponent  Contraction Coefficient

 F         

      1   S       1          2894.8325990   -0.005349321176
      1   S       2           435.4193912   -0.039967734372
      1   S       3            98.8433289   -0.179412617888
      1   S       4            27.4851980   -0.468324686869
      1   S       5             8.5405498   -0.447241605328

      2   S       6             1.0654578    1.000000000000

      3   S       7             0.3324735    1.000000000000

      4   P       8            22.6966339   -0.064782148241
      4   P       9             4.9872339   -0.340357853553
      4   P      10             1.3491614   -0.734858153660

      5   P      11             0.3482988    1.000000000000

      6   D      12             1.4000000    1.000000000000

 F         

      7   S      13          2894.8325990   -0.005349321176
      7   S      14           435.4193912   -0.039967734372
      7   S      15            98.8433289   -0.179412617888
      7   S      16            27.4851980   -0.468324686869
      7   S      17             8.5405498   -0.447241605328

      8   S      18             1.0654578    1.000000000000

      9   S      19             0.3324735    1.000000000000

     10   P      20            22.6966339   -0.064782148241
     10   P      21             4.9872339   -0.340357853553
     10   P      22             1.3491614   -0.734858153660

     11   P      23             0.3482988    1.000000000000

     12   D      24             1.4000000    1.000000000000

 B         

     13   S      25           839.3183009   -0.005628883598
     13   S      26           126.2646484   -0.041832794610
     13   S      27            28.6206008   -0.184174881258
     13   S      28             7.8793723   -0.468396550281
     13   S      29             2.4088857   -0.444579308833

     14   S      30             0.2510511    1.000000000000

     15   S      31             0.0836489    1.000000000000

     16   P      32             6.0332224   -0.054032500323
     16   P      33             1.2499158   -0.301940343932
     16   P      34             0.3387168   -0.771707916582

     17   P      35             0.0964156    1.000000000000

     18   D      36             0.5000000    1.000000000000

 C         

     19   S      37          1238.4016938    0.005517365048
     19   S      38           186.2900499    0.041088828556
     19   S      39            42.2511763    0.182253821265
     19   S      40            11.6765579    0.468284594374
     19   S      41             3.5930506    0.445758173360

     20   S      42             0.4024515    1.000000000000

     21   S      43             0.1309018    1.000000000000

     22   P      44             9.4680971    0.056888332011
     22   P      45             2.0103545    0.312940593365
     22   P      46             0.5477100    0.760650165091

     23   P      47             0.1526861    1.000000000000

     24   D      48             0.8000000    1.000000000000

 F         

     25   S      49          2894.8325990   -0.005349321176
     25   S      50           435.4193912   -0.039967734372
     25   S      51            98.8433289   -0.179412617888
     25   S      52            27.4851980   -0.468324686869
     25   S      53             8.5405498   -0.447241605328

     26   S      54             1.0654578    1.000000000000

     27   S      55             0.3324735    1.000000000000

     28   P      56            22.6966339   -0.064782148241
     28   P      57             4.9872339   -0.340357853553
     28   P      58             1.3491614   -0.734858153660

     29   P      59             0.3482988    1.000000000000

     30   D      60             1.4000000    1.000000000000

 F         

     31   S      61          2894.8325990   -0.005349321176
     31   S      62           435.4193912   -0.039967734372
     31   S      63            98.8433289   -0.179412617888
     31   S      64            27.4851980   -0.468324686869
     31   S      65             8.5405498   -0.447241605328

     32   S      66             1.0654578    1.000000000000

     33   S      67             0.3324735    1.000000000000

     34   P      68            22.6966339   -0.064782148241
     34   P      69             4.9872339   -0.340357853553
     34   P      70             1.3491614   -0.734858153660

     35   P      71             0.3482988    1.000000000000

     36   D      72             1.4000000    1.000000000000

 SI        

     37   S      73          6903.7118686    0.005584465887
     37   S      74          1038.4346419    0.041742284436
     37   S      75           235.8758148    0.187528023742
     37   S      76            66.0693852    0.478678596587
     37   S      77            20.2479458    0.429256952162

     38   S      78            34.3534817    0.089834899465
     38   S      79             3.6370788   -0.545685958777
     38   S      80             1.4002049   -0.524810829267

     39   S      81             0.2048441    1.000000000000

     40   S      82             0.0779941    1.000000000000

     41   P      83           179.8390737    0.010133498379
     41   P      84            41.9072588    0.071029041096
     41   P      85            12.9552944    0.255839142169
     41   P      86             4.4383267    0.481498047149
     41   P      87             1.5462248    0.385211960064

     42   P      88             0.3560761    1.000000000000

     43   P      89             0.1000851    1.000000000000

     44   D      90             0.3500000    1.000000000000

 F         

     45   S      91          2894.8325990   -0.005349321176
     45   S      92           435.4193912   -0.039967734372
     45   S      93            98.8433289   -0.179412617888
     45   S      94            27.4851980   -0.468324686869
     45   S      95             8.5405498   -0.447241605328

     46   S      96             1.0654578    1.000000000000

     47   S      97             0.3324735    1.000000000000

     48   P      98            22.6966339   -0.064782148241
     48   P      99             4.9872339   -0.340357853553
     48   P     100             1.3491614   -0.734858153660

     49   P     101             0.3482988    1.000000000000

     50   D     102             1.4000000    1.000000000000

 H         

     51   S     103            13.0107010    0.033485484813
     51   S     104             1.9622572    0.234721870881
     51   S     105             0.4445380    0.813770285260

     52   S     106             0.1219496    1.000000000000

     53   P     107             0.8000000    1.000000000000

 H         

     54   S     108            13.0107010    0.033485484813
     54   S     109             1.9622572    0.234721870881
     54   S     110             0.4445380    0.813770285260

     55   S     111             0.1219496    1.000000000000

     56   P     112             0.8000000    1.000000000000

 S         

     57   S     113          9184.9303010   -0.005472946613
     57   S     114          1381.5105503   -0.040954402155
     57   S     115           313.8714758   -0.184758289562
     57   S     116            88.0538706   -0.475672806440
     57   S     117            27.0399149   -0.434951535842

     58   S     118            45.6487313   -0.091904045809
     58   S     119             4.9664522    0.556987772145
     58   S     120             2.0116242    0.511154682985

     59   S     121             0.3566108    1.000000000000

     60   S     122             0.1350722    1.000000000000

     61   P     123           261.9823344   -0.009183054659
     61   P     124            61.3068947   -0.065902226526
     61   P     125            19.1037299   -0.245877845187
     61   P     126             6.6567720   -0.482314710760
     61   P     127             2.3959635   -0.389563143514

     62   P     128             0.6177616    1.000000000000

     63   P     129             0.1699338    1.000000000000

     64   D     130             0.5500000    1.000000000000

 H         

     65   S     131            13.0107010    0.033485484813
     65   S     132             1.9622572    0.234721870881
     65   S     133             0.4445380    0.813770285260

     66   S     134             0.1219496    1.000000000000

     67   P     135             0.8000000    1.000000000000

 H         

     68   S     136            13.0107010    0.033485484813
     68   S     137             1.9622572    0.234721870881
     68   S     138             0.4445380    0.813770285260

     69   S     139             0.1219496    1.000000000000

     70   P     140             0.8000000    1.000000000000

 LI        

     71   S     141           266.2778552    0.006354286535
     71   S     142            40.0697834    0.046734889363
     71   S     143             9.0559944    0.198387923560
     71   S     144             2.4503009    0.475753833454
     71   S     145             0.7220957    0.427014289368

     72   S     146             0.0528109    1.000000000000

     73   S     147             0.0209609    1.000000000000

     74   P     148             1.4500000    0.224912327222
     74   P     149             0.3000000    0.869730577039

     75   P     150             0.0820000    1.000000000000

 LI        

     76   S     151           266.2778552    0.006354286535
     76   S     152            40.0697834    0.046734889363
     76   S     153             9.0559944    0.198387923560
     76   S     154             2.4503009    0.475753833454
     76   S     155             0.7220957    0.427014289368

     77   S     156             0.0528109    1.000000000000

     78   S     157             0.0209609    1.000000000000

     79   P     158             1.4500000    0.224912327222
     79   P     159             0.3000000    0.869730577039

     80   P     160             0.0820000    1.000000000000

 AL        

     81   S     161          5887.5727030    0.005651978962
     81   S     162           885.6122600    0.042218253427
     81   S     163           201.1360490    0.189187196726
     81   S     164            56.2849747    0.480435911881
     81   S     165            17.2295512    0.425872684294

     82   S     166            29.3402499    0.088568603239
     82   S     167             3.0439630   -0.543157066723
     82   S     168             1.1285540   -0.529385510294

     83   S     169             0.1423418    1.000000000000

     84   S     170             0.0544002    1.000000000000

     85   P     171           145.1191881    0.010726377859
     85   P     172            33.7178948    0.074103623546
     85   P     173            10.3698631    0.261296213060
     85   P     174             3.5135616    0.480201235327
     85   P     175             1.1980050    0.384382240624

     86   P     176             0.2658301    1.000000000000

     87   P     177             0.0710034    1.000000000000

     88   D     178             0.3000000    1.000000000000

 Total Number of Basis Set Shells             =   88
 Total Number of Primitives                   =  178
 Number of Cartesian Gaussian Basis Functions =  200
 Number of Electrons                          =  109
 Charge of Molecule                           =    0
 Spin Multiplicity                            =    2
 Number of Occupied Orbitals (Alpha)          =   55
 Number of Occupied Orbitals (Beta )          =   54
 Total Number of Atoms                        =   16

 Input Run Options
 -----------------
 IRUNTYP = 1  MULT = 2  ICHARG =  0 IECP = 0  IEMOM = 1  UNITS = ANGS    

 Integral Options
 ----------------
 CUTOFF = 1.0E-09   ISCHWZ = 1   ERITYP = FULL

 Input NOF Options
 -----------------

 Type of calculation =    Coeff. Opt.:   (ICOEF)         1
 Use Softmax function for Occ. Opt.:     (ISOFTMAX)      1
 Type of Orb. Opt. = Orbital Rotations:  (IORBOPT)       4
 Maximum Number of Occ-Coef Outer Iter.: (MAXIT)      1000

 Natural Orbital Functional Selected:    (IPNOF)         7
 Spin-Multiplet, High-Spin State Option: (HighSpin)      F

 Restart calculation Option:             (RESTART)       T
 Orthogonalize the initial Orbitals:     (ORTHO)         T

 Output Option:                          (NPRINT)        0
 Output the Coefficient Matrix:          (IWRITEC)       0
 Do a Mulliken Population Analysis:      (IMULPOP)       0
 Write Information into a WFN file:      (IAIMPAC)       1
 Write Information into a FCHK file:     (IFCHK)         1
 Write Information into a MLP file:      (MOLDEN)        1
 Create Ini. Cond. (ini.xyz) file:       (INICOND)       1
 Calculate IPs using Ext. Koopmans Theo: (IEKT)          0
 Write APSG expansion coefficient file:  (APSG)          F
 Output option for Lagrange Multipliers: (PRINTLAG)      F
 Diagonalize matrix of Lag. Multipliers: (DIAGLAG)       F

 Nuclear Coordinates from GCF file:
 ----------------------------------

 Atom      Charge                Coordinates (Bohr)
                           x             y             z
 F        9.00000        3.3548        2.6952       -2.5626
 F        9.00000       -4.2966       -1.6093        3.3310
 B        5.00000        1.0829       -2.4158       -3.9630
 C        6.00000       -0.3989        2.9995        1.3076
 F        9.00000        4.5963        1.0194        1.7881
 F        9.00000       -3.9664       -0.2869       -1.0536
 SI      14.00000        2.9352        3.3471        0.3957
 F        9.00000        2.9898       -3.2447       -5.4102
 H        1.00000       -0.6266        3.7910        3.2157
 H        1.00000       -0.3125       -0.8791       -4.8294
 S       16.00000        0.6658       -3.7671       -0.8527
 H        1.00000       -1.5310        4.1347       -0.0103
 H        1.00000        0.3316       -1.4752        3.9180
 LI       3.00000        3.1792       -2.1972        2.4660
 LI       3.00000       -6.4149       -1.4376        0.7803
 AL      13.00000       -1.5888       -0.6741        1.4794

------------------------------------------------------------------------

 Orbital Space
 -------------

 Inactive Doubly occupied orbitals up to NO1  =    0
 No. considered Strongly Doubly occupied MOs  =   54
 No. considered Strongly Singly occupied MOs  =    1
 No. of Weakly occ. per St. Doubly occ.  MOs  =    2
 Dimension of the Active Nat. Orb. subspace   =  162
 Secondary Empty orbitals                     =   37

 1e- integrals
 -------------
 Time to do integrals =      0.01

 2e- integrals
 -------------
 DONTW option skips storage 2e- integrals on Unit 1
            96661482 2e- integrals in     1 records
 Time to do integrals =      6.33

 Distribution Full ERIs:

 Integrals:                          96661482
 Max size per slaves:                12082686
 Max size in master:                108744168

 No violations of the orthonormality


  RESULTS OF OCCUPATION-COEFFICIENT OPTIMIZATION
 ================================================

  Ex It  Orb It    Electronic Energy     Total Energy   Energy Convergency    Max Mul-Lag Diff

    1      10     -2441.1530576998    -1505.4667449180     0.0000000000           0.030056
    2      30     -2441.2213300422    -1505.5350172604    -0.0682723424           0.003676
    3      30     -2441.2592550448    -1505.5729422630    -0.0379250026           0.003124
    4      30     -2441.2856091078    -1505.5992963260    -0.0263540630           0.002961
    5      30     -2441.3089687024    -1505.6226559206    -0.0233595946           0.003360
    6      30     -2441.3263016032    -1505.6399888213    -0.0173329008           0.003232
    7      30     -2441.3403932358    -1505.6540804539    -0.0140916326           0.003019
    8      30     -2441.3521739180    -1505.6658611362    -0.0117806823           0.002313
    9      30     -2441.3615110881    -1505.6751983063    -0.0093371700           0.002016
   10      30     -2441.3689273821    -1505.6826146003    -0.0074162940           0.002066
   11      30     -2441.3747572788    -1505.6884444970    -0.0058298968           0.002155
   12      30     -2441.3794262127    -1505.6931134309    -0.0046689338           0.002149
   13      30     -2441.3830687261    -1505.6967559443    -0.0036425135           0.002039
   14      30     -2441.3858862743    -1505.6995734925    -0.0028175482           0.001823
   15      30     -2441.3880156171    -1505.7017028352    -0.0021293427           0.001487
   16      30     -2441.3895374571    -1505.7032246753    -0.0015218401           0.001052
   17      30     -2441.3905139697    -1505.7042011879    -0.0009765126           0.000936
   18      30     -2441.3910779164    -1505.7047651346    -0.0005639467           0.000927
   19      30     -2441.3914152923    -1505.7051025105    -0.0003373759           0.000906
   20      30     -2441.3916467548    -1505.7053339730    -0.0002314626           0.000882
   21      30     -2441.3917973413    -1505.7054845595    -0.0001505864           0.000953
   22      30     -2441.3918804903    -1505.7055677085    -0.0000831490           0.000902
   23      30     -2441.3919245241    -1505.7056117423    -0.0000440338           0.000891
   24      30     -2441.3919536933    -1505.7056409115    -0.0000291692           0.000949
   25      30     -2441.3919786607    -1505.7056658788    -0.0000249673           0.000937
   26      30     -2441.3920024872    -1505.7056897053    -0.0000238265           0.000893
   27      30     -2441.3920266359    -1505.7057138541    -0.0000241488           0.000922
   28      30     -2441.3920499163    -1505.7057371345    -0.0000232804           0.000871
   29      30     -2441.3920734902    -1505.7057607084    -0.0000235739           0.000899
   30      30     -2441.3920955692    -1505.7057827874    -0.0000220790           0.000918
   31      30     -2441.3921151808    -1505.7058023990    -0.0000196116           0.000908
   32      40     -2441.3921447627    -1505.7058319809    -0.0000295818           0.000173
   33      40     -2441.3921612403    -1505.7058484585    -0.0000164776           0.000173
   34      50     -2441.3921780306    -1505.7058652488    -0.0000167903           0.000029
   35      50     -2441.3921789547    -1505.7058661729    -0.0000009241           0.000029


  RESULTS OF THE OCCUPATION OPTIMIZATION
 ========================================

   OM     Occupation      Elag Diag

    1      1.9999999    -85.8925228
    2      1.9999998    -67.7916691
    3      1.9999998    -65.4887762
    4      1.9999707     -6.5919234
    5      1.9999606    -26.2929230
    6      1.9999597    -26.2356161
    7      1.9999595    -26.2541760
    8      1.9999591    -26.2964161
    9      1.9999586    -26.3266975
   10      1.9999497     -6.9784873
   11      1.9999292     -7.5319343
   12      1.9998824     -7.5807645
   13      1.9998792     -4.4105740
   14      1.9998459     -3.3851183
   15      1.9998408     -4.8416412
   16      1.9998181     -4.9065856
   17      1.9997666     -3.6350373
   18      1.9997558     -3.7252138
   19      1.9997416     -3.7125931
   20      1.9997218    -11.1873181
   21      1.9996871     -4.9520574
   22      1.9996284     -7.6637922
   23      1.9994302     -2.4578452
   24      1.9994015     -2.4316712
   25      1.9903294     -0.9469685
   26      1.9902292     -0.9450449
   27      1.9892941     -0.8590805
   28      1.9892745     -0.9159998
   29      1.9891319     -0.8359349
   30      1.9889976     -0.9313958
   31      1.9889721     -0.9085073
   32      1.9883314     -0.9467285
   33      1.9878909     -0.9502074
   34      1.9876398     -0.9216497
   35      1.9874946     -0.8490084
   36      1.9874721     -0.8384354
   37      1.9871047     -0.8595547
   38      1.9870814     -0.8602028
   39      1.9864602     -0.8862609
   40      1.9853890     -0.8938074
   41      1.9844072     -0.6076733
   42      1.9833823     -0.5654882
   43      1.9824663     -0.8959841
   44      1.9818559     -0.8932806
   45      1.9811094     -0.9677474
   46      1.9804922     -0.9376360
   47      1.9781901     -0.6417449
   48      1.9780443     -0.5722133
   49      1.9768901     -0.4439295
   50      1.9752277     -0.5450631
   51      1.9711194     -0.6506087
   52      1.9704390     -0.6492873
   53      1.9695005     -0.6175905
   54      1.9657585     -0.4240049
   55      1.0000000     -0.1919512
   56      0.0271328     -0.0111123
   57      0.0250848     -0.0140026
   58      0.0233401     -0.0158889
   59      0.0230342     -0.0158204
   60      0.0029166     -0.0024023
   61      0.0119210     -0.0075406
   62      0.0053295     -0.0045361
   63      0.0164321     -0.0106377
   64      0.0183477     -0.0187178
   65      0.0179256     -0.0188718
   66      0.0169536     -0.0175067
   67      0.0011891     -0.0021360
   68      0.0105147     -0.0064742
   69      0.0109478     -0.0067643
   70      0.0137999     -0.0152143
   71      0.0126013     -0.0141714
   72      0.0010142     -0.0020806
   73      0.0120019     -0.0134736
   74      0.0116105     -0.0130367
   75      0.0114991     -0.0130286
   76      0.0113590     -0.0131839
   77      0.0010365     -0.0021470
   78      0.0106491     -0.0128152
   79      0.0100396     -0.0120464
   80      0.0100224     -0.0121162
   81      0.0099176     -0.0116362
   82      0.0009852     -0.0019350
   83      0.0096733     -0.0115270
   84      0.0087857     -0.0111136
   85      0.0009827     -0.0020472
   86      0.0003327     -0.0009547
   87      0.0003302     -0.0009855
   88      0.0003493     -0.0031862
   89      0.0000178     -0.0001081
   90      0.0002633     -0.0034439
   91      0.0002358     -0.0010418
   92      0.0000189     -0.0000928
   93      0.0002070     -0.0008784
   94      0.0000292     -0.0001728
   95      0.0001398     -0.0007700
   96      0.0001182     -0.0004867
   97      0.0000733     -0.0003462
   98      0.0001121     -0.0009265
   99      0.0000073     -0.0000602
  100      0.0000066     -0.0000574
  101      0.0000401     -0.0010858
  102      0.0000403     -0.0010868
  103      0.0000013     -0.0000278
  104      0.0000396     -0.0010721
  105      0.0000386     -0.0010401
  106      0.0000128     -0.0000779
  107      0.0000002     -0.0000085
  108      0.0000001     -0.0000062
  109      0.0000001     -0.0000049
  110      0.0071087     -0.0037929
  111      0.0054147     -0.0037546
  112      0.0062209     -0.0054430
  113      0.0058464     -0.0052220
  114      0.0218557     -0.0120787
  115      0.0111889     -0.0065968
  116      0.0166262     -0.0113459
  117      0.0053778     -0.0040776
  118      0.0011601     -0.0022149
  119      0.0009650     -0.0018988
  120      0.0011906     -0.0021380
  121      0.0163447     -0.0170812
  122      0.0061030     -0.0039106
  123      0.0046450     -0.0032930
  124      0.0008111     -0.0016868
  125      0.0009385     -0.0019342
  126      0.0119044     -0.0134188
  127      0.0008934     -0.0018319
  128      0.0009174     -0.0018406
  129      0.0010063     -0.0020785
  130      0.0010013     -0.0020704
  131      0.0110726     -0.0131710
  132      0.0010195     -0.0021200
  133      0.0009883     -0.0019537
  134      0.0009800     -0.0019721
  135      0.0009505     -0.0018742
  136      0.0097403     -0.0118125
  137      0.0010326     -0.0021060
  138      0.0009851     -0.0020533
  139      0.0086879     -0.0110109
  140      0.0002658     -0.0008116
  141      0.0002396     -0.0007392
  142      0.0000223     -0.0002086
  143      0.0002951     -0.0015146
  144      0.0000149     -0.0001836
  145      0.0000226     -0.0001079
  146      0.0002253     -0.0010220
  147      0.0000263     -0.0001240
  148      0.0001527     -0.0008377
  149      0.0000194     -0.0001063
  150      0.0000360     -0.0001563
  151      0.0000475     -0.0002239
  152      0.0000056     -0.0000531
  153      0.0000636     -0.0005104
  154      0.0000437     -0.0003048
  155      0.0000012     -0.0000282
  156      0.0000006     -0.0000161
  157      0.0000391     -0.0010609
  158      0.0000007     -0.0000201
  159      0.0000008     -0.0000208
  160      0.0000165     -0.0001067
  161      0.0000001     -0.0000042
  162      0.0000001     -0.0000064
  163      0.0000001     -0.0000044

   RO Sum ( 109) =  109.00

  ---------------
   Dipole Moment
  ---------------

      4.9060 Debye [   1.9302  (  -1.6346,   0.2043,   1.0059) ]

 ----------------
  Final Energies  
 ----------------

  Final NOF Total Energy =    -1505.7058661729 ( 3.E-05 , 0.E+00 )


  **************************************************
  *                                                *
  *       SINGLE-POINT DoNOF CALCULATION           *
  *                                                *
  *             FULL OPTIMIZATION                  *
  *                                                *
  *  FINAL RESULTS   FINAL RESULTS  FINAL RESULTS  *
  *                                                *
  **************************************************

  **************************************************
  *         No. EXTERNAL ITER =    35              *
  *         No. of TOTAL ITER =  1090              *
  **************************************************

  Elapsed real time :  28315.31  (Seconds)
  Git sha : bcb372acca69df19ae91719c988dea244a3c3d1c                                                            

 The execution finished at 17h 52min on the 12/ 5/2024
