 This is the parallel version of the code
 This is the parallel version of the code
 This is the parallel version of the code
 This is the parallel version of the code
 This is the parallel version of the code
 This is the parallel version of the code
 This is the parallel version of the code
 This is the parallel version of the code
Master:    0

 The execution started at  9h 55min on the 12/ 5/2024

    ===========================================================
    !                                                         !
    !                        Do N O F                         !
    !                                                         !
    !  (Donostia Natural Orbital Functional Software Program) !
    !                                                         !
    !               COPYRIGHT by Mario Piris                  !
    !                                                         !
    !      Donostia International Physics Center (DIPC)       !
    !       University of the Basque Country (UPV/EHU)        !
    !       Basque Foundation for Science (IKERBASQUE)        !
    !                                                         !
    !          GNU General Public License version 3           !
    !                                                         !
    !                  VERSION: Mayo 2024                     !
    !                                                         !
    ===========================================================

 Run Title
 ---------
 p30-5 set                                                                       

 Basis Set
 ---------
 /beegfs_agamede/gscratch/povmieci/SCRATCH/66805/def2-svp.bas                    

 Atom      Charge                Coordinates (Bohr)
                           x             y             z
 N           7.0       -4.7711        0.5192       -0.0223
 N           7.0       -2.1960        1.6074       -0.0619
 H           1.0       -3.0407       -2.0576       -2.0669
 F           9.0       -0.0929       -2.4700       -3.0344
 H           1.0       -0.5981       -1.9851        1.7612
 H           1.0        4.6955        1.0048        2.0228
 H           1.0       -1.5827        1.7174       -1.9056
 B           5.0        2.9842        1.4188        0.5760
 H           1.0        2.6922        3.5993        0.0060
 B           5.0       -0.0314        0.3218        1.7522
 H           1.0       -0.3275        1.0264        3.8720
 AL         13.0        2.0655       -2.2667       -0.5945
 H           1.0        3.6558       -4.6694        0.0624
 O           8.0       -4.7601       -1.6405       -1.3775
 H           1.0        3.7461        0.4505       -1.5456
 H           1.0       -2.4387        3.4236        0.5561

 Atomic Basis Set
 ----------------
 The contracted primitive functions were unnormalized
 The contracted basis functions are now normalized to unity

  Shell Type  Primitive         Exponent  Contraction Coefficient

 N         

      1   S       1          1712.8415853   -0.005447799580
      1   S       2           257.6481268   -0.040627174632
      1   S       3            58.4582459   -0.181119622506
      1   S       4            16.1983679   -0.468439755632
      1   S       5             5.0052601   -0.446168462892

      2   S       6             0.5873186    1.000000000000

      3   S       7             0.1876459    1.000000000000

      4   P       8            13.5714702   -0.058848116970
      4   P       9             2.9257373   -0.320246247625
      4   P      10             0.7992775   -0.753282265204

      5   P      11             0.2195435    1.000000000000

      6   D      12             1.0000000    1.000000000000

 N         

      7   S      13          1712.8415853   -0.005447799580
      7   S      14           257.6481268   -0.040627174632
      7   S      15            58.4582459   -0.181119622506
      7   S      16            16.1983679   -0.468439755632
      7   S      17             5.0052601   -0.446168462892

      8   S      18             0.5873186    1.000000000000

      9   S      19             0.1876459    1.000000000000

     10   P      20            13.5714702   -0.058848116970
     10   P      21             2.9257373   -0.320246247625
     10   P      22             0.7992775   -0.753282265204

     11   P      23             0.2195435    1.000000000000

     12   D      24             1.0000000    1.000000000000

 H         

     13   S      25            13.0107010    0.033485484813
     13   S      26             1.9622572    0.234721870881
     13   S      27             0.4445380    0.813770285260

     14   S      28             0.1219496    1.000000000000

     15   P      29             0.8000000    1.000000000000

 F         

     16   S      30          2894.8325990   -0.005349321176
     16   S      31           435.4193912   -0.039967734372
     16   S      32            98.8433289   -0.179412617888
     16   S      33            27.4851980   -0.468324686869
     16   S      34             8.5405498   -0.447241605328

     17   S      35             1.0654578    1.000000000000

     18   S      36             0.3324735    1.000000000000

     19   P      37            22.6966339   -0.064782148241
     19   P      38             4.9872339   -0.340357853553
     19   P      39             1.3491614   -0.734858153660

     20   P      40             0.3482988    1.000000000000

     21   D      41             1.4000000    1.000000000000

 H         

     22   S      42            13.0107010    0.033485484813
     22   S      43             1.9622572    0.234721870881
     22   S      44             0.4445380    0.813770285260

     23   S      45             0.1219496    1.000000000000

     24   P      46             0.8000000    1.000000000000

 H         

     25   S      47            13.0107010    0.033485484813
     25   S      48             1.9622572    0.234721870881
     25   S      49             0.4445380    0.813770285260

     26   S      50             0.1219496    1.000000000000

     27   P      51             0.8000000    1.000000000000

 H         

     28   S      52            13.0107010    0.033485484813
     28   S      53             1.9622572    0.234721870881
     28   S      54             0.4445380    0.813770285260

     29   S      55             0.1219496    1.000000000000

     30   P      56             0.8000000    1.000000000000

 B         

     31   S      57           839.3183009   -0.005628883598
     31   S      58           126.2646484   -0.041832794610
     31   S      59            28.6206008   -0.184174881258
     31   S      60             7.8793723   -0.468396550281
     31   S      61             2.4088857   -0.444579308833

     32   S      62             0.2510511    1.000000000000

     33   S      63             0.0836489    1.000000000000

     34   P      64             6.0332224   -0.054032500323
     34   P      65             1.2499158   -0.301940343932
     34   P      66             0.3387168   -0.771707916582

     35   P      67             0.0964156    1.000000000000

     36   D      68             0.5000000    1.000000000000

 H         

     37   S      69            13.0107010    0.033485484813
     37   S      70             1.9622572    0.234721870881
     37   S      71             0.4445380    0.813770285260

     38   S      72             0.1219496    1.000000000000

     39   P      73             0.8000000    1.000000000000

 B         

     40   S      74           839.3183009   -0.005628883598
     40   S      75           126.2646484   -0.041832794610
     40   S      76            28.6206008   -0.184174881258
     40   S      77             7.8793723   -0.468396550281
     40   S      78             2.4088857   -0.444579308833

     41   S      79             0.2510511    1.000000000000

     42   S      80             0.0836489    1.000000000000

     43   P      81             6.0332224   -0.054032500323
     43   P      82             1.2499158   -0.301940343932
     43   P      83             0.3387168   -0.771707916582

     44   P      84             0.0964156    1.000000000000

     45   D      85             0.5000000    1.000000000000

 H         

     46   S      86            13.0107010    0.033485484813
     46   S      87             1.9622572    0.234721870881
     46   S      88             0.4445380    0.813770285260

     47   S      89             0.1219496    1.000000000000

     48   P      90             0.8000000    1.000000000000

 AL        

     49   S      91          5887.5727030    0.005651978962
     49   S      92           885.6122600    0.042218253427
     49   S      93           201.1360490    0.189187196726
     49   S      94            56.2849747    0.480435911881
     49   S      95            17.2295512    0.425872684294

     50   S      96            29.3402499    0.088568603239
     50   S      97             3.0439630   -0.543157066723
     50   S      98             1.1285540   -0.529385510294

     51   S      99             0.1423418    1.000000000000

     52   S     100             0.0544002    1.000000000000

     53   P     101           145.1191881    0.010726377859
     53   P     102            33.7178948    0.074103623546
     53   P     103            10.3698631    0.261296213060
     53   P     104             3.5135616    0.480201235327
     53   P     105             1.1980050    0.384382240624

     54   P     106             0.2658301    1.000000000000

     55   P     107             0.0710034    1.000000000000

     56   D     108             0.3000000    1.000000000000

 H         

     57   S     109            13.0107010    0.033485484813
     57   S     110             1.9622572    0.234721870881
     57   S     111             0.4445380    0.813770285260

     58   S     112             0.1219496    1.000000000000

     59   P     113             0.8000000    1.000000000000

 O         

     60   S     114          2266.1767785   -0.005389350392
     60   S     115           340.8701019   -0.040234721389
     60   S     116            77.3631352   -0.180081842055
     60   S     117            21.4796449   -0.468288576577
     60   S     118             6.6589433   -0.446926171602

     61   S     119             0.8097598    1.000000000000

     62   S     120             0.2553077    1.000000000000

     63   P     121            17.7215043    0.062630248763
     63   P     122             3.8635505    0.333311384824
     63   P     123             1.0480921    0.741486383081

     64   P     124             0.2764154    1.000000000000

     65   D     125             1.2000000    1.000000000000

 H         

     66   S     126            13.0107010    0.033485484813
     66   S     127             1.9622572    0.234721870881
     66   S     128             0.4445380    0.813770285260

     67   S     129             0.1219496    1.000000000000

     68   P     130             0.8000000    1.000000000000

 H         

     69   S     131            13.0107010    0.033485484813
     69   S     132             1.9622572    0.234721870881
     69   S     133             0.4445380    0.813770285260

     70   S     134             0.1219496    1.000000000000

     71   P     135             0.8000000    1.000000000000

 Total Number of Basis Set Shells             =   71
 Total Number of Primitives                   =  135
 Number of Cartesian Gaussian Basis Functions =  154
 Number of Electrons                          =   63
 Charge of Molecule                           =    0
 Spin Multiplicity                            =    2
 Number of Occupied Orbitals (Alpha)          =   32
 Number of Occupied Orbitals (Beta )          =   31
 Total Number of Atoms                        =   16

 Input Run Options
 -----------------
 IRUNTYP = 1  MULT = 2  ICHARG =  0 IECP = 0  IEMOM = 1  UNITS = ANGS    

 Integral Options
 ----------------
 CUTOFF = 1.0E-09   ISCHWZ = 1   ERITYP = FULL

 Input NOF Options
 -----------------

 Type of calculation =    Coeff. Opt.:   (ICOEF)         1
 Use Softmax function for Occ. Opt.:     (ISOFTMAX)      1
 Type of Orb. Opt. = Orbital Rotations:  (IORBOPT)       4
 Maximum Number of Occ-Coef Outer Iter.: (MAXIT)      1000

 Natural Orbital Functional Selected:    (IPNOF)         7
 Spin-Multiplet, High-Spin State Option: (HighSpin)      F

 Restart calculation Option:             (RESTART)       T
 Orthogonalize the initial Orbitals:     (ORTHO)         T

 Output Option:                          (NPRINT)        0
 Output the Coefficient Matrix:          (IWRITEC)       0
 Do a Mulliken Population Analysis:      (IMULPOP)       0
 Write Information into a WFN file:      (IAIMPAC)       1
 Write Information into a FCHK file:     (IFCHK)         1
 Write Information into a MLP file:      (MOLDEN)        1
 Create Ini. Cond. (ini.xyz) file:       (INICOND)       1
 Calculate IPs using Ext. Koopmans Theo: (IEKT)          0
 Write APSG expansion coefficient file:  (APSG)          F
 Output option for Lagrange Multipliers: (PRINTLAG)      F
 Diagonalize matrix of Lag. Multipliers: (DIAGLAG)       F

 Nuclear Coordinates from GCF file:
 ----------------------------------

 Atom      Charge                Coordinates (Bohr)
                           x             y             z
 N        7.00000       -4.7711        0.5192       -0.0223
 N        7.00000       -2.1960        1.6074       -0.0619
 H        1.00000       -3.0407       -2.0576       -2.0669
 F        9.00000       -0.0929       -2.4700       -3.0344
 H        1.00000       -0.5981       -1.9851        1.7612
 H        1.00000        4.6955        1.0048        2.0228
 H        1.00000       -1.5827        1.7174       -1.9056
 B        5.00000        2.9842        1.4188        0.5760
 H        1.00000        2.6922        3.5993        0.0060
 B        5.00000       -0.0314        0.3218        1.7522
 H        1.00000       -0.3275        1.0264        3.8720
 AL      13.00000        2.0655       -2.2667       -0.5945
 H        1.00000        3.6558       -4.6694        0.0624
 O        8.00000       -4.7601       -1.6405       -1.3775
 H        1.00000        3.7461        0.4505       -1.5456
 H        1.00000       -2.4387        3.4236        0.5561

------------------------------------------------------------------------

 Orbital Space
 -------------

 Inactive Doubly occupied orbitals up to NO1  =    0
 No. considered Strongly Doubly occupied MOs  =   31
 No. considered Strongly Singly occupied MOs  =    1
 No. of Weakly occ. per St. Doubly occ.  MOs  =    3
 Dimension of the Active Nat. Orb. subspace   =  124
 Secondary Empty orbitals                     =   29

 1e- integrals
 -------------
 Time to do integrals =      0.01

 2e- integrals
 -------------
 DONTW option skips storage 2e- integrals on Unit 1
            49666698 2e- integrals in     1 records
 Time to do integrals =      3.09

 Distribution Full ERIs:

 Integrals:                          49666698
 Max size per slaves:                 6208338
 Max size in master:                 55875036

 No violations of the orthonormality


  RESULTS OF OCCUPATION-COEFFICIENT OPTIMIZATION
 ================================================

  Ex It  Orb It    Electronic Energy     Total Energy   Energy Convergency    Max Mul-Lag Diff

    1      10      -953.6367131576     -579.7293639397    -0.0268769936           0.145667
    2      10      -953.6907020378     -579.7833528198    -0.0539888802           0.092472
    3      10      -953.7063681473     -579.7990189293    -0.0156661095           0.100251
    4      10      -953.7194904285     -579.8121412105    -0.0131222812           0.080384
    5      10      -953.7278512386     -579.8205020207    -0.0083608102           0.091851
    6      10      -953.7371074570     -579.8297582391    -0.0092562184           0.083748
    7      10      -953.7404644192     -579.8331152012    -0.0033569622           0.102443
    8      10      -953.7428228293     -579.8354736113    -0.0023584101           0.101524
    9      10      -953.7447901133     -579.8374408953    -0.0019672839           0.090803
   10      10      -953.7464467717     -579.8390975538    -0.0016566585           0.088989
   11      10      -953.7458621838     -579.8385129658     0.0005845879           0.091872
   12      20      -953.7776845513     -579.8703353333    -0.0318223675           0.002810
   13      20      -953.7778052078     -579.8704559898    -0.0001206565           0.001754
   14      20      -953.7778626167     -579.8705133987    -0.0000574088           0.001769
   15      20      -953.7779055565     -579.8705563385    -0.0000429399           0.001754
   16      20      -953.7779444908     -579.8705952728    -0.0000389343           0.001522
   17      20      -953.7779778067     -579.8706285888    -0.0000333160           0.001580
   18      20      -953.7780046162     -579.8706553982    -0.0000268095           0.001648
   19      30      -953.7780449541     -579.8706957361    -0.0000403379           0.000546
   20      30      -953.7780622413     -579.8707130234    -0.0000172873           0.000563
   21      30      -953.7780752615     -579.8707260435    -0.0000130202           0.000557
   22      40      -953.7780918099     -579.8707425919    -0.0000165484           0.000108
   23      50      -953.7781055879     -579.8707563700    -0.0000137781           0.000017
   24      50      -953.7781078664     -579.8707586485    -0.0000022785           0.000059


  RESULTS OF THE OCCUPATION OPTIMIZATION
 ========================================

   OM     Occupation      Elag Diag

    1      1.9999996    -58.5053364
    2      1.9999618    -26.2961812
    3      1.9999165    -20.6474215
    4      1.9998443     -3.4727598
    5      1.9998317    -15.6938076
    6      1.9998296    -15.7188889
    7      1.9997798     -3.7086874
    8      1.9997476     -3.7488649
    9      1.9997455     -3.7408208
   10      1.9995968     -7.5571516
   11      1.9995948     -7.6029079
   12      1.9896751     -0.9660230
   13      1.9871017     -0.8496341
   14      1.9869519     -0.8558326
   15      1.9857434     -0.8681620
   16      1.9849757     -0.9799882
   17      1.9840237     -0.8402774
   18      1.9817724     -0.9416118
   19      1.9734858     -0.8507907
   20      1.9732101     -0.9449951
   21      1.9715891     -0.9303430
   22      1.9714114     -0.9442108
   23      1.9712396     -0.6254959
   24      1.9709648     -0.5669257
   25      1.9706690     -0.5455483
   26      1.9699066     -0.5592309
   27      1.9697892     -0.5362454
   28      1.9692617     -0.5087464
   29      1.9691082     -0.6066370
   30      1.9428170     -0.9033946
   31      1.9251116     -0.7856610
   32      1.0000000     -0.2777665
   33      0.0724148     -0.0469688
   34      0.0545948     -0.0428749
   35      0.0036328     -0.0031933
   36      0.0180729     -0.0107303
   37      0.0194042     -0.0119380
   38      0.0012696     -0.0012974
   39      0.0186943     -0.0116333
   40      0.0186204     -0.0119729
   41      0.0028117     -0.0027810
   42      0.0241664     -0.0215287
   43      0.0241093     -0.0214842
   44      0.0021171     -0.0031102
   45      0.0006576     -0.0011337
   46      0.0023114     -0.0029799
   47      0.0127600     -0.0109882
   48      0.0143903     -0.0163379
   49      0.0009796     -0.0015968
   50      0.0111760     -0.0127614
   51      0.0010975     -0.0019774
   52      0.0092235     -0.0116286
   53      0.0000176     -0.0001574
   54      0.0003651     -0.0032731
   55      0.0000195     -0.0000985
   56      0.0002136     -0.0009518
   57      0.0000172     -0.0000897
   58      0.0000072     -0.0001150
   59      0.0001645     -0.0027612
   60      0.0001153     -0.0004712
   61      0.0000805     -0.0017409
   62      0.0000368     -0.0009937
   63      0.0000001     -0.0000069
   64      0.0017659     -0.0023281
   65      0.0005179     -0.0009355
   66      0.0084744     -0.0064735
   67      0.0054882     -0.0039830
   68      0.0030203     -0.0027883
   69      0.0213374     -0.0120340
   70      0.0076029     -0.0055155
   71      0.0066284     -0.0050979
   72      0.0068634     -0.0055978
   73      0.0025914     -0.0034764
   74      0.0024233     -0.0032902
   75      0.0012123     -0.0019769
   76      0.0231862     -0.0185884
   77      0.0138752     -0.0094583
   78      0.0012474     -0.0020124
   79      0.0005288     -0.0010305
   80      0.0012802     -0.0020843
   81      0.0008708     -0.0017506
   82      0.0109150     -0.0124886
   83      0.0009211     -0.0019412
   84      0.0000204     -0.0001848
   85      0.0000177     -0.0001563
   86      0.0002169     -0.0009656
   87      0.0000202     -0.0001015
   88      0.0001823     -0.0008188
   89      0.0000029     -0.0000519
   90      0.0000019     -0.0000306
   91      0.0000184     -0.0000931
   92      0.0000018     -0.0000418
   93      0.0000008     -0.0000178
   94      0.0000001     -0.0000068
   95      0.0007078     -0.0011538
   96      0.0020703     -0.0027588
   97      0.0187846     -0.0121022
   98      0.0071772     -0.0047875
   99      0.0077864     -0.0056037
  100      0.0074863     -0.0050529
  101      0.0030339     -0.0028318
  102      0.0037864     -0.0034237
  103      0.0190853     -0.0126124
  104      0.0018308     -0.0025555
  105      0.0018782     -0.0026549
  106      0.0234605     -0.0221953
  107      0.0026703     -0.0033131
  108      0.0020410     -0.0027480
  109      0.0019689     -0.0026130
  110      0.0001052     -0.0002512
  111      0.0119967     -0.0108242
  112      0.0010014     -0.0018510
  113      0.0008857     -0.0017664
  114      0.0001803     -0.0003636
  115      0.0003672     -0.0033035
  116      0.0000205     -0.0001838
  117      0.0000181     -0.0000932
  118      0.0000186     -0.0000960
  119      0.0000207     -0.0001029
  120      0.0001603     -0.0027580
  121      0.0000019     -0.0000299
  122      0.0000220     -0.0001070
  123      0.0000013     -0.0000239
  124      0.0000007     -0.0000159
  125      0.0000001     -0.0000065

   RO Sum (  63) =   63.00

  ---------------
   Dipole Moment
  ---------------

      2.3878 Debye [   0.9394  (  -0.4056,   0.6747,  -0.5127) ]

 ----------------
  Final Energies  
 ----------------

  Final NOF Total Energy =     -579.8707586485 ( 6.E-05 , 0.E+00 )


  **************************************************
  *                                                *
  *       SINGLE-POINT DoNOF CALCULATION           *
  *                                                *
  *             FULL OPTIMIZATION                  *
  *                                                *
  *  FINAL RESULTS   FINAL RESULTS  FINAL RESULTS  *
  *                                                *
  **************************************************

  **************************************************
  *         No. EXTERNAL ITER =    24              *
  *         No. of TOTAL ITER =   480              *
  **************************************************

  Elapsed real time :   5293.65  (Seconds)
  Git sha : bcb372acca69df19ae91719c988dea244a3c3d1c                                                            

 The execution finished at 11h 24min on the 12/ 5/2024
