 This is the parallel version of the code
 This is the parallel version of the code
 This is the parallel version of the code
 This is the parallel version of the code
 This is the parallel version of the code
 This is the parallel version of the code
 This is the parallel version of the code
 This is the parallel version of the code
Master:    0

 The execution started at 15h 32min on the  1/ 6/2025

    ===========================================================
    !                                                         !
    !                        Do N O F                         !
    !                                                         !
    !  (Donostia Natural Orbital Functional Software Program) !
    !                                                         !
    !               COPYRIGHT by Mario Piris                  !
    !                                                         !
    !      Donostia International Physics Center (DIPC)       !
    !       University of the Basque Country (UPV/EHU)        !
    !       Basque Foundation for Science (IKERBASQUE)        !
    !                                                         !
    !          GNU General Public License version 3           !
    !                                                         !
    !                  VERSION: Mayo 2024                     !
    !                                                         !
    ===========================================================

 Run Title
 ---------
 p30-20 set                                                                      

 Basis Set
 ---------
 /beegfs_agamede/gscratch/povmieci/SCRATCH/83419/def2-svp.bas                    

 Atom      Charge                Coordinates (Bohr)
                           x             y             z
 C           6.0       -0.0215       -0.6716       -4.7508
 O           8.0        1.3779       -3.2482        3.8390
 H           1.0       -2.2399        1.6455        3.4277
 LI          3.0       -0.8762       -2.7407        1.4372
 MG         12.0        1.2949        1.8647       -1.0454
 AL         13.0       -3.6577        0.4544       -1.4157
 C           6.0       -0.2325       -1.8327       -2.4340
 H           1.0        0.3037       -3.8423       -2.4488
 H           1.0       -3.3616        4.2006        1.6335
 H           1.0        0.4937       -1.5625       -6.5361
 F           9.0        4.3857        1.8613        0.5618
 S          16.0       -1.1755        2.4946       -4.9020
 C           6.0       -1.8662        2.7633        1.7157
 H           1.0        1.0236       -4.2438        5.3242
 NA         11.0        4.7119       -1.0365        3.3557
 H           1.0       -0.1605        3.8939        2.2378

 Atomic Basis Set
 ----------------
 The contracted primitive functions were unnormalized
 The contracted basis functions are now normalized to unity

  Shell Type  Primitive         Exponent  Contraction Coefficient

 C         

      1   S       1          1238.4016938    0.005517365048
      1   S       2           186.2900499    0.041088828556
      1   S       3            42.2511763    0.182253821265
      1   S       4            11.6765579    0.468284594374
      1   S       5             3.5930506    0.445758173360

      2   S       6             0.4024515    1.000000000000

      3   S       7             0.1309018    1.000000000000

      4   P       8             9.4680971    0.056888332011
      4   P       9             2.0103545    0.312940593365
      4   P      10             0.5477100    0.760650165091

      5   P      11             0.1526861    1.000000000000

      6   D      12             0.8000000    1.000000000000

 O         

      7   S      13          2266.1767785   -0.005389350392
      7   S      14           340.8701019   -0.040234721389
      7   S      15            77.3631352   -0.180081842055
      7   S      16            21.4796449   -0.468288576577
      7   S      17             6.6589433   -0.446926171602

      8   S      18             0.8097598    1.000000000000

      9   S      19             0.2553077    1.000000000000

     10   P      20            17.7215043    0.062630248763
     10   P      21             3.8635505    0.333311384824
     10   P      22             1.0480921    0.741486383081

     11   P      23             0.2764154    1.000000000000

     12   D      24             1.2000000    1.000000000000

 H         

     13   S      25            13.0107010    0.033485484813
     13   S      26             1.9622572    0.234721870881
     13   S      27             0.4445380    0.813770285260

     14   S      28             0.1219496    1.000000000000

     15   P      29             0.8000000    1.000000000000

 LI        

     16   S      30           266.2778552    0.006354286535
     16   S      31            40.0697834    0.046734889363
     16   S      32             9.0559944    0.198387923560
     16   S      33             2.4503009    0.475753833454
     16   S      34             0.7220957    0.427014289368

     17   S      35             0.0528109    1.000000000000

     18   S      36             0.0209609    1.000000000000

     19   P      37             1.4500000    0.224912327222
     19   P      38             0.3000000    0.869730577039

     20   P      39             0.0820000    1.000000000000

 MG        

     21   S      40          4953.8339196   -0.005730348253
     21   S      41           745.1804415   -0.042769871122
     21   S      42           169.2160497   -0.191096515460
     21   S      43            47.3006720   -0.482411503269
     21   S      44            14.4613370   -0.422007266852

     22   S      45            24.7681748    0.087115605721
     22   S      46             2.4940945   -0.546373693218
     22   S      47             0.8780758   -0.529320757859

     23   S      48             0.0872128    1.000000000000

     24   S      49             0.0335993    1.000000000000

     25   P      50            98.0530105   -0.014480564601
     25   P      51            22.5869323   -0.095495750787
     25   P      52             6.8391510   -0.307876726509
     25   P      53             2.2332844   -0.499362928859
     25   P      54             0.7160660   -0.315034762129

     26   P      55             0.1891480    1.000000000000

     27   P      56             0.0537688    1.000000000000

     28   D      57             0.1010000    1.000000000000

 AL        

     29   S      58          5887.5727030    0.005651978962
     29   S      59           885.6122600    0.042218253427
     29   S      60           201.1360490    0.189187196726
     29   S      61            56.2849747    0.480435911881
     29   S      62            17.2295512    0.425872684294

     30   S      63            29.3402499    0.088568603239
     30   S      64             3.0439630   -0.543157066723
     30   S      65             1.1285540   -0.529385510294

     31   S      66             0.1423418    1.000000000000

     32   S      67             0.0544002    1.000000000000

     33   P      68           145.1191881    0.010726377859
     33   P      69            33.7178948    0.074103623546
     33   P      70            10.3698631    0.261296213060
     33   P      71             3.5135616    0.480201235327
     33   P      72             1.1980050    0.384382240624

     34   P      73             0.2658301    1.000000000000

     35   P      74             0.0710034    1.000000000000

     36   D      75             0.3000000    1.000000000000

 C         

     37   S      76          1238.4016938    0.005517365048
     37   S      77           186.2900499    0.041088828556
     37   S      78            42.2511763    0.182253821265
     37   S      79            11.6765579    0.468284594374
     37   S      80             3.5930506    0.445758173360

     38   S      81             0.4024515    1.000000000000

     39   S      82             0.1309018    1.000000000000

     40   P      83             9.4680971    0.056888332011
     40   P      84             2.0103545    0.312940593365
     40   P      85             0.5477100    0.760650165091

     41   P      86             0.1526861    1.000000000000

     42   D      87             0.8000000    1.000000000000

 H         

     43   S      88            13.0107010    0.033485484813
     43   S      89             1.9622572    0.234721870881
     43   S      90             0.4445380    0.813770285260

     44   S      91             0.1219496    1.000000000000

     45   P      92             0.8000000    1.000000000000

 H         

     46   S      93            13.0107010    0.033485484813
     46   S      94             1.9622572    0.234721870881
     46   S      95             0.4445380    0.813770285260

     47   S      96             0.1219496    1.000000000000

     48   P      97             0.8000000    1.000000000000

 H         

     49   S      98            13.0107010    0.033485484813
     49   S      99             1.9622572    0.234721870881
     49   S     100             0.4445380    0.813770285260

     50   S     101             0.1219496    1.000000000000

     51   P     102             0.8000000    1.000000000000

 F         

     52   S     103          2894.8325990   -0.005349321176
     52   S     104           435.4193912   -0.039967734372
     52   S     105            98.8433289   -0.179412617888
     52   S     106            27.4851980   -0.468324686869
     52   S     107             8.5405498   -0.447241605328

     53   S     108             1.0654578    1.000000000000

     54   S     109             0.3324735    1.000000000000

     55   P     110            22.6966339   -0.064782148241
     55   P     111             4.9872339   -0.340357853553
     55   P     112             1.3491614   -0.734858153660

     56   P     113             0.3482988    1.000000000000

     57   D     114             1.4000000    1.000000000000

 S         

     58   S     115          9184.9303010   -0.005472946613
     58   S     116          1381.5105503   -0.040954402155
     58   S     117           313.8714758   -0.184758289562
     58   S     118            88.0538706   -0.475672806440
     58   S     119            27.0399149   -0.434951535842

     59   S     120            45.6487313   -0.091904045809
     59   S     121             4.9664522    0.556987772145
     59   S     122             2.0116242    0.511154682985

     60   S     123             0.3566108    1.000000000000

     61   S     124             0.1350722    1.000000000000

     62   P     125           261.9823344   -0.009183054659
     62   P     126            61.3068947   -0.065902226526
     62   P     127            19.1037299   -0.245877845187
     62   P     128             6.6567720   -0.482314710760
     62   P     129             2.3959635   -0.389563143514

     63   P     130             0.6177616    1.000000000000

     64   P     131             0.1699338    1.000000000000

     65   D     132             0.5500000    1.000000000000

 C         

     66   S     133          1238.4016938    0.005517365048
     66   S     134           186.2900499    0.041088828556
     66   S     135            42.2511763    0.182253821265
     66   S     136            11.6765579    0.468284594374
     66   S     137             3.5930506    0.445758173360

     67   S     138             0.4024515    1.000000000000

     68   S     139             0.1309018    1.000000000000

     69   P     140             9.4680971    0.056888332011
     69   P     141             2.0103545    0.312940593365
     69   P     142             0.5477100    0.760650165091

     70   P     143             0.1526861    1.000000000000

     71   D     144             0.8000000    1.000000000000

 H         

     72   S     145            13.0107010    0.033485484813
     72   S     146             1.9622572    0.234721870881
     72   S     147             0.4445380    0.813770285260

     73   S     148             0.1219496    1.000000000000

     74   P     149             0.8000000    1.000000000000

 NA        

     75   S     150          4098.2003908   -0.005829734404
     75   S     151           616.4937403   -0.043469274339
     75   S     152           139.9664400   -0.193522713755
     75   S     153            39.0734411   -0.484866458138
     75   S     154            11.9298472   -0.417110128653

     76   S     155            20.6599660    0.085768706785
     76   S     156             1.9838861   -0.562404693737
     76   S     157             0.6483632   -0.518446102123

     77   S     158             0.0524440    1.000000000000

     78   S     159             0.0280482    1.000000000000

     79   P     160            75.4018620    0.015435362532
     79   P     161            17.2748190    0.099738293184
     79   P     162             5.1842347    0.312095939659
     79   P     163             1.6601212    0.492956748074
     79   P     164             0.5123253    0.324203983180

     80   P     165             0.0520000    1.000000000000

     81   D     166             0.1310000    1.000000000000

 H         

     82   S     167            13.0107010    0.033485484813
     82   S     168             1.9622572    0.234721870881
     82   S     169             0.4445380    0.813770285260

     83   S     170             0.1219496    1.000000000000

     84   P     171             0.8000000    1.000000000000

 Total Number of Basis Set Shells             =   84
 Total Number of Primitives                   =  171
 Number of Cartesian Gaussian Basis Functions =  187
 Number of Electrons                          =   96
 Charge of Molecule                           =    0
 Spin Multiplicity                            =    1
 Number of Occupied Orbitals (Alpha)          =   48
 Number of Occupied Orbitals (Beta )          =   48
 Total Number of Atoms                        =   16

 Input Run Options
 -----------------
 IRUNTYP = 1  MULT = 1  ICHARG =  0 IECP = 0  IEMOM = 1  UNITS = ANGS    

 Integral Options
 ----------------
 CUTOFF = 1.0E-09   ISCHWZ = 1   ERITYP = FULL

 Input NOF Options
 -----------------

 Type of calculation =    Coeff. Opt.:   (ICOEF)         1
 Trigonometric functions for Occ. Opt.:  (ISOFTMAX)      0
 Type of Orb. Opt. = Orbital Rotations:  (IORBOPT)       4
 Maximum Number of Occ-Coef Outer Iter.: (MAXIT)      1000

 Natural Orbital Functional Selected:    (IPNOF)         7

 Restart calculation Option:             (RESTART)       T
 Orthogonalize the initial Orbitals:     (ORTHO)         T

 Output Option:                          (NPRINT)        0
 Output the Coefficient Matrix:          (IWRITEC)       0
 Do a Mulliken Population Analysis:      (IMULPOP)       0
 Write Information into a WFN file:      (IAIMPAC)       1
 Write Information into a FCHK file:     (IFCHK)         1
 Write Information into a MLP file:      (MOLDEN)        1
 Create Ini. Cond. (ini.xyz) file:       (INICOND)       1
 Calculate IPs using Ext. Koopmans Theo: (IEKT)          0
 Write APSG expansion coefficient file:  (APSG)          F
 Output option for Lagrange Multipliers: (PRINTLAG)      F
 Diagonalize matrix of Lag. Multipliers: (DIAGLAG)       F

 Nuclear Coordinates from GCF file:
 ----------------------------------

 Atom      Charge                Coordinates (Bohr)
                           x             y             z
 C        6.00000       -0.0215       -0.6716       -4.7508
 O        8.00000        1.3779       -3.2482        3.8390
 H        1.00000       -2.2399        1.6455        3.4277
 LI       3.00000       -0.8762       -2.7407        1.4372
 MG      12.00000        1.2949        1.8647       -1.0454
 AL      13.00000       -3.6577        0.4544       -1.4157
 C        6.00000       -0.2325       -1.8327       -2.4340
 H        1.00000        0.3037       -3.8423       -2.4488
 H        1.00000       -3.3616        4.2006        1.6335
 H        1.00000        0.4937       -1.5625       -6.5361
 F        9.00000        4.3857        1.8613        0.5618
 S       16.00000       -1.1755        2.4946       -4.9020
 C        6.00000       -1.8662        2.7633        1.7157
 H        1.00000        1.0236       -4.2438        5.3242
 NA      11.00000        4.7119       -1.0365        3.3557
 H        1.00000       -0.1605        3.8939        2.2378

------------------------------------------------------------------------

 Orbital Space
 -------------

 Inactive Doubly occupied orbitals up to NO1  =    0
 No. considered Strongly Doubly occupied MOs  =   48
 No. considered Strongly Singly occupied MOs  =    0
 No. of Weakly occ. per St. Doubly occ.  MOs  =    2
 Dimension of the Active Nat. Orb. subspace   =  144
 Secondary Empty orbitals                     =   43

 1e- integrals
 -------------
 Time to do integrals =      0.01
 Guess for MOs = HCORE
        13 MOs were matched and         0 equalized to zero

 2e- integrals
 -------------
 DONTW option skips storage 2e- integrals on Unit 1
            90808898 2e- integrals in     1 records
 Time to do integrals =      5.65

 RHF SCF Calculation
 -------------------
 EXTRAP=T  DAMP=T  DIIS=T
 DMat Conv = 1.0E-05  Ener Tol = 1.0E-08
 Ener Conv = 1.0E-10  DMat Tol = 2.0E-05
 DIIS Conv = 1.0E-07  DMat Tol = 2.0E-05

 ITER      TOTAL ENERGY        E CHANGE     DEN. CHANGE    DIIS ERROR
   1    -1204.9335809352 -1204.9335809352  61.036549198   1.367512818
   2    -1000.2147785996   204.7188023356  20.464011477   1.567843969
   3    -1239.0165346173  -238.8017560177   0.003465220   0.590426103
   4    -1239.0262991322    -0.0097645149   0.045613427   0.590399397
   5    -1239.1691150151    -0.1428158829   0.045486179   0.590013801
   6    -1239.2972687704    -0.1281537553   0.056369833   0.589671570
   7    -1239.4465572597    -0.1492884893   0.056282397   0.589269329
   8    -1239.5899413019    -0.1433840422   0.060931425   0.588871929
   9    -1239.7414966596    -0.1515553577   0.060865617   0.588434399
  10    -1239.8904734908    -0.1489768312   0.062930918   0.587983359
  11    -1240.0427851030    -0.1523116122   0.062882420   0.587499269
  12    -1240.1937072890    -0.1509221860   0.064004706   0.586997178
  13    -1240.3463377918    -0.1526305028   0.063976231   0.586469791
  14    -1240.4981618147    -0.1518240229   0.064645746   0.585932948
  15    -1240.6511540516    -0.1529922369   0.064678431   0.585396069
  16    -1240.8045427380    -0.1533886864   0.064911715   0.584901525
  17    -1240.9617166096    -0.1571738716   0.067358819   0.584556087
  18    -1241.1538905892    -0.1921739796   0.980023264   0.584812540
  19    -1247.8181115883    -6.6642209991   0.073754634   0.521896254
  20    -1248.2669433695    -0.4488317812   0.287963867   0.525094129
  21    -1249.1414947697    -0.8745514002   0.075361276   0.540481741
  22    -1249.2733745801    -0.1318798105   1.146506093   0.539491176
  23    -1251.0637434738    -1.7903688937   2.624207389   0.515556824
  24    -1255.2525942012    -4.1888507274   1.101729564   0.537706753
  25    -1256.9165645913    -1.6639703900   5.048648939   0.534448494
  26    -1266.9670422998   -10.0504777085  13.321230274   0.376304784
  27     -979.6742200115   287.2928222883   2.289481226   2.010785943
  28    -1154.8100632444  -175.1358432329   2.859118874   1.296435269
  29    -1191.3492529337   -36.5391896893   2.759046756   1.068531559
  30    -1225.0218489537   -33.6725960200   5.470527074   0.787782619
  31    -1258.2608462255   -33.2389972718   1.608807950   0.612978516
  32    -1275.4721318073   -17.2112855818   1.342640033   0.496964426
  33    -1283.0525108730    -7.5803790657   2.125662070   0.486551404
  34    -1297.5143815818   -14.4618707088   0.571635194   0.217655163
  35    -1299.1242947335    -1.6099131517   0.294277175   0.081695860
  36    -1299.3918842866    -0.2675895531   0.067750265   0.019185127
  37    -1299.4109451793    -0.0190608928   0.045375098   0.005703813
  38    -1299.4132536937    -0.0023085144   0.018347419   0.002773514
  39    -1299.4138186990    -0.0005650053   0.010673860   0.000887679
  40    -1299.4139116709    -0.0000929719   0.004481759   0.000386163
  41    -1299.4139246951    -0.0000130242   0.003063566   0.000187491
  42    -1299.4139278678    -0.0000031726   0.000997288   0.000077444
  43    -1299.4139284020    -0.0000005343   0.000364634   0.000035904
  44    -1299.4139285348    -0.0000001328   0.000072707   0.000010661
  45    -1299.4139285511    -0.0000000163   0.000029643   0.000003657
  46    -1299.4139285528    -0.0000000016   0.000008879   0.000001284

          -----------------
          DENSITY CONVERGED
          -----------------

 FINAL RHF ENERGY IS    -1299.4139285528 AFTER  46 ITERATIONS

         WAVEFUNCTION NORMALIZATION =       1.0000000000

                ONE ELECTRON ENERGY =   -3247.4769133096
                TWO ELECTRON ENERGY =    1225.9256372228
           NUCLEAR REPULSION ENERGY =     722.1373475341
                                      ------------------
                   RHF TOTAL ENERGY =   -1299.4139285528

 ELECTRON-ELECTRON POTENTIAL ENERGY =    1225.9256372228
  NUCLEUS-ELECTRON POTENTIAL ENERGY =   -4543.6006806902
   NUCLEUS-NUCLEUS POTENTIAL ENERGY =     722.1373475341
                                      ------------------
             TOTAL POTENTIAL ENERGY =   -2595.5376959334
               TOTAL KINETIC ENERGY =    1296.1237673806
                 VIRIAL RATIO (V/T) =       2.0025384622

 Distribution Full ERIs:

 Integrals:                          90808898
 Max size per slaves:                11351114
 Max size in master:                102160012

 No violations of the orthonormality


  RESULTS OF OCCUPATION-COEFFICIENT OPTIMIZATION
 ================================================

  Ex It  Orb It    Electronic Energy     Total Energy   Energy Convergency    Max Mul-Lag Diff

    1      10     -2022.0164420330    -1299.8790944990     0.0000000000           0.004708
    2      20     -2022.0237988496    -1299.8864513155    -0.0073568166           0.001936
    3      20     -2022.0265761126    -1299.8892285785    -0.0027772629           0.002542
    4      20     -2022.0277453052    -1299.8903977711    -0.0011691926           0.002927
    5      20     -2022.0284455783    -1299.8910980443    -0.0007002731           0.003171
    6      20     -2022.0289572082    -1299.8916096741    -0.0005116298           0.003022
    7      20     -2022.0293608170    -1299.8920132829    -0.0004036089           0.002529
    8      20     -2022.0296816980    -1299.8923341639    -0.0003208810           0.002610
    9      20     -2022.0299543147    -1299.8926067806    -0.0002726167           0.002895
   10      20     -2022.0302010186    -1299.8928534845    -0.0002467039           0.003254
   11      20     -2022.0304425494    -1299.8930950153    -0.0002415308           0.003998
   12      20     -2022.0307105610    -1299.8933630269    -0.0002680116           0.003972
   13      20     -2022.0310061695    -1299.8936586354    -0.0002956085           0.004014
   14      20     -2022.0312845834    -1299.8939370493    -0.0002784139           0.003904
   15      20     -2022.0315207822    -1299.8941732481    -0.0002361988           0.003990
   16      20     -2022.0317050508    -1299.8943575167    -0.0001842686           0.004196
   17      20     -2022.0318530038    -1299.8945054697    -0.0001479530           0.004104
   18      20     -2022.0319765190    -1299.8946289849    -0.0001235152           0.003426
   19      20     -2022.0320981271    -1299.8947505930    -0.0001216081           0.003591
   20      20     -2022.0322112405    -1299.8948637064    -0.0001131134           0.003201
   21      20     -2022.0323167851    -1299.8949692510    -0.0001055446           0.003454
   22      20     -2022.0324152504    -1299.8950677163    -0.0000984653           0.002991
   23      20     -2022.0325070805    -1299.8951595465    -0.0000918302           0.003240
   24      20     -2022.0325834480    -1299.8952359139    -0.0000763674           0.003318
   25      20     -2022.0326517886    -1299.8953042545    -0.0000683406           0.003384
   26      20     -2022.0327050915    -1299.8953575574    -0.0000533029           0.003036
   27      20     -2022.0327498124    -1299.8954022783    -0.0000447209           0.003348
   28      20     -2022.0327814399    -1299.8954339059    -0.0000316276           0.003088
   29      20     -2022.0327944931    -1299.8954469590    -0.0000130532           0.003120
   30      30     -2022.0328527419    -1299.8955052078    -0.0000582488           0.000909
   31      40     -2022.0328666632    -1299.8955191291    -0.0000139214           0.000162
   32      40     -2022.0328713134    -1299.8955237793    -0.0000046502           0.000157
   33      50     -2022.0328741197    -1299.8955265857    -0.0000028063           0.000026
   34      60     -2022.0328765593    -1299.8955290252    -0.0000024395           0.000004
   35      60     -2022.0328766580    -1299.8955291239    -0.0000000987           0.000011


  RESULTS OF THE OCCUPATION OPTIMIZATION
 ========================================

   OM     Occupation      Elag Diag

    1      1.9999999    -91.8955306
    2      1.9999997    -53.8288653
    3      1.9999996    -48.2320656
    4      1.9999994    -45.8643391
    5      1.9999688     -6.6135697
    6      1.9999571    -26.2398409
    7      1.9999227     -7.3953082
    8      1.9999137    -20.4900197
    9      1.9999072     -7.3018275
   10      1.9998821     -7.4410252
   11      1.9997674     -1.7452566
   12      1.9997663     -2.6755454
   13      1.9997477     -2.5028045
   14      1.9997366     -2.6954700
   15      1.9997335    -11.2073716
   16      1.9997281     -1.7272450
   17      1.9997244     -3.6474843
   18      1.9997231    -11.1939030
   19      1.9997154     -2.6694297
   20      1.9997095     -1.7784978
   21      1.9997045    -11.2579092
   22      1.9997037     -2.6445854
   23      1.9996946     -3.7879601
   24      1.9996654     -3.7469586
   25      1.9996570     -2.7588591
   26      1.9992945     -2.4001787
   27      1.9877479     -0.8456697
   28      1.9861208     -0.8371015
   29      1.9858569     -0.8401550
   30      1.9856889     -0.8389691
   31      1.9855189     -0.6642030
   32      1.9815503     -0.6555494
   33      1.9811712     -0.6668793
   34      1.9809309     -0.6405357
   35      1.9803398     -0.5929096
   36      1.9773581     -0.8291988
   37      1.9746572     -0.5759033
   38      1.9738562     -0.4794260
   39      1.9736772     -0.5170581
   40      1.9719688     -0.6441649
   41      1.9719361     -0.6384787
   42      1.9712301     -0.6567396
   43      1.9712015     -0.7073907
   44      1.9706945     -0.7950577
   45      1.9693765     -0.6773489
   46      1.9463577     -0.6070446
   47      1.8603358     -0.2673099
   48      1.8118862     -0.3927074
   49      0.1852315     -0.0554218
   50      0.0938789     -0.0204543
   51      0.0490096     -0.0256950
   52      0.0248950     -0.0171440
   53      0.0262439     -0.0219151
   54      0.0243887     -0.0174192
   55      0.0233278     -0.0159843
   56      0.0225781     -0.0155086
   57      0.0227111     -0.0156690
   58      0.0230496     -0.0126707
   59      0.0121972     -0.0066737
   60      0.0226088     -0.0125468
   61      0.0177977     -0.0147621
   62      0.0137158     -0.0075933
   63      0.0011384     -0.0018204
   64      0.0175662     -0.0145688
   65      0.0010882     -0.0017659
   66      0.0085514     -0.0055948
   67      0.0133476     -0.0143884
   68      0.0131818     -0.0142765
   69      0.0130098     -0.0141024
   70      0.0113647     -0.0128439
   71      0.0003384     -0.0010281
   72      0.0003096     -0.0009341
   73      0.0003045     -0.0012807
   74      0.0002848     -0.0012370
   75      0.0000390     -0.0001549
   76      0.0000118     -0.0001463
   77      0.0001841     -0.0004193
   78      0.0002476     -0.0007834
   79      0.0002623     -0.0034445
   80      0.0000302     -0.0001369
   81      0.0001855     -0.0004066
   82      0.0000000      0.0000000
   83      0.0002287     -0.0007258
   84      0.0001369     -0.0003265
   85      0.0000320     -0.0001345
   86      0.0001344     -0.0003249
   87      0.0000062     -0.0000556
   88      0.0000063     -0.0000573
   89      0.0000820     -0.0017923
   90      0.0000073     -0.0000615
   91      0.0000420     -0.0011371
   92      0.0000114     -0.0000751
   93      0.0000003     -0.0000121
   94      0.0000002     -0.0000095
   95      0.0000002     -0.0000076
   96      0.0000000      0.0000000
   97      0.0028824     -0.0019090
   98      0.0457853     -0.0112797
   99      0.0046327     -0.0036642
  100      0.0057286     -0.0052364
  101      0.0030615     -0.0037354
  102      0.0044098     -0.0043750
  103      0.0054421     -0.0049042
  104      0.0054858     -0.0049026
  105      0.0053201     -0.0048158
  106      0.0032732     -0.0025425
  107      0.0139467     -0.0071939
  108      0.0027340     -0.0024739
  109      0.0048442     -0.0049258
  110      0.0059443     -0.0039134
  111      0.0179307     -0.0145280
  112      0.0012626     -0.0020147
  113      0.0173615     -0.0143703
  114      0.0059298     -0.0039508
  115      0.0009635     -0.0020060
  116      0.0009613     -0.0020037
  117      0.0008694     -0.0017836
  118      0.0008874     -0.0017958
  119      0.0003672     -0.0010564
  120      0.0000335     -0.0001359
  121      0.0000301     -0.0001338
  122      0.0000207     -0.0001101
  123      0.0002574     -0.0008262
  124      0.0002837     -0.0036831
  125      0.0001064     -0.0002642
  126      0.0000370     -0.0001513
  127      0.0000146     -0.0001811
  128      0.0002454     -0.0010031
  129      0.0000864     -0.0002319
  130      0.0002665     -0.0034760
  131      0.0000347     -0.0001427
  132      0.0001154     -0.0002806
  133      0.0002017     -0.0006484
  134      0.0000981     -0.0002514
  135      0.0001116     -0.0008904
  136      0.0000865     -0.0006727
  137      0.0000043     -0.0000899
  138      0.0000701     -0.0005414
  139      0.0000010     -0.0000249
  140      0.0000198     -0.0001193
  141      0.0000003     -0.0000106
  142      0.0000002     -0.0000084
  143      0.0000002     -0.0000075
  144      0.0000001     -0.0000046

   RO Sum (  96) =   96.00

  ---------------
   Dipole Moment
  ---------------

      8.2507 Debye [   3.2461  (   2.5987,  -0.8846,   1.7324) ]

 ----------------
  Final Energies  
 ----------------

  Final NOF Total Energy =    -1299.8955291239 ( 1.E-05 , 0.E+00 )


  **************************************************
  *                                                *
  *       SINGLE-POINT DoNOF CALCULATION           *
  *                                                *
  *             FULL OPTIMIZATION                  *
  *                                                *
  *  FINAL RESULTS   FINAL RESULTS  FINAL RESULTS  *
  *                                                *
  **************************************************

  **************************************************
  *         No. EXTERNAL ITER =    35              *
  *         No. of TOTAL ITER =   850              *
  **************************************************

  Elapsed real time :  20849.96  (Seconds)
  Git sha : bcb372acca69df19ae91719c988dea244a3c3d1c                                                            

 The execution finished at 21h 23min on the  1/ 6/2025
