 This is the serial version of the code

 The execution started at 17h 18min on the 12/ 4/2024

    ===========================================================
    !                                                         !
    !                        Do N O F                         !
    !                                                         !
    !  (Donostia Natural Orbital Functional Software Program) !
    !                                                         !
    !               COPYRIGHT by Mario Piris                  !
    !                                                         !
    !      Donostia International Physics Center (DIPC)       !
    !       University of the Basque Country (UPV/EHU)        !
    !       Basque Foundation for Science (IKERBASQUE)        !
    !                                                         !
    !          GNU General Public License version 3           !
    !                                                         !
    !                  VERSION: Mayo 2024                     !
    !                                                         !
    ===========================================================

 Run Title
 ---------
 p30-5 set                                                                       

 Basis Set
 ---------
 /home/ion/P30-20/pnof7/def2-svp.bas                                             

 Atom      Charge                Coordinates (Bohr)
                           x             y             z
 S          16.0        0.0000        0.0000       -1.8028
 S          16.0        0.0000        0.0000        1.8028

 Atomic Basis Set
 ----------------
 The contracted primitive functions were unnormalized
 The contracted basis functions are now normalized to unity

  Shell Type  Primitive         Exponent  Contraction Coefficient

 S         
 
      1   S       1          9184.9303010   -0.005472946613
      1   S       2          1381.5105503   -0.040954402155
      1   S       3           313.8714758   -0.184758289562
      1   S       4            88.0538706   -0.475672806440
      1   S       5            27.0399149   -0.434951535842
 
      2   S       6            45.6487313   -0.091904045809
      2   S       7             4.9664522    0.556987772145
      2   S       8             2.0116242    0.511154682985
 
      3   S       9             0.3566108    1.000000000000
 
      4   S      10             0.1350722    1.000000000000
 
      5   P      11           261.9823344   -0.009183054659
      5   P      12            61.3068947   -0.065902226526
      5   P      13            19.1037299   -0.245877845187
      5   P      14             6.6567720   -0.482314710760
      5   P      15             2.3959635   -0.389563143514
 
      6   P      16             0.6177616    1.000000000000
 
      7   P      17             0.1699338    1.000000000000
 
      8   D      18             0.5500000    1.000000000000

 S         
 
      9   S      19          9184.9303010   -0.005472946613
      9   S      20          1381.5105503   -0.040954402155
      9   S      21           313.8714758   -0.184758289562
      9   S      22            88.0538706   -0.475672806440
      9   S      23            27.0399149   -0.434951535842
 
     10   S      24            45.6487313   -0.091904045809
     10   S      25             4.9664522    0.556987772145
     10   S      26             2.0116242    0.511154682985
 
     11   S      27             0.3566108    1.000000000000
 
     12   S      28             0.1350722    1.000000000000
 
     13   P      29           261.9823344   -0.009183054659
     13   P      30            61.3068947   -0.065902226526
     13   P      31            19.1037299   -0.245877845187
     13   P      32             6.6567720   -0.482314710760
     13   P      33             2.3959635   -0.389563143514
 
     14   P      34             0.6177616    1.000000000000
 
     15   P      35             0.1699338    1.000000000000
 
     16   D      36             0.5500000    1.000000000000

 Total Number of Basis Set Shells             =   16
 Total Number of Primitives                   =   36
 Number of Cartesian Gaussian Basis Functions =   38
 Number of Electrons                          =   32
 Charge of Molecule                           =    0
 Spin Multiplicity                            =    3
 Number of Occupied Orbitals (Alpha)          =   17
 Number of Occupied Orbitals (Beta )          =   15
 Total Number of Atoms                        =    2

 Input Run Options
 -----------------
 IRUNTYP = 1  MULT = 3  ICHARG =  0 IECP = 0  IEMOM = 1  UNITS = ANGS    

 Integral Options
 ----------------
 CUTOFF = 1.0E-09   ISCHWZ = 0   ERITYP = FULL

 Input NOF Options
 -----------------

 Type of calculation =    Coeff. Opt.:   (ICOEF)         1
 Use Softmax function for Occ. Opt.:     (ISOFTMAX)      1
 Type of Orb. Opt. = Orbital Rotations:  (IORBOPT)       4
 Maximum Number of Occ-Coef Outer Iter.: (MAXIT)      1000

 Natural Orbital Functional Selected:    (IPNOF)         7
 Spin-Multiplet, High-Spin State Option: (HighSpin)      F
 
 Restart calculation Option:             (RESTART)       T
 Orthogonalize the initial Orbitals:     (ORTHO)         T

 Output Option:                          (NPRINT)        0
 Output the Coefficient Matrix:          (IWRITEC)       0
 Do a Mulliken Population Analysis:      (IMULPOP)       0
 Write Information into a WFN file:      (IAIMPAC)       1
 Write Information into a FCHK file:     (IFCHK)         1
 Write Information into a MLP file:      (MOLDEN)        1
 Create Ini. Cond. (ini.xyz) file:       (INICOND)       1
 Calculate IPs using Ext. Koopmans Theo: (IEKT)          0
 Write APSG expansion coefficient file:  (APSG)          F
 Output option for Lagrange Multipliers: (PRINTLAG)      F
 Diagonalize matrix of Lag. Multipliers: (DIAGLAG)       F

 Nuclear Coordinates from GCF file:
 ----------------------------------

 Atom      Charge                Coordinates (Bohr)
                           x             y             z
 S       16.00000        0.0000        0.0000       -1.8028
 S       16.00000        0.0000        0.0000        1.8028

------------------------------------------------------------------------

 Orbital Space
 -------------

 Inactive Doubly occupied orbitals up to NO1  =    0
 No. considered Strongly Doubly occupied MOs  =   15
 No. considered Strongly Singly occupied MOs  =    2
 No. of Weakly occ. per St. Doubly occ.  MOs  =    1
 Dimension of the Active Nat. Orb. subspace   =   30
 Secondary Empty orbitals                     =    6

 1e- integrals
 -------------
 Time to do integrals =      0.00

 2e- integrals
 -------------
 DONTW option skips storage 2e- integrals on Unit 1
               68698 2e- integrals in     1 records
 Time to do integrals =      0.06

 No violations of the orthonormality


  RESULTS OF OCCUPATION-COEFFICIENT OPTIMIZATION
 ================================================

  Ex It  Occ Time  Orb Time  Orb It   Electronic Energy     Total Energy   Energy Convergency    Max Mul-Lag Diff

    1    9.0E-02   5.9E-01      10    -865.8616507157     -794.8614803787    -0.0015636375           0.116995
    2    6.6E-02   6.0E-01      10    -865.8753369066     -794.8751665696    -0.0136861909           0.080145
    3    6.8E-02   6.1E-01      10    -865.8789320225     -794.8787616855    -0.0035951159           0.102113
    4    6.7E-02   5.8E-01      10    -865.8843772539     -794.8842069169    -0.0054452314           0.120532
    5    6.4E-02   5.9E-01      10    -865.8853887383     -794.8852184013    -0.0010114844           0.108523
    6    6.1E-02   5.8E-01      10    -865.8878508700     -794.8876805330    -0.0024621317           0.100011
    7    5.9E-02   5.8E-01      10    -865.8884756463     -794.8883053094    -0.0006247764           0.095601
    8    6.0E-02   5.9E-01      10    -865.8897997996     -794.8896294627    -0.0013241533           0.086164
    9    6.0E-02   5.7E-01      10    -865.8905192877     -794.8903489507    -0.0007194881           0.083133
   10    6.1E-02   6.1E-01      10    -865.8907118105     -794.8905414735    -0.0001925228           0.093593
   11    6.1E-02   5.8E-01      10    -865.8910744169     -794.8909040800    -0.0003626064           0.083808
   12    6.5E-02   5.8E-01      10    -865.8910926112     -794.8909222742    -0.0000181943           0.083267
   13    6.1E-02   1.1E+00      20    -865.8958522783     -794.8956819413    -0.0047596671           0.004343
   14    6.2E-02   1.1E+00      20    -865.8959612781     -794.8957909412    -0.0001089998           0.002171
   15    5.9E-02   1.1E+00      20    -865.8960192311     -794.8958488942    -0.0000579530           0.001854
   16    6.1E-02   1.1E+00      20    -865.8960701275     -794.8958997905    -0.0000508963           0.001850
   17    6.0E-02   1.1E+00      20    -865.8961174494     -794.8959471125    -0.0000473220           0.001693
   18    5.8E-02   1.1E+00      20    -865.8961576892     -794.8959873522    -0.0000402397           0.001690
   19    5.9E-02   1.1E+00      20    -865.8961927202     -794.8960223832    -0.0000350310           0.001913
   20    5.8E-02   1.1E+00      20    -865.8962203605     -794.8960500235    -0.0000276403           0.001706
   21    5.9E-02   1.1E+00      20    -865.8962397118     -794.8960693748    -0.0000193513           0.001778
   22    5.9E-02   1.1E+00      20    -865.8962548311     -794.8960844941    -0.0000151193           0.001821
   23    6.0E-02   1.6E+00      30    -865.8962717081     -794.8961013711    -0.0000168770           0.000756
   24    5.8E-02   2.0E+00      40    -865.8962847675     -794.8961144306    -0.0000130595           0.000158
   25    5.7E-02   2.5E+00      50    -865.8962934987     -794.8961231618    -0.0000087312           0.000025


  RESULTS OF THE OCCUPATION OPTIMIZATION
 ========================================

   OM     Occupation      Elag Diag

    1      1.9999997    -91.9766781
    2      1.9999996    -91.9767348
    3      1.9998987     -7.0608003
    4      1.9998810     -7.1446978
    5      1.9998760     -7.1837242
    6      1.9998500     -7.3692485
    7      1.9998464     -7.3500054
    8      1.9998455     -7.3484691
    9      1.9998434     -7.3589580
   10      1.9998433     -7.3357313
   11      1.9881197     -1.0153639
   12      1.9814554     -0.6358250
   13      1.9813700     -0.6363920
   14      1.9752645     -0.4876558
   15      1.9285318     -0.5599209
   16      1.0000000     -0.2047790
   17      1.0000000     -0.2057578
   18      0.0714682     -0.0281705
   19      0.0247355     -0.0073143
   20      0.0186300     -0.0075995
   21      0.0185446     -0.0075785
   22      0.0118803     -0.0077502
   23      0.0001567     -0.0011586
   24      0.0001566     -0.0011625
   25      0.0001545     -0.0011498
   26      0.0001536     -0.0011456
   27      0.0001500     -0.0011392
   28      0.0001240     -0.0008730
   29      0.0001190     -0.0008396
   30      0.0001013     -0.0006886
   31      0.0000004     -0.0000304
   32      0.0000003     -0.0000260

   RO Sum (  32) =   32.00

  ---------------
   Dipole Moment
  ---------------

      0.2653 Debye [   0.1044  (   0.0010,  -0.0050,  -0.1042) ]

 ----------------
  Final Energies  
 ----------------

  Final NOF Total Energy =     -794.8961231618 ( 2.E-05 , 0.E+00 )


  **************************************************
  *                                                *
  *       SINGLE-POINT DoNOF CALCULATION           *
  *                                                *
  *             FULL OPTIMIZATION                  *
  *                                                *
  *  FINAL RESULTS   FINAL RESULTS  FINAL RESULTS  *
  *                                                *
  **************************************************

  **************************************************
  *         No. EXTERNAL ITER =    25              *
  *         No. of TOTAL ITER =   440              *
  **************************************************

  Elapsed real time :     25.57  (Seconds)

 The execution finished at 17h 18min on the 12/ 4/2024
