 This is the parallel version of the code
 This is the parallel version of the code
 This is the parallel version of the code
 This is the parallel version of the code
 This is the parallel version of the code
 This is the parallel version of the code
 This is the parallel version of the code
 This is the parallel version of the code
Master:    0

 The execution started at  9h 56min on the 12/ 5/2024

    ===========================================================
    !                                                         !
    !                        Do N O F                         !
    !                                                         !
    !  (Donostia Natural Orbital Functional Software Program) !
    !                                                         !
    !               COPYRIGHT by Mario Piris                  !
    !                                                         !
    !      Donostia International Physics Center (DIPC)       !
    !       University of the Basque Country (UPV/EHU)        !
    !       Basque Foundation for Science (IKERBASQUE)        !
    !                                                         !
    !          GNU General Public License version 3           !
    !                                                         !
    !                  VERSION: Mayo 2024                     !
    !                                                         !
    ===========================================================

 Run Title
 ---------
 p30-5 set                                                                       

 Basis Set
 ---------
 /beegfs_agamede/gscratch/povmieci/SCRATCH/66815/def2-svp.bas                    

 Atom      Charge                Coordinates (Bohr)
                           x             y             z
 C           6.0       -1.2782        0.0644        2.7698
 O           8.0        2.0504        0.6469       -0.2957
 B           5.0       -0.0739        2.4603       -1.3059
 F           9.0        1.1002        4.4350       -2.6480
 H           1.0       -1.8901        0.0206        4.7473
 AL         13.0        0.8101        1.4117       -6.3584
 H           1.0        2.5164        1.7409        3.4534
 H           1.0        2.6205       -1.5802        2.8742
 O           8.0       -0.9247       -3.3766       -0.6814
 B           5.0       -2.1996       -2.5309        1.3565
 BE          4.0        0.9259       -1.6167       -1.9387
 C           6.0        1.6314        0.1808        2.4290
 H           1.0       -3.9634       -3.6861        2.1892
 H           1.0       -1.1710        1.0830       -3.0475
 B           5.0       -2.1826        2.3160        1.1146
 F           9.0        2.0286       -1.5692       -4.6584

 Atomic Basis Set
 ----------------
 The contracted primitive functions were unnormalized
 The contracted basis functions are now normalized to unity

  Shell Type  Primitive         Exponent  Contraction Coefficient

 C         

      1   S       1          1238.4016938    0.005517365048
      1   S       2           186.2900499    0.041088828556
      1   S       3            42.2511763    0.182253821265
      1   S       4            11.6765579    0.468284594374
      1   S       5             3.5930506    0.445758173360

      2   S       6             0.4024515    1.000000000000

      3   S       7             0.1309018    1.000000000000

      4   P       8             9.4680971    0.056888332011
      4   P       9             2.0103545    0.312940593365
      4   P      10             0.5477100    0.760650165091

      5   P      11             0.1526861    1.000000000000

      6   D      12             0.8000000    1.000000000000

 O         

      7   S      13          2266.1767785   -0.005389350392
      7   S      14           340.8701019   -0.040234721389
      7   S      15            77.3631352   -0.180081842055
      7   S      16            21.4796449   -0.468288576577
      7   S      17             6.6589433   -0.446926171602

      8   S      18             0.8097598    1.000000000000

      9   S      19             0.2553077    1.000000000000

     10   P      20            17.7215043    0.062630248763
     10   P      21             3.8635505    0.333311384824
     10   P      22             1.0480921    0.741486383081

     11   P      23             0.2764154    1.000000000000

     12   D      24             1.2000000    1.000000000000

 B         

     13   S      25           839.3183009   -0.005628883598
     13   S      26           126.2646484   -0.041832794610
     13   S      27            28.6206008   -0.184174881258
     13   S      28             7.8793723   -0.468396550281
     13   S      29             2.4088857   -0.444579308833

     14   S      30             0.2510511    1.000000000000

     15   S      31             0.0836489    1.000000000000

     16   P      32             6.0332224   -0.054032500323
     16   P      33             1.2499158   -0.301940343932
     16   P      34             0.3387168   -0.771707916582

     17   P      35             0.0964156    1.000000000000

     18   D      36             0.5000000    1.000000000000

 F         

     19   S      37          2894.8325990   -0.005349321176
     19   S      38           435.4193912   -0.039967734372
     19   S      39            98.8433289   -0.179412617888
     19   S      40            27.4851980   -0.468324686869
     19   S      41             8.5405498   -0.447241605328

     20   S      42             1.0654578    1.000000000000

     21   S      43             0.3324735    1.000000000000

     22   P      44            22.6966339   -0.064782148241
     22   P      45             4.9872339   -0.340357853553
     22   P      46             1.3491614   -0.734858153660

     23   P      47             0.3482988    1.000000000000

     24   D      48             1.4000000    1.000000000000

 H         

     25   S      49            13.0107010    0.033485484813
     25   S      50             1.9622572    0.234721870881
     25   S      51             0.4445380    0.813770285260

     26   S      52             0.1219496    1.000000000000

     27   P      53             0.8000000    1.000000000000

 AL        

     28   S      54          5887.5727030    0.005651978962
     28   S      55           885.6122600    0.042218253427
     28   S      56           201.1360490    0.189187196726
     28   S      57            56.2849747    0.480435911881
     28   S      58            17.2295512    0.425872684294

     29   S      59            29.3402499    0.088568603239
     29   S      60             3.0439630   -0.543157066723
     29   S      61             1.1285540   -0.529385510294

     30   S      62             0.1423418    1.000000000000

     31   S      63             0.0544002    1.000000000000

     32   P      64           145.1191881    0.010726377859
     32   P      65            33.7178948    0.074103623546
     32   P      66            10.3698631    0.261296213060
     32   P      67             3.5135616    0.480201235327
     32   P      68             1.1980050    0.384382240624

     33   P      69             0.2658301    1.000000000000

     34   P      70             0.0710034    1.000000000000

     35   D      71             0.3000000    1.000000000000

 H         

     36   S      72            13.0107010    0.033485484813
     36   S      73             1.9622572    0.234721870881
     36   S      74             0.4445380    0.813770285260

     37   S      75             0.1219496    1.000000000000

     38   P      76             0.8000000    1.000000000000

 H         

     39   S      77            13.0107010    0.033485484813
     39   S      78             1.9622572    0.234721870881
     39   S      79             0.4445380    0.813770285260

     40   S      80             0.1219496    1.000000000000

     41   P      81             0.8000000    1.000000000000

 O         

     42   S      82          2266.1767785   -0.005389350392
     42   S      83           340.8701019   -0.040234721389
     42   S      84            77.3631352   -0.180081842055
     42   S      85            21.4796449   -0.468288576577
     42   S      86             6.6589433   -0.446926171602

     43   S      87             0.8097598    1.000000000000

     44   S      88             0.2553077    1.000000000000

     45   P      89            17.7215043    0.062630248763
     45   P      90             3.8635505    0.333311384824
     45   P      91             1.0480921    0.741486383081

     46   P      92             0.2764154    1.000000000000

     47   D      93             1.2000000    1.000000000000

 B         

     48   S      94           839.3183009   -0.005628883598
     48   S      95           126.2646484   -0.041832794610
     48   S      96            28.6206008   -0.184174881258
     48   S      97             7.8793723   -0.468396550281
     48   S      98             2.4088857   -0.444579308833

     49   S      99             0.2510511    1.000000000000

     50   S     100             0.0836489    1.000000000000

     51   P     101             6.0332224   -0.054032500323
     51   P     102             1.2499158   -0.301940343932
     51   P     103             0.3387168   -0.771707916582

     52   P     104             0.0964156    1.000000000000

     53   D     105             0.5000000    1.000000000000

 BE        

     54   S     106           515.1861613    0.005837635441
     54   S     107            77.5110376    0.043234967111
     54   S     108            17.5524817    0.188026956444
     54   S     109             4.8028941    0.469576904234
     54   S     110             1.4516214    0.440951660947

     55   S     111             0.1328163    1.000000000000

     56   S     112             0.0458374    1.000000000000

     57   P     113             3.6316917   -0.045461968666
     57   P     114             0.7169569   -0.264276543343
     57   P     115             0.1954193   -0.804884200890

     58   P     116             0.0605155    1.000000000000

 C         

     59   S     117          1238.4016938    0.005517365048
     59   S     118           186.2900499    0.041088828556
     59   S     119            42.2511763    0.182253821265
     59   S     120            11.6765579    0.468284594374
     59   S     121             3.5930506    0.445758173360

     60   S     122             0.4024515    1.000000000000

     61   S     123             0.1309018    1.000000000000

     62   P     124             9.4680971    0.056888332011
     62   P     125             2.0103545    0.312940593365
     62   P     126             0.5477100    0.760650165091

     63   P     127             0.1526861    1.000000000000

     64   D     128             0.8000000    1.000000000000

 H         

     65   S     129            13.0107010    0.033485484813
     65   S     130             1.9622572    0.234721870881
     65   S     131             0.4445380    0.813770285260

     66   S     132             0.1219496    1.000000000000

     67   P     133             0.8000000    1.000000000000

 H         

     68   S     134            13.0107010    0.033485484813
     68   S     135             1.9622572    0.234721870881
     68   S     136             0.4445380    0.813770285260

     69   S     137             0.1219496    1.000000000000

     70   P     138             0.8000000    1.000000000000

 B         

     71   S     139           839.3183009   -0.005628883598
     71   S     140           126.2646484   -0.041832794610
     71   S     141            28.6206008   -0.184174881258
     71   S     142             7.8793723   -0.468396550281
     71   S     143             2.4088857   -0.444579308833

     72   S     144             0.2510511    1.000000000000

     73   S     145             0.0836489    1.000000000000

     74   P     146             6.0332224   -0.054032500323
     74   P     147             1.2499158   -0.301940343932
     74   P     148             0.3387168   -0.771707916582

     75   P     149             0.0964156    1.000000000000

     76   D     150             0.5000000    1.000000000000

 F         

     77   S     151          2894.8325990   -0.005349321176
     77   S     152           435.4193912   -0.039967734372
     77   S     153            98.8433289   -0.179412617888
     77   S     154            27.4851980   -0.468324686869
     77   S     155             8.5405498   -0.447241605328

     78   S     156             1.0654578    1.000000000000

     79   S     157             0.3324735    1.000000000000

     80   P     158            22.6966339   -0.064782148241
     80   P     159             4.9872339   -0.340357853553
     80   P     160             1.3491614   -0.734858153660

     81   P     161             0.3482988    1.000000000000

     82   D     162             1.4000000    1.000000000000

 Total Number of Basis Set Shells             =   82
 Total Number of Primitives                   =  162
 Number of Cartesian Gaussian Basis Functions =  188
 Number of Electrons                          =   83
 Charge of Molecule                           =    0
 Spin Multiplicity                            =    2
 Number of Occupied Orbitals (Alpha)          =   42
 Number of Occupied Orbitals (Beta )          =   41
 Total Number of Atoms                        =   16

 Input Run Options
 -----------------
 IRUNTYP = 1  MULT = 2  ICHARG =  0 IECP = 0  IEMOM = 1  UNITS = ANGS    

 Integral Options
 ----------------
 CUTOFF = 1.0E-09   ISCHWZ = 1   ERITYP = FULL

 Input NOF Options
 -----------------

 Type of calculation =    Coeff. Opt.:   (ICOEF)         1
 Use Softmax function for Occ. Opt.:     (ISOFTMAX)      1
 Type of Orb. Opt. = Orbital Rotations:  (IORBOPT)       4
 Maximum Number of Occ-Coef Outer Iter.: (MAXIT)      1000

 Natural Orbital Functional Selected:    (IPNOF)         7
 Spin-Multiplet, High-Spin State Option: (HighSpin)      F

 Restart calculation Option:             (RESTART)       T
 Orthogonalize the initial Orbitals:     (ORTHO)         T

 Output Option:                          (NPRINT)        0
 Output the Coefficient Matrix:          (IWRITEC)       0
 Do a Mulliken Population Analysis:      (IMULPOP)       0
 Write Information into a WFN file:      (IAIMPAC)       1
 Write Information into a FCHK file:     (IFCHK)         1
 Write Information into a MLP file:      (MOLDEN)        1
 Create Ini. Cond. (ini.xyz) file:       (INICOND)       1
 Calculate IPs using Ext. Koopmans Theo: (IEKT)          0
 Write APSG expansion coefficient file:  (APSG)          F
 Output option for Lagrange Multipliers: (PRINTLAG)      F
 Diagonalize matrix of Lag. Multipliers: (DIAGLAG)       F

 Nuclear Coordinates from GCF file:
 ----------------------------------

 Atom      Charge                Coordinates (Bohr)
                           x             y             z
 C        6.00000       -1.2782        0.0644        2.7698
 O        8.00000        2.0504        0.6469       -0.2957
 B        5.00000       -0.0739        2.4603       -1.3059
 F        9.00000        1.1002        4.4350       -2.6480
 H        1.00000       -1.8901        0.0206        4.7473
 AL      13.00000        0.8101        1.4117       -6.3584
 H        1.00000        2.5164        1.7409        3.4534
 H        1.00000        2.6205       -1.5802        2.8742
 O        8.00000       -0.9247       -3.3766       -0.6814
 B        5.00000       -2.1996       -2.5309        1.3565
 BE       4.00000        0.9259       -1.6167       -1.9387
 C        6.00000        1.6314        0.1808        2.4290
 H        1.00000       -3.9634       -3.6861        2.1892
 H        1.00000       -1.1710        1.0830       -3.0475
 B        5.00000       -2.1826        2.3160        1.1146
 F        9.00000        2.0286       -1.5692       -4.6584

------------------------------------------------------------------------

 Orbital Space
 -------------

 Inactive Doubly occupied orbitals up to NO1  =    0
 No. considered Strongly Doubly occupied MOs  =   41
 No. considered Strongly Singly occupied MOs  =    1
 No. of Weakly occ. per St. Doubly occ.  MOs  =    3
 Dimension of the Active Nat. Orb. subspace   =  164
 Secondary Empty orbitals                     =   23

 1e- integrals
 -------------
 Time to do integrals =      0.01

 2e- integrals
 -------------
 DONTW option skips storage 2e- integrals on Unit 1
           104579248 2e- integrals in     1 records
 Time to do integrals =      5.94

 Distribution Full ERIs:

 Integrals:                         104579248
 Max size per slaves:                13072408
 Max size in master:                117651656

 No violations of the orthonormality


  RESULTS OF OCCUPATION-COEFFICIENT OPTIMIZATION
 ================================================

  Ex It  Orb It    Electronic Energy     Total Energy   Energy Convergency    Max Mul-Lag Diff

    1      10     -1372.2772853010     -758.0593621736    -0.0066381818           0.175348
    2      10     -1372.3453365021     -758.1274133746    -0.0680512011           0.116468
    3      10     -1372.3617804407     -758.1438573133    -0.0164439386           0.085388
    4      10     -1372.3744541989     -758.1565310714    -0.0126737582           0.090656
    5      10     -1372.3825163295     -758.1645932021    -0.0080621306           0.100422
    6      10     -1372.3905647711     -758.1726416437    -0.0080484416           0.088307
    7      10     -1372.3951347142     -758.1772115868    -0.0045699431           0.088988
    8      10     -1372.3992245514     -758.1813014240    -0.0040898372           0.090272
    9      10     -1372.4013690051     -758.1834458777    -0.0021444537           0.096936
   10      10     -1372.4023857906     -758.1844626631    -0.0010167854           0.098588
   11      10     -1372.4056095463     -758.1876864188    -0.0032237557           0.091102
   12      10     -1372.4055851367     -758.1876620092     0.0000244096           0.108081
   13      20     -1372.4593211329     -758.2413980055    -0.0537359963           0.003084
   14      20     -1372.4596575105     -758.2417343830    -0.0003363775           0.001807
   15      20     -1372.4598347235     -758.2419115960    -0.0001772130           0.001785
   16      20     -1372.4599623034     -758.2420391759    -0.0001275799           0.001921
   17      20     -1372.4600545290     -758.2421314016    -0.0000922257           0.001821
   18      20     -1372.4601233251     -758.2422001976    -0.0000687960           0.001985
   19      20     -1372.4601780948     -758.2422549674    -0.0000547697           0.001991
   20      20     -1372.4602251867     -758.2423020592    -0.0000470919           0.002028
   21      20     -1372.4602690676     -758.2423459401    -0.0000438809           0.001737
   22      20     -1372.4603108892     -758.2423877617    -0.0000418216           0.001691
   23      20     -1372.4603481760     -758.2424250486    -0.0000372868           0.001582
   24      20     -1372.4603852139     -758.2424620865    -0.0000370379           0.001835
   25      20     -1372.4604251422     -758.2425020148    -0.0000399283           0.001769
   26      20     -1372.4604667991     -758.2425436717    -0.0000416569           0.001932
   27      20     -1372.4605038777     -758.2425807503    -0.0000370786           0.001607
   28      20     -1372.4605432958     -758.2426201684    -0.0000394181           0.002076
   29      20     -1372.4605785457     -758.2426554183    -0.0000352499           0.001964
   30      20     -1372.4606149041     -758.2426917766    -0.0000363584           0.002049
   31      20     -1372.4606418595     -758.2427187320    -0.0000269554           0.002285
   32      20     -1372.4606673335     -758.2427442060    -0.0000254740           0.002305
   33      20     -1372.4606868596     -758.2427637322    -0.0000195261           0.002143
   34      20     -1372.4607001604     -758.2427770329    -0.0000133007           0.002200
   35      20     -1372.4607153712     -758.2427922437    -0.0000152108           0.002158
   36      20     -1372.4607234813     -758.2428003538    -0.0000081101           0.002177
   37      30     -1372.4607556813     -758.2428325539    -0.0000322001           0.000610
   38      30     -1372.4607651924     -758.2428420650    -0.0000095111           0.000581
   39      30     -1372.4607735377     -758.2428504103    -0.0000083453           0.000564
   40      30     -1372.4607829782     -758.2428598507    -0.0000094405           0.000549
   41      30     -1372.4607936860     -758.2428705586    -0.0000107078           0.000548
   42      30     -1372.4608061786     -758.2428830511    -0.0000124925           0.000572
   43      30     -1372.4608197539     -758.2428966264    -0.0000135753           0.000567
   44      30     -1372.4608342321     -758.2429111047    -0.0000144783           0.000572
   45      30     -1372.4608491476     -758.2429260201    -0.0000149154           0.000575
   46      30     -1372.4608621038     -758.2429389764    -0.0000129563           0.000581
   47      30     -1372.4608726768     -758.2429495493    -0.0000105729           0.000565
   48      40     -1372.4608856015     -758.2429624741    -0.0000129248           0.000109
   49      50     -1372.4608893562     -758.2429662288    -0.0000037547           0.000018


  RESULTS OF THE OCCUPATION OPTIMIZATION
 ========================================

   OM     Occupation      Elag Diag

    1      1.9999997    -58.5216618
    2      1.9999633    -26.3048915
    3      1.9999598    -26.3461763
    4      1.9999216    -20.5509895
    5      1.9999176    -20.6226638
    6      1.9998618     -4.7304011
    7      1.9997909     -3.5425515
    8      1.9997631     -3.7510453
    9      1.9997543     -3.6315202
   10      1.9997365     -3.7784373
   11      1.9997164    -11.2025527
   12      1.9997095    -11.3095854
   13      1.9996133     -7.6231523
   14      1.9995761     -7.6726262
   15      1.9995667     -7.6006998
   16      1.9891051     -0.9403397
   17      1.9887561     -0.9067695
   18      1.9884212     -0.8921464
   19      1.9883735     -0.9455326
   20      1.9880677     -0.9436881
   21      1.9857809     -0.8152839
   22      1.9847583     -0.9971207
   23      1.9842855     -0.9726079
   24      1.9841323     -0.9305776
   25      1.9835062     -0.7002724
   26      1.9832433     -0.8907323
   27      1.9809277     -0.9293761
   28      1.9806142     -0.9883871
   29      1.9740848     -0.6386249
   30      1.9735959     -0.6462233
   31      1.9729375     -0.8507290
   32      1.9719391     -0.5611924
   33      1.9710153     -0.7186462
   34      1.9706240     -0.7217577
   35      1.9704259     -0.6742478
   36      1.9698411     -0.6469810
   37      1.9667131     -0.7268560
   38      1.9603207     -0.5983523
   39      1.9583856     -0.8393925
   40      1.9268948     -0.5429873
   41      1.8583358     -0.3586714
   42      1.0000000     -0.1862543
   43      0.0514201     -0.0153813
   44      0.0177685     -0.0105726
   45      0.0393605     -0.0307023
   46      0.0360326     -0.0225521
   47      0.0293548     -0.0204554
   48      0.0228578     -0.0149742
   49      0.0044754     -0.0042912
   50      0.0039192     -0.0040774
   51      0.0039248     -0.0041037
   52      0.0061001     -0.0048293
   53      0.0245925     -0.0211718
   54      0.0059010     -0.0050594
   55      0.0208618     -0.0137202
   56      0.0188749     -0.0202047
   57      0.0168897     -0.0168225
   58      0.0003841     -0.0006943
   59      0.0139616     -0.0124293
   60      0.0143129     -0.0145746
   61      0.0143272     -0.0160813
   62      0.0136169     -0.0157730
   63      0.0118109     -0.0116904
   64      0.0101525     -0.0123656
   65      0.0098092     -0.0120701
   66      0.0008772     -0.0016484
   67      0.0092730     -0.0113574
   68      0.0008240     -0.0015977
   69      0.0000139     -0.0001285
   70      0.0003887     -0.0035055
   71      0.0003493     -0.0031694
   72      0.0002705     -0.0035574
   73      0.0000097     -0.0001224
   74      0.0000191     -0.0000993
   75      0.0001876     -0.0007469
   76      0.0002003     -0.0008306
   77      0.0000222     -0.0001067
   78      0.0000542     -0.0003150
   79      0.0000012     -0.0000266
   80      0.0000763     -0.0016626
   81      0.0000007     -0.0000186
   82      0.0000355     -0.0009559
   83      0.0000001     -0.0000062
   84      0.0067831     -0.0029234
   85      0.0512195     -0.0215030
   86      0.0019797     -0.0025688
   87      0.0022380     -0.0023435
   88      0.0008190     -0.0011821
   89      0.0025641     -0.0024683
   90      0.0226063     -0.0158577
   91      0.0230282     -0.0172468
   92      0.0022994     -0.0027065
   93      0.0171735     -0.0112653
   94      0.0007024     -0.0012089
   95      0.0034782     -0.0032834
   96      0.0028906     -0.0027973
   97      0.0001484     -0.0002775
   98      0.0003403     -0.0005640
   99      0.0154788     -0.0151035
  100      0.0010533     -0.0017510
  101      0.0006199     -0.0011724
  102      0.0004818     -0.0008488
  103      0.0009124     -0.0017925
  104      0.0012800     -0.0020444
  105      0.0010243     -0.0019679
  106      0.0010259     -0.0019435
  107      0.0096769     -0.0115916
  108      0.0010636     -0.0020118
  109      0.0091205     -0.0113424
  110      0.0004080     -0.0035873
  111      0.0000202     -0.0001837
  112      0.0000234     -0.0002190
  113      0.0000116     -0.0001460
  114      0.0002664     -0.0034831
  115      0.0000168     -0.0000908
  116      0.0000268     -0.0001286
  117      0.0000175     -0.0000920
  118      0.0001632     -0.0006116
  119      0.0000514     -0.0002983
  120      0.0000802     -0.0017530
  121      0.0000011     -0.0000224
  122      0.0000006     -0.0000144
  123      0.0000005     -0.0000126
  124      0.0000001     -0.0000058
  125      0.0834610     -0.0233177
  126      0.0041172     -0.0031609
  127      0.0002742     -0.0004729
  128      0.0014087     -0.0017704
  129      0.0031132     -0.0032749
  130      0.0047369     -0.0040896
  131      0.0024924     -0.0027066
  132      0.0024286     -0.0028161
  133      0.0227605     -0.0170550
  134      0.0047872     -0.0041524
  135      0.0017676     -0.0025623
  136      0.0170250     -0.0115843
  137      0.0021627     -0.0021869
  138      0.0003625     -0.0006719
  139      0.0018423     -0.0026415
  140      0.0008938     -0.0015934
  141      0.0014789     -0.0022403
  142      0.0009349     -0.0016719
  143      0.0009055     -0.0016586
  144      0.0007123     -0.0012843
  145      0.0011283     -0.0019464
  146      0.0007556     -0.0014512
  147      0.0007914     -0.0015200
  148      0.0010247     -0.0020473
  149      0.0009073     -0.0017575
  150      0.0009504     -0.0018844
  151      0.0000114     -0.0000969
  152      0.0000151     -0.0001374
  153      0.0000140     -0.0001276
  154      0.0000084     -0.0001029
  155      0.0000075     -0.0000946
  156      0.0002276     -0.0009633
  157      0.0000312     -0.0001452
  158      0.0000191     -0.0000963
  159      0.0000236     -0.0001123
  160      0.0000326     -0.0001847
  161      0.0000010     -0.0000212
  162      0.0000010     -0.0000204
  163      0.0000388     -0.0010480
  164      0.0000007     -0.0000170
  165      0.0000001     -0.0000050

   RO Sum (  83) =   83.00

  ---------------
   Dipole Moment
  ---------------

      1.6894 Debye [   0.6647  (   0.6641,   0.0278,  -0.0024) ]

 ----------------
  Final Energies  
 ----------------

  Final NOF Total Energy =     -758.2429662288 ( 2.E-05 , 0.E+00 )


  **************************************************
  *                                                *
  *       SINGLE-POINT DoNOF CALCULATION           *
  *                                                *
  *             FULL OPTIMIZATION                  *
  *                                                *
  *  FINAL RESULTS   FINAL RESULTS  FINAL RESULTS  *
  *                                                *
  **************************************************

  **************************************************
  *         No. EXTERNAL ITER =    49              *
  *         No. of TOTAL ITER =  1020              *
  **************************************************

  Elapsed real time :  30519.64  (Seconds)
  Git sha : bcb372acca69df19ae91719c988dea244a3c3d1c                                                            

 The execution finished at 18h 28min on the 12/ 5/2024
