 This is the parallel version of the code
 This is the parallel version of the code
 This is the parallel version of the code
 This is the parallel version of the code
 This is the parallel version of the code
 This is the parallel version of the code
 This is the parallel version of the code
 This is the parallel version of the code
Master:    0

 The execution started at  9h 56min on the 12/ 5/2024

    ===========================================================
    !                                                         !
    !                        Do N O F                         !
    !                                                         !
    !  (Donostia Natural Orbital Functional Software Program) !
    !                                                         !
    !               COPYRIGHT by Mario Piris                  !
    !                                                         !
    !      Donostia International Physics Center (DIPC)       !
    !       University of the Basque Country (UPV/EHU)        !
    !       Basque Foundation for Science (IKERBASQUE)        !
    !                                                         !
    !          GNU General Public License version 3           !
    !                                                         !
    !                  VERSION: Mayo 2024                     !
    !                                                         !
    ===========================================================

 Run Title
 ---------
 p30-5 set                                                                       

 Basis Set
 ---------
 /beegfs_agamede/gscratch/povmieci/SCRATCH/66808/def2-svp.bas                    

 Atom      Charge                Coordinates (Bohr)
                           x             y             z
 H           1.0        2.7927        3.8300       -2.7929
 H           1.0       -1.4345        0.4342        5.5385
 C           6.0       -3.2627       -2.5064       -1.5663
 B           5.0        2.1455       -0.8880       -2.2459
 H           1.0       -4.3023       -3.9363       -0.4893
 P          15.0        0.0611       -3.8247       -2.2233
 O           8.0        0.4117        0.5811        5.5685
 CL         17.0        4.4136        3.9252        2.5796
 AL         13.0        1.3371        1.4019        1.9753
 P          15.0        3.0834        1.7252       -4.4267
 B           5.0       -3.0235        0.0444       -0.2764
 H           1.0        1.1151       -0.9762        6.2546
 F           9.0        0.6194        2.1790       -6.2128
 P          15.0       -2.6749        3.0018        1.0504
 H           1.0       -4.1318       -2.3423       -3.4436
 P          15.0        2.8501       -2.6488        0.7101

 Atomic Basis Set
 ----------------
 The contracted primitive functions were unnormalized
 The contracted basis functions are now normalized to unity

  Shell Type  Primitive         Exponent  Contraction Coefficient

 H         

      1   S       1            13.0107010    0.033485484813
      1   S       2             1.9622572    0.234721870881
      1   S       3             0.4445380    0.813770285260

      2   S       4             0.1219496    1.000000000000

      3   P       5             0.8000000    1.000000000000

 H         

      4   S       6            13.0107010    0.033485484813
      4   S       7             1.9622572    0.234721870881
      4   S       8             0.4445380    0.813770285260

      5   S       9             0.1219496    1.000000000000

      6   P      10             0.8000000    1.000000000000

 C         

      7   S      11          1238.4016938    0.005517365048
      7   S      12           186.2900499    0.041088828556
      7   S      13            42.2511763    0.182253821265
      7   S      14            11.6765579    0.468284594374
      7   S      15             3.5930506    0.445758173360

      8   S      16             0.4024515    1.000000000000

      9   S      17             0.1309018    1.000000000000

     10   P      18             9.4680971    0.056888332011
     10   P      19             2.0103545    0.312940593365
     10   P      20             0.5477100    0.760650165091

     11   P      21             0.1526861    1.000000000000

     12   D      22             0.8000000    1.000000000000

 B         

     13   S      23           839.3183009   -0.005628883598
     13   S      24           126.2646484   -0.041832794610
     13   S      25            28.6206008   -0.184174881258
     13   S      26             7.8793723   -0.468396550281
     13   S      27             2.4088857   -0.444579308833

     14   S      28             0.2510511    1.000000000000

     15   S      29             0.0836489    1.000000000000

     16   P      30             6.0332224   -0.054032500323
     16   P      31             1.2499158   -0.301940343932
     16   P      32             0.3387168   -0.771707916582

     17   P      33             0.0964156    1.000000000000

     18   D      34             0.5000000    1.000000000000

 H         

     19   S      35            13.0107010    0.033485484813
     19   S      36             1.9622572    0.234721870881
     19   S      37             0.4445380    0.813770285260

     20   S      38             0.1219496    1.000000000000

     21   P      39             0.8000000    1.000000000000

 P         

     22   S      40          8002.4795106    0.005525555279
     22   S      41          1203.6813590    0.041326367171
     22   S      42           273.4422703    0.186070058991
     22   S      43            76.6555415    0.477107006766
     22   S      44            23.5169274    0.432247688783

     23   S      45            39.7916834    0.090954145513
     23   S      46             4.2770343   -0.550855656186
     23   S      47             1.6940257   -0.518269979075

     24   S      48             0.2756767    1.000000000000

     25   S      49             0.1049559    1.000000000000

     26   P      50           219.5075582    0.009573910140
     26   P      51            51.2741550    0.067993851914
     26   P      52            15.9215959    0.249832097533
     26   P      53             5.5069913    0.481481790475
     26   P      54             1.9537719    0.388697985432

     27   P      55             0.4780340    1.000000000000

     28   P      56             0.1365795    1.000000000000

     29   D      57             0.4500000    1.000000000000

 O         

     30   S      58          2266.1767785   -0.005389350392
     30   S      59           340.8701019   -0.040234721389
     30   S      60            77.3631352   -0.180081842055
     30   S      61            21.4796449   -0.468288576577
     30   S      62             6.6589433   -0.446926171602

     31   S      63             0.8097598    1.000000000000

     32   S      64             0.2553077    1.000000000000

     33   P      65            17.7215043    0.062630248763
     33   P      66             3.8635505    0.333311384824
     33   P      67             1.0480921    0.741486383081

     34   P      68             0.2764154    1.000000000000

     35   D      69             1.2000000    1.000000000000

 CL        

     36   S      70         10449.8275660    0.005426595379
     36   S      71          1571.7365221    0.040626378129
     36   S      72           357.1206552    0.183597478529
     36   S      73           100.2518594    0.474389487682
     36   S      74            30.8127276    0.437351811041

     37   S      75            51.9237894   -0.092754154848
     37   S      76             5.7045761    0.563808255442
     37   S      77             2.3508377    0.503670446297

     38   S      78             0.4460512    1.000000000000

     39   S      79             0.1684886    1.000000000000

     40   P      80           307.6679057   -0.008879702559
     40   P      81            72.1020155   -0.064284071721
     40   P      82            22.5326803   -0.242887397360
     40   P      83             7.8991765   -0.483408363699
     40   P      84             2.8767268   -0.389525638755

     41   P      85             0.7745936    1.000000000000

     42   P      86             0.2103770    1.000000000000

     43   D      87             0.6500000    1.000000000000

 AL        

     44   S      88          5887.5727030    0.005651978962
     44   S      89           885.6122600    0.042218253427
     44   S      90           201.1360490    0.189187196726
     44   S      91            56.2849747    0.480435911881
     44   S      92            17.2295512    0.425872684294

     45   S      93            29.3402499    0.088568603239
     45   S      94             3.0439630   -0.543157066723
     45   S      95             1.1285540   -0.529385510294

     46   S      96             0.1423418    1.000000000000

     47   S      97             0.0544002    1.000000000000

     48   P      98           145.1191881    0.010726377859
     48   P      99            33.7178948    0.074103623546
     48   P     100            10.3698631    0.261296213060
     48   P     101             3.5135616    0.480201235327
     48   P     102             1.1980050    0.384382240624

     49   P     103             0.2658301    1.000000000000

     50   P     104             0.0710034    1.000000000000

     51   D     105             0.3000000    1.000000000000

 P         

     52   S     106          8002.4795106    0.005525555279
     52   S     107          1203.6813590    0.041326367171
     52   S     108           273.4422703    0.186070058991
     52   S     109            76.6555415    0.477107006766
     52   S     110            23.5169274    0.432247688783

     53   S     111            39.7916834    0.090954145513
     53   S     112             4.2770343   -0.550855656186
     53   S     113             1.6940257   -0.518269979075

     54   S     114             0.2756767    1.000000000000

     55   S     115             0.1049559    1.000000000000

     56   P     116           219.5075582    0.009573910140
     56   P     117            51.2741550    0.067993851914
     56   P     118            15.9215959    0.249832097533
     56   P     119             5.5069913    0.481481790475
     56   P     120             1.9537719    0.388697985432

     57   P     121             0.4780340    1.000000000000

     58   P     122             0.1365795    1.000000000000

     59   D     123             0.4500000    1.000000000000

 B         

     60   S     124           839.3183009   -0.005628883598
     60   S     125           126.2646484   -0.041832794610
     60   S     126            28.6206008   -0.184174881258
     60   S     127             7.8793723   -0.468396550281
     60   S     128             2.4088857   -0.444579308833

     61   S     129             0.2510511    1.000000000000

     62   S     130             0.0836489    1.000000000000

     63   P     131             6.0332224   -0.054032500323
     63   P     132             1.2499158   -0.301940343932
     63   P     133             0.3387168   -0.771707916582

     64   P     134             0.0964156    1.000000000000

     65   D     135             0.5000000    1.000000000000

 H         

     66   S     136            13.0107010    0.033485484813
     66   S     137             1.9622572    0.234721870881
     66   S     138             0.4445380    0.813770285260

     67   S     139             0.1219496    1.000000000000

     68   P     140             0.8000000    1.000000000000

 F         

     69   S     141          2894.8325990   -0.005349321176
     69   S     142           435.4193912   -0.039967734372
     69   S     143            98.8433289   -0.179412617888
     69   S     144            27.4851980   -0.468324686869
     69   S     145             8.5405498   -0.447241605328

     70   S     146             1.0654578    1.000000000000

     71   S     147             0.3324735    1.000000000000

     72   P     148            22.6966339   -0.064782148241
     72   P     149             4.9872339   -0.340357853553
     72   P     150             1.3491614   -0.734858153660

     73   P     151             0.3482988    1.000000000000

     74   D     152             1.4000000    1.000000000000

 P         

     75   S     153          8002.4795106    0.005525555279
     75   S     154          1203.6813590    0.041326367171
     75   S     155           273.4422703    0.186070058991
     75   S     156            76.6555415    0.477107006766
     75   S     157            23.5169274    0.432247688783

     76   S     158            39.7916834    0.090954145513
     76   S     159             4.2770343   -0.550855656186
     76   S     160             1.6940257   -0.518269979075

     77   S     161             0.2756767    1.000000000000

     78   S     162             0.1049559    1.000000000000

     79   P     163           219.5075582    0.009573910140
     79   P     164            51.2741550    0.067993851914
     79   P     165            15.9215959    0.249832097533
     79   P     166             5.5069913    0.481481790475
     79   P     167             1.9537719    0.388697985432

     80   P     168             0.4780340    1.000000000000

     81   P     169             0.1365795    1.000000000000

     82   D     170             0.4500000    1.000000000000

 H         

     83   S     171            13.0107010    0.033485484813
     83   S     172             1.9622572    0.234721870881
     83   S     173             0.4445380    0.813770285260

     84   S     174             0.1219496    1.000000000000

     85   P     175             0.8000000    1.000000000000

 P         

     86   S     176          8002.4795106    0.005525555279
     86   S     177          1203.6813590    0.041326367171
     86   S     178           273.4422703    0.186070058991
     86   S     179            76.6555415    0.477107006766
     86   S     180            23.5169274    0.432247688783

     87   S     181            39.7916834    0.090954145513
     87   S     182             4.2770343   -0.550855656186
     87   S     183             1.6940257   -0.518269979075

     88   S     184             0.2756767    1.000000000000

     89   S     185             0.1049559    1.000000000000

     90   P     186           219.5075582    0.009573910140
     90   P     187            51.2741550    0.067993851914
     90   P     188            15.9215959    0.249832097533
     90   P     189             5.5069913    0.481481790475
     90   P     190             1.9537719    0.388697985432

     91   P     191             0.4780340    1.000000000000

     92   P     192             0.1365795    1.000000000000

     93   D     193             0.4500000    1.000000000000

 Total Number of Basis Set Shells             =   93
 Total Number of Primitives                   =  193
 Number of Cartesian Gaussian Basis Functions =  214
 Number of Electrons                          =  128
 Charge of Molecule                           =    0
 Spin Multiplicity                            =    1
 Number of Occupied Orbitals (Alpha)          =   64
 Number of Occupied Orbitals (Beta )          =   64
 Total Number of Atoms                        =   16

 Input Run Options
 -----------------
 IRUNTYP = 1  MULT = 1  ICHARG =  0 IECP = 0  IEMOM = 1  UNITS = ANGS    

 Integral Options
 ----------------
 CUTOFF = 1.0E-09   ISCHWZ = 1   ERITYP = FULL

 Input NOF Options
 -----------------

 Type of calculation =    Coeff. Opt.:   (ICOEF)         1
 Use Softmax function for Occ. Opt.:     (ISOFTMAX)      1
 Type of Orb. Opt. = Orbital Rotations:  (IORBOPT)       4
 Maximum Number of Occ-Coef Outer Iter.: (MAXIT)      1000

 Natural Orbital Functional Selected:    (IPNOF)         7

 Restart calculation Option:             (RESTART)       T
 Orthogonalize the initial Orbitals:     (ORTHO)         T

 Output Option:                          (NPRINT)        0
 Output the Coefficient Matrix:          (IWRITEC)       0
 Do a Mulliken Population Analysis:      (IMULPOP)       0
 Write Information into a WFN file:      (IAIMPAC)       1
 Write Information into a FCHK file:     (IFCHK)         1
 Write Information into a MLP file:      (MOLDEN)        1
 Create Ini. Cond. (ini.xyz) file:       (INICOND)       1
 Calculate IPs using Ext. Koopmans Theo: (IEKT)          0
 Write APSG expansion coefficient file:  (APSG)          F
 Output option for Lagrange Multipliers: (PRINTLAG)      F
 Diagonalize matrix of Lag. Multipliers: (DIAGLAG)       F

 Nuclear Coordinates from GCF file:
 ----------------------------------

 Atom      Charge                Coordinates (Bohr)
                           x             y             z
 H        1.00000        2.7927        3.8300       -2.7929
 H        1.00000       -1.4345        0.4342        5.5385
 C        6.00000       -3.2627       -2.5064       -1.5663
 B        5.00000        2.1455       -0.8880       -2.2459
 H        1.00000       -4.3023       -3.9363       -0.4893
 P       15.00000        0.0611       -3.8247       -2.2233
 O        8.00000        0.4117        0.5811        5.5685
 CL      17.00000        4.4136        3.9252        2.5796
 AL      13.00000        1.3371        1.4019        1.9753
 P       15.00000        3.0834        1.7252       -4.4267
 B        5.00000       -3.0235        0.0444       -0.2764
 H        1.00000        1.1151       -0.9762        6.2546
 F        9.00000        0.6194        2.1790       -6.2128
 P       15.00000       -2.6749        3.0018        1.0504
 H        1.00000       -4.1318       -2.3423       -3.4436
 P       15.00000        2.8501       -2.6488        0.7101

------------------------------------------------------------------------

 Orbital Space
 -------------

 Inactive Doubly occupied orbitals up to NO1  =    0
 No. considered Strongly Doubly occupied MOs  =   64
 No. considered Strongly Singly occupied MOs  =    0
 No. of Weakly occ. per St. Doubly occ.  MOs  =    2
 Dimension of the Active Nat. Orb. subspace   =  192
 Secondary Empty orbitals                     =   22

 1e- integrals
 -------------
 Time to do integrals =      0.01

 2e- integrals
 -------------
 DONTW option skips storage 2e- integrals on Unit 1
           125224433 2e- integrals in     1 records
 Time to do integrals =      7.90

 Distribution Full ERIs:

 Integrals:                         125224433
 Max size per slaves:                15653056
 Max size in master:                140877489

 No violations of the orthonormality


  RESULTS OF OCCUPATION-COEFFICIENT OPTIMIZATION
 ================================================

  Ex It  Orb It    Electronic Energy     Total Energy   Energy Convergency    Max Mul-Lag Diff

    1      10     -3532.9796203169    -2328.4632167028     0.0000000000           0.035185
    2      30     -3533.0677381974    -2328.5513345833    -0.0881178805           0.003920
    3      30     -3533.1081899421    -2328.5917863280    -0.0404517447           0.003061
    4      30     -3533.1278340276    -2328.6114304135    -0.0196440855           0.003459
    5      30     -3533.1420355854    -2328.6256319713    -0.0142015578           0.003393
    6      30     -3533.1529056363    -2328.6365020222    -0.0108700509           0.003147
    7      30     -3533.1614690046    -2328.6450653904    -0.0085633682           0.002810
    8      30     -3533.1683421075    -2328.6519384934    -0.0068731029           0.002428
    9      30     -3533.1739718723    -2328.6575682582    -0.0056297649           0.002349
   10      30     -3533.1786443000    -2328.6622406859    -0.0046724277           0.002201
   11      30     -3533.1824558207    -2328.6660522066    -0.0038115207           0.002035
   12      30     -3533.1854136233    -2328.6690100092    -0.0029578026           0.001821
   13      30     -3533.1875464540    -2328.6711428399    -0.0021328307           0.001431
   14      30     -3533.1890200811    -2328.6726164670    -0.0014736272           0.001037
   15      30     -3533.1899748775    -2328.6735712634    -0.0009547964           0.000964
   16      30     -3533.1905979139    -2328.6741942997    -0.0006230363           0.000989
   17      30     -3533.1910312107    -2328.6746275966    -0.0004332968           0.001015
   18      30     -3533.1913889101    -2328.6749852959    -0.0003576994           0.001034
   19      30     -3533.1916708994    -2328.6752672853    -0.0002819893           0.001001
   20      30     -3533.1918768649    -2328.6754732508    -0.0002059656           0.000977
   21      30     -3533.1920296717    -2328.6756260576    -0.0001528068           0.001186
   22      30     -3533.1921523375    -2328.6757487234    -0.0001226658           0.001180
   23      30     -3533.1922495454    -2328.6758459313    -0.0000972079           0.001092
   24      30     -3533.1923554516    -2328.6759518375    -0.0001059062           0.001070
   25      30     -3533.1925090661    -2328.6761054520    -0.0001536145           0.001077
   26      30     -3533.1927007946    -2328.6762971805    -0.0001917285           0.001033
   27      30     -3533.1929042294    -2328.6765006153    -0.0002034347           0.001119
   28      30     -3533.1930901928    -2328.6766865787    -0.0001859635           0.001033
   29      30     -3533.1932510256    -2328.6768474115    -0.0001608327           0.001021
   30      30     -3533.1933831101    -2328.6769794960    -0.0001320845           0.001085
   31      30     -3533.1934848121    -2328.6770811980    -0.0001017020           0.001044
   32      30     -3533.1935606670    -2328.6771570528    -0.0000758549           0.001087
   33      30     -3533.1936153169    -2328.6772117028    -0.0000546500           0.001086
   34      30     -3533.1936602813    -2328.6772566671    -0.0000449643           0.001120
   35      30     -3533.1936844186    -2328.6772808045    -0.0000241374           0.001072
   36      30     -3533.1936996286    -2328.6772960144    -0.0000152099           0.001063
   37      30     -3533.1937088149    -2328.6773052007    -0.0000091863           0.001115
   38      30     -3533.1937145890    -2328.6773109749    -0.0000057742           0.001010
   39      30     -3533.1937178434    -2328.6773142293    -0.0000032544           0.001046
   40      40     -3533.1937329177    -2328.6773293036    -0.0000150742           0.000201
   41      40     -3533.1937353682    -2328.6773317540    -0.0000024505           0.000203
   42      50     -3533.1937375357    -2328.6773339215    -0.0000021675           0.000034


  RESULTS OF THE OCCUPATION OPTIMIZATION
 ========================================

   OM     Occupation      Elag Diag

    1      1.9999999   -103.8610345
    2      1.9999998    -80.4927309
    3      1.9999998    -80.0758298
    4      1.9999998    -79.8830087
    5      1.9999998    -69.9539418
    6      1.9999997    -68.7473740
    7      1.9999791     -8.0053230
    8      1.9999786     -8.0024795
    9      1.9999611    -26.2838986
   10      1.9999378     -9.2589074
   11      1.9999233     -9.2711086
   12      1.9999200    -20.7035683
   13      1.9999152     -5.6428951
   14      1.9999074     -5.6932040
   15      1.9999010     -5.4052891
   16      1.9998980     -6.0663951
   17      1.9998929     -6.0000326
   18      1.9998881     -5.8675760
   19      1.9998842     -6.0889361
   20      1.9998835     -5.6735766
   21      1.9998702     -6.0757541
   22      1.9998272     -6.0941539
   23      1.9998244     -5.9794286
   24      1.9998198     -6.0163230
   25      1.9998066     -6.0681381
   26      1.9998048     -5.9325863
   27      1.9998029     -5.9469259
   28      1.9998011     -3.5146284
   29      1.9997941     -6.0982810
   30      1.9997207     -3.8036660
   31      1.9997185     -3.6986978
   32      1.9997170    -11.2371588
   33      1.9997126     -3.7333008
   34      1.9995711     -7.6311339
   35      1.9995513     -7.6206542
   36      1.9904700     -0.9274163
   37      1.9896694     -0.9020345
   38      1.9893686     -0.8992597
   39      1.9882321     -0.8044533
   40      1.9874303     -0.8775397
   41      1.9852703     -0.8358964
   42      1.9843968     -0.6206680
   43      1.9838557     -0.8163703
   44      1.9835836     -0.9162475
   45      1.9828862     -0.5676258
   46      1.9812303     -0.5544360
   47      1.9792104     -0.7848493
   48      1.9781403     -0.5056365
   49      1.9770361     -0.6504819
   50      1.9765286     -0.7204198
   51      1.9760856     -0.9034674
   52      1.9744641     -0.9961273
   53      1.9741894     -0.9856421
   54      1.9720077     -0.6995759
   55      1.9718161     -0.6983736
   56      1.9699934     -0.6137521
   57      1.9369757     -0.5313006
   58      1.9325730     -0.4617620
   59      1.9318284     -0.4358308
   60      1.9288220     -0.4507750
   61      1.9243473     -0.4547830
   62      1.8701533     -0.3934745
   63      1.8605974     -0.3880255
   64      1.8237855     -0.3405478
   65      0.1729393     -0.0433223
   66      0.1323259     -0.0373011
   67      0.1239991     -0.0353566
   68      0.0659024     -0.0231331
   69      0.0634199     -0.0217981
   70      0.0606049     -0.0208597
   71      0.0384652     -0.0147327
   72      0.0584471     -0.0261347
   73      0.0241385     -0.0151507
   74      0.0235128     -0.0165563
   75      0.0234716     -0.0166618
   76      0.0241153     -0.0231733
   77      0.0237233     -0.0230153
   78      0.0227346     -0.0219888
   79      0.0190619     -0.0138159
   80      0.0171953     -0.0109248
   81      0.0144596     -0.0076717
   82      0.0066941     -0.0040421
   83      0.0109346     -0.0071143
   84      0.0070375     -0.0047737
   85      0.0149212     -0.0149700
   86      0.0103143     -0.0060772
   87      0.0092851     -0.0066975
   88      0.0062293     -0.0035771
   89      0.0110661     -0.0116422
   90      0.0092248     -0.0075719
   91      0.0096210     -0.0116669
   92      0.0009334     -0.0019049
   93      0.0008494     -0.0017686
   94      0.0004230     -0.0037418
   95      0.0000224     -0.0001966
   96      0.0000384     -0.0001745
   97      0.0002694     -0.0035224
   98      0.0002430     -0.0010242
   99      0.0002485     -0.0010939
  100      0.0001927     -0.0012601
  101      0.0000474     -0.0002010
  102      0.0001798     -0.0011361
  103      0.0000134     -0.0000931
  104      0.0001735     -0.0011174
  105      0.0001651     -0.0010286
  106      0.0001641     -0.0010466
  107      0.0001625     -0.0010402
  108      0.0000162     -0.0001114
  109      0.0001008     -0.0005635
  110      0.0000134     -0.0000923
  111      0.0000218     -0.0001297
  112      0.0000138     -0.0000938
  113      0.0000885     -0.0005900
  114      0.0000378     -0.0002097
  115      0.0000707     -0.0004160
  116      0.0000672     -0.0003920
  117      0.0000760     -0.0016706
  118      0.0000042     -0.0000418
  119      0.0000580     -0.0005742
  120      0.0000379     -0.0010266
  121      0.0000071     -0.0000554
  122      0.0000140     -0.0001018
  123      0.0000001     -0.0000078
  124      0.0000001     -0.0000073
  125      0.0000001     -0.0000058
  126      0.0000001     -0.0000050
  127      0.0000001     -0.0000054
  128      0.0000000     -0.0000034
  129      0.0032752     -0.0016904
  130      0.0070767     -0.0034225
  131      0.0058475     -0.0030899
  132      0.0097503     -0.0047552
  133      0.0077581     -0.0040068
  134      0.0075668     -0.0039100
  135      0.0289618     -0.0123873
  136      0.0045772     -0.0032713
  137      0.0058682     -0.0046724
  138      0.0046711     -0.0044747
  139      0.0045206     -0.0043866
  140      0.0016953     -0.0026183
  141      0.0018126     -0.0027665
  142      0.0011799     -0.0021534
  143      0.0044095     -0.0040636
  144      0.0057685     -0.0043038
  145      0.0074001     -0.0045389
  146      0.0140954     -0.0072882
  147      0.0078351     -0.0051356
  148      0.0100763     -0.0067751
  149      0.0014952     -0.0024055
  150      0.0058299     -0.0038123
  151      0.0063181     -0.0046468
  152      0.0085004     -0.0045109
  153      0.0015036     -0.0024542
  154      0.0025431     -0.0023928
  155      0.0010104     -0.0020651
  156      0.0093972     -0.0114657
  157      0.0086807     -0.0109903
  158      0.0000256     -0.0002229
  159      0.0004065     -0.0036293
  160      0.0002490     -0.0010801
  161      0.0000135     -0.0001677
  162      0.0000385     -0.0001775
  163      0.0000308     -0.0001461
  164      0.0000132     -0.0000883
  165      0.0001515     -0.0006186
  166      0.0000173     -0.0001043
  167      0.0001817     -0.0011364
  168      0.0000199     -0.0001320
  169      0.0000151     -0.0001012
  170      0.0000116     -0.0000825
  171      0.0000104     -0.0000733
  172      0.0001136     -0.0007186
  173      0.0000158     -0.0001035
  174      0.0001023     -0.0006770
  175      0.0000902     -0.0005463
  176      0.0000933     -0.0006082
  177      0.0000136     -0.0000899
  178      0.0000612     -0.0003271
  179      0.0000219     -0.0001351
  180      0.0000176     -0.0001027
  181      0.0000040     -0.0000816
  182      0.0000725     -0.0007315
  183      0.0000042     -0.0000431
  184      0.0000009     -0.0000194
  185      0.0000142     -0.0001022
  186      0.0000069     -0.0000557
  187      0.0000001     -0.0000064
  188      0.0000001     -0.0000058
  189      0.0000001     -0.0000047
  190      0.0000001     -0.0000047
  191      0.0000001     -0.0000043
  192      0.0000000     -0.0000032

   RO Sum ( 128) =  128.00

  ---------------
   Dipole Moment
  ---------------

      6.7473 Debye [   2.6546  (  -0.9634,  -1.1700,   2.1794) ]

 ----------------
  Final Energies  
 ----------------

  Final NOF Total Energy =    -2328.6773339215 ( 3.E-05 , 0.E+00 )


  **************************************************
  *                                                *
  *       SINGLE-POINT DoNOF CALCULATION           *
  *                                                *
  *             FULL OPTIMIZATION                  *
  *                                                *
  *  FINAL RESULTS   FINAL RESULTS  FINAL RESULTS  *
  *                                                *
  **************************************************

  **************************************************
  *         No. EXTERNAL ITER =    42              *
  *         No. of TOTAL ITER =  1280              *
  **************************************************

  Elapsed real time :  51505.27  (Seconds)
  Git sha : bcb372acca69df19ae91719c988dea244a3c3d1c                                                            

 The execution finished at  0h 20min on the 12/ 6/2024
