 This is the parallel version of the code
 This is the parallel version of the code
 This is the parallel version of the code
 This is the parallel version of the code
 This is the parallel version of the code
 This is the parallel version of the code
 This is the parallel version of the code
 This is the parallel version of the code
Master:    0

 The execution started at  9h 55min on the 12/ 5/2024

    ===========================================================
    !                                                         !
    !                        Do N O F                         !
    !                                                         !
    !  (Donostia Natural Orbital Functional Software Program) !
    !                                                         !
    !               COPYRIGHT by Mario Piris                  !
    !                                                         !
    !      Donostia International Physics Center (DIPC)       !
    !       University of the Basque Country (UPV/EHU)        !
    !       Basque Foundation for Science (IKERBASQUE)        !
    !                                                         !
    !          GNU General Public License version 3           !
    !                                                         !
    !                  VERSION: Mayo 2024                     !
    !                                                         !
    ===========================================================

 Run Title
 ---------
 p30-5 set                                                                       

 Basis Set
 ---------
 /beegfs_agamede/gscratch/povmieci/SCRATCH/66803/def2-svp.bas                    

 Atom      Charge                Coordinates (Bohr)
                           x             y             z
 H           1.0       -1.9463        0.7652        1.4785
 H           1.0       -4.9363       -1.4047        0.5781
 H           1.0        2.6803        3.3930       -0.7528
 B           5.0        3.1831       -2.8396        4.1458
 B           5.0       -2.8765       -0.7281       -0.0399
 H           1.0        4.5448       -2.2248        5.8499
 O           8.0       -3.1531        0.8228       -2.6088
 B           5.0       -1.0294        2.1564       -3.7473
 F           9.0        3.3402        3.2678        1.0033
 O           8.0        1.1490        1.8086       -2.6241
 H           1.0       -1.4607       -2.4932       -0.5282
 H           1.0        0.9582       -2.2438        4.4036
 H           1.0       -4.8297        0.9965       -3.3210
 H           1.0       -1.5603        3.4029       -5.5484
 P          15.0        4.2480       -4.3086        1.2302
 MG         12.0        1.6887       -0.3705        0.4811

 Atomic Basis Set
 ----------------
 The contracted primitive functions were unnormalized
 The contracted basis functions are now normalized to unity

  Shell Type  Primitive         Exponent  Contraction Coefficient

 H         

      1   S       1            13.0107010    0.033485484813
      1   S       2             1.9622572    0.234721870881
      1   S       3             0.4445380    0.813770285260

      2   S       4             0.1219496    1.000000000000

      3   P       5             0.8000000    1.000000000000

 H         

      4   S       6            13.0107010    0.033485484813
      4   S       7             1.9622572    0.234721870881
      4   S       8             0.4445380    0.813770285260

      5   S       9             0.1219496    1.000000000000

      6   P      10             0.8000000    1.000000000000

 H         

      7   S      11            13.0107010    0.033485484813
      7   S      12             1.9622572    0.234721870881
      7   S      13             0.4445380    0.813770285260

      8   S      14             0.1219496    1.000000000000

      9   P      15             0.8000000    1.000000000000

 B         

     10   S      16           839.3183009   -0.005628883598
     10   S      17           126.2646484   -0.041832794610
     10   S      18            28.6206008   -0.184174881258
     10   S      19             7.8793723   -0.468396550281
     10   S      20             2.4088857   -0.444579308833

     11   S      21             0.2510511    1.000000000000

     12   S      22             0.0836489    1.000000000000

     13   P      23             6.0332224   -0.054032500323
     13   P      24             1.2499158   -0.301940343932
     13   P      25             0.3387168   -0.771707916582

     14   P      26             0.0964156    1.000000000000

     15   D      27             0.5000000    1.000000000000

 B         

     16   S      28           839.3183009   -0.005628883598
     16   S      29           126.2646484   -0.041832794610
     16   S      30            28.6206008   -0.184174881258
     16   S      31             7.8793723   -0.468396550281
     16   S      32             2.4088857   -0.444579308833

     17   S      33             0.2510511    1.000000000000

     18   S      34             0.0836489    1.000000000000

     19   P      35             6.0332224   -0.054032500323
     19   P      36             1.2499158   -0.301940343932
     19   P      37             0.3387168   -0.771707916582

     20   P      38             0.0964156    1.000000000000

     21   D      39             0.5000000    1.000000000000

 H         

     22   S      40            13.0107010    0.033485484813
     22   S      41             1.9622572    0.234721870881
     22   S      42             0.4445380    0.813770285260

     23   S      43             0.1219496    1.000000000000

     24   P      44             0.8000000    1.000000000000

 O         

     25   S      45          2266.1767785   -0.005389350392
     25   S      46           340.8701019   -0.040234721389
     25   S      47            77.3631352   -0.180081842055
     25   S      48            21.4796449   -0.468288576577
     25   S      49             6.6589433   -0.446926171602

     26   S      50             0.8097598    1.000000000000

     27   S      51             0.2553077    1.000000000000

     28   P      52            17.7215043    0.062630248763
     28   P      53             3.8635505    0.333311384824
     28   P      54             1.0480921    0.741486383081

     29   P      55             0.2764154    1.000000000000

     30   D      56             1.2000000    1.000000000000

 B         

     31   S      57           839.3183009   -0.005628883598
     31   S      58           126.2646484   -0.041832794610
     31   S      59            28.6206008   -0.184174881258
     31   S      60             7.8793723   -0.468396550281
     31   S      61             2.4088857   -0.444579308833

     32   S      62             0.2510511    1.000000000000

     33   S      63             0.0836489    1.000000000000

     34   P      64             6.0332224   -0.054032500323
     34   P      65             1.2499158   -0.301940343932
     34   P      66             0.3387168   -0.771707916582

     35   P      67             0.0964156    1.000000000000

     36   D      68             0.5000000    1.000000000000

 F         

     37   S      69          2894.8325990   -0.005349321176
     37   S      70           435.4193912   -0.039967734372
     37   S      71            98.8433289   -0.179412617888
     37   S      72            27.4851980   -0.468324686869
     37   S      73             8.5405498   -0.447241605328

     38   S      74             1.0654578    1.000000000000

     39   S      75             0.3324735    1.000000000000

     40   P      76            22.6966339   -0.064782148241
     40   P      77             4.9872339   -0.340357853553
     40   P      78             1.3491614   -0.734858153660

     41   P      79             0.3482988    1.000000000000

     42   D      80             1.4000000    1.000000000000

 O         

     43   S      81          2266.1767785   -0.005389350392
     43   S      82           340.8701019   -0.040234721389
     43   S      83            77.3631352   -0.180081842055
     43   S      84            21.4796449   -0.468288576577
     43   S      85             6.6589433   -0.446926171602

     44   S      86             0.8097598    1.000000000000

     45   S      87             0.2553077    1.000000000000

     46   P      88            17.7215043    0.062630248763
     46   P      89             3.8635505    0.333311384824
     46   P      90             1.0480921    0.741486383081

     47   P      91             0.2764154    1.000000000000

     48   D      92             1.2000000    1.000000000000

 H         

     49   S      93            13.0107010    0.033485484813
     49   S      94             1.9622572    0.234721870881
     49   S      95             0.4445380    0.813770285260

     50   S      96             0.1219496    1.000000000000

     51   P      97             0.8000000    1.000000000000

 H         

     52   S      98            13.0107010    0.033485484813
     52   S      99             1.9622572    0.234721870881
     52   S     100             0.4445380    0.813770285260

     53   S     101             0.1219496    1.000000000000

     54   P     102             0.8000000    1.000000000000

 H         

     55   S     103            13.0107010    0.033485484813
     55   S     104             1.9622572    0.234721870881
     55   S     105             0.4445380    0.813770285260

     56   S     106             0.1219496    1.000000000000

     57   P     107             0.8000000    1.000000000000

 H         

     58   S     108            13.0107010    0.033485484813
     58   S     109             1.9622572    0.234721870881
     58   S     110             0.4445380    0.813770285260

     59   S     111             0.1219496    1.000000000000

     60   P     112             0.8000000    1.000000000000

 P         

     61   S     113          8002.4795106    0.005525555279
     61   S     114          1203.6813590    0.041326367171
     61   S     115           273.4422703    0.186070058991
     61   S     116            76.6555415    0.477107006766
     61   S     117            23.5169274    0.432247688783

     62   S     118            39.7916834    0.090954145513
     62   S     119             4.2770343   -0.550855656186
     62   S     120             1.6940257   -0.518269979075

     63   S     121             0.2756767    1.000000000000

     64   S     122             0.1049559    1.000000000000

     65   P     123           219.5075582    0.009573910140
     65   P     124            51.2741550    0.067993851914
     65   P     125            15.9215959    0.249832097533
     65   P     126             5.5069913    0.481481790475
     65   P     127             1.9537719    0.388697985432

     66   P     128             0.4780340    1.000000000000

     67   P     129             0.1365795    1.000000000000

     68   D     130             0.4500000    1.000000000000

 MG        

     69   S     131          4953.8339196   -0.005730348253
     69   S     132           745.1804415   -0.042769871122
     69   S     133           169.2160497   -0.191096515460
     69   S     134            47.3006720   -0.482411503269
     69   S     135            14.4613370   -0.422007266852

     70   S     136            24.7681748    0.087115605721
     70   S     137             2.4940945   -0.546373693218
     70   S     138             0.8780758   -0.529320757859

     71   S     139             0.0872128    1.000000000000

     72   S     140             0.0335993    1.000000000000

     73   P     141            98.0530105   -0.014480564601
     73   P     142            22.5869323   -0.095495750787
     73   P     143             6.8391510   -0.307876726509
     73   P     144             2.2332844   -0.499362928859
     73   P     145             0.7160660   -0.315034762129

     74   P     146             0.1891480    1.000000000000

     75   P     147             0.0537688    1.000000000000

     76   D     148             0.1010000    1.000000000000

 Total Number of Basis Set Shells             =   76
 Total Number of Primitives                   =  148
 Number of Cartesian Gaussian Basis Functions =  168
 Number of Electrons                          =   75
 Charge of Molecule                           =    0
 Spin Multiplicity                            =    2
 Number of Occupied Orbitals (Alpha)          =   38
 Number of Occupied Orbitals (Beta )          =   37
 Total Number of Atoms                        =   16

 Input Run Options
 -----------------
 IRUNTYP = 1  MULT = 2  ICHARG =  0 IECP = 0  IEMOM = 1  UNITS = ANGS    

 Integral Options
 ----------------
 CUTOFF = 1.0E-09   ISCHWZ = 1   ERITYP = FULL

 Input NOF Options
 -----------------

 Type of calculation =    Coeff. Opt.:   (ICOEF)         1
 Use Softmax function for Occ. Opt.:     (ISOFTMAX)      1
 Type of Orb. Opt. = Orbital Rotations:  (IORBOPT)       4
 Maximum Number of Occ-Coef Outer Iter.: (MAXIT)      1000

 Natural Orbital Functional Selected:    (IPNOF)         7
 Spin-Multiplet, High-Spin State Option: (HighSpin)      F

 Restart calculation Option:             (RESTART)       T
 Orthogonalize the initial Orbitals:     (ORTHO)         T

 Output Option:                          (NPRINT)        0
 Output the Coefficient Matrix:          (IWRITEC)       0
 Do a Mulliken Population Analysis:      (IMULPOP)       0
 Write Information into a WFN file:      (IAIMPAC)       1
 Write Information into a FCHK file:     (IFCHK)         1
 Write Information into a MLP file:      (MOLDEN)        1
 Create Ini. Cond. (ini.xyz) file:       (INICOND)       1
 Calculate IPs using Ext. Koopmans Theo: (IEKT)          0
 Write APSG expansion coefficient file:  (APSG)          F
 Output option for Lagrange Multipliers: (PRINTLAG)      F
 Diagonalize matrix of Lag. Multipliers: (DIAGLAG)       F

 Nuclear Coordinates from GCF file:
 ----------------------------------

 Atom      Charge                Coordinates (Bohr)
                           x             y             z
 H        1.00000       -1.9463        0.7652        1.4785
 H        1.00000       -4.9363       -1.4047        0.5781
 H        1.00000        2.6803        3.3930       -0.7528
 B        5.00000        3.1831       -2.8396        4.1458
 B        5.00000       -2.8765       -0.7281       -0.0399
 H        1.00000        4.5448       -2.2248        5.8499
 O        8.00000       -3.1531        0.8228       -2.6088
 B        5.00000       -1.0294        2.1564       -3.7473
 F        9.00000        3.3402        3.2678        1.0033
 O        8.00000        1.1490        1.8086       -2.6241
 H        1.00000       -1.4607       -2.4932       -0.5282
 H        1.00000        0.9582       -2.2438        4.4036
 H        1.00000       -4.8297        0.9965       -3.3210
 H        1.00000       -1.5603        3.4029       -5.5484
 P       15.00000        4.2480       -4.3086        1.2302
 MG      12.00000        1.6887       -0.3705        0.4811

------------------------------------------------------------------------

 Orbital Space
 -------------

 Inactive Doubly occupied orbitals up to NO1  =    0
 No. considered Strongly Doubly occupied MOs  =   37
 No. considered Strongly Singly occupied MOs  =    1
 No. of Weakly occ. per St. Doubly occ.  MOs  =    3
 Dimension of the Active Nat. Orb. subspace   =  148
 Secondary Empty orbitals                     =   19

 1e- integrals
 -------------
 Time to do integrals =      0.01

 2e- integrals
 -------------
 DONTW option skips storage 2e- integrals on Unit 1
            57343665 2e- integrals in     1 records
 Time to do integrals =      5.04

 Distribution Full ERIs:

 Integrals:                          57343665
 Max size per slaves:                 7167960
 Max size in master:                 64511625

 No violations of the orthonormality


  RESULTS OF OCCUPATION-COEFFICIENT OPTIMIZATION
 ================================================

  Ex It  Orb It    Electronic Energy     Total Energy   Energy Convergency    Max Mul-Lag Diff

    1      10     -1329.7897595724     -868.2894055524     0.0000000000           0.040826
    2      30     -1329.8589212605     -868.3585672405    -0.0691616881           0.003610
    3      30     -1329.8895001599     -868.3891461399    -0.0305788994           0.003002
    4      30     -1329.9053369035     -868.4049828836    -0.0158367437           0.002389
    5      30     -1329.9175093592     -868.4171553392    -0.0121724556           0.002389
    6      30     -1329.9280985749     -868.4277445549    -0.0105892157           0.002427
    7      30     -1329.9372951276     -868.4369411077    -0.0091965528           0.002411
    8      30     -1329.9449206205     -868.4445666006    -0.0076254929           0.002312
    9      30     -1329.9509497969     -868.4505957770    -0.0060291764           0.002112
   10      30     -1329.9557361612     -868.4553821413    -0.0047863643           0.001822
   11      30     -1329.9594887219     -868.4591347019    -0.0037525607           0.001530
   12      30     -1329.9622761210     -868.4619221010    -0.0027873991           0.001756
   13      30     -1329.9642427847     -868.4638887647    -0.0019666637           0.001828
   14      30     -1329.9655787935     -868.4652247736    -0.0013360089           0.001725
   15      30     -1329.9664418630     -868.4660878431    -0.0008630695           0.001475
   16      30     -1329.9670177135     -868.4666636935    -0.0005758505           0.001101
   17      30     -1329.9673936585     -868.4670396386    -0.0003759450           0.000714
   18      30     -1329.9676218270     -868.4672678071    -0.0002281685           0.000725
   19      30     -1329.9677634372     -868.4674094172    -0.0001416102           0.000715
   20      30     -1329.9678809116     -868.4675268917    -0.0001174745           0.000762
   21      30     -1329.9679778386     -868.4676238186    -0.0000969269           0.000732
   22      30     -1329.9680509049     -868.4676968849    -0.0000730663           0.000731
   23      30     -1329.9681011125     -868.4677470925    -0.0000502076           0.000708
   24      30     -1329.9681345608     -868.4677805408    -0.0000334483           0.000736
   25      30     -1329.9681577523     -868.4678037324    -0.0000231915           0.000722
   26      30     -1329.9681761858     -868.4678221659    -0.0000184335           0.000733
   27      30     -1329.9681929991     -868.4678389792    -0.0000168133           0.000741
   28      30     -1329.9682093625     -868.4678553425    -0.0000163633           0.000743
   29      30     -1329.9682258905     -868.4678718705    -0.0000165280           0.000743
   30      30     -1329.9682410824     -868.4678870625    -0.0000151919           0.000751
   31      30     -1329.9682561207     -868.4679021007    -0.0000150382           0.000745
   32      30     -1329.9682704436     -868.4679164236    -0.0000143229           0.000714
   33      30     -1329.9682851938     -868.4679311739    -0.0000147502           0.000730
   34      30     -1329.9683002547     -868.4679462347    -0.0000150609           0.000754
   35      30     -1329.9683153170     -868.4679612970    -0.0000150623           0.000716
   36      40     -1329.9683380056     -868.4679839857    -0.0000226887           0.000148
   37      50     -1329.9683573052     -868.4680032852    -0.0000192995           0.000023
   38      50     -1329.9683577937     -868.4680037737    -0.0000004885           0.000023


  RESULTS OF THE OCCUPATION OPTIMIZATION
 ========================================

   OM     Occupation      Elag Diag

    1      1.9999998    -67.7300558
    2      1.9999997    -61.2271298
    3      1.9999603    -26.3425683
    4      1.9999431     -5.3463763
    5      1.9999233    -20.5701807
    6      1.9999189    -20.6832918
    7      1.9999044     -5.8261319
    8      1.9998691     -6.1736450
    9      1.9998485     -6.1320539
   10      1.9997464     -2.7532851
   11      1.9996889     -2.7245583
   12      1.9996822     -2.6844578
   13      1.9996794     -2.6725189
   14      1.9996005     -7.6953425
   15      1.9995893     -7.6246564
   16      1.9995854     -7.5740244
   17      1.9891872     -0.9614136
   18      1.9884411     -0.9492275
   19      1.9877655     -0.9732862
   20      1.9856195     -0.7761589
   21      1.9844020     -1.0236396
   22      1.9833902     -0.8089567
   23      1.9830777     -0.7792618
   24      1.9801753     -0.9336388
   25      1.9765315     -0.8258679
   26      1.9763111     -0.9766337
   27      1.9748466     -0.7828262
   28      1.9741329     -1.0076114
   29      1.9738492     -0.6226625
   30      1.9711471     -0.5999205
   31      1.9706702     -0.6005066
   32      1.9706370     -0.5697601
   33      1.9658705     -0.5491531
   34      1.9653349     -0.5781484
   35      1.9621416     -0.6278296
   36      1.9496398     -0.5342410
   37      1.8416438     -0.3530625
   38      1.0000000     -0.1885947
   39      0.1423550     -0.0374130
   40      0.0330486     -0.0164146
   41      0.0068601     -0.0039945
   42      0.0084281     -0.0060428
   43      0.0077823     -0.0054927
   44      0.0035695     -0.0033086
   45      0.0192329     -0.0125746
   46      0.0191424     -0.0125453
   47      0.0160444     -0.0112619
   48      0.0222218     -0.0221140
   49      0.0018603     -0.0023847
   50      0.0216308     -0.0223235
   51      0.0205555     -0.0180207
   52      0.0009521     -0.0016949
   53      0.0018045     -0.0027163
   54      0.0011900     -0.0020072
   55      0.0145980     -0.0158082
   56      0.0012741     -0.0020253
   57      0.0004774     -0.0009774
   58      0.0101286     -0.0124008
   59      0.0090547     -0.0114710
   60      0.0000109     -0.0001003
   61      0.0000247     -0.0002209
   62      0.0000270     -0.0002518
   63      0.0000256     -0.0001016
   64      0.0002526     -0.0008015
   65      0.0002611     -0.0008445
   66      0.0000187     -0.0000778
   67      0.0001394     -0.0008750
   68      0.0001182     -0.0007572
   69      0.0000801     -0.0004682
   70      0.0000019     -0.0000411
   71      0.0000750     -0.0016404
   72      0.0000153     -0.0000725
   73      0.0000385     -0.0010358
   74      0.0000001     -0.0000049
   75      0.0000001     -0.0000044
   76      0.0049275     -0.0024248
   77      0.0069361     -0.0046017
   78      0.0173773     -0.0076275
   79      0.0220940     -0.0132150
   80      0.0213528     -0.0127454
   81      0.0070774     -0.0053801
   82      0.0069862     -0.0056080
   83      0.0065532     -0.0053265
   84      0.0044664     -0.0041180
   85      0.0019367     -0.0027848
   86      0.0008118     -0.0012042
   87      0.0001509     -0.0002584
   88      0.0023149     -0.0027926
   89      0.0183750     -0.0180256
   90      0.0138239     -0.0129607
   91      0.0006712     -0.0011083
   92      0.0005671     -0.0010989
   93      0.0122651     -0.0117249
   94      0.0007963     -0.0016505
   95      0.0005937     -0.0011813
   96      0.0009050     -0.0019134
   97      0.0003842     -0.0034124
   98      0.0000206     -0.0001860
   99      0.0003541     -0.0032353
  100      0.0000391     -0.0001483
  101      0.0000362     -0.0001340
  102      0.0000274     -0.0001046
  103      0.0000236     -0.0000948
  104      0.0000058     -0.0000393
  105      0.0000057     -0.0000416
  106      0.0000070     -0.0000457
  107      0.0000784     -0.0017237
  108      0.0000007     -0.0000143
  109      0.0000294     -0.0001352
  110      0.0000007     -0.0000197
  111      0.0000001     -0.0000051
  112      0.0000001     -0.0000034
  113      0.0110737     -0.0047888
  114      0.0103755     -0.0062755
  115      0.0136211     -0.0068308
  116      0.0041430     -0.0035806
  117      0.0049943     -0.0040722
  118      0.0187161     -0.0121147
  119      0.0031106     -0.0030227
  120      0.0031572     -0.0030461
  121      0.0056400     -0.0047282
  122      0.0017086     -0.0024624
  123      0.0224813     -0.0185328
  124      0.0019072     -0.0028883
  125      0.0005981     -0.0009272
  126      0.0004976     -0.0009121
  127      0.0012940     -0.0019734
  128      0.0147485     -0.0138560
  129      0.0004328     -0.0008136
  130      0.0008412     -0.0013488
  131      0.0109608     -0.0132995
  132      0.0008366     -0.0017478
  133      0.0008531     -0.0016353
  134      0.0000196     -0.0001761
  135      0.0003654     -0.0032992
  136      0.0000184     -0.0001705
  137      0.0002559     -0.0008300
  138      0.0000290     -0.0001104
  139      0.0000227     -0.0000947
  140      0.0002114     -0.0006847
  141      0.0000063     -0.0000433
  142      0.0000070     -0.0000471
  143      0.0000085     -0.0000565
  144      0.0000008     -0.0000150
  145      0.0000010     -0.0000228
  146      0.0000122     -0.0000604
  147      0.0000004     -0.0000113
  148      0.0000001     -0.0000044
  149      0.0000001     -0.0000037

   RO Sum (  75) =   75.00

  ---------------
   Dipole Moment
  ---------------

      6.8202 Debye [   2.6833  (  -1.8340,   1.2853,  -1.4780) ]

 ----------------
  Final Energies  
 ----------------

  Final NOF Total Energy =     -868.4680037737 ( 2.E-05 , 0.E+00 )


  **************************************************
  *                                                *
  *       SINGLE-POINT DoNOF CALCULATION           *
  *                                                *
  *             FULL OPTIMIZATION                  *
  *                                                *
  *  FINAL RESULTS   FINAL RESULTS  FINAL RESULTS  *
  *                                                *
  **************************************************

  **************************************************
  *         No. EXTERNAL ITER =    38              *
  *         No. of TOTAL ITER =  1170              *
  **************************************************

  Elapsed real time :  21934.40  (Seconds)
  Git sha : bcb372acca69df19ae91719c988dea244a3c3d1c                                                            

 The execution finished at 16h  3min on the 12/ 5/2024
