 This is the parallel version of the code
 This is the parallel version of the code
 This is the parallel version of the code
 This is the parallel version of the code
 This is the parallel version of the code
 This is the parallel version of the code
 This is the parallel version of the code
 This is the parallel version of the code
Master:    0

 The execution started at 15h 33min on the  1/ 6/2025

    ===========================================================
    !                                                         !
    !                        Do N O F                         !
    !                                                         !
    !  (Donostia Natural Orbital Functional Software Program) !
    !                                                         !
    !               COPYRIGHT by Mario Piris                  !
    !                                                         !
    !      Donostia International Physics Center (DIPC)       !
    !       University of the Basque Country (UPV/EHU)        !
    !       Basque Foundation for Science (IKERBASQUE)        !
    !                                                         !
    !          GNU General Public License version 3           !
    !                                                         !
    !                  VERSION: Mayo 2024                     !
    !                                                         !
    ===========================================================

 Run Title
 ---------
 p30-20 set                                                                      

 Basis Set
 ---------
 /beegfs_agamede/gscratch/povmieci/SCRATCH/83417/def2-svp.bas                    

 Atom      Charge                Coordinates (Bohr)
                           x             y             z
 H           1.0       -2.1413       -1.3440       -2.3249
 F           9.0        4.4667       -2.0480        0.4442
 P          15.0       -4.9221       -1.7373        0.9689
 AL         13.0       -1.3097       -0.5298        3.4445
 H           1.0       -4.3421       -4.3047        0.3989
 H           1.0        0.6179        2.6248       -3.2823
 AL         13.0        4.2356       -1.6884       -3.5382
 B           5.0        2.2313        1.9358       -1.8038
 LI          3.0       -2.3229        2.9060       -1.3968
 P          15.0        2.3456        2.8607        1.8283
 O           8.0       -3.6643       -0.4291       -1.8196
 H           1.0       -0.3493       -1.7599        5.9802
 H           1.0        0.2950       -2.0023        0.5302
 B           5.0        2.1045       -0.5674        0.3098
 S          16.0       -1.5936        3.6918        2.8788
 H           1.0        4.3486        2.3917       -2.6180

 Atomic Basis Set
 ----------------
 The contracted primitive functions were unnormalized
 The contracted basis functions are now normalized to unity

  Shell Type  Primitive         Exponent  Contraction Coefficient

 H         

      1   S       1            13.0107010    0.033485484813
      1   S       2             1.9622572    0.234721870881
      1   S       3             0.4445380    0.813770285260

      2   S       4             0.1219496    1.000000000000

      3   P       5             0.8000000    1.000000000000

 F         

      4   S       6          2894.8325990   -0.005349321176
      4   S       7           435.4193912   -0.039967734372
      4   S       8            98.8433289   -0.179412617888
      4   S       9            27.4851980   -0.468324686869
      4   S      10             8.5405498   -0.447241605328

      5   S      11             1.0654578    1.000000000000

      6   S      12             0.3324735    1.000000000000

      7   P      13            22.6966339   -0.064782148241
      7   P      14             4.9872339   -0.340357853553
      7   P      15             1.3491614   -0.734858153660

      8   P      16             0.3482988    1.000000000000

      9   D      17             1.4000000    1.000000000000

 P         

     10   S      18          8002.4795106    0.005525555279
     10   S      19          1203.6813590    0.041326367171
     10   S      20           273.4422703    0.186070058991
     10   S      21            76.6555415    0.477107006766
     10   S      22            23.5169274    0.432247688783

     11   S      23            39.7916834    0.090954145513
     11   S      24             4.2770343   -0.550855656186
     11   S      25             1.6940257   -0.518269979075

     12   S      26             0.2756767    1.000000000000

     13   S      27             0.1049559    1.000000000000

     14   P      28           219.5075582    0.009573910140
     14   P      29            51.2741550    0.067993851914
     14   P      30            15.9215959    0.249832097533
     14   P      31             5.5069913    0.481481790475
     14   P      32             1.9537719    0.388697985432

     15   P      33             0.4780340    1.000000000000

     16   P      34             0.1365795    1.000000000000

     17   D      35             0.4500000    1.000000000000

 AL        

     18   S      36          5887.5727030    0.005651978962
     18   S      37           885.6122600    0.042218253427
     18   S      38           201.1360490    0.189187196726
     18   S      39            56.2849747    0.480435911881
     18   S      40            17.2295512    0.425872684294

     19   S      41            29.3402499    0.088568603239
     19   S      42             3.0439630   -0.543157066723
     19   S      43             1.1285540   -0.529385510294

     20   S      44             0.1423418    1.000000000000

     21   S      45             0.0544002    1.000000000000

     22   P      46           145.1191881    0.010726377859
     22   P      47            33.7178948    0.074103623546
     22   P      48            10.3698631    0.261296213060
     22   P      49             3.5135616    0.480201235327
     22   P      50             1.1980050    0.384382240624

     23   P      51             0.2658301    1.000000000000

     24   P      52             0.0710034    1.000000000000

     25   D      53             0.3000000    1.000000000000

 H         

     26   S      54            13.0107010    0.033485484813
     26   S      55             1.9622572    0.234721870881
     26   S      56             0.4445380    0.813770285260

     27   S      57             0.1219496    1.000000000000

     28   P      58             0.8000000    1.000000000000

 H         

     29   S      59            13.0107010    0.033485484813
     29   S      60             1.9622572    0.234721870881
     29   S      61             0.4445380    0.813770285260

     30   S      62             0.1219496    1.000000000000

     31   P      63             0.8000000    1.000000000000

 AL        

     32   S      64          5887.5727030    0.005651978962
     32   S      65           885.6122600    0.042218253427
     32   S      66           201.1360490    0.189187196726
     32   S      67            56.2849747    0.480435911881
     32   S      68            17.2295512    0.425872684294

     33   S      69            29.3402499    0.088568603239
     33   S      70             3.0439630   -0.543157066723
     33   S      71             1.1285540   -0.529385510294

     34   S      72             0.1423418    1.000000000000

     35   S      73             0.0544002    1.000000000000

     36   P      74           145.1191881    0.010726377859
     36   P      75            33.7178948    0.074103623546
     36   P      76            10.3698631    0.261296213060
     36   P      77             3.5135616    0.480201235327
     36   P      78             1.1980050    0.384382240624

     37   P      79             0.2658301    1.000000000000

     38   P      80             0.0710034    1.000000000000

     39   D      81             0.3000000    1.000000000000

 B         

     40   S      82           839.3183009   -0.005628883598
     40   S      83           126.2646484   -0.041832794610
     40   S      84            28.6206008   -0.184174881258
     40   S      85             7.8793723   -0.468396550281
     40   S      86             2.4088857   -0.444579308833

     41   S      87             0.2510511    1.000000000000

     42   S      88             0.0836489    1.000000000000

     43   P      89             6.0332224   -0.054032500323
     43   P      90             1.2499158   -0.301940343932
     43   P      91             0.3387168   -0.771707916582

     44   P      92             0.0964156    1.000000000000

     45   D      93             0.5000000    1.000000000000

 LI        

     46   S      94           266.2778552    0.006354286535
     46   S      95            40.0697834    0.046734889363
     46   S      96             9.0559944    0.198387923560
     46   S      97             2.4503009    0.475753833454
     46   S      98             0.7220957    0.427014289368

     47   S      99             0.0528109    1.000000000000

     48   S     100             0.0209609    1.000000000000

     49   P     101             1.4500000    0.224912327222
     49   P     102             0.3000000    0.869730577039

     50   P     103             0.0820000    1.000000000000

 P         

     51   S     104          8002.4795106    0.005525555279
     51   S     105          1203.6813590    0.041326367171
     51   S     106           273.4422703    0.186070058991
     51   S     107            76.6555415    0.477107006766
     51   S     108            23.5169274    0.432247688783

     52   S     109            39.7916834    0.090954145513
     52   S     110             4.2770343   -0.550855656186
     52   S     111             1.6940257   -0.518269979075

     53   S     112             0.2756767    1.000000000000

     54   S     113             0.1049559    1.000000000000

     55   P     114           219.5075582    0.009573910140
     55   P     115            51.2741550    0.067993851914
     55   P     116            15.9215959    0.249832097533
     55   P     117             5.5069913    0.481481790475
     55   P     118             1.9537719    0.388697985432

     56   P     119             0.4780340    1.000000000000

     57   P     120             0.1365795    1.000000000000

     58   D     121             0.4500000    1.000000000000

 O         

     59   S     122          2266.1767785   -0.005389350392
     59   S     123           340.8701019   -0.040234721389
     59   S     124            77.3631352   -0.180081842055
     59   S     125            21.4796449   -0.468288576577
     59   S     126             6.6589433   -0.446926171602

     60   S     127             0.8097598    1.000000000000

     61   S     128             0.2553077    1.000000000000

     62   P     129            17.7215043    0.062630248763
     62   P     130             3.8635505    0.333311384824
     62   P     131             1.0480921    0.741486383081

     63   P     132             0.2764154    1.000000000000

     64   D     133             1.2000000    1.000000000000

 H         

     65   S     134            13.0107010    0.033485484813
     65   S     135             1.9622572    0.234721870881
     65   S     136             0.4445380    0.813770285260

     66   S     137             0.1219496    1.000000000000

     67   P     138             0.8000000    1.000000000000

 H         

     68   S     139            13.0107010    0.033485484813
     68   S     140             1.9622572    0.234721870881
     68   S     141             0.4445380    0.813770285260

     69   S     142             0.1219496    1.000000000000

     70   P     143             0.8000000    1.000000000000

 B         

     71   S     144           839.3183009   -0.005628883598
     71   S     145           126.2646484   -0.041832794610
     71   S     146            28.6206008   -0.184174881258
     71   S     147             7.8793723   -0.468396550281
     71   S     148             2.4088857   -0.444579308833

     72   S     149             0.2510511    1.000000000000

     73   S     150             0.0836489    1.000000000000

     74   P     151             6.0332224   -0.054032500323
     74   P     152             1.2499158   -0.301940343932
     74   P     153             0.3387168   -0.771707916582

     75   P     154             0.0964156    1.000000000000

     76   D     155             0.5000000    1.000000000000

 S         

     77   S     156          9184.9303010   -0.005472946613
     77   S     157          1381.5105503   -0.040954402155
     77   S     158           313.8714758   -0.184758289562
     77   S     159            88.0538706   -0.475672806440
     77   S     160            27.0399149   -0.434951535842

     78   S     161            45.6487313   -0.091904045809
     78   S     162             4.9664522    0.556987772145
     78   S     163             2.0116242    0.511154682985

     79   S     164             0.3566108    1.000000000000

     80   S     165             0.1350722    1.000000000000

     81   P     166           261.9823344   -0.009183054659
     81   P     167            61.3068947   -0.065902226526
     81   P     168            19.1037299   -0.245877845187
     81   P     169             6.6567720   -0.482314710760
     81   P     170             2.3959635   -0.389563143514

     82   P     171             0.6177616    1.000000000000

     83   P     172             0.1699338    1.000000000000

     84   D     173             0.5500000    1.000000000000

 H         

     85   S     174            13.0107010    0.033485484813
     85   S     175             1.9622572    0.234721870881
     85   S     176             0.4445380    0.813770285260

     86   S     177             0.1219496    1.000000000000

     87   P     178             0.8000000    1.000000000000

 Total Number of Basis Set Shells             =   87
 Total Number of Primitives                   =  178
 Number of Cartesian Gaussian Basis Functions =  194
 Number of Electrons                          =  108
 Charge of Molecule                           =    0
 Spin Multiplicity                            =    1
 Number of Occupied Orbitals (Alpha)          =   54
 Number of Occupied Orbitals (Beta )          =   54
 Total Number of Atoms                        =   16

 Input Run Options
 -----------------
 IRUNTYP = 1  MULT = 1  ICHARG =  0 IECP = 0  IEMOM = 1  UNITS = ANGS    

 Integral Options
 ----------------
 CUTOFF = 1.0E-09   ISCHWZ = 1   ERITYP = FULL

 Input NOF Options
 -----------------

 Type of calculation =    Coeff. Opt.:   (ICOEF)         1
 Trigonometric functions for Occ. Opt.:  (ISOFTMAX)      0
 Type of Orb. Opt. = Orbital Rotations:  (IORBOPT)       4
 Maximum Number of Occ-Coef Outer Iter.: (MAXIT)      1000

 Natural Orbital Functional Selected:    (IPNOF)         7

 Restart calculation Option:             (RESTART)       T
 Orthogonalize the initial Orbitals:     (ORTHO)         T

 Output Option:                          (NPRINT)        0
 Output the Coefficient Matrix:          (IWRITEC)       0
 Do a Mulliken Population Analysis:      (IMULPOP)       0
 Write Information into a WFN file:      (IAIMPAC)       1
 Write Information into a FCHK file:     (IFCHK)         1
 Write Information into a MLP file:      (MOLDEN)        1
 Create Ini. Cond. (ini.xyz) file:       (INICOND)       1
 Calculate IPs using Ext. Koopmans Theo: (IEKT)          0
 Write APSG expansion coefficient file:  (APSG)          F
 Output option for Lagrange Multipliers: (PRINTLAG)      F
 Diagonalize matrix of Lag. Multipliers: (DIAGLAG)       F

 Nuclear Coordinates from GCF file:
 ----------------------------------

 Atom      Charge                Coordinates (Bohr)
                           x             y             z
 H        1.00000       -2.1413       -1.3440       -2.3249
 F        9.00000        4.4667       -2.0480        0.4442
 P       15.00000       -4.9221       -1.7373        0.9689
 AL      13.00000       -1.3097       -0.5298        3.4445
 H        1.00000       -4.3421       -4.3047        0.3989
 H        1.00000        0.6179        2.6248       -3.2823
 AL      13.00000        4.2356       -1.6884       -3.5382
 B        5.00000        2.2313        1.9358       -1.8038
 LI       3.00000       -2.3229        2.9060       -1.3968
 P       15.00000        2.3456        2.8607        1.8283
 O        8.00000       -3.6643       -0.4291       -1.8196
 H        1.00000       -0.3493       -1.7599        5.9802
 H        1.00000        0.2950       -2.0023        0.5302
 B        5.00000        2.1045       -0.5674        0.3098
 S       16.00000       -1.5936        3.6918        2.8788
 H        1.00000        4.3486        2.3917       -2.6180

------------------------------------------------------------------------

 Orbital Space
 -------------

 Inactive Doubly occupied orbitals up to NO1  =    0
 No. considered Strongly Doubly occupied MOs  =   54
 No. considered Strongly Singly occupied MOs  =    0
 No. of Weakly occ. per St. Doubly occ.  MOs  =    2
 Dimension of the Active Nat. Orb. subspace   =  162
 Secondary Empty orbitals                     =   32

 1e- integrals
 -------------
 Time to do integrals =      0.01
 Guess for MOs = HCORE
        15 MOs were matched and         2 equalized to zero

 2e- integrals
 -------------
 DONTW option skips storage 2e- integrals on Unit 1
           108728745 2e- integrals in     1 records
 Time to do integrals =      8.39

 RHF SCF Calculation
 -------------------
 EXTRAP=T  DAMP=T  DIIS=T
 DMat Conv = 1.0E-05  Ener Tol = 1.0E-08
 Ener Conv = 1.0E-10  DMat Tol = 2.0E-05
 DIIS Conv = 1.0E-07  DMat Tol = 2.0E-05

 ITER      TOTAL ENERGY        E CHANGE     DEN. CHANGE    DIIS ERROR
   1    -1712.0530924834 -1712.0530924834 144.043019847   2.465885866
   2    -1631.2144778091    80.8386146743 142.934946736   0.892443768
   3    -1736.0437804889  -104.8293026798   0.017187411   0.661376877
   4    -1736.1031286707    -0.0593481818   0.273607579   0.661026051
   5    -1737.0684729124    -0.9653442417   0.268823365   0.654789656
   6    -1738.0485146698    -0.9800417574   0.261213275   0.646715141
   7    -1739.0192978544    -0.9707831846   0.256520726   0.636026456
   8    -1739.9774811613    -0.9581833069   0.252447215   0.631969330
   9    -1740.9140203985    -0.9365392372   0.252867320   0.629582527
  10    -1741.8383506454    -0.9243302469   0.242315716   0.626854336
  11    -1742.7086114848    -0.8702608394   0.262345387   0.623837460
  12    -1743.6351950585    -0.9265835738   0.252294733   0.620029687
  13    -1744.5156609860    -0.8804659275   0.269338454   0.615740898
  14    -1745.4516686289    -0.9360076429   0.259955017   0.610362592
  15    -1746.3605590277    -0.9088903989   0.266220879   0.604238847
  16    -1747.3095144413    -0.9489554136   0.256441029   0.596798160
  17    -1748.2593143048    -0.9497998635   0.245397911   0.588191727
  18    -1749.2331555829    -0.9738412782   0.230703745   0.578137004
  19    -1750.2759661396    -1.0428105566   0.207992639   0.566219825
  20    -1751.5049305980    -1.2289644585   0.470797846   0.551871270
  21    -1753.2783240801    -1.7733934821   0.852524204   0.642891382
  22    -1755.9463025403    -2.6679784602   0.582985249   0.722877447
  23    -1758.2006622964    -2.2543597561   0.605664232   0.662530032
  24    -1760.1253000746    -1.9246377782   0.709798950   0.562422836
  25    -1761.5167114701    -1.3914113955 167.150534716   0.498481557
  26    -1615.9516428431   145.5650686270 167.673591235   0.901434597
  27    -1789.6543495277  -173.7027066846   2.745749722   0.280010126
  28    -1790.7129339360    -1.0585844083   2.332403559   0.501810789
  29    -1796.5920666966    -5.8791327606   0.249781704   0.127508700
  30    -1796.9278876191    -0.3358209225   0.056721809   0.022422359
  31    -1796.9516141040    -0.0237264850   0.025557934   0.008137354
  32    -1796.9548363808    -0.0032222768   0.009352171   0.002978736
  33    -1796.9554741572    -0.0006377763   0.005095745   0.000809516
  34    -1796.9555596933    -0.0000855361   0.002013623   0.000283259
  35    -1796.9555714407    -0.0000117474   0.000835354   0.000137668
  36    -1796.9555737697    -0.0000023290   0.000289576   0.000049209
  37    -1796.9555740631    -0.0000002934   0.000122643   0.000022141
  38    -1796.9555741005    -0.0000000374   0.000035035   0.000006309
  39    -1796.9555741034    -0.0000000028   0.000014466   0.000002053
  40    -1796.9555741038    -0.0000000004   0.000004995   0.000000465

          -----------------
          DENSITY CONVERGED
          -----------------

 FINAL RHF ENERGY IS    -1796.9555741038 AFTER  40 ITERATIONS

         WAVEFUNCTION NORMALIZATION =       1.0000000000

                ONE ELECTRON ENERGY =   -4272.3777276456
                TWO ELECTRON ENERGY =    1581.4532364610
           NUCLEAR REPULSION ENERGY =     893.9689170809
                                      ------------------
                   RHF TOTAL ENERGY =   -1796.9555741038

 ELECTRON-ELECTRON POTENTIAL ENERGY =    1581.4532364610
  NUCLEUS-ELECTRON POTENTIAL ENERGY =   -6065.8490856479
   NUCLEUS-NUCLEUS POTENTIAL ENERGY =     893.9689170809
                                      ------------------
             TOTAL POTENTIAL ENERGY =   -3590.4269321060
               TOTAL KINETIC ENERGY =    1793.4713580023
                 VIRIAL RATIO (V/T) =       2.0019427219

 Distribution Full ERIs:

 Integrals:                         108728745
 Max size per slaves:                13591094
 Max size in master:                122319839

 No violations of the orthonormality


  RESULTS OF OCCUPATION-COEFFICIENT OPTIMIZATION
 ================================================

  Ex It  Orb It    Electronic Energy     Total Energy   Energy Convergency    Max Mul-Lag Diff

    1      10     -2691.3797501382    -1797.4108330573     0.0000000000           0.001679
    2      20     -2691.3859273120    -1797.4170102311    -0.0061771738           0.002440
    3      20     -2691.3882684035    -1797.4193513227    -0.0023410916           0.002876
    4      20     -2691.3890977458    -1797.4201806650    -0.0008293423           0.003256
    5      20     -2691.3895816380    -1797.4206645572    -0.0004838922           0.003080
    6      20     -2691.3898808603    -1797.4209637794    -0.0002992222           0.002537
    7      20     -2691.3901081901    -1797.4211911092    -0.0002273298           0.003405
    8      20     -2691.3902289835    -1797.4213119027    -0.0001207934           0.003951
    9      20     -2691.3903051143    -1797.4213880334    -0.0000761307           0.002928
   10      20     -2691.3903767982    -1797.4214597174    -0.0000716840           0.002871
   11      20     -2691.3904429358    -1797.4215258549    -0.0000661376           0.002600
   12      20     -2691.3905048464    -1797.4215877655    -0.0000619106           0.003144
   13      20     -2691.3905718954    -1797.4216548146    -0.0000670491           0.002857
   14      20     -2691.3906560549    -1797.4217389741    -0.0000841595           0.003127
   15      20     -2691.3907612457    -1797.4218441649    -0.0001051908           0.003422
   16      20     -2691.3908919328    -1797.4219748519    -0.0001306870           0.003622
   17      20     -2691.3910733000    -1797.4221562191    -0.0001813672           0.003248
   18      20     -2691.3913241684    -1797.4224070875    -0.0002508684           0.003758
   19      20     -2691.3916348260    -1797.4227177452    -0.0003106577           0.003273
   20      20     -2691.3919896875    -1797.4230726067    -0.0003548615           0.003093
   21      20     -2691.3923811967    -1797.4234641158    -0.0003915092           0.003236
   22      20     -2691.3928046367    -1797.4238875559    -0.0004234401           0.003228
   23      20     -2691.3932084164    -1797.4242913355    -0.0004037796           0.003124
   24      20     -2691.3935837377    -1797.4246666568    -0.0003753213           0.002985
   25      20     -2691.3939228282    -1797.4250057474    -0.0003390906           0.003642
   26      20     -2691.3942074240    -1797.4252903432    -0.0002845958           0.003014
   27      20     -2691.3944386073    -1797.4255215265    -0.0002311833           0.003142
   28      20     -2691.3946493797    -1797.4257322989    -0.0002107724           0.002985
   29      20     -2691.3948231734    -1797.4259060926    -0.0001737937           0.003111
   30      20     -2691.3949583962    -1797.4260413153    -0.0001352228           0.003540
   31      20     -2691.3950893769    -1797.4261722961    -0.0001309808           0.002810
   32      20     -2691.3952007345    -1797.4262836536    -0.0001113575           0.003025
   33      20     -2691.3953036579    -1797.4263865771    -0.0001029235           0.002778
   34      20     -2691.3954080369    -1797.4264909560    -0.0001043789           0.003033
   35      20     -2691.3955206216    -1797.4266035408    -0.0001125848           0.003584
   36      20     -2691.3956257036    -1797.4267086227    -0.0001050819           0.002753
   37      20     -2691.3957345015    -1797.4268174207    -0.0001087979           0.002986
   38      20     -2691.3958264365    -1797.4269093556    -0.0000919350           0.002742
   39      20     -2691.3959111980    -1797.4269941171    -0.0000847615           0.002848
   40      20     -2691.3959930708    -1797.4270759899    -0.0000818728           0.002619
   41      20     -2691.3960594048    -1797.4271423240    -0.0000663341           0.002615
   42      20     -2691.3961143791    -1797.4271972983    -0.0000549743           0.003191
   43      20     -2691.3961615176    -1797.4272444368    -0.0000471385           0.002800
   44      20     -2691.3961944919    -1797.4272774111    -0.0000329743           0.003354
   45      20     -2691.3962201588    -1797.4273030780    -0.0000256669           0.003092
   46      20     -2691.3962376397    -1797.4273205589    -0.0000174809           0.003202
   47      20     -2691.3962486535    -1797.4273315727    -0.0000110138           0.003016
   48      20     -2691.3962596096    -1797.4273425287    -0.0000109561           0.003869
   49      20     -2691.3962665721    -1797.4273494913    -0.0000069625           0.003968
   50      20     -2691.3962795537    -1797.4273624729    -0.0000129816           0.003136
   51      20     -2691.3962851731    -1797.4273680923    -0.0000056194           0.003116
   52      20     -2691.3962972264    -1797.4273801456    -0.0000120533           0.003099
   53      20     -2691.3963016753    -1797.4273845945    -0.0000044489           0.003133
   54      20     -2691.3963077200    -1797.4273906391    -0.0000060447           0.003405
   55      20     -2691.3963199254    -1797.4274028446    -0.0000122054           0.003476
   56      20     -2691.3963237673    -1797.4274066864    -0.0000038418           0.003130
   57      20     -2691.3963251811    -1797.4274081003    -0.0000014139           0.004205
   58      30     -2691.3964072026    -1797.4274901218    -0.0000820215           0.000251
   59      40     -2691.3964095498    -1797.4274924690    -0.0000023472           0.000036
   60      50     -2691.3964109913    -1797.4274939104    -0.0000014414           0.000005
   61      60     -2691.3964122623    -1797.4274951814    -0.0000012710           0.000004
   62      70     -2691.3964132180    -1797.4274961372    -0.0000009557           0.000002
   63      80     -2691.3964140942    -1797.4274970134    -0.0000008762           0.000001
   64      90     -2691.3964147211    -1797.4274976403    -0.0000006269           0.000001
   65     100     -2691.3964151670    -1797.4274980861    -0.0000004458           0.000000
   66     110     -2691.3964155046    -1797.4274984238    -0.0000003377           0.000000
   67     120     -2691.3964157911    -1797.4274987102    -0.0000002864           0.000000
   68     120     -2691.3964158871    -1797.4274988062    -0.0000000960           0.000004


  RESULTS OF THE OCCUPATION OPTIMIZATION
 ========================================

   OM     Occupation      Elag Diag

    1      1.9999999    -85.9956289
    2      1.9999999    -85.3992045
    3      1.9999998    -71.4535147
    4      1.9999998    -67.1829075
    5      1.9999997    -58.7476323
    6      1.9999687     -6.6338998
    7      1.9999583    -26.3302707
    8      1.9999478     -5.4468633
    9      1.9999270     -7.3814897
   10      1.9999175    -20.6195231
   11      1.9998873     -5.5420345
   12      1.9998845     -3.2557370
   13      1.9998835     -7.3981192
   14      1.9998826     -6.0866838
   15      1.9998783     -6.1029523
   16      1.9998747     -5.8764787
   17      1.9998744     -6.0907978
   18      1.9998728     -7.4328050
   19      1.9998475     -6.0673636
   20      1.9998230     -6.1301515
   21      1.9998198     -3.6580857
   22      1.9997691     -3.8324960
   23      1.9997647     -3.4349932
   24      1.9997591     -3.5596953
   25      1.9997059     -3.8138156
   26      1.9997041     -3.8276177
   27      1.9996802     -3.8679030
   28      1.9995918     -7.5751597
   29      1.9995782     -7.6459425
   30      1.9993433     -2.4565781
   31      1.9895618     -0.9500336
   32      1.9895527     -0.9503680
   33      1.9879462     -0.9781161
   34      1.9867809     -0.8123425
   35      1.9864777     -0.8073793
   36      1.9844962     -0.8293784
   37      1.9827427     -0.6930234
   38      1.9815322     -0.6138693
   39      1.9779108     -0.5009461
   40      1.9771427     -0.5569117
   41      1.9759983     -0.9237551
   42      1.9754155     -0.6585955
   43      1.9720515     -0.9111505
   44      1.9715297     -0.5939370
   45      1.9708064     -0.4903941
   46      1.9706566     -0.5865178
   47      1.9692141     -0.4929001
   48      1.9686333     -0.5610106
   49      1.9675618     -0.7986324
   50      1.9671748     -0.6073728
   51      1.9375097     -0.4296359
   52      1.9326564     -0.4345679
   53      1.8902912     -0.4328625
   54      1.8573500     -0.3427697
   55      0.0872395     -0.0235979
   56      0.0044805     -0.0025251
   57      0.0626563     -0.0218400
   58      0.0556938     -0.0196415
   59      0.0260127     -0.0159986
   60      0.0309919     -0.0244466
   61      0.0212815     -0.0115431
   62      0.0124592     -0.0066683
   63      0.0081243     -0.0059642
   64      0.0078779     -0.0050306
   65      0.0201576     -0.0127440
   66      0.0255830     -0.0232090
   67      0.0169582     -0.0117750
   68      0.0226577     -0.0222270
   69      0.0154378     -0.0087289
   70      0.0137200     -0.0075056
   71      0.0065453     -0.0044278
   72      0.0056642     -0.0040939
   73      0.0143386     -0.0138150
   74      0.0013422     -0.0022320
   75      0.0066534     -0.0034619
   76      0.0009699     -0.0020162
   77      0.0094963     -0.0117790
   78      0.0095086     -0.0117372
   79      0.0003563     -0.0010311
   80      0.0003956     -0.0035428
   81      0.0000223     -0.0001981
   82      0.0002913     -0.0013021
   83      0.0002650     -0.0011416
   84      0.0002650     -0.0011304
   85      0.0001890     -0.0007348
   86      0.0001730     -0.0006155
   87      0.0002085     -0.0009320
   88      0.0001560     -0.0006639
   89      0.0001659     -0.0010934
   90      0.0001389     -0.0008838
   91      0.0000059     -0.0000525
   92      0.0001121     -0.0007446
   93      0.0001054     -0.0006423
   94      0.0001069     -0.0007167
   95      0.0001090     -0.0007143
   96      0.0001105     -0.0008687
   97      0.0000749     -0.0002683
   98      0.0000327     -0.0001887
   99      0.0000037     -0.0000757
  100      0.0000657     -0.0005019
  101      0.0000346     -0.0001793
  102      0.0000409     -0.0011102
  103      0.0000200     -0.0001146
  104      0.0000002     -0.0000076
  105      0.0000001     -0.0000065
  106      0.0000001     -0.0000064
  107      0.0000001     -0.0000048
  108      0.0000001     -0.0000050
  109      0.0554105     -0.0159113
  110      0.1052283     -0.0333772
  111      0.0046873     -0.0027023
  112      0.0067965     -0.0035836
  113      0.0068125     -0.0051859
  114      0.0014463     -0.0020554
  115      0.0100851     -0.0062347
  116      0.0183267     -0.0092186
  117      0.0212191     -0.0130270
  118      0.0213157     -0.0120330
  119      0.0083127     -0.0062572
  120      0.0023656     -0.0033015
  121      0.0076263     -0.0062533
  122      0.0013440     -0.0024223
  123      0.0074195     -0.0046445
  124      0.0083692     -0.0051024
  125      0.0119225     -0.0072156
  126      0.0115931     -0.0075569
  127      0.0011652     -0.0019582
  128      0.0121801     -0.0120387
  129      0.0065657     -0.0033571
  130      0.0110839     -0.0132069
  131      0.0009511     -0.0019304
  132      0.0009297     -0.0018814
  133      0.0003004     -0.0008954
  134      0.0000262     -0.0002370
  135      0.0003858     -0.0034335
  136      0.0000285     -0.0001414
  137      0.0000309     -0.0001368
  138      0.0000291     -0.0001229
  139      0.0000520     -0.0001986
  140      0.0000623     -0.0002253
  141      0.0000225     -0.0001129
  142      0.0000241     -0.0000978
  143      0.0000111     -0.0000785
  144      0.0000136     -0.0000910
  145      0.0001213     -0.0009454
  146      0.0000136     -0.0000928
  147      0.0000199     -0.0001247
  148      0.0000148     -0.0001017
  149      0.0000083     -0.0000628
  150      0.0000061     -0.0000526
  151      0.0000406     -0.0001400
  152      0.0000800     -0.0004501
  153      0.0000789     -0.0017261
  154      0.0000074     -0.0000601
  155      0.0000176     -0.0001008
  156      0.0000008     -0.0000199
  157      0.0000114     -0.0000764
  158      0.0000002     -0.0000073
  159      0.0000001     -0.0000056
  160      0.0000001     -0.0000044
  161      0.0000001     -0.0000040
  162      0.0000000     -0.0000034

   RO Sum ( 108) =  108.00

  ---------------
   Dipole Moment
  ---------------

      3.3804 Debye [   1.3300  (  -0.5662,  -0.2775,  -1.1710) ]

 ----------------
  Final Energies  
 ----------------

  Final NOF Total Energy =    -1797.4274988062 ( 4.E-06 , 0.E+00 )


  **************************************************
  *                                                *
  *       SINGLE-POINT DoNOF CALCULATION           *
  *                                                *
  *             FULL OPTIMIZATION                  *
  *                                                *
  *  FINAL RESULTS   FINAL RESULTS  FINAL RESULTS  *
  *                                                *
  **************************************************

  **************************************************
  *         No. EXTERNAL ITER =    68              *
  *         No. of TOTAL ITER =  2000              *
  **************************************************

  Elapsed real time :  57733.96  (Seconds)
  Git sha : bcb372acca69df19ae91719c988dea244a3c3d1c                                                            

 The execution finished at  7h 41min on the  1/ 7/2025
