 This is the parallel version of the code
 This is the parallel version of the code
 This is the parallel version of the code
 This is the parallel version of the code
 This is the parallel version of the code
 This is the parallel version of the code
 This is the parallel version of the code
 This is the parallel version of the code
Master:    0

 The execution started at 15h 32min on the  1/ 6/2025

    ===========================================================
    !                                                         !
    !                        Do N O F                         !
    !                                                         !
    !  (Donostia Natural Orbital Functional Software Program) !
    !                                                         !
    !               COPYRIGHT by Mario Piris                  !
    !                                                         !
    !      Donostia International Physics Center (DIPC)       !
    !       University of the Basque Country (UPV/EHU)        !
    !       Basque Foundation for Science (IKERBASQUE)        !
    !                                                         !
    !          GNU General Public License version 3           !
    !                                                         !
    !                  VERSION: Mayo 2024                     !
    !                                                         !
    ===========================================================

 Run Title
 ---------
 p30-20 set                                                                      

 Basis Set
 ---------
 /beegfs_agamede/gscratch/povmieci/SCRATCH/83413/def2-svp.bas                    

 Atom      Charge                Coordinates (Bohr)
                           x             y             z
 H           1.0       -1.7954       -3.7787       -1.0788
 S          16.0       -2.6828        0.3889        1.6621
 B           5.0        0.1148        1.4886        3.6566
 O           8.0       -1.0800       -0.1626       -4.5570
 MG         12.0        0.6030        4.0882       -0.0259
 H           1.0       -1.2253       -1.7998       -3.7077
 H           1.0       -1.3346       -4.2482        2.7279
 H           1.0       -0.1628        2.4127        5.6903
 SI         14.0        2.8780       -0.3312        1.8831
 H           1.0        0.6849        0.3279       -4.2055
 B           5.0       -1.2092       -2.8725        0.9406
 LI          3.0       -3.2557        2.2124       -2.8672
 F           9.0       -1.8315        5.2053       -2.2698
 H           1.0        4.9089       -1.9258        2.9907
 H           1.0        1.2681       -2.6041        0.5516
 S          16.0        4.1196        1.5989       -1.3912

 Atomic Basis Set
 ----------------
 The contracted primitive functions were unnormalized
 The contracted basis functions are now normalized to unity

  Shell Type  Primitive         Exponent  Contraction Coefficient

 H         

      1   S       1            13.0107010    0.033485484813
      1   S       2             1.9622572    0.234721870881
      1   S       3             0.4445380    0.813770285260

      2   S       4             0.1219496    1.000000000000

      3   P       5             0.8000000    1.000000000000

 S         

      4   S       6          9184.9303010   -0.005472946613
      4   S       7          1381.5105503   -0.040954402155
      4   S       8           313.8714758   -0.184758289562
      4   S       9            88.0538706   -0.475672806440
      4   S      10            27.0399149   -0.434951535842

      5   S      11            45.6487313   -0.091904045809
      5   S      12             4.9664522    0.556987772145
      5   S      13             2.0116242    0.511154682985

      6   S      14             0.3566108    1.000000000000

      7   S      15             0.1350722    1.000000000000

      8   P      16           261.9823344   -0.009183054659
      8   P      17            61.3068947   -0.065902226526
      8   P      18            19.1037299   -0.245877845187
      8   P      19             6.6567720   -0.482314710760
      8   P      20             2.3959635   -0.389563143514

      9   P      21             0.6177616    1.000000000000

     10   P      22             0.1699338    1.000000000000

     11   D      23             0.5500000    1.000000000000

 B         

     12   S      24           839.3183009   -0.005628883598
     12   S      25           126.2646484   -0.041832794610
     12   S      26            28.6206008   -0.184174881258
     12   S      27             7.8793723   -0.468396550281
     12   S      28             2.4088857   -0.444579308833

     13   S      29             0.2510511    1.000000000000

     14   S      30             0.0836489    1.000000000000

     15   P      31             6.0332224   -0.054032500323
     15   P      32             1.2499158   -0.301940343932
     15   P      33             0.3387168   -0.771707916582

     16   P      34             0.0964156    1.000000000000

     17   D      35             0.5000000    1.000000000000

 O         

     18   S      36          2266.1767785   -0.005389350392
     18   S      37           340.8701019   -0.040234721389
     18   S      38            77.3631352   -0.180081842055
     18   S      39            21.4796449   -0.468288576577
     18   S      40             6.6589433   -0.446926171602

     19   S      41             0.8097598    1.000000000000

     20   S      42             0.2553077    1.000000000000

     21   P      43            17.7215043    0.062630248763
     21   P      44             3.8635505    0.333311384824
     21   P      45             1.0480921    0.741486383081

     22   P      46             0.2764154    1.000000000000

     23   D      47             1.2000000    1.000000000000

 MG        

     24   S      48          4953.8339196   -0.005730348253
     24   S      49           745.1804415   -0.042769871122
     24   S      50           169.2160497   -0.191096515460
     24   S      51            47.3006720   -0.482411503269
     24   S      52            14.4613370   -0.422007266852

     25   S      53            24.7681748    0.087115605721
     25   S      54             2.4940945   -0.546373693218
     25   S      55             0.8780758   -0.529320757859

     26   S      56             0.0872128    1.000000000000

     27   S      57             0.0335993    1.000000000000

     28   P      58            98.0530105   -0.014480564601
     28   P      59            22.5869323   -0.095495750787
     28   P      60             6.8391510   -0.307876726509
     28   P      61             2.2332844   -0.499362928859
     28   P      62             0.7160660   -0.315034762129

     29   P      63             0.1891480    1.000000000000

     30   P      64             0.0537688    1.000000000000

     31   D      65             0.1010000    1.000000000000

 H         

     32   S      66            13.0107010    0.033485484813
     32   S      67             1.9622572    0.234721870881
     32   S      68             0.4445380    0.813770285260

     33   S      69             0.1219496    1.000000000000

     34   P      70             0.8000000    1.000000000000

 H         

     35   S      71            13.0107010    0.033485484813
     35   S      72             1.9622572    0.234721870881
     35   S      73             0.4445380    0.813770285260

     36   S      74             0.1219496    1.000000000000

     37   P      75             0.8000000    1.000000000000

 H         

     38   S      76            13.0107010    0.033485484813
     38   S      77             1.9622572    0.234721870881
     38   S      78             0.4445380    0.813770285260

     39   S      79             0.1219496    1.000000000000

     40   P      80             0.8000000    1.000000000000

 SI        

     41   S      81          6903.7118686    0.005584465887
     41   S      82          1038.4346419    0.041742284436
     41   S      83           235.8758148    0.187528023742
     41   S      84            66.0693852    0.478678596587
     41   S      85            20.2479458    0.429256952162

     42   S      86            34.3534817    0.089834899465
     42   S      87             3.6370788   -0.545685958777
     42   S      88             1.4002049   -0.524810829267

     43   S      89             0.2048441    1.000000000000

     44   S      90             0.0779941    1.000000000000

     45   P      91           179.8390737    0.010133498379
     45   P      92            41.9072588    0.071029041096
     45   P      93            12.9552944    0.255839142169
     45   P      94             4.4383267    0.481498047149
     45   P      95             1.5462248    0.385211960064

     46   P      96             0.3560761    1.000000000000

     47   P      97             0.1000851    1.000000000000

     48   D      98             0.3500000    1.000000000000

 H         

     49   S      99            13.0107010    0.033485484813
     49   S     100             1.9622572    0.234721870881
     49   S     101             0.4445380    0.813770285260

     50   S     102             0.1219496    1.000000000000

     51   P     103             0.8000000    1.000000000000

 B         

     52   S     104           839.3183009   -0.005628883598
     52   S     105           126.2646484   -0.041832794610
     52   S     106            28.6206008   -0.184174881258
     52   S     107             7.8793723   -0.468396550281
     52   S     108             2.4088857   -0.444579308833

     53   S     109             0.2510511    1.000000000000

     54   S     110             0.0836489    1.000000000000

     55   P     111             6.0332224   -0.054032500323
     55   P     112             1.2499158   -0.301940343932
     55   P     113             0.3387168   -0.771707916582

     56   P     114             0.0964156    1.000000000000

     57   D     115             0.5000000    1.000000000000

 LI        

     58   S     116           266.2778552    0.006354286535
     58   S     117            40.0697834    0.046734889363
     58   S     118             9.0559944    0.198387923560
     58   S     119             2.4503009    0.475753833454
     58   S     120             0.7220957    0.427014289368

     59   S     121             0.0528109    1.000000000000

     60   S     122             0.0209609    1.000000000000

     61   P     123             1.4500000    0.224912327222
     61   P     124             0.3000000    0.869730577039

     62   P     125             0.0820000    1.000000000000

 F         

     63   S     126          2894.8325990   -0.005349321176
     63   S     127           435.4193912   -0.039967734372
     63   S     128            98.8433289   -0.179412617888
     63   S     129            27.4851980   -0.468324686869
     63   S     130             8.5405498   -0.447241605328

     64   S     131             1.0654578    1.000000000000

     65   S     132             0.3324735    1.000000000000

     66   P     133            22.6966339   -0.064782148241
     66   P     134             4.9872339   -0.340357853553
     66   P     135             1.3491614   -0.734858153660

     67   P     136             0.3482988    1.000000000000

     68   D     137             1.4000000    1.000000000000

 H         

     69   S     138            13.0107010    0.033485484813
     69   S     139             1.9622572    0.234721870881
     69   S     140             0.4445380    0.813770285260

     70   S     141             0.1219496    1.000000000000

     71   P     142             0.8000000    1.000000000000

 H         

     72   S     143            13.0107010    0.033485484813
     72   S     144             1.9622572    0.234721870881
     72   S     145             0.4445380    0.813770285260

     73   S     146             0.1219496    1.000000000000

     74   P     147             0.8000000    1.000000000000

 S         

     75   S     148          9184.9303010   -0.005472946613
     75   S     149          1381.5105503   -0.040954402155
     75   S     150           313.8714758   -0.184758289562
     75   S     151            88.0538706   -0.475672806440
     75   S     152            27.0399149   -0.434951535842

     76   S     153            45.6487313   -0.091904045809
     76   S     154             4.9664522    0.556987772145
     76   S     155             2.0116242    0.511154682985

     77   S     156             0.3566108    1.000000000000

     78   S     157             0.1350722    1.000000000000

     79   P     158           261.9823344   -0.009183054659
     79   P     159            61.3068947   -0.065902226526
     79   P     160            19.1037299   -0.245877845187
     79   P     161             6.6567720   -0.482314710760
     79   P     162             2.3959635   -0.389563143514

     80   P     163             0.6177616    1.000000000000

     81   P     164             0.1699338    1.000000000000

     82   D     165             0.5500000    1.000000000000

 Total Number of Basis Set Shells             =   82
 Total Number of Primitives                   =  165
 Number of Cartesian Gaussian Basis Functions =  180
 Number of Electrons                          =   95
 Charge of Molecule                           =    0
 Spin Multiplicity                            =    2
 Number of Occupied Orbitals (Alpha)          =   48
 Number of Occupied Orbitals (Beta )          =   47
 Total Number of Atoms                        =   16

 Input Run Options
 -----------------
 IRUNTYP = 1  MULT = 2  ICHARG =  0 IECP = 0  IEMOM = 1  UNITS = ANGS    

 Integral Options
 ----------------
 CUTOFF = 1.0E-09   ISCHWZ = 1   ERITYP = FULL

 Input NOF Options
 -----------------

 Type of calculation =    Coeff. Opt.:   (ICOEF)         1
 Trigonometric functions for Occ. Opt.:  (ISOFTMAX)      0
 Type of Orb. Opt. = Orbital Rotations:  (IORBOPT)       4
 Maximum Number of Occ-Coef Outer Iter.: (MAXIT)      1000

 Natural Orbital Functional Selected:    (IPNOF)         7
 Spin-Multiplet, High-Spin State Option: (HighSpin)      F

 Restart calculation Option:             (RESTART)       T
 Orthogonalize the initial Orbitals:     (ORTHO)         T

 Output Option:                          (NPRINT)        0
 Output the Coefficient Matrix:          (IWRITEC)       0
 Do a Mulliken Population Analysis:      (IMULPOP)       0
 Write Information into a WFN file:      (IAIMPAC)       1
 Write Information into a FCHK file:     (IFCHK)         1
 Write Information into a MLP file:      (MOLDEN)        1
 Create Ini. Cond. (ini.xyz) file:       (INICOND)       1
 Calculate IPs using Ext. Koopmans Theo: (IEKT)          0
 Write APSG expansion coefficient file:  (APSG)          F
 Output option for Lagrange Multipliers: (PRINTLAG)      F
 Diagonalize matrix of Lag. Multipliers: (DIAGLAG)       F

 Nuclear Coordinates from GCF file:
 ----------------------------------

 Atom      Charge                Coordinates (Bohr)
                           x             y             z
 H        1.00000       -1.7954       -3.7787       -1.0788
 S       16.00000       -2.6828        0.3889        1.6621
 B        5.00000        0.1148        1.4886        3.6566
 O        8.00000       -1.0800       -0.1626       -4.5570
 MG      12.00000        0.6030        4.0882       -0.0259
 H        1.00000       -1.2253       -1.7998       -3.7077
 H        1.00000       -1.3346       -4.2482        2.7279
 H        1.00000       -0.1628        2.4127        5.6903
 SI      14.00000        2.8780       -0.3312        1.8831
 H        1.00000        0.6849        0.3279       -4.2055
 B        5.00000       -1.2092       -2.8725        0.9406
 LI       3.00000       -3.2557        2.2124       -2.8672
 F        9.00000       -1.8315        5.2053       -2.2698
 H        1.00000        4.9089       -1.9258        2.9907
 H        1.00000        1.2681       -2.6041        0.5516
 S       16.00000        4.1196        1.5989       -1.3912

------------------------------------------------------------------------

 Orbital Space
 -------------

 Inactive Doubly occupied orbitals up to NO1  =    0
 No. considered Strongly Doubly occupied MOs  =   47
 No. considered Strongly Singly occupied MOs  =    1
 No. of Weakly occ. per St. Doubly occ.  MOs  =    2
 Dimension of the Active Nat. Orb. subspace   =  141
 Secondary Empty orbitals                     =   38

 1e- integrals
 -------------
 Time to do integrals =      0.01
 Guess for MOs = HCORE
        11 MOs were matched and         1 equalized to zero

 2e- integrals
 -------------
 DONTW option skips storage 2e- integrals on Unit 1
            83186647 2e- integrals in     1 records
 Time to do integrals =      6.18

 ROHF SCF Calculation
 --------------------
 EXTRAP=T  DAMP=T  DIIS=T
 DMat Conv = 1.0E-05  Ener Tol = 1.0E-08
 Ener Conv = 1.0E-10  DMat Tol = 2.0E-05
 DIIS Conv = 1.0E-07  DMat Tol = 2.0E-05

 ITER      TOTAL ENERGY        E CHANGE     DEN. CHANGE    DIIS ERROR
   1    -1426.2917044263 -1426.2917044263  39.207592059   1.603689049
   2    -1364.2292337675    62.0624706588  30.572471149   1.524237537
   3    -1456.2019137654   -91.9726799979   0.034052922   0.595842846
   4    -1456.2488880610    -0.0469742956   0.494142608   0.595772481
   5    -1456.9404691849    -0.6915811239   0.455592316   0.594066779
   6    -1457.5745349636    -0.6340657787   0.508673523   0.591840803
   7    -1458.2980476005    -0.7235126369   0.458982736   0.588944416
   8    -1458.9987168515    -0.7006692510   0.497761718   0.585868652
   9    -1459.7215818407    -0.7228649892   0.526114017   0.582387871
  10    -1460.4214407784    -0.6998589377   0.546296134   0.578718761
  11    -1461.1037612124    -0.6823204340   0.569380698   0.574947480
  12    -1461.7746433940    -0.6708821815   0.556367688   0.571198293
  13    -1462.4382687863    -0.6636253923   0.499844338   0.567592520
  14    -1463.1105611866    -0.6722924003   0.474992766   0.564137000
  15    -1463.7757534997    -0.6651923130   0.569560022   0.560893515
  16    -1464.4426799480    -0.6669264483   0.553079685   0.557612698
  17    -1465.0863830037    -0.6437030558   0.684716407   0.554110884
  18    -1465.7419078426    -0.6555248389   0.619506391   0.550105525
  19    -1466.3651319640    -0.6232241214   0.514313610   0.546209677
  20    -1467.0341844439    -0.6690524799   0.353287538   0.542566544
  21    -1467.7012804646    -0.6670960207   0.321818610   0.540175362
  22    -1468.3866369152    -0.6853564506   0.305785877   0.539636171
  23    -1469.0964959514    -0.7098590362   0.302273242   0.541558431
  24    -1469.8313009166    -0.7348049652   0.322543276   0.546294279
  25    -1470.5807017327    -0.7494008161   0.380169363   0.553705990
  26    -1471.3301248955    -0.7494231628   0.438721105   0.563232123
  27    -1472.0718723050    -0.7417474095   0.507144769   0.574330074
  28    -1472.8099121140    -0.7380398090   0.579465139   0.586764232
  29    -1473.5510211640    -0.7411090499   0.598754284   0.600127963
  30    -1474.2818920446    -0.7308708806   0.509247542   0.612709757
  31    -1474.9638020172    -0.6819099727   0.413434438   0.621889586
  32    -1475.6593303714    -0.6955283542   0.321516299   0.627056645
  33    -1476.2801544068    -0.6208240354   0.373385195   0.627784927
  34    -1477.0022794852    -0.7221250784   0.388480288   0.624594391
  35    -1477.7028279915    -0.7005485063   0.485145565   0.618037773
  36    -1478.4134063749    -0.7105783833   0.611220941   0.608417010
  37    -1479.1616828722    -0.7482764973   0.708636128   0.595697472
  38    -1479.9683321123    -0.8066492401   0.738694122   0.580454103
  39    -1480.8193693171    -0.8510372048   0.735022995   0.564898207
  40    -1481.6623868570    -0.8430175399   0.647273306   0.551194509
  41    -1482.4868413144    -0.8244544574   0.576814976   0.538804660
  42    -1483.3277024226    -0.8408611082   0.608752571   0.526338815
  43    -1484.1713506980    -0.8436482754   0.642491617   0.514067428
  44    -1485.0467362940    -0.8753855960   0.734238233   0.502501387
  45    -1486.0590217670    -1.0122854730  16.149587229   0.492706421
  46    -1314.0923175183   171.9667042487   8.569306913   2.569386601
  47    -1397.8496490531   -83.7573315349   6.063660486   1.689856981
  48    -1418.9306760202   -21.0810269670   2.411693682   1.206083652
  49    -1433.9327793309   -15.0021033108   2.222457539   1.129298810
  50    -1445.9317277662   -11.9989484353   0.988178047   1.114635797
  51    -1453.7640503356    -7.8323225694   1.350934535   1.202159279
  52    -1464.2365560425   -10.4725057069   8.736039744   0.880041881
  53    -1478.7051031146   -14.4685470721   2.213935826   0.844544764
  54    -1491.8923317742   -13.1872286597  18.771305433   0.675176333
  55    -1442.7995157647    49.0928160095  18.595991584   0.701718215
  56    -1507.3826876565   -64.5831718918   2.082219523   0.529683482
  57    -1510.1286221580    -2.7459345014   1.114421223   0.471257963
  58    -1517.3879749089    -7.2593527509   0.594029570   0.238174185
  59    -1518.1811043760    -0.7931294671   0.188322807   0.075781644
  60    -1518.4192945923    -0.2381902163   0.056714779   0.027850896
  61    -1518.4468299944    -0.0275354021   0.028935405   0.007094123
  62    -1518.4493778864    -0.0025478920   0.006319518   0.001882725
  63    -1518.4496415894    -0.0002637030   0.003148922   0.000431054
  64    -1518.4496691372    -0.0000275478   0.002035219   0.000177744
  65    -1518.4496731028    -0.0000039656   0.000487785   0.000054790
  66    -1518.4496735224    -0.0000004196   0.000225406   0.000022450
  67    -1518.4496735775    -0.0000000551   0.000060948   0.000007373
  68    -1518.4496735848    -0.0000000073   0.000019772   0.000003069
  69    -1518.4496735858    -0.0000000010   0.000007755   0.000000838

          -----------------
          DENSITY CONVERGED
          -----------------

 FINAL ROHF ENERGY IS    -1518.4496735858 AFTER  69 ITERATIONS

          --------------------
          SPIN SZ   =    0.500
          S-SQUARED =    0.750
          --------------------

         WAVEFUNCTION NORMALIZATION =       1.0000000000

                ONE ELECTRON ENERGY =   -3545.4781490731
                TWO ELECTRON ENERGY =    1304.3253857081
           NUCLEAR REPULSION ENERGY =     722.7030897792
                                      ------------------
                   RHF TOTAL ENERGY =   -1518.4496735858

 ELECTRON-ELECTRON POTENTIAL ENERGY =    1304.3253857081
  NUCLEUS-ELECTRON POTENTIAL ENERGY =   -5060.8521735999
   NUCLEUS-NUCLEUS POTENTIAL ENERGY =     722.7030897792
                                      ------------------
             TOTAL POTENTIAL ENERGY =   -3033.8236981126
               TOTAL KINETIC ENERGY =    1515.3740245268
                 VIRIAL RATIO (V/T) =       2.0020296303

 Distribution Full ERIs:

 Integrals:                          83186647
 Max size per slaves:                10398332
 Max size in master:                 93584979

 No violations of the orthonormality


  RESULTS OF OCCUPATION-COEFFICIENT OPTIMIZATION
 ================================================

  Ex It  Orb It    Electronic Energy     Total Energy   Energy Convergency    Max Mul-Lag Diff

    1      10     -2241.5736613054    -1518.8705715263     0.0000000000           0.002958
    2      20     -2241.5813008445    -1518.8782110654    -0.0076395391           0.002463
    3      20     -2241.5834017563    -1518.8803119771    -0.0021009117           0.003193
    4      20     -2241.5841679589    -1518.8810781797    -0.0007662026           0.002701
    5      20     -2241.5845364991    -1518.8814467200    -0.0003685403           0.002812
    6      20     -2241.5847768858    -1518.8816871067    -0.0002403867           0.003289
    7      20     -2241.5849744878    -1518.8818847087    -0.0001976020           0.003299
    8      20     -2241.5851554818    -1518.8820657026    -0.0001809940           0.003051
    9      20     -2241.5853064376    -1518.8822166584    -0.0001509558           0.002951
   10      20     -2241.5854435031    -1518.8823537239    -0.0001370655           0.003219
   11      20     -2241.5855580343    -1518.8824682551    -0.0001145312           0.003397
   12      20     -2241.5856531116    -1518.8825633324    -0.0000950773           0.003291
   13      20     -2241.5857392816    -1518.8826495024    -0.0000861700           0.003373
   14      20     -2241.5858119170    -1518.8827221378    -0.0000726354           0.002802
   15      20     -2241.5858699336    -1518.8827801544    -0.0000580166           0.003275
   16      20     -2241.5859145177    -1518.8828247386    -0.0000445842           0.003107
   17      20     -2241.5859523922    -1518.8828626131    -0.0000378745           0.003095
   18      20     -2241.5859903215    -1518.8829005424    -0.0000379293           0.002732
   19      20     -2241.5860120186    -1518.8829222394    -0.0000216971           0.002667
   20      20     -2241.5860444574    -1518.8829546783    -0.0000324388           0.002965
   21      20     -2241.5860692640    -1518.8829794848    -0.0000248066           0.003743
   22      20     -2241.5860983530    -1518.8830085739    -0.0000290890           0.003161
   23      20     -2241.5861212572    -1518.8830314781    -0.0000229042           0.003488
   24      20     -2241.5861374943    -1518.8830477152    -0.0000162371           0.003076
   25      20     -2241.5861565128    -1518.8830667337    -0.0000190185           0.002740
   26      20     -2241.5861687881    -1518.8830790090    -0.0000122753           0.003145
   27      20     -2241.5861789398    -1518.8830891607    -0.0000101517           0.003369
   28      20     -2241.5861849105    -1518.8830951313    -0.0000059706           0.002943
   29      20     -2241.5861864817    -1518.8830967026    -0.0000015713           0.003502
   30      30     -2241.5862457526    -1518.8831559734    -0.0000592709           0.000961
   31      40     -2241.5862562968    -1518.8831665176    -0.0000105442           0.000171
   32      50     -2241.5862595812    -1518.8831698021    -0.0000032844           0.000026
   33      60     -2241.5862616890    -1518.8831719098    -0.0000021077           0.000004
   34      70     -2241.5862639132    -1518.8831741340    -0.0000022242           0.000001
   35      80     -2241.5862669402    -1518.8831771610    -0.0000030270           0.000001
   36      80     -2241.5862670303    -1518.8831772512    -0.0000000901           0.000008


  RESULTS OF THE OCCUPATION OPTIMIZATION
 ========================================

   OM     Occupation      Elag Diag

    1      1.9999999    -91.8590541
    2      1.9999999    -87.7220102
    3      1.9999998    -66.1255116
    4      1.9999996    -55.9841645
    5      1.9999632     -6.6978228
    6      1.9999586    -26.2555436
    7      1.9999555     -6.7701406
    8      1.9999489     -6.9294994
    9      1.9999209    -20.6188989
   10      1.9999194     -7.1775286
   11      1.9999140     -7.5125371
   12      1.9999068     -7.4001204
   13      1.9998887     -7.5996984
   14      1.9998723     -4.6400831
   15      1.9998703     -4.6480328
   16      1.9998668     -7.4947499
   17      1.9998518     -4.8409306
   18      1.9998390     -4.8852390
   19      1.9997492     -2.7206498
   20      1.9997397     -2.8060853
   21      1.9996667     -2.7037045
   22      1.9996065     -7.6105504
   23      1.9995798     -7.5883307
   24      1.9995344     -2.5959224
   25      1.9994053     -2.4420070
   26      1.9882762     -0.8494322
   27      1.9876613     -0.7932193
   28      1.9865603     -0.8643744
   29      1.9863840     -0.7858972
   30      1.9863350     -0.8726620
   31      1.9852026     -0.8532714
   32      1.9850170     -0.8192969
   33      1.9801882     -0.6952538
   34      1.9787029     -0.5015646
   35      1.9779517     -0.5661788
   36      1.9745756     -0.5744645
   37      1.9745206     -0.9043484
   38      1.9740693     -0.9048345
   39      1.9734575     -0.5689735
   40      1.9731606     -0.5521104
   41      1.9724805     -0.4785620
   42      1.9716653     -0.4600117
   43      1.9663357     -0.5579700
   44      1.9656293     -0.5674022
   45      1.9656009     -0.6399803
   46      1.9608136     -0.5725342
   47      1.9546091     -0.5602589
   48      1.0000000     -0.1621673
   49      0.0389017     -0.0186327
   50      0.0327269     -0.0164891
   51      0.0230777     -0.0144933
   52      0.0259925     -0.0133005
   53      0.0101909     -0.0068534
   54      0.0186094     -0.0084769
   55      0.0155268     -0.0080954
   56      0.0197050     -0.0124181
   57      0.0064069     -0.0049893
   58      0.0240902     -0.0221884
   59      0.0236460     -0.0218828
   60      0.0186963     -0.0118471
   61      0.0153026     -0.0087021
   62      0.0075678     -0.0043196
   63      0.0150447     -0.0100079
   64      0.0136221     -0.0132657
   65      0.0139700     -0.0149599
   66      0.0127115     -0.0141508
   67      0.0014717     -0.0023490
   68      0.0125960     -0.0139797
   69      0.0078727     -0.0052041
   70      0.0106810     -0.0123159
   71      0.0003279     -0.0009491
   72      0.0004030     -0.0011982
   73      0.0003982     -0.0035213
   74      0.0003736     -0.0033486
   75      0.0002569     -0.0008079
   76      0.0000367     -0.0001413
   77      0.0002004     -0.0006290
   78      0.0000178     -0.0001008
   79      0.0001290     -0.0006985
   80      0.0001272     -0.0010300
   81      0.0001039     -0.0005294
   82      0.0001056     -0.0005236
   83      0.0000055     -0.0000510
   84      0.0000849     -0.0006487
   85      0.0000057     -0.0000513
   86      0.0000708     -0.0005284
   87      0.0000753     -0.0016509
   88      0.0000434     -0.0002993
   89      0.0000305     -0.0001915
   90      0.0000007     -0.0000177
   91      0.0000262     -0.0001630
   92      0.0000002     -0.0000093
   93      0.0000001     -0.0000068
   94      0.0000001     -0.0000047
   95      0.0000001     -0.0000054
   96      0.0064892     -0.0043645
   97      0.0064595     -0.0044280
   98      0.0113214     -0.0086683
   99      0.0083782     -0.0053001
  100      0.0234733     -0.0139142
  101      0.0097252     -0.0048623
  102      0.0119927     -0.0062622
  103      0.0071344     -0.0053808
  104      0.0201356     -0.0126821
  105      0.0018405     -0.0026903
  106      0.0018333     -0.0026799
  107      0.0067281     -0.0049418
  108      0.0067457     -0.0043067
  109      0.0137292     -0.0073593
  110      0.0047671     -0.0035758
  111      0.0013608     -0.0022279
  112      0.0008274     -0.0017303
  113      0.0009536     -0.0020112
  114      0.0121444     -0.0119240
  115      0.0008438     -0.0017592
  116      0.0044659     -0.0032003
  117      0.0010428     -0.0021099
  118      0.0002668     -0.0008330
  119      0.0000626     -0.0002178
  120      0.0000220     -0.0001935
  121      0.0000199     -0.0001789
  122      0.0000765     -0.0002751
  123      0.0002237     -0.0007346
  124      0.0000504     -0.0001855
  125      0.0001432     -0.0007733
  126      0.0000192     -0.0001005
  127      0.0000060     -0.0000524
  128      0.0000258     -0.0001329
  129      0.0000221     -0.0001096
  130      0.0001059     -0.0008723
  131      0.0000083     -0.0000667
  132      0.0000803     -0.0006351
  133      0.0000097     -0.0000735
  134      0.0000038     -0.0000791
  135      0.0000077     -0.0000598
  136      0.0000140     -0.0000981
  137      0.0000407     -0.0011000
  138      0.0000106     -0.0000735
  139      0.0000002     -0.0000085
  140      0.0000001     -0.0000059
  141      0.0000001     -0.0000041
  142      0.0000000     -0.0000020

   RO Sum (  95) =   95.00

  ---------------
   Dipole Moment
  ---------------

      2.4290 Debye [   0.9557  (  -0.5582,   0.5451,  -0.5519) ]

 ----------------
  Final Energies  
 ----------------

  Final NOF Total Energy =    -1518.8831772512 ( 8.E-06 , 0.E+00 )


  **************************************************
  *                                                *
  *       SINGLE-POINT DoNOF CALCULATION           *
  *                                                *
  *             FULL OPTIMIZATION                  *
  *                                                *
  *  FINAL RESULTS   FINAL RESULTS  FINAL RESULTS  *
  *                                                *
  **************************************************

  **************************************************
  *         No. EXTERNAL ITER =    36              *
  *         No. of TOTAL ITER =   980              *
  **************************************************

  Elapsed real time :  21090.82  (Seconds)
  Git sha : bcb372acca69df19ae91719c988dea244a3c3d1c                                                            

 The execution finished at 21h 26min on the  1/ 6/2025
