 This is the parallel version of the code
 This is the parallel version of the code
 This is the parallel version of the code
 This is the parallel version of the code
 This is the parallel version of the code
 This is the parallel version of the code
 This is the parallel version of the code
 This is the parallel version of the code
 This is the parallel version of the code
 This is the parallel version of the code
 This is the parallel version of the code
 This is the parallel version of the code
Master:    0

 The execution started at 15h 35min on the  1/ 6/2025

    ===========================================================
    !                                                         !
    !                        Do N O F                         !
    !                                                         !
    !  (Donostia Natural Orbital Functional Software Program) !
    !                                                         !
    !               COPYRIGHT by Mario Piris                  !
    !                                                         !
    !      Donostia International Physics Center (DIPC)       !
    !       University of the Basque Country (UPV/EHU)        !
    !       Basque Foundation for Science (IKERBASQUE)        !
    !                                                         !
    !          GNU General Public License version 3           !
    !                                                         !
    !                  VERSION: Mayo 2024                     !
    !                                                         !
    ===========================================================

 Run Title
 ---------
 p30-20 set                                                                      

 Basis Set
 ---------
 /beegfs_agamede/gscratch/povmieci/SCRATCH/83434/def2-svp.bas                    

 Atom      Charge                Coordinates (Bohr)
                           x             y             z
 B           5.0       -2.1463       -1.8558       -4.8562
 H           1.0       -5.4704       -3.3023       -5.8103
 H           1.0        0.1500       -1.1807        3.4822
 O           8.0       -3.7138       -3.2968       -6.3329
 H           1.0        0.0361       -1.8126       -5.4517
 H           1.0       -4.7702       -0.4566       -2.1693
 N           7.0       -2.9179       -0.4224       -2.6902
 F           9.0       -2.1094        2.9009        1.7000
 P          15.0        3.3564        2.7827       -0.6382
 C           6.0        2.0498       -0.5922        4.0907
 B           5.0        4.0677        0.8011        2.4708
 AL         13.0        1.1064        4.5159        2.9426
 O           8.0        2.0494        1.9906        5.0456
 H           1.0        6.2102        0.7775        3.1474
 F           9.0        2.7569       -2.2096        5.9951
 AL         13.0       -0.6551        1.3603       -0.9256

 Atomic Basis Set
 ----------------
 The contracted primitive functions were unnormalized
 The contracted basis functions are now normalized to unity

  Shell Type  Primitive         Exponent  Contraction Coefficient

 B         

      1   S       1           839.3183009   -0.005628883598
      1   S       2           126.2646484   -0.041832794610
      1   S       3            28.6206008   -0.184174881258
      1   S       4             7.8793723   -0.468396550281
      1   S       5             2.4088857   -0.444579308833

      2   S       6             0.2510511    1.000000000000

      3   S       7             0.0836489    1.000000000000

      4   P       8             6.0332224   -0.054032500323
      4   P       9             1.2499158   -0.301940343932
      4   P      10             0.3387168   -0.771707916582

      5   P      11             0.0964156    1.000000000000

      6   D      12             0.5000000    1.000000000000

 H         

      7   S      13            13.0107010    0.033485484813
      7   S      14             1.9622572    0.234721870881
      7   S      15             0.4445380    0.813770285260

      8   S      16             0.1219496    1.000000000000

      9   P      17             0.8000000    1.000000000000

 H         

     10   S      18            13.0107010    0.033485484813
     10   S      19             1.9622572    0.234721870881
     10   S      20             0.4445380    0.813770285260

     11   S      21             0.1219496    1.000000000000

     12   P      22             0.8000000    1.000000000000

 O         

     13   S      23          2266.1767785   -0.005389350392
     13   S      24           340.8701019   -0.040234721389
     13   S      25            77.3631352   -0.180081842055
     13   S      26            21.4796449   -0.468288576577
     13   S      27             6.6589433   -0.446926171602

     14   S      28             0.8097598    1.000000000000

     15   S      29             0.2553077    1.000000000000

     16   P      30            17.7215043    0.062630248763
     16   P      31             3.8635505    0.333311384824
     16   P      32             1.0480921    0.741486383081

     17   P      33             0.2764154    1.000000000000

     18   D      34             1.2000000    1.000000000000

 H         

     19   S      35            13.0107010    0.033485484813
     19   S      36             1.9622572    0.234721870881
     19   S      37             0.4445380    0.813770285260

     20   S      38             0.1219496    1.000000000000

     21   P      39             0.8000000    1.000000000000

 H         

     22   S      40            13.0107010    0.033485484813
     22   S      41             1.9622572    0.234721870881
     22   S      42             0.4445380    0.813770285260

     23   S      43             0.1219496    1.000000000000

     24   P      44             0.8000000    1.000000000000

 N         

     25   S      45          1712.8415853   -0.005447799580
     25   S      46           257.6481268   -0.040627174632
     25   S      47            58.4582459   -0.181119622506
     25   S      48            16.1983679   -0.468439755632
     25   S      49             5.0052601   -0.446168462892

     26   S      50             0.5873186    1.000000000000

     27   S      51             0.1876459    1.000000000000

     28   P      52            13.5714702   -0.058848116970
     28   P      53             2.9257373   -0.320246247625
     28   P      54             0.7992775   -0.753282265204

     29   P      55             0.2195435    1.000000000000

     30   D      56             1.0000000    1.000000000000

 F         

     31   S      57          2894.8325990   -0.005349321176
     31   S      58           435.4193912   -0.039967734372
     31   S      59            98.8433289   -0.179412617888
     31   S      60            27.4851980   -0.468324686869
     31   S      61             8.5405498   -0.447241605328

     32   S      62             1.0654578    1.000000000000

     33   S      63             0.3324735    1.000000000000

     34   P      64            22.6966339   -0.064782148241
     34   P      65             4.9872339   -0.340357853553
     34   P      66             1.3491614   -0.734858153660

     35   P      67             0.3482988    1.000000000000

     36   D      68             1.4000000    1.000000000000

 P         

     37   S      69          8002.4795106    0.005525555279
     37   S      70          1203.6813590    0.041326367171
     37   S      71           273.4422703    0.186070058991
     37   S      72            76.6555415    0.477107006766
     37   S      73            23.5169274    0.432247688783

     38   S      74            39.7916834    0.090954145513
     38   S      75             4.2770343   -0.550855656186
     38   S      76             1.6940257   -0.518269979075

     39   S      77             0.2756767    1.000000000000

     40   S      78             0.1049559    1.000000000000

     41   P      79           219.5075582    0.009573910140
     41   P      80            51.2741550    0.067993851914
     41   P      81            15.9215959    0.249832097533
     41   P      82             5.5069913    0.481481790475
     41   P      83             1.9537719    0.388697985432

     42   P      84             0.4780340    1.000000000000

     43   P      85             0.1365795    1.000000000000

     44   D      86             0.4500000    1.000000000000

 C         

     45   S      87          1238.4016938    0.005517365048
     45   S      88           186.2900499    0.041088828556
     45   S      89            42.2511763    0.182253821265
     45   S      90            11.6765579    0.468284594374
     45   S      91             3.5930506    0.445758173360

     46   S      92             0.4024515    1.000000000000

     47   S      93             0.1309018    1.000000000000

     48   P      94             9.4680971    0.056888332011
     48   P      95             2.0103545    0.312940593365
     48   P      96             0.5477100    0.760650165091

     49   P      97             0.1526861    1.000000000000

     50   D      98             0.8000000    1.000000000000

 B         

     51   S      99           839.3183009   -0.005628883598
     51   S     100           126.2646484   -0.041832794610
     51   S     101            28.6206008   -0.184174881258
     51   S     102             7.8793723   -0.468396550281
     51   S     103             2.4088857   -0.444579308833

     52   S     104             0.2510511    1.000000000000

     53   S     105             0.0836489    1.000000000000

     54   P     106             6.0332224   -0.054032500323
     54   P     107             1.2499158   -0.301940343932
     54   P     108             0.3387168   -0.771707916582

     55   P     109             0.0964156    1.000000000000

     56   D     110             0.5000000    1.000000000000

 AL        

     57   S     111          5887.5727030    0.005651978962
     57   S     112           885.6122600    0.042218253427
     57   S     113           201.1360490    0.189187196726
     57   S     114            56.2849747    0.480435911881
     57   S     115            17.2295512    0.425872684294

     58   S     116            29.3402499    0.088568603239
     58   S     117             3.0439630   -0.543157066723
     58   S     118             1.1285540   -0.529385510294

     59   S     119             0.1423418    1.000000000000

     60   S     120             0.0544002    1.000000000000

     61   P     121           145.1191881    0.010726377859
     61   P     122            33.7178948    0.074103623546
     61   P     123            10.3698631    0.261296213060
     61   P     124             3.5135616    0.480201235327
     61   P     125             1.1980050    0.384382240624

     62   P     126             0.2658301    1.000000000000

     63   P     127             0.0710034    1.000000000000

     64   D     128             0.3000000    1.000000000000

 O         

     65   S     129          2266.1767785   -0.005389350392
     65   S     130           340.8701019   -0.040234721389
     65   S     131            77.3631352   -0.180081842055
     65   S     132            21.4796449   -0.468288576577
     65   S     133             6.6589433   -0.446926171602

     66   S     134             0.8097598    1.000000000000

     67   S     135             0.2553077    1.000000000000

     68   P     136            17.7215043    0.062630248763
     68   P     137             3.8635505    0.333311384824
     68   P     138             1.0480921    0.741486383081

     69   P     139             0.2764154    1.000000000000

     70   D     140             1.2000000    1.000000000000

 H         

     71   S     141            13.0107010    0.033485484813
     71   S     142             1.9622572    0.234721870881
     71   S     143             0.4445380    0.813770285260

     72   S     144             0.1219496    1.000000000000

     73   P     145             0.8000000    1.000000000000

 F         

     74   S     146          2894.8325990   -0.005349321176
     74   S     147           435.4193912   -0.039967734372
     74   S     148            98.8433289   -0.179412617888
     74   S     149            27.4851980   -0.468324686869
     74   S     150             8.5405498   -0.447241605328

     75   S     151             1.0654578    1.000000000000

     76   S     152             0.3324735    1.000000000000

     77   P     153            22.6966339   -0.064782148241
     77   P     154             4.9872339   -0.340357853553
     77   P     155             1.3491614   -0.734858153660

     78   P     156             0.3482988    1.000000000000

     79   D     157             1.4000000    1.000000000000

 AL        

     80   S     158          5887.5727030    0.005651978962
     80   S     159           885.6122600    0.042218253427
     80   S     160           201.1360490    0.189187196726
     80   S     161            56.2849747    0.480435911881
     80   S     162            17.2295512    0.425872684294

     81   S     163            29.3402499    0.088568603239
     81   S     164             3.0439630   -0.543157066723
     81   S     165             1.1285540   -0.529385510294

     82   S     166             0.1423418    1.000000000000

     83   S     167             0.0544002    1.000000000000

     84   P     168           145.1191881    0.010726377859
     84   P     169            33.7178948    0.074103623546
     84   P     170            10.3698631    0.261296213060
     84   P     171             3.5135616    0.480201235327
     84   P     172             1.1980050    0.384382240624

     85   P     173             0.2658301    1.000000000000

     86   P     174             0.0710034    1.000000000000

     87   D     175             0.3000000    1.000000000000

 Total Number of Basis Set Shells             =   87
 Total Number of Primitives                   =  175
 Number of Cartesian Gaussian Basis Functions =  202
 Number of Electrons                          =  103
 Charge of Molecule                           =    0
 Spin Multiplicity                            =    2
 Number of Occupied Orbitals (Alpha)          =   52
 Number of Occupied Orbitals (Beta )          =   51
 Total Number of Atoms                        =   16

 Input Run Options
 -----------------
 IRUNTYP = 1  MULT = 2  ICHARG =  0 IECP = 0  IEMOM = 1  UNITS = ANGS    

 Integral Options
 ----------------
 CUTOFF = 1.0E-09   ISCHWZ = 1   ERITYP = FULL

 Input NOF Options
 -----------------

 Type of calculation =    Coeff. Opt.:   (ICOEF)         1
 Trigonometric functions for Occ. Opt.:  (ISOFTMAX)      0
 Type of Orb. Opt. = Orbital Rotations:  (IORBOPT)       4
 Maximum Number of Occ-Coef Outer Iter.: (MAXIT)      1000

 Natural Orbital Functional Selected:    (IPNOF)         7
 Spin-Multiplet, High-Spin State Option: (HighSpin)      F

 Restart calculation Option:             (RESTART)       T
 Orthogonalize the initial Orbitals:     (ORTHO)         T

 Output Option:                          (NPRINT)        0
 Output the Coefficient Matrix:          (IWRITEC)       0
 Do a Mulliken Population Analysis:      (IMULPOP)       0
 Write Information into a WFN file:      (IAIMPAC)       1
 Write Information into a FCHK file:     (IFCHK)         1
 Write Information into a MLP file:      (MOLDEN)        1
 Create Ini. Cond. (ini.xyz) file:       (INICOND)       1
 Calculate IPs using Ext. Koopmans Theo: (IEKT)          0
 Write APSG expansion coefficient file:  (APSG)          F
 Output option for Lagrange Multipliers: (PRINTLAG)      F
 Diagonalize matrix of Lag. Multipliers: (DIAGLAG)       F

 Nuclear Coordinates from GCF file:
 ----------------------------------

 Atom      Charge                Coordinates (Bohr)
                           x             y             z
 B        5.00000       -2.1463       -1.8558       -4.8562
 H        1.00000       -5.4704       -3.3023       -5.8103
 H        1.00000        0.1500       -1.1807        3.4822
 O        8.00000       -3.7138       -3.2968       -6.3329
 H        1.00000        0.0361       -1.8126       -5.4517
 H        1.00000       -4.7702       -0.4566       -2.1693
 N        7.00000       -2.9179       -0.4224       -2.6902
 F        9.00000       -2.1094        2.9009        1.7000
 P       15.00000        3.3564        2.7827       -0.6382
 C        6.00000        2.0498       -0.5922        4.0907
 B        5.00000        4.0677        0.8011        2.4708
 AL      13.00000        1.1064        4.5159        2.9426
 O        8.00000        2.0494        1.9906        5.0456
 H        1.00000        6.2102        0.7775        3.1474
 F        9.00000        2.7569       -2.2096        5.9951
 AL      13.00000       -0.6551        1.3603       -0.9256

------------------------------------------------------------------------

 Orbital Space
 -------------

 Inactive Doubly occupied orbitals up to NO1  =    0
 No. considered Strongly Doubly occupied MOs  =   51
 No. considered Strongly Singly occupied MOs  =    1
 No. of Weakly occ. per St. Doubly occ.  MOs  =    2
 Dimension of the Active Nat. Orb. subspace   =  153
 Secondary Empty orbitals                     =   48

 1e- integrals
 -------------
 Time to do integrals =      0.01
 Guess for MOs = HCORE
        20 MOs were matched and         1 equalized to zero

 2e- integrals
 -------------
 DONTW option skips storage 2e- integrals on Unit 1
            93987655 2e- integrals in     1 records
 Time to do integrals =      6.72

 ROHF SCF Calculation
 --------------------
 EXTRAP=T  DAMP=T  DIIS=T
 DMat Conv = 1.0E-05  Ener Tol = 1.0E-08
 Ener Conv = 1.0E-10  DMat Tol = 2.0E-05
 DIIS Conv = 1.0E-07  DMat Tol = 2.0E-05

 ITER      TOTAL ENERGY        E CHANGE     DEN. CHANGE    DIIS ERROR
   1    -1182.2555933992 -1182.2555933992  74.296609097   2.011608329
   2     -379.7853998007   802.4701935985  43.380790289   4.194755687
   3    -1170.7695345327  -790.9841347320   0.017444456   0.871380408
   4    -1170.7964048651    -0.0268703324   0.277068249   0.871081578
   5    -1171.2253519562    -0.4289470911   0.274745192   0.866251535
   6    -1171.6534442950    -0.4280923388   0.273465078   0.861305105
   7    -1172.0826668358    -0.4292225408   0.271045686   0.856214793
   8    -1172.5116077164    -0.4289408806   0.268935975   0.850990873
   9    -1172.9411643874    -0.4295566709   0.266429881   0.845614426
  10    -1173.3711680422    -0.4300036548   0.263886378   0.840077214
  11    -1173.8021034020    -0.4309353598   0.261310359   0.834360296
  12    -1174.2345891497    -0.4324857477   0.258710429   0.828439765
  13    -1174.6694383919    -0.4348492422   0.256100746   0.822285464
  14    -1175.1077419400    -0.4383035481   0.253503314   0.815859468
  15    -1175.5509772586    -0.4432353186   0.250949714   0.809114596
  16    -1176.0011303527    -0.4501530941   0.248478897   0.801993760
  17    -1176.4607699928    -0.4596396401   0.246123046   0.794432084
  18    -1176.9329065289    -0.4721365361   0.243870095   0.786365317
  19    -1177.4203277226    -0.4874211937   0.241606372   0.777748154
  20    -1177.9241940394    -0.5038663168   0.239097176   0.768578866
  21    -1178.4424966357    -0.5183025964   0.236094970   0.758909727
  22    -1178.9700861971    -0.5275895613   0.232525700   0.748819238
  23    -1179.5010330963    -0.5309468992   0.228541765   0.738362306
  24    -1180.0312254644    -0.5301923681   0.225028594   0.727545075
  25    -1180.5607078348    -0.5294823704   1.933575288   0.716244209
  26    -1217.1296611361   -36.5689533013   0.014017289   0.726094021
  27    -1217.1554387044    -0.0257775684   0.222231598   0.725607446
  28    -1217.5646207114    -0.4091820070   0.219675467   0.717446503
  29    -1217.9713789276    -0.4067582162   0.219949425   0.708960785
  30    -1218.3824007619    -0.4110218343   0.217861529   0.700098653
  31    -1218.7950602836    -0.4126595217   0.216003551   0.690905874
  32    -1219.2130161939    -0.4179559103   0.214203910   0.681237787
  33    -1219.6428896440    -0.4298734501   0.214188698   0.670786333
  34    -1220.0963450078    -0.4534553637   0.247989552   0.658978042
  35    -1220.5898622105    -0.4935172027   0.324701478   0.644997477
  36    -1221.1317962337    -0.5419340232   0.378078554   0.628470077
  37    -1221.6955144723    -0.5637182386   0.370301762   0.618580242
  38    -1222.2302912745    -0.5347768022   0.359718878   0.617518472
  39    -1222.7622523444    -0.5319610699   0.310254866   0.614547338
  40    -1223.2436469882    -0.4813946438   0.330874696   0.610147532
  41    -1223.7817261317    -0.5380791434   0.299854886   0.603749453
  42    -1224.2862096789    -0.5044835472   0.318909039   0.596812953
  43    -1224.8342046774    -0.5479949985   0.304071952   0.588642246
  44    -1225.3635632435    -0.5293585661   0.314610088   0.584601782
  45    -1225.9161005447    -0.5525373012   0.310497931   0.580510191
  46    -1226.4576133168    -0.5415127720   0.318728401   0.576235127
  47    -1227.0129707874    -0.5553574706   0.313895152   0.571623385
  48    -1227.5625714266    -0.5496006392   0.315318631   0.566977888
  49    -1228.1203578854    -0.5577864589   0.309998630   0.562723604
  50    -1228.6772531538    -0.5568952684   0.305586981   0.558366322
  51    -1229.2376499637    -0.5603968099   0.300171620   0.553893654
  52    -1229.8027117482    -0.5650617844   0.300408728   0.549322295
  53    -1230.3760274680    -0.5733157198   0.302349706   0.544654505
  54    -1230.9624033479    -0.5863758799   0.304329712   0.539889968
  55    -1231.5690408621    -0.6066375142   0.306129380   0.535022316
  56    -1232.2084171804    -0.6393763183   0.307912119   0.530030763
  57    -1232.9065982540    -0.6981810736   0.311040187   0.524854759
  58    -1233.7298805894    -0.8232823354   0.424903964   0.519302021
  59    -1234.8487850953    -1.1189045059   0.642967566   0.512761627
  60    -1236.4569845480    -1.6081994527   0.515900515   0.510426287
  61    -1238.2296071374    -1.7726225894   0.285674171   0.507576905
  62    -1239.7048612912    -1.4752541538   0.773859176   0.500337585
  63    -1244.0550083541    -4.3501470629   0.348947316   0.501352349
  64    -1245.8050086900    -1.7500003359  25.157741217   0.495559444
  65     -590.3863511836   655.4186575063  10.297733845   4.105404200
  66     -881.2737165906  -290.8873654069   9.388730419   2.119814221
  67    -1015.9921186142  -134.7184020237   4.296434517   1.787034367
  68    -1070.7702010850   -54.7780824708   6.337064526   1.859179278
  69    -1112.8418804131   -42.0716793281   2.888534514   1.391082254
  70    -1144.3989763986   -31.5570959856   1.756452922   1.023513704
  71    -1155.8451438403   -11.4461674416   5.767959818   0.828743844
  72    -1175.1110500056   -19.2659061653   1.527823793   0.877577012
  73    -1198.4755827545   -23.3645327489   8.899498443   0.717106394
  74    -1135.5853107141    62.8902720404   9.869563310   1.005488547
  75    -1241.1134885065  -105.5281777924   9.229213978   0.626003559
  76    -1273.2414525038   -32.1279639973   5.877192293   0.547259533
  77    -1311.3650719574   -38.1236194536   1.613828659   0.247159054
  78    -1315.9866834874    -4.6216115300   0.560153885   0.167802863
  79    -1317.2922541848    -1.3055706974   0.195838035   0.077220251
  80    -1317.3840445964    -0.0917904116   0.076793531   0.024821670
  81    -1317.3951970552    -0.0111524589   0.051082964   0.003608896
  82    -1317.3973486303    -0.0021515750   0.019868890   0.001851695
  83    -1317.3976775297    -0.0003288994   0.004927458   0.001364332
  84    -1317.3977481715    -0.0000706418   0.001684148   0.000363047
  85    -1317.3977597806    -0.0000116092   0.000481970   0.000144176
  86    -1317.3977607451    -0.0000009645   0.000155778   0.000035890
  87    -1317.3977608517    -0.0000001066   0.000038272   0.000012643
  88    -1317.3977608596    -0.0000000079   0.000025812   0.000005804
  89    -1317.3977608612    -0.0000000016   0.000005030   0.000001252

          -----------------
          DENSITY CONVERGED
          -----------------

 FINAL ROHF ENERGY IS    -1317.3977608612 AFTER  89 ITERATIONS

          --------------------
          SPIN SZ   =    0.500
          S-SQUARED =    0.750
          --------------------

         WAVEFUNCTION NORMALIZATION =       1.0000000000

                ONE ELECTRON ENERGY =   -3503.1804606014
                TWO ELECTRON ENERGY =    1344.1790137135
           NUCLEAR REPULSION ENERGY =     841.6036860267
                                      ------------------
                   RHF TOTAL ENERGY =   -1317.3977608612

 ELECTRON-ELECTRON POTENTIAL ENERGY =    1344.1790137135
  NUCLEUS-ELECTRON POTENTIAL ENERGY =   -4816.4091636344
   NUCLEUS-NUCLEUS POTENTIAL ENERGY =     841.6036860267
                                      ------------------
             TOTAL POTENTIAL ENERGY =   -2630.6264638942
               TOTAL KINETIC ENERGY =    1313.2287030330
                 VIRIAL RATIO (V/T) =       2.0031746624

 Distribution Full ERIs:

 Integrals:                          93987655
 Max size per slaves:                 7832306
 Max size in master:                101819961

 No violations of the orthonormality


  RESULTS OF OCCUPATION-COEFFICIENT OPTIMIZATION
 ================================================

  Ex It  Orb It    Electronic Energy     Total Energy   Energy Convergency    Max Mul-Lag Diff

    1      10     -2159.5766120834    -1317.9729260567     0.0000000000           0.005743
    2      20     -2159.5866738219    -1317.9829877951    -0.0100617384           0.003292
    3      20     -2159.5901923985    -1317.9865063718    -0.0035185767           0.002180
    4      20     -2159.5915443889    -1317.9878583622    -0.0013519904           0.002824
    5      20     -2159.5923757211    -1317.9886896944    -0.0008313322           0.003024
    6      20     -2159.5929406445    -1317.9892546178    -0.0005649234           0.003718
    7      20     -2159.5933250293    -1317.9896390025    -0.0003843847           0.002908
    8      20     -2159.5935685644    -1317.9898825377    -0.0002435351           0.002933
    9      20     -2159.5937236806    -1317.9900376539    -0.0001551163           0.003029
   10      20     -2159.5938106425    -1317.9901246158    -0.0000869619           0.002950
   11      20     -2159.5938526546    -1317.9901666279    -0.0000420121           0.003394
   12      20     -2159.5938832010    -1317.9901971743    -0.0000305464           0.003463
   13      20     -2159.5938973292    -1317.9902113025    -0.0000141282           0.003504
   14      20     -2159.5939143899    -1317.9902283632    -0.0000170607           0.003936
   15      20     -2159.5939336804    -1317.9902476536    -0.0000192905           0.003391
   16      30     -2159.5940073775    -1317.9903213508    -0.0000736971           0.000860
   17      30     -2159.5940252346    -1317.9903392079    -0.0000178571           0.000827
   18      40     -2159.5940525012    -1317.9903664745    -0.0000272666           0.000152
   19      50     -2159.5940721768    -1317.9903861501    -0.0000196756           0.000029
   20      60     -2159.5940867204    -1317.9904006937    -0.0000145436           0.000022
   21      70     -2159.5941022689    -1317.9904162421    -0.0000155484           0.000024
   22      80     -2159.5941204157    -1317.9904343890    -0.0000181468           0.000030
   23      90     -2159.5941840466    -1317.9904980199    -0.0000636309           0.000059
   24      90     -2159.5942734279    -1317.9905874012    -0.0000893813           0.000059
   25      90     -2159.5943280464    -1317.9906420197    -0.0000546185           0.000028
   26      90     -2159.5943477082    -1317.9906616815    -0.0000196618           0.000004
   27      90     -2159.5943553077    -1317.9906692810    -0.0000075995           0.000001
   28      90     -2159.5943583875    -1317.9906723608    -0.0000030799           0.000002
   29     100     -2159.5943604280    -1317.9906744013    -0.0000020404           0.000002
   30     110     -2159.5943623924    -1317.9906763657    -0.0000019645           0.000002
   31     110     -2159.5943624840    -1317.9906764573    -0.0000000915           0.000005


  RESULTS OF THE OCCUPATION OPTIMIZATION
 ========================================

   OM     Occupation      Elag Diag

    1      1.9999997    -71.5597015
    2      1.9999996    -65.4153220
    3      1.9999995    -59.9478434
    4      1.9999607    -26.2996394
    5      1.9999587    -26.3484278
    6      1.9999246     -5.4085961
    7      1.9999180    -20.5945953
    8      1.9999146    -20.5977019
    9      1.9999034     -5.9433889
   10      1.9998447    -15.5737947
   11      1.9998267     -6.0792835
   12      1.9998237     -6.0902773
   13      1.9998167     -3.5297409
   14      1.9997913     -3.2754404
   15      1.9997680     -3.7555542
   16      1.9997363     -3.7291197
   17      1.9997282     -3.7419542
   18      1.9997189     -3.7993569
   19      1.9997137    -11.3507000
   20      1.9996350     -7.6500605
   21      1.9996116     -3.7763814
   22      1.9996007     -7.6209614
   23      1.9995857     -3.8102897
   24      1.9907463     -0.9467130
   25      1.9904739     -0.9338090
   26      1.9902486     -0.9296080
   27      1.9889117     -0.9498847
   28      1.9883983     -0.9389737
   29      1.9880214     -0.8119219
   30      1.9875374     -0.8651941
   31      1.9861341     -1.0203882
   32      1.9844434     -0.9451292
   33      1.9824748     -0.8419396
   34      1.9813413     -0.8899313
   35      1.9806837     -0.7032089
   36      1.9789262     -0.8058821
   37      1.9789217     -0.8052305
   38      1.9783000     -0.5922002
   39      1.9767954     -0.7094019
   40      1.9755815     -0.5700108
   41      1.9736950     -0.7435402
   42      1.9736282     -0.8251268
   43      1.9731810     -0.6500397
   44      1.9726305     -0.9028399
   45      1.9715710     -0.6423448
   46      1.9648596     -0.9124235
   47      1.9588340     -0.8090607
   48      1.9565260     -0.4398590
   49      1.9560706     -0.5243349
   50      1.9547613     -0.6309723
   51      1.9280428     -0.4084402
   52      1.0000000     -0.1677274
   53      0.0099767     -0.0041148
   54      0.0434999     -0.0270948
   55      0.0366060     -0.0167490
   56      0.0254999     -0.0104694
   57      0.0023108     -0.0029428
   58      0.0337399     -0.0303987
   59      0.0263494     -0.0171922
   60      0.0250730     -0.0227699
   61      0.0020986     -0.0023175
   62      0.0227539     -0.0189002
   63      0.0227151     -0.0173666
   64      0.0185553     -0.0120032
   65      0.0023523     -0.0026067
   66      0.0046307     -0.0041375
   67      0.0018495     -0.0025424
   68      0.0192212     -0.0170561
   69      0.0134199     -0.0074680
   70      0.0012185     -0.0020751
   71      0.0143594     -0.0130860
   72      0.0144742     -0.0159503
   73      0.0007725     -0.0016483
   74      0.0110963     -0.0110680
   75      0.0013076     -0.0021556
   76      0.0009784     -0.0019970
   77      0.0010366     -0.0021504
   78      0.0087541     -0.0108920
   79      0.0086549     -0.0109324
   80      0.0083867     -0.0106661
   81      0.0003792     -0.0016067
   82      0.0003707     -0.0033259
   83      0.0000473     -0.0002010
   84      0.0003425     -0.0031269
   85      0.0000138     -0.0001754
   86      0.0002526     -0.0010969
   87      0.0000246     -0.0001316
   88      0.0000257     -0.0001326
   89      0.0000258     -0.0001290
   90      0.0000785     -0.0002730
   91      0.0000305     -0.0001375
   92      0.0001651     -0.0010827
   93      0.0000114     -0.0000870
   94      0.0001486     -0.0025712
   95      0.0000126     -0.0000902
   96      0.0000820     -0.0017836
   97      0.0000779     -0.0017092
   98      0.0000259     -0.0001448
   99      0.0000403     -0.0010930
  100      0.0000381     -0.0010287
  101      0.0000003     -0.0000130
  102      0.0000002     -0.0000116
  103      0.0000002     -0.0000092
  104      0.0619806     -0.0185782
  105      0.0017388     -0.0022351
  106      0.0073234     -0.0045392
  107      0.0179741     -0.0077140
  108      0.0388552     -0.0292550
  109      0.0014006     -0.0023831
  110      0.0020797     -0.0022843
  111      0.0022965     -0.0032211
  112      0.0247204     -0.0164900
  113      0.0036179     -0.0041918
  114      0.0035899     -0.0038874
  115      0.0058632     -0.0047044
  116      0.0208523     -0.0151703
  117      0.0170693     -0.0116746
  118      0.0192288     -0.0170501
  119      0.0018526     -0.0025466
  120      0.0058964     -0.0038321
  121      0.0174402     -0.0163130
  122      0.0031658     -0.0036623
  123      0.0010824     -0.0021809
  124      0.0130934     -0.0154731
  125      0.0013664     -0.0022462
  126      0.0106709     -0.0107826
  127      0.0106233     -0.0127337
  128      0.0100517     -0.0123066
  129      0.0009973     -0.0020717
  130      0.0008712     -0.0018207
  131      0.0008670     -0.0018119
  132      0.0000351     -0.0001594
  133      0.0000286     -0.0002490
  134      0.0003411     -0.0014370
  135      0.0000225     -0.0002106
  136      0.0002726     -0.0035915
  137      0.0000284     -0.0001387
  138      0.0002472     -0.0010632
  139      0.0002380     -0.0010208
  140      0.0002063     -0.0009149
  141      0.0001302     -0.0004629
  142      0.0001528     -0.0006332
  143      0.0000111     -0.0000860
  144      0.0001619     -0.0010431
  145      0.0000068     -0.0001106
  146      0.0000840     -0.0005185
  147      0.0000033     -0.0000681
  148      0.0000040     -0.0000833
  149      0.0000494     -0.0002626
  150      0.0000010     -0.0000258
  151      0.0000012     -0.0000316
  152      0.0000003     -0.0000136
  153      0.0000002     -0.0000125
  154      0.0000002     -0.0000106

   RO Sum ( 103) =  103.00

  ---------------
   Dipole Moment
  ---------------

      5.7170 Debye [   2.2493  (  -2.0985,   0.1194,  -0.8008) ]

 ----------------
  Final Energies  
 ----------------

  Final NOF Total Energy =    -1317.9906764573 ( 5.E-06 , 0.E+00 )


  **************************************************
  *                                                *
  *       SINGLE-POINT DoNOF CALCULATION           *
  *                                                *
  *             FULL OPTIMIZATION                  *
  *                                                *
  *  FINAL RESULTS   FINAL RESULTS  FINAL RESULTS  *
  *                                                *
  **************************************************

  **************************************************
  *         No. EXTERNAL ITER =    31              *
  *         No. of TOTAL ITER =  1510              *
  **************************************************

  Elapsed real time :  31545.68  (Seconds)
  Git sha : bcb372acca69df19ae91719c988dea244a3c3d1c                                                            

 The execution finished at  0h 25min on the  1/ 7/2025
