 This is the parallel version of the code
 This is the parallel version of the code
 This is the parallel version of the code
 This is the parallel version of the code
 This is the parallel version of the code
 This is the parallel version of the code
 This is the parallel version of the code
 This is the parallel version of the code
 This is the parallel version of the code
 This is the parallel version of the code
 This is the parallel version of the code
 This is the parallel version of the code
Master:    0

 The execution started at  9h 54min on the 12/ 5/2024

    ===========================================================
    !                                                         !
    !                        Do N O F                         !
    !                                                         !
    !  (Donostia Natural Orbital Functional Software Program) !
    !                                                         !
    !               COPYRIGHT by Mario Piris                  !
    !                                                         !
    !      Donostia International Physics Center (DIPC)       !
    !       University of the Basque Country (UPV/EHU)        !
    !       Basque Foundation for Science (IKERBASQUE)        !
    !                                                         !
    !          GNU General Public License version 3           !
    !                                                         !
    !                  VERSION: Mayo 2024                     !
    !                                                         !
    ===========================================================

 Run Title
 ---------
 p30-5 set                                                                       

 Basis Set
 ---------
 /beegfs_agamede/gscratch/povmieci/SCRATCH/66798/def2-svp.bas                    

 Atom      Charge                Coordinates (Bohr)
                           x             y             z
 SI         14.0        2.3566        1.5641        0.1563
 H           1.0        3.7392        4.6292       -2.7865
 O           8.0        3.1456        2.8972       -2.7842
 B           5.0       -0.7701        2.6121        2.3331
 H           1.0       -0.6644        4.0600        4.0697
 B           5.0       -1.3579       -3.7576       -0.3828
 H           1.0       -2.2316        3.5216        0.7150
 SI         14.0       -1.2153       -1.2231        3.3497
 MG         12.0       -2.9113        0.3957       -1.0836
 H           1.0       -1.5213       -5.8335        0.6512
 B           5.0        0.9643       -1.7340       -0.2976
 MG         12.0        1.7648       -5.1296        2.5427
 H           1.0       -2.6660        1.2812       -4.2975
 H           1.0       -3.1301       -3.6041       -1.8820
 AL         13.0        3.7034       -0.4747        4.1564
 LI          3.0        0.7941        0.7953       -4.4600

 Atomic Basis Set
 ----------------
 The contracted primitive functions were unnormalized
 The contracted basis functions are now normalized to unity

  Shell Type  Primitive         Exponent  Contraction Coefficient

 SI        

      1   S       1          6903.7118686    0.005584465887
      1   S       2          1038.4346419    0.041742284436
      1   S       3           235.8758148    0.187528023742
      1   S       4            66.0693852    0.478678596587
      1   S       5            20.2479458    0.429256952162

      2   S       6            34.3534817    0.089834899465
      2   S       7             3.6370788   -0.545685958777
      2   S       8             1.4002049   -0.524810829267

      3   S       9             0.2048441    1.000000000000

      4   S      10             0.0779941    1.000000000000

      5   P      11           179.8390737    0.010133498379
      5   P      12            41.9072588    0.071029041096
      5   P      13            12.9552944    0.255839142169
      5   P      14             4.4383267    0.481498047149
      5   P      15             1.5462248    0.385211960064

      6   P      16             0.3560761    1.000000000000

      7   P      17             0.1000851    1.000000000000

      8   D      18             0.3500000    1.000000000000

 H         

      9   S      19            13.0107010    0.033485484813
      9   S      20             1.9622572    0.234721870881
      9   S      21             0.4445380    0.813770285260

     10   S      22             0.1219496    1.000000000000

     11   P      23             0.8000000    1.000000000000

 O         

     12   S      24          2266.1767785   -0.005389350392
     12   S      25           340.8701019   -0.040234721389
     12   S      26            77.3631352   -0.180081842055
     12   S      27            21.4796449   -0.468288576577
     12   S      28             6.6589433   -0.446926171602

     13   S      29             0.8097598    1.000000000000

     14   S      30             0.2553077    1.000000000000

     15   P      31            17.7215043    0.062630248763
     15   P      32             3.8635505    0.333311384824
     15   P      33             1.0480921    0.741486383081

     16   P      34             0.2764154    1.000000000000

     17   D      35             1.2000000    1.000000000000

 B         

     18   S      36           839.3183009   -0.005628883598
     18   S      37           126.2646484   -0.041832794610
     18   S      38            28.6206008   -0.184174881258
     18   S      39             7.8793723   -0.468396550281
     18   S      40             2.4088857   -0.444579308833

     19   S      41             0.2510511    1.000000000000

     20   S      42             0.0836489    1.000000000000

     21   P      43             6.0332224   -0.054032500323
     21   P      44             1.2499158   -0.301940343932
     21   P      45             0.3387168   -0.771707916582

     22   P      46             0.0964156    1.000000000000

     23   D      47             0.5000000    1.000000000000

 H         

     24   S      48            13.0107010    0.033485484813
     24   S      49             1.9622572    0.234721870881
     24   S      50             0.4445380    0.813770285260

     25   S      51             0.1219496    1.000000000000

     26   P      52             0.8000000    1.000000000000

 B         

     27   S      53           839.3183009   -0.005628883598
     27   S      54           126.2646484   -0.041832794610
     27   S      55            28.6206008   -0.184174881258
     27   S      56             7.8793723   -0.468396550281
     27   S      57             2.4088857   -0.444579308833

     28   S      58             0.2510511    1.000000000000

     29   S      59             0.0836489    1.000000000000

     30   P      60             6.0332224   -0.054032500323
     30   P      61             1.2499158   -0.301940343932
     30   P      62             0.3387168   -0.771707916582

     31   P      63             0.0964156    1.000000000000

     32   D      64             0.5000000    1.000000000000

 H         

     33   S      65            13.0107010    0.033485484813
     33   S      66             1.9622572    0.234721870881
     33   S      67             0.4445380    0.813770285260

     34   S      68             0.1219496    1.000000000000

     35   P      69             0.8000000    1.000000000000

 SI        

     36   S      70          6903.7118686    0.005584465887
     36   S      71          1038.4346419    0.041742284436
     36   S      72           235.8758148    0.187528023742
     36   S      73            66.0693852    0.478678596587
     36   S      74            20.2479458    0.429256952162

     37   S      75            34.3534817    0.089834899465
     37   S      76             3.6370788   -0.545685958777
     37   S      77             1.4002049   -0.524810829267

     38   S      78             0.2048441    1.000000000000

     39   S      79             0.0779941    1.000000000000

     40   P      80           179.8390737    0.010133498379
     40   P      81            41.9072588    0.071029041096
     40   P      82            12.9552944    0.255839142169
     40   P      83             4.4383267    0.481498047149
     40   P      84             1.5462248    0.385211960064

     41   P      85             0.3560761    1.000000000000

     42   P      86             0.1000851    1.000000000000

     43   D      87             0.3500000    1.000000000000

 MG        

     44   S      88          4953.8339196   -0.005730348253
     44   S      89           745.1804415   -0.042769871122
     44   S      90           169.2160497   -0.191096515460
     44   S      91            47.3006720   -0.482411503269
     44   S      92            14.4613370   -0.422007266852

     45   S      93            24.7681748    0.087115605721
     45   S      94             2.4940945   -0.546373693218
     45   S      95             0.8780758   -0.529320757859

     46   S      96             0.0872128    1.000000000000

     47   S      97             0.0335993    1.000000000000

     48   P      98            98.0530105   -0.014480564601
     48   P      99            22.5869323   -0.095495750787
     48   P     100             6.8391510   -0.307876726509
     48   P     101             2.2332844   -0.499362928859
     48   P     102             0.7160660   -0.315034762129

     49   P     103             0.1891480    1.000000000000

     50   P     104             0.0537688    1.000000000000

     51   D     105             0.1010000    1.000000000000

 H         

     52   S     106            13.0107010    0.033485484813
     52   S     107             1.9622572    0.234721870881
     52   S     108             0.4445380    0.813770285260

     53   S     109             0.1219496    1.000000000000

     54   P     110             0.8000000    1.000000000000

 B         

     55   S     111           839.3183009   -0.005628883598
     55   S     112           126.2646484   -0.041832794610
     55   S     113            28.6206008   -0.184174881258
     55   S     114             7.8793723   -0.468396550281
     55   S     115             2.4088857   -0.444579308833

     56   S     116             0.2510511    1.000000000000

     57   S     117             0.0836489    1.000000000000

     58   P     118             6.0332224   -0.054032500323
     58   P     119             1.2499158   -0.301940343932
     58   P     120             0.3387168   -0.771707916582

     59   P     121             0.0964156    1.000000000000

     60   D     122             0.5000000    1.000000000000

 MG        

     61   S     123          4953.8339196   -0.005730348253
     61   S     124           745.1804415   -0.042769871122
     61   S     125           169.2160497   -0.191096515460
     61   S     126            47.3006720   -0.482411503269
     61   S     127            14.4613370   -0.422007266852

     62   S     128            24.7681748    0.087115605721
     62   S     129             2.4940945   -0.546373693218
     62   S     130             0.8780758   -0.529320757859

     63   S     131             0.0872128    1.000000000000

     64   S     132             0.0335993    1.000000000000

     65   P     133            98.0530105   -0.014480564601
     65   P     134            22.5869323   -0.095495750787
     65   P     135             6.8391510   -0.307876726509
     65   P     136             2.2332844   -0.499362928859
     65   P     137             0.7160660   -0.315034762129

     66   P     138             0.1891480    1.000000000000

     67   P     139             0.0537688    1.000000000000

     68   D     140             0.1010000    1.000000000000

 H         

     69   S     141            13.0107010    0.033485484813
     69   S     142             1.9622572    0.234721870881
     69   S     143             0.4445380    0.813770285260

     70   S     144             0.1219496    1.000000000000

     71   P     145             0.8000000    1.000000000000

 H         

     72   S     146            13.0107010    0.033485484813
     72   S     147             1.9622572    0.234721870881
     72   S     148             0.4445380    0.813770285260

     73   S     149             0.1219496    1.000000000000

     74   P     150             0.8000000    1.000000000000

 AL        

     75   S     151          5887.5727030    0.005651978962
     75   S     152           885.6122600    0.042218253427
     75   S     153           201.1360490    0.189187196726
     75   S     154            56.2849747    0.480435911881
     75   S     155            17.2295512    0.425872684294

     76   S     156            29.3402499    0.088568603239
     76   S     157             3.0439630   -0.543157066723
     76   S     158             1.1285540   -0.529385510294

     77   S     159             0.1423418    1.000000000000

     78   S     160             0.0544002    1.000000000000

     79   P     161           145.1191881    0.010726377859
     79   P     162            33.7178948    0.074103623546
     79   P     163            10.3698631    0.261296213060
     79   P     164             3.5135616    0.480201235327
     79   P     165             1.1980050    0.384382240624

     80   P     166             0.2658301    1.000000000000

     81   P     167             0.0710034    1.000000000000

     82   D     168             0.3000000    1.000000000000

 LI        

     83   S     169           266.2778552    0.006354286535
     83   S     170            40.0697834    0.046734889363
     83   S     171             9.0559944    0.198387923560
     83   S     172             2.4503009    0.475753833454
     83   S     173             0.7220957    0.427014289368

     84   S     174             0.0528109    1.000000000000

     85   S     175             0.0209609    1.000000000000

     86   P     176             1.4500000    0.224912327222
     86   P     177             0.3000000    0.869730577039

     87   P     178             0.0820000    1.000000000000

 Total Number of Basis Set Shells             =   87
 Total Number of Primitives                   =  178
 Number of Cartesian Gaussian Basis Functions =  194
 Number of Electrons                          =   97
 Charge of Molecule                           =    0
 Spin Multiplicity                            =    2
 Number of Occupied Orbitals (Alpha)          =   49
 Number of Occupied Orbitals (Beta )          =   48
 Total Number of Atoms                        =   16

 Input Run Options
 -----------------
 IRUNTYP = 1  MULT = 2  ICHARG =  0 IECP = 0  IEMOM = 1  UNITS = ANGS    

 Integral Options
 ----------------
 CUTOFF = 1.0E-09   ISCHWZ = 1   ERITYP = FULL

 Input NOF Options
 -----------------

 Type of calculation =    Coeff. Opt.:   (ICOEF)         1
 Use Softmax function for Occ. Opt.:     (ISOFTMAX)      1
 Type of Orb. Opt. = Orbital Rotations:  (IORBOPT)       4
 Maximum Number of Occ-Coef Outer Iter.: (MAXIT)      1000

 Natural Orbital Functional Selected:    (IPNOF)         7
 Spin-Multiplet, High-Spin State Option: (HighSpin)      F

 Restart calculation Option:             (RESTART)       T
 Orthogonalize the initial Orbitals:     (ORTHO)         T

 Output Option:                          (NPRINT)        0
 Output the Coefficient Matrix:          (IWRITEC)       0
 Do a Mulliken Population Analysis:      (IMULPOP)       0
 Write Information into a WFN file:      (IAIMPAC)       1
 Write Information into a FCHK file:     (IFCHK)         1
 Write Information into a MLP file:      (MOLDEN)        1
 Create Ini. Cond. (ini.xyz) file:       (INICOND)       1
 Calculate IPs using Ext. Koopmans Theo: (IEKT)          0
 Write APSG expansion coefficient file:  (APSG)          F
 Output option for Lagrange Multipliers: (PRINTLAG)      F
 Diagonalize matrix of Lag. Multipliers: (DIAGLAG)       F

 Nuclear Coordinates from GCF file:
 ----------------------------------

 Atom      Charge                Coordinates (Bohr)
                           x             y             z
 SI      14.00000        2.3566        1.5641        0.1563
 H        1.00000        3.7392        4.6292       -2.7865
 O        8.00000        3.1456        2.8972       -2.7842
 B        5.00000       -0.7701        2.6121        2.3331
 H        1.00000       -0.6644        4.0600        4.0697
 B        5.00000       -1.3579       -3.7576       -0.3828
 H        1.00000       -2.2316        3.5216        0.7150
 SI      14.00000       -1.2153       -1.2231        3.3497
 MG      12.00000       -2.9113        0.3957       -1.0836
 H        1.00000       -1.5213       -5.8335        0.6512
 B        5.00000        0.9643       -1.7340       -0.2976
 MG      12.00000        1.7648       -5.1296        2.5427
 H        1.00000       -2.6660        1.2812       -4.2975
 H        1.00000       -3.1301       -3.6041       -1.8820
 AL      13.00000        3.7034       -0.4747        4.1564
 LI       3.00000        0.7941        0.7953       -4.4600

------------------------------------------------------------------------

 Orbital Space
 -------------

 Inactive Doubly occupied orbitals up to NO1  =    0
 No. considered Strongly Doubly occupied MOs  =   48
 No. considered Strongly Singly occupied MOs  =    1
 No. of Weakly occ. per St. Doubly occ.  MOs  =    3
 Dimension of the Active Nat. Orb. subspace   =  192
 Secondary Empty orbitals                     =    1

 1e- integrals
 -------------
 Time to do integrals =      0.01

 2e- integrals
 -------------
 DONTW option skips storage 2e- integrals on Unit 1
           136043877 2e- integrals in     1 records
 Time to do integrals =      9.80

 Distribution Full ERIs:

 Integrals:                         136043877
 Max size per slaves:                11336990
 Max size in master:                147380867

 No violations of the orthonormality


  RESULTS OF OCCUPATION-COEFFICIENT OPTIMIZATION
 ================================================

  Ex It  Orb It    Electronic Energy     Total Energy   Energy Convergency    Max Mul-Lag Diff

    1      10     -2134.9615348393    -1378.5710626750     0.0000000000           0.033877
    2      30     -2135.0523724827    -1378.6619003183    -0.0908376434           0.003616
    3      30     -2135.0984951842    -1378.7080230199    -0.0461227015           0.002501
    4      30     -2135.1156357328    -1378.7251635684    -0.0171405486           0.001970
    5      30     -2135.1255619583    -1378.7350897940    -0.0099262256           0.001297
    6      30     -2135.1329116860    -1378.7424395217    -0.0073497277           0.000927
    7      30     -2135.1386160418    -1378.7481438775    -0.0057043557           0.000828
    8      30     -2135.1432150573    -1378.7527428930    -0.0045990155           0.000873
    9      30     -2135.1468846735    -1378.7564125091    -0.0036696162           0.000833
   10      30     -2135.1496370911    -1378.7591649268    -0.0027524176           0.000729
   11      30     -2135.1516852999    -1378.7612131356    -0.0020482088           0.000704
   12      30     -2135.1532580817    -1378.7627859174    -0.0015727818           0.000662
   13      30     -2135.1544357996    -1378.7639636352    -0.0011777178           0.000686
   14      30     -2135.1552731454    -1378.7648009811    -0.0008373458           0.000661
   15      30     -2135.1558534292    -1378.7653812649    -0.0005802838           0.000666
   16      30     -2135.1562460044    -1378.7657738400    -0.0003925751           0.000646
   17      30     -2135.1565148943    -1378.7660427299    -0.0002688899           0.000660
   18      30     -2135.1566935629    -1378.7662213986    -0.0001786686           0.000683
   19      30     -2135.1568261302    -1378.7663539659    -0.0001325673           0.000639
   20      30     -2135.1569170887    -1378.7664449244    -0.0000909585           0.000705
   21      30     -2135.1569851018    -1378.7665129375    -0.0000680131           0.000688
   22      30     -2135.1570504709    -1378.7665783065    -0.0000653691           0.000651
   23      30     -2135.1570968670    -1378.7666247026    -0.0000463961           0.000686
   24      30     -2135.1571367807    -1378.7666646164    -0.0000399137           0.000692
   25      30     -2135.1571718761    -1378.7666997117    -0.0000350954           0.000700
   26      30     -2135.1572025530    -1378.7667303887    -0.0000306770           0.000716
   27      30     -2135.1572397321    -1378.7667675678    -0.0000371791           0.000667
   28      30     -2135.1572657169    -1378.7667935525    -0.0000259847           0.000669
   29      30     -2135.1572873318    -1378.7668151675    -0.0000216150           0.000708
   30      30     -2135.1573050383    -1378.7668328740    -0.0000177065           0.000659
   31      30     -2135.1573221292    -1378.7668499648    -0.0000170909           0.000630
   32      30     -2135.1573333675    -1378.7668612032    -0.0000112384           0.000683
   33      30     -2135.1573431461    -1378.7668709818    -0.0000097786           0.000651
   34      30     -2135.1573524122    -1378.7668802479    -0.0000092661           0.000682
   35      40     -2135.1573666961    -1378.7668945317    -0.0000142838           0.000135
   36      40     -2135.1574066535    -1378.7669344891    -0.0000399574           0.000134
   37      40     -2135.1574317279    -1378.7669595636    -0.0000250744           0.000127
   38      40     -2135.1574478258    -1378.7669756615    -0.0000160979           0.000134
   39      50     -2135.1574522286    -1378.7669800643    -0.0000044028           0.000020


  RESULTS OF THE OCCUPATION OPTIMIZATION
 ========================================

   OM     Occupation      Elag Diag

    1      1.9999999    -68.2869645
    2      1.9999999    -58.4284829
    3      1.9999999    -56.6069371
    4      1.9999999    -55.5846168
    5      1.9999999    -55.1478332
    6      1.9999175    -20.5957812
    7      1.9998664     -4.2769358
    8      1.9998628     -4.2733712
    9      1.9998520     -4.7957627
   10      1.9998109     -4.7392712
   11      1.9997998     -4.9108351
   12      1.9997676     -4.8236564
   13      1.9997500     -4.8317517
   14      1.9997479     -4.8643946
   15      1.9997372     -2.7225500
   16      1.9996828     -2.8257659
   17      1.9996800     -3.6262736
   18      1.9996770     -3.6464864
   19      1.9996678     -2.7740955
   20      1.9996346     -3.5510552
   21      1.9996274     -2.7046467
   22      1.9996019     -3.6233350
   23      1.9995824     -7.5506081
   24      1.9995736     -7.5773703
   25      1.9995673     -2.6856517
   26      1.9995605     -7.5736972
   27      1.9995300     -2.6149609
   28      1.9995281     -2.5885873
   29      1.9994760     -2.6167200
   30      1.9991073     -2.4529128
   31      1.9850320     -0.9249215
   32      1.9824649     -0.7325734
   33      1.9811387     -0.7410723
   34      1.9714116     -0.9021184
   35      1.9671237     -0.5426910
   36      1.9657690     -0.6083856
   37      1.9649656     -0.5857437
   38      1.9648406     -0.6254519
   39      1.9644286     -0.4493391
   40      1.9642387     -0.5974501
   41      1.9607264     -0.6157715
   42      1.9491226     -0.6259767
   43      1.9021655     -0.4506658
   44      1.8821185     -0.4513573
   45      1.8457895     -0.3477628
   46      1.7681408     -0.2873658
   47      1.7254457     -0.2868108
   48      1.5722764     -0.2560225
   49      1.0000000     -0.1465298
   50      0.4208124     -0.0771216
   51      0.0827612     -0.0176588
   52      0.0237346     -0.0070842
   53      0.0298642     -0.0092282
   54      0.0970346     -0.0257081
   55      0.0717897     -0.0240887
   56      0.0369001     -0.0153003
   57      0.0242342     -0.0125178
   58      0.0236553     -0.0141588
   59      0.0199720     -0.0107410
   60      0.0111304     -0.0068051
   61      0.0031934     -0.0029525
   62      0.0227710     -0.0135851
   63      0.0213578     -0.0128373
   64      0.0245338     -0.0222050
   65      0.0162772     -0.0140742
   66      0.0151882     -0.0133813
   67      0.0134195     -0.0135609
   68      0.0002850     -0.0008525
   69      0.0000514     -0.0001735
   70      0.0000809     -0.0002691
   71      0.0003642     -0.0011384
   72      0.0004037     -0.0035660
   73      0.0000546     -0.0001921
   74      0.0003846     -0.0034163
   75      0.0003976     -0.0034969
   76      0.0000241     -0.0001018
   77      0.0003001     -0.0009383
   78      0.0003100     -0.0011848
   79      0.0002799     -0.0008879
   80      0.0000147     -0.0000623
   81      0.0002958     -0.0011487
   82      0.0000420     -0.0001543
   83      0.0000628     -0.0002219
   84      0.0002394     -0.0012523
   85      0.0000042     -0.0000232
   86      0.0002229     -0.0011372
   87      0.0000067     -0.0000409
   88      0.0001750     -0.0008673
   89      0.0000073     -0.0000405
   90      0.0000964     -0.0004041
   91      0.0000228     -0.0001118
   92      0.0000786     -0.0017233
   93      0.0000001     -0.0000021
   94      0.0000001     -0.0000018
   95      0.0000001     -0.0000019
   96      0.0000000     -0.0000011
   97      0.0000000     -0.0000007
   98      0.0030315     -0.0014336
   99      0.0063446     -0.0024208
  100      0.0068781     -0.0027672
  101      0.0062856     -0.0028291
  102      0.0100080     -0.0041331
  103      0.0192630     -0.0082059
  104      0.0072100     -0.0040672
  105      0.0096333     -0.0059395
  106      0.0091524     -0.0066335
  107      0.0092619     -0.0052907
  108      0.0190153     -0.0108120
  109      0.0088018     -0.0063245
  110      0.0079106     -0.0059333
  111      0.0035768     -0.0032123
  112      0.0025605     -0.0032995
  113      0.0011953     -0.0017272
  114      0.0014833     -0.0021371
  115      0.0006225     -0.0010591
  116      0.0002593     -0.0007985
  117      0.0000440     -0.0001560
  118      0.0003311     -0.0009712
  119      0.0000681     -0.0002462
  120      0.0000223     -0.0001972
  121      0.0003268     -0.0010097
  122      0.0000249     -0.0002176
  123      0.0000179     -0.0001550
  124      0.0003341     -0.0013075
  125      0.0000387     -0.0001481
  126      0.0000358     -0.0001417
  127      0.0000220     -0.0000808
  128      0.0002956     -0.0011615
  129      0.0000127     -0.0000546
  130      0.0000367     -0.0001228
  131      0.0001389     -0.0004495
  132      0.0000090     -0.0000520
  133      0.0002425     -0.0012655
  134      0.0000062     -0.0000349
  135      0.0001894     -0.0010427
  136      0.0000077     -0.0000421
  137      0.0001357     -0.0007083
  138      0.0000273     -0.0001357
  139      0.0000913     -0.0004033
  140      0.0000036     -0.0000758
  141      0.0000000     -0.0000015
  142      0.0000000     -0.0000016
  143      0.0000000     -0.0000013
  144      0.0000000     -0.0000010
  145      0.0000000     -0.0000006
  146      0.0038797     -0.0017069
  147      0.1854484     -0.0350226
  148      0.2012465     -0.0419690
  149      0.1180608     -0.0280916
  150      0.0108389     -0.0043529
  151      0.0067818     -0.0036159
  152      0.0067672     -0.0038410
  153      0.0054061     -0.0036994
  154      0.0029536     -0.0027991
  155      0.0063375     -0.0040645
  156      0.0050137     -0.0035423
  157      0.0230392     -0.0137978
  158      0.0035494     -0.0031504
  159      0.0079417     -0.0056618
  160      0.0014940     -0.0021070
  161      0.0013888     -0.0021398
  162      0.0008637     -0.0014590
  163      0.0009260     -0.0014824
  164      0.0003484     -0.0010131
  165      0.0004285     -0.0012211
  166      0.0000598     -0.0002011
  167      0.0000377     -0.0001434
  168      0.0000135     -0.0001185
  169      0.0000512     -0.0001811
  170      0.0000169     -0.0001655
  171      0.0000021     -0.0000170
  172      0.0000399     -0.0001678
  173      0.0000338     -0.0001252
  174      0.0000196     -0.0000793
  175      0.0000303     -0.0001200
  176      0.0000127     -0.0000564
  177      0.0000116     -0.0000541
  178      0.0002385     -0.0007351
  179      0.0000611     -0.0002137
  180      0.0000036     -0.0000190
  181      0.0000032     -0.0000168
  182      0.0000032     -0.0000170
  183      0.0000040     -0.0000225
  184      0.0000063     -0.0000335
  185      0.0000049     -0.0000260
  186      0.0000135     -0.0000627
  187      0.0000195     -0.0000928
  188      0.0000003     -0.0000055
  189      0.0000000     -0.0000004
  190      0.0000000     -0.0000004
  191      0.0000000     -0.0000003
  192      0.0000000     -0.0000003
  193      0.0000000     -0.0000002

   RO Sum (  97) =   97.00

  ---------------
   Dipole Moment
  ---------------

      5.2330 Debye [   2.0588  (  -0.0819,   0.2612,  -2.0406) ]

 ----------------
  Final Energies  
 ----------------

  Final NOF Total Energy =    -1378.7669800643 ( 2.E-05 , 0.E+00 )


  **************************************************
  *                                                *
  *       SINGLE-POINT DoNOF CALCULATION           *
  *                                                *
  *             FULL OPTIMIZATION                  *
  *                                                *
  *  FINAL RESULTS   FINAL RESULTS  FINAL RESULTS  *
  *                                                *
  **************************************************

  **************************************************
  *         No. EXTERNAL ITER =    39              *
  *         No. of TOTAL ITER =  1210              *
  **************************************************

  Elapsed real time :  43979.43  (Seconds)
  Git sha : bcb372acca69df19ae91719c988dea244a3c3d1c                                                            

 The execution finished at 22h 12min on the 12/ 5/2024
