 This is the parallel version of the code
 This is the parallel version of the code
 This is the parallel version of the code
 This is the parallel version of the code
 This is the parallel version of the code
 This is the parallel version of the code
 This is the parallel version of the code
 This is the parallel version of the code
Master:    0

 The execution started at  9h 56min on the 12/ 5/2024

    ===========================================================
    !                                                         !
    !                        Do N O F                         !
    !                                                         !
    !  (Donostia Natural Orbital Functional Software Program) !
    !                                                         !
    !               COPYRIGHT by Mario Piris                  !
    !                                                         !
    !      Donostia International Physics Center (DIPC)       !
    !       University of the Basque Country (UPV/EHU)        !
    !       Basque Foundation for Science (IKERBASQUE)        !
    !                                                         !
    !          GNU General Public License version 3           !
    !                                                         !
    !                  VERSION: Mayo 2024                     !
    !                                                         !
    ===========================================================

 Run Title
 ---------
 p30-5 set                                                                       

 Basis Set
 ---------
 /beegfs_agamede/gscratch/povmieci/SCRATCH/66810/def2-svp.bas                    

 Atom      Charge                Coordinates (Bohr)
                           x             y             z
 H           1.0        3.2398       -0.7172       -4.9581
 F           9.0       -2.5886       -1.2945        0.6801
 B           5.0       -0.0639       -0.1967        1.1830
 H           1.0        1.7943       -3.8870        2.4173
 N           7.0       -0.3412        2.0980        2.9057
 AL         13.0        1.5522        4.3046        0.2681
 C           6.0        1.9873       -2.3900        0.9971
 H           1.0        3.9433       -1.6882        1.0802
 P          15.0       -3.0733        4.0929        2.0510
 O           8.0       -1.5920       -0.7712       -4.7490
 H           1.0        0.0254        2.0412        4.7899
 O           8.0        1.5637       -3.5787       -1.4558
 H           1.0       -4.9655        2.1675        2.2204
 MG         12.0       -3.0069        1.1607       -2.1756
 H           1.0        0.5159        1.0488       -0.9158
 SI         14.0        1.0095       -2.3901       -4.3385

 Atomic Basis Set
 ----------------
 The contracted primitive functions were unnormalized
 The contracted basis functions are now normalized to unity

  Shell Type  Primitive         Exponent  Contraction Coefficient

 H         

      1   S       1            13.0107010    0.033485484813
      1   S       2             1.9622572    0.234721870881
      1   S       3             0.4445380    0.813770285260

      2   S       4             0.1219496    1.000000000000

      3   P       5             0.8000000    1.000000000000

 F         

      4   S       6          2894.8325990   -0.005349321176
      4   S       7           435.4193912   -0.039967734372
      4   S       8            98.8433289   -0.179412617888
      4   S       9            27.4851980   -0.468324686869
      4   S      10             8.5405498   -0.447241605328

      5   S      11             1.0654578    1.000000000000

      6   S      12             0.3324735    1.000000000000

      7   P      13            22.6966339   -0.064782148241
      7   P      14             4.9872339   -0.340357853553
      7   P      15             1.3491614   -0.734858153660

      8   P      16             0.3482988    1.000000000000

      9   D      17             1.4000000    1.000000000000

 B         

     10   S      18           839.3183009   -0.005628883598
     10   S      19           126.2646484   -0.041832794610
     10   S      20            28.6206008   -0.184174881258
     10   S      21             7.8793723   -0.468396550281
     10   S      22             2.4088857   -0.444579308833

     11   S      23             0.2510511    1.000000000000

     12   S      24             0.0836489    1.000000000000

     13   P      25             6.0332224   -0.054032500323
     13   P      26             1.2499158   -0.301940343932
     13   P      27             0.3387168   -0.771707916582

     14   P      28             0.0964156    1.000000000000

     15   D      29             0.5000000    1.000000000000

 H         

     16   S      30            13.0107010    0.033485484813
     16   S      31             1.9622572    0.234721870881
     16   S      32             0.4445380    0.813770285260

     17   S      33             0.1219496    1.000000000000

     18   P      34             0.8000000    1.000000000000

 N         

     19   S      35          1712.8415853   -0.005447799580
     19   S      36           257.6481268   -0.040627174632
     19   S      37            58.4582459   -0.181119622506
     19   S      38            16.1983679   -0.468439755632
     19   S      39             5.0052601   -0.446168462892

     20   S      40             0.5873186    1.000000000000

     21   S      41             0.1876459    1.000000000000

     22   P      42            13.5714702   -0.058848116970
     22   P      43             2.9257373   -0.320246247625
     22   P      44             0.7992775   -0.753282265204

     23   P      45             0.2195435    1.000000000000

     24   D      46             1.0000000    1.000000000000

 AL        

     25   S      47          5887.5727030    0.005651978962
     25   S      48           885.6122600    0.042218253427
     25   S      49           201.1360490    0.189187196726
     25   S      50            56.2849747    0.480435911881
     25   S      51            17.2295512    0.425872684294

     26   S      52            29.3402499    0.088568603239
     26   S      53             3.0439630   -0.543157066723
     26   S      54             1.1285540   -0.529385510294

     27   S      55             0.1423418    1.000000000000

     28   S      56             0.0544002    1.000000000000

     29   P      57           145.1191881    0.010726377859
     29   P      58            33.7178948    0.074103623546
     29   P      59            10.3698631    0.261296213060
     29   P      60             3.5135616    0.480201235327
     29   P      61             1.1980050    0.384382240624

     30   P      62             0.2658301    1.000000000000

     31   P      63             0.0710034    1.000000000000

     32   D      64             0.3000000    1.000000000000

 C         

     33   S      65          1238.4016938    0.005517365048
     33   S      66           186.2900499    0.041088828556
     33   S      67            42.2511763    0.182253821265
     33   S      68            11.6765579    0.468284594374
     33   S      69             3.5930506    0.445758173360

     34   S      70             0.4024515    1.000000000000

     35   S      71             0.1309018    1.000000000000

     36   P      72             9.4680971    0.056888332011
     36   P      73             2.0103545    0.312940593365
     36   P      74             0.5477100    0.760650165091

     37   P      75             0.1526861    1.000000000000

     38   D      76             0.8000000    1.000000000000

 H         

     39   S      77            13.0107010    0.033485484813
     39   S      78             1.9622572    0.234721870881
     39   S      79             0.4445380    0.813770285260

     40   S      80             0.1219496    1.000000000000

     41   P      81             0.8000000    1.000000000000

 P         

     42   S      82          8002.4795106    0.005525555279
     42   S      83          1203.6813590    0.041326367171
     42   S      84           273.4422703    0.186070058991
     42   S      85            76.6555415    0.477107006766
     42   S      86            23.5169274    0.432247688783

     43   S      87            39.7916834    0.090954145513
     43   S      88             4.2770343   -0.550855656186
     43   S      89             1.6940257   -0.518269979075

     44   S      90             0.2756767    1.000000000000

     45   S      91             0.1049559    1.000000000000

     46   P      92           219.5075582    0.009573910140
     46   P      93            51.2741550    0.067993851914
     46   P      94            15.9215959    0.249832097533
     46   P      95             5.5069913    0.481481790475
     46   P      96             1.9537719    0.388697985432

     47   P      97             0.4780340    1.000000000000

     48   P      98             0.1365795    1.000000000000

     49   D      99             0.4500000    1.000000000000

 O         

     50   S     100          2266.1767785   -0.005389350392
     50   S     101           340.8701019   -0.040234721389
     50   S     102            77.3631352   -0.180081842055
     50   S     103            21.4796449   -0.468288576577
     50   S     104             6.6589433   -0.446926171602

     51   S     105             0.8097598    1.000000000000

     52   S     106             0.2553077    1.000000000000

     53   P     107            17.7215043    0.062630248763
     53   P     108             3.8635505    0.333311384824
     53   P     109             1.0480921    0.741486383081

     54   P     110             0.2764154    1.000000000000

     55   D     111             1.2000000    1.000000000000

 H         

     56   S     112            13.0107010    0.033485484813
     56   S     113             1.9622572    0.234721870881
     56   S     114             0.4445380    0.813770285260

     57   S     115             0.1219496    1.000000000000

     58   P     116             0.8000000    1.000000000000

 O         

     59   S     117          2266.1767785   -0.005389350392
     59   S     118           340.8701019   -0.040234721389
     59   S     119            77.3631352   -0.180081842055
     59   S     120            21.4796449   -0.468288576577
     59   S     121             6.6589433   -0.446926171602

     60   S     122             0.8097598    1.000000000000

     61   S     123             0.2553077    1.000000000000

     62   P     124            17.7215043    0.062630248763
     62   P     125             3.8635505    0.333311384824
     62   P     126             1.0480921    0.741486383081

     63   P     127             0.2764154    1.000000000000

     64   D     128             1.2000000    1.000000000000

 H         

     65   S     129            13.0107010    0.033485484813
     65   S     130             1.9622572    0.234721870881
     65   S     131             0.4445380    0.813770285260

     66   S     132             0.1219496    1.000000000000

     67   P     133             0.8000000    1.000000000000

 MG        

     68   S     134          4953.8339196   -0.005730348253
     68   S     135           745.1804415   -0.042769871122
     68   S     136           169.2160497   -0.191096515460
     68   S     137            47.3006720   -0.482411503269
     68   S     138            14.4613370   -0.422007266852

     69   S     139            24.7681748    0.087115605721
     69   S     140             2.4940945   -0.546373693218
     69   S     141             0.8780758   -0.529320757859

     70   S     142             0.0872128    1.000000000000

     71   S     143             0.0335993    1.000000000000

     72   P     144            98.0530105   -0.014480564601
     72   P     145            22.5869323   -0.095495750787
     72   P     146             6.8391510   -0.307876726509
     72   P     147             2.2332844   -0.499362928859
     72   P     148             0.7160660   -0.315034762129

     73   P     149             0.1891480    1.000000000000

     74   P     150             0.0537688    1.000000000000

     75   D     151             0.1010000    1.000000000000

 H         

     76   S     152            13.0107010    0.033485484813
     76   S     153             1.9622572    0.234721870881
     76   S     154             0.4445380    0.813770285260

     77   S     155             0.1219496    1.000000000000

     78   P     156             0.8000000    1.000000000000

 SI        

     79   S     157          6903.7118686    0.005584465887
     79   S     158          1038.4346419    0.041742284436
     79   S     159           235.8758148    0.187528023742
     79   S     160            66.0693852    0.478678596587
     79   S     161            20.2479458    0.429256952162

     80   S     162            34.3534817    0.089834899465
     80   S     163             3.6370788   -0.545685958777
     80   S     164             1.4002049   -0.524810829267

     81   S     165             0.2048441    1.000000000000

     82   S     166             0.0779941    1.000000000000

     83   P     167           179.8390737    0.010133498379
     83   P     168            41.9072588    0.071029041096
     83   P     169            12.9552944    0.255839142169
     83   P     170             4.4383267    0.481498047149
     83   P     171             1.5462248    0.385211960064

     84   P     172             0.3560761    1.000000000000

     85   P     173             0.1000851    1.000000000000

     86   D     174             0.3500000    1.000000000000

 Total Number of Basis Set Shells             =   86
 Total Number of Primitives                   =  174
 Number of Cartesian Gaussian Basis Functions =  196
 Number of Electrons                          =  103
 Charge of Molecule                           =    0
 Spin Multiplicity                            =    2
 Number of Occupied Orbitals (Alpha)          =   52
 Number of Occupied Orbitals (Beta )          =   51
 Total Number of Atoms                        =   16

 Input Run Options
 -----------------
 IRUNTYP = 1  MULT = 2  ICHARG =  0 IECP = 0  IEMOM = 1  UNITS = ANGS    

 Integral Options
 ----------------
 CUTOFF = 1.0E-09   ISCHWZ = 1   ERITYP = FULL

 Input NOF Options
 -----------------

 Type of calculation =    Coeff. Opt.:   (ICOEF)         1
 Use Softmax function for Occ. Opt.:     (ISOFTMAX)      1
 Type of Orb. Opt. = Orbital Rotations:  (IORBOPT)       4
 Maximum Number of Occ-Coef Outer Iter.: (MAXIT)      1000

 Natural Orbital Functional Selected:    (IPNOF)         7
 Spin-Multiplet, High-Spin State Option: (HighSpin)      F

 Restart calculation Option:             (RESTART)       T
 Orthogonalize the initial Orbitals:     (ORTHO)         T

 Output Option:                          (NPRINT)        0
 Output the Coefficient Matrix:          (IWRITEC)       0
 Do a Mulliken Population Analysis:      (IMULPOP)       0
 Write Information into a WFN file:      (IAIMPAC)       1
 Write Information into a FCHK file:     (IFCHK)         1
 Write Information into a MLP file:      (MOLDEN)        1
 Create Ini. Cond. (ini.xyz) file:       (INICOND)       1
 Calculate IPs using Ext. Koopmans Theo: (IEKT)          0
 Write APSG expansion coefficient file:  (APSG)          F
 Output option for Lagrange Multipliers: (PRINTLAG)      F
 Diagonalize matrix of Lag. Multipliers: (DIAGLAG)       F

 Nuclear Coordinates from GCF file:
 ----------------------------------

 Atom      Charge                Coordinates (Bohr)
                           x             y             z
 H        1.00000        3.2398       -0.7172       -4.9581
 F        9.00000       -2.5886       -1.2945        0.6801
 B        5.00000       -0.0639       -0.1967        1.1830
 H        1.00000        1.7943       -3.8870        2.4173
 N        7.00000       -0.3412        2.0980        2.9057
 AL      13.00000        1.5522        4.3046        0.2681
 C        6.00000        1.9873       -2.3900        0.9971
 H        1.00000        3.9433       -1.6882        1.0802
 P       15.00000       -3.0733        4.0929        2.0510
 O        8.00000       -1.5920       -0.7712       -4.7490
 H        1.00000        0.0254        2.0412        4.7899
 O        8.00000        1.5637       -3.5787       -1.4558
 H        1.00000       -4.9655        2.1675        2.2204
 MG      12.00000       -3.0069        1.1607       -2.1756
 H        1.00000        0.5159        1.0488       -0.9158
 SI      14.00000        1.0095       -2.3901       -4.3385

------------------------------------------------------------------------

 Orbital Space
 -------------

 Inactive Doubly occupied orbitals up to NO1  =    0
 No. considered Strongly Doubly occupied MOs  =   51
 No. considered Strongly Singly occupied MOs  =    1
 No. of Weakly occ. per St. Doubly occ.  MOs  =    2
 Dimension of the Active Nat. Orb. subspace   =  153
 Secondary Empty orbitals                     =   42

 1e- integrals
 -------------
 Time to do integrals =      0.01

 2e- integrals
 -------------
 DONTW option skips storage 2e- integrals on Unit 1
           118591422 2e- integrals in     1 records
 Time to do integrals =      9.45

 Distribution Full ERIs:

 Integrals:                         118591422
 Max size per slaves:                14823928
 Max size in master:                133415350

 No violations of the orthonormality


  RESULTS OF OCCUPATION-COEFFICIENT OPTIMIZATION
 ================================================

  Ex It  Orb It    Electronic Energy     Total Energy   Energy Convergency    Max Mul-Lag Diff

    1      10     -2323.2247342289    -1440.7518955007     0.0000000000           0.027054
    2      30     -2323.3064689922    -1440.8336302640    -0.0817347633           0.003991
    3      30     -2323.3399904369    -1440.8671517086    -0.0335214446           0.003085
    4      30     -2323.3575343534    -1440.8846956252    -0.0175439166           0.001956
    5      30     -2323.3701455591    -1440.8973068308    -0.0126112057           0.001500
    6      30     -2323.3800593626    -1440.9072206344    -0.0099138035           0.001774
    7      30     -2323.3876197030    -1440.9147809747    -0.0075603403           0.002082
    8      30     -2323.3933964109    -1440.9205576827    -0.0057767080           0.002332
    9      30     -2323.3978597759    -1440.9250210477    -0.0044633650           0.002509
   10      30     -2323.4013812670    -1440.9285425388    -0.0035214911           0.002606
   11      30     -2323.4042058460    -1440.9313671177    -0.0028245789           0.002590
   12      30     -2323.4064600400    -1440.9336213117    -0.0022541940           0.002431
   13      30     -2323.4082111747    -1440.9353724465    -0.0017511347           0.002111
   14      30     -2323.4095311002    -1440.9366923720    -0.0013199255           0.001649
   15      30     -2323.4104760597    -1440.9376373314    -0.0009449595           0.001107
   16      30     -2323.4111312275    -1440.9382924993    -0.0006551678           0.000698
   17      30     -2323.4115340235    -1440.9386952952    -0.0004027959           0.000733
   18      30     -2323.4118002894    -1440.9389615611    -0.0002662659           0.000725
   19      30     -2323.4120374394    -1440.9391987112    -0.0002371501           0.000747
   20      30     -2323.4122544072    -1440.9394156790    -0.0002169678           0.000751
   21      30     -2323.4124441412    -1440.9396054130    -0.0001897340           0.000740
   22      30     -2323.4125981660    -1440.9397594378    -0.0001540248           0.000724
   23      30     -2323.4127169535    -1440.9398782252    -0.0001187875           0.000756
   24      30     -2323.4127951028    -1440.9399563745    -0.0000781493           0.000791
   25      30     -2323.4128461339    -1440.9400074057    -0.0000510311           0.000747
   26      30     -2323.4128851553    -1440.9400464271    -0.0000390214           0.000788
   27      30     -2323.4129101068    -1440.9400713786    -0.0000249515           0.000759
   28      30     -2323.4129302193    -1440.9400914911    -0.0000201125           0.000736
   29      30     -2323.4129486029    -1440.9401098746    -0.0000183836           0.000754
   30      40     -2323.4129712917    -1440.9401325634    -0.0000226888           0.000148
   31      50     -2323.4129856764    -1440.9401469482    -0.0000143847           0.000024
   32      50     -2323.4129875741    -1440.9401488458    -0.0000018977           0.000028


  RESULTS OF THE OCCUPATION OPTIMIZATION
 ========================================

   OM     Occupation      Elag Diag

    1      1.9999997    -73.0692528
    2      1.9999997    -69.5992786
    3      1.9999996    -57.9372840
    4      1.9999995    -55.6836191
    5      1.9999590    -26.3233666
    6      1.9999141    -20.4998267
    7      1.9999138    -20.5305442
    8      1.9998895     -5.7183502
    9      1.9998859     -5.9053910
   10      1.9998752     -5.9749744
   11      1.9998593     -4.6071105
   12      1.9998573     -4.7344293
   13      1.9998559     -4.6444965
   14      1.9998393    -15.6110209
   15      1.9998256     -6.1273168
   16      1.9997678     -2.7300911
   17      1.9997576     -3.5742091
   18      1.9997487     -3.5334503
   19      1.9997360     -2.7812385
   20      1.9997202    -11.2547689
   21      1.9997071     -3.7226638
   22      1.9996969     -2.6577144
   23      1.9996874     -3.7891873
   24      1.9996561     -4.8408900
   25      1.9996399     -2.6784574
   26      1.9996087     -7.6630428
   27      1.9900515     -0.9454756
   28      1.9896739     -0.9394038
   29      1.9883316     -0.9761536
   30      1.9865810     -0.6892888
   31      1.9849289     -0.7219295
   32      1.9843983     -0.7063335
   33      1.9797125     -0.8127810
   34      1.9792934     -0.6270058
   35      1.9787974     -0.8289928
   36      1.9787881     -0.6943774
   37      1.9787713     -0.8193068
   38      1.9785443     -0.9393088
   39      1.9761534     -0.6692077
   40      1.9760822     -0.6630073
   41      1.9755793     -0.6464331
   42      1.9744360     -0.8658739
   43      1.9728576     -0.6775840
   44      1.9723723     -0.6701379
   45      1.9720569     -0.6732364
   46      1.9705618     -0.5319616
   47      1.9658979     -0.6106616
   48      1.9607492     -0.7968185
   49      1.9534352     -0.6756186
   50      1.9315000     -0.3755631
   51      1.8509812     -0.3389454
   52      1.0000000     -0.1607951
   53      0.0802488     -0.0216218
   54      0.0575658     -0.0182069
   55      0.0019234     -0.0021009
   56      0.0369422     -0.0279631
   57      0.0063677     -0.0048472
   58      0.0087838     -0.0056639
   59      0.0233501     -0.0166851
   60      0.0232227     -0.0166034
   61      0.0022643     -0.0025349
   62      0.0030591     -0.0037739
   63      0.0188283     -0.0126624
   64      0.0206496     -0.0145304
   65      0.0224776     -0.0169303
   66      0.0201403     -0.0205191
   67      0.0196505     -0.0170698
   68      0.0199126     -0.0161121
   69      0.0184961     -0.0157260
   70      0.0015792     -0.0023007
   71      0.0189450     -0.0169986
   72      0.0014421     -0.0022553
   73      0.0137653     -0.0125021
   74      0.0059596     -0.0036644
   75      0.0108350     -0.0131613
   76      0.0094067     -0.0116566
   77      0.0010209     -0.0021218
   78      0.0003667     -0.0033328
   79      0.0000390     -0.0001576
   80      0.0000346     -0.0001902
   81      0.0002829     -0.0012134
   82      0.0002442     -0.0007433
   83      0.0000443     -0.0001811
   84      0.0002668     -0.0035042
   85      0.0000526     -0.0002026
   86      0.0001998     -0.0007607
   87      0.0002059     -0.0007903
   88      0.0000384     -0.0001562
   89      0.0001626     -0.0010897
   90      0.0001542     -0.0026618
   91      0.0000267     -0.0001402
   92      0.0000180     -0.0001095
   93      0.0001154     -0.0005945
   94      0.0001141     -0.0007307
   95      0.0001021     -0.0006321
   96      0.0000910     -0.0005421
   97      0.0000823     -0.0017981
   98      0.0000843     -0.0018326
   99      0.0000397     -0.0010806
  100      0.0000003     -0.0000127
  101      0.0000002     -0.0000118
  102      0.0000002     -0.0000085
  103      0.0000001     -0.0000074
  104      0.0687700     -0.0189153
  105      0.0109342     -0.0046205
  106      0.0446414     -0.0270874
  107      0.0023086     -0.0029131
  108      0.0277344     -0.0164364
  109      0.0206544     -0.0118279
  110      0.0045930     -0.0044741
  111      0.0044050     -0.0043195
  112      0.0248781     -0.0170643
  113      0.0225050     -0.0193058
  114      0.0055924     -0.0048923
  115      0.0032682     -0.0032150
  116      0.0013689     -0.0019837
  117      0.0013155     -0.0024014
  118      0.0015782     -0.0021720
  119      0.0012993     -0.0020771
  120      0.0027065     -0.0032566
  121      0.0191274     -0.0148818
  122      0.0013425     -0.0020590
  123      0.0141596     -0.0126116
  124      0.0013058     -0.0020207
  125      0.0074593     -0.0043660
  126      0.0008334     -0.0017582
  127      0.0009193     -0.0018895
  128      0.0089277     -0.0112715
  129      0.0000246     -0.0002249
  130      0.0003211     -0.0010312
  131      0.0003093     -0.0015705
  132      0.0000297     -0.0001414
  133      0.0000589     -0.0002177
  134      0.0002486     -0.0010250
  135      0.0000130     -0.0001616
  136      0.0002113     -0.0006765
  137      0.0000515     -0.0001967
  138      0.0000364     -0.0001640
  139      0.0001939     -0.0006287
  140      0.0000118     -0.0000869
  141      0.0000065     -0.0001057
  142      0.0001174     -0.0006154
  143      0.0001247     -0.0006674
  144      0.0000253     -0.0001402
  145      0.0000107     -0.0000810
  146      0.0000121     -0.0000877
  147      0.0000196     -0.0001172
  148      0.0000039     -0.0000805
  149      0.0000015     -0.0000311
  150      0.0000013     -0.0000299
  151      0.0000002     -0.0000120
  152      0.0000002     -0.0000104
  153      0.0000001     -0.0000082
  154      0.0000001     -0.0000070

   RO Sum ( 103) =  103.00

  ---------------
   Dipole Moment
  ---------------

      5.5534 Debye [   2.1849  (  -0.9778,   1.2715,   1.4835) ]

 ----------------
  Final Energies  
 ----------------

  Final NOF Total Energy =    -1440.9401488458 ( 3.E-05 , 0.E+00 )


  **************************************************
  *                                                *
  *       SINGLE-POINT DoNOF CALCULATION           *
  *                                                *
  *             FULL OPTIMIZATION                  *
  *                                                *
  *  FINAL RESULTS   FINAL RESULTS  FINAL RESULTS  *
  *                                                *
  **************************************************

  **************************************************
  *         No. EXTERNAL ITER =    32              *
  *         No. of TOTAL ITER =   990              *
  **************************************************

  Elapsed real time :  36076.95  (Seconds)
  Git sha : bcb372acca69df19ae91719c988dea244a3c3d1c                                                            

 The execution finished at 20h  2min on the 12/ 5/2024
