 This is the parallel version of the code
 This is the parallel version of the code
 This is the parallel version of the code
 This is the parallel version of the code
 This is the parallel version of the code
 This is the parallel version of the code
 This is the parallel version of the code
 This is the parallel version of the code
Master:    0

 The execution started at 15h 32min on the  1/ 6/2025

    ===========================================================
    !                                                         !
    !                        Do N O F                         !
    !                                                         !
    !  (Donostia Natural Orbital Functional Software Program) !
    !                                                         !
    !               COPYRIGHT by Mario Piris                  !
    !                                                         !
    !      Donostia International Physics Center (DIPC)       !
    !       University of the Basque Country (UPV/EHU)        !
    !       Basque Foundation for Science (IKERBASQUE)        !
    !                                                         !
    !          GNU General Public License version 3           !
    !                                                         !
    !                  VERSION: Mayo 2024                     !
    !                                                         !
    ===========================================================

 Run Title
 ---------
 p30-20 set                                                                      

 Basis Set
 ---------
 /beegfs_agamede/gscratch/povmieci/SCRATCH/83414/def2-svp.bas                    

 Atom      Charge                Coordinates (Bohr)
                           x             y             z
 O           8.0       -1.8833        2.5301       -3.9861
 AL         13.0        3.2770       -0.0863        3.6769
 SI         14.0       -1.1661       -0.3204        1.6906
 H           1.0       -5.4685        4.5727       -0.5293
 LI          3.0        0.9716        0.6675       -3.2596
 H           1.0       -2.7182        3.2956       -5.4169
 CL         17.0        2.8541       -3.2543       -3.7920
 AL         13.0       -3.0970        2.7893       -0.8382
 H           1.0        2.3407       -3.8775       -1.2854
 H           1.0       -1.3681       -5.3399        1.8588
 B           5.0        0.3224       -3.8977        2.3360
 H           1.0       -0.7022        4.7318        0.8380
 H           1.0        1.0911       -4.0845        4.4961
 B           5.0        0.6416        2.8573        1.4250
 H           1.0        2.2012       -4.3609        0.9842
 H           1.0        2.7036        3.7772        1.8018

 Atomic Basis Set
 ----------------
 The contracted primitive functions were unnormalized
 The contracted basis functions are now normalized to unity

  Shell Type  Primitive         Exponent  Contraction Coefficient

 O         

      1   S       1          2266.1767785   -0.005389350392
      1   S       2           340.8701019   -0.040234721389
      1   S       3            77.3631352   -0.180081842055
      1   S       4            21.4796449   -0.468288576577
      1   S       5             6.6589433   -0.446926171602

      2   S       6             0.8097598    1.000000000000

      3   S       7             0.2553077    1.000000000000

      4   P       8            17.7215043    0.062630248763
      4   P       9             3.8635505    0.333311384824
      4   P      10             1.0480921    0.741486383081

      5   P      11             0.2764154    1.000000000000

      6   D      12             1.2000000    1.000000000000

 AL        

      7   S      13          5887.5727030    0.005651978962
      7   S      14           885.6122600    0.042218253427
      7   S      15           201.1360490    0.189187196726
      7   S      16            56.2849747    0.480435911881
      7   S      17            17.2295512    0.425872684294

      8   S      18            29.3402499    0.088568603239
      8   S      19             3.0439630   -0.543157066723
      8   S      20             1.1285540   -0.529385510294

      9   S      21             0.1423418    1.000000000000

     10   S      22             0.0544002    1.000000000000

     11   P      23           145.1191881    0.010726377859
     11   P      24            33.7178948    0.074103623546
     11   P      25            10.3698631    0.261296213060
     11   P      26             3.5135616    0.480201235327
     11   P      27             1.1980050    0.384382240624

     12   P      28             0.2658301    1.000000000000

     13   P      29             0.0710034    1.000000000000

     14   D      30             0.3000000    1.000000000000

 SI        

     15   S      31          6903.7118686    0.005584465887
     15   S      32          1038.4346419    0.041742284436
     15   S      33           235.8758148    0.187528023742
     15   S      34            66.0693852    0.478678596587
     15   S      35            20.2479458    0.429256952162

     16   S      36            34.3534817    0.089834899465
     16   S      37             3.6370788   -0.545685958777
     16   S      38             1.4002049   -0.524810829267

     17   S      39             0.2048441    1.000000000000

     18   S      40             0.0779941    1.000000000000

     19   P      41           179.8390737    0.010133498379
     19   P      42            41.9072588    0.071029041096
     19   P      43            12.9552944    0.255839142169
     19   P      44             4.4383267    0.481498047149
     19   P      45             1.5462248    0.385211960064

     20   P      46             0.3560761    1.000000000000

     21   P      47             0.1000851    1.000000000000

     22   D      48             0.3500000    1.000000000000

 H         

     23   S      49            13.0107010    0.033485484813
     23   S      50             1.9622572    0.234721870881
     23   S      51             0.4445380    0.813770285260

     24   S      52             0.1219496    1.000000000000

     25   P      53             0.8000000    1.000000000000

 LI        

     26   S      54           266.2778552    0.006354286535
     26   S      55            40.0697834    0.046734889363
     26   S      56             9.0559944    0.198387923560
     26   S      57             2.4503009    0.475753833454
     26   S      58             0.7220957    0.427014289368

     27   S      59             0.0528109    1.000000000000

     28   S      60             0.0209609    1.000000000000

     29   P      61             1.4500000    0.224912327222
     29   P      62             0.3000000    0.869730577039

     30   P      63             0.0820000    1.000000000000

 H         

     31   S      64            13.0107010    0.033485484813
     31   S      65             1.9622572    0.234721870881
     31   S      66             0.4445380    0.813770285260

     32   S      67             0.1219496    1.000000000000

     33   P      68             0.8000000    1.000000000000

 CL        

     34   S      69         10449.8275660    0.005426595379
     34   S      70          1571.7365221    0.040626378129
     34   S      71           357.1206552    0.183597478529
     34   S      72           100.2518594    0.474389487682
     34   S      73            30.8127276    0.437351811041

     35   S      74            51.9237894   -0.092754154848
     35   S      75             5.7045761    0.563808255442
     35   S      76             2.3508377    0.503670446297

     36   S      77             0.4460512    1.000000000000

     37   S      78             0.1684886    1.000000000000

     38   P      79           307.6679057   -0.008879702559
     38   P      80            72.1020155   -0.064284071721
     38   P      81            22.5326803   -0.242887397360
     38   P      82             7.8991765   -0.483408363699
     38   P      83             2.8767268   -0.389525638755

     39   P      84             0.7745936    1.000000000000

     40   P      85             0.2103770    1.000000000000

     41   D      86             0.6500000    1.000000000000

 AL        

     42   S      87          5887.5727030    0.005651978962
     42   S      88           885.6122600    0.042218253427
     42   S      89           201.1360490    0.189187196726
     42   S      90            56.2849747    0.480435911881
     42   S      91            17.2295512    0.425872684294

     43   S      92            29.3402499    0.088568603239
     43   S      93             3.0439630   -0.543157066723
     43   S      94             1.1285540   -0.529385510294

     44   S      95             0.1423418    1.000000000000

     45   S      96             0.0544002    1.000000000000

     46   P      97           145.1191881    0.010726377859
     46   P      98            33.7178948    0.074103623546
     46   P      99            10.3698631    0.261296213060
     46   P     100             3.5135616    0.480201235327
     46   P     101             1.1980050    0.384382240624

     47   P     102             0.2658301    1.000000000000

     48   P     103             0.0710034    1.000000000000

     49   D     104             0.3000000    1.000000000000

 H         

     50   S     105            13.0107010    0.033485484813
     50   S     106             1.9622572    0.234721870881
     50   S     107             0.4445380    0.813770285260

     51   S     108             0.1219496    1.000000000000

     52   P     109             0.8000000    1.000000000000

 H         

     53   S     110            13.0107010    0.033485484813
     53   S     111             1.9622572    0.234721870881
     53   S     112             0.4445380    0.813770285260

     54   S     113             0.1219496    1.000000000000

     55   P     114             0.8000000    1.000000000000

 B         

     56   S     115           839.3183009   -0.005628883598
     56   S     116           126.2646484   -0.041832794610
     56   S     117            28.6206008   -0.184174881258
     56   S     118             7.8793723   -0.468396550281
     56   S     119             2.4088857   -0.444579308833

     57   S     120             0.2510511    1.000000000000

     58   S     121             0.0836489    1.000000000000

     59   P     122             6.0332224   -0.054032500323
     59   P     123             1.2499158   -0.301940343932
     59   P     124             0.3387168   -0.771707916582

     60   P     125             0.0964156    1.000000000000

     61   D     126             0.5000000    1.000000000000

 H         

     62   S     127            13.0107010    0.033485484813
     62   S     128             1.9622572    0.234721870881
     62   S     129             0.4445380    0.813770285260

     63   S     130             0.1219496    1.000000000000

     64   P     131             0.8000000    1.000000000000

 H         

     65   S     132            13.0107010    0.033485484813
     65   S     133             1.9622572    0.234721870881
     65   S     134             0.4445380    0.813770285260

     66   S     135             0.1219496    1.000000000000

     67   P     136             0.8000000    1.000000000000

 B         

     68   S     137           839.3183009   -0.005628883598
     68   S     138           126.2646484   -0.041832794610
     68   S     139            28.6206008   -0.184174881258
     68   S     140             7.8793723   -0.468396550281
     68   S     141             2.4088857   -0.444579308833

     69   S     142             0.2510511    1.000000000000

     70   S     143             0.0836489    1.000000000000

     71   P     144             6.0332224   -0.054032500323
     71   P     145             1.2499158   -0.301940343932
     71   P     146             0.3387168   -0.771707916582

     72   P     147             0.0964156    1.000000000000

     73   D     148             0.5000000    1.000000000000

 H         

     74   S     149            13.0107010    0.033485484813
     74   S     150             1.9622572    0.234721870881
     74   S     151             0.4445380    0.813770285260

     75   S     152             0.1219496    1.000000000000

     76   P     153             0.8000000    1.000000000000

 H         

     77   S     154            13.0107010    0.033485484813
     77   S     155             1.9622572    0.234721870881
     77   S     156             0.4445380    0.813770285260

     78   S     157             0.1219496    1.000000000000

     79   P     158             0.8000000    1.000000000000

 Total Number of Basis Set Shells             =   79
 Total Number of Primitives                   =  158
 Number of Cartesian Gaussian Basis Functions =  170
 Number of Electrons                          =   86
 Charge of Molecule                           =    0
 Spin Multiplicity                            =    1
 Number of Occupied Orbitals (Alpha)          =   43
 Number of Occupied Orbitals (Beta )          =   43
 Total Number of Atoms                        =   16

 Input Run Options
 -----------------
 IRUNTYP = 1  MULT = 1  ICHARG =  0 IECP = 0  IEMOM = 1  UNITS = ANGS    

 Integral Options
 ----------------
 CUTOFF = 1.0E-09   ISCHWZ = 1   ERITYP = FULL

 Input NOF Options
 -----------------

 Type of calculation =    Coeff. Opt.:   (ICOEF)         1
 Trigonometric functions for Occ. Opt.:  (ISOFTMAX)      0
 Type of Orb. Opt. = Orbital Rotations:  (IORBOPT)       4
 Maximum Number of Occ-Coef Outer Iter.: (MAXIT)      1000

 Natural Orbital Functional Selected:    (IPNOF)         7

 Restart calculation Option:             (RESTART)       T
 Orthogonalize the initial Orbitals:     (ORTHO)         T

 Output Option:                          (NPRINT)        0
 Output the Coefficient Matrix:          (IWRITEC)       0
 Do a Mulliken Population Analysis:      (IMULPOP)       0
 Write Information into a WFN file:      (IAIMPAC)       1
 Write Information into a FCHK file:     (IFCHK)         1
 Write Information into a MLP file:      (MOLDEN)        1
 Create Ini. Cond. (ini.xyz) file:       (INICOND)       1
 Calculate IPs using Ext. Koopmans Theo: (IEKT)          0
 Write APSG expansion coefficient file:  (APSG)          F
 Output option for Lagrange Multipliers: (PRINTLAG)      F
 Diagonalize matrix of Lag. Multipliers: (DIAGLAG)       F

 Nuclear Coordinates from GCF file:
 ----------------------------------

 Atom      Charge                Coordinates (Bohr)
                           x             y             z
 O        8.00000       -1.8833        2.5301       -3.9861
 AL      13.00000        3.2770       -0.0863        3.6769
 SI      14.00000       -1.1661       -0.3204        1.6906
 H        1.00000       -5.4685        4.5727       -0.5293
 LI       3.00000        0.9716        0.6675       -3.2596
 H        1.00000       -2.7182        3.2956       -5.4169
 CL      17.00000        2.8541       -3.2543       -3.7920
 AL      13.00000       -3.0970        2.7893       -0.8382
 H        1.00000        2.3407       -3.8775       -1.2854
 H        1.00000       -1.3681       -5.3399        1.8588
 B        5.00000        0.3224       -3.8977        2.3360
 H        1.00000       -0.7022        4.7318        0.8380
 H        1.00000        1.0911       -4.0845        4.4961
 B        5.00000        0.6416        2.8573        1.4250
 H        1.00000        2.2012       -4.3609        0.9842
 H        1.00000        2.7036        3.7772        1.8018

------------------------------------------------------------------------

 Orbital Space
 -------------

 Inactive Doubly occupied orbitals up to NO1  =    0
 No. considered Strongly Doubly occupied MOs  =   43
 No. considered Strongly Singly occupied MOs  =    0
 No. of Weakly occ. per St. Doubly occ.  MOs  =    2
 Dimension of the Active Nat. Orb. subspace   =  129
 Secondary Empty orbitals                     =   41

 1e- integrals
 -------------
 Time to do integrals =      0.01
 Guess for MOs = HCORE
         9 MOs were matched and         1 equalized to zero

 2e- integrals
 -------------
 DONTW option skips storage 2e- integrals on Unit 1
            62249334 2e- integrals in     1 records
 Time to do integrals =      5.00

 RHF SCF Calculation
 -------------------
 EXTRAP=T  DAMP=T  DIIS=T
 DMat Conv = 1.0E-05  Ener Tol = 1.0E-08
 Ener Conv = 1.0E-10  DMat Tol = 2.0E-05
 DIIS Conv = 1.0E-07  DMat Tol = 2.0E-05

 ITER      TOTAL ENERGY        E CHANGE     DEN. CHANGE    DIIS ERROR
   1    -1306.2706852634 -1306.2706852634 108.011889382   1.499810402
   2    -1213.5052505970    92.7654346664 112.534880872   1.622285792
   3    -1334.5249397037  -121.0196891067   0.026664429   0.585636202
   4    -1334.5781629501    -0.0532232464   0.380807247   0.586005926
   5    -1335.3244110423    -0.7462480922   0.302149842   0.589951860
   6    -1335.9353397569    -0.6109287146   0.326397287   0.591290965
   7    -1336.6990706569    -0.7637309000   0.219736757   0.590673554
   8    -1337.3605666571    -0.6614960002   0.199983698   0.588587893
   9    -1338.1677070357    -0.8071403786   0.215061629   0.584952674
  10    -1338.9406115607    -0.7729045249   0.212757743   0.580980883
  11    -1339.6893304181    -0.7487188574   0.199907507   0.577094665
  12    -1340.4384827303    -0.7491523122   0.157529892   0.573519091
  13    -1341.1120401793    -0.6735574490   0.185596052   0.570859589
  14    -1341.8345769829    -0.7225368035   0.179874209   0.568869707
  15    -1342.4560158079    -0.6214388250   0.234722038   0.568004792
  16    -1343.1861309882    -0.7301151803   0.224508124   0.567999821
  17    -1343.8349550150    -0.6488240268   0.267354373   0.568779774
  18    -1344.5835419007    -0.7485868856   0.245034599   0.570365111
  19    -1345.2768160913    -0.6932741906   0.253922121   0.572223575
  20    -1346.0339279799    -0.7571118885   0.218290926   0.574370435
  21    -1346.7457367245    -0.7118087447   0.207337931   0.576156323
  22    -1347.5013075358    -0.7555708113   0.173362733   0.577379870
  23    -1348.2034549990    -0.7021474632   0.196296977   0.577409087
  24    -1348.9474631515    -0.7440081525   0.220287210   0.575705752
  25    -1349.6200089339    -0.6725457823   0.237469684   0.581566065
  26    -1350.2308924508    -0.6108835170   0.248656162   0.586200453
  27    -1350.7921919904    -0.5612995396   0.254665841   0.587480170
  28    -1351.3146533263    -0.5224613359   0.256366865   0.585860422
  29    -1351.8071032633    -0.4924499369   0.254525970   0.581686766
  30    -1352.2772284362    -0.4701251729   0.273311155   0.575189708
  31    -1352.7760969961    -0.4988685599   0.263918728   0.565522386
  32    -1353.2678630926    -0.4917660965   0.257592488   0.553108695
  33    -1353.7807689140    -0.5129058215   0.237666305   0.537057464
  34    -1354.3225322966    -0.5417633826   0.207228843   0.516644136
  35    -1354.9340041147    -0.6114718181  40.652321299   0.492199203
  36    -1268.2204773498    86.7135267650  30.728296783   0.784210605
  37    -1326.3393738959   -58.1188965462   8.761185706   0.536509496
  38    -1365.9692731613   -39.6298992654   1.092512961   0.322185380
  39    -1367.5806273396    -1.6113541783   0.248993182   0.154164633
  40    -1368.0503034360    -0.4696760964   0.093203576   0.071320837
  41    -1368.1498025018    -0.0994990658   0.056870554   0.009076511
  42    -1368.1545240041    -0.0047215024   0.015282616   0.002961538
  43    -1368.1550605708    -0.0005365666   0.011645538   0.001154575
  44    -1368.1551487823    -0.0000882116   0.003658801   0.000476410
  45    -1368.1551590223    -0.0000102400   0.000706600   0.000254907
  46    -1368.1551607700    -0.0000017477   0.000405346   0.000111117
  47    -1368.1551611388    -0.0000003688   0.000102502   0.000032873
  48    -1368.1551611840    -0.0000000452   0.000042581   0.000009991
  49    -1368.1551611900    -0.0000000060   0.000017295   0.000002998
  50    -1368.1551611907    -0.0000000008   0.000006465   0.000001327

          -----------------
          DENSITY CONVERGED
          -----------------

 FINAL RHF ENERGY IS    -1368.1551611907 AFTER  50 ITERATIONS

         WAVEFUNCTION NORMALIZATION =       1.0000000000

                ONE ELECTRON ENERGY =   -2974.6891652506
                TWO ELECTRON ENERGY =    1064.6159236894
           NUCLEAR REPULSION ENERGY =     541.9180803704
                                      ------------------
                   RHF TOTAL ENERGY =   -1368.1551611907

 ELECTRON-ELECTRON POTENTIAL ENERGY =    1064.6159236894
  NUCLEUS-ELECTRON POTENTIAL ENERGY =   -4340.3163795149
   NUCLEUS-NUCLEUS POTENTIAL ENERGY =     541.9180803704
                                      ------------------
             TOTAL POTENTIAL ENERGY =   -2733.7823754551
               TOTAL KINETIC ENERGY =    1365.6272142644
                 VIRIAL RATIO (V/T) =       2.0018511252

 Distribution Full ERIs:

 Integrals:                          62249334
 Max size per slaves:                 7781168
 Max size in master:                 70030502

 No violations of the orthonormality


  RESULTS OF OCCUPATION-COEFFICIENT OPTIMIZATION
 ================================================

  Ex It  Orb It    Electronic Energy     Total Energy   Energy Convergency    Max Mul-Lag Diff

    1      10     -1910.4502453821    -1368.5321650117     0.0000000000           0.002217
    2      20     -1910.4572647668    -1368.5391843964    -0.0070193846           0.002809
    3      20     -1910.4599009402    -1368.5418205698    -0.0026361734           0.003061
    4      20     -1910.4607855235    -1368.5427051530    -0.0008845832           0.003287
    5      20     -1910.4612448244    -1368.5431644539    -0.0004593009           0.003415
    6      20     -1910.4615631809    -1368.5434828105    -0.0003183566           0.003526
    7      20     -1910.4618278038    -1368.5437474334    -0.0002646229           0.003412
    8      20     -1910.4620510265    -1368.5439706560    -0.0002232226           0.002850
    9      20     -1910.4622319205    -1368.5441515501    -0.0001808941           0.003318
   10      20     -1910.4623719834    -1368.5442916130    -0.0001400628           0.003459
   11      20     -1910.4624780343    -1368.5443976639    -0.0001060509           0.003513
   12      20     -1910.4625532728    -1368.5444729023    -0.0000752384           0.002969
   13      20     -1910.4625988609    -1368.5445184905    -0.0000455881           0.003324
   14      20     -1910.4626254495    -1368.5445450791    -0.0000265886           0.003158
   15      20     -1910.4626400481    -1368.5445596777    -0.0000145986           0.003674
   16      20     -1910.4626566765    -1368.5445763061    -0.0000166284           0.003525
   17      30     -1910.4627113986    -1368.5446310282    -0.0000547222           0.000990
   18      40     -1910.4627300466    -1368.5446496762    -0.0000186479           0.000181
   19      50     -1910.4627384412    -1368.5446580708    -0.0000083946           0.000029
   20      60     -1910.4627439501    -1368.5446635797    -0.0000055089           0.000004
   21      70     -1910.4627474871    -1368.5446671167    -0.0000035370           0.000002
   22      80     -1910.4627519875    -1368.5446716171    -0.0000045004           0.000001
   23      80     -1910.4627520669    -1368.5446716964    -0.0000000794           0.000012


  RESULTS OF THE OCCUPATION OPTIMIZATION
 ========================================

   OM     Occupation      Elag Diag

    1      1.9999999   -104.8343261
    2      1.9999997    -63.3135731
    3      1.9999997    -63.0415541
    4      1.9999996    -59.3381521
    5      1.9999813     -8.0590374
    6      1.9999415     -8.8552992
    7      1.9999383     -8.8923466
    8      1.9999306     -8.9539181
    9      1.9999161    -20.5861758
   10      1.9999019     -4.2020025
   11      1.9998535     -3.3417172
   12      1.9998213     -4.6514294
   13      1.9998186     -4.9211053
   14      1.9997498     -3.7613997
   15      1.9997467     -3.7385116
   16      1.9997419     -4.9248145
   17      1.9997380     -3.4668793
   18      1.9997203     -3.7435380
   19      1.9997160     -3.6764199
   20      1.9997113     -3.6620678
   21      1.9997020     -3.7699196
   22      1.9996021     -7.5517139
   23      1.9995840     -7.5985908
   24      1.9993740     -2.4586370
   25      1.9865228     -0.7295191
   26      1.9860479     -0.6731686
   27      1.9858978     -0.6847214
   28      1.9832520     -0.7475293
   29      1.9822716     -0.7450132
   30      1.9820630     -0.8383576
   31      1.9737056     -0.9078500
   32      1.9735862     -0.4901821
   33      1.9734239     -0.5622383
   34      1.9734213     -0.5440796
   35      1.9727156     -0.5404600
   36      1.9719787     -0.5190218
   37      1.9697200     -0.6303615
   38      1.9696928     -0.5948845
   39      1.9661905     -0.7011220
   40      1.9533095     -0.5283287
   41      1.9484980     -0.4818890
   42      1.8423745     -0.3292682
   43      1.7902847     -0.3065629
   44      0.0134473     -0.0044193
   45      0.0519658     -0.0146616
   46      0.0413729     -0.0171177
   47      0.0353505     -0.0159399
   48      0.0050779     -0.0043170
   49      0.0223143     -0.0137419
   50      0.0217878     -0.0138135
   51      0.0202251     -0.0120489
   52      0.0202458     -0.0120835
   53      0.0101837     -0.0051855
   54      0.0063601     -0.0047638
   55      0.0181427     -0.0105904
   56      0.0236918     -0.0217225
   57      0.0168418     -0.0157822
   58      0.0163354     -0.0144512
   59      0.0154249     -0.0139029
   60      0.0085045     -0.0066712
   61      0.0081862     -0.0063374
   62      0.0045116     -0.0038484
   63      0.0003216     -0.0009418
   64      0.0000219     -0.0001932
   65      0.0003757     -0.0033478
   66      0.0002616     -0.0010931
   67      0.0002305     -0.0009236
   68      0.0000501     -0.0002027
   69      0.0002538     -0.0010984
   70      0.0001936     -0.0007014
   71      0.0002330     -0.0012393
   72      0.0000223     -0.0001138
   73      0.0002221     -0.0009823
   74      0.0001598     -0.0008518
   75      0.0001342     -0.0006779
   76      0.0001044     -0.0004004
   77      0.0000405     -0.0001669
   78      0.0000803     -0.0017632
   79      0.0000050     -0.0000512
   80      0.0000553     -0.0005215
   81      0.0000536     -0.0004896
   82      0.0000099     -0.0000716
   83      0.0000002     -0.0000106
   84      0.0000002     -0.0000078
   85      0.0000001     -0.0000074
   86      0.0000000     -0.0000039
   87      0.1962680     -0.0436524
   88      0.1056597     -0.0271220
   89      0.0101291     -0.0054609
   90      0.0113401     -0.0061870
   91      0.0287315     -0.0183724
   92      0.0079928     -0.0058268
   93      0.0084922     -0.0065211
   94      0.0077962     -0.0055139
   95      0.0070386     -0.0051519
   96      0.0163950     -0.0074955
   97      0.0202160     -0.0122638
   98      0.0082711     -0.0052231
   99      0.0026026     -0.0035190
  100      0.0010952     -0.0018136
  101      0.0013930     -0.0022309
  102      0.0013231     -0.0020868
  103      0.0055977     -0.0044606
  104      0.0057659     -0.0045381
  105      0.0089656     -0.0069941
  106      0.0003043     -0.0009357
  107      0.0003941     -0.0035006
  108      0.0000222     -0.0001981
  109      0.0000364     -0.0001531
  110      0.0000582     -0.0002338
  111      0.0002338     -0.0009329
  112      0.0000258     -0.0001168
  113      0.0000684     -0.0002501
  114      0.0000252     -0.0001386
  115      0.0002310     -0.0010022
  116      0.0000280     -0.0001366
  117      0.0000215     -0.0001200
  118      0.0000445     -0.0002199
  119      0.0000421     -0.0001653
  120      0.0000576     -0.0002514
  121      0.0000036     -0.0000749
  122      0.0000644     -0.0006040
  123      0.0000065     -0.0000613
  124      0.0000049     -0.0000491
  125      0.0000087     -0.0000680
  126      0.0000002     -0.0000096
  127      0.0000001     -0.0000071
  128      0.0000001     -0.0000069
  129      0.0000000     -0.0000035

   RO Sum (  86) =   86.00

  ---------------
   Dipole Moment
  ---------------

      5.3597 Debye [   2.1087  (   0.2043,   1.2097,  -1.7150) ]

 ----------------
  Final Energies  
 ----------------

  Final NOF Total Energy =    -1368.5446716964 ( 1.E-05 , 0.E+00 )


  **************************************************
  *                                                *
  *       SINGLE-POINT DoNOF CALCULATION           *
  *                                                *
  *             FULL OPTIMIZATION                  *
  *                                                *
  *  FINAL RESULTS   FINAL RESULTS  FINAL RESULTS  *
  *                                                *
  **************************************************

  **************************************************
  *         No. EXTERNAL ITER =    23              *
  *         No. of TOTAL ITER =   720              *
  **************************************************

  Elapsed real time :  10067.76  (Seconds)
  Git sha : bcb372acca69df19ae91719c988dea244a3c3d1c                                                            

 The execution finished at 18h 22min on the  1/ 6/2025
