 This is the parallel version of the code
 This is the parallel version of the code
 This is the parallel version of the code
 This is the parallel version of the code
 This is the parallel version of the code
 This is the parallel version of the code
 This is the parallel version of the code
 This is the parallel version of the code
Master:    0

 The execution started at 15h 33min on the  1/ 6/2025

    ===========================================================
    !                                                         !
    !                        Do N O F                         !
    !                                                         !
    !  (Donostia Natural Orbital Functional Software Program) !
    !                                                         !
    !               COPYRIGHT by Mario Piris                  !
    !                                                         !
    !      Donostia International Physics Center (DIPC)       !
    !       University of the Basque Country (UPV/EHU)        !
    !       Basque Foundation for Science (IKERBASQUE)        !
    !                                                         !
    !          GNU General Public License version 3           !
    !                                                         !
    !                  VERSION: Mayo 2024                     !
    !                                                         !
    ===========================================================

 Run Title
 ---------
 p30-20 set                                                                      

 Basis Set
 ---------
 /beegfs_agamede/gscratch/povmieci/SCRATCH/83418/def2-svp.bas                    

 Atom      Charge                Coordinates (Bohr)
                           x             y             z
 NA         11.0       -2.1829        5.1764        2.5351
 H           1.0       -2.7268       -3.3919       -0.2383
 O           8.0       -0.7586        4.7469       -1.3993
 H           1.0        2.9274        2.4444        3.1446
 MG         12.0        1.2392       -4.4190        0.4323
 H           1.0        3.2094       -3.2114       -6.0589
 AL         13.0        0.7275        1.7162       -1.0501
 H           1.0       -2.7281       -0.9080       -3.0968
 H           1.0        4.3075       -3.2879       -1.1223
 MG         12.0       -1.4255       -0.6992        3.0885
 O           8.0        1.2771        2.0887        2.4416
 CL         17.0       -4.1998        1.6796        5.5317
 AL         13.0        2.6198       -1.7386       -3.5005
 H           1.0       -1.1849        5.2930       -3.0872
 H           1.0        0.4055       -3.7895        3.7134
 B           5.0       -1.5067       -1.6997       -1.3337

 Atomic Basis Set
 ----------------
 The contracted primitive functions were unnormalized
 The contracted basis functions are now normalized to unity

  Shell Type  Primitive         Exponent  Contraction Coefficient

 NA        

      1   S       1          4098.2003908   -0.005829734404
      1   S       2           616.4937403   -0.043469274339
      1   S       3           139.9664400   -0.193522713755
      1   S       4            39.0734411   -0.484866458138
      1   S       5            11.9298472   -0.417110128653

      2   S       6            20.6599660    0.085768706785
      2   S       7             1.9838861   -0.562404693737
      2   S       8             0.6483632   -0.518446102123

      3   S       9             0.0524440    1.000000000000

      4   S      10             0.0280482    1.000000000000

      5   P      11            75.4018620    0.015435362532
      5   P      12            17.2748190    0.099738293184
      5   P      13             5.1842347    0.312095939659
      5   P      14             1.6601212    0.492956748074
      5   P      15             0.5123253    0.324203983180

      6   P      16             0.0520000    1.000000000000

      7   D      17             0.1310000    1.000000000000

 H         

      8   S      18            13.0107010    0.033485484813
      8   S      19             1.9622572    0.234721870881
      8   S      20             0.4445380    0.813770285260

      9   S      21             0.1219496    1.000000000000

     10   P      22             0.8000000    1.000000000000

 O         

     11   S      23          2266.1767785   -0.005389350392
     11   S      24           340.8701019   -0.040234721389
     11   S      25            77.3631352   -0.180081842055
     11   S      26            21.4796449   -0.468288576577
     11   S      27             6.6589433   -0.446926171602

     12   S      28             0.8097598    1.000000000000

     13   S      29             0.2553077    1.000000000000

     14   P      30            17.7215043    0.062630248763
     14   P      31             3.8635505    0.333311384824
     14   P      32             1.0480921    0.741486383081

     15   P      33             0.2764154    1.000000000000

     16   D      34             1.2000000    1.000000000000

 H         

     17   S      35            13.0107010    0.033485484813
     17   S      36             1.9622572    0.234721870881
     17   S      37             0.4445380    0.813770285260

     18   S      38             0.1219496    1.000000000000

     19   P      39             0.8000000    1.000000000000

 MG        

     20   S      40          4953.8339196   -0.005730348253
     20   S      41           745.1804415   -0.042769871122
     20   S      42           169.2160497   -0.191096515460
     20   S      43            47.3006720   -0.482411503269
     20   S      44            14.4613370   -0.422007266852

     21   S      45            24.7681748    0.087115605721
     21   S      46             2.4940945   -0.546373693218
     21   S      47             0.8780758   -0.529320757859

     22   S      48             0.0872128    1.000000000000

     23   S      49             0.0335993    1.000000000000

     24   P      50            98.0530105   -0.014480564601
     24   P      51            22.5869323   -0.095495750787
     24   P      52             6.8391510   -0.307876726509
     24   P      53             2.2332844   -0.499362928859
     24   P      54             0.7160660   -0.315034762129

     25   P      55             0.1891480    1.000000000000

     26   P      56             0.0537688    1.000000000000

     27   D      57             0.1010000    1.000000000000

 H         

     28   S      58            13.0107010    0.033485484813
     28   S      59             1.9622572    0.234721870881
     28   S      60             0.4445380    0.813770285260

     29   S      61             0.1219496    1.000000000000

     30   P      62             0.8000000    1.000000000000

 AL        

     31   S      63          5887.5727030    0.005651978962
     31   S      64           885.6122600    0.042218253427
     31   S      65           201.1360490    0.189187196726
     31   S      66            56.2849747    0.480435911881
     31   S      67            17.2295512    0.425872684294

     32   S      68            29.3402499    0.088568603239
     32   S      69             3.0439630   -0.543157066723
     32   S      70             1.1285540   -0.529385510294

     33   S      71             0.1423418    1.000000000000

     34   S      72             0.0544002    1.000000000000

     35   P      73           145.1191881    0.010726377859
     35   P      74            33.7178948    0.074103623546
     35   P      75            10.3698631    0.261296213060
     35   P      76             3.5135616    0.480201235327
     35   P      77             1.1980050    0.384382240624

     36   P      78             0.2658301    1.000000000000

     37   P      79             0.0710034    1.000000000000

     38   D      80             0.3000000    1.000000000000

 H         

     39   S      81            13.0107010    0.033485484813
     39   S      82             1.9622572    0.234721870881
     39   S      83             0.4445380    0.813770285260

     40   S      84             0.1219496    1.000000000000

     41   P      85             0.8000000    1.000000000000

 H         

     42   S      86            13.0107010    0.033485484813
     42   S      87             1.9622572    0.234721870881
     42   S      88             0.4445380    0.813770285260

     43   S      89             0.1219496    1.000000000000

     44   P      90             0.8000000    1.000000000000

 MG        

     45   S      91          4953.8339196   -0.005730348253
     45   S      92           745.1804415   -0.042769871122
     45   S      93           169.2160497   -0.191096515460
     45   S      94            47.3006720   -0.482411503269
     45   S      95            14.4613370   -0.422007266852

     46   S      96            24.7681748    0.087115605721
     46   S      97             2.4940945   -0.546373693218
     46   S      98             0.8780758   -0.529320757859

     47   S      99             0.0872128    1.000000000000

     48   S     100             0.0335993    1.000000000000

     49   P     101            98.0530105   -0.014480564601
     49   P     102            22.5869323   -0.095495750787
     49   P     103             6.8391510   -0.307876726509
     49   P     104             2.2332844   -0.499362928859
     49   P     105             0.7160660   -0.315034762129

     50   P     106             0.1891480    1.000000000000

     51   P     107             0.0537688    1.000000000000

     52   D     108             0.1010000    1.000000000000

 O         

     53   S     109          2266.1767785   -0.005389350392
     53   S     110           340.8701019   -0.040234721389
     53   S     111            77.3631352   -0.180081842055
     53   S     112            21.4796449   -0.468288576577
     53   S     113             6.6589433   -0.446926171602

     54   S     114             0.8097598    1.000000000000

     55   S     115             0.2553077    1.000000000000

     56   P     116            17.7215043    0.062630248763
     56   P     117             3.8635505    0.333311384824
     56   P     118             1.0480921    0.741486383081

     57   P     119             0.2764154    1.000000000000

     58   D     120             1.2000000    1.000000000000

 CL        

     59   S     121         10449.8275660    0.005426595379
     59   S     122          1571.7365221    0.040626378129
     59   S     123           357.1206552    0.183597478529
     59   S     124           100.2518594    0.474389487682
     59   S     125            30.8127276    0.437351811041

     60   S     126            51.9237894   -0.092754154848
     60   S     127             5.7045761    0.563808255442
     60   S     128             2.3508377    0.503670446297

     61   S     129             0.4460512    1.000000000000

     62   S     130             0.1684886    1.000000000000

     63   P     131           307.6679057   -0.008879702559
     63   P     132            72.1020155   -0.064284071721
     63   P     133            22.5326803   -0.242887397360
     63   P     134             7.8991765   -0.483408363699
     63   P     135             2.8767268   -0.389525638755

     64   P     136             0.7745936    1.000000000000

     65   P     137             0.2103770    1.000000000000

     66   D     138             0.6500000    1.000000000000

 AL        

     67   S     139          5887.5727030    0.005651978962
     67   S     140           885.6122600    0.042218253427
     67   S     141           201.1360490    0.189187196726
     67   S     142            56.2849747    0.480435911881
     67   S     143            17.2295512    0.425872684294

     68   S     144            29.3402499    0.088568603239
     68   S     145             3.0439630   -0.543157066723
     68   S     146             1.1285540   -0.529385510294

     69   S     147             0.1423418    1.000000000000

     70   S     148             0.0544002    1.000000000000

     71   P     149           145.1191881    0.010726377859
     71   P     150            33.7178948    0.074103623546
     71   P     151            10.3698631    0.261296213060
     71   P     152             3.5135616    0.480201235327
     71   P     153             1.1980050    0.384382240624

     72   P     154             0.2658301    1.000000000000

     73   P     155             0.0710034    1.000000000000

     74   D     156             0.3000000    1.000000000000

 H         

     75   S     157            13.0107010    0.033485484813
     75   S     158             1.9622572    0.234721870881
     75   S     159             0.4445380    0.813770285260

     76   S     160             0.1219496    1.000000000000

     77   P     161             0.8000000    1.000000000000

 H         

     78   S     162            13.0107010    0.033485484813
     78   S     163             1.9622572    0.234721870881
     78   S     164             0.4445380    0.813770285260

     79   S     165             0.1219496    1.000000000000

     80   P     166             0.8000000    1.000000000000

 B         

     81   S     167           839.3183009   -0.005628883598
     81   S     168           126.2646484   -0.041832794610
     81   S     169            28.6206008   -0.184174881258
     81   S     170             7.8793723   -0.468396550281
     81   S     171             2.4088857   -0.444579308833

     82   S     172             0.2510511    1.000000000000

     83   S     173             0.0836489    1.000000000000

     84   P     174             6.0332224   -0.054032500323
     84   P     175             1.2499158   -0.301940343932
     84   P     176             0.3387168   -0.771707916582

     85   P     177             0.0964156    1.000000000000

     86   D     178             0.5000000    1.000000000000

 Total Number of Basis Set Shells             =   86
 Total Number of Primitives                   =  178
 Number of Cartesian Gaussian Basis Functions =  191
 Number of Electrons                          =  106
 Charge of Molecule                           =    0
 Spin Multiplicity                            =    1
 Number of Occupied Orbitals (Alpha)          =   53
 Number of Occupied Orbitals (Beta )          =   53
 Total Number of Atoms                        =   16

 Input Run Options
 -----------------
 IRUNTYP = 1  MULT = 1  ICHARG =  0 IECP = 0  IEMOM = 1  UNITS = ANGS    

 Integral Options
 ----------------
 CUTOFF = 1.0E-09   ISCHWZ = 1   ERITYP = FULL

 Input NOF Options
 -----------------

 Type of calculation =    Coeff. Opt.:   (ICOEF)         1
 Trigonometric functions for Occ. Opt.:  (ISOFTMAX)      0
 Type of Orb. Opt. = Orbital Rotations:  (IORBOPT)       4
 Maximum Number of Occ-Coef Outer Iter.: (MAXIT)      1000

 Natural Orbital Functional Selected:    (IPNOF)         7

 Restart calculation Option:             (RESTART)       T
 Orthogonalize the initial Orbitals:     (ORTHO)         T

 Output Option:                          (NPRINT)        0
 Output the Coefficient Matrix:          (IWRITEC)       0
 Do a Mulliken Population Analysis:      (IMULPOP)       0
 Write Information into a WFN file:      (IAIMPAC)       1
 Write Information into a FCHK file:     (IFCHK)         1
 Write Information into a MLP file:      (MOLDEN)        1
 Create Ini. Cond. (ini.xyz) file:       (INICOND)       1
 Calculate IPs using Ext. Koopmans Theo: (IEKT)          0
 Write APSG expansion coefficient file:  (APSG)          F
 Output option for Lagrange Multipliers: (PRINTLAG)      F
 Diagonalize matrix of Lag. Multipliers: (DIAGLAG)       F

 Nuclear Coordinates from GCF file:
 ----------------------------------

 Atom      Charge                Coordinates (Bohr)
                           x             y             z
 NA      11.00000       -2.1829        5.1764        2.5351
 H        1.00000       -2.7268       -3.3919       -0.2383
 O        8.00000       -0.7586        4.7469       -1.3993
 H        1.00000        2.9274        2.4444        3.1446
 MG      12.00000        1.2392       -4.4190        0.4323
 H        1.00000        3.2094       -3.2114       -6.0589
 AL      13.00000        0.7275        1.7162       -1.0501
 H        1.00000       -2.7281       -0.9080       -3.0968
 H        1.00000        4.3075       -3.2879       -1.1223
 MG      12.00000       -1.4255       -0.6992        3.0885
 O        8.00000        1.2771        2.0887        2.4416
 CL      17.00000       -4.1998        1.6796        5.5317
 AL      13.00000        2.6198       -1.7386       -3.5005
 H        1.00000       -1.1849        5.2930       -3.0872
 H        1.00000        0.4055       -3.7895        3.7134
 B        5.00000       -1.5067       -1.6997       -1.3337

------------------------------------------------------------------------

 Orbital Space
 -------------

 Inactive Doubly occupied orbitals up to NO1  =    0
 No. considered Strongly Doubly occupied MOs  =   53
 No. considered Strongly Singly occupied MOs  =    0
 No. of Weakly occ. per St. Doubly occ.  MOs  =    2
 Dimension of the Active Nat. Orb. subspace   =  159
 Secondary Empty orbitals                     =   32

 1e- integrals
 -------------
 Time to do integrals =      0.01
 Guess for MOs = HCORE
        15 MOs were matched and         0 equalized to zero

 2e- integrals
 -------------
 DONTW option skips storage 2e- integrals on Unit 1
           106651955 2e- integrals in     1 records
 Time to do integrals =      8.23

 RHF SCF Calculation
 -------------------
 EXTRAP=T  DAMP=T  DIIS=T
 DMat Conv = 1.0E-05  Ener Tol = 1.0E-08
 Ener Conv = 1.0E-10  DMat Tol = 2.0E-05
 DIIS Conv = 1.0E-07  DMat Tol = 2.0E-05

 ITER      TOTAL ENERGY        E CHANGE     DEN. CHANGE    DIIS ERROR
   1    -1611.4094074849 -1611.4094074849  94.312746649   2.076559490
   2    -1474.2902262544   137.1191812305  93.659286103   1.171927035
   3    -1591.6805152866  -117.3902890322  93.602389140   0.406160492
   4    -1377.1856954848   214.4948198018  89.770993163   0.979416134
   5    -1663.4396673582  -286.2539718734  12.444341804   0.528575619
   6    -1666.1105346168    -2.6708672586   5.933751489   0.670296959
   7    -1673.4866507581    -7.3761161413   1.432952109   0.310751407
   8    -1679.7806492935    -6.2939985354   0.568183419   0.205824232
   9    -1681.5036578376    -1.7230085441   0.429670721   0.110097726
  10    -1682.4083253624    -0.9046675248   0.193032600   0.043013148
  11    -1682.5094919255    -0.1011665631   0.088670036   0.010892211
  12    -1682.5206056882    -0.0111137626   0.036807327   0.004852357
  13    -1682.5226069016    -0.0020012134   0.024151135   0.001415202
  14    -1682.5228892662    -0.0002823647   0.003344672   0.000424880
  15    -1682.5229064894    -0.0000172232   0.000787071   0.000149785
  16    -1682.5229082977    -0.0000018082   0.000234345   0.000054273
  17    -1682.5229086050    -0.0000003073   0.000093562   0.000020114
  18    -1682.5229086454    -0.0000000405   0.000039334   0.000008670
  19    -1682.5229086527    -0.0000000073   0.000017800   0.000003270
  20    -1682.5229086536    -0.0000000009   0.000005863   0.000000962

          -----------------
          DENSITY CONVERGED
          -----------------

 FINAL RHF ENERGY IS    -1682.5229086536 AFTER  20 ITERATIONS

         WAVEFUNCTION NORMALIZATION =       1.0000000000

                ONE ELECTRON ENERGY =   -4018.8262102666
                TWO ELECTRON ENERGY =    1496.8296517023
           NUCLEAR REPULSION ENERGY =     839.4736499107
                                      ------------------
                   RHF TOTAL ENERGY =   -1682.5229086536

 ELECTRON-ELECTRON POTENTIAL ENERGY =    1496.8296517023
  NUCLEUS-ELECTRON POTENTIAL ENERGY =   -5698.0278464290
   NUCLEUS-NUCLEUS POTENTIAL ENERGY =     839.4736499107
                                      ------------------
             TOTAL POTENTIAL ENERGY =   -3361.7245448160
               TOTAL KINETIC ENERGY =    1679.2016361624
                 VIRIAL RATIO (V/T) =       2.0019778878

 Distribution Full ERIs:

 Integrals:                         106651955
 Max size per slaves:                13331496
 Max size in master:                119983451

 No violations of the orthonormality


  RESULTS OF OCCUPATION-COEFFICIENT OPTIMIZATION
 ================================================

  Ex It  Orb It    Electronic Energy     Total Energy   Energy Convergency    Max Mul-Lag Diff

    1      10     -2522.3794655877    -1682.9058156769     0.0000000000           0.001553
    2      20     -2522.3836566895    -1682.9100067787    -0.0041911018           0.002549
    3      20     -2522.3850097139    -1682.9113598031    -0.0013530244           0.002888
    4      20     -2522.3855169357    -1682.9118670250    -0.0005072218           0.003144
    5      20     -2522.3859173705    -1682.9122674598    -0.0004004348           0.003948
    6      20     -2522.3862820150    -1682.9126321042    -0.0003646444           0.004348
    7      20     -2522.3865004680    -1682.9128505573    -0.0002184530           0.003756
    8      20     -2522.3866642236    -1682.9130143128    -0.0001637555           0.004147
    9      20     -2522.3867693267    -1682.9131194159    -0.0001051031           0.003557
   10      20     -2522.3868357516    -1682.9131858409    -0.0000664250           0.004045
   11      20     -2522.3868895858    -1682.9132396750    -0.0000538341           0.003762
   12      20     -2522.3869290036    -1682.9132790929    -0.0000394179           0.003448
   13      20     -2522.3869615763    -1682.9133116656    -0.0000325727           0.003177
   14      20     -2522.3869876331    -1682.9133377224    -0.0000260568           0.003738
   15      20     -2522.3870018169    -1682.9133519062    -0.0000141838           0.003489
   16      30     -2522.3870803070    -1682.9134303962    -0.0000784901           0.000957
   17      40     -2522.3871019526    -1682.9134520419    -0.0000216456           0.000189
   18      40     -2522.3871093476    -1682.9134594368    -0.0000073950           0.000200
   19      40     -2522.3871149434    -1682.9134650327    -0.0000055959           0.000189
   20      50     -2522.3871183782    -1682.9134684674    -0.0000034347           0.000034
   21      60     -2522.3871211577    -1682.9134712469    -0.0000027795           0.000005
   22      70     -2522.3871239023    -1682.9134739916    -0.0000027447           0.000001
   23      80     -2522.3871250840    -1682.9134751733    -0.0000011817           0.000001
   24      90     -2522.3871270916    -1682.9134771809    -0.0000020076           0.000001
   25     100     -2522.3871289475    -1682.9134790368    -0.0000018559           0.000001
   26     100     -2522.3871289901    -1682.9134790794    -0.0000000426           0.000007


  RESULTS OF THE OCCUPATION OPTIMIZATION
 ========================================

   OM     Occupation      Elag Diag

    1      2.0000000   -104.7552282
    2      1.9999998    -52.8916721
    3      1.9999998    -52.5220617
    4      1.9999997    -50.9935994
    5      1.9999997    -50.6470061
    6      1.9999997    -48.3609702
    7      1.9999849     -7.9821613
    8      1.9999811     -7.9828715
    9      1.9999368     -9.2587674
   10      1.9999181    -20.5787772
   11      1.9999170    -20.5462229
   12      1.9999154     -9.2318305
   13      1.9998472     -2.9342813
   14      1.9998406     -1.9035080
   15      1.9998380     -2.6010172
   16      1.9998076     -1.9557282
   17      1.9997998     -3.6905072
   18      1.9997955     -2.0357108
   19      1.9997833     -3.6888864
   20      1.9997738     -2.7141119
   21      1.9997724     -2.7579549
   22      1.9997668     -3.7081202
   23      1.9997634     -2.7376243
   24      1.9997630     -3.7428988
   25      1.9997624     -3.7520866
   26      1.9997613     -2.7178133
   27      1.9997592     -2.6573149
   28      1.9997548     -2.6862463
   29      1.9997377     -2.6425765
   30      1.9997274     -3.7621098
   31      1.9996902     -2.3028344
   32      1.9995979     -7.5120233
   33      1.9995761     -2.5381448
   34      1.9857189     -0.6918484
   35      1.9842579     -0.6244158
   36      1.9832149     -0.7632512
   37      1.9829662     -0.7374348
   38      1.9829230     -0.8054446
   39      1.9828721     -0.6897603
   40      1.9827753     -0.8091026
   41      1.9826835     -0.5858027
   42      1.9825640     -0.7066316
   43      1.9796869     -0.5173107
   44      1.9739819     -0.4574263
   45      1.9728400     -0.8867303
   46      1.9725206     -0.8567573
   47      1.9716290     -0.4738243
   48      1.9698517     -0.4384158
   49      1.9685111     -0.4853627
   50      1.9679307     -0.5060163
   51      1.9667398     -0.5390604
   52      1.9537276     -0.3462330
   53      1.9175396     -0.3045521
   54      0.0165942     -0.0055090
   55      0.0258710     -0.0090511
   56      0.0224408     -0.0129595
   57      0.0096908     -0.0063627
   58      0.0124433     -0.0070895
   59      0.0207869     -0.0110616
   60      0.0097901     -0.0058184
   61      0.0247996     -0.0218477
   62      0.0243948     -0.0219134
   63      0.0063599     -0.0035539
   64      0.0077497     -0.0048740
   65      0.0160279     -0.0139632
   66      0.0059535     -0.0042331
   67      0.0160601     -0.0149588
   68      0.0013492     -0.0020642
   69      0.0160266     -0.0149198
   70      0.0156028     -0.0139624
   71      0.0012499     -0.0020032
   72      0.0057511     -0.0042914
   73      0.0102953     -0.0075612
   74      0.0003943     -0.0011702
   75      0.0003783     -0.0033581
   76      0.0002890     -0.0007969
   77      0.0002597     -0.0011446
   78      0.0002339     -0.0007471
   79      0.0002320     -0.0007389
   80      0.0002226     -0.0007039
   81      0.0002210     -0.0006823
   82      0.0002196     -0.0009565
   83      0.0002219     -0.0010055
   84      0.0002119     -0.0006680
   85      0.0002184     -0.0009651
   86      0.0000153     -0.0000594
   87      0.0002128     -0.0006712
   88      0.0001981     -0.0008407
   89      0.0001767     -0.0004481
   90      0.0001841     -0.0007832
   91      0.0001049     -0.0002132
   92      0.0000949     -0.0002300
   93      0.0000840     -0.0001821
   94      0.0001144     -0.0003390
   95      0.0000826     -0.0008359
   96      0.0000793     -0.0017394
   97      0.0000035     -0.0000735
   98      0.0000611     -0.0006032
   99      0.0000149     -0.0001030
  100      0.0000102     -0.0000690
  101      0.0000001     -0.0000050
  102      0.0000001     -0.0000058
  103      0.0000002     -0.0000063
  104      0.0000001     -0.0000057
  105      0.0000001     -0.0000058
  106      0.0000000     -0.0000015
  107      0.0658662     -0.0175838
  108      0.0204014     -0.0073784
  109      0.0108194     -0.0071358
  110      0.0223784     -0.0127955
  111      0.0190455     -0.0107804
  112      0.0093615     -0.0053958
  113      0.0185809     -0.0105217
  114      0.0026798     -0.0035211
  115      0.0027653     -0.0036422
  116      0.0196582     -0.0089871
  117      0.0125634     -0.0075540
  118      0.0014081     -0.0022075
  119      0.0113630     -0.0074225
  120      0.0011646     -0.0018992
  121      0.0157787     -0.0136459
  122      0.0010504     -0.0017462
  123      0.0014309     -0.0022616
  124      0.0155352     -0.0141446
  125      0.0099910     -0.0070690
  126      0.0039859     -0.0033073
  127      0.0000296     -0.0001145
  128      0.0000238     -0.0002093
  129      0.0000208     -0.0000867
  130      0.0000129     -0.0000607
  131      0.0000284     -0.0001131
  132      0.0000132     -0.0000547
  133      0.0000183     -0.0000781
  134      0.0000177     -0.0000705
  135      0.0000180     -0.0000812
  136      0.0000151     -0.0000701
  137      0.0000247     -0.0000896
  138      0.0000148     -0.0000667
  139      0.0002124     -0.0006704
  140      0.0000134     -0.0000534
  141      0.0000187     -0.0000805
  142      0.0000278     -0.0001056
  143      0.0000161     -0.0000726
  144      0.0000875     -0.0001863
  145      0.0000671     -0.0001625
  146      0.0000754     -0.0001677
  147      0.0000384     -0.0001141
  148      0.0000021     -0.0000223
  149      0.0000037     -0.0000775
  150      0.0000784     -0.0017230
  151      0.0000021     -0.0000225
  152      0.0000041     -0.0000313
  153      0.0000049     -0.0000345
  154      0.0000002     -0.0000063
  155      0.0000001     -0.0000043
  156      0.0000001     -0.0000038
  157      0.0000001     -0.0000033
  158      0.0000001     -0.0000027
  159      0.0000000     -0.0000013

   RO Sum ( 106) =  106.00

  ---------------
   Dipole Moment
  ---------------

      5.3048 Debye [   2.0871  (   0.2328,   1.3580,   1.5676) ]

 ----------------
  Final Energies  
 ----------------

  Final NOF Total Energy =    -1682.9134790794 ( 7.E-06 , 0.E+00 )


  **************************************************
  *                                                *
  *       SINGLE-POINT DoNOF CALCULATION           *
  *                                                *
  *             FULL OPTIMIZATION                  *
  *                                                *
  *  FINAL RESULTS   FINAL RESULTS  FINAL RESULTS  *
  *                                                *
  **************************************************

  **************************************************
  *         No. EXTERNAL ITER =    26              *
  *         No. of TOTAL ITER =   990              *
  **************************************************

  Elapsed real time :  27238.12  (Seconds)
  Git sha : bcb372acca69df19ae91719c988dea244a3c3d1c                                                            

 The execution finished at 23h 10min on the  1/ 6/2025
