 This is the parallel version of the code
 This is the parallel version of the code
 This is the parallel version of the code
 This is the parallel version of the code
 This is the parallel version of the code
 This is the parallel version of the code
 This is the parallel version of the code
 This is the parallel version of the code
Master:    0

 The execution started at 15h 34min on the  1/ 6/2025

    ===========================================================
    !                                                         !
    !                        Do N O F                         !
    !                                                         !
    !  (Donostia Natural Orbital Functional Software Program) !
    !                                                         !
    !               COPYRIGHT by Mario Piris                  !
    !                                                         !
    !      Donostia International Physics Center (DIPC)       !
    !       University of the Basque Country (UPV/EHU)        !
    !       Basque Foundation for Science (IKERBASQUE)        !
    !                                                         !
    !          GNU General Public License version 3           !
    !                                                         !
    !                  VERSION: Mayo 2024                     !
    !                                                         !
    ===========================================================

 Run Title
 ---------
 p30-20 set                                                                      

 Basis Set
 ---------
 /beegfs_agamede/gscratch/povmieci/SCRATCH/83426/def2-svp.bas                    

 Atom      Charge                Coordinates (Bohr)
                           x             y             z
 SI         14.0        0.8069       -0.1808       -3.3057
 H           1.0       -1.1633       -1.0070        2.9121
 N           7.0        2.7351        0.9063        2.6242
 H           1.0        1.7041       -3.2060        1.6188
 F           9.0       -4.6434        1.8304        0.9406
 B           5.0        0.8443       -0.9662        1.8423
 F           9.0       -1.8846       -4.2491       -0.6253
 B           5.0        0.6684       -3.3039       -0.8374
 B           5.0        1.6150        2.5912        0.7538
 H           1.0       -3.0350        5.9307       -1.8182
 H           1.0        4.5755        0.4368        2.2994
 H           1.0        2.1616       -4.8590       -1.5112
 H           1.0       -1.8826        1.0185       -2.8264
 AL         13.0       -2.0659        3.5966       -0.2349
 LI          3.0       -3.7051       -1.4350        0.5846
 S          16.0        3.2691        2.8966       -2.4166

 Atomic Basis Set
 ----------------
 The contracted primitive functions were unnormalized
 The contracted basis functions are now normalized to unity

  Shell Type  Primitive         Exponent  Contraction Coefficient

 SI        

      1   S       1          6903.7118686    0.005584465887
      1   S       2          1038.4346419    0.041742284436
      1   S       3           235.8758148    0.187528023742
      1   S       4            66.0693852    0.478678596587
      1   S       5            20.2479458    0.429256952162

      2   S       6            34.3534817    0.089834899465
      2   S       7             3.6370788   -0.545685958777
      2   S       8             1.4002049   -0.524810829267

      3   S       9             0.2048441    1.000000000000

      4   S      10             0.0779941    1.000000000000

      5   P      11           179.8390737    0.010133498379
      5   P      12            41.9072588    0.071029041096
      5   P      13            12.9552944    0.255839142169
      5   P      14             4.4383267    0.481498047149
      5   P      15             1.5462248    0.385211960064

      6   P      16             0.3560761    1.000000000000

      7   P      17             0.1000851    1.000000000000

      8   D      18             0.3500000    1.000000000000

 H         

      9   S      19            13.0107010    0.033485484813
      9   S      20             1.9622572    0.234721870881
      9   S      21             0.4445380    0.813770285260

     10   S      22             0.1219496    1.000000000000

     11   P      23             0.8000000    1.000000000000

 N         

     12   S      24          1712.8415853   -0.005447799580
     12   S      25           257.6481268   -0.040627174632
     12   S      26            58.4582459   -0.181119622506
     12   S      27            16.1983679   -0.468439755632
     12   S      28             5.0052601   -0.446168462892

     13   S      29             0.5873186    1.000000000000

     14   S      30             0.1876459    1.000000000000

     15   P      31            13.5714702   -0.058848116970
     15   P      32             2.9257373   -0.320246247625
     15   P      33             0.7992775   -0.753282265204

     16   P      34             0.2195435    1.000000000000

     17   D      35             1.0000000    1.000000000000

 H         

     18   S      36            13.0107010    0.033485484813
     18   S      37             1.9622572    0.234721870881
     18   S      38             0.4445380    0.813770285260

     19   S      39             0.1219496    1.000000000000

     20   P      40             0.8000000    1.000000000000

 F         

     21   S      41          2894.8325990   -0.005349321176
     21   S      42           435.4193912   -0.039967734372
     21   S      43            98.8433289   -0.179412617888
     21   S      44            27.4851980   -0.468324686869
     21   S      45             8.5405498   -0.447241605328

     22   S      46             1.0654578    1.000000000000

     23   S      47             0.3324735    1.000000000000

     24   P      48            22.6966339   -0.064782148241
     24   P      49             4.9872339   -0.340357853553
     24   P      50             1.3491614   -0.734858153660

     25   P      51             0.3482988    1.000000000000

     26   D      52             1.4000000    1.000000000000

 B         

     27   S      53           839.3183009   -0.005628883598
     27   S      54           126.2646484   -0.041832794610
     27   S      55            28.6206008   -0.184174881258
     27   S      56             7.8793723   -0.468396550281
     27   S      57             2.4088857   -0.444579308833

     28   S      58             0.2510511    1.000000000000

     29   S      59             0.0836489    1.000000000000

     30   P      60             6.0332224   -0.054032500323
     30   P      61             1.2499158   -0.301940343932
     30   P      62             0.3387168   -0.771707916582

     31   P      63             0.0964156    1.000000000000

     32   D      64             0.5000000    1.000000000000

 F         

     33   S      65          2894.8325990   -0.005349321176
     33   S      66           435.4193912   -0.039967734372
     33   S      67            98.8433289   -0.179412617888
     33   S      68            27.4851980   -0.468324686869
     33   S      69             8.5405498   -0.447241605328

     34   S      70             1.0654578    1.000000000000

     35   S      71             0.3324735    1.000000000000

     36   P      72            22.6966339   -0.064782148241
     36   P      73             4.9872339   -0.340357853553
     36   P      74             1.3491614   -0.734858153660

     37   P      75             0.3482988    1.000000000000

     38   D      76             1.4000000    1.000000000000

 B         

     39   S      77           839.3183009   -0.005628883598
     39   S      78           126.2646484   -0.041832794610
     39   S      79            28.6206008   -0.184174881258
     39   S      80             7.8793723   -0.468396550281
     39   S      81             2.4088857   -0.444579308833

     40   S      82             0.2510511    1.000000000000

     41   S      83             0.0836489    1.000000000000

     42   P      84             6.0332224   -0.054032500323
     42   P      85             1.2499158   -0.301940343932
     42   P      86             0.3387168   -0.771707916582

     43   P      87             0.0964156    1.000000000000

     44   D      88             0.5000000    1.000000000000

 B         

     45   S      89           839.3183009   -0.005628883598
     45   S      90           126.2646484   -0.041832794610
     45   S      91            28.6206008   -0.184174881258
     45   S      92             7.8793723   -0.468396550281
     45   S      93             2.4088857   -0.444579308833

     46   S      94             0.2510511    1.000000000000

     47   S      95             0.0836489    1.000000000000

     48   P      96             6.0332224   -0.054032500323
     48   P      97             1.2499158   -0.301940343932
     48   P      98             0.3387168   -0.771707916582

     49   P      99             0.0964156    1.000000000000

     50   D     100             0.5000000    1.000000000000

 H         

     51   S     101            13.0107010    0.033485484813
     51   S     102             1.9622572    0.234721870881
     51   S     103             0.4445380    0.813770285260

     52   S     104             0.1219496    1.000000000000

     53   P     105             0.8000000    1.000000000000

 H         

     54   S     106            13.0107010    0.033485484813
     54   S     107             1.9622572    0.234721870881
     54   S     108             0.4445380    0.813770285260

     55   S     109             0.1219496    1.000000000000

     56   P     110             0.8000000    1.000000000000

 H         

     57   S     111            13.0107010    0.033485484813
     57   S     112             1.9622572    0.234721870881
     57   S     113             0.4445380    0.813770285260

     58   S     114             0.1219496    1.000000000000

     59   P     115             0.8000000    1.000000000000

 H         

     60   S     116            13.0107010    0.033485484813
     60   S     117             1.9622572    0.234721870881
     60   S     118             0.4445380    0.813770285260

     61   S     119             0.1219496    1.000000000000

     62   P     120             0.8000000    1.000000000000

 AL        

     63   S     121          5887.5727030    0.005651978962
     63   S     122           885.6122600    0.042218253427
     63   S     123           201.1360490    0.189187196726
     63   S     124            56.2849747    0.480435911881
     63   S     125            17.2295512    0.425872684294

     64   S     126            29.3402499    0.088568603239
     64   S     127             3.0439630   -0.543157066723
     64   S     128             1.1285540   -0.529385510294

     65   S     129             0.1423418    1.000000000000

     66   S     130             0.0544002    1.000000000000

     67   P     131           145.1191881    0.010726377859
     67   P     132            33.7178948    0.074103623546
     67   P     133            10.3698631    0.261296213060
     67   P     134             3.5135616    0.480201235327
     67   P     135             1.1980050    0.384382240624

     68   P     136             0.2658301    1.000000000000

     69   P     137             0.0710034    1.000000000000

     70   D     138             0.3000000    1.000000000000

 LI        

     71   S     139           266.2778552    0.006354286535
     71   S     140            40.0697834    0.046734889363
     71   S     141             9.0559944    0.198387923560
     71   S     142             2.4503009    0.475753833454
     71   S     143             0.7220957    0.427014289368

     72   S     144             0.0528109    1.000000000000

     73   S     145             0.0209609    1.000000000000

     74   P     146             1.4500000    0.224912327222
     74   P     147             0.3000000    0.869730577039

     75   P     148             0.0820000    1.000000000000

 S         

     76   S     149          9184.9303010   -0.005472946613
     76   S     150          1381.5105503   -0.040954402155
     76   S     151           313.8714758   -0.184758289562
     76   S     152            88.0538706   -0.475672806440
     76   S     153            27.0399149   -0.434951535842

     77   S     154            45.6487313   -0.091904045809
     77   S     155             4.9664522    0.556987772145
     77   S     156             2.0116242    0.511154682985

     78   S     157             0.3566108    1.000000000000

     79   S     158             0.1350722    1.000000000000

     80   P     159           261.9823344   -0.009183054659
     80   P     160            61.3068947   -0.065902226526
     80   P     161            19.1037299   -0.245877845187
     80   P     162             6.6567720   -0.482314710760
     80   P     163             2.3959635   -0.389563143514

     81   P     164             0.6177616    1.000000000000

     82   P     165             0.1699338    1.000000000000

     83   D     166             0.5500000    1.000000000000

 Total Number of Basis Set Shells             =   83
 Total Number of Primitives                   =  166
 Number of Cartesian Gaussian Basis Functions =  186
 Number of Electrons                          =   92
 Charge of Molecule                           =    0
 Spin Multiplicity                            =    1
 Number of Occupied Orbitals (Alpha)          =   46
 Number of Occupied Orbitals (Beta )          =   46
 Total Number of Atoms                        =   16

 Input Run Options
 -----------------
 IRUNTYP = 1  MULT = 1  ICHARG =  0 IECP = 0  IEMOM = 1  UNITS = ANGS    

 Integral Options
 ----------------
 CUTOFF = 1.0E-09   ISCHWZ = 1   ERITYP = FULL

 Input NOF Options
 -----------------

 Type of calculation =    Coeff. Opt.:   (ICOEF)         1
 Trigonometric functions for Occ. Opt.:  (ISOFTMAX)      0
 Type of Orb. Opt. = Orbital Rotations:  (IORBOPT)       4
 Maximum Number of Occ-Coef Outer Iter.: (MAXIT)      1000

 Natural Orbital Functional Selected:    (IPNOF)         7

 Restart calculation Option:             (RESTART)       T
 Orthogonalize the initial Orbitals:     (ORTHO)         T

 Output Option:                          (NPRINT)        0
 Output the Coefficient Matrix:          (IWRITEC)       0
 Do a Mulliken Population Analysis:      (IMULPOP)       0
 Write Information into a WFN file:      (IAIMPAC)       1
 Write Information into a FCHK file:     (IFCHK)         1
 Write Information into a MLP file:      (MOLDEN)        1
 Create Ini. Cond. (ini.xyz) file:       (INICOND)       1
 Calculate IPs using Ext. Koopmans Theo: (IEKT)          0
 Write APSG expansion coefficient file:  (APSG)          F
 Output option for Lagrange Multipliers: (PRINTLAG)      F
 Diagonalize matrix of Lag. Multipliers: (DIAGLAG)       F

 Nuclear Coordinates from GCF file:
 ----------------------------------

 Atom      Charge                Coordinates (Bohr)
                           x             y             z
 SI      14.00000        0.8069       -0.1808       -3.3057
 H        1.00000       -1.1633       -1.0070        2.9121
 N        7.00000        2.7351        0.9063        2.6242
 H        1.00000        1.7041       -3.2060        1.6188
 F        9.00000       -4.6434        1.8304        0.9406
 B        5.00000        0.8443       -0.9662        1.8423
 F        9.00000       -1.8846       -4.2491       -0.6253
 B        5.00000        0.6684       -3.3039       -0.8374
 B        5.00000        1.6150        2.5912        0.7538
 H        1.00000       -3.0350        5.9307       -1.8182
 H        1.00000        4.5755        0.4368        2.2994
 H        1.00000        2.1616       -4.8590       -1.5112
 H        1.00000       -1.8826        1.0185       -2.8264
 AL      13.00000       -2.0659        3.5966       -0.2349
 LI       3.00000       -3.7051       -1.4350        0.5846
 S       16.00000        3.2691        2.8966       -2.4166

------------------------------------------------------------------------

 Orbital Space
 -------------

 Inactive Doubly occupied orbitals up to NO1  =    0
 No. considered Strongly Doubly occupied MOs  =   46
 No. considered Strongly Singly occupied MOs  =    0
 No. of Weakly occ. per St. Doubly occ.  MOs  =    3
 Dimension of the Active Nat. Orb. subspace   =  184
 Secondary Empty orbitals                     =    2

 1e- integrals
 -------------
 Time to do integrals =      0.01
 Guess for MOs = HCORE
        17 MOs were matched and         0 equalized to zero

 2e- integrals
 -------------
 DONTW option skips storage 2e- integrals on Unit 1
           100219992 2e- integrals in     1 records
 Time to do integrals =      8.08

 RHF SCF Calculation
 -------------------
 EXTRAP=T  DAMP=T  DIIS=T
 DMat Conv = 1.0E-05  Ener Tol = 1.0E-08
 Ener Conv = 1.0E-10  DMat Tol = 2.0E-05
 DIIS Conv = 1.0E-07  DMat Tol = 2.0E-05

 ITER      TOTAL ENERGY        E CHANGE     DEN. CHANGE    DIIS ERROR
   1    -1188.4415152389 -1188.4415152389 120.318779113   2.115455827
   2    -1169.9997338628    18.4417813762 115.849133060   0.670528734
   3    -1218.7257274016   -48.7259935389  39.770434418   0.442219439
   4    -1060.9648200213   157.7609073804  10.249710176   0.789259880
   5    -1206.0323848909  -145.0675648697   4.729522644   0.518682109
   6    -1262.6314899629   -56.5991050719   1.858193602   0.261508501
   7    -1264.5364339807    -1.9049440178   1.001475387   0.248895734
   8    -1266.3050771652    -1.7686431845   0.125651439   0.027299266
   9    -1266.3483939355    -0.0433167703   0.040084022   0.015245390
  10    -1266.3571432391    -0.0087493036   0.029437194   0.004681750
  11    -1266.3583677500    -0.0012245109   0.011148482   0.001886111
  12    -1266.3585754268    -0.0002076768   0.004578554   0.000559814
  13    -1266.3585973879    -0.0000219611   0.003247847   0.000159148
  14    -1266.3586024940    -0.0000051061   0.002317870   0.000094339
  15    -1266.3586037011    -0.0000012071   0.000710339   0.000033710
  16    -1266.3586038994    -0.0000001984   0.000339883   0.000012232
  17    -1266.3586039303    -0.0000000309   0.000084853   0.000004374
  18    -1266.3586039343    -0.0000000040   0.000038480   0.000002196
  19    -1266.3586039350    -0.0000000006   0.000005214   0.000000854

          -----------------
          DENSITY CONVERGED
          -----------------

 FINAL RHF ENERGY IS    -1266.3586039350 AFTER  19 ITERATIONS

         WAVEFUNCTION NORMALIZATION =       1.0000000000

                ONE ELECTRON ENERGY =   -3147.8981619478
                TWO ELECTRON ENERGY =    1181.9966674840
           NUCLEAR REPULSION ENERGY =     699.5428905289
                                      ------------------
                   RHF TOTAL ENERGY =   -1266.3586039350

 ELECTRON-ELECTRON POTENTIAL ENERGY =    1181.9966674840
  NUCLEUS-ELECTRON POTENTIAL ENERGY =   -4411.1504615661
   NUCLEUS-NUCLEUS POTENTIAL ENERGY =     699.5428905289
                                      ------------------
             TOTAL POTENTIAL ENERGY =   -2529.6109035532
               TOTAL KINETIC ENERGY =    1263.2522996182
                 VIRIAL RATIO (V/T) =       2.0024589738

 Distribution Full ERIs:

 Integrals:                         100219992
 Max size per slaves:                12527500
 Max size in master:                112747492

 No violations of the orthonormality


  RESULTS OF OCCUPATION-COEFFICIENT OPTIMIZATION
 ================================================

  Ex It  Orb It    Electronic Energy     Total Energy   Energy Convergency    Max Mul-Lag Diff

    1      10     -1966.3886355501    -1266.8457450212     0.0000000000           0.001582
    2      20     -1966.3954955881    -1266.8526050592    -0.0068600380           0.006960
    3      20     -1966.3979164256    -1266.8550258967    -0.0024208375           0.007441
    4      20     -1966.3990301113    -1266.8561395824    -0.0011136857           0.007189
    5      20     -1966.4000021539    -1266.8571116250    -0.0009720426           0.003159
    6      20     -1966.4007910491    -1266.8579005202    -0.0007888951           0.003008
    7      20     -1966.4015685557    -1266.8586780268    -0.0007775066           0.002665
    8      20     -1966.4023700734    -1266.8594795445    -0.0008015177           0.002961
    9      20     -1966.4031452131    -1266.8602546842    -0.0007751397           0.002583
   10      20     -1966.4039049639    -1266.8610144350    -0.0007597508           0.002927
   11      20     -1966.4050419315    -1266.8621514026    -0.0011369675           0.002760
   12      20     -1966.4062103987    -1266.8633198698    -0.0011684673           0.003248
   13      20     -1966.4071994419    -1266.8643089130    -0.0009890432           0.002943
   14      20     -1966.4082459915    -1266.8653554627    -0.0010465497           0.003672
   15      20     -1966.4092829299    -1266.8663924010    -0.0010369383           0.002940
   16      20     -1966.4101871712    -1266.8672966424    -0.0009042414           0.002836
   17      20     -1966.4109864098    -1266.8680958809    -0.0007992385           0.002779
   18      20     -1966.4116692305    -1266.8687787016    -0.0006828207           0.002601
   19      20     -1966.4122305396    -1266.8693400107    -0.0005613090           0.002485
   20      20     -1966.4126627201    -1266.8697721912    -0.0004321806           0.002457
   21      20     -1966.4129778692    -1266.8700873403    -0.0003151490           0.002479
   22      20     -1966.4132360258    -1266.8703454969    -0.0002581566           0.002356
   23      20     -1966.4134979863    -1266.8706074574    -0.0002619605           0.003148
   24      20     -1966.4138011326    -1266.8709106037    -0.0003031463           0.002895
   25      20     -1966.4141276194    -1266.8712370906    -0.0003264869           0.002591
   26      20     -1966.4144946179    -1266.8716040890    -0.0003669985           0.003154
   27      20     -1966.4148770615    -1266.8719865326    -0.0003824436           0.003239
   28      20     -1966.4152616966    -1266.8723711677    -0.0003846351           0.002969
   29      20     -1966.4156134262    -1266.8727228973    -0.0003517296           0.002937
   30      20     -1966.4159844929    -1266.8730939640    -0.0003710667           0.002820
   31      20     -1966.4163214635    -1266.8734309346    -0.0003369706           0.003075
   32      20     -1966.4166137111    -1266.8737231822    -0.0002922476           0.003226
   33      20     -1966.4168662766    -1266.8739757478    -0.0002525655           0.002786
   34      20     -1966.4170916960    -1266.8742011671    -0.0002254193           0.003524
   35      20     -1966.4172636497    -1266.8743731208    -0.0001719537           0.003526
   36      20     -1966.4174129392    -1266.8745224103    -0.0001492895           0.003169
   37      20     -1966.4175421590    -1266.8746516301    -0.0001292199           0.002738
   38      20     -1966.4176600775    -1266.8747695486    -0.0001179184           0.002821
   39      20     -1966.4177526558    -1266.8748621270    -0.0000925784           0.003191
   40      20     -1966.4178329447    -1266.8749424158    -0.0000802888           0.002726
   41      20     -1966.4179009708    -1266.8750104419    -0.0000680261           0.003125
   42      20     -1966.4179694133    -1266.8750788844    -0.0000684426           0.002855
   43      20     -1966.4180208453    -1266.8751303164    -0.0000514319           0.003177
   44      20     -1966.4180742852    -1266.8751837563    -0.0000534399           0.002832
   45      20     -1966.4181168944    -1266.8752263655    -0.0000426092           0.003095
   46      20     -1966.4181395320    -1266.8752490031    -0.0000226376           0.002922
   47      20     -1966.4181652269    -1266.8752746980    -0.0000256949           0.003912
   48      20     -1966.4182084643    -1266.8753179354    -0.0000432374           0.003025
   49      20     -1966.4182351268    -1266.8753445979    -0.0000266625           0.003087
   50      20     -1966.4182641600    -1266.8753736312    -0.0000290333           0.002767
   51      20     -1966.4182896527    -1266.8753991239    -0.0000254927           0.002865
   52      20     -1966.4183236377    -1266.8754331088    -0.0000339849           0.003747
   53      20     -1966.4183612320    -1266.8754707031    -0.0000375944           0.002818
   54      20     -1966.4183969292    -1266.8755064003    -0.0000356971           0.002885
   55      20     -1966.4184354939    -1266.8755449650    -0.0000385647           0.003376
   56      20     -1966.4184780029    -1266.8755874740    -0.0000425090           0.003426
   57      20     -1966.4185232957    -1266.8756327668    -0.0000452928           0.003953
   58      20     -1966.4185697295    -1266.8756792006    -0.0000464338           0.003431
   59      20     -1966.4186321979    -1266.8757416690    -0.0000624685           0.003194
   60      20     -1966.4186931740    -1266.8758026451    -0.0000609761           0.003268
   61      20     -1966.4187579572    -1266.8758674283    -0.0000647832           0.003230
   62      20     -1966.4188293391    -1266.8759388102    -0.0000713819           0.002900
   63      20     -1966.4189097175    -1266.8760191886    -0.0000803784           0.003181
   64      20     -1966.4189847926    -1266.8760942637    -0.0000750751           0.003090
   65      20     -1966.4190773349    -1266.8761868060    -0.0000925424           0.003232
   66      20     -1966.4191675965    -1266.8762770676    -0.0000902615           0.003060
   67      20     -1966.4192491008    -1266.8763585720    -0.0000815044           0.002954
   68      20     -1966.4193341952    -1266.8764436663    -0.0000850943           0.003192
   69      20     -1966.4194124373    -1266.8765219084    -0.0000782421           0.003003
   70      20     -1966.4194754568    -1266.8765849279    -0.0000630195           0.002785
   71      20     -1966.4195183016    -1266.8766277727    -0.0000428447           0.003020
   72      20     -1966.4195578150    -1266.8766672861    -0.0000395134           0.003333
   73      20     -1966.4195804050    -1266.8766898762    -0.0000225900           0.003360
   74      20     -1966.4195941827    -1266.8767036538    -0.0000137776           0.002727
   75      20     -1966.4196006900    -1266.8767101611    -0.0000065074           0.002731
   76      20     -1966.4195997745    -1266.8767092456     0.0000009155           0.002958
   77      30     -1966.4196565228    -1266.8767659939    -0.0000567484           0.000172
   78      40     -1966.4196581520    -1266.8767676231    -0.0000016292           0.000032
   79      50     -1966.4196599596    -1266.8767694307    -0.0000018076           0.000005
   80      60     -1966.4196608631    -1266.8767703343    -0.0000009035           0.000002
   81      70     -1966.4196616313    -1266.8767711024    -0.0000007681           0.000002
   82      70     -1966.4196617221    -1266.8767711933    -0.0000000909           0.000007


  RESULTS OF THE OCCUPATION OPTIMIZATION
 ========================================

   OM     Occupation      Elag Diag

    1      2.0000000    -91.9092478
    2      1.9999999    -63.6196190
    3      1.9999999    -63.6485800
    4      1.9999807     -6.6239483
    5      1.9999652     -6.7123819
    6      1.9999617    -26.3323485
    7      1.9999596    -26.2994465
    8      1.9999267     -7.6635787
    9      1.9999239     -7.8210957
   10      1.9998917     -4.4548739
   11      1.9998887     -4.2838709
   12      1.9998584     -3.2188958
   13      1.9998468    -15.5409814
   14      1.9998327     -5.1486215
   15      1.9998040     -3.7044367
   16      1.9997534     -3.8216063
   17      1.9997247     -5.0521328
   18      1.9997213     -3.8196385
   19      1.9996095     -7.6286595
   20      1.9995871     -7.6339502
   21      1.9995867     -7.6667400
   22      1.9992148     -2.4786446
   23      1.9899309     -0.9352569
   24      1.9883466     -0.8974789
   25      1.9882793     -0.9621166
   26      1.9879669     -0.9663428
   27      1.9876282     -0.9258855
   28      1.9858437     -0.8723628
   29      1.9849547     -0.9623665
   30      1.9779949     -0.7343661
   31      1.9773986     -0.7850295
   32      1.9772505     -0.9625495
   33      1.9768607     -0.5722495
   34      1.9763289     -0.5476468
   35      1.9747199     -0.5409177
   36      1.9744166     -0.7694081
   37      1.9715639     -0.5833898
   38      1.9710610     -0.7928911
   39      1.9694172     -0.6178360
   40      1.9690736     -0.4871625
   41      1.9672383     -0.7031086
   42      1.9657122     -0.6111330
   43      1.9569555     -0.5594774
   44      1.9565296     -0.5601429
   45      1.9462339     -0.4926457
   46      1.7006706     -0.2941550
   47      0.0002960     -0.0003485
   48      0.0009324     -0.0013739
   49      0.0002428     -0.0004293
   50      0.0011089     -0.0015018
   51      0.0011706     -0.0020320
   52      0.0010598     -0.0020203
   53      0.0016901     -0.0024273
   54      0.0011917     -0.0021726
   55      0.0005530     -0.0013514
   56      0.0013307     -0.0023131
   57      0.0003744     -0.0009187
   58      0.0015467     -0.0019800
   59      0.0015378     -0.0020515
   60      0.0003705     -0.0007459
   61      0.0001020     -0.0003161
   62      0.0008817     -0.0014419
   63      0.0004198     -0.0005853
   64      0.0000445     -0.0001364
   65      0.0004592     -0.0014428
   66      0.0000701     -0.0002071
   67      0.0000908     -0.0002948
   68      0.0001331     -0.0004189
   69      0.0000601     -0.0001782
   70      0.0069943     -0.0102899
   71      0.0000740     -0.0004189
   72      0.0000025     -0.0000446
   73      0.0000042     -0.0000772
   74      0.0000009     -0.0000130
   75      0.0000003     -0.0000052
   76      0.0000049     -0.0000300
   77      0.0000002     -0.0000033
   78      0.0000039     -0.0000289
   79      0.0000008     -0.0000100
   80      0.0000001     -0.0000026
   81      0.0000262     -0.0000982
   82      0.0000225     -0.0000971
   83      0.0000233     -0.0000989
   84      0.0000022     -0.0000184
   85      0.0000068     -0.0000403
   86      0.0000000     -0.0000005
   87      0.0000000     -0.0000010
   88      0.0000080     -0.0000451
   89      0.0000065     -0.0000355
   90      0.0000000     -0.0000009
   91      0.0000000     -0.0000008
   92      0.0000000     -0.0000003
   93      0.0020941     -0.0010858
   94      0.0185566     -0.0094052
   95      0.0075830     -0.0049600
   96      0.0065900     -0.0039354
   97      0.0086586     -0.0062188
   98      0.0135448     -0.0098688
   99      0.0091776     -0.0053932
  100      0.0070894     -0.0055261
  101      0.0033129     -0.0038208
  102      0.0060530     -0.0046763
  103      0.0023790     -0.0028964
  104      0.0116246     -0.0066356
  105      0.0125885     -0.0072172
  106      0.0022736     -0.0024396
  107      0.0009157     -0.0016430
  108      0.0034702     -0.0033776
  109      0.0020931     -0.0021442
  110      0.0008093     -0.0016544
  111      0.0125644     -0.0137371
  112      0.0009693     -0.0020421
  113      0.0009903     -0.0020358
  114      0.0010519     -0.0021434
  115      0.0009793     -0.0019486
  116      0.0016781     -0.0024393
  117      0.0003054     -0.0009134
  118      0.0000168     -0.0001641
  119      0.0000159     -0.0001595
  120      0.0000105     -0.0001134
  121      0.0000065     -0.0000417
  122      0.0000377     -0.0001473
  123      0.0000055     -0.0000353
  124      0.0000268     -0.0001052
  125      0.0000112     -0.0000599
  126      0.0000028     -0.0000632
  127      0.0000410     -0.0001358
  128      0.0000369     -0.0001480
  129      0.0000344     -0.0001339
  130      0.0000073     -0.0000452
  131      0.0000138     -0.0000740
  132      0.0000393     -0.0010780
  133      0.0000008     -0.0000102
  134      0.0000099     -0.0000614
  135      0.0000055     -0.0000338
  136      0.0000000     -0.0000008
  137      0.0000000     -0.0000010
  138      0.0000000     -0.0000004
  139      0.2969392     -0.0644406
  140      0.0342771     -0.0150837
  141      0.0356446     -0.0173032
  142      0.0353456     -0.0155283
  143      0.0244586     -0.0145280
  144      0.0181571     -0.0123629
  145      0.0200587     -0.0109405
  146      0.0223017     -0.0137752
  147      0.0250731     -0.0196911
  148      0.0210525     -0.0127500
  149      0.0228301     -0.0171680
  150      0.0121089     -0.0067654
  151      0.0095448     -0.0055172
  152      0.0204952     -0.0119468
  153      0.0217318     -0.0219875
  154      0.0182496     -0.0146300
  155      0.0194922     -0.0119761
  156      0.0141915     -0.0159755
  157      0.0011326     -0.0022081
  158      0.0113324     -0.0132468
  159      0.0109519     -0.0130488
  160      0.0105357     -0.0126682
  161      0.0106141     -0.0124354
  162      0.0013967     -0.0019945
  163      0.0004059     -0.0010877
  164      0.0003941     -0.0035073
  165      0.0003928     -0.0034697
  166      0.0003791     -0.0033687
  167      0.0002719     -0.0011923
  168      0.0002326     -0.0013396
  169      0.0002410     -0.0010786
  170      0.0001653     -0.0007371
  171      0.0001554     -0.0008747
  172      0.0001503     -0.0025743
  173      0.0000744     -0.0002753
  174      0.0000519     -0.0002706
  175      0.0000506     -0.0002982
  176      0.0000665     -0.0005647
  177      0.0000527     -0.0004945
  178      0.0000011     -0.0000108
  179      0.0000375     -0.0010214
  180      0.0000169     -0.0001242
  181      0.0000074     -0.0000474
  182      0.0000000     -0.0000014
  183      0.0000000     -0.0000012
  184      0.0000000     -0.0000005

   RO Sum (  92) =   92.00

  ---------------
   Dipole Moment
  ---------------

      3.4157 Debye [   1.3438  (  -0.8272,  -0.9678,   0.4302) ]

 ----------------
  Final Energies  
 ----------------

  Final NOF Total Energy =    -1266.8767711933 ( 7.E-06 , 0.E+00 )


  **************************************************
  *                                                *
  *       SINGLE-POINT DoNOF CALCULATION           *
  *                                                *
  *             FULL OPTIMIZATION                  *
  *                                                *
  *  FINAL RESULTS   FINAL RESULTS  FINAL RESULTS  *
  *                                                *
  **************************************************

  **************************************************
  *         No. EXTERNAL ITER =    82              *
  *         No. of TOTAL ITER =  1830              *
  **************************************************

  Elapsed real time :  59862.95  (Seconds)
  Git sha : bcb372acca69df19ae91719c988dea244a3c3d1c                                                            

 The execution finished at  8h 17min on the  1/ 7/2025
