 This is the parallel version of the code
 This is the parallel version of the code
 This is the parallel version of the code
 This is the parallel version of the code
 This is the parallel version of the code
 This is the parallel version of the code
 This is the parallel version of the code
 This is the parallel version of the code
Master:    0

 The execution started at  9h 56min on the 12/ 5/2024

    ===========================================================
    !                                                         !
    !                        Do N O F                         !
    !                                                         !
    !  (Donostia Natural Orbital Functional Software Program) !
    !                                                         !
    !               COPYRIGHT by Mario Piris                  !
    !                                                         !
    !      Donostia International Physics Center (DIPC)       !
    !       University of the Basque Country (UPV/EHU)        !
    !       Basque Foundation for Science (IKERBASQUE)        !
    !                                                         !
    !          GNU General Public License version 3           !
    !                                                         !
    !                  VERSION: Mayo 2024                     !
    !                                                         !
    ===========================================================

 Run Title
 ---------
 p30-5 set                                                                       

 Basis Set
 ---------
 /beegfs_agamede/gscratch/povmieci/SCRATCH/66809/def2-svp.bas                    

 Atom      Charge                Coordinates (Bohr)
                           x             y             z
 H           1.0       -1.3454        2.8595        3.1118
 B           5.0       -0.3629        4.1598        1.3641
 H           1.0       -3.3627        4.9295       -3.5909
 F           9.0        3.7814       -4.9718        1.5900
 B           5.0        3.4423       -3.4650        3.6208
 H           1.0        1.8892        3.4209        1.2887
 H           1.0       -0.3275       -4.2971       -3.5533
 SI         14.0       -3.5877       -1.3951       -1.1040
 H           1.0       -0.3944        6.3184        1.9911
 H           1.0        4.3438       -4.1250        5.5783
 C           6.0       -1.3957       -2.6041       -4.0315
 AL         13.0        0.2179        0.2861        1.2973
 SI         14.0       -2.0000        3.0447       -2.0058
 O           8.0        2.1283       -1.3014        3.3807
 H           1.0       -2.4841       -2.8158       -5.7683
 B           5.0       -0.5424       -0.0435       -3.1692

 Atomic Basis Set
 ----------------
 The contracted primitive functions were unnormalized
 The contracted basis functions are now normalized to unity

  Shell Type  Primitive         Exponent  Contraction Coefficient

 H         

      1   S       1            13.0107010    0.033485484813
      1   S       2             1.9622572    0.234721870881
      1   S       3             0.4445380    0.813770285260

      2   S       4             0.1219496    1.000000000000

      3   P       5             0.8000000    1.000000000000

 B         

      4   S       6           839.3183009   -0.005628883598
      4   S       7           126.2646484   -0.041832794610
      4   S       8            28.6206008   -0.184174881258
      4   S       9             7.8793723   -0.468396550281
      4   S      10             2.4088857   -0.444579308833

      5   S      11             0.2510511    1.000000000000

      6   S      12             0.0836489    1.000000000000

      7   P      13             6.0332224   -0.054032500323
      7   P      14             1.2499158   -0.301940343932
      7   P      15             0.3387168   -0.771707916582

      8   P      16             0.0964156    1.000000000000

      9   D      17             0.5000000    1.000000000000

 H         

     10   S      18            13.0107010    0.033485484813
     10   S      19             1.9622572    0.234721870881
     10   S      20             0.4445380    0.813770285260

     11   S      21             0.1219496    1.000000000000

     12   P      22             0.8000000    1.000000000000

 F         

     13   S      23          2894.8325990   -0.005349321176
     13   S      24           435.4193912   -0.039967734372
     13   S      25            98.8433289   -0.179412617888
     13   S      26            27.4851980   -0.468324686869
     13   S      27             8.5405498   -0.447241605328

     14   S      28             1.0654578    1.000000000000

     15   S      29             0.3324735    1.000000000000

     16   P      30            22.6966339   -0.064782148241
     16   P      31             4.9872339   -0.340357853553
     16   P      32             1.3491614   -0.734858153660

     17   P      33             0.3482988    1.000000000000

     18   D      34             1.4000000    1.000000000000

 B         

     19   S      35           839.3183009   -0.005628883598
     19   S      36           126.2646484   -0.041832794610
     19   S      37            28.6206008   -0.184174881258
     19   S      38             7.8793723   -0.468396550281
     19   S      39             2.4088857   -0.444579308833

     20   S      40             0.2510511    1.000000000000

     21   S      41             0.0836489    1.000000000000

     22   P      42             6.0332224   -0.054032500323
     22   P      43             1.2499158   -0.301940343932
     22   P      44             0.3387168   -0.771707916582

     23   P      45             0.0964156    1.000000000000

     24   D      46             0.5000000    1.000000000000

 H         

     25   S      47            13.0107010    0.033485484813
     25   S      48             1.9622572    0.234721870881
     25   S      49             0.4445380    0.813770285260

     26   S      50             0.1219496    1.000000000000

     27   P      51             0.8000000    1.000000000000

 H         

     28   S      52            13.0107010    0.033485484813
     28   S      53             1.9622572    0.234721870881
     28   S      54             0.4445380    0.813770285260

     29   S      55             0.1219496    1.000000000000

     30   P      56             0.8000000    1.000000000000

 SI        

     31   S      57          6903.7118686    0.005584465887
     31   S      58          1038.4346419    0.041742284436
     31   S      59           235.8758148    0.187528023742
     31   S      60            66.0693852    0.478678596587
     31   S      61            20.2479458    0.429256952162

     32   S      62            34.3534817    0.089834899465
     32   S      63             3.6370788   -0.545685958777
     32   S      64             1.4002049   -0.524810829267

     33   S      65             0.2048441    1.000000000000

     34   S      66             0.0779941    1.000000000000

     35   P      67           179.8390737    0.010133498379
     35   P      68            41.9072588    0.071029041096
     35   P      69            12.9552944    0.255839142169
     35   P      70             4.4383267    0.481498047149
     35   P      71             1.5462248    0.385211960064

     36   P      72             0.3560761    1.000000000000

     37   P      73             0.1000851    1.000000000000

     38   D      74             0.3500000    1.000000000000

 H         

     39   S      75            13.0107010    0.033485484813
     39   S      76             1.9622572    0.234721870881
     39   S      77             0.4445380    0.813770285260

     40   S      78             0.1219496    1.000000000000

     41   P      79             0.8000000    1.000000000000

 H         

     42   S      80            13.0107010    0.033485484813
     42   S      81             1.9622572    0.234721870881
     42   S      82             0.4445380    0.813770285260

     43   S      83             0.1219496    1.000000000000

     44   P      84             0.8000000    1.000000000000

 C         

     45   S      85          1238.4016938    0.005517365048
     45   S      86           186.2900499    0.041088828556
     45   S      87            42.2511763    0.182253821265
     45   S      88            11.6765579    0.468284594374
     45   S      89             3.5930506    0.445758173360

     46   S      90             0.4024515    1.000000000000

     47   S      91             0.1309018    1.000000000000

     48   P      92             9.4680971    0.056888332011
     48   P      93             2.0103545    0.312940593365
     48   P      94             0.5477100    0.760650165091

     49   P      95             0.1526861    1.000000000000

     50   D      96             0.8000000    1.000000000000

 AL        

     51   S      97          5887.5727030    0.005651978962
     51   S      98           885.6122600    0.042218253427
     51   S      99           201.1360490    0.189187196726
     51   S     100            56.2849747    0.480435911881
     51   S     101            17.2295512    0.425872684294

     52   S     102            29.3402499    0.088568603239
     52   S     103             3.0439630   -0.543157066723
     52   S     104             1.1285540   -0.529385510294

     53   S     105             0.1423418    1.000000000000

     54   S     106             0.0544002    1.000000000000

     55   P     107           145.1191881    0.010726377859
     55   P     108            33.7178948    0.074103623546
     55   P     109            10.3698631    0.261296213060
     55   P     110             3.5135616    0.480201235327
     55   P     111             1.1980050    0.384382240624

     56   P     112             0.2658301    1.000000000000

     57   P     113             0.0710034    1.000000000000

     58   D     114             0.3000000    1.000000000000

 SI        

     59   S     115          6903.7118686    0.005584465887
     59   S     116          1038.4346419    0.041742284436
     59   S     117           235.8758148    0.187528023742
     59   S     118            66.0693852    0.478678596587
     59   S     119            20.2479458    0.429256952162

     60   S     120            34.3534817    0.089834899465
     60   S     121             3.6370788   -0.545685958777
     60   S     122             1.4002049   -0.524810829267

     61   S     123             0.2048441    1.000000000000

     62   S     124             0.0779941    1.000000000000

     63   P     125           179.8390737    0.010133498379
     63   P     126            41.9072588    0.071029041096
     63   P     127            12.9552944    0.255839142169
     63   P     128             4.4383267    0.481498047149
     63   P     129             1.5462248    0.385211960064

     64   P     130             0.3560761    1.000000000000

     65   P     131             0.1000851    1.000000000000

     66   D     132             0.3500000    1.000000000000

 O         

     67   S     133          2266.1767785   -0.005389350392
     67   S     134           340.8701019   -0.040234721389
     67   S     135            77.3631352   -0.180081842055
     67   S     136            21.4796449   -0.468288576577
     67   S     137             6.6589433   -0.446926171602

     68   S     138             0.8097598    1.000000000000

     69   S     139             0.2553077    1.000000000000

     70   P     140            17.7215043    0.062630248763
     70   P     141             3.8635505    0.333311384824
     70   P     142             1.0480921    0.741486383081

     71   P     143             0.2764154    1.000000000000

     72   D     144             1.2000000    1.000000000000

 H         

     73   S     145            13.0107010    0.033485484813
     73   S     146             1.9622572    0.234721870881
     73   S     147             0.4445380    0.813770285260

     74   S     148             0.1219496    1.000000000000

     75   P     149             0.8000000    1.000000000000

 B         

     76   S     150           839.3183009   -0.005628883598
     76   S     151           126.2646484   -0.041832794610
     76   S     152            28.6206008   -0.184174881258
     76   S     153             7.8793723   -0.468396550281
     76   S     154             2.4088857   -0.444579308833

     77   S     155             0.2510511    1.000000000000

     78   S     156             0.0836489    1.000000000000

     79   P     157             6.0332224   -0.054032500323
     79   P     158             1.2499158   -0.301940343932
     79   P     159             0.3387168   -0.771707916582

     80   P     160             0.0964156    1.000000000000

     81   D     161             0.5000000    1.000000000000

 Total Number of Basis Set Shells             =   81
 Total Number of Primitives                   =  161
 Number of Cartesian Gaussian Basis Functions =  182
 Number of Electrons                          =   86
 Charge of Molecule                           =    0
 Spin Multiplicity                            =    1
 Number of Occupied Orbitals (Alpha)          =   43
 Number of Occupied Orbitals (Beta )          =   43
 Total Number of Atoms                        =   16

 Input Run Options
 -----------------
 IRUNTYP = 1  MULT = 1  ICHARG =  0 IECP = 0  IEMOM = 1  UNITS = ANGS    

 Integral Options
 ----------------
 CUTOFF = 1.0E-09   ISCHWZ = 1   ERITYP = FULL

 Input NOF Options
 -----------------

 Type of calculation =    Coeff. Opt.:   (ICOEF)         1
 Use Softmax function for Occ. Opt.:     (ISOFTMAX)      1
 Type of Orb. Opt. = Orbital Rotations:  (IORBOPT)       4
 Maximum Number of Occ-Coef Outer Iter.: (MAXIT)      1000

 Natural Orbital Functional Selected:    (IPNOF)         7

 Restart calculation Option:             (RESTART)       T
 Orthogonalize the initial Orbitals:     (ORTHO)         T

 Output Option:                          (NPRINT)        0
 Output the Coefficient Matrix:          (IWRITEC)       0
 Do a Mulliken Population Analysis:      (IMULPOP)       0
 Write Information into a WFN file:      (IAIMPAC)       1
 Write Information into a FCHK file:     (IFCHK)         1
 Write Information into a MLP file:      (MOLDEN)        1
 Create Ini. Cond. (ini.xyz) file:       (INICOND)       1
 Calculate IPs using Ext. Koopmans Theo: (IEKT)          0
 Write APSG expansion coefficient file:  (APSG)          F
 Output option for Lagrange Multipliers: (PRINTLAG)      F
 Diagonalize matrix of Lag. Multipliers: (DIAGLAG)       F

 Nuclear Coordinates from GCF file:
 ----------------------------------

 Atom      Charge                Coordinates (Bohr)
                           x             y             z
 H        1.00000       -1.3454        2.8595        3.1118
 B        5.00000       -0.3629        4.1598        1.3641
 H        1.00000       -3.3627        4.9295       -3.5909
 F        9.00000        3.7814       -4.9718        1.5900
 B        5.00000        3.4423       -3.4650        3.6208
 H        1.00000        1.8892        3.4209        1.2887
 H        1.00000       -0.3275       -4.2971       -3.5533
 SI      14.00000       -3.5877       -1.3951       -1.1040
 H        1.00000       -0.3944        6.3184        1.9911
 H        1.00000        4.3438       -4.1250        5.5783
 C        6.00000       -1.3957       -2.6041       -4.0315
 AL      13.00000        0.2179        0.2861        1.2973
 SI      14.00000       -2.0000        3.0447       -2.0058
 O        8.00000        2.1283       -1.3014        3.3807
 H        1.00000       -2.4841       -2.8158       -5.7683
 B        5.00000       -0.5424       -0.0435       -3.1692

------------------------------------------------------------------------

 Orbital Space
 -------------

 Inactive Doubly occupied orbitals up to NO1  =    0
 No. considered Strongly Doubly occupied MOs  =   43
 No. considered Strongly Singly occupied MOs  =    0
 No. of Weakly occ. per St. Doubly occ.  MOs  =    3
 Dimension of the Active Nat. Orb. subspace   =  172
 Secondary Empty orbitals                     =   10

 1e- integrals
 -------------
 Time to do integrals =      0.01

 2e- integrals
 -------------
 DONTW option skips storage 2e- integrals on Unit 1
            76842316 2e- integrals in     1 records
 Time to do integrals =      5.80

 Distribution Full ERIs:

 Integrals:                          76842316
 Max size per slaves:                 9605290
 Max size in master:                 86447606

 No violations of the orthonormality


  RESULTS OF OCCUPATION-COEFFICIENT OPTIMIZATION
 ================================================

  Ex It  Orb It    Electronic Energy     Total Energy   Energy Convergency    Max Mul-Lag Diff

    1      10     -1712.4024349874    -1110.0048989336     0.0000000000           0.035418
    2      30     -1712.4867203567    -1110.0891843030    -0.0842853694           0.003793
    3      30     -1712.5231730992    -1110.1256370455    -0.0364527425           0.003237
    4      30     -1712.5394168826    -1110.1418808289    -0.0162437833           0.002369
    5      30     -1712.5507923565    -1110.1532563027    -0.0113754739           0.002438
    6      30     -1712.5606187529    -1110.1630826992    -0.0098263964           0.002751
    7      30     -1712.5695799826    -1110.1720439288    -0.0089612297           0.002803
    8      30     -1712.5776440415    -1110.1801079877    -0.0080640589           0.002577
    9      30     -1712.5845800527    -1110.1870439990    -0.0069360112           0.002125
   10      30     -1712.5901742951    -1110.1926382413    -0.0055942424           0.001748
   11      30     -1712.5942878131    -1110.1967517594    -0.0041135181           0.001794
   12      30     -1712.5971543889    -1110.1996183352    -0.0028665758           0.001516
   13      30     -1712.5991911659    -1110.2016551122    -0.0020367770           0.001659
   14      30     -1712.6006785997    -1110.2031425459    -0.0014874338           0.001621
   15      30     -1712.6017537986    -1110.2042177449    -0.0010751990           0.001444
   16      30     -1712.6025287997    -1110.2049927460    -0.0007750011           0.001159
   17      30     -1712.6031178866    -1110.2055818329    -0.0005890869           0.000799
   18      30     -1712.6035740817    -1110.2060380279    -0.0004561950           0.000655
   19      30     -1712.6039282503    -1110.2063921966    -0.0003541687           0.000658
   20      30     -1712.6042323401    -1110.2066962864    -0.0003040898           0.000670
   21      30     -1712.6045171021    -1110.2069810484    -0.0002847620           0.000692
   22      30     -1712.6047702738    -1110.2072342200    -0.0002531717           0.000688
   23      30     -1712.6049580964    -1110.2074220427    -0.0001878227           0.000672
   24      30     -1712.6050801400    -1110.2075440863    -0.0001220435           0.000668
   25      30     -1712.6051522982    -1110.2076162444    -0.0000721582           0.000636
   26      30     -1712.6051997142    -1110.2076636605    -0.0000474161           0.000627
   27      30     -1712.6052349977    -1110.2076989440    -0.0000352835           0.000643
   28      30     -1712.6052676067    -1110.2077315530    -0.0000326090           0.000655
   29      30     -1712.6052968487    -1110.2077607950    -0.0000292420           0.000660
   30      30     -1712.6053302187    -1110.2077941649    -0.0000333700           0.000683
   31      30     -1712.6053624434    -1110.2078263896    -0.0000322247           0.000679
   32      30     -1712.6053928380    -1110.2078567842    -0.0000303946           0.000677
   33      30     -1712.6054195388    -1110.2078834851    -0.0000267008           0.000674
   34      30     -1712.6054385918    -1110.2079025381    -0.0000190530           0.000677
   35      30     -1712.6054560781    -1110.2079200244    -0.0000174863           0.000682
   36      30     -1712.6054699540    -1110.2079339003    -0.0000138759           0.000682
   37      30     -1712.6054797960    -1110.2079437423    -0.0000098420           0.000676
   38      30     -1712.6054885434    -1110.2079524897    -0.0000087475           0.000650
   39      30     -1712.6054950522    -1110.2079589985    -0.0000065088           0.000685
   40      40     -1712.6055057044    -1110.2079696506    -0.0000106521           0.000127
   41      40     -1712.6055119189    -1110.2079758651    -0.0000062145           0.000133
   42      50     -1712.6055155211    -1110.2079794674    -0.0000036023           0.000021


  RESULTS OF THE OCCUPATION OPTIMIZATION
 ========================================

   OM     Occupation      Elag Diag

    1      1.9999999    -68.5130744
    2      1.9999998    -63.8804689
    3      1.9999998    -63.6799700
    4      1.9999634    -26.3048239
    5      1.9999216    -20.5812976
    6      1.9998628     -4.7004040
    7      1.9998625     -4.2394397
    8      1.9998603     -4.2460750
    9      1.9998383     -4.7395542
   10      1.9998224     -4.9682495
   11      1.9998195     -4.9249889
   12      1.9998026     -3.3917243
   13      1.9998003     -4.9649432
   14      1.9997553     -3.7778343
   15      1.9997498     -3.7394363
   16      1.9997372     -4.9374676
   17      1.9997157     -3.8812981
   18      1.9997030    -11.2332070
   19      1.9996105     -7.6909078
   20      1.9996027     -7.6174335
   21      1.9995930     -7.5937894
   22      1.9889863     -0.9035187
   23      1.9885420     -0.9089243
   24      1.9877826     -0.8963259
   25      1.9830237     -0.7819039
   26      1.9828960     -1.0361033
   27      1.9810069     -0.8943745
   28      1.9798122     -0.8326987
   29      1.9755563     -0.7580216
   30      1.9745692     -0.7595623
   31      1.9738084     -0.5954156
   32      1.9706404     -0.5709431
   33      1.9691771     -0.7022497
   34      1.9685601     -0.7015796
   35      1.9684895     -0.6295991
   36      1.9683508     -0.6287061
   37      1.9625284     -0.5860393
   38      1.9611547     -0.6161440
   39      1.9600790     -0.5518126
   40      1.9492139     -0.6361395
   41      1.8644167     -0.4091081
   42      1.8014641     -0.3237012
   43      1.6769080     -0.3465274
   44      0.3183055     -0.0757345
   45      0.1172142     -0.0278800
   46      0.1277086     -0.0397900
   47      0.0327817     -0.0127238
   48      0.0279044     -0.0141769
   49      0.0269005     -0.0137832
   50      0.0077627     -0.0053552
   51      0.0085659     -0.0066162
   52      0.0189555     -0.0124361
   53      0.0237986     -0.0167001
   54      0.0235803     -0.0166587
   55      0.0193896     -0.0122165
   56      0.0158842     -0.0109629
   57      0.0186193     -0.0135498
   58      0.0208779     -0.0172521
   59      0.0182767     -0.0164306
   60      0.0167942     -0.0162575
   61      0.0159381     -0.0183351
   62      0.0148657     -0.0136922
   63      0.0104441     -0.0123854
   64      0.0007690     -0.0015155
   65      0.0091107     -0.0112224
   66      0.0000182     -0.0001644
   67      0.0003776     -0.0033564
   68      0.0003452     -0.0031625
   69      0.0000134     -0.0001655
   70      0.0000124     -0.0000643
   71      0.0000070     -0.0000409
   72      0.0002138     -0.0009196
   73      0.0000127     -0.0000675
   74      0.0000099     -0.0000555
   75      0.0001281     -0.0004880
   76      0.0001642     -0.0008566
   77      0.0000081     -0.0000482
   78      0.0000179     -0.0000926
   79      0.0000427     -0.0001785
   80      0.0000347     -0.0001545
   81      0.0000238     -0.0001224
   82      0.0000770     -0.0016775
   83      0.0000005     -0.0000115
   84      0.0000001     -0.0000044
   85      0.0000001     -0.0000042
   86      0.0000000     -0.0000021
   87      0.0034425     -0.0019002
   88      0.0757205     -0.0191893
   89      0.0032292     -0.0019814
   90      0.0071514     -0.0037349
   91      0.0086138     -0.0053516
   92      0.0080287     -0.0051995
   93      0.0043290     -0.0035829
   94      0.0192092     -0.0125959
   95      0.0037533     -0.0033471
   96      0.0050911     -0.0047428
   97      0.0023339     -0.0026639
   98      0.0071091     -0.0052404
   99      0.0050753     -0.0044231
  100      0.0049917     -0.0044513
  101      0.0024351     -0.0027840
  102      0.0005002     -0.0008335
  103      0.0016988     -0.0023404
  104      0.0002569     -0.0004850
  105      0.0007875     -0.0013367
  106      0.0007261     -0.0014038
  107      0.0096927     -0.0117988
  108      0.0010462     -0.0020526
  109      0.0003726     -0.0033346
  110      0.0000042     -0.0000415
  111      0.0000275     -0.0002568
  112      0.0000106     -0.0001315
  113      0.0000149     -0.0000768
  114      0.0000117     -0.0000663
  115      0.0000157     -0.0000754
  116      0.0002041     -0.0009084
  117      0.0000081     -0.0000481
  118      0.0000369     -0.0001459
  119      0.0000086     -0.0000485
  120      0.0001581     -0.0008615
  121      0.0001313     -0.0006488
  122      0.0000312     -0.0001390
  123      0.0000758     -0.0002797
  124      0.0001007     -0.0005194
  125      0.0000008     -0.0000188
  126      0.0000357     -0.0009614
  127      0.0000001     -0.0000026
  128      0.0000000     -0.0000022
  129      0.0000000     -0.0000017
  130      0.0013440     -0.0008867
  131      0.0056012     -0.0022580
  132      0.0046456     -0.0025454
  133      0.0108530     -0.0051817
  134      0.0034028     -0.0024812
  135      0.0039161     -0.0028951
  136      0.0253799     -0.0150358
  137      0.0038741     -0.0034179
  138      0.0088017     -0.0067730
  139      0.0025501     -0.0028343
  140      0.0049088     -0.0046407
  141      0.0028609     -0.0027533
  142      0.0052321     -0.0044350
  143      0.0018198     -0.0019790
  144      0.0011307     -0.0015101
  145      0.0014109     -0.0022153
  146      0.0005001     -0.0008416
  147      0.0009090     -0.0017104
  148      0.0013230     -0.0020115
  149      0.0010472     -0.0018953
  150      0.0009962     -0.0018156
  151      0.0008569     -0.0016034
  152      0.0000161     -0.0001442
  153      0.0000156     -0.0001397
  154      0.0000169     -0.0001563
  155      0.0002731     -0.0035589
  156      0.0002570     -0.0011702
  157      0.0002441     -0.0012745
  158      0.0000207     -0.0001020
  159      0.0000279     -0.0001312
  160      0.0001817     -0.0009632
  161      0.0000324     -0.0001356
  162      0.0000077     -0.0000442
  163      0.0000114     -0.0000635
  164      0.0000125     -0.0000665
  165      0.0000658     -0.0002576
  166      0.0000270     -0.0001249
  167      0.0000127     -0.0000752
  168      0.0000006     -0.0000126
  169      0.0000004     -0.0000096
  170      0.0000001     -0.0000028
  171      0.0000000     -0.0000014
  172      0.0000000     -0.0000015

   RO Sum (  86) =   86.00

  ---------------
   Dipole Moment
  ---------------

      0.9264 Debye [   0.3645  (  -0.2059,   0.2106,  -0.2148) ]

 ----------------
  Final Energies  
 ----------------

  Final NOF Total Energy =    -1110.2079794674 ( 2.E-05 , 0.E+00 )


  **************************************************
  *                                                *
  *       SINGLE-POINT DoNOF CALCULATION           *
  *                                                *
  *             FULL OPTIMIZATION                  *
  *                                                *
  *  FINAL RESULTS   FINAL RESULTS  FINAL RESULTS  *
  *                                                *
  **************************************************

  **************************************************
  *         No. EXTERNAL ITER =    42              *
  *         No. of TOTAL ITER =  1280              *
  **************************************************

  Elapsed real time :  32995.36  (Seconds)
  Git sha : bcb372acca69df19ae91719c988dea244a3c3d1c                                                            

 The execution finished at 19h  6min on the 12/ 5/2024
