 This is the parallel version of the code
 This is the parallel version of the code
 This is the parallel version of the code
 This is the parallel version of the code
 This is the parallel version of the code
 This is the parallel version of the code
 This is the parallel version of the code
 This is the parallel version of the code
 This is the parallel version of the code
 This is the parallel version of the code
 This is the parallel version of the code
 This is the parallel version of the code
Master:    0

 The execution started at 15h 33min on the  1/ 6/2025

    ===========================================================
    !                                                         !
    !                        Do N O F                         !
    !                                                         !
    !  (Donostia Natural Orbital Functional Software Program) !
    !                                                         !
    !               COPYRIGHT by Mario Piris                  !
    !                                                         !
    !      Donostia International Physics Center (DIPC)       !
    !       University of the Basque Country (UPV/EHU)        !
    !       Basque Foundation for Science (IKERBASQUE)        !
    !                                                         !
    !          GNU General Public License version 3           !
    !                                                         !
    !                  VERSION: Mayo 2024                     !
    !                                                         !
    ===========================================================

 Run Title
 ---------
 p30-20 set                                                                      

 Basis Set
 ---------
 /beegfs_agamede/gscratch/povmieci/SCRATCH/83422/def2-svp.bas                    

 Atom      Charge                Coordinates (Bohr)
                           x             y             z
 H           1.0       -2.0987       -0.2667        0.1150
 F           9.0       -1.9281       -1.4600       -4.2439
 F           9.0       -2.2189        2.9139       -3.7719
 S          16.0       -1.8083        3.5519        4.8453
 H           1.0        1.8628        0.1830        7.2507
 F           9.0        1.6410        0.9312       -3.0378
 SI         14.0        0.5627        0.3064        4.7968
 F           9.0       -1.1202       -2.2591        4.5724
 B           5.0       -0.7256        1.1007       -4.7419
 O           8.0        2.5187        0.2592        2.4393
 AL         13.0        2.6859       -1.1250       -0.4797
 SI         14.0       -2.6196       -2.8709       -0.9642
 H           1.0       -2.2821        3.4445        2.3435
 H           1.0        0.3843       -3.5066       -0.8027
 H           1.0       -0.0437        1.1710       -6.8777
 H           1.0        5.1899       -2.3737       -1.4432

 Atomic Basis Set
 ----------------
 The contracted primitive functions were unnormalized
 The contracted basis functions are now normalized to unity

  Shell Type  Primitive         Exponent  Contraction Coefficient

 H         

      1   S       1            13.0107010    0.033485484813
      1   S       2             1.9622572    0.234721870881
      1   S       3             0.4445380    0.813770285260

      2   S       4             0.1219496    1.000000000000

      3   P       5             0.8000000    1.000000000000

 F         

      4   S       6          2894.8325990   -0.005349321176
      4   S       7           435.4193912   -0.039967734372
      4   S       8            98.8433289   -0.179412617888
      4   S       9            27.4851980   -0.468324686869
      4   S      10             8.5405498   -0.447241605328

      5   S      11             1.0654578    1.000000000000

      6   S      12             0.3324735    1.000000000000

      7   P      13            22.6966339   -0.064782148241
      7   P      14             4.9872339   -0.340357853553
      7   P      15             1.3491614   -0.734858153660

      8   P      16             0.3482988    1.000000000000

      9   D      17             1.4000000    1.000000000000

 F         

     10   S      18          2894.8325990   -0.005349321176
     10   S      19           435.4193912   -0.039967734372
     10   S      20            98.8433289   -0.179412617888
     10   S      21            27.4851980   -0.468324686869
     10   S      22             8.5405498   -0.447241605328

     11   S      23             1.0654578    1.000000000000

     12   S      24             0.3324735    1.000000000000

     13   P      25            22.6966339   -0.064782148241
     13   P      26             4.9872339   -0.340357853553
     13   P      27             1.3491614   -0.734858153660

     14   P      28             0.3482988    1.000000000000

     15   D      29             1.4000000    1.000000000000

 S         

     16   S      30          9184.9303010   -0.005472946613
     16   S      31          1381.5105503   -0.040954402155
     16   S      32           313.8714758   -0.184758289562
     16   S      33            88.0538706   -0.475672806440
     16   S      34            27.0399149   -0.434951535842

     17   S      35            45.6487313   -0.091904045809
     17   S      36             4.9664522    0.556987772145
     17   S      37             2.0116242    0.511154682985

     18   S      38             0.3566108    1.000000000000

     19   S      39             0.1350722    1.000000000000

     20   P      40           261.9823344   -0.009183054659
     20   P      41            61.3068947   -0.065902226526
     20   P      42            19.1037299   -0.245877845187
     20   P      43             6.6567720   -0.482314710760
     20   P      44             2.3959635   -0.389563143514

     21   P      45             0.6177616    1.000000000000

     22   P      46             0.1699338    1.000000000000

     23   D      47             0.5500000    1.000000000000

 H         

     24   S      48            13.0107010    0.033485484813
     24   S      49             1.9622572    0.234721870881
     24   S      50             0.4445380    0.813770285260

     25   S      51             0.1219496    1.000000000000

     26   P      52             0.8000000    1.000000000000

 F         

     27   S      53          2894.8325990   -0.005349321176
     27   S      54           435.4193912   -0.039967734372
     27   S      55            98.8433289   -0.179412617888
     27   S      56            27.4851980   -0.468324686869
     27   S      57             8.5405498   -0.447241605328

     28   S      58             1.0654578    1.000000000000

     29   S      59             0.3324735    1.000000000000

     30   P      60            22.6966339   -0.064782148241
     30   P      61             4.9872339   -0.340357853553
     30   P      62             1.3491614   -0.734858153660

     31   P      63             0.3482988    1.000000000000

     32   D      64             1.4000000    1.000000000000

 SI        

     33   S      65          6903.7118686    0.005584465887
     33   S      66          1038.4346419    0.041742284436
     33   S      67           235.8758148    0.187528023742
     33   S      68            66.0693852    0.478678596587
     33   S      69            20.2479458    0.429256952162

     34   S      70            34.3534817    0.089834899465
     34   S      71             3.6370788   -0.545685958777
     34   S      72             1.4002049   -0.524810829267

     35   S      73             0.2048441    1.000000000000

     36   S      74             0.0779941    1.000000000000

     37   P      75           179.8390737    0.010133498379
     37   P      76            41.9072588    0.071029041096
     37   P      77            12.9552944    0.255839142169
     37   P      78             4.4383267    0.481498047149
     37   P      79             1.5462248    0.385211960064

     38   P      80             0.3560761    1.000000000000

     39   P      81             0.1000851    1.000000000000

     40   D      82             0.3500000    1.000000000000

 F         

     41   S      83          2894.8325990   -0.005349321176
     41   S      84           435.4193912   -0.039967734372
     41   S      85            98.8433289   -0.179412617888
     41   S      86            27.4851980   -0.468324686869
     41   S      87             8.5405498   -0.447241605328

     42   S      88             1.0654578    1.000000000000

     43   S      89             0.3324735    1.000000000000

     44   P      90            22.6966339   -0.064782148241
     44   P      91             4.9872339   -0.340357853553
     44   P      92             1.3491614   -0.734858153660

     45   P      93             0.3482988    1.000000000000

     46   D      94             1.4000000    1.000000000000

 B         

     47   S      95           839.3183009   -0.005628883598
     47   S      96           126.2646484   -0.041832794610
     47   S      97            28.6206008   -0.184174881258
     47   S      98             7.8793723   -0.468396550281
     47   S      99             2.4088857   -0.444579308833

     48   S     100             0.2510511    1.000000000000

     49   S     101             0.0836489    1.000000000000

     50   P     102             6.0332224   -0.054032500323
     50   P     103             1.2499158   -0.301940343932
     50   P     104             0.3387168   -0.771707916582

     51   P     105             0.0964156    1.000000000000

     52   D     106             0.5000000    1.000000000000

 O         

     53   S     107          2266.1767785   -0.005389350392
     53   S     108           340.8701019   -0.040234721389
     53   S     109            77.3631352   -0.180081842055
     53   S     110            21.4796449   -0.468288576577
     53   S     111             6.6589433   -0.446926171602

     54   S     112             0.8097598    1.000000000000

     55   S     113             0.2553077    1.000000000000

     56   P     114            17.7215043    0.062630248763
     56   P     115             3.8635505    0.333311384824
     56   P     116             1.0480921    0.741486383081

     57   P     117             0.2764154    1.000000000000

     58   D     118             1.2000000    1.000000000000

 AL        

     59   S     119          5887.5727030    0.005651978962
     59   S     120           885.6122600    0.042218253427
     59   S     121           201.1360490    0.189187196726
     59   S     122            56.2849747    0.480435911881
     59   S     123            17.2295512    0.425872684294

     60   S     124            29.3402499    0.088568603239
     60   S     125             3.0439630   -0.543157066723
     60   S     126             1.1285540   -0.529385510294

     61   S     127             0.1423418    1.000000000000

     62   S     128             0.0544002    1.000000000000

     63   P     129           145.1191881    0.010726377859
     63   P     130            33.7178948    0.074103623546
     63   P     131            10.3698631    0.261296213060
     63   P     132             3.5135616    0.480201235327
     63   P     133             1.1980050    0.384382240624

     64   P     134             0.2658301    1.000000000000

     65   P     135             0.0710034    1.000000000000

     66   D     136             0.3000000    1.000000000000

 SI        

     67   S     137          6903.7118686    0.005584465887
     67   S     138          1038.4346419    0.041742284436
     67   S     139           235.8758148    0.187528023742
     67   S     140            66.0693852    0.478678596587
     67   S     141            20.2479458    0.429256952162

     68   S     142            34.3534817    0.089834899465
     68   S     143             3.6370788   -0.545685958777
     68   S     144             1.4002049   -0.524810829267

     69   S     145             0.2048441    1.000000000000

     70   S     146             0.0779941    1.000000000000

     71   P     147           179.8390737    0.010133498379
     71   P     148            41.9072588    0.071029041096
     71   P     149            12.9552944    0.255839142169
     71   P     150             4.4383267    0.481498047149
     71   P     151             1.5462248    0.385211960064

     72   P     152             0.3560761    1.000000000000

     73   P     153             0.1000851    1.000000000000

     74   D     154             0.3500000    1.000000000000

 H         

     75   S     155            13.0107010    0.033485484813
     75   S     156             1.9622572    0.234721870881
     75   S     157             0.4445380    0.813770285260

     76   S     158             0.1219496    1.000000000000

     77   P     159             0.8000000    1.000000000000

 H         

     78   S     160            13.0107010    0.033485484813
     78   S     161             1.9622572    0.234721870881
     78   S     162             0.4445380    0.813770285260

     79   S     163             0.1219496    1.000000000000

     80   P     164             0.8000000    1.000000000000

 H         

     81   S     165            13.0107010    0.033485484813
     81   S     166             1.9622572    0.234721870881
     81   S     167             0.4445380    0.813770285260

     82   S     168             0.1219496    1.000000000000

     83   P     169             0.8000000    1.000000000000

 H         

     84   S     170            13.0107010    0.033485484813
     84   S     171             1.9622572    0.234721870881
     84   S     172             0.4445380    0.813770285260

     85   S     173             0.1219496    1.000000000000

     86   P     174             0.8000000    1.000000000000

 Total Number of Basis Set Shells             =   86
 Total Number of Primitives                   =  174
 Number of Cartesian Gaussian Basis Functions =  196
 Number of Electrons                          =  112
 Charge of Molecule                           =    0
 Spin Multiplicity                            =    1
 Number of Occupied Orbitals (Alpha)          =   56
 Number of Occupied Orbitals (Beta )          =   56
 Total Number of Atoms                        =   16

 Input Run Options
 -----------------
 IRUNTYP = 1  MULT = 1  ICHARG =  0 IECP = 0  IEMOM = 1  UNITS = ANGS    

 Integral Options
 ----------------
 CUTOFF = 1.0E-09   ISCHWZ = 1   ERITYP = FULL

 Input NOF Options
 -----------------

 Type of calculation =    Coeff. Opt.:   (ICOEF)         1
 Trigonometric functions for Occ. Opt.:  (ISOFTMAX)      0
 Type of Orb. Opt. = Orbital Rotations:  (IORBOPT)       4
 Maximum Number of Occ-Coef Outer Iter.: (MAXIT)      1000

 Natural Orbital Functional Selected:    (IPNOF)         7

 Restart calculation Option:             (RESTART)       T
 Orthogonalize the initial Orbitals:     (ORTHO)         T

 Output Option:                          (NPRINT)        0
 Output the Coefficient Matrix:          (IWRITEC)       0
 Do a Mulliken Population Analysis:      (IMULPOP)       0
 Write Information into a WFN file:      (IAIMPAC)       1
 Write Information into a FCHK file:     (IFCHK)         1
 Write Information into a MLP file:      (MOLDEN)        1
 Create Ini. Cond. (ini.xyz) file:       (INICOND)       1
 Calculate IPs using Ext. Koopmans Theo: (IEKT)          0
 Write APSG expansion coefficient file:  (APSG)          F
 Output option for Lagrange Multipliers: (PRINTLAG)      F
 Diagonalize matrix of Lag. Multipliers: (DIAGLAG)       F

 Nuclear Coordinates from GCF file:
 ----------------------------------

 Atom      Charge                Coordinates (Bohr)
                           x             y             z
 H        1.00000       -2.0987       -0.2667        0.1150
 F        9.00000       -1.9281       -1.4600       -4.2439
 F        9.00000       -2.2189        2.9139       -3.7719
 S       16.00000       -1.8083        3.5519        4.8453
 H        1.00000        1.8628        0.1830        7.2507
 F        9.00000        1.6410        0.9312       -3.0378
 SI      14.00000        0.5627        0.3064        4.7968
 F        9.00000       -1.1202       -2.2591        4.5724
 B        5.00000       -0.7256        1.1007       -4.7419
 O        8.00000        2.5187        0.2592        2.4393
 AL      13.00000        2.6859       -1.1250       -0.4797
 SI      14.00000       -2.6196       -2.8709       -0.9642
 H        1.00000       -2.2821        3.4445        2.3435
 H        1.00000        0.3843       -3.5066       -0.8027
 H        1.00000       -0.0437        1.1710       -6.8777
 H        1.00000        5.1899       -2.3737       -1.4432

------------------------------------------------------------------------

 Orbital Space
 -------------

 Inactive Doubly occupied orbitals up to NO1  =    0
 No. considered Strongly Doubly occupied MOs  =   56
 No. considered Strongly Singly occupied MOs  =    0
 No. of Weakly occ. per St. Doubly occ.  MOs  =    2
 Dimension of the Active Nat. Orb. subspace   =  168
 Secondary Empty orbitals                     =   28

 1e- integrals
 -------------
 Time to do integrals =      0.01
 Guess for MOs = HCORE
        16 MOs were matched and         1 equalized to zero

 2e- integrals
 -------------
 DONTW option skips storage 2e- integrals on Unit 1
            83601199 2e- integrals in     1 records
 Time to do integrals =      5.61

 RHF SCF Calculation
 -------------------
 EXTRAP=T  DAMP=T  DIIS=T
 DMat Conv = 1.0E-05  Ener Tol = 1.0E-08
 Ener Conv = 1.0E-10  DMat Tol = 2.0E-05
 DIIS Conv = 1.0E-07  DMat Tol = 2.0E-05

 ITER      TOTAL ENERGY        E CHANGE     DEN. CHANGE    DIIS ERROR
   1    -1638.4802268646 -1638.4802268646  64.378731789   2.545164912
   2    -1610.0357110171    28.4445158475  49.700031750   0.751489347
   3    -1671.1022605151   -61.0665494980   0.062850057   0.564810390
   4    -1671.2889214432    -0.1866609281   0.569569196   0.545227467
   5    -1673.9411188981    -2.6521974549   0.542852037   0.555735463
   6    -1679.4577039584    -5.5165850602   0.393804747   0.636180092
   7    -1680.6939481368    -1.2362441785   8.676240120   0.650044449
   8    -1705.0837910198   -24.3898428830  13.768365553   0.334631118
   9    -1612.5523096132    92.5314814066  13.836355901   0.783666902
  10    -1716.5572086949  -104.0048990817   0.462624842   0.216539423
  11    -1717.5963086747    -1.0390999798   0.089089164   0.076067679
  12    -1717.6989340781    -0.1026254034   0.022042604   0.008822171
  13    -1717.7039394085    -0.0050053303   0.011656872   0.005094685
  14    -1717.7046952775    -0.0007558690   0.003064643   0.001586783
  15    -1717.7047842262    -0.0000889487   0.000830720   0.000452599
  16    -1717.7047955744    -0.0000113482   0.000362966   0.000209691
  17    -1717.7047969590    -0.0000013847   0.000152826   0.000037049
  18    -1717.7047971080    -0.0000001489   0.000053323   0.000015551
  19    -1717.7047971198    -0.0000000118   0.000022199   0.000002675
  20    -1717.7047971207    -0.0000000009   0.000006024   0.000001165

          -----------------
          DENSITY CONVERGED
          -----------------

 FINAL RHF ENERGY IS    -1717.7047971207 AFTER  20 ITERATIONS

         WAVEFUNCTION NORMALIZATION =       1.0000000000

                ONE ELECTRON ENERGY =   -4343.0685796912
                TWO ELECTRON ENERGY =    1643.5208596098
           NUCLEAR REPULSION ENERGY =     981.8429229608
                                      ------------------
                   RHF TOTAL ENERGY =   -1717.7047971207

 ELECTRON-ELECTRON POTENTIAL ENERGY =    1643.5208596098
  NUCLEUS-ELECTRON POTENTIAL ENERGY =   -6056.3708434941
   NUCLEUS-NUCLEUS POTENTIAL ENERGY =     981.8429229608
                                      ------------------
             TOTAL POTENTIAL ENERGY =   -3431.0070609235
               TOTAL KINETIC ENERGY =    1713.3022638029
                 VIRIAL RATIO (V/T) =       2.0025696186

 Distribution Full ERIs:

 Integrals:                          83601199
 Max size per slaves:                 6966768
 Max size in master:                 90567967

 No violations of the orthonormality


  RESULTS OF OCCUPATION-COEFFICIENT OPTIMIZATION
 ================================================

  Ex It  Orb It    Electronic Energy     Total Energy   Energy Convergency    Max Mul-Lag Diff

    1      10     -2700.1078178049    -1718.2648948441     0.0000000000           0.001359
    2      20     -2700.1117989614    -1718.2688760006    -0.0039811565           0.002206
    3      20     -2700.1128370348    -1718.2699140740    -0.0010380734           0.002695
    4      20     -2700.1131160586    -1718.2701930978    -0.0002790238           0.002959
    5      20     -2700.1132304645    -1718.2703075037    -0.0001144059           0.003120
    6      20     -2700.1133091367    -1718.2703861759    -0.0000786722           0.002950
    7      20     -2700.1133603835    -1718.2704374228    -0.0000512469           0.002798
    8      20     -2700.1134049059    -1718.2704819451    -0.0000445224           0.002672
    9      20     -2700.1134348929    -1718.2705119321    -0.0000299869           0.002676
   10      20     -2700.1134571231    -1718.2705341623    -0.0000222302           0.003415
   11      30     -2700.1135399548    -1718.2706169940    -0.0000828317           0.001039
   12      40     -2700.1135729993    -1718.2706500385    -0.0000330445           0.000171
   13      40     -2700.1135966809    -1718.2706737201    -0.0000236816           0.000178
   14      40     -2700.1136201737    -1718.2706972129    -0.0000234928           0.000174
   15      40     -2700.1136419993    -1718.2707190385    -0.0000218256           0.000171
   16      50     -2700.1136607630    -1718.2707378022    -0.0000187637           0.000026
   17      60     -2700.1136704467    -1718.2707474859    -0.0000096837           0.000005
   18      70     -2700.1136755188    -1718.2707525580    -0.0000050721           0.000004
   19      80     -2700.1136799914    -1718.2707570306    -0.0000044726           0.000006
   20      80     -2700.1136800407    -1718.2707570799    -0.0000000493           0.000006


  RESULTS OF THE OCCUPATION OPTIMIZATION
 ========================================

   OM     Occupation      Elag Diag

    1      1.9999998    -74.9041558
    2      1.9999998    -73.0948976
    3      1.9999998    -71.4454808
    4      1.9999998    -68.7071468
    5      1.9999732     -6.6511727
    6      1.9999609    -26.3116537
    7      1.9999609    -26.3861355
    8      1.9999607    -26.3125635
    9      1.9999596    -26.3781100
   10      1.9999257     -7.4661401
   11      1.9999212    -20.5750918
   12      1.9999174     -7.3815650
   13      1.9999169     -7.4006624
   14      1.9999105     -4.5111112
   15      1.9998994     -4.3917289
   16      1.9998958     -3.3338352
   17      1.9998774     -4.8434959
   18      1.9998668     -4.9143208
   19      1.9998642     -4.9216491
   20      1.9998606     -4.7382652
   21      1.9998222     -4.9391571
   22      1.9998069     -3.7266575
   23      1.9997814     -5.0172285
   24      1.9997745     -3.8204318
   25      1.9997414     -3.8668880
   26      1.9996193     -7.7495088
   27      1.9903216     -0.9966246
   28      1.9898404     -0.9842580
   29      1.9898067     -0.9315892
   30      1.9897728     -0.9209568
   31      1.9897157     -0.9897070
   32      1.9895635     -0.9173253
   33      1.9894585     -0.9965185
   34      1.9893952     -0.9155445
   35      1.9890146     -0.9171477
   36      1.9885775     -0.9251365
   37      1.9879307     -1.0362984
   38      1.9872639     -1.0421553
   39      1.9872182     -0.7505803
   40      1.9838092     -1.0298210
   41      1.9834570     -0.9906011
   42      1.9833493     -0.9345615
   43      1.9827409     -1.0222662
   44      1.9818859     -1.0028743
   45      1.9813631     -0.7055622
   46      1.9812602     -0.8009280
   47      1.9809387     -0.7701815
   48      1.9806557     -0.5370174
   49      1.9804844     -0.5348486
   50      1.9797124     -0.6098326
   51      1.9791955     -0.6360300
   52      1.9791271     -0.6009503
   53      1.9787031     -0.5872906
   54      1.9758236     -0.5058510
   55      1.9665287     -0.6624110
   56      1.9106164     -0.4296527
   57      0.0368106     -0.0143294
   58      0.0274229     -0.0174438
   59      0.0165010     -0.0100078
   60      0.0154583     -0.0104690
   61      0.0156562     -0.0104779
   62      0.0116581     -0.0084718
   63      0.0163365     -0.0115702
   64      0.0094432     -0.0059214
   65      0.0100031     -0.0061510
   66      0.0176659     -0.0155162
   67      0.0173882     -0.0156261
   68      0.0169105     -0.0144426
   69      0.0168834     -0.0184856
   70      0.0160467     -0.0182220
   71      0.0012290     -0.0019681
   72      0.0010319     -0.0020819
   73      0.0152106     -0.0174541
   74      0.0089597     -0.0069717
   75      0.0117649     -0.0144283
   76      0.0112455     -0.0137704
   77      0.0009963     -0.0020703
   78      0.0100600     -0.0121876
   79      0.0096822     -0.0118153
   80      0.0094821     -0.0120634
   81      0.0094065     -0.0115386
   82      0.0092685     -0.0118318
   83      0.0093073     -0.0114891
   84      0.0008858     -0.0018260
   85      0.0091299     -0.0116347
   86      0.0009570     -0.0019795
   87      0.0003558     -0.0032709
   88      0.0002428     -0.0011239
   89      0.0002100     -0.0009537
   90      0.0000094     -0.0000643
   91      0.0001768     -0.0007910
   92      0.0000204     -0.0001107
   93      0.0001124     -0.0005793
   94      0.0000108     -0.0000614
   95      0.0001211     -0.0006923
   96      0.0001115     -0.0006184
   97      0.0000811     -0.0003138
   98      0.0000346     -0.0001555
   99      0.0000716     -0.0003512
  100      0.0000778     -0.0006054
  101      0.0000756     -0.0005907
  102      0.0000008     -0.0000171
  103      0.0000042     -0.0000381
  104      0.0000391     -0.0010629
  105      0.0000388     -0.0010529
  106      0.0000385     -0.0010453
  107      0.0000381     -0.0010361
  108      0.0000168     -0.0001023
  109      0.0000001     -0.0000055
  110      0.0000001     -0.0000058
  111      0.0000001     -0.0000052
  112      0.0000001     -0.0000060
  113      0.0525729     -0.0189960
  114      0.0060484     -0.0048501
  115      0.0076754     -0.0050709
  116      0.0058385     -0.0045964
  117      0.0052166     -0.0042979
  118      0.0091464     -0.0067702
  119      0.0039511     -0.0037908
  120      0.0100724     -0.0061212
  121      0.0093412     -0.0058358
  122      0.0013954     -0.0022072
  123      0.0013516     -0.0021860
  124      0.0017264     -0.0023835
  125      0.0012307     -0.0023434
  126      0.0012124     -0.0023101
  127      0.0154217     -0.0156141
  128      0.0155111     -0.0173483
  129      0.0009802     -0.0019460
  130      0.0038221     -0.0031338
  131      0.0009712     -0.0020802
  132      0.0008239     -0.0017301
  133      0.0104262     -0.0125371
  134      0.0009255     -0.0018839
  135      0.0009226     -0.0018714
  136      0.0010594     -0.0022220
  137      0.0010300     -0.0021099
  138      0.0010157     -0.0020515
  139      0.0009199     -0.0018627
  140      0.0093075     -0.0115620
  141      0.0010298     -0.0021720
  142      0.0087214     -0.0113020
  143      0.0000249     -0.0002309
  144      0.0000158     -0.0000830
  145      0.0000155     -0.0000845
  146      0.0002091     -0.0011495
  147      0.0000163     -0.0000755
  148      0.0001574     -0.0008541
  149      0.0000270     -0.0001352
  150      0.0001251     -0.0007072
  151      0.0000121     -0.0000681
  152      0.0000110     -0.0000622
  153      0.0000231     -0.0000883
  154      0.0000660     -0.0003014
  155      0.0000178     -0.0000858
  156      0.0000053     -0.0000489
  157      0.0000070     -0.0000576
  158      0.0000780     -0.0017075
  159      0.0000701     -0.0005629
  160      0.0000013     -0.0000345
  161      0.0000005     -0.0000129
  162      0.0000006     -0.0000159
  163      0.0000009     -0.0000250
  164      0.0000100     -0.0000649
  165      0.0000001     -0.0000052
  166      0.0000001     -0.0000036
  167      0.0000001     -0.0000041
  168      0.0000000     -0.0000030

   RO Sum ( 112) =  112.00

  ---------------
   Dipole Moment
  ---------------

      1.6743 Debye [   0.6587  (   0.2371,  -0.5181,  -0.3305) ]

 ----------------
  Final Energies  
 ----------------

  Final NOF Total Energy =    -1718.2707570799 ( 6.E-06 , 0.E+00 )


  **************************************************
  *                                                *
  *       SINGLE-POINT DoNOF CALCULATION           *
  *                                                *
  *             FULL OPTIMIZATION                  *
  *                                                *
  *  FINAL RESULTS   FINAL RESULTS  FINAL RESULTS  *
  *                                                *
  **************************************************

  **************************************************
  *         No. EXTERNAL ITER =    20              *
  *         No. of TOTAL ITER =   720              *
  **************************************************

  Elapsed real time :  12203.72  (Seconds)
  Git sha : bcb372acca69df19ae91719c988dea244a3c3d1c                                                            

 The execution finished at 18h 58min on the  1/ 6/2025
