 This is the parallel version of the code
 This is the parallel version of the code
 This is the parallel version of the code
 This is the parallel version of the code
 This is the parallel version of the code
 This is the parallel version of the code
 This is the parallel version of the code
 This is the parallel version of the code
Master:    0

 The execution started at  9h 54min on the 12/ 5/2024

    ===========================================================
    !                                                         !
    !                        Do N O F                         !
    !                                                         !
    !  (Donostia Natural Orbital Functional Software Program) !
    !                                                         !
    !               COPYRIGHT by Mario Piris                  !
    !                                                         !
    !      Donostia International Physics Center (DIPC)       !
    !       University of the Basque Country (UPV/EHU)        !
    !       Basque Foundation for Science (IKERBASQUE)        !
    !                                                         !
    !          GNU General Public License version 3           !
    !                                                         !
    !                  VERSION: Mayo 2024                     !
    !                                                         !
    ===========================================================

 Run Title
 ---------
 p30-5 set                                                                       

 Basis Set
 ---------
 /beegfs_agamede/gscratch/povmieci/SCRATCH/66797/def2-svp.bas                    

 Atom      Charge                Coordinates (Bohr)
                           x             y             z
 H           1.0       -3.6148        3.9365        6.5103
 H           1.0        0.6124       -6.5176       -1.7693
 SI         14.0        1.5763       -4.1011       -2.8258
 H           1.0       -1.9732       -1.1755       -0.8730
 NA         11.0        5.1346        0.7709       -0.6033
 S          16.0        0.8002        2.0599       -3.5044
 H           1.0       -2.6317       -1.5045       -4.5596
 H           1.0       -4.4331        2.6758       -1.5102
 AL         13.0        2.4607        2.2089        3.9900
 H           1.0        3.7807       -3.3874       -1.1776
 C           6.0       -1.1754        2.5062        2.6249
 SI         14.0       -1.8890        2.0223       -0.5861
 CL         17.0        2.0882        3.1212        8.0274
 B           5.0       -0.9228       -1.2563       -3.0991
 B           5.0       -2.5275        3.2730        4.6981
 H           1.0        2.7144       -4.6323       -5.3422

 Atomic Basis Set
 ----------------
 The contracted primitive functions were unnormalized
 The contracted basis functions are now normalized to unity

  Shell Type  Primitive         Exponent  Contraction Coefficient

 H         

      1   S       1            13.0107010    0.033485484813
      1   S       2             1.9622572    0.234721870881
      1   S       3             0.4445380    0.813770285260

      2   S       4             0.1219496    1.000000000000

      3   P       5             0.8000000    1.000000000000

 H         

      4   S       6            13.0107010    0.033485484813
      4   S       7             1.9622572    0.234721870881
      4   S       8             0.4445380    0.813770285260

      5   S       9             0.1219496    1.000000000000

      6   P      10             0.8000000    1.000000000000

 SI        

      7   S      11          6903.7118686    0.005584465887
      7   S      12          1038.4346419    0.041742284436
      7   S      13           235.8758148    0.187528023742
      7   S      14            66.0693852    0.478678596587
      7   S      15            20.2479458    0.429256952162

      8   S      16            34.3534817    0.089834899465
      8   S      17             3.6370788   -0.545685958777
      8   S      18             1.4002049   -0.524810829267

      9   S      19             0.2048441    1.000000000000

     10   S      20             0.0779941    1.000000000000

     11   P      21           179.8390737    0.010133498379
     11   P      22            41.9072588    0.071029041096
     11   P      23            12.9552944    0.255839142169
     11   P      24             4.4383267    0.481498047149
     11   P      25             1.5462248    0.385211960064

     12   P      26             0.3560761    1.000000000000

     13   P      27             0.1000851    1.000000000000

     14   D      28             0.3500000    1.000000000000

 H         

     15   S      29            13.0107010    0.033485484813
     15   S      30             1.9622572    0.234721870881
     15   S      31             0.4445380    0.813770285260

     16   S      32             0.1219496    1.000000000000

     17   P      33             0.8000000    1.000000000000

 NA        

     18   S      34          4098.2003908   -0.005829734404
     18   S      35           616.4937403   -0.043469274339
     18   S      36           139.9664400   -0.193522713755
     18   S      37            39.0734411   -0.484866458138
     18   S      38            11.9298472   -0.417110128653

     19   S      39            20.6599660    0.085768706785
     19   S      40             1.9838861   -0.562404693737
     19   S      41             0.6483632   -0.518446102123

     20   S      42             0.0524440    1.000000000000

     21   S      43             0.0280482    1.000000000000

     22   P      44            75.4018620    0.015435362532
     22   P      45            17.2748190    0.099738293184
     22   P      46             5.1842347    0.312095939659
     22   P      47             1.6601212    0.492956748074
     22   P      48             0.5123253    0.324203983180

     23   P      49             0.0520000    1.000000000000

     24   D      50             0.1310000    1.000000000000

 S         

     25   S      51          9184.9303010   -0.005472946613
     25   S      52          1381.5105503   -0.040954402155
     25   S      53           313.8714758   -0.184758289562
     25   S      54            88.0538706   -0.475672806440
     25   S      55            27.0399149   -0.434951535842

     26   S      56            45.6487313   -0.091904045809
     26   S      57             4.9664522    0.556987772145
     26   S      58             2.0116242    0.511154682985

     27   S      59             0.3566108    1.000000000000

     28   S      60             0.1350722    1.000000000000

     29   P      61           261.9823344   -0.009183054659
     29   P      62            61.3068947   -0.065902226526
     29   P      63            19.1037299   -0.245877845187
     29   P      64             6.6567720   -0.482314710760
     29   P      65             2.3959635   -0.389563143514

     30   P      66             0.6177616    1.000000000000

     31   P      67             0.1699338    1.000000000000

     32   D      68             0.5500000    1.000000000000

 H         

     33   S      69            13.0107010    0.033485484813
     33   S      70             1.9622572    0.234721870881
     33   S      71             0.4445380    0.813770285260

     34   S      72             0.1219496    1.000000000000

     35   P      73             0.8000000    1.000000000000

 H         

     36   S      74            13.0107010    0.033485484813
     36   S      75             1.9622572    0.234721870881
     36   S      76             0.4445380    0.813770285260

     37   S      77             0.1219496    1.000000000000

     38   P      78             0.8000000    1.000000000000

 AL        

     39   S      79          5887.5727030    0.005651978962
     39   S      80           885.6122600    0.042218253427
     39   S      81           201.1360490    0.189187196726
     39   S      82            56.2849747    0.480435911881
     39   S      83            17.2295512    0.425872684294

     40   S      84            29.3402499    0.088568603239
     40   S      85             3.0439630   -0.543157066723
     40   S      86             1.1285540   -0.529385510294

     41   S      87             0.1423418    1.000000000000

     42   S      88             0.0544002    1.000000000000

     43   P      89           145.1191881    0.010726377859
     43   P      90            33.7178948    0.074103623546
     43   P      91            10.3698631    0.261296213060
     43   P      92             3.5135616    0.480201235327
     43   P      93             1.1980050    0.384382240624

     44   P      94             0.2658301    1.000000000000

     45   P      95             0.0710034    1.000000000000

     46   D      96             0.3000000    1.000000000000

 H         

     47   S      97            13.0107010    0.033485484813
     47   S      98             1.9622572    0.234721870881
     47   S      99             0.4445380    0.813770285260

     48   S     100             0.1219496    1.000000000000

     49   P     101             0.8000000    1.000000000000

 C         

     50   S     102          1238.4016938    0.005517365048
     50   S     103           186.2900499    0.041088828556
     50   S     104            42.2511763    0.182253821265
     50   S     105            11.6765579    0.468284594374
     50   S     106             3.5930506    0.445758173360

     51   S     107             0.4024515    1.000000000000

     52   S     108             0.1309018    1.000000000000

     53   P     109             9.4680971    0.056888332011
     53   P     110             2.0103545    0.312940593365
     53   P     111             0.5477100    0.760650165091

     54   P     112             0.1526861    1.000000000000

     55   D     113             0.8000000    1.000000000000

 SI        

     56   S     114          6903.7118686    0.005584465887
     56   S     115          1038.4346419    0.041742284436
     56   S     116           235.8758148    0.187528023742
     56   S     117            66.0693852    0.478678596587
     56   S     118            20.2479458    0.429256952162

     57   S     119            34.3534817    0.089834899465
     57   S     120             3.6370788   -0.545685958777
     57   S     121             1.4002049   -0.524810829267

     58   S     122             0.2048441    1.000000000000

     59   S     123             0.0779941    1.000000000000

     60   P     124           179.8390737    0.010133498379
     60   P     125            41.9072588    0.071029041096
     60   P     126            12.9552944    0.255839142169
     60   P     127             4.4383267    0.481498047149
     60   P     128             1.5462248    0.385211960064

     61   P     129             0.3560761    1.000000000000

     62   P     130             0.1000851    1.000000000000

     63   D     131             0.3500000    1.000000000000

 CL        

     64   S     132         10449.8275660    0.005426595379
     64   S     133          1571.7365221    0.040626378129
     64   S     134           357.1206552    0.183597478529
     64   S     135           100.2518594    0.474389487682
     64   S     136            30.8127276    0.437351811041

     65   S     137            51.9237894   -0.092754154848
     65   S     138             5.7045761    0.563808255442
     65   S     139             2.3508377    0.503670446297

     66   S     140             0.4460512    1.000000000000

     67   S     141             0.1684886    1.000000000000

     68   P     142           307.6679057   -0.008879702559
     68   P     143            72.1020155   -0.064284071721
     68   P     144            22.5326803   -0.242887397360
     68   P     145             7.8991765   -0.483408363699
     68   P     146             2.8767268   -0.389525638755

     69   P     147             0.7745936    1.000000000000

     70   P     148             0.2103770    1.000000000000

     71   D     149             0.6500000    1.000000000000

 B         

     72   S     150           839.3183009   -0.005628883598
     72   S     151           126.2646484   -0.041832794610
     72   S     152            28.6206008   -0.184174881258
     72   S     153             7.8793723   -0.468396550281
     72   S     154             2.4088857   -0.444579308833

     73   S     155             0.2510511    1.000000000000

     74   S     156             0.0836489    1.000000000000

     75   P     157             6.0332224   -0.054032500323
     75   P     158             1.2499158   -0.301940343932
     75   P     159             0.3387168   -0.771707916582

     76   P     160             0.0964156    1.000000000000

     77   D     161             0.5000000    1.000000000000

 B         

     78   S     162           839.3183009   -0.005628883598
     78   S     163           126.2646484   -0.041832794610
     78   S     164            28.6206008   -0.184174881258
     78   S     165             7.8793723   -0.468396550281
     78   S     166             2.4088857   -0.444579308833

     79   S     167             0.2510511    1.000000000000

     80   S     168             0.0836489    1.000000000000

     81   P     169             6.0332224   -0.054032500323
     81   P     170             1.2499158   -0.301940343932
     81   P     171             0.3387168   -0.771707916582

     82   P     172             0.0964156    1.000000000000

     83   D     173             0.5000000    1.000000000000

 H         

     84   S     174            13.0107010    0.033485484813
     84   S     175             1.9622572    0.234721870881
     84   S     176             0.4445380    0.813770285260

     85   S     177             0.1219496    1.000000000000

     86   P     178             0.8000000    1.000000000000

 Total Number of Basis Set Shells             =   86
 Total Number of Primitives                   =  178
 Number of Cartesian Gaussian Basis Functions =  191
 Number of Electrons                          =  108
 Charge of Molecule                           =    0
 Spin Multiplicity                            =    1
 Number of Occupied Orbitals (Alpha)          =   54
 Number of Occupied Orbitals (Beta )          =   54
 Total Number of Atoms                        =   16

 Input Run Options
 -----------------
 IRUNTYP = 1  MULT = 1  ICHARG =  0 IECP = 0  IEMOM = 1  UNITS = ANGS    

 Integral Options
 ----------------
 CUTOFF = 1.0E-09   ISCHWZ = 1   ERITYP = FULL

 Input NOF Options
 -----------------

 Type of calculation =    Coeff. Opt.:   (ICOEF)         1
 Use Softmax function for Occ. Opt.:     (ISOFTMAX)      1
 Type of Orb. Opt. = Orbital Rotations:  (IORBOPT)       4
 Maximum Number of Occ-Coef Outer Iter.: (MAXIT)      1000

 Natural Orbital Functional Selected:    (IPNOF)         7

 Restart calculation Option:             (RESTART)       T
 Orthogonalize the initial Orbitals:     (ORTHO)         T

 Output Option:                          (NPRINT)        0
 Output the Coefficient Matrix:          (IWRITEC)       0
 Do a Mulliken Population Analysis:      (IMULPOP)       0
 Write Information into a WFN file:      (IAIMPAC)       1
 Write Information into a FCHK file:     (IFCHK)         1
 Write Information into a MLP file:      (MOLDEN)        1
 Create Ini. Cond. (ini.xyz) file:       (INICOND)       1
 Calculate IPs using Ext. Koopmans Theo: (IEKT)          0
 Write APSG expansion coefficient file:  (APSG)          F
 Output option for Lagrange Multipliers: (PRINTLAG)      F
 Diagonalize matrix of Lag. Multipliers: (DIAGLAG)       F

 Nuclear Coordinates from GCF file:
 ----------------------------------

 Atom      Charge                Coordinates (Bohr)
                           x             y             z
 H        1.00000       -3.6148        3.9365        6.5103
 H        1.00000        0.6124       -6.5176       -1.7693
 SI      14.00000        1.5763       -4.1011       -2.8258
 H        1.00000       -1.9732       -1.1755       -0.8730
 NA      11.00000        5.1346        0.7709       -0.6033
 S       16.00000        0.8002        2.0599       -3.5044
 H        1.00000       -2.6317       -1.5045       -4.5596
 H        1.00000       -4.4331        2.6758       -1.5102
 AL      13.00000        2.4607        2.2089        3.9900
 H        1.00000        3.7807       -3.3874       -1.1776
 C        6.00000       -1.1754        2.5062        2.6249
 SI      14.00000       -1.8890        2.0223       -0.5861
 CL      17.00000        2.0882        3.1212        8.0274
 B        5.00000       -0.9228       -1.2563       -3.0991
 B        5.00000       -2.5275        3.2730        4.6981
 H        1.00000        2.7144       -4.6323       -5.3422

------------------------------------------------------------------------

 Orbital Space
 -------------

 Inactive Doubly occupied orbitals up to NO1  =    0
 No. considered Strongly Doubly occupied MOs  =   54
 No. considered Strongly Singly occupied MOs  =    0
 No. of Weakly occ. per St. Doubly occ.  MOs  =    2
 Dimension of the Active Nat. Orb. subspace   =  162
 Secondary Empty orbitals                     =   29

 1e- integrals
 -------------
 Time to do integrals =      0.01

 2e- integrals
 -------------
 DONTW option skips storage 2e- integrals on Unit 1
            85770993 2e- integrals in     1 records
 Time to do integrals =      7.10

 Distribution Full ERIs:

 Integrals:                          85770993
 Max size per slaves:                10721376
 Max size in master:                 96492369

 No violations of the orthonormality


  RESULTS OF OCCUPATION-COEFFICIENT OPTIMIZATION
 ================================================

  Ex It  Orb It    Electronic Energy     Total Energy   Energy Convergency    Max Mul-Lag Diff

    1      10     -2733.8084518982    -1929.6765635148     0.0000000000           0.024025
    2      30     -2733.8779452840    -1929.7460569006    -0.0694933858           0.001857
    3      30     -2733.9080344358    -1929.7761460524    -0.0300891518           0.002462
    4      30     -2733.9224986060    -1929.7906102226    -0.0144641702           0.002399
    5      30     -2733.9323661463    -1929.8004777629    -0.0098675403           0.002584
    6      30     -2733.9393676021    -1929.8074792187    -0.0070014558           0.002622
    7      30     -2733.9446672771    -1929.8127788937    -0.0052996750           0.002517
    8      30     -2733.9490477885    -1929.8171594051    -0.0043805115           0.002266
    9      30     -2733.9526902909    -1929.8208019075    -0.0036425024           0.001910
   10      30     -2733.9556619969    -1929.8237736135    -0.0029717060           0.001482
   11      30     -2733.9579687520    -1929.8260803686    -0.0023067551           0.001010
   12      30     -2733.9596165693    -1929.8277281859    -0.0016478174           0.001039
   13      30     -2733.9606636112    -1929.8287752278    -0.0010470419           0.000979
   14      30     -2733.9613134641    -1929.8294250808    -0.0006498530           0.000966
   15      30     -2733.9617180747    -1929.8298296913    -0.0004046106           0.000980
   16      30     -2733.9619831184    -1929.8300947351    -0.0002650437           0.001006
   17      30     -2733.9621827529    -1929.8302943695    -0.0001996345           0.001106
   18      30     -2733.9623318710    -1929.8304434876    -0.0001491181           0.000977
   19      30     -2733.9624570935    -1929.8305687102    -0.0001252225           0.001021
   20      30     -2733.9625483599    -1929.8306599766    -0.0000912664           0.001009
   21      30     -2733.9626128850    -1929.8307245016    -0.0000645251           0.000983
   22      30     -2733.9626637381    -1929.8307753547    -0.0000508531           0.000984
   23      30     -2733.9626909384    -1929.8308025550    -0.0000272003           0.000966
   24      40     -2733.9627167920    -1929.8308284087    -0.0000258537           0.000200
   25      50     -2733.9627261866    -1929.8308378032    -0.0000093946           0.000031


  RESULTS OF THE OCCUPATION OPTIMIZATION
 ========================================

   OM     Occupation      Elag Diag

    1      1.9999999    -98.6880459
    2      1.9999999    -97.9807292
    3      1.9999998    -64.1421113
    4      1.9999998    -60.5204863
    5      1.9999998    -58.3227996
    6      1.9999997    -53.5572755
    7      1.9999805     -7.9663932
    8      1.9999659     -8.3145155
    9      1.9999606     -6.8319027
   10      1.9999416     -9.0164559
   11      1.9999353     -7.1680012
   12      1.9999290     -9.0933682
   13      1.9999184     -7.4317817
   14      1.9999147     -4.4059051
   15      1.9998999     -3.8200538
   16      1.9998985     -7.4631229
   17      1.9998683     -4.7957891
   18      1.9998668     -4.8735362
   19      1.9998663     -4.8657133
   20      1.9998654     -4.8597040
   21      1.9998589     -4.9313597
   22      1.9998205     -4.9878263
   23      1.9998066     -1.9904544
   24      1.9998011     -3.6417776
   25      1.9997969     -2.4482680
   26      1.9997679     -1.9688396
   27      1.9997438     -1.8589856
   28      1.9997425     -3.7976815
   29      1.9997404     -3.8137905
   30      1.9997287    -11.1797982
   31      1.9996447     -2.8133765
   32      1.9996390     -7.6204405
   33      1.9996034     -7.6151827
   34      1.9869353     -0.6285054
   35      1.9860808     -0.6029710
   36      1.9854364     -0.6545757
   37      1.9849485     -0.6846142
   38      1.9846096     -0.5639652
   39      1.9815690     -0.7322298
   40      1.9784483     -0.6028393
   41      1.9758242     -0.6153354
   42      1.9751919     -0.6877299
   43      1.9747800     -0.5936440
   44      1.9726184     -0.5665048
   45      1.9709579     -0.5733954
   46      1.9708185     -0.5379258
   47      1.9705548     -0.5579326
   48      1.9702146     -0.5564472
   49      1.9682045     -0.6687746
   50      1.9634216     -0.5425718
   51      1.9564328     -0.5611353
   52      1.9564035     -0.5236382
   53      1.9037545     -0.3730927
   54      1.8807064     -0.2890517
   55      0.0154849     -0.0050765
   56      0.0901287     -0.0268019
   57      0.0375309     -0.0166585
   58      0.0058916     -0.0039598
   59      0.0272605     -0.0145552
   60      0.0180494     -0.0121667
   61      0.0076609     -0.0053897
   62      0.0075801     -0.0053438
   63      0.0228766     -0.0121056
   64      0.0081870     -0.0058531
   65      0.0201699     -0.0127180
   66      0.0187367     -0.0121770
   67      0.0189771     -0.0126365
   68      0.0178028     -0.0120634
   69      0.0149057     -0.0091305
   70      0.0122057     -0.0095450
   71      0.0058353     -0.0041783
   72      0.0093879     -0.0061716
   73      0.0066917     -0.0045472
   74      0.0085703     -0.0061827
   75      0.0049485     -0.0038985
   76      0.0000179     -0.0001593
   77      0.0003399     -0.0030747
   78      0.0003172     -0.0009626
   79      0.0000133     -0.0001669
   80      0.0000194     -0.0000855
   81      0.0002327     -0.0009888
   82      0.0001174     -0.0002539
   83      0.0001127     -0.0002487
   84      0.0000841     -0.0001996
   85      0.0001709     -0.0007239
   86      0.0000860     -0.0001930
   87      0.0001655     -0.0009114
   88      0.0001257     -0.0006829
   89      0.0001147     -0.0006223
   90      0.0000161     -0.0000881
   91      0.0001156     -0.0006260
   92      0.0001115     -0.0005935
   93      0.0000945     -0.0007535
   94      0.0000608     -0.0002256
   95      0.0000223     -0.0001088
   96      0.0000764     -0.0005935
   97      0.0000033     -0.0000285
   98      0.0000606     -0.0004393
   99      0.0000555     -0.0005263
  100      0.0000113     -0.0000681
  101      0.0000037     -0.0000306
  102      0.0000084     -0.0000577
  103      0.0000001     -0.0000061
  104      0.0000001     -0.0000056
  105      0.0000001     -0.0000050
  106      0.0000001     -0.0000047
  107      0.0000000     -0.0000032
  108      0.0000000     -0.0000029
  109      0.1038087     -0.0241694
  110      0.0061169     -0.0032210
  111      0.0060656     -0.0036757
  112      0.0376756     -0.0180199
  113      0.0093180     -0.0057732
  114      0.0137461     -0.0101504
  115      0.0221245     -0.0133799
  116      0.0218650     -0.0132785
  117      0.0063049     -0.0041512
  118      0.0208551     -0.0129187
  119      0.0072117     -0.0054362
  120      0.0064833     -0.0049130
  121      0.0058310     -0.0046527
  122      0.0063730     -0.0051564
  123      0.0066460     -0.0046550
  124      0.0062253     -0.0052946
  125      0.0095551     -0.0066000
  126      0.0056636     -0.0040121
  127      0.0078719     -0.0054256
  128      0.0053489     -0.0040577
  129      0.0081163     -0.0060604
  130      0.0003788     -0.0033853
  131      0.0000211     -0.0001881
  132      0.0000380     -0.0001386
  133      0.0002580     -0.0033761
  134      0.0002402     -0.0010251
  135      0.0000249     -0.0001160
  136      0.0001389     -0.0002982
  137      0.0001195     -0.0002734
  138      0.0001190     -0.0002690
  139      0.0000280     -0.0001189
  140      0.0001074     -0.0002414
  141      0.0000140     -0.0000790
  142      0.0000154     -0.0000872
  143      0.0000199     -0.0000987
  144      0.0001176     -0.0006359
  145      0.0000176     -0.0000936
  146      0.0000202     -0.0001075
  147      0.0000070     -0.0000538
  148      0.0000393     -0.0001403
  149      0.0000630     -0.0002943
  150      0.0000053     -0.0000424
  151      0.0000677     -0.0006681
  152      0.0000041     -0.0000323
  153      0.0000029     -0.0000268
  154      0.0000281     -0.0001986
  155      0.0000305     -0.0002448
  156      0.0000111     -0.0000797
  157      0.0000001     -0.0000060
  158      0.0000001     -0.0000053
  159      0.0000001     -0.0000051
  160      0.0000001     -0.0000043
  161      0.0000000     -0.0000029
  162      0.0000000     -0.0000027

   RO Sum ( 108) =  108.00

  ---------------
   Dipole Moment
  ---------------

      4.5808 Debye [   1.8022  (   0.6062,  -0.2582,  -1.6775) ]

 ----------------
  Final Energies  
 ----------------

  Final NOF Total Energy =    -1929.8308378032 ( 3.E-05 , 0.E+00 )


  **************************************************
  *                                                *
  *       SINGLE-POINT DoNOF CALCULATION           *
  *                                                *
  *             FULL OPTIMIZATION                  *
  *                                                *
  *  FINAL RESULTS   FINAL RESULTS  FINAL RESULTS  *
  *                                                *
  **************************************************

  **************************************************
  *         No. EXTERNAL ITER =    25              *
  *         No. of TOTAL ITER =   760              *
  **************************************************

  Elapsed real time :  23291.07  (Seconds)
  Git sha : bcb372acca69df19ae91719c988dea244a3c3d1c                                                            

 The execution finished at 16h 25min on the 12/ 5/2024
