 This is the serial version of the code

 The execution started at  9h 41min on the 11/28/2024

    ===========================================================
    !                                                         !
    !                        Do N O F                         !
    !                                                         !
    !  (Donostia Natural Orbital Functional Software Program) !
    !                                                         !
    !               COPYRIGHT by Mario Piris                  !
    !                                                         !
    !      Donostia International Physics Center (DIPC)       !
    !       University of the Basque Country (UPV/EHU)        !
    !       Basque Foundation for Science (IKERBASQUE)        !
    !                                                         !
    !          GNU General Public License version 3           !
    !                                                         !
    !                  VERSION: Mayo 2024                     !
    !                                                         !
    ===========================================================

 Run Title
 ---------
 p30-5 set                                                                       

 Basis Set
 ---------
 /home/ion/p30-10/pnof7/def2-svp.bas                                             

 Atom      Charge                Coordinates (Bohr)
                           x             y             z
 LI          3.0        3.4438       -3.4438        3.4438
 LI          3.0       -3.4438        3.4438        3.4438
 LI          3.0        3.4438        3.4438       -3.4438
 LI          3.0       -3.4438       -3.4438       -3.4438
 LI          3.0        1.9683        1.9683        1.9683
 LI          3.0       -1.9683        1.9683       -1.9683
 LI          3.0       -1.9683       -1.9683        1.9683
 LI          3.0        1.9683       -1.9683       -1.9683

 Atomic Basis Set
 ----------------
 The contracted primitive functions were unnormalized
 The contracted basis functions are now normalized to unity

  Shell Type  Primitive         Exponent  Contraction Coefficient

 LI        
 
      1   S       1           266.2778552    0.006354286535
      1   S       2            40.0697834    0.046734889363
      1   S       3             9.0559944    0.198387923560
      1   S       4             2.4503009    0.475753833454
      1   S       5             0.7220957    0.427014289368
 
      2   S       6             0.0528109    1.000000000000
 
      3   S       7             0.0209609    1.000000000000
 
      4   P       8             1.4500000    0.224912327222
      4   P       9             0.3000000    0.869730577039
 
      5   P      10             0.0820000    1.000000000000

 LI        
 
      6   S      11           266.2778552    0.006354286535
      6   S      12            40.0697834    0.046734889363
      6   S      13             9.0559944    0.198387923560
      6   S      14             2.4503009    0.475753833454
      6   S      15             0.7220957    0.427014289368
 
      7   S      16             0.0528109    1.000000000000
 
      8   S      17             0.0209609    1.000000000000
 
      9   P      18             1.4500000    0.224912327222
      9   P      19             0.3000000    0.869730577039
 
     10   P      20             0.0820000    1.000000000000

 LI        
 
     11   S      21           266.2778552    0.006354286535
     11   S      22            40.0697834    0.046734889363
     11   S      23             9.0559944    0.198387923560
     11   S      24             2.4503009    0.475753833454
     11   S      25             0.7220957    0.427014289368
 
     12   S      26             0.0528109    1.000000000000
 
     13   S      27             0.0209609    1.000000000000
 
     14   P      28             1.4500000    0.224912327222
     14   P      29             0.3000000    0.869730577039
 
     15   P      30             0.0820000    1.000000000000

 LI        
 
     16   S      31           266.2778552    0.006354286535
     16   S      32            40.0697834    0.046734889363
     16   S      33             9.0559944    0.198387923560
     16   S      34             2.4503009    0.475753833454
     16   S      35             0.7220957    0.427014289368
 
     17   S      36             0.0528109    1.000000000000
 
     18   S      37             0.0209609    1.000000000000
 
     19   P      38             1.4500000    0.224912327222
     19   P      39             0.3000000    0.869730577039
 
     20   P      40             0.0820000    1.000000000000

 LI        
 
     21   S      41           266.2778552    0.006354286535
     21   S      42            40.0697834    0.046734889363
     21   S      43             9.0559944    0.198387923560
     21   S      44             2.4503009    0.475753833454
     21   S      45             0.7220957    0.427014289368
 
     22   S      46             0.0528109    1.000000000000
 
     23   S      47             0.0209609    1.000000000000
 
     24   P      48             1.4500000    0.224912327222
     24   P      49             0.3000000    0.869730577039
 
     25   P      50             0.0820000    1.000000000000

 LI        
 
     26   S      51           266.2778552    0.006354286535
     26   S      52            40.0697834    0.046734889363
     26   S      53             9.0559944    0.198387923560
     26   S      54             2.4503009    0.475753833454
     26   S      55             0.7220957    0.427014289368
 
     27   S      56             0.0528109    1.000000000000
 
     28   S      57             0.0209609    1.000000000000
 
     29   P      58             1.4500000    0.224912327222
     29   P      59             0.3000000    0.869730577039
 
     30   P      60             0.0820000    1.000000000000

 LI        
 
     31   S      61           266.2778552    0.006354286535
     31   S      62            40.0697834    0.046734889363
     31   S      63             9.0559944    0.198387923560
     31   S      64             2.4503009    0.475753833454
     31   S      65             0.7220957    0.427014289368
 
     32   S      66             0.0528109    1.000000000000
 
     33   S      67             0.0209609    1.000000000000
 
     34   P      68             1.4500000    0.224912327222
     34   P      69             0.3000000    0.869730577039
 
     35   P      70             0.0820000    1.000000000000

 LI        
 
     36   S      71           266.2778552    0.006354286535
     36   S      72            40.0697834    0.046734889363
     36   S      73             9.0559944    0.198387923560
     36   S      74             2.4503009    0.475753833454
     36   S      75             0.7220957    0.427014289368
 
     37   S      76             0.0528109    1.000000000000
 
     38   S      77             0.0209609    1.000000000000
 
     39   P      78             1.4500000    0.224912327222
     39   P      79             0.3000000    0.869730577039
 
     40   P      80             0.0820000    1.000000000000

 Total Number of Basis Set Shells             =   40
 Total Number of Primitives                   =   80
 Number of Cartesian Gaussian Basis Functions =   72
 Number of Electrons                          =   24
 Charge of Molecule                           =    0
 Spin Multiplicity                            =    1
 Number of Occupied Orbitals (Alpha)          =   12
 Number of Occupied Orbitals (Beta )          =   12
 Total Number of Atoms                        =    8

 Input Run Options
 -----------------
 IRUNTYP = 1  MULT = 1  ICHARG =  0 IECP = 0  IEMOM = 1  UNITS = ANGS    

 Integral Options
 ----------------
 CUTOFF = 1.0E-09   ISCHWZ = 1   ERITYP = FULL

 Input NOF Options
 -----------------

 Type of calculation =    Coeff. Opt.:   (ICOEF)         1
 Use Softmax function for Occ. Opt.:     (ISOFTMAX)      1
 Type of Orb. Opt. = Orbital Rotations:  (IORBOPT)       4
 Maximum Number of Occ-Coef Outer Iter.: (MAXIT)      1000

 Natural Orbital Functional Selected:    (IPNOF)         7
 
 Restart calculation Option:             (RESTART)       T
 Orthogonalize the initial Orbitals:     (ORTHO)         T

 Output Option:                          (NPRINT)        0
 Output the Coefficient Matrix:          (IWRITEC)       0
 Do a Mulliken Population Analysis:      (IMULPOP)       0
 Write Information into a WFN file:      (IAIMPAC)       1
 Write Information into a FCHK file:     (IFCHK)         1
 Write Information into a MLP file:      (MOLDEN)        1
 Create Ini. Cond. (ini.xyz) file:       (INICOND)       1
 Calculate IPs using Ext. Koopmans Theo: (IEKT)          0
 Write APSG expansion coefficient file:  (APSG)          F
 Output option for Lagrange Multipliers: (PRINTLAG)      F
 Diagonalize matrix of Lag. Multipliers: (DIAGLAG)       F

 Nuclear Coordinates from GCF file:
 ----------------------------------

 Atom      Charge                Coordinates (Bohr)
                           x             y             z
 LI       3.00000        3.4438       -3.4438        3.4438
 LI       3.00000       -3.4438        3.4438        3.4438
 LI       3.00000        3.4438        3.4438       -3.4438
 LI       3.00000       -3.4438       -3.4438       -3.4438
 LI       3.00000        1.9683        1.9683        1.9683
 LI       3.00000       -1.9683        1.9683       -1.9683
 LI       3.00000       -1.9683       -1.9683        1.9683
 LI       3.00000        1.9683       -1.9683       -1.9683

------------------------------------------------------------------------

 Orbital Space
 -------------

 Inactive Doubly occupied orbitals up to NO1  =    0
 No. considered Strongly Doubly occupied MOs  =   12
 No. considered Strongly Singly occupied MOs  =    0
 No. of Weakly occ. per St. Doubly occ.  MOs  =    5
 Dimension of the Active Nat. Orb. subspace   =   72
 Secondary Empty orbitals                     =    0

 1e- integrals
 -------------
 Time to do integrals =      0.00

 2e- integrals
 -------------
 DONTW option skips storage 2e- integrals on Unit 1
             3163131 2e- integrals in     1 records
 Time to do integrals =      0.59

 No violations of the orthonormality


  RESULTS OF OCCUPATION-COEFFICIENT OPTIMIZATION
 ================================================

  Ex It  Occ Time  Orb Time  Orb It   Electronic Energy     Total Energy   Energy Convergency    Max Mul-Lag Diff

    1    5.2E+00   2.0E+01      10     -97.2125129748      -59.5089950832    -0.0004281275           0.007826
    2    5.1E+00   2.0E+01      10     -97.2275901208      -59.5240722292    -0.0150771460           0.006450
    3    5.7E+00   2.1E+01      10     -97.2780165446      -59.5744986530    -0.0504264237           0.007418
    4    5.3E+00   2.0E+01      10     -97.3187959086      -59.6152780170    -0.0407793640           0.005370
    5    5.3E+00   2.0E+01      10     -97.3414661709      -59.6379482793    -0.0226702623           0.004562
    6    5.3E+00   2.0E+01      10     -97.3549984293      -59.6514805377    -0.0135322584           0.003635
    7    5.3E+00   2.0E+01      10     -97.3624568428      -59.6589389511    -0.0074584135           0.004256
    8    5.2E+00   2.0E+01      10     -97.3662876478      -59.6627697562    -0.0038308050           0.003560
    9    5.1E+00   2.0E+01      10     -97.3680399802      -59.6645220886    -0.0017523325           0.003801
   10    5.2E+00   2.0E+01      10     -97.3687203501      -59.6652024585    -0.0006803699           0.003330
   11    5.2E+00   2.0E+01      10     -97.3691687922      -59.6656509006    -0.0004484421           0.003601
   12    5.1E+00   2.0E+01      10     -97.3695910517      -59.6660731601    -0.0004222595           0.003904
   13    5.1E+00   2.0E+01      10     -97.3698790843      -59.6663611927    -0.0002880326           0.003878
   14    5.4E+00   2.1E+01      10     -97.3701710643      -59.6666531727    -0.0002919800           0.003499
   15    5.6E+00   2.2E+01      10     -97.3701888201      -59.6666709285    -0.0000177558           0.004193
   16    5.5E+00   2.1E+01      10     -97.3703179897      -59.6668000981    -0.0001291696           0.003772
   17    5.5E+00   2.1E+01      10     -97.3703054269      -59.6667875353     0.0000125628           0.003285
   18    5.4E+00   3.8E+01      20     -97.3713043167      -59.6677864251    -0.0009988897           0.000159
   19    5.4E+00   5.8E+01      30     -97.3713116464      -59.6677937548    -0.0000073298           0.000029


  RESULTS OF THE OCCUPATION OPTIMIZATION
 ========================================

   OM     Occupation      Elag Diag

    1      1.9988148     -2.4457370
    2      1.9988039     -2.4493836
    3      1.9988016     -2.4549814
    4      1.9987947     -2.4513526
    5      1.9987265     -2.4293452
    6      1.9986587     -2.4274018
    7      1.9986557     -2.4280132
    8      1.9984764     -2.4286235
    9      1.6556698     -0.2600496
   10      1.4707980     -0.1642019
   11      1.4463421     -0.1614701
   12      1.4255948     -0.1622926
   13      0.0070828     -0.0016674
   14      0.0957487     -0.0132893
   15      0.1009130     -0.0138103
   16      0.2425418     -0.0390406
   17      0.0003984     -0.0011311
   18      0.0004486     -0.0012429
   19      0.0004259     -0.0011889
   20      0.0004085     -0.0011472
   21      0.0000061     -0.0000182
   22      0.0003613     -0.0010160
   23      0.0000892     -0.0002739
   24      0.0000072     -0.0000213
   25      0.2199288     -0.0293861
   26      0.0091433     -0.0019541
   27      0.0312842     -0.0050806
   28      0.0437021     -0.0092572
   29      0.0003982     -0.0011316
   30      0.0000501     -0.0001526
   31      0.0004444     -0.0012320
   32      0.0004263     -0.0011915
   33      0.0003683     -0.0010328
   34      0.0000916     -0.0002776
   35      0.0003760     -0.0010538
   36      0.0003669     -0.0010261
   37      0.2623800     -0.0342620
   38      0.2355847     -0.0300314
   39      0.0701972     -0.0106879
   40      0.0098513     -0.0025420
   41      0.0004137     -0.0011670
   42      0.0004211     -0.0011758
   43      0.0000029     -0.0000102
   44      0.0004222     -0.0011799
   45      0.0003693     -0.0010400
   46      0.0003735     -0.0010496
   47      0.0003658     -0.0010286
   48      0.0003713     -0.0010389
   49      0.0759442     -0.0114545
   50      0.2054974     -0.0263545
   51      0.3169291     -0.0380223
   52      0.0393306     -0.0083211
   53      0.0000477     -0.0001475
   54      0.0004219     -0.0011800
   55      0.0004163     -0.0011648
   56      0.0000025     -0.0000079
   57      0.0000795     -0.0002435
   58      0.0003662     -0.0010316
   59      0.0003622     -0.0010152
   60      0.0000666     -0.0002066
   61      0.0090694     -0.0019964
   62      0.0076837     -0.0017191
   63      0.0098786     -0.0020830
   64      0.0089043     -0.0023368
   65      0.0002657     -0.0007801
   66      0.0000026     -0.0000081
   67      0.0000519     -0.0001578
   68      0.0000140     -0.0000398
   69      0.0003821     -0.0010654
   70      0.0000057     -0.0000161
   71      0.0000029     -0.0000092
   72      0.0003732     -0.0010509

   RO Sum (  24) =   24.00

  ---------------
   Dipole Moment
  ---------------

      0.8459 Debye [   0.3328  (  -0.1972,   0.2675,   0.0174) ]

 ----------------
  Final Energies  
 ----------------

  Final NOF Total Energy =      -59.6677937548 ( 3.E-05 , 0.E+00 )


  **************************************************
  *                                                *
  *       SINGLE-POINT DoNOF CALCULATION           *
  *                                                *
  *             FULL OPTIMIZATION                  *
  *                                                *
  *  FINAL RESULTS   FINAL RESULTS  FINAL RESULTS  *
  *                                                *
  **************************************************

  **************************************************
  *         No. EXTERNAL ITER =    19              *
  *         No. of TOTAL ITER =   220              *
  **************************************************

  Elapsed real time :    545.96  (Seconds)

 The execution finished at  9h 50min on the 11/28/2024
