 This is the parallel version of the code
 This is the parallel version of the code
 This is the parallel version of the code
 This is the parallel version of the code
 This is the parallel version of the code
 This is the parallel version of the code
 This is the parallel version of the code
 This is the parallel version of the code
Master:    0

 The execution started at 18h 41min on the 11/27/2024

    ===========================================================
    !                                                         !
    !                        Do N O F                         !
    !                                                         !
    !  (Donostia Natural Orbital Functional Software Program) !
    !                                                         !
    !               COPYRIGHT by Mario Piris                  !
    !                                                         !
    !      Donostia International Physics Center (DIPC)       !
    !       University of the Basque Country (UPV/EHU)        !
    !       Basque Foundation for Science (IKERBASQUE)        !
    !                                                         !
    !          GNU General Public License version 3           !
    !                                                         !
    !                  VERSION: Mayo 2024                     !
    !                                                         !
    ===========================================================

 Run Title
 ---------
 p30-5 set                                                                       

 Basis Set
 ---------
 /beegfs_agamede/gscratch/povmieci/SCRATCH/65882/def2-svp.bas                    

 Atom      Charge                Coordinates (Bohr)
                           x             y             z
 NA         11.0        3.9237        3.9237       -3.9237
 NA         11.0        2.3945       -2.3945       -2.3945
 NA         11.0       -3.9237       -3.9237       -3.9237
 NA         11.0        3.9237       -3.9237        3.9237
 NA         11.0        2.3945        2.3945        2.3945
 NA         11.0       -3.9237        3.9237        3.9237
 NA         11.0       -2.3945       -2.3945        2.3945
 NA         11.0       -2.3945        2.3945       -2.3945

 Atomic Basis Set
 ----------------
 The contracted primitive functions were unnormalized
 The contracted basis functions are now normalized to unity

  Shell Type  Primitive         Exponent  Contraction Coefficient

 NA        

      1   S       1          4098.2003908   -0.005829734404
      1   S       2           616.4937403   -0.043469274339
      1   S       3           139.9664400   -0.193522713755
      1   S       4            39.0734411   -0.484866458138
      1   S       5            11.9298472   -0.417110128653

      2   S       6            20.6599660    0.085768706785
      2   S       7             1.9838861   -0.562404693737
      2   S       8             0.6483632   -0.518446102123

      3   S       9             0.0524440    1.000000000000

      4   S      10             0.0280482    1.000000000000

      5   P      11            75.4018620    0.015435362532
      5   P      12            17.2748190    0.099738293184
      5   P      13             5.1842347    0.312095939659
      5   P      14             1.6601212    0.492956748074
      5   P      15             0.5123253    0.324203983180

      6   P      16             0.0520000    1.000000000000

      7   D      17             0.1310000    1.000000000000

 NA        

      8   S      18          4098.2003908   -0.005829734404
      8   S      19           616.4937403   -0.043469274339
      8   S      20           139.9664400   -0.193522713755
      8   S      21            39.0734411   -0.484866458138
      8   S      22            11.9298472   -0.417110128653

      9   S      23            20.6599660    0.085768706785
      9   S      24             1.9838861   -0.562404693737
      9   S      25             0.6483632   -0.518446102123

     10   S      26             0.0524440    1.000000000000

     11   S      27             0.0280482    1.000000000000

     12   P      28            75.4018620    0.015435362532
     12   P      29            17.2748190    0.099738293184
     12   P      30             5.1842347    0.312095939659
     12   P      31             1.6601212    0.492956748074
     12   P      32             0.5123253    0.324203983180

     13   P      33             0.0520000    1.000000000000

     14   D      34             0.1310000    1.000000000000

 NA        

     15   S      35          4098.2003908   -0.005829734404
     15   S      36           616.4937403   -0.043469274339
     15   S      37           139.9664400   -0.193522713755
     15   S      38            39.0734411   -0.484866458138
     15   S      39            11.9298472   -0.417110128653

     16   S      40            20.6599660    0.085768706785
     16   S      41             1.9838861   -0.562404693737
     16   S      42             0.6483632   -0.518446102123

     17   S      43             0.0524440    1.000000000000

     18   S      44             0.0280482    1.000000000000

     19   P      45            75.4018620    0.015435362532
     19   P      46            17.2748190    0.099738293184
     19   P      47             5.1842347    0.312095939659
     19   P      48             1.6601212    0.492956748074
     19   P      49             0.5123253    0.324203983180

     20   P      50             0.0520000    1.000000000000

     21   D      51             0.1310000    1.000000000000

 NA        

     22   S      52          4098.2003908   -0.005829734404
     22   S      53           616.4937403   -0.043469274339
     22   S      54           139.9664400   -0.193522713755
     22   S      55            39.0734411   -0.484866458138
     22   S      56            11.9298472   -0.417110128653

     23   S      57            20.6599660    0.085768706785
     23   S      58             1.9838861   -0.562404693737
     23   S      59             0.6483632   -0.518446102123

     24   S      60             0.0524440    1.000000000000

     25   S      61             0.0280482    1.000000000000

     26   P      62            75.4018620    0.015435362532
     26   P      63            17.2748190    0.099738293184
     26   P      64             5.1842347    0.312095939659
     26   P      65             1.6601212    0.492956748074
     26   P      66             0.5123253    0.324203983180

     27   P      67             0.0520000    1.000000000000

     28   D      68             0.1310000    1.000000000000

 NA        

     29   S      69          4098.2003908   -0.005829734404
     29   S      70           616.4937403   -0.043469274339
     29   S      71           139.9664400   -0.193522713755
     29   S      72            39.0734411   -0.484866458138
     29   S      73            11.9298472   -0.417110128653

     30   S      74            20.6599660    0.085768706785
     30   S      75             1.9838861   -0.562404693737
     30   S      76             0.6483632   -0.518446102123

     31   S      77             0.0524440    1.000000000000

     32   S      78             0.0280482    1.000000000000

     33   P      79            75.4018620    0.015435362532
     33   P      80            17.2748190    0.099738293184
     33   P      81             5.1842347    0.312095939659
     33   P      82             1.6601212    0.492956748074
     33   P      83             0.5123253    0.324203983180

     34   P      84             0.0520000    1.000000000000

     35   D      85             0.1310000    1.000000000000

 NA        

     36   S      86          4098.2003908   -0.005829734404
     36   S      87           616.4937403   -0.043469274339
     36   S      88           139.9664400   -0.193522713755
     36   S      89            39.0734411   -0.484866458138
     36   S      90            11.9298472   -0.417110128653

     37   S      91            20.6599660    0.085768706785
     37   S      92             1.9838861   -0.562404693737
     37   S      93             0.6483632   -0.518446102123

     38   S      94             0.0524440    1.000000000000

     39   S      95             0.0280482    1.000000000000

     40   P      96            75.4018620    0.015435362532
     40   P      97            17.2748190    0.099738293184
     40   P      98             5.1842347    0.312095939659
     40   P      99             1.6601212    0.492956748074
     40   P     100             0.5123253    0.324203983180

     41   P     101             0.0520000    1.000000000000

     42   D     102             0.1310000    1.000000000000

 NA        

     43   S     103          4098.2003908   -0.005829734404
     43   S     104           616.4937403   -0.043469274339
     43   S     105           139.9664400   -0.193522713755
     43   S     106            39.0734411   -0.484866458138
     43   S     107            11.9298472   -0.417110128653

     44   S     108            20.6599660    0.085768706785
     44   S     109             1.9838861   -0.562404693737
     44   S     110             0.6483632   -0.518446102123

     45   S     111             0.0524440    1.000000000000

     46   S     112             0.0280482    1.000000000000

     47   P     113            75.4018620    0.015435362532
     47   P     114            17.2748190    0.099738293184
     47   P     115             5.1842347    0.312095939659
     47   P     116             1.6601212    0.492956748074
     47   P     117             0.5123253    0.324203983180

     48   P     118             0.0520000    1.000000000000

     49   D     119             0.1310000    1.000000000000

 NA        

     50   S     120          4098.2003908   -0.005829734404
     50   S     121           616.4937403   -0.043469274339
     50   S     122           139.9664400   -0.193522713755
     50   S     123            39.0734411   -0.484866458138
     50   S     124            11.9298472   -0.417110128653

     51   S     125            20.6599660    0.085768706785
     51   S     126             1.9838861   -0.562404693737
     51   S     127             0.6483632   -0.518446102123

     52   S     128             0.0524440    1.000000000000

     53   S     129             0.0280482    1.000000000000

     54   P     130            75.4018620    0.015435362532
     54   P     131            17.2748190    0.099738293184
     54   P     132             5.1842347    0.312095939659
     54   P     133             1.6601212    0.492956748074
     54   P     134             0.5123253    0.324203983180

     55   P     135             0.0520000    1.000000000000

     56   D     136             0.1310000    1.000000000000

 Total Number of Basis Set Shells             =   56
 Total Number of Primitives                   =  136
 Number of Cartesian Gaussian Basis Functions =  128
 Number of Electrons                          =   88
 Charge of Molecule                           =    0
 Spin Multiplicity                            =    1
 Number of Occupied Orbitals (Alpha)          =   44
 Number of Occupied Orbitals (Beta )          =   44
 Total Number of Atoms                        =    8

 Input Run Options
 -----------------
 IRUNTYP = 1  MULT = 1  ICHARG =  0 IECP = 0  IEMOM = 1  UNITS = ANGS    

 Integral Options
 ----------------
 CUTOFF = 1.0E-09   ISCHWZ = 1   ERITYP = FULL

 Input NOF Options
 -----------------

 Type of calculation =    Coeff. Opt.:   (ICOEF)         1
 Use Softmax function for Occ. Opt.:     (ISOFTMAX)      1
 Type of Orb. Opt. = Orbital Rotations:  (IORBOPT)       4
 Maximum Number of Occ-Coef Outer Iter.: (MAXIT)      1000

 Natural Orbital Functional Selected:    (IPNOF)         7

 Restart calculation Option:             (RESTART)       T
 Orthogonalize the initial Orbitals:     (ORTHO)         T

 Output Option:                          (NPRINT)        0
 Output the Coefficient Matrix:          (IWRITEC)       0
 Do a Mulliken Population Analysis:      (IMULPOP)       0
 Write Information into a WFN file:      (IAIMPAC)       1
 Write Information into a FCHK file:     (IFCHK)         1
 Write Information into a MLP file:      (MOLDEN)        1
 Create Ini. Cond. (ini.xyz) file:       (INICOND)       1
 Calculate IPs using Ext. Koopmans Theo: (IEKT)          0
 Write APSG expansion coefficient file:  (APSG)          F
 Output option for Lagrange Multipliers: (PRINTLAG)      F
 Diagonalize matrix of Lag. Multipliers: (DIAGLAG)       F

 Nuclear Coordinates from GCF file:
 ----------------------------------

 Atom      Charge                Coordinates (Bohr)
                           x             y             z
 NA      11.00000        3.9237        3.9237       -3.9237
 NA      11.00000        2.3945       -2.3945       -2.3945
 NA      11.00000       -3.9237       -3.9237       -3.9237
 NA      11.00000        3.9237       -3.9237        3.9237
 NA      11.00000        2.3945        2.3945        2.3945
 NA      11.00000       -3.9237        3.9237        3.9237
 NA      11.00000       -2.3945       -2.3945        2.3945
 NA      11.00000       -2.3945        2.3945       -2.3945

------------------------------------------------------------------------

 Orbital Space
 -------------

 Inactive Doubly occupied orbitals up to NO1  =    0
 No. considered Strongly Doubly occupied MOs  =   44
 No. considered Strongly Singly occupied MOs  =    0
 No. of Weakly occ. per St. Doubly occ.  MOs  =    1
 Dimension of the Active Nat. Orb. subspace   =   88
 Secondary Empty orbitals                     =   40

 1e- integrals
 -------------
 Time to do integrals =      0.00

 2e- integrals
 -------------
 DONTW option skips storage 2e- integrals on Unit 1
            27405824 2e- integrals in     1 records
 Time to do integrals =      2.90

 Distribution Full ERIs:

 Integrals:                          27405824
 Max size per slaves:                 3425730
 Max size in master:                 30831554

 No violations of the orthonormality


  RESULTS OF OCCUPATION-COEFFICIENT OPTIMIZATION
 ================================================

  Ex It  Orb It    Electronic Energy     Total Energy   Energy Convergency    Max Mul-Lag Diff

    1      10     -1728.6814440723    -1294.4067004403     0.0000000000           0.022132
    2      30     -1728.6884640202    -1294.4137203881    -0.0070199479           0.000685
    3      30     -1728.6955951943    -1294.4208515622    -0.0071311740           0.000708
    4      30     -1728.7057380499    -1294.4309944178    -0.0101428556           0.001849
    5      30     -1728.7155680217    -1294.4408243896    -0.0098299718           0.001908
    6      30     -1728.7230744103    -1294.4483307782    -0.0075063886           0.002102
    7      30     -1728.7281049025    -1294.4533612704    -0.0050304922           0.001883
    8      30     -1728.7314947659    -1294.4567511338    -0.0033898634           0.001350
    9      30     -1728.7336794880    -1294.4589358560    -0.0021847221           0.000955
   10      30     -1728.7354979940    -1294.4607543620    -0.0018185060           0.000701
   11      30     -1728.7370064101    -1294.4622627780    -0.0015084161           0.000633
   12      30     -1728.7377933400    -1294.4630497079    -0.0007869299           0.000570
   13      30     -1728.7385760175    -1294.4638323854    -0.0007826775           0.000572
   14      30     -1728.7394851979    -1294.4647415658    -0.0009091803           0.000593
   15      30     -1728.7402285544    -1294.4654849223    -0.0007433565           0.000487
   16      30     -1728.7407944672    -1294.4660508351    -0.0005659128           0.000390
   17      30     -1728.7413009546    -1294.4665573225    -0.0005064874           0.000372
   18      30     -1728.7419228815    -1294.4671792495    -0.0006219270           0.000513
   19      30     -1728.7426039413    -1294.4678603092    -0.0006810597           0.000492
   20      30     -1728.7431988054    -1294.4684551734    -0.0005948642           0.000537
   21      30     -1728.7436346837    -1294.4688910516    -0.0004358782           0.000562
   22      30     -1728.7439338842    -1294.4691902521    -0.0002992005           0.000495
   23      30     -1728.7441212138    -1294.4693775818    -0.0001873297           0.000396
   24      30     -1728.7442324087    -1294.4694887766    -0.0001111948           0.000363
   25      30     -1728.7443007997    -1294.4695571676    -0.0000683910           0.000361
   26      30     -1728.7443388723    -1294.4695952403    -0.0000380727           0.000357
   27      30     -1728.7443613121    -1294.4696176800    -0.0000224397           0.000360
   28      40     -1728.7443815970    -1294.4696379650    -0.0000202850           0.000073
   29      40     -1728.7443823619    -1294.4696387299    -0.0000007649           0.000073


  RESULTS OF THE OCCUPATION OPTIMIZATION
 ========================================

   OM     Occupation      Elag Diag

    1      2.0000000    -40.4613888
    2      1.9999999    -40.4614279
    3      1.9999999    -40.4612153
    4      1.9999999    -40.4612816
    5      1.9999999    -40.4612213
    6      1.9999999    -40.4612048
    7      1.9999999    -40.4611597
    8      1.9999999    -40.4611108
    9      1.9997455     -1.5062202
   10      1.9997445     -1.5061672
   11      1.9997403     -1.5059914
   12      1.9997232     -1.5061385
   13      1.9997206     -1.5067858
   14      1.9997142     -2.1294061
   15      1.9997140     -2.1664410
   16      1.9997112     -2.1909762
   17      1.9997063     -2.1750783
   18      1.9997055     -1.5069831
   19      1.9997036     -2.2024277
   20      1.9997009     -1.5060389
   21      1.9996984     -2.1241280
   22      1.9996945     -2.1474121
   23      1.9996938     -2.1389665
   24      1.9996936     -1.5056093
   25      1.9996801     -2.0897769
   26      1.9996796     -1.5061614
   27      1.9996611     -2.1043887
   28      1.9996570     -2.1219426
   29      1.9996519     -2.1274062
   30      1.9996304     -1.5055044
   31      1.9996265     -1.5054582
   32      1.9996261     -2.1392849
   33      1.9996229     -2.1589295
   34      1.9996227     -2.1498076
   35      1.9996178     -2.1449748
   36      1.9996063     -1.5060321
   37      1.9996047     -1.5033444
   38      1.9995216     -1.5060698
   39      1.9994960     -1.5059429
   40      1.9994886     -1.5041569
   41      1.8533722     -0.2410376
   42      1.7510147     -0.1537025
   43      1.7131594     -0.1490599
   44      1.7087688     -0.1482725
   45      0.2912312     -0.0295642
   46      0.2868406     -0.0289404
   47      0.2489853     -0.0262017
   48      0.1466278     -0.0195993
   49      0.0005114     -0.0005281
   50      0.0005040     -0.0004873
   51      0.0004784     -0.0004659
   52      0.0003953     -0.0004068
   53      0.0003937     -0.0003865
   54      0.0003822     -0.0009441
   55      0.0003773     -0.0009364
   56      0.0003771     -0.0009292
   57      0.0003739     -0.0009214
   58      0.0003735     -0.0003658
   59      0.0003696     -0.0003614
   60      0.0003481     -0.0008452
   61      0.0003430     -0.0008334
   62      0.0003389     -0.0008156
   63      0.0003204     -0.0002672
   64      0.0003199     -0.0007705
   65      0.0003064     -0.0002813
   66      0.0003062     -0.0007650
   67      0.0003055     -0.0007680
   68      0.0003016     -0.0007409
   69      0.0002991     -0.0002521
   70      0.0002964     -0.0007563
   71      0.0002945     -0.0002591
   72      0.0002937     -0.0007395
   73      0.0002888     -0.0007362
   74      0.0002860     -0.0007197
   75      0.0002858     -0.0007166
   76      0.0002794     -0.0002338
   77      0.0002768     -0.0002299
   78      0.0002597     -0.0002139
   79      0.0002555     -0.0002203
   80      0.0002545     -0.0002061
   81      0.0000001     -0.0000040
   82      0.0000001     -0.0000034
   83      0.0000001     -0.0000035
   84      0.0000001     -0.0000033
   85      0.0000001     -0.0000026
   86      0.0000001     -0.0000028
   87      0.0000001     -0.0000023
   88      0.0000000     -0.0000018

   RO Sum (  88) =   88.00

  ---------------
   Dipole Moment
  ---------------

      0.4335 Debye [   0.1706  (   0.0671,   0.0581,   0.1456) ]

 ----------------
  Final Energies  
 ----------------

  Final NOF Total Energy =    -1294.4696387299 ( 7.E-05 , 0.E+00 )


  **************************************************
  *                                                *
  *       SINGLE-POINT DoNOF CALCULATION           *
  *                                                *
  *             FULL OPTIMIZATION                  *
  *                                                *
  *  FINAL RESULTS   FINAL RESULTS  FINAL RESULTS  *
  *                                                *
  **************************************************

  **************************************************
  *         No. EXTERNAL ITER =    29              *
  *         No. of TOTAL ITER =   870              *
  **************************************************

  Elapsed real time :  15495.85  (Seconds)
  Git sha : bcb372acca69df19ae91719c988dea244a3c3d1c                                                            

 The execution finished at 23h  0min on the 11/27/2024
