 This is the serial version of the code

 The execution started at  9h 47min on the 11/28/2024

    ===========================================================
    !                                                         !
    !                        Do N O F                         !
    !                                                         !
    !  (Donostia Natural Orbital Functional Software Program) !
    !                                                         !
    !               COPYRIGHT by Mario Piris                  !
    !                                                         !
    !      Donostia International Physics Center (DIPC)       !
    !       University of the Basque Country (UPV/EHU)        !
    !       Basque Foundation for Science (IKERBASQUE)        !
    !                                                         !
    !          GNU General Public License version 3           !
    !                                                         !
    !                  VERSION: Mayo 2024                     !
    !                                                         !
    ===========================================================

 Run Title
 ---------
 p30-5 set                                                                       

 Basis Set
 ---------
 /home/ion/p30-10/pnof7/def2-svp.bas                                             

 Atom      Charge                Coordinates (Bohr)
                           x             y             z
 N           7.0       -3.0706        0.0000        0.0000
 N           7.0        3.0706        0.0000       -0.0000
 H           1.0       -3.5915       -1.5923       -0.9210
 H           1.0       -3.5915       -0.0014        1.8394
 H           1.0       -3.5915        1.5937       -0.9185
 H           1.0        3.5915       -1.5937        0.9185
 H           1.0        3.5915        0.0014       -1.8394
 H           1.0        3.5915        1.5923        0.9210

 Atomic Basis Set
 ----------------
 The contracted primitive functions were unnormalized
 The contracted basis functions are now normalized to unity

  Shell Type  Primitive         Exponent  Contraction Coefficient

 N         
 
      1   S       1          1712.8415853   -0.005447799580
      1   S       2           257.6481268   -0.040627174632
      1   S       3            58.4582459   -0.181119622506
      1   S       4            16.1983679   -0.468439755632
      1   S       5             5.0052601   -0.446168462892
 
      2   S       6             0.5873186    1.000000000000
 
      3   S       7             0.1876459    1.000000000000
 
      4   P       8            13.5714702   -0.058848116970
      4   P       9             2.9257373   -0.320246247625
      4   P      10             0.7992775   -0.753282265204
 
      5   P      11             0.2195435    1.000000000000
 
      6   D      12             1.0000000    1.000000000000

 N         
 
      7   S      13          1712.8415853   -0.005447799580
      7   S      14           257.6481268   -0.040627174632
      7   S      15            58.4582459   -0.181119622506
      7   S      16            16.1983679   -0.468439755632
      7   S      17             5.0052601   -0.446168462892
 
      8   S      18             0.5873186    1.000000000000
 
      9   S      19             0.1876459    1.000000000000
 
     10   P      20            13.5714702   -0.058848116970
     10   P      21             2.9257373   -0.320246247625
     10   P      22             0.7992775   -0.753282265204
 
     11   P      23             0.2195435    1.000000000000
 
     12   D      24             1.0000000    1.000000000000

 H         
 
     13   S      25            13.0107010    0.033485484813
     13   S      26             1.9622572    0.234721870881
     13   S      27             0.4445380    0.813770285260
 
     14   S      28             0.1219496    1.000000000000
 
     15   P      29             0.8000000    1.000000000000

 H         
 
     16   S      30            13.0107010    0.033485484813
     16   S      31             1.9622572    0.234721870881
     16   S      32             0.4445380    0.813770285260
 
     17   S      33             0.1219496    1.000000000000
 
     18   P      34             0.8000000    1.000000000000

 H         
 
     19   S      35            13.0107010    0.033485484813
     19   S      36             1.9622572    0.234721870881
     19   S      37             0.4445380    0.813770285260
 
     20   S      38             0.1219496    1.000000000000
 
     21   P      39             0.8000000    1.000000000000

 H         
 
     22   S      40            13.0107010    0.033485484813
     22   S      41             1.9622572    0.234721870881
     22   S      42             0.4445380    0.813770285260
 
     23   S      43             0.1219496    1.000000000000
 
     24   P      44             0.8000000    1.000000000000

 H         
 
     25   S      45            13.0107010    0.033485484813
     25   S      46             1.9622572    0.234721870881
     25   S      47             0.4445380    0.813770285260
 
     26   S      48             0.1219496    1.000000000000
 
     27   P      49             0.8000000    1.000000000000

 H         
 
     28   S      50            13.0107010    0.033485484813
     28   S      51             1.9622572    0.234721870881
     28   S      52             0.4445380    0.813770285260
 
     29   S      53             0.1219496    1.000000000000
 
     30   P      54             0.8000000    1.000000000000

 Total Number of Basis Set Shells             =   30
 Total Number of Primitives                   =   54
 Number of Cartesian Gaussian Basis Functions =   60
 Number of Electrons                          =   19
 Charge of Molecule                           =    1
 Spin Multiplicity                            =    2
 Number of Occupied Orbitals (Alpha)          =   10
 Number of Occupied Orbitals (Beta )          =    9
 Total Number of Atoms                        =    8

 Input Run Options
 -----------------
 IRUNTYP = 1  MULT = 2  ICHARG =  1 IECP = 0  IEMOM = 1  UNITS = ANGS    

 Integral Options
 ----------------
 CUTOFF = 1.0E-09   ISCHWZ = 1   ERITYP = FULL

 Input NOF Options
 -----------------

 Type of calculation =    Coeff. Opt.:   (ICOEF)         1
 Use Softmax function for Occ. Opt.:     (ISOFTMAX)      1
 Type of Orb. Opt. = Orbital Rotations:  (IORBOPT)       4
 Maximum Number of Occ-Coef Outer Iter.: (MAXIT)      1000

 Natural Orbital Functional Selected:    (IPNOF)         7
 Spin-Multiplet, High-Spin State Option: (HighSpin)      F
 
 Restart calculation Option:             (RESTART)       F
 Restart Gamma Matrix from GCF file:     (INPUTGAMMA)    0
 Coefficient Matrix from GCF file:       (INPUTC)        0
 Diagonal Elements FMIUG from GCF file:  (INPUTFMIUG)    0
 Cartesian Coordinates from GCF file:    (INPUTCXYZ)     0
 Orthogonalize the initial Orbitals:     (ORTHO)         T

 Output Option:                          (NPRINT)        0
 Output the Coefficient Matrix:          (IWRITEC)       0
 Do a Mulliken Population Analysis:      (IMULPOP)       0
 Write Information into a WFN file:      (IAIMPAC)       1
 Write Information into a FCHK file:     (IFCHK)         1
 Write Information into a MLP file:      (MOLDEN)        1
 Create Ini. Cond. (ini.xyz) file:       (INICOND)       1
 Calculate IPs using Ext. Koopmans Theo: (IEKT)          0
 Write APSG expansion coefficient file:  (APSG)          F
 Output option for Lagrange Multipliers: (PRINTLAG)      F
 Diagonalize matrix of Lag. Multipliers: (DIAGLAG)       F

------------------------------------------------------------------------

 Orbital Space
 -------------

 Inactive Doubly occupied orbitals up to NO1  =    0
 No. considered Strongly Doubly occupied MOs  =    9
 No. considered Strongly Singly occupied MOs  =    1
 No. of Weakly occ. per St. Doubly occ.  MOs  =    5
 Dimension of the Active Nat. Orb. subspace   =   54
 Secondary Empty orbitals                     =    5

 1e- integrals
 -------------
 Time to do integrals =      0.00
 Guess for MOs = HCORE
      2537 MOs were matched and       400 equalized to zero

 2e- integrals
 -------------
 DONTW option skips storage 2e- integrals on Unit 1
              941339 2e- integrals in     1 records
 Time to do integrals =      0.19

 Input for Coefficients is HCORE


  RESULTS OF OCCUPATION-COEFFICIENT OPTIMIZATION
 ================================================

  Ex It  Occ Time  Orb Time  Orb It   Electronic Energy     Total Energy   Energy Convergency    Max Mul-Lag Diff

    1    1.5E+00   5.1E+00      10    -143.7165642483     -104.6273643486    -5.8038606812           0.352397
    2    1.3E+00   5.1E+00      10    -147.8072303866     -108.7180304869    -4.0906661383           0.385616
    3    1.4E+00   5.3E+00      10    -149.5551741341     -110.4659742344    -1.7479437475           0.308440
    4    1.4E+00   5.3E+00      10    -150.4291083288     -111.3399084290    -0.8739341947           0.221479
    5    1.4E+00   5.3E+00      10    -150.9199358532     -111.8307359534    -0.4908275244           0.166455
    6    1.4E+00   5.3E+00      10    -151.1287004726     -112.0395005729    -0.2087646195           0.094007
    7    1.4E+00   5.3E+00      10    -151.1904331289     -112.1012332292    -0.0617326563           0.023794
    8    1.4E+00   5.3E+00      10    -151.2187594591     -112.1295595593    -0.0283263301           0.023348
    9    1.4E+00   5.2E+00      10    -151.2427234970     -112.1535235972    -0.0239640379           0.027851
   10    1.3E+00   5.2E+00      10    -151.2640767546     -112.1748768548    -0.0213532576           0.026146
   11    1.3E+00   5.2E+00      10    -151.2810137756     -112.1918138758    -0.0169370210           0.022095
   12    1.3E+00   5.2E+00      10    -151.2923857034     -112.2031858037    -0.0113719279           0.029290
   13    1.3E+00   5.3E+00      10    -151.2993949124     -112.2101950126    -0.0070092090           0.019712
   14    1.3E+00   5.3E+00      10    -151.3038526034     -112.2146527036    -0.0044576910           0.016575
   15    1.3E+00   5.2E+00      10    -151.3066653933     -112.2174654936    -0.0028127900           0.020902
   16    1.3E+00   5.2E+00      10    -151.3082196033     -112.2190197035    -0.0015542100           0.018259
   17    1.3E+00   5.2E+00      10    -151.3086083592     -112.2194084595    -0.0003887559           0.017935
   18    1.3E+00   5.1E+00      10    -151.3090980264     -112.2198981267    -0.0004896672           0.020178
   19    1.3E+00   5.1E+00      10    -151.3093507528     -112.2201508530    -0.0002527263           0.019038
   20    1.3E+00   5.2E+00      10    -151.3093339450     -112.2201340452     0.0000168078           0.018650
   21    1.3E+00   9.4E+00      20    -151.3114177480     -112.2222178482    -0.0020838030           0.000892
   22    1.3E+00   9.5E+00      20    -151.3114527687     -112.2222528690    -0.0000350208           0.000436
   23    1.3E+00   9.8E+00      20    -151.3114741589     -112.2222742591    -0.0000213901           0.000404
   24    1.3E+00   9.9E+00      20    -151.3114893754     -112.2222894756    -0.0000152165           0.000401
   25    1.3E+00   9.8E+00      20    -151.3114992507     -112.2222993509    -0.0000098753           0.000401
   26    1.3E+00   9.8E+00      20    -151.3115049223     -112.2223050225    -0.0000056716           0.000387
   27    1.3E+00   1.4E+01      30    -151.3115097141     -112.2223098143    -0.0000047918           0.000178
   28    1.3E+00   1.9E+01      40    -151.3115129809     -112.2223130812    -0.0000032668           0.000039


  RESULTS OF THE OCCUPATION OPTIMIZATION
 ========================================

   OM     Occupation      Elag Diag

    1      1.9998396    -15.7119178
    2      1.9998100    -15.9657117
    3      1.9731787     -0.6878392
    4      1.9714296     -0.9474344
    5      1.9713308     -0.9468914
    6      1.9712882     -0.9458988
    7      1.9688051     -1.1792155
    8      1.9687402     -1.1798878
    9      1.9687308     -1.1799233
   10      1.0000000     -0.4608887
   11      0.0245260     -0.0245277
   12      0.0245244     -0.0245250
   13      0.0245361     -0.0245196
   14      0.0219718     -0.0199064
   15      0.0220178     -0.0199675
   16      0.0220419     -0.0199955
   17      0.0234672     -0.0142927
   18      0.0000057     -0.0000928
   19      0.0001522     -0.0026306
   20      0.0037056     -0.0049236
   21      0.0036983     -0.0049134
   22      0.0036902     -0.0049099
   23      0.0037271     -0.0043170
   24      0.0016873     -0.0023468
   25      0.0036327     -0.0042547
   26      0.0020079     -0.0020223
   27      0.0001741     -0.0029642
   28      0.0000018     -0.0000311
   29      0.0018806     -0.0030090
   30      0.0009327     -0.0015253
   31      0.0018406     -0.0029528
   32      0.0011324     -0.0016668
   33      0.0036858     -0.0042896
   34      0.0001511     -0.0003044
   35      0.0004956     -0.0007576
   36      0.0000025     -0.0000417
   37      0.0000021     -0.0000367
   38      0.0009342     -0.0015291
   39      0.0018824     -0.0030176
   40      0.0009294     -0.0015355
   41      0.0016887     -0.0023493
   42      0.0011163     -0.0016330
   43      0.0011045     -0.0016190
   44      0.0005105     -0.0007686
   45      0.0000017     -0.0000276
   46      0.0000037     -0.0000616
   47      0.0002229     -0.0004558
   48      0.0002220     -0.0004516
   49      0.0001986     -0.0004010
   50      0.0001918     -0.0003187
   51      0.0001620     -0.0003116
   52      0.0016402     -0.0022990
   53      0.0003401     -0.0005010
   54      0.0000060     -0.0000979
   55      0.0000006     -0.0000069

   RO Sum (  19) =   19.00

  ---------------
   Dipole Moment
  ---------------

      5.8355 Debye [   2.2959  (   2.2959,  -0.0001,   0.0003) ]

 ----------------
  Final Energies  
 ----------------

  Final NOF Total Energy =     -112.2223130812 ( 4.E-05 , 0.E+00 )


  **************************************************
  *                                                *
  *       SINGLE-POINT DoNOF CALCULATION           *
  *                                                *
  *             FULL OPTIMIZATION                  *
  *                                                *
  *  FINAL RESULTS   FINAL RESULTS  FINAL RESULTS  *
  *                                                *
  **************************************************

  **************************************************
  *         No. EXTERNAL ITER =    28              *
  *         No. of TOTAL ITER =   390              *
  **************************************************

  Elapsed real time :    234.45  (Seconds)

 The execution finished at  9h 51min on the 11/28/2024
