 This is the serial version of the code

 The execution started at 14h  4min on the  1/ 3/2025

    ===========================================================
    !                                                         !
    !                        Do N O F                         !
    !                                                         !
    !  (Donostia Natural Orbital Functional Software Program) !
    !                                                         !
    !               COPYRIGHT by Mario Piris                  !
    !                                                         !
    !      Donostia International Physics Center (DIPC)       !
    !       University of the Basque Country (UPV/EHU)        !
    !       Basque Foundation for Science (IKERBASQUE)        !
    !                                                         !
    !          GNU General Public License version 3           !
    !                                                         !
    !                  VERSION: Mayo 2024                     !
    !                                                         !
    ===========================================================

 Run Title
 ---------
 p30-10 set                                                                      

 Basis Set
 ---------
 /home/ion/p30-10/new-DECEMBER/pnof7/def2-svp.bas                                

 Atom      Charge                Coordinates (Bohr)
                           x             y             z
 N           7.0        0.0000        0.0000        0.0000
 H           1.0        0.9626       -1.6673        0.0000
 H           1.0        0.9626        1.6673        0.0000
 H           1.0       -1.9253        0.0000        0.0000

 Atomic Basis Set
 ----------------
 The contracted primitive functions were unnormalized
 The contracted basis functions are now normalized to unity

  Shell Type  Primitive         Exponent  Contraction Coefficient

 N         
 
      1   S       1          1712.8415853   -0.005447799580
      1   S       2           257.6481268   -0.040627174632
      1   S       3            58.4582459   -0.181119622506
      1   S       4            16.1983679   -0.468439755632
      1   S       5             5.0052601   -0.446168462892
 
      2   S       6             0.5873186    1.000000000000
 
      3   S       7             0.1876459    1.000000000000
 
      4   P       8            13.5714702   -0.058848116970
      4   P       9             2.9257373   -0.320246247625
      4   P      10             0.7992775   -0.753282265204
 
      5   P      11             0.2195435    1.000000000000
 
      6   D      12             1.0000000    1.000000000000

 H         
 
      7   S      13            13.0107010    0.033485484813
      7   S      14             1.9622572    0.234721870881
      7   S      15             0.4445380    0.813770285260
 
      8   S      16             0.1219496    1.000000000000
 
      9   P      17             0.8000000    1.000000000000

 H         
 
     10   S      18            13.0107010    0.033485484813
     10   S      19             1.9622572    0.234721870881
     10   S      20             0.4445380    0.813770285260
 
     11   S      21             0.1219496    1.000000000000
 
     12   P      22             0.8000000    1.000000000000

 H         
 
     13   S      23            13.0107010    0.033485484813
     13   S      24             1.9622572    0.234721870881
     13   S      25             0.4445380    0.813770285260
 
     14   S      26             0.1219496    1.000000000000
 
     15   P      27             0.8000000    1.000000000000

 Total Number of Basis Set Shells             =   15
 Total Number of Primitives                   =   27
 Number of Cartesian Gaussian Basis Functions =   30
 Number of Electrons                          =    9
 Charge of Molecule                           =    1
 Spin Multiplicity                            =    2
 Number of Occupied Orbitals (Alpha)          =    5
 Number of Occupied Orbitals (Beta )          =    4
 Total Number of Atoms                        =    4

 Input Run Options
 -----------------
 IRUNTYP = 1  MULT = 2  ICHARG =  1 IECP = 0  IEMOM = 1  UNITS = ANGS    

 Integral Options
 ----------------
 CUTOFF = 1.0E-09   ISCHWZ = 0   ERITYP = FULL

 Input NOF Options
 -----------------

 Type of calculation =    Coeff. Opt.:   (ICOEF)         1
 Trigonometric functions for Occ. Opt.:  (ISOFTMAX)      0
 Type of Orb. Opt. = Orbital Rotations:  (IORBOPT)       4
 Maximum Number of Occ-Coef Outer Iter.: (MAXIT)      1000

 Natural Orbital Functional Selected:    (IPNOF)         7
 Spin-Multiplet, High-Spin State Option: (HighSpin)      F
 
 Restart calculation Option:             (RESTART)       T
 Orthogonalize the initial Orbitals:     (ORTHO)         T

 Output Option:                          (NPRINT)        0
 Output the Coefficient Matrix:          (IWRITEC)       0
 Do a Mulliken Population Analysis:      (IMULPOP)       0
 Write Information into a WFN file:      (IAIMPAC)       1
 Write Information into a FCHK file:     (IFCHK)         1
 Write Information into a MLP file:      (MOLDEN)        1
 Create Ini. Cond. (ini.xyz) file:       (INICOND)       1
 Calculate IPs using Ext. Koopmans Theo: (IEKT)          0
 Write APSG expansion coefficient file:  (APSG)          F
 Output option for Lagrange Multipliers: (PRINTLAG)      F
 Diagonalize matrix of Lag. Multipliers: (DIAGLAG)       F

 Nuclear Coordinates from GCF file:
 ----------------------------------

 Atom      Charge                Coordinates (Bohr)
                           x             y             z
 N        7.00000        0.0000        0.0000        0.0000
 H        1.00000        0.9626       -1.6673        0.0000
 H        1.00000        0.9626        1.6673        0.0000
 H        1.00000       -1.9253        0.0000        0.0000

------------------------------------------------------------------------

 Orbital Space
 -------------

 Inactive Doubly occupied orbitals up to NO1  =    0
 No. considered Strongly Doubly occupied MOs  =    4
 No. considered Strongly Singly occupied MOs  =    1
 No. of Weakly occ. per St. Doubly occ.  MOs  =    6
 Dimension of the Active Nat. Orb. subspace   =   28
 Secondary Empty orbitals                     =    1

 1e- integrals
 -------------
 Time to do integrals =      0.00
 Guess for MOs = HCORE
       157 MOs were matched and        61 equalized to zero

 2e- integrals
 -------------
 DONTW option skips storage 2e- integrals on Unit 1
               52269 2e- integrals in     1 records
 Time to do integrals =      0.02

 ROHF SCF Calculation
 --------------------
 EXTRAP=T  DAMP=T  DIIS=T
 DMat Conv = 1.0E-05  Ener Tol = 1.0E-08
 Ener Conv = 1.0E-10  DMat Tol = 2.0E-05
 DIIS Conv = 1.0E-07  DMat Tol = 2.0E-05

 ITER      TOTAL ENERGY        E CHANGE     DEN. CHANGE    DIIS ERROR
   1      -49.0277010067   -49.0277010067   8.335932418   3.327733635
   2      -53.0206367511    -3.9929357444   4.859517614   1.172524452
   3      -55.7695862473    -2.7489494962   0.270842563   0.204860083
   4      -55.8254131905    -0.0558269433   0.093811599   0.074402985
   5      -55.8342719912    -0.0088588007   0.027200773   0.010157447
   6      -55.8346269849    -0.0003549937   0.003055723   0.001501094
   7      -55.8346335286    -0.0000065438   0.000362980   0.000124015
   8      -55.8346335983    -0.0000000697   0.000024426   0.000016839
   9      -55.8346335987    -0.0000000004   0.000002774   0.000002201

          -----------------
          DENSITY CONVERGED
          -----------------

 FINAL ROHF ENERGY IS      -55.8346335987 AFTER   9 ITERATIONS

          --------------------
          SPIN SZ   =    0.500
          S-SQUARED =    0.750
          --------------------

         WAVEFUNCTION NORMALIZATION =       1.0000000000

                ONE ELECTRON ENERGY =     -95.1364653357
                TWO ELECTRON ENERGY =      27.4945273807
           NUCLEAR REPULSION ENERGY =      11.8073043563
                                      ------------------
                   RHF TOTAL ENERGY =     -55.8346335987

 ELECTRON-ELECTRON POTENTIAL ENERGY =      27.4945273807
  NUCLEUS-ELECTRON POTENTIAL ENERGY =    -150.5579459923
   NUCLEUS-NUCLEUS POTENTIAL ENERGY =      11.8073043563
                                      ------------------
             TOTAL POTENTIAL ENERGY =    -111.2561142553
               TOTAL KINETIC ENERGY =      55.4214806566
                 VIRIAL RATIO (V/T) =       2.0074547438

 No violations of the orthonormality


  RESULTS OF OCCUPATION-COEFFICIENT OPTIMIZATION
 ================================================

  Ex It  Occ Time  Orb Time  Orb It   Electronic Energy     Total Energy   Energy Convergency    Max Mul-Lag Diff

    1    5.9E-02   1.7E-01      10     -67.7626914027      -55.9553870465     0.0000000000           0.000034


  RESULTS OF THE OCCUPATION OPTIMIZATION
 ========================================

   OM     Occupation      Elag Diag

    1      1.9998170    -16.0049684
    2      1.9678654     -1.2233963
    3      1.9678475     -1.2234079
    4      1.9677540     -1.2242104
    5      1.0000000     -0.4847169
    6      0.0243947     -0.0247253
    7      0.0038906     -0.0052109
    8      0.0243646     -0.0246837
    9      0.0000011     -0.0000180
   10      0.0038422     -0.0051469
   11      0.0002613     -0.0004747
   12      0.0038935     -0.0052123
   13      0.0001736     -0.0029552
   14      0.0026849     -0.0040382
   15      0.0243743     -0.0246867
   16      0.0027008     -0.0040541
   17      0.0000037     -0.0000602
   18      0.0003336     -0.0006805
   19      0.0007287     -0.0012468
   20      0.0002426     -0.0004561
   21      0.0000001     -0.0000020
   22      0.0007458     -0.0012797
   23      0.0027030     -0.0040520
   24      0.0007300     -0.0012471
   25      0.0000044     -0.0000717
   26      0.0002447     -0.0004595
   27      0.0001947     -0.0003795
   28      0.0002031     -0.0003887
   29      0.0000001     -0.0000018

   RO Sum (   9) =    9.00

  ---------------
   Dipole Moment
  ---------------

      0.0007 Debye [   0.0003  (   0.0002,   0.0002,   0.0000) ]

 ----------------
  Final Energies  
 ----------------

  Final NOF Total Energy =      -55.9553870465 ( 3.E-05 , 0.E+00 )


  **************************************************
  *                                                *
  *       SINGLE-POINT DoNOF CALCULATION           *
  *                                                *
  *             FULL OPTIMIZATION                  *
  *                                                *
  *  FINAL RESULTS   FINAL RESULTS  FINAL RESULTS  *
  *                                                *
  **************************************************

  **************************************************
  *         No. EXTERNAL ITER =     1              *
  *         No. of TOTAL ITER =    10              *
  **************************************************

  Elapsed real time :      0.32  (Seconds)

 The execution finished at 14h  4min on the  1/ 3/2025
