 This is the serial version of the code

 The execution started at  9h 50min on the 11/28/2024

    ===========================================================
    !                                                         !
    !                        Do N O F                         !
    !                                                         !
    !  (Donostia Natural Orbital Functional Software Program) !
    !                                                         !
    !               COPYRIGHT by Mario Piris                  !
    !                                                         !
    !      Donostia International Physics Center (DIPC)       !
    !       University of the Basque Country (UPV/EHU)        !
    !       Basque Foundation for Science (IKERBASQUE)        !
    !                                                         !
    !          GNU General Public License version 3           !
    !                                                         !
    !                  VERSION: Mayo 2024                     !
    !                                                         !
    ===========================================================

 Run Title
 ---------
 p30-5 set                                                                       

 Basis Set
 ---------
 /home/ion/p30-10/pnof7/def2-svp.bas                                             

 Atom      Charge                Coordinates (Bohr)
                           x             y             z
 N           7.0        0.0000        0.0000       -2.5588
 N           7.0        0.0000        0.0000        2.5588
 H           1.0        1.5930        0.9197       -3.0798
 H           1.0        0.0000       -1.8394       -3.0798
 H           1.0       -1.5930        0.9197       -3.0798
 H           1.0        1.5930       -0.9197        3.0798
 H           1.0        0.0000        1.8394        3.0798
 H           1.0       -1.5930       -0.9197        3.0798

 Atomic Basis Set
 ----------------
 The contracted primitive functions were unnormalized
 The contracted basis functions are now normalized to unity

  Shell Type  Primitive         Exponent  Contraction Coefficient

 N         
 
      1   S       1          1712.8415853   -0.005447799580
      1   S       2           257.6481268   -0.040627174632
      1   S       3            58.4582459   -0.181119622506
      1   S       4            16.1983679   -0.468439755632
      1   S       5             5.0052601   -0.446168462892
 
      2   S       6             0.5873186    1.000000000000
 
      3   S       7             0.1876459    1.000000000000
 
      4   P       8            13.5714702   -0.058848116970
      4   P       9             2.9257373   -0.320246247625
      4   P      10             0.7992775   -0.753282265204
 
      5   P      11             0.2195435    1.000000000000
 
      6   D      12             1.0000000    1.000000000000

 N         
 
      7   S      13          1712.8415853   -0.005447799580
      7   S      14           257.6481268   -0.040627174632
      7   S      15            58.4582459   -0.181119622506
      7   S      16            16.1983679   -0.468439755632
      7   S      17             5.0052601   -0.446168462892
 
      8   S      18             0.5873186    1.000000000000
 
      9   S      19             0.1876459    1.000000000000
 
     10   P      20            13.5714702   -0.058848116970
     10   P      21             2.9257373   -0.320246247625
     10   P      22             0.7992775   -0.753282265204
 
     11   P      23             0.2195435    1.000000000000
 
     12   D      24             1.0000000    1.000000000000

 H         
 
     13   S      25            13.0107010    0.033485484813
     13   S      26             1.9622572    0.234721870881
     13   S      27             0.4445380    0.813770285260
 
     14   S      28             0.1219496    1.000000000000
 
     15   P      29             0.8000000    1.000000000000

 H         
 
     16   S      30            13.0107010    0.033485484813
     16   S      31             1.9622572    0.234721870881
     16   S      32             0.4445380    0.813770285260
 
     17   S      33             0.1219496    1.000000000000
 
     18   P      34             0.8000000    1.000000000000

 H         
 
     19   S      35            13.0107010    0.033485484813
     19   S      36             1.9622572    0.234721870881
     19   S      37             0.4445380    0.813770285260
 
     20   S      38             0.1219496    1.000000000000
 
     21   P      39             0.8000000    1.000000000000

 H         
 
     22   S      40            13.0107010    0.033485484813
     22   S      41             1.9622572    0.234721870881
     22   S      42             0.4445380    0.813770285260
 
     23   S      43             0.1219496    1.000000000000
 
     24   P      44             0.8000000    1.000000000000

 H         
 
     25   S      45            13.0107010    0.033485484813
     25   S      46             1.9622572    0.234721870881
     25   S      47             0.4445380    0.813770285260
 
     26   S      48             0.1219496    1.000000000000
 
     27   P      49             0.8000000    1.000000000000

 H         
 
     28   S      50            13.0107010    0.033485484813
     28   S      51             1.9622572    0.234721870881
     28   S      52             0.4445380    0.813770285260
 
     29   S      53             0.1219496    1.000000000000
 
     30   P      54             0.8000000    1.000000000000

 Total Number of Basis Set Shells             =   30
 Total Number of Primitives                   =   54
 Number of Cartesian Gaussian Basis Functions =   60
 Number of Electrons                          =   19
 Charge of Molecule                           =    1
 Spin Multiplicity                            =    2
 Number of Occupied Orbitals (Alpha)          =   10
 Number of Occupied Orbitals (Beta )          =    9
 Total Number of Atoms                        =    8

 Input Run Options
 -----------------
 IRUNTYP = 1  MULT = 2  ICHARG =  1 IECP = 0  IEMOM = 1  UNITS = ANGS    

 Integral Options
 ----------------
 CUTOFF = 1.0E-09   ISCHWZ = 1   ERITYP = FULL

 Input NOF Options
 -----------------

 Type of calculation =    Coeff. Opt.:   (ICOEF)         1
 Use Softmax function for Occ. Opt.:     (ISOFTMAX)      1
 Type of Orb. Opt. = Orbital Rotations:  (IORBOPT)       4
 Maximum Number of Occ-Coef Outer Iter.: (MAXIT)      1000

 Natural Orbital Functional Selected:    (IPNOF)         7
 Spin-Multiplet, High-Spin State Option: (HighSpin)      F
 
 Restart calculation Option:             (RESTART)       F
 Restart Gamma Matrix from GCF file:     (INPUTGAMMA)    0
 Coefficient Matrix from GCF file:       (INPUTC)        0
 Diagonal Elements FMIUG from GCF file:  (INPUTFMIUG)    0
 Cartesian Coordinates from GCF file:    (INPUTCXYZ)     0
 Orthogonalize the initial Orbitals:     (ORTHO)         T

 Output Option:                          (NPRINT)        0
 Output the Coefficient Matrix:          (IWRITEC)       0
 Do a Mulliken Population Analysis:      (IMULPOP)       0
 Write Information into a WFN file:      (IAIMPAC)       1
 Write Information into a FCHK file:     (IFCHK)         1
 Write Information into a MLP file:      (MOLDEN)        1
 Create Ini. Cond. (ini.xyz) file:       (INICOND)       1
 Calculate IPs using Ext. Koopmans Theo: (IEKT)          0
 Write APSG expansion coefficient file:  (APSG)          F
 Output option for Lagrange Multipliers: (PRINTLAG)      F
 Diagonalize matrix of Lag. Multipliers: (DIAGLAG)       F

------------------------------------------------------------------------

 Orbital Space
 -------------

 Inactive Doubly occupied orbitals up to NO1  =    0
 No. considered Strongly Doubly occupied MOs  =    9
 No. considered Strongly Singly occupied MOs  =    1
 No. of Weakly occ. per St. Doubly occ.  MOs  =    5
 Dimension of the Active Nat. Orb. subspace   =   54
 Secondary Empty orbitals                     =    5

 1e- integrals
 -------------
 Time to do integrals =      0.00
 Guess for MOs = HCORE
      3185 MOs were matched and       456 equalized to zero

 2e- integrals
 -------------
 DONTW option skips storage 2e- integrals on Unit 1
             1195489 2e- integrals in     1 records
 Time to do integrals =      0.21

 Input for Coefficients is HCORE


  RESULTS OF OCCUPATION-COEFFICIENT OPTIMIZATION
 ================================================

  Ex It  Occ Time  Orb Time  Orb It   Electronic Energy     Total Energy   Energy Convergency    Max Mul-Lag Diff

    1    2.1E+00   6.8E+00      10    -146.1938894977     -104.3338344040    -5.7210818447           0.337404
    2    1.7E+00   6.6E+00      10    -150.3936617032     -108.5336066095    -4.1997722055           0.405376
    3    1.6E+00   6.5E+00      10    -152.4530194832     -110.5929643895    -2.0593577800           0.262433
    4    1.6E+00   6.6E+00      10    -153.4158661735     -111.5558110798    -0.9628466903           0.168446
    5    1.6E+00   6.5E+00      10    -153.7998728444     -111.9398177507    -0.3840066709           0.121923
    6    1.6E+00   6.5E+00      10    -153.9352916884     -112.0752365947    -0.1354188440           0.054590
    7    1.6E+00   6.5E+00      10    -153.9896530540     -112.1295979603    -0.0543613656           0.025135
    8    1.6E+00   6.5E+00      10    -154.0225351919     -112.1624800982    -0.0328821379           0.027651
    9    1.6E+00   6.4E+00      10    -154.0490429925     -112.1889878987    -0.0265078005           0.026119
   10    1.5E+00   6.2E+00      10    -154.0677253199     -112.2076702262    -0.0186823275           0.022502
   11    1.5E+00   6.2E+00      10    -154.0794074259     -112.2193523322    -0.0116821060           0.020392
   12    1.6E+00   6.3E+00      10    -154.0862519771     -112.2261968833    -0.0068445511           0.022921
   13    1.5E+00   6.1E+00      10    -154.0904641011     -112.2304090074    -0.0042121241           0.017374
   14    1.5E+00   6.1E+00      10    -154.0930667728     -112.2330116790    -0.0026026716           0.018161
   15    1.5E+00   6.1E+00      10    -154.0945096354     -112.2344545417    -0.0014428627           0.024899
   16    1.5E+00   6.2E+00      10    -154.0946294035     -112.2345743098    -0.0001197681           0.021318
   17    1.5E+00   1.1E+01      20    -154.0974197756     -112.2373646818    -0.0027903721           0.000963
   18    1.5E+00   1.1E+01      20    -154.0976581295     -112.2376030358    -0.0002383539           0.000742
   19    1.5E+00   1.1E+01      20    -154.0978159435     -112.2377608497    -0.0001578139           0.000627
   20    1.5E+00   1.1E+01      20    -154.0979289466     -112.2378738529    -0.0001130032           0.000493
   21    1.5E+00   1.1E+01      20    -154.0980097963     -112.2379547026    -0.0000808497           0.000434
   22    1.5E+00   1.1E+01      20    -154.0980645555     -112.2380094618    -0.0000547592           0.000407
   23    1.5E+00   1.1E+01      20    -154.0981028324     -112.2380477386    -0.0000382768           0.000415
   24    1.5E+00   1.1E+01      20    -154.0981295040     -112.2380744103    -0.0000266717           0.000417
   25    1.5E+00   1.1E+01      20    -154.0981479443     -112.2380928506    -0.0000184403           0.000407
   26    1.5E+00   1.1E+01      20    -154.0981599232     -112.2381048295    -0.0000119789           0.000405
   27    1.6E+00   1.7E+01      30    -154.0981705108     -112.2381154171    -0.0000105876           0.000182
   28    1.6E+00   2.3E+01      40    -154.0981785944     -112.2381235007    -0.0000080836           0.000039


  RESULTS OF THE OCCUPATION OPTIMIZATION
 ========================================

   OM     Occupation      Elag Diag

    1      1.9998328    -15.8182272
    2      1.9998295    -15.8748516
    3      1.9713382     -1.0535421
    4      1.9703349     -1.0470592
    5      1.9701533     -1.0458679
    6      1.9699278     -1.1000897
    7      1.9699126     -1.0999529
    8      1.9698082     -1.0981674
    9      1.9588165     -0.7367044
   10      1.0000000     -0.3985371
   11      0.0044917     -0.0028415
   12      0.0239562     -0.0231674
   13      0.0236795     -0.0229539
   14      0.0236736     -0.0229508
   15      0.0234090     -0.0221502
   16      0.0230815     -0.0218906
   17      0.0239457     -0.0225892
   18      0.0000000     -0.0000000
   19      0.0001672     -0.0028516
   20      0.0008149     -0.0009168
   21      0.0035333     -0.0045784
   22      0.0035187     -0.0045588
   23      0.0035133     -0.0045524
   24      0.0035085     -0.0044238
   25      0.0017283     -0.0025492
   26      0.0035562     -0.0044684
   27      0.0000000     -0.0000000
   28      0.0000000     -0.0000000
   29      0.0003390     -0.0004548
   30      0.0016462     -0.0025877
   31      0.0016327     -0.0025686
   32      0.0010460     -0.0016466
   33      0.0012513     -0.0018703
   34      0.0034925     -0.0044064
   35      0.0011598     -0.0017772
   36      0.0000000     -0.0000000
   37      0.0000000     -0.0000000
   38      0.0003377     -0.0004488
   39      0.0010560     -0.0016751
   40      0.0010468     -0.0016478
   41      0.0016295     -0.0025649
   42      0.0016779     -0.0025077
   43      0.0011655     -0.0017516
   44      0.0000000     -0.0000000
   45      0.0000000     -0.0000000
   46      0.0000000     -0.0000000
   47      0.0352001     -0.0141292
   48      0.0000000     -0.0000000
   49      0.0002099     -0.0004223
   50      0.0002098     -0.0004222
   51      0.0000000     -0.0000000
   52      0.0001974     -0.0003818
   53      0.0000000     -0.0000000
   54      0.0001705     -0.0028970
   55      0.0000000     -0.0000000

   RO Sum (  19) =   19.00

  ---------------
   Dipole Moment
  ---------------

      1.1546 Debye [   0.4543  (   0.0000,   0.0015,  -0.4543) ]

 ----------------
  Final Energies  
 ----------------

  Final NOF Total Energy =     -112.2381235007 ( 4.E-05 , 0.E+00 )


  **************************************************
  *                                                *
  *       SINGLE-POINT DoNOF CALCULATION           *
  *                                                *
  *             FULL OPTIMIZATION                  *
  *                                                *
  *  FINAL RESULTS   FINAL RESULTS  FINAL RESULTS  *
  *                                                *
  **************************************************

  **************************************************
  *         No. EXTERNAL ITER =    28              *
  *         No. of TOTAL ITER =   430              *
  **************************************************

  Elapsed real time :    300.22  (Seconds)

 The execution finished at  9h 55min on the 11/28/2024
