 This is the serial version of the code

 The execution started at 10h 16min on the 11/28/2024

    ===========================================================
    !                                                         !
    !                        Do N O F                         !
    !                                                         !
    !  (Donostia Natural Orbital Functional Software Program) !
    !                                                         !
    !               COPYRIGHT by Mario Piris                  !
    !                                                         !
    !      Donostia International Physics Center (DIPC)       !
    !       University of the Basque Country (UPV/EHU)        !
    !       Basque Foundation for Science (IKERBASQUE)        !
    !                                                         !
    !          GNU General Public License version 3           !
    !                                                         !
    !                  VERSION: Mayo 2024                     !
    !                                                         !
    ===========================================================

 Run Title
 ---------
 p30-5 set                                                                       

 Basis Set
 ---------
 /home/ion/p30-10/pnof7/def2-svp.bas                                             

 Atom      Charge                Coordinates (Bohr)
                           x             y             z
 O           8.0        2.3864        0.0000        0.1340
 O           8.0       -2.3864        0.0000       -0.1340
 H           1.0        2.6495        1.4648       -0.9582
 H           1.0        2.6495       -1.4648       -0.9582
 H           1.0       -2.6495        1.4648        0.9582
 H           1.0       -2.6495       -1.4648        0.9582

 Atomic Basis Set
 ----------------
 The contracted primitive functions were unnormalized
 The contracted basis functions are now normalized to unity

  Shell Type  Primitive         Exponent  Contraction Coefficient

 O         
 
      1   S       1          2266.1767785   -0.005389350392
      1   S       2           340.8701019   -0.040234721389
      1   S       3            77.3631352   -0.180081842055
      1   S       4            21.4796449   -0.468288576577
      1   S       5             6.6589433   -0.446926171602
 
      2   S       6             0.8097598    1.000000000000
 
      3   S       7             0.2553077    1.000000000000
 
      4   P       8            17.7215043    0.062630248763
      4   P       9             3.8635505    0.333311384824
      4   P      10             1.0480921    0.741486383081
 
      5   P      11             0.2764154    1.000000000000
 
      6   D      12             1.2000000    1.000000000000

 O         
 
      7   S      13          2266.1767785   -0.005389350392
      7   S      14           340.8701019   -0.040234721389
      7   S      15            77.3631352   -0.180081842055
      7   S      16            21.4796449   -0.468288576577
      7   S      17             6.6589433   -0.446926171602
 
      8   S      18             0.8097598    1.000000000000
 
      9   S      19             0.2553077    1.000000000000
 
     10   P      20            17.7215043    0.062630248763
     10   P      21             3.8635505    0.333311384824
     10   P      22             1.0480921    0.741486383081
 
     11   P      23             0.2764154    1.000000000000
 
     12   D      24             1.2000000    1.000000000000

 H         
 
     13   S      25            13.0107010    0.033485484813
     13   S      26             1.9622572    0.234721870881
     13   S      27             0.4445380    0.813770285260
 
     14   S      28             0.1219496    1.000000000000
 
     15   P      29             0.8000000    1.000000000000

 H         
 
     16   S      30            13.0107010    0.033485484813
     16   S      31             1.9622572    0.234721870881
     16   S      32             0.4445380    0.813770285260
 
     17   S      33             0.1219496    1.000000000000
 
     18   P      34             0.8000000    1.000000000000

 H         
 
     19   S      35            13.0107010    0.033485484813
     19   S      36             1.9622572    0.234721870881
     19   S      37             0.4445380    0.813770285260
 
     20   S      38             0.1219496    1.000000000000
 
     21   P      39             0.8000000    1.000000000000

 H         
 
     22   S      40            13.0107010    0.033485484813
     22   S      41             1.9622572    0.234721870881
     22   S      42             0.4445380    0.813770285260
 
     23   S      43             0.1219496    1.000000000000
 
     24   P      44             0.8000000    1.000000000000

 Total Number of Basis Set Shells             =   24
 Total Number of Primitives                   =   44
 Number of Cartesian Gaussian Basis Functions =   50
 Number of Electrons                          =   19
 Charge of Molecule                           =    1
 Spin Multiplicity                            =    2
 Number of Occupied Orbitals (Alpha)          =   10
 Number of Occupied Orbitals (Beta )          =    9
 Total Number of Atoms                        =    6

 Input Run Options
 -----------------
 IRUNTYP = 1  MULT = 2  ICHARG =  1 IECP = 0  IEMOM = 1  UNITS = ANGS    

 Integral Options
 ----------------
 CUTOFF = 1.0E-09   ISCHWZ = 1   ERITYP = FULL

 Input NOF Options
 -----------------

 Type of calculation =    Coeff. Opt.:   (ICOEF)         1
 Use Softmax function for Occ. Opt.:     (ISOFTMAX)      1
 Type of Orb. Opt. = Orbital Rotations:  (IORBOPT)       4
 Maximum Number of Occ-Coef Outer Iter.: (MAXIT)      1000

 Natural Orbital Functional Selected:    (IPNOF)         7
 Spin-Multiplet, High-Spin State Option: (HighSpin)      F
 
 Restart calculation Option:             (RESTART)       F
 Restart Gamma Matrix from GCF file:     (INPUTGAMMA)    0
 Coefficient Matrix from GCF file:       (INPUTC)        0
 Diagonal Elements FMIUG from GCF file:  (INPUTFMIUG)    0
 Cartesian Coordinates from GCF file:    (INPUTCXYZ)     0
 Orthogonalize the initial Orbitals:     (ORTHO)         T

 Output Option:                          (NPRINT)        0
 Output the Coefficient Matrix:          (IWRITEC)       0
 Do a Mulliken Population Analysis:      (IMULPOP)       0
 Write Information into a WFN file:      (IAIMPAC)       1
 Write Information into a FCHK file:     (IFCHK)         1
 Write Information into a MLP file:      (MOLDEN)        1
 Create Ini. Cond. (ini.xyz) file:       (INICOND)       1
 Calculate IPs using Ext. Koopmans Theo: (IEKT)          0
 Write APSG expansion coefficient file:  (APSG)          F
 Output option for Lagrange Multipliers: (PRINTLAG)      F
 Diagonalize matrix of Lag. Multipliers: (DIAGLAG)       F

------------------------------------------------------------------------

 Orbital Space
 -------------

 Inactive Doubly occupied orbitals up to NO1  =    0
 No. considered Strongly Doubly occupied MOs  =    9
 No. considered Strongly Singly occupied MOs  =    1
 No. of Weakly occ. per St. Doubly occ.  MOs  =    4
 Dimension of the Active Nat. Orb. subspace   =   45
 Secondary Empty orbitals                     =    4

 1e- integrals
 -------------
 Time to do integrals =      0.00
 Guess for MOs = HCORE
      1037 MOs were matched and         0 equalized to zero

 2e- integrals
 -------------
 DONTW option skips storage 2e- integrals on Unit 1
              650073 2e- integrals in     1 records
 Time to do integrals =      0.09

 Input for Coefficients is HCORE


  RESULTS OF OCCUPATION-COEFFICIENT OPTIMIZATION
 ================================================

  Ex It  Occ Time  Orb Time  Orb It   Electronic Energy     Total Energy   Energy Convergency    Max Mul-Lag Diff

    1    7.2E-01   3.3E+00      10    -182.7630562662     -144.6602598809    -6.4762264181           0.457991
    2    7.9E-01   3.4E+00      10    -186.5660287673     -148.4632323819    -3.8029725011           0.301752
    3    7.2E-01   3.3E+00      10    -188.5253021547     -150.4225057693    -1.9592733873           0.192849
    4    7.5E-01   3.5E+00      10    -189.3107769355     -151.2079805501    -0.7854747808           0.123055
    5    7.0E-01   3.3E+00      10    -189.6054954062     -151.5026990208    -0.2947184707           0.093852
    6    7.0E-01   3.3E+00      10    -189.7322776787     -151.6294812934    -0.1267822726           0.072896
    7    7.1E-01   3.3E+00      10    -189.7929869388     -151.6901905534    -0.0607092601           0.044277
    8    7.1E-01   3.4E+00      10    -189.8286130597     -151.7258166743    -0.0356261209           0.032686
    9    6.9E-01   3.3E+00      10    -189.8462640060     -151.7434676206    -0.0176509463           0.026546
   10    6.8E-01   3.3E+00      10    -189.8543320067     -151.7515356213    -0.0080680007           0.027262
   11    7.1E-01   3.5E+00      10    -189.8576774334     -151.7548810480    -0.0033454267           0.031660
   12    6.8E-01   3.4E+00      10    -189.8592932271     -151.7564968417    -0.0016157937           0.026687
   13    7.1E-01   3.3E+00      10    -189.8600340714     -151.7572376860    -0.0007408443           0.021141
   14    6.9E-01   3.3E+00      10    -189.8610069767     -151.7582105913    -0.0009729053           0.023194
   15    6.9E-01   3.5E+00      10    -189.8607878019     -151.7579914165     0.0002191748           0.029895
   16    7.1E-01   6.3E+00      20    -189.8630273204     -151.7602309350    -0.0022395185           0.001131
   17    6.7E-01   6.2E+00      20    -189.8630888613     -151.7602924759    -0.0000615409           0.000522
   18    6.8E-01   6.1E+00      20    -189.8631395402     -151.7603431548    -0.0000506788           0.000483
   19    6.8E-01   6.1E+00      20    -189.8631879567     -151.7603915713    -0.0000484165           0.000425
   20    6.8E-01   6.1E+00      20    -189.8632461243     -151.7604497389    -0.0000581676           0.000445
   21    6.7E-01   6.1E+00      20    -189.8633237725     -151.7605273871    -0.0000776482           0.000465
   22    7.0E-01   6.1E+00      20    -189.8634191391     -151.7606227537    -0.0000953666           0.000432
   23    6.7E-01   6.1E+00      20    -189.8635114618     -151.7607150764    -0.0000923228           0.000447
   24    6.7E-01   6.1E+00      20    -189.8635962260     -151.7607998406    -0.0000847641           0.000442
   25    6.7E-01   6.3E+00      20    -189.8636737111     -151.7608773257    -0.0000774852           0.000429
   26    6.7E-01   6.4E+00      20    -189.8637455979     -151.7609492125    -0.0000718868           0.000482
   27    7.3E-01   6.5E+00      20    -189.8638135322     -151.7610171468    -0.0000679343           0.000451
   28    7.1E-01   6.5E+00      20    -189.8638755026     -151.7610791172    -0.0000619703           0.000422
   29    7.1E-01   6.5E+00      20    -189.8639326147     -151.7611362293    -0.0000571121           0.000457
   30    7.1E-01   6.5E+00      20    -189.8639843266     -151.7611879412    -0.0000517119           0.000476
   31    7.2E-01   6.5E+00      20    -189.8640306359     -151.7612342505    -0.0000463092           0.000417
   32    7.1E-01   6.5E+00      20    -189.8640710733     -151.7612746879    -0.0000404375           0.000397
   33    7.1E-01   6.5E+00      20    -189.8641058728     -151.7613094874    -0.0000347995           0.000415
   34    7.2E-01   6.5E+00      20    -189.8641353351     -151.7613389497    -0.0000294623           0.000447
   35    7.2E-01   6.5E+00      20    -189.8641603984     -151.7613640130    -0.0000250634           0.000442
   36    7.2E-01   6.5E+00      20    -189.8641817929     -151.7613854076    -0.0000213945           0.000434
   37    7.1E-01   6.5E+00      20    -189.8641991354     -151.7614027500    -0.0000173424           0.000459
   38    7.2E-01   6.5E+00      20    -189.8642119131     -151.7614155277    -0.0000127777           0.000433
   39    7.1E-01   6.5E+00      20    -189.8642200407     -151.7614236553    -0.0000081276           0.000467
   40    7.1E-01   6.5E+00      20    -189.8642242654     -151.7614278801    -0.0000042247           0.000447
   41    7.1E-01   6.5E+00      20    -189.8642262692     -151.7614298838    -0.0000020037           0.000431
   42    7.2E-01   9.5E+00      30    -189.8642279444     -151.7614315590    -0.0000016752           0.000202
   43    7.0E-01   1.2E+01      40    -189.8642284078     -151.7614320224    -0.0000004635           0.000041


  RESULTS OF THE OCCUPATION OPTIMIZATION
 ========================================

   OM     Occupation      Elag Diag

    1      1.9999144    -20.7983423
    2      1.9999045    -21.0593815
    3      1.9874408     -1.0250674
    4      1.9847177     -1.2706249
    5      1.9774931     -0.9027838
    6      1.9704445     -1.3579005
    7      1.9686783     -1.0697475
    8      1.9686579     -1.0695404
    9      1.9683672     -1.3206748
   10      1.0000000     -0.5334552
   11      0.0264769     -0.0293350
   12      0.0260313     -0.0256551
   13      0.0260285     -0.0256571
   14      0.0262174     -0.0294551
   15      0.0204865     -0.0156913
   16      0.0022409     -0.0038615
   17      0.0004418     -0.0009127
   18      0.0000018     -0.0000367
   19      0.0000038     -0.0000817
   20      0.0019268     -0.0035466
   21      0.0015550     -0.0023834
   22      0.0027383     -0.0037073
   23      0.0003754     -0.0007611
   24      0.0013335     -0.0018998
   25      0.0108867     -0.0124068
   26      0.0109536     -0.0117096
   27      0.0000890     -0.0018931
   28      0.0000786     -0.0017143
   29      0.0028577     -0.0044748
   30      0.0027513     -0.0037204
   31      0.0015503     -0.0023775
   32      0.0027881     -0.0044083
   33      0.0002870     -0.0004867
   34      0.0017521     -0.0031769
   35      0.0008145     -0.0015445
   36      0.0000016     -0.0000324
   37      0.0000012     -0.0000228
   38      0.0003714     -0.0007349
   39      0.0010045     -0.0015724
   40      0.0010046     -0.0015728
   41      0.0001746     -0.0003599
   42      0.0004000     -0.0007195
   43      0.0004025     -0.0008654
   44      0.0003493     -0.0007006
   45      0.0000030     -0.0000610
   46      0.0000020     -0.0000402

   RO Sum (  19) =   19.00

  ---------------
   Dipole Moment
  ---------------

      4.3781 Debye [   1.7225  (  -1.7205,   0.0010,   0.0838) ]

 ----------------
  Final Energies  
 ----------------

  Final NOF Total Energy =     -151.7614320224 ( 4.E-05 , 0.E+00 )


  **************************************************
  *                                                *
  *       SINGLE-POINT DoNOF CALCULATION           *
  *                                                *
  *             FULL OPTIMIZATION                  *
  *                                                *
  *  FINAL RESULTS   FINAL RESULTS  FINAL RESULTS  *
  *                                                *
  **************************************************

  **************************************************
  *         No. EXTERNAL ITER =    43              *
  *         No. of TOTAL ITER =   740              *
  **************************************************

  Elapsed real time :    269.06  (Seconds)

 The execution finished at 10h 21min on the 11/28/2024
