 This is the parallel version of the code
 This is the parallel version of the code
 This is the parallel version of the code
 This is the parallel version of the code
 This is the parallel version of the code
 This is the parallel version of the code
 This is the parallel version of the code
 This is the parallel version of the code
Master:    0

 The execution started at 17h  1min on the  1/30/2025

    ===========================================================
    !                                                         !
    !                        Do N O F                         !
    !                                                         !
    !  (Donostia Natural Orbital Functional Software Program) !
    !                                                         !
    !               COPYRIGHT by Mario Piris                  !
    !                                                         !
    !      Donostia International Physics Center (DIPC)       !
    !       University of the Basque Country (UPV/EHU)        !
    !       Basque Foundation for Science (IKERBASQUE)        !
    !                                                         !
    !          GNU General Public License version 3           !
    !                                                         !
    !                  VERSION: Mayo 2024                     !
    !                                                         !
    ===========================================================

 Run Title
 ---------
 p30-5 set                                                                       

 Basis Set
 ---------
 /beegfs_agamede/gscratch/povmieci/SCRATCH/94369/def2-svp.bas                    

 Atom      Charge                Coordinates (Bohr)
                           x             y             z
 CL         17.0       -1.0601       -1.8796        0.0000
 O           8.0        0.0000        1.8117        0.0000
 O           8.0        2.2527        2.1824        0.0000

 Atomic Basis Set
 ----------------
 The contracted primitive functions were unnormalized
 The contracted basis functions are now normalized to unity

  Shell Type  Primitive         Exponent  Contraction Coefficient

 CL        

      1   S       1         10449.8275660    0.005426595379
      1   S       2          1571.7365221    0.040626378129
      1   S       3           357.1206552    0.183597478529
      1   S       4           100.2518594    0.474389487682
      1   S       5            30.8127276    0.437351811041

      2   S       6            51.9237894   -0.092754154848
      2   S       7             5.7045761    0.563808255442
      2   S       8             2.3508377    0.503670446297

      3   S       9             0.4460512    1.000000000000

      4   S      10             0.1684886    1.000000000000

      5   P      11           307.6679057   -0.008879702559
      5   P      12            72.1020155   -0.064284071721
      5   P      13            22.5326803   -0.242887397360
      5   P      14             7.8991765   -0.483408363699
      5   P      15             2.8767268   -0.389525638755

      6   P      16             0.7745936    1.000000000000

      7   P      17             0.2103770    1.000000000000

      8   D      18             0.6500000    1.000000000000

 O         

      9   S      19          2266.1767785   -0.005389350392
      9   S      20           340.8701019   -0.040234721389
      9   S      21            77.3631352   -0.180081842055
      9   S      22            21.4796449   -0.468288576577
      9   S      23             6.6589433   -0.446926171602

     10   S      24             0.8097598    1.000000000000

     11   S      25             0.2553077    1.000000000000

     12   P      26            17.7215043    0.062630248763
     12   P      27             3.8635505    0.333311384824
     12   P      28             1.0480921    0.741486383081

     13   P      29             0.2764154    1.000000000000

     14   D      30             1.2000000    1.000000000000

 O         

     15   S      31          2266.1767785   -0.005389350392
     15   S      32           340.8701019   -0.040234721389
     15   S      33            77.3631352   -0.180081842055
     15   S      34            21.4796449   -0.468288576577
     15   S      35             6.6589433   -0.446926171602

     16   S      36             0.8097598    1.000000000000

     17   S      37             0.2553077    1.000000000000

     18   P      38            17.7215043    0.062630248763
     18   P      39             3.8635505    0.333311384824
     18   P      40             1.0480921    0.741486383081

     19   P      41             0.2764154    1.000000000000

     20   D      42             1.2000000    1.000000000000

 Total Number of Basis Set Shells             =   20
 Total Number of Primitives                   =   42
 Number of Cartesian Gaussian Basis Functions =   49
 Number of Electrons                          =   33
 Charge of Molecule                           =    0
 Spin Multiplicity                            =    2
 Number of Occupied Orbitals (Alpha)          =   17
 Number of Occupied Orbitals (Beta )          =   16
 Total Number of Atoms                        =    3

 Input Run Options
 -----------------
 IRUNTYP = 1  MULT = 2  ICHARG =  0 IECP = 0  IEMOM = 1  UNITS = ANGS    

 Integral Options
 ----------------
 CUTOFF = 1.0E-09   ISCHWZ = 0   ERITYP = FULL

 Input NOF Options
 -----------------

 Type of calculation =    Coeff. Opt.:   (ICOEF)         1
 Trigonometric functions for Occ. Opt.:  (ISOFTMAX)      0
 Type of Orb. Opt. = Orbital Rotations:  (IORBOPT)       4
 Maximum Number of Occ-Coef Outer Iter.: (MAXIT)      1000

 Natural Orbital Functional Selected:    (IPNOF)         7
 Spin-Multiplet, High-Spin State Option: (HighSpin)      F

 Restart calculation Option:             (RESTART)       T
 Orthogonalize the initial Orbitals:     (ORTHO)         T

 Output Option:                          (NPRINT)        0
 Output the Coefficient Matrix:          (IWRITEC)       0
 Do a Mulliken Population Analysis:      (IMULPOP)       0
 Write Information into a WFN file:      (IAIMPAC)       1
 Write Information into a FCHK file:     (IFCHK)         1
 Write Information into a MLP file:      (MOLDEN)        1
 Create Ini. Cond. (ini.xyz) file:       (INICOND)       1
 Calculate IPs using Ext. Koopmans Theo: (IEKT)          0
 Write APSG expansion coefficient file:  (APSG)          F
 Output option for Lagrange Multipliers: (PRINTLAG)      F
 Diagonalize matrix of Lag. Multipliers: (DIAGLAG)       F

 Nuclear Coordinates from GCF file:
 ----------------------------------

 Atom      Charge                Coordinates (Bohr)
                           x             y             z
 CL      17.00000       -1.0601       -1.8796        0.0000
 O        8.00000        0.0000        1.8117        0.0000
 O        8.00000        2.2527        2.1824        0.0000

------------------------------------------------------------------------

 Orbital Space
 -------------

 Inactive Doubly occupied orbitals up to NO1  =    0
 No. considered Strongly Doubly occupied MOs  =   16
 No. considered Strongly Singly occupied MOs  =    1
 No. of Weakly occ. per St. Doubly occ.  MOs  =    2
 Dimension of the Active Nat. Orb. subspace   =   48
 Secondary Empty orbitals                     =    0

 1e- integrals
 -------------
 Time to do integrals =      0.00
 Guess for MOs = HCORE
         0 MOs were matched and         5 equalized to zero

 2e- integrals
 -------------
 DONTW option skips storage 2e- integrals on Unit 1
              332349 2e- integrals in     1 records
 Time to do integrals =      0.06

 ROHF SCF Calculation
 --------------------
 EXTRAP=T  DAMP=T  DIIS=T
 DMat Conv = 1.0E-05  Ener Tol = 1.0E-08
 Ener Conv = 1.0E-10  DMat Tol = 2.0E-05
 DIIS Conv = 1.0E-07  DMat Tol = 2.0E-05

 ITER      TOTAL ENERGY        E CHANGE     DEN. CHANGE    DIIS ERROR
   1     -586.7458769396  -586.7458769396  22.915607775   2.974948355
   2     -582.4950097046     4.2508672351   5.759782134   1.810725653
   3     -602.6322996887   -20.1372899841   0.118045886   0.896418065
   4     -602.7098391526    -0.0775394639   0.938935267   0.894961297
   5     -603.4263910096    -0.7165518570   0.328897260   0.883039596
   6     -603.7640635012    -0.3376724916   4.895289657   0.879016885
   7     -606.5663385553    -2.8022750541   0.440622032   0.749175789
   8     -607.1836611912    -0.6173226359   1.123185222   0.690204974
   9     -607.4540315268    -0.2703703356   1.148923587   0.495884566
  10     -606.3459832169     1.1080483099   0.878372339   0.724185677
  11     -608.6318550399    -2.2858718230   0.164920592   0.192464284
  12     -608.6927077456    -0.0608527057   0.102562931   0.083984044
  13     -608.7204917186    -0.0277839729   0.051994250   0.023419738
  14     -608.7260573560    -0.0055656374   0.021106149   0.017378296
  15     -608.7270001428    -0.0009427868   0.018114330   0.009535563
  16     -608.7275112846    -0.0005111418   0.008445409   0.003028437
  17     -608.7276219532    -0.0001106686   0.002525599   0.001365395
  18     -608.7276440675    -0.0000221143   0.001852759   0.000580401
  19     -608.7276491290    -0.0000050615   0.000446787   0.000106551
  20     -608.7276494150    -0.0000002861   0.000081569   0.000043423
  21     -608.7276494387    -0.0000000236   0.000067648   0.000022619
  22     -608.7276494487    -0.0000000100   0.000039767   0.000008168
  23     -608.7276494505    -0.0000000018   0.000009098   0.000002963

          -----------------
          DENSITY CONVERGED
          -----------------

 FINAL ROHF ENERGY IS     -608.7276494505 AFTER  23 ITERATIONS

          --------------------
          SPIN SZ   =    0.500
          S-SQUARED =    0.750
          --------------------

         WAVEFUNCTION NORMALIZATION =       1.0000000000

                ONE ELECTRON ENERGY =   -1018.1335946287
                TWO ELECTRON ENERGY =     320.0141870571
           NUCLEAR REPULSION ENERGY =      89.3917581212
                                      ------------------
                   RHF TOTAL ENERGY =    -608.7276494505

 ELECTRON-ELECTRON POTENTIAL ENERGY =     320.0141870571
  NUCLEUS-ELECTRON POTENTIAL ENERGY =   -1625.4996879310
   NUCLEUS-NUCLEUS POTENTIAL ENERGY =      89.3917581212
                                      ------------------
             TOTAL POTENTIAL ENERGY =   -1216.0937427527
               TOTAL KINETIC ENERGY =     607.3660933022
                 VIRIAL RATIO (V/T) =       2.0022417388

 Distribution Full ERIs:

 Integrals:                            332349
 Max size per slaves:                   41544
 Max size in master:                   373893

 No violations of the orthonormality


  RESULTS OF OCCUPATION-COEFFICIENT OPTIMIZATION
 ================================================

  Ex It  Occ Time  Orb Time  Orb It   Electronic Energy     Total Energy   Energy Convergency    Max Mul-Lag Diff

    1    9.5E-02   3.0E-01      10    -698.3376695932     -608.9459114720    -0.0244514781           0.176534
    2    1.0E-01   3.0E-01      10    -698.3678413992     -608.9760832780    -0.0301718060           0.154384
    3    9.6E-02   3.0E-01      10    -698.3765897402     -608.9848316190    -0.0087483410           0.146487
    4    1.0E-01   3.0E-01      10    -698.3854450046     -608.9936868834    -0.0088552643           0.104626
    5    1.0E-01   3.0E-01      10    -698.3879610139     -608.9962028927    -0.0025160093           0.131646
    6    1.0E-01   3.0E-01      10    -698.3918085142     -609.0000503930    -0.0038475003           0.121614
    7    1.0E-01   3.0E-01      10    -698.3925898226     -609.0008317014    -0.0007813084           0.147060
    8    1.0E-01   3.0E-01      10    -698.3936685639     -609.0019104427    -0.0010787413           0.117875
    9    9.4E-02   3.0E-01      10    -698.3938437782     -609.0020856570    -0.0001752143           0.124449
   10    9.0E-02   3.0E-01      10    -698.3938449322     -609.0020868110    -0.0000011540           0.133594
   11    8.2E-02   5.5E-01      20    -698.4008287575     -609.0090706363    -0.0069838253           0.004567
   12    9.6E-02   5.6E-01      20    -698.4009435927     -609.0091854715    -0.0001148352           0.002312
   13    9.6E-02   5.5E-01      20    -698.4010481605     -609.0092900393    -0.0001045678           0.002520
   14    9.2E-02   5.5E-01      20    -698.4011561100     -609.0093979888    -0.0001079494           0.002628
   15    9.3E-02   5.6E-01      20    -698.4012649632     -609.0095068421    -0.0001088533           0.002353
   16    8.9E-02   5.6E-01      20    -698.4013724040     -609.0096142828    -0.0001074407           0.002656
   17    8.9E-02   5.6E-01      20    -698.4014741387     -609.0097160175    -0.0001017347           0.002366
   18    9.5E-02   5.6E-01      20    -698.4015702710     -609.0098121499    -0.0000961324           0.002222
   19    8.2E-02   5.6E-01      20    -698.4016587160     -609.0099005948    -0.0000884449           0.002435
   20    8.8E-02   6.0E-01      20    -698.4017380312     -609.0099799100    -0.0000793152           0.002364
   21    8.8E-02   5.6E-01      20    -698.4018057314     -609.0100476102    -0.0000677002           0.002395
   22    9.3E-02   5.6E-01      20    -698.4018613715     -609.0101032503    -0.0000556401           0.002307
   23    8.3E-02   5.6E-01      20    -698.4019023921     -609.0101442709    -0.0000410206           0.002158
   24    9.0E-02   5.6E-01      20    -698.4019307885     -609.0101726673    -0.0000283964           0.002288
   25    8.5E-02   5.1E-01      20    -698.4019498110     -609.0101916898    -0.0000190225           0.002410
   26    7.9E-02   4.8E-01      20    -698.4019641671     -609.0102060459    -0.0000143561           0.002284
   27    6.6E-02   4.9E-01      20    -698.4019750563     -609.0102169351    -0.0000108892           0.002281
   28    7.9E-02   4.9E-01      20    -698.4019835752     -609.0102254540    -0.0000085189           0.002295
   29    6.5E-02   5.0E-01      20    -698.4019900862     -609.0102319651    -0.0000065110           0.002515
   30    7.9E-02   7.1E-01      30    -698.4020013952     -609.0102432740    -0.0000113089           0.000907
   31    6.2E-02   9.5E-01      40    -698.4020083456     -609.0102502244    -0.0000069504           0.000171
   32    6.1E-02   1.1E+00      50    -698.4020142648     -609.0102561436    -0.0000059192           0.000025
   33    6.3E-02   1.4E+00      60    -698.4020187755     -609.0102606543    -0.0000045106           0.000005
   34    7.3E-02   1.7E+00      70    -698.4020222186     -609.0102640974    -0.0000034431           0.000005
   35    6.4E-02   1.8E+00      80    -698.4020251333     -609.0102670121    -0.0000029147           0.000004
   36    8.1E-02   2.1E+00      90    -698.4020281076     -609.0102699864    -0.0000029743           0.000004
   37    2.2E-01   2.4E-02      90    -698.4020281760     -609.0102700548    -0.0000000684           0.000007


  RESULTS OF THE OCCUPATION OPTIMIZATION
 ========================================

   OM     Occupation      Elag Diag

    1      1.9999998   -104.8301563
    2      1.9999354     -8.6225230
    3      1.9999047    -20.7150422
    4      1.9999027    -20.7510065
    5      1.9998929     -8.7134786
    6      1.9998780     -8.8082981
    7      1.9998366     -8.6064310
    8      1.9873757     -0.9846297
    9      1.9844686     -1.0187378
   10      1.9835701     -1.0122285
   11      1.9835376     -1.0119100
   12      1.9833219     -0.9710338
   13      1.9762855     -0.5606770
   14      1.9748894     -0.5269496
   15      1.9518523     -1.0465313
   16      1.5446552     -0.4648688
   17      1.0000000     -0.3201599
   18      0.4540779     -0.1587255
   19      0.0460871     -0.0424724
   20      0.0134577     -0.0085482
   21      0.0113153     -0.0075134
   22      0.0147580     -0.0110013
   23      0.0144549     -0.0108808
   24      0.0144208     -0.0108589
   25      0.0136528     -0.0108708
   26      0.0070427     -0.0052447
   27      0.0001339     -0.0011359
   28      0.0000159     -0.0001672
   29      0.0000911     -0.0008243
   30      0.0000081     -0.0001650
   31      0.0000084     -0.0001713
   32      0.0000347     -0.0003087
   33      0.0000000     -0.0000037
   34      0.0012668     -0.0013489
   35      0.0020606     -0.0033779
   36      0.0116529     -0.0074142
   37      0.0123992     -0.0083544
   38      0.0019200     -0.0028266
   39      0.0020075     -0.0028544
   40      0.0020091     -0.0028551
   41      0.0018785     -0.0028556
   42      0.0055815     -0.0040516
   43      0.0000295     -0.0002796
   44      0.0001061     -0.0009635
   45      0.0000160     -0.0001677
   46      0.0000892     -0.0018809
   47      0.0000869     -0.0018290
   48      0.0000299     -0.0002781
   49      0.0000001     -0.0000107

   RO Sum (  33) =   33.00

  ---------------
   Dipole Moment
  ---------------

      0.1421 Debye [   0.0559  (  -0.0318,   0.0459,   0.0032) ]

 ----------------
  Final Energies  
 ----------------

  Final NOF Total Energy =     -609.0102700548 ( 7.E-06 , 0.E+00 )


  **************************************************
  *                                                *
  *       SINGLE-POINT DoNOF CALCULATION           *
  *                                                *
  *             FULL OPTIMIZATION                  *
  *                                                *
  *  FINAL RESULTS   FINAL RESULTS  FINAL RESULTS  *
  *                                                *
  **************************************************

  **************************************************
  *         No. EXTERNAL ITER =    37              *
  *         No. of TOTAL ITER =   990              *
  **************************************************

  Elapsed real time :     26.79  (Seconds)

 The execution finished at 17h  2min on the  1/30/2025
