 This is the parallel version of the code
 This is the parallel version of the code
 This is the parallel version of the code
 This is the parallel version of the code
Master:    0

 The execution started at 17h  1min on the  1/30/2025

    ===========================================================
    !                                                         !
    !                        Do N O F                         !
    !                                                         !
    !  (Donostia Natural Orbital Functional Software Program) !
    !                                                         !
    !               COPYRIGHT by Mario Piris                  !
    !                                                         !
    !      Donostia International Physics Center (DIPC)       !
    !       University of the Basque Country (UPV/EHU)        !
    !       Basque Foundation for Science (IKERBASQUE)        !
    !                                                         !
    !          GNU General Public License version 3           !
    !                                                         !
    !                  VERSION: Mayo 2024                     !
    !                                                         !
    ===========================================================

 Run Title
 ---------
 p30-5 set                                                                       

 Basis Set
 ---------
 /beegfs_agamede/gscratch/povmieci/SCRATCH/94366/def2-svp.bas                    

 Atom      Charge                Coordinates (Bohr)
                           x             y             z
 S          16.0        0.0000        0.0000        0.0000
 O           8.0        0.0000        2.6887        0.0000
 O           8.0        2.3285       -1.3443        0.0000
 O           8.0       -2.3285       -1.3443        0.0000

 Atomic Basis Set
 ----------------
 The contracted primitive functions were unnormalized
 The contracted basis functions are now normalized to unity

  Shell Type  Primitive         Exponent  Contraction Coefficient

 S         

      1   S       1          9184.9303010   -0.005472946613
      1   S       2          1381.5105503   -0.040954402155
      1   S       3           313.8714758   -0.184758289562
      1   S       4            88.0538706   -0.475672806440
      1   S       5            27.0399149   -0.434951535842

      2   S       6            45.6487313   -0.091904045809
      2   S       7             4.9664522    0.556987772145
      2   S       8             2.0116242    0.511154682985

      3   S       9             0.3566108    1.000000000000

      4   S      10             0.1350722    1.000000000000

      5   P      11           261.9823344   -0.009183054659
      5   P      12            61.3068947   -0.065902226526
      5   P      13            19.1037299   -0.245877845187
      5   P      14             6.6567720   -0.482314710760
      5   P      15             2.3959635   -0.389563143514

      6   P      16             0.6177616    1.000000000000

      7   P      17             0.1699338    1.000000000000

      8   D      18             0.5500000    1.000000000000

 O         

      9   S      19          2266.1767785   -0.005389350392
      9   S      20           340.8701019   -0.040234721389
      9   S      21            77.3631352   -0.180081842055
      9   S      22            21.4796449   -0.468288576577
      9   S      23             6.6589433   -0.446926171602

     10   S      24             0.8097598    1.000000000000

     11   S      25             0.2553077    1.000000000000

     12   P      26            17.7215043    0.062630248763
     12   P      27             3.8635505    0.333311384824
     12   P      28             1.0480921    0.741486383081

     13   P      29             0.2764154    1.000000000000

     14   D      30             1.2000000    1.000000000000

 O         

     15   S      31          2266.1767785   -0.005389350392
     15   S      32           340.8701019   -0.040234721389
     15   S      33            77.3631352   -0.180081842055
     15   S      34            21.4796449   -0.468288576577
     15   S      35             6.6589433   -0.446926171602

     16   S      36             0.8097598    1.000000000000

     17   S      37             0.2553077    1.000000000000

     18   P      38            17.7215043    0.062630248763
     18   P      39             3.8635505    0.333311384824
     18   P      40             1.0480921    0.741486383081

     19   P      41             0.2764154    1.000000000000

     20   D      42             1.2000000    1.000000000000

 O         

     21   S      43          2266.1767785   -0.005389350392
     21   S      44           340.8701019   -0.040234721389
     21   S      45            77.3631352   -0.180081842055
     21   S      46            21.4796449   -0.468288576577
     21   S      47             6.6589433   -0.446926171602

     22   S      48             0.8097598    1.000000000000

     23   S      49             0.2553077    1.000000000000

     24   P      50            17.7215043    0.062630248763
     24   P      51             3.8635505    0.333311384824
     24   P      52             1.0480921    0.741486383081

     25   P      53             0.2764154    1.000000000000

     26   D      54             1.2000000    1.000000000000

 Total Number of Basis Set Shells             =   26
 Total Number of Primitives                   =   54
 Number of Cartesian Gaussian Basis Functions =   64
 Number of Electrons                          =   40
 Charge of Molecule                           =    0
 Spin Multiplicity                            =    1
 Number of Occupied Orbitals (Alpha)          =   20
 Number of Occupied Orbitals (Beta )          =   20
 Total Number of Atoms                        =    4

 Input Run Options
 -----------------
 IRUNTYP = 1  MULT = 1  ICHARG =  0 IECP = 0  IEMOM = 1  UNITS = ANGS    

 Integral Options
 ----------------
 CUTOFF = 1.0E-09   ISCHWZ = 0   ERITYP = FULL

 Input NOF Options
 -----------------

 Type of calculation =    Coeff. Opt.:   (ICOEF)         1
 Trigonometric functions for Occ. Opt.:  (ISOFTMAX)      0
 Type of Orb. Opt. = Orbital Rotations:  (IORBOPT)       4
 Maximum Number of Occ-Coef Outer Iter.: (MAXIT)      1000

 Natural Orbital Functional Selected:    (IPNOF)         7

 Restart calculation Option:             (RESTART)       T
 Orthogonalize the initial Orbitals:     (ORTHO)         T

 Output Option:                          (NPRINT)        0
 Output the Coefficient Matrix:          (IWRITEC)       0
 Do a Mulliken Population Analysis:      (IMULPOP)       0
 Write Information into a WFN file:      (IAIMPAC)       1
 Write Information into a FCHK file:     (IFCHK)         1
 Write Information into a MLP file:      (MOLDEN)        1
 Create Ini. Cond. (ini.xyz) file:       (INICOND)       1
 Calculate IPs using Ext. Koopmans Theo: (IEKT)          0
 Write APSG expansion coefficient file:  (APSG)          F
 Output option for Lagrange Multipliers: (PRINTLAG)      F
 Diagonalize matrix of Lag. Multipliers: (DIAGLAG)       F

 Nuclear Coordinates from GCF file:
 ----------------------------------

 Atom      Charge                Coordinates (Bohr)
                           x             y             z
 S       16.00000        0.0000        0.0000        0.0000
 O        8.00000        0.0000        2.6887        0.0000
 O        8.00000        2.3285       -1.3443        0.0000
 O        8.00000       -2.3285       -1.3443        0.0000

------------------------------------------------------------------------

 Orbital Space
 -------------

 Inactive Doubly occupied orbitals up to NO1  =    0
 No. considered Strongly Doubly occupied MOs  =   20
 No. considered Strongly Singly occupied MOs  =    0
 No. of Weakly occ. per St. Doubly occ.  MOs  =    2
 Dimension of the Active Nat. Orb. subspace   =   60
 Secondary Empty orbitals                     =    4

 1e- integrals
 -------------
 Time to do integrals =      0.00
 Guess for MOs = HCORE
       602 MOs were matched and       119 equalized to zero

 2e- integrals
 -------------
 DONTW option skips storage 2e- integrals on Unit 1
              959606 2e- integrals in     1 records
 Time to do integrals =      0.14

 RHF SCF Calculation
 -------------------
 EXTRAP=T  DAMP=T  DIIS=T
 DMat Conv = 1.0E-05  Ener Tol = 1.0E-08
 Ener Conv = 1.0E-10  DMat Tol = 2.0E-05
 DIIS Conv = 1.0E-07  DMat Tol = 2.0E-05

 ITER      TOTAL ENERGY        E CHANGE     DEN. CHANGE    DIIS ERROR
   1     -588.9606662147  -588.9606662147  27.973749694   2.107158234
   2     -613.8438193289   -24.8831531141   0.646932855   1.337111208
   3     -620.0100441401    -6.1662248113   1.831967679   0.611308942
   4     -621.0785254800    -1.0684813399   1.329914888   0.421811270
   5     -621.4006103773    -0.3220848974   0.369316230   0.263353593
   6     -621.6797166017    -0.2791062243   0.022603417   0.019839093
   7     -621.6819137994    -0.0021971978   0.005523703   0.005975356
   8     -621.6821633965    -0.0002495971   0.001523399   0.001311682
   9     -621.6821763378    -0.0000129413   0.000423112   0.000289864
  10     -621.6821771389    -0.0000008010   0.000094969   0.000067093
  11     -621.6821771664    -0.0000000276   0.000011371   0.000007366
  12     -621.6821771669    -0.0000000005   0.000002139   0.000001663

          -----------------
          DENSITY CONVERGED
          -----------------

 FINAL RHF ENERGY IS     -621.6821771669 AFTER  12 ITERATIONS

         WAVEFUNCTION NORMALIZATION =       1.0000000000

                ONE ELECTRON ENERGY =   -1221.6767936253
                TWO ELECTRON ENERGY =     415.9449293267
           NUCLEAR REPULSION ENERGY =     184.0496871317
                                      ------------------
                   RHF TOTAL ENERGY =    -621.6821771669

 ELECTRON-ELECTRON POTENTIAL ENERGY =     415.9449293267
  NUCLEUS-ELECTRON POTENTIAL ENERGY =   -1841.5859808137
   NUCLEUS-NUCLEUS POTENTIAL ENERGY =     184.0496871317
                                      ------------------
             TOTAL POTENTIAL ENERGY =   -1241.5913643553
               TOTAL KINETIC ENERGY =     619.9091871884
                 VIRIAL RATIO (V/T) =       2.0028600802

 Distribution Full ERIs:

 Integrals:                            959606
 Max size per slaves:                  239902
 Max size in master:                  1199508

 No violations of the orthonormality


  RESULTS OF OCCUPATION-COEFFICIENT OPTIMIZATION
 ================================================

  Ex It  Occ Time  Orb Time  Orb It   Electronic Energy     Total Energy   Energy Convergency    Max Mul-Lag Diff

    1    3.2E-01   1.5E+00      10    -805.9044470258     -621.8547598941    -0.0223377476           0.224484
    2    3.2E-01   1.5E+00      10    -805.9288965984     -621.8792094667    -0.0244495726           0.104096
    3    3.0E-01   1.5E+00      10    -805.9386118295     -621.8889246978    -0.0097152310           0.135439
    4    3.2E-01   1.5E+00      10    -805.9477823950     -621.8980952633    -0.0091705655           0.105624
    5    3.1E-01   1.6E+00      10    -805.9527266862     -621.9030395545    -0.0049442912           0.108259
    6    3.1E-01   1.6E+00      10    -805.9570089286     -621.9073217969    -0.0042822424           0.095360
    7    3.1E-01   1.6E+00      10    -805.9563608534     -621.9066737217     0.0006480752           0.107040
    8    3.1E-01   2.9E+00      20    -805.9677231801     -621.9180360484    -0.0113623267           0.004453
    9    3.0E-01   2.9E+00      20    -805.9679960217     -621.9183088901    -0.0002728417           0.002532
   10    3.0E-01   2.9E+00      20    -805.9681412641     -621.9184541324    -0.0001452424           0.002270
   11    2.7E-01   2.9E+00      20    -805.9682276141     -621.9185404824    -0.0000863499           0.002365
   12    3.0E-01   2.9E+00      20    -805.9682875479     -621.9186004162    -0.0000599338           0.002246
   13    2.6E-01   2.8E+00      20    -805.9683337649     -621.9186466332    -0.0000462170           0.002446
   14    2.7E-01   2.9E+00      20    -805.9683742867     -621.9186871550    -0.0000405218           0.002201
   15    2.7E-01   2.9E+00      20    -805.9684087567     -621.9187216250    -0.0000344700           0.002198
   16    2.7E-01   2.9E+00      20    -805.9684380057     -621.9187508740    -0.0000292490           0.002350
   17    2.9E-01   2.9E+00      20    -805.9684626501     -621.9187755184    -0.0000246444           0.002330
   18    2.7E-01   3.0E+00      20    -805.9684812774     -621.9187941457    -0.0000186274           0.002019
   19    2.8E-01   3.0E+00      20    -805.9684957927     -621.9188086610    -0.0000145152           0.002153
   20    3.2E-01   3.0E+00      20    -805.9685058014     -621.9188186697    -0.0000100087           0.002227
   21    2.8E-01   4.4E+00      30    -805.9685206515     -621.9188335198    -0.0000148501           0.000818
   22    2.8E-01   5.8E+00      40    -805.9685294260     -621.9188422943    -0.0000087745           0.000155
   23    3.3E-01   5.8E+00      40    -805.9685348411     -621.9188477094    -0.0000054150           0.000157
   24    2.7E-01   7.2E+00      50    -805.9685380624     -621.9188509307    -0.0000032213           0.000023
   25    3.3E-01   8.5E+00      60    -805.9685404768     -621.9188533451    -0.0000024144           0.000002
   26    2.8E-01   9.9E+00      70    -805.9685415634     -621.9188544317    -0.0000010866           0.000000
   27    2.8E-01   1.1E+01      80    -805.9685426742     -621.9188555425    -0.0000011108           0.000000
   28    3.0E-01   1.2E+01      90    -805.9685441779     -621.9188570462    -0.0000015037           0.000001
   29    2.7E-01   1.4E+01     100    -805.9685452471     -621.9188581154    -0.0000010691           0.000000
   30    2.8E-01   1.5E+01     110    -805.9685460744     -621.9188589427    -0.0000008273           0.000000
   31    3.0E-01   1.6E+01     120    -805.9685473040     -621.9188601723    -0.0000012297           0.000000
   32    2.6E-01   1.7E+01     130    -805.9685479835     -621.9188608518    -0.0000006795           0.000000
   33    2.5E-01   1.8E+01     140    -805.9685485696     -621.9188614379    -0.0000005861           0.000000
   34    2.9E-01   2.0E+01     150    -805.9685491356     -621.9188620039    -0.0000005661           0.000000
   35    3.1E-01   2.3E+01     160    -805.9685498612     -621.9188627295    -0.0000007256           0.000000
   36    2.7E-01   2.4E+01     170    -805.9685502733     -621.9188631416    -0.0000004121           0.000000
   37    2.7E-01   2.6E+01     180    -805.9685506477     -621.9188635160    -0.0000003744           0.000000
   38    2.8E-01   2.7E+01     190    -805.9685510060     -621.9188638743    -0.0000003583           0.000000
   39    2.8E-01   2.9E+01     200    -805.9685513402     -621.9188642085    -0.0000003342           0.000000
   40    2.7E-01   2.7E+01     210    -805.9685516535     -621.9188645218    -0.0000003133           0.000000
   41    2.4E-01   2.9E+01     220    -805.9685519534     -621.9188648217    -0.0000002999           0.000000
   42    2.7E-01   3.2E+01     230    -805.9685522538     -621.9188651221    -0.0000003004           0.000000
   43    2.8E-01   3.3E+01     240    -805.9685525066     -621.9188653749    -0.0000002529           0.000000
   44    2.7E-01   3.4E+01     250    -805.9685527670     -621.9188656353    -0.0000002604           0.000000
   45    2.8E-01   3.6E+01     260    -805.9685530056     -621.9188658740    -0.0000002387           0.000000
   46    2.7E-01   3.7E+01     270    -805.9685532376     -621.9188661059    -0.0000002319           0.000000
   47    2.7E-01   3.9E+01     280    -805.9685534690     -621.9188663373    -0.0000002314           0.000000
   48    2.7E-01   4.0E+01     290    -805.9685536801     -621.9188665484    -0.0000002111           0.000000
   49    2.7E-01   4.2E+01     300    -805.9685538797     -621.9188667480    -0.0000001996           0.000000
   50    2.7E-01   4.4E+01     310    -805.9685540826     -621.9188669509    -0.0000002029           0.000000
   51    2.9E-01   1.5E-01     310    -805.9685541813     -621.9188670496    -0.0000000987           0.000012


  RESULTS OF THE OCCUPATION OPTIMIZATION
 ========================================

   OM     Occupation      Elag Diag

    1      1.9999998    -92.2670556
    2      1.9999346     -7.4672718
    3      1.9999317     -7.5376870
    4      1.9999313     -7.5325530
    5      1.9999308    -20.6485422
    6      1.9999305    -20.6482573
    7      1.9999305    -20.6485169
    8      1.9999160     -7.6020313
    9      1.9884038     -0.8785063
   10      1.9884012     -0.8782851
   11      1.9883913     -0.8790612
   12      1.9883794     -0.8783302
   13      1.9883750     -0.8793328
   14      1.9883654     -0.8788183
   15      1.9774313     -0.9293704
   16      1.9774313     -0.9306387
   17      1.9754668     -0.8960834
   18      1.9752946     -0.8938434
   19      1.9726444     -0.8607956
   20      1.9724445     -0.8588817
   21      0.0257327     -0.0214963
   22      0.0255366     -0.0213990
   23      0.0229119     -0.0201288
   24      0.0227430     -0.0200430
   25      0.0208022     -0.0191448
   26      0.0208069     -0.0191311
   27      0.0104134     -0.0109127
   28      0.0104047     -0.0109101
   29      0.0103999     -0.0109018
   30      0.0103896     -0.0108999
   31      0.0103805     -0.0108910
   32      0.0103785     -0.0108914
   33      0.0000152     -0.0001203
   34      0.0000675     -0.0014794
   35      0.0000675     -0.0014788
   36      0.0000016     -0.0000332
   37      0.0000112     -0.0000920
   38      0.0000104     -0.0000885
   39      0.0000541     -0.0004306
   40      0.0000001     -0.0000068
   41      0.0018228     -0.0024022
   42      0.0018190     -0.0023993
   43      0.0017935     -0.0024175
   44      0.0017902     -0.0024189
   45      0.0017665     -0.0024368
   46      0.0017617     -0.0024323
   47      0.0012213     -0.0020680
   48      0.0012204     -0.0020674
   49      0.0012207     -0.0020668
   50      0.0012191     -0.0020657
   51      0.0012183     -0.0020637
   52      0.0012177     -0.0020632
   53      0.0000688     -0.0005573
   54      0.0000020     -0.0000424
   55      0.0000021     -0.0000426
   56      0.0000676     -0.0014810
   57      0.0000574     -0.0004630
   58      0.0000579     -0.0004642
   59      0.0000113     -0.0000926
   60      0.0000001     -0.0000096

   RO Sum (  40) =   40.00

  ---------------
   Dipole Moment
  ---------------

      0.0062 Debye [   0.0024  (  -0.0004,  -0.0024,   0.0001) ]

 ----------------
  Final Energies  
 ----------------

  Final NOF Total Energy =     -621.9188670496 ( 1.E-05 , 0.E+00 )


  **************************************************
  *                                                *
  *       SINGLE-POINT DoNOF CALCULATION           *
  *                                                *
  *             FULL OPTIMIZATION                  *
  *                                                *
  *  FINAL RESULTS   FINAL RESULTS  FINAL RESULTS  *
  *                                                *
  **************************************************

  **************************************************
  *         No. EXTERNAL ITER =    51              *
  *         No. of TOTAL ITER =  5610              *
  **************************************************

  Elapsed real time :    749.93  (Seconds)

 The execution finished at 17h 13min on the  1/30/2025
