 This is the parallel version of the code
 This is the parallel version of the code
 This is the parallel version of the code
 This is the parallel version of the code
 This is the parallel version of the code
 This is the parallel version of the code
 This is the parallel version of the code
 This is the parallel version of the code
Master:    0

 The execution started at 17h  1min on the  1/30/2025

    ===========================================================
    !                                                         !
    !                        Do N O F                         !
    !                                                         !
    !  (Donostia Natural Orbital Functional Software Program) !
    !                                                         !
    !               COPYRIGHT by Mario Piris                  !
    !                                                         !
    !      Donostia International Physics Center (DIPC)       !
    !       University of the Basque Country (UPV/EHU)        !
    !       Basque Foundation for Science (IKERBASQUE)        !
    !                                                         !
    !          GNU General Public License version 3           !
    !                                                         !
    !                  VERSION: Mayo 2024                     !
    !                                                         !
    ===========================================================

 Run Title
 ---------
 p30-5 set                                                                       

 Basis Set
 ---------
 /beegfs_agamede/gscratch/povmieci/SCRATCH/94372/def2-svp.bas                    

 Atom      Charge                Coordinates (Bohr)
                           x             y             z
 AL         13.0        0.0000        0.0000        0.0000
 F           9.0        0.0000        3.0836        0.0000
 F           9.0        2.6705       -1.5418        0.0000
 F           9.0       -2.6705       -1.5418        0.0000

 Atomic Basis Set
 ----------------
 The contracted primitive functions were unnormalized
 The contracted basis functions are now normalized to unity

  Shell Type  Primitive         Exponent  Contraction Coefficient

 AL        

      1   S       1          5887.5727030    0.005651978962
      1   S       2           885.6122600    0.042218253427
      1   S       3           201.1360490    0.189187196726
      1   S       4            56.2849747    0.480435911881
      1   S       5            17.2295512    0.425872684294

      2   S       6            29.3402499    0.088568603239
      2   S       7             3.0439630   -0.543157066723
      2   S       8             1.1285540   -0.529385510294

      3   S       9             0.1423418    1.000000000000

      4   S      10             0.0544002    1.000000000000

      5   P      11           145.1191881    0.010726377859
      5   P      12            33.7178948    0.074103623546
      5   P      13            10.3698631    0.261296213060
      5   P      14             3.5135616    0.480201235327
      5   P      15             1.1980050    0.384382240624

      6   P      16             0.2658301    1.000000000000

      7   P      17             0.0710034    1.000000000000

      8   D      18             0.3000000    1.000000000000

 F         

      9   S      19          2894.8325990   -0.005349321176
      9   S      20           435.4193912   -0.039967734372
      9   S      21            98.8433289   -0.179412617888
      9   S      22            27.4851980   -0.468324686869
      9   S      23             8.5405498   -0.447241605328

     10   S      24             1.0654578    1.000000000000

     11   S      25             0.3324735    1.000000000000

     12   P      26            22.6966339   -0.064782148241
     12   P      27             4.9872339   -0.340357853553
     12   P      28             1.3491614   -0.734858153660

     13   P      29             0.3482988    1.000000000000

     14   D      30             1.4000000    1.000000000000

 F         

     15   S      31          2894.8325990   -0.005349321176
     15   S      32           435.4193912   -0.039967734372
     15   S      33            98.8433289   -0.179412617888
     15   S      34            27.4851980   -0.468324686869
     15   S      35             8.5405498   -0.447241605328

     16   S      36             1.0654578    1.000000000000

     17   S      37             0.3324735    1.000000000000

     18   P      38            22.6966339   -0.064782148241
     18   P      39             4.9872339   -0.340357853553
     18   P      40             1.3491614   -0.734858153660

     19   P      41             0.3482988    1.000000000000

     20   D      42             1.4000000    1.000000000000

 F         

     21   S      43          2894.8325990   -0.005349321176
     21   S      44           435.4193912   -0.039967734372
     21   S      45            98.8433289   -0.179412617888
     21   S      46            27.4851980   -0.468324686869
     21   S      47             8.5405498   -0.447241605328

     22   S      48             1.0654578    1.000000000000

     23   S      49             0.3324735    1.000000000000

     24   P      50            22.6966339   -0.064782148241
     24   P      51             4.9872339   -0.340357853553
     24   P      52             1.3491614   -0.734858153660

     25   P      53             0.3482988    1.000000000000

     26   D      54             1.4000000    1.000000000000

 Total Number of Basis Set Shells             =   26
 Total Number of Primitives                   =   54
 Number of Cartesian Gaussian Basis Functions =   64
 Number of Electrons                          =   40
 Charge of Molecule                           =    0
 Spin Multiplicity                            =    1
 Number of Occupied Orbitals (Alpha)          =   20
 Number of Occupied Orbitals (Beta )          =   20
 Total Number of Atoms                        =    4

 Input Run Options
 -----------------
 IRUNTYP = 1  MULT = 1  ICHARG =  0 IECP = 0  IEMOM = 1  UNITS = ANGS    

 Integral Options
 ----------------
 CUTOFF = 1.0E-09   ISCHWZ = 0   ERITYP = FULL

 Input NOF Options
 -----------------

 Type of calculation =    Coeff. Opt.:   (ICOEF)         1
 Trigonometric functions for Occ. Opt.:  (ISOFTMAX)      0
 Type of Orb. Opt. = Orbital Rotations:  (IORBOPT)       4
 Maximum Number of Occ-Coef Outer Iter.: (MAXIT)      1000

 Natural Orbital Functional Selected:    (IPNOF)         7

 Restart calculation Option:             (RESTART)       T
 Orthogonalize the initial Orbitals:     (ORTHO)         T

 Output Option:                          (NPRINT)        0
 Output the Coefficient Matrix:          (IWRITEC)       0
 Do a Mulliken Population Analysis:      (IMULPOP)       0
 Write Information into a WFN file:      (IAIMPAC)       1
 Write Information into a FCHK file:     (IFCHK)         1
 Write Information into a MLP file:      (MOLDEN)        1
 Create Ini. Cond. (ini.xyz) file:       (INICOND)       1
 Calculate IPs using Ext. Koopmans Theo: (IEKT)          0
 Write APSG expansion coefficient file:  (APSG)          F
 Output option for Lagrange Multipliers: (PRINTLAG)      F
 Diagonalize matrix of Lag. Multipliers: (DIAGLAG)       F

 Nuclear Coordinates from GCF file:
 ----------------------------------

 Atom      Charge                Coordinates (Bohr)
                           x             y             z
 AL      13.00000        0.0000        0.0000        0.0000
 F        9.00000        0.0000        3.0836        0.0000
 F        9.00000        2.6705       -1.5418        0.0000
 F        9.00000       -2.6705       -1.5418        0.0000

------------------------------------------------------------------------

 Orbital Space
 -------------

 Inactive Doubly occupied orbitals up to NO1  =    0
 No. considered Strongly Doubly occupied MOs  =   20
 No. considered Strongly Singly occupied MOs  =    0
 No. of Weakly occ. per St. Doubly occ.  MOs  =    2
 Dimension of the Active Nat. Orb. subspace   =   60
 Secondary Empty orbitals                     =    4

 1e- integrals
 -------------
 Time to do integrals =      0.00
 Guess for MOs = HCORE
       691 MOs were matched and       209 equalized to zero

 2e- integrals
 -------------
 DONTW option skips storage 2e- integrals on Unit 1
              767956 2e- integrals in     1 records
 Time to do integrals =      0.14

 RHF SCF Calculation
 -------------------
 EXTRAP=T  DAMP=T  DIIS=T
 DMat Conv = 1.0E-05  Ener Tol = 1.0E-08
 Ener Conv = 1.0E-10  DMat Tol = 2.0E-05
 DIIS Conv = 1.0E-07  DMat Tol = 2.0E-05

 ITER      TOTAL ENERGY        E CHANGE     DEN. CHANGE    DIIS ERROR
   1     -516.5272410882  -516.5272410882  13.815386619   4.017247595
   2     -524.1736849400    -7.6464438518   7.683052153   2.092966873
   3     -539.8925562276   -15.7188712877   0.290196596   0.368408800
   4     -540.0513862861    -0.1588300585   0.137035661   0.215038775
   5     -540.1452539561    -0.0938676699   0.016459770   0.014168895
   6     -540.1460008532    -0.0007468971   0.003739991   0.002094895
   7     -540.1460352839    -0.0000344307   0.000636311   0.000506021
   8     -540.1460366456    -0.0000013617   0.000207303   0.000148295
   9     -540.1460367904    -0.0000001447   0.000018100   0.000009371
  10     -540.1460367910    -0.0000000007   0.000001094   0.000001327

          -----------------
          DENSITY CONVERGED
          -----------------

 FINAL RHF ENERGY IS     -540.1460367910 AFTER  10 ITERATIONS

         WAVEFUNCTION NORMALIZATION =       1.0000000000

                ONE ELECTRON ENERGY =   -1073.1698143721
                TWO ELECTRON ENERGY =     373.6977459461
           NUCLEAR REPULSION ENERGY =     159.3260316350
                                      ------------------
                   RHF TOTAL ENERGY =    -540.1460367910

 ELECTRON-ELECTRON POTENTIAL ENERGY =     373.6977459461
  NUCLEUS-ELECTRON POTENTIAL ENERGY =   -1611.6403706347
   NUCLEUS-NUCLEUS POTENTIAL ENERGY =     159.3260316350
                                      ------------------
             TOTAL POTENTIAL ENERGY =   -1078.6165930536
               TOTAL KINETIC ENERGY =     538.4705562625
                 VIRIAL RATIO (V/T) =       2.0031115546

 Distribution Full ERIs:

 Integrals:                            767956
 Max size per slaves:                   95996
 Max size in master:                   863952

 No violations of the orthonormality


  RESULTS OF OCCUPATION-COEFFICIENT OPTIMIZATION
 ================================================

  Ex It  Occ Time  Orb Time  Orb It   Electronic Energy     Total Energy   Energy Convergency    Max Mul-Lag Diff

    1    2.3E-01   7.2E-01      10    -699.6090447125     -540.2830130775    -0.0052637103           0.115259
    2    2.3E-01   7.1E-01      10    -699.6308654917     -540.3048338567    -0.0218207792           0.065952
    3    2.2E-01   7.1E-01      10    -699.6472287346     -540.3211970995    -0.0163632429           0.073058
    4    2.2E-01   7.1E-01      10    -699.6655553177     -540.3395236827    -0.0183265831           0.071068
    5    2.2E-01   7.1E-01      10    -699.6750420480     -540.3490104129    -0.0094867303           0.092492
    6    2.6E-01   7.1E-01      10    -699.6827057606     -540.3566741256    -0.0076637127           0.075755
    7    2.2E-01   7.1E-01      10    -699.6868604169     -540.3608287819    -0.0041546563           0.074813
    8    2.2E-01   7.1E-01      10    -699.6908612903     -540.3648296553    -0.0040008735           0.077651
    9    2.0E-01   7.0E-01      10    -699.6923624165     -540.3663307815    -0.0015011261           0.065687
   10    2.1E-01   7.1E-01      10    -699.6935815600     -540.3675499250    -0.0012191436           0.063281
   11    2.1E-01   7.1E-01      10    -699.6933142477     -540.3672826127     0.0002673123           0.062496
   12    1.6E-01   1.3E+00      20    -699.7011974286     -540.3751657936    -0.0078831809           0.002953
   13    1.8E-01   1.3E+00      20    -699.7012857486     -540.3752541136    -0.0000883200           0.001366
   14    1.7E-01   1.3E+00      20    -699.7013510263     -540.3753193913    -0.0000652777           0.001241
   15    1.7E-01   1.3E+00      20    -699.7013975594     -540.3753659244    -0.0000465331           0.001433
   16    1.6E-01   1.3E+00      20    -699.7014410470     -540.3754094120    -0.0000434876           0.001547
   17    1.5E-01   1.3E+00      20    -699.7014730607     -540.3754414257    -0.0000320137           0.001198
   18    1.5E-01   1.3E+00      20    -699.7015032937     -540.3754716586    -0.0000302329           0.001243
   19    1.7E-01   1.9E+00      30    -699.7015460970     -540.3755144620    -0.0000428033           0.000522
   20    1.8E-01   1.9E+00      30    -699.7015847781     -540.3755531431    -0.0000386811           0.000526
   21    1.7E-01   1.9E+00      30    -699.7016249127     -540.3755932777    -0.0000401346           0.000522
   22    1.8E-01   1.9E+00      30    -699.7016631389     -540.3756315039    -0.0000382262           0.000505
   23    1.9E-01   1.9E+00      30    -699.7016960756     -540.3756644406    -0.0000329367           0.000496
   24    1.7E-01   2.5E+00      40    -699.7017284514     -540.3756968164    -0.0000323758           0.000109
   25    1.8E-01   3.1E+00      50    -699.7017543179     -540.3757226829    -0.0000258665           0.000031
   26    1.7E-01   3.7E+00      60    -699.7017766000     -540.3757449650    -0.0000222821           0.000026
   27    1.6E-01   4.3E+00      70    -699.7017950547     -540.3757634197    -0.0000184548           0.000020
   28    1.7E-01   4.9E+00      80    -699.7018095210     -540.3757778860    -0.0000144663           0.000015
   29    1.9E-01   5.5E+00      90    -699.7018202136     -540.3757885786    -0.0000106927           0.000011
   30    2.0E-01   5.9E+00     100    -699.7018281398     -540.3757965048    -0.0000079261           0.000008
   31    2.1E-01   6.5E+00     110    -699.7018332388     -540.3758016038    -0.0000050990           0.000005
   32    1.7E-01   7.2E+00     120    -699.7018365374     -540.3758049024    -0.0000032986           0.000004
   33    1.8E-01   7.8E+00     130    -699.7018385725     -540.3758069375    -0.0000020352           0.000003
   34    1.6E-01   8.4E+00     140    -699.7018397053     -540.3758080703    -0.0000011327           0.000002
   35    1.6E-01   9.0E+00     150    -699.7018403365     -540.3758087014    -0.0000006312           0.000001
   36    1.5E-01   5.6E-02     150    -699.7018404199     -540.3758087849    -0.0000000834           0.000008


  RESULTS OF THE OCCUPATION OPTIMIZATION
 ========================================

   OM     Occupation      Elag Diag

    1      1.9999999    -58.5405102
    2      1.9999601    -26.2935115
    3      1.9999601    -26.2934972
    4      1.9999601    -26.2934912
    5      1.9998467     -3.6767534
    6      1.9998418     -3.6974100
    7      1.9998363     -3.7135532
    8      1.9997860     -3.7501019
    9      1.9891371     -0.9001957
   10      1.9890953     -0.8989920
   11      1.9890799     -0.8985575
   12      1.9890608     -0.8979543
   13      1.9890527     -0.8977167
   14      1.9890013     -0.8963597
   15      1.9852885     -0.9203599
   16      1.9852884     -0.9202872
   17      1.9852880     -0.9202914
   18      1.9852862     -0.9203431
   19      1.9852845     -0.9202413
   20      1.9852831     -0.9202987
   21      0.0137686     -0.0153011
   22      0.0137666     -0.0152987
   23      0.0137653     -0.0152988
   24      0.0137629     -0.0152965
   25      0.0137626     -0.0152963
   26      0.0137630     -0.0152964
   27      0.0100093     -0.0120268
   28      0.0009881     -0.0019402
   29      0.0009894     -0.0019413
   30      0.0009894     -0.0019401
   31      0.0009896     -0.0019400
   32      0.0098742     -0.0119312
   33      0.0000127     -0.0000728
   34      0.0001514     -0.0006903
   35      0.0001453     -0.0006649
   36      0.0001405     -0.0006421
   37      0.0000004     -0.0000107
   38      0.0000004     -0.0000103
   39      0.0000004     -0.0000097
   40      0.0000000     -0.0000019
   41      0.0009483     -0.0020119
   42      0.0009488     -0.0020122
   43      0.0009485     -0.0020120
   44      0.0009491     -0.0020124
   45      0.0009490     -0.0020122
   46      0.0009486     -0.0020120
   47      0.0009894     -0.0019436
   48      0.0099592     -0.0119904
   49      0.0099499     -0.0119841
   50      0.0099306     -0.0119714
   51      0.0099151     -0.0119601
   52      0.0009888     -0.0019372
   53      0.0002013     -0.0008757
   54      0.0000123     -0.0000715
   55      0.0000129     -0.0000675
   56      0.0000127     -0.0000613
   57      0.0000395     -0.0010661
   58      0.0000395     -0.0010662
   59      0.0000395     -0.0010665
   60      0.0000001     -0.0000040

   RO Sum (  40) =   40.00

  ---------------
   Dipole Moment
  ---------------

      0.0005 Debye [   0.0002  (  -0.0001,  -0.0001,   0.0000) ]

 ----------------
  Final Energies  
 ----------------

  Final NOF Total Energy =     -540.3758087849 ( 8.E-06 , 0.E+00 )


  **************************************************
  *                                                *
  *       SINGLE-POINT DoNOF CALCULATION           *
  *                                                *
  *             FULL OPTIMIZATION                  *
  *                                                *
  *  FINAL RESULTS   FINAL RESULTS  FINAL RESULTS  *
  *                                                *
  **************************************************

  **************************************************
  *         No. EXTERNAL ITER =    36              *
  *         No. of TOTAL ITER =  1690              *
  **************************************************

  Elapsed real time :    102.46  (Seconds)

 The execution finished at 17h  3min on the  1/30/2025
