 This is the parallel version of the code
 This is the parallel version of the code
 This is the parallel version of the code
 This is the parallel version of the code
 This is the parallel version of the code
 This is the parallel version of the code
 This is the parallel version of the code
 This is the parallel version of the code
Master:    0

 The execution started at 17h  1min on the  1/30/2025

    ===========================================================
    !                                                         !
    !                        Do N O F                         !
    !                                                         !
    !  (Donostia Natural Orbital Functional Software Program) !
    !                                                         !
    !               COPYRIGHT by Mario Piris                  !
    !                                                         !
    !      Donostia International Physics Center (DIPC)       !
    !       University of the Basque Country (UPV/EHU)        !
    !       Basque Foundation for Science (IKERBASQUE)        !
    !                                                         !
    !          GNU General Public License version 3           !
    !                                                         !
    !                  VERSION: Mayo 2024                     !
    !                                                         !
    ===========================================================

 Run Title
 ---------
 p30-5 set                                                                       

 Basis Set
 ---------
 /beegfs_agamede/gscratch/povmieci/SCRATCH/94371/def2-svp.bas                    

 Atom      Charge                Coordinates (Bohr)
                           x             y             z
 F           9.0        1.7025        1.7025        1.7025
 SI         14.0        0.0000        0.0000        0.0000
 F           9.0       -1.7025       -1.7025        1.7025
 F           9.0       -1.7025        1.7025       -1.7025
 F           9.0        1.7025       -1.7025       -1.7025

 Atomic Basis Set
 ----------------
 The contracted primitive functions were unnormalized
 The contracted basis functions are now normalized to unity

  Shell Type  Primitive         Exponent  Contraction Coefficient

 F         

      1   S       1          2894.8325990   -0.005349321176
      1   S       2           435.4193912   -0.039967734372
      1   S       3            98.8433289   -0.179412617888
      1   S       4            27.4851980   -0.468324686869
      1   S       5             8.5405498   -0.447241605328

      2   S       6             1.0654578    1.000000000000

      3   S       7             0.3324735    1.000000000000

      4   P       8            22.6966339   -0.064782148241
      4   P       9             4.9872339   -0.340357853553
      4   P      10             1.3491614   -0.734858153660

      5   P      11             0.3482988    1.000000000000

      6   D      12             1.4000000    1.000000000000

 SI        

      7   S      13          6903.7118686    0.005584465887
      7   S      14          1038.4346419    0.041742284436
      7   S      15           235.8758148    0.187528023742
      7   S      16            66.0693852    0.478678596587
      7   S      17            20.2479458    0.429256952162

      8   S      18            34.3534817    0.089834899465
      8   S      19             3.6370788   -0.545685958777
      8   S      20             1.4002049   -0.524810829267

      9   S      21             0.2048441    1.000000000000

     10   S      22             0.0779941    1.000000000000

     11   P      23           179.8390737    0.010133498379
     11   P      24            41.9072588    0.071029041096
     11   P      25            12.9552944    0.255839142169
     11   P      26             4.4383267    0.481498047149
     11   P      27             1.5462248    0.385211960064

     12   P      28             0.3560761    1.000000000000

     13   P      29             0.1000851    1.000000000000

     14   D      30             0.3500000    1.000000000000

 F         

     15   S      31          2894.8325990   -0.005349321176
     15   S      32           435.4193912   -0.039967734372
     15   S      33            98.8433289   -0.179412617888
     15   S      34            27.4851980   -0.468324686869
     15   S      35             8.5405498   -0.447241605328

     16   S      36             1.0654578    1.000000000000

     17   S      37             0.3324735    1.000000000000

     18   P      38            22.6966339   -0.064782148241
     18   P      39             4.9872339   -0.340357853553
     18   P      40             1.3491614   -0.734858153660

     19   P      41             0.3482988    1.000000000000

     20   D      42             1.4000000    1.000000000000

 F         

     21   S      43          2894.8325990   -0.005349321176
     21   S      44           435.4193912   -0.039967734372
     21   S      45            98.8433289   -0.179412617888
     21   S      46            27.4851980   -0.468324686869
     21   S      47             8.5405498   -0.447241605328

     22   S      48             1.0654578    1.000000000000

     23   S      49             0.3324735    1.000000000000

     24   P      50            22.6966339   -0.064782148241
     24   P      51             4.9872339   -0.340357853553
     24   P      52             1.3491614   -0.734858153660

     25   P      53             0.3482988    1.000000000000

     26   D      54             1.4000000    1.000000000000

 F         

     27   S      55          2894.8325990   -0.005349321176
     27   S      56           435.4193912   -0.039967734372
     27   S      57            98.8433289   -0.179412617888
     27   S      58            27.4851980   -0.468324686869
     27   S      59             8.5405498   -0.447241605328

     28   S      60             1.0654578    1.000000000000

     29   S      61             0.3324735    1.000000000000

     30   P      62            22.6966339   -0.064782148241
     30   P      63             4.9872339   -0.340357853553
     30   P      64             1.3491614   -0.734858153660

     31   P      65             0.3482988    1.000000000000

     32   D      66             1.4000000    1.000000000000

 Total Number of Basis Set Shells             =   32
 Total Number of Primitives                   =   66
 Number of Cartesian Gaussian Basis Functions =   79
 Number of Electrons                          =   50
 Charge of Molecule                           =    0
 Spin Multiplicity                            =    1
 Number of Occupied Orbitals (Alpha)          =   25
 Number of Occupied Orbitals (Beta )          =   25
 Total Number of Atoms                        =    5

 Input Run Options
 -----------------
 IRUNTYP = 1  MULT = 1  ICHARG =  0 IECP = 0  IEMOM = 1  UNITS = ANGS    

 Integral Options
 ----------------
 CUTOFF = 1.0E-09   ISCHWZ = 0   ERITYP = FULL

 Input NOF Options
 -----------------

 Type of calculation =    Coeff. Opt.:   (ICOEF)         1
 Trigonometric functions for Occ. Opt.:  (ISOFTMAX)      0
 Type of Orb. Opt. = Orbital Rotations:  (IORBOPT)       4
 Maximum Number of Occ-Coef Outer Iter.: (MAXIT)      1000

 Natural Orbital Functional Selected:    (IPNOF)         7

 Restart calculation Option:             (RESTART)       T
 Orthogonalize the initial Orbitals:     (ORTHO)         T

 Output Option:                          (NPRINT)        0
 Output the Coefficient Matrix:          (IWRITEC)       0
 Do a Mulliken Population Analysis:      (IMULPOP)       0
 Write Information into a WFN file:      (IAIMPAC)       1
 Write Information into a FCHK file:     (IFCHK)         1
 Write Information into a MLP file:      (MOLDEN)        1
 Create Ini. Cond. (ini.xyz) file:       (INICOND)       1
 Calculate IPs using Ext. Koopmans Theo: (IEKT)          0
 Write APSG expansion coefficient file:  (APSG)          F
 Output option for Lagrange Multipliers: (PRINTLAG)      F
 Diagonalize matrix of Lag. Multipliers: (DIAGLAG)       F

 Nuclear Coordinates from GCF file:
 ----------------------------------

 Atom      Charge                Coordinates (Bohr)
                           x             y             z
 F        9.00000        1.7025        1.7025        1.7025
 SI      14.00000        0.0000        0.0000        0.0000
 F        9.00000       -1.7025       -1.7025        1.7025
 F        9.00000       -1.7025        1.7025       -1.7025
 F        9.00000        1.7025       -1.7025       -1.7025

------------------------------------------------------------------------

 Orbital Space
 -------------

 Inactive Doubly occupied orbitals up to NO1  =    0
 No. considered Strongly Doubly occupied MOs  =   25
 No. considered Strongly Singly occupied MOs  =    0
 No. of Weakly occ. per St. Doubly occ.  MOs  =    2
 Dimension of the Active Nat. Orb. subspace   =   75
 Secondary Empty orbitals                     =    4

 1e- integrals
 -------------
 Time to do integrals =      0.00
 Guess for MOs = HCORE
      4429 MOs were matched and       101 equalized to zero

 2e- integrals
 -------------
 DONTW option skips storage 2e- integrals on Unit 1
             3703711 2e- integrals in     1 records
 Time to do integrals =      0.45

 RHF SCF Calculation
 -------------------
 EXTRAP=T  DAMP=T  DIIS=T
 DMat Conv = 1.0E-05  Ener Tol = 1.0E-08
 Ener Conv = 1.0E-10  DMat Tol = 2.0E-05
 DIIS Conv = 1.0E-07  DMat Tol = 2.0E-05

 ITER      TOTAL ENERGY        E CHANGE     DEN. CHANGE    DIIS ERROR
   1     -654.2030331556  -654.2030331556  34.900703064   1.854669433
   2     -681.1359143186   -26.9328811629   1.453401652   0.828554828
   3     -685.7387173099    -4.6028029913   0.706055235   0.330282445
   4     -686.4839540646    -0.7452367547   0.304885776   0.113459507
   5     -686.5323914043    -0.0484373397   0.014527323   0.038011021
   6     -686.5374560363    -0.0050646321   0.017192085   0.019089899
   7     -686.5381592452    -0.0007032089   0.002727917   0.001259635
   8     -686.5381776230    -0.0000183777   0.000677539   0.000307801
   9     -686.5381784961    -0.0000008731   0.000051674   0.000036786
  10     -686.5381785069    -0.0000000108   0.000009155   0.000003158
  11     -686.5381785070    -0.0000000001   0.000001164   0.000000414

          -----------------
          DENSITY CONVERGED
          -----------------

 FINAL RHF ENERGY IS     -686.5381785070 AFTER  11 ITERATIONS

         WAVEFUNCTION NORMALIZATION =       1.0000000000

                ONE ELECTRON ENERGY =   -1498.2227662020
                TWO ELECTRON ENERGY =     539.8395104622
           NUCLEAR REPULSION ENERGY =     271.8450772328
                                      ------------------
                   RHF TOTAL ENERGY =    -686.5381785070

 ELECTRON-ELECTRON POTENTIAL ENERGY =     539.8395104622
  NUCLEUS-ELECTRON POTENTIAL ENERGY =   -2182.5438268913
   NUCLEUS-NUCLEUS POTENTIAL ENERGY =     271.8450772328
                                      ------------------
             TOTAL POTENTIAL ENERGY =   -1370.8592391963
               TOTAL KINETIC ENERGY =     684.3210606893
                 VIRIAL RATIO (V/T) =       2.0032398796

 Distribution Full ERIs:

 Integrals:                           3703711
 Max size per slaves:                  462964
 Max size in master:                  4166675

 No violations of the orthonormality


  RESULTS OF OCCUPATION-COEFFICIENT OPTIMIZATION
 ================================================

  Ex It  Occ Time  Orb Time  Orb It   Electronic Energy     Total Energy   Energy Convergency    Max Mul-Lag Diff

    1    9.4E-01   4.6E+00      10    -958.5881525429     -686.7430753101    -0.0078547452           0.204759
    2    9.6E-01   4.6E+00      10    -958.6148710580     -686.7697938252    -0.0267185151           0.099290
    3    9.6E-01   4.0E+00      10    -958.6243785887     -686.7793013559    -0.0095075307           0.081182
    4    8.5E-01   4.1E+00      10    -958.6364260412     -686.7913488084    -0.0120474525           0.071288
    5    8.4E-01   4.1E+00      10    -958.6444977318     -686.7994204991    -0.0080716907           0.080082
    6    7.9E-01   3.9E+00      10    -958.6526266742     -686.8075494414    -0.0081289423           0.075174
    7    8.6E-01   3.9E+00      10    -958.6565713919     -686.8114941592    -0.0039447177           0.079144
    8    7.9E-01   3.9E+00      10    -958.6588503710     -686.8137731383    -0.0022789791           0.079831
    9    8.2E-01   3.8E+00      10    -958.6618369304     -686.8167596976    -0.0029865593           0.080930
   10    8.1E-01   3.8E+00      10    -958.6618478045     -686.8167705717    -0.0000108742           0.085655
   11    8.0E-01   7.0E+00      20    -958.6753918762     -686.8303146434    -0.0135440716           0.003285
   12    9.1E-01   8.0E+00      20    -958.6756189222     -686.8305416895    -0.0002270461           0.001956
   13    8.9E-01   8.0E+00      20    -958.6757752024     -686.8306979697    -0.0001562802           0.001605
   14    7.4E-01   7.9E+00      20    -958.6758889135     -686.8308116808    -0.0001137111           0.001467
   15    7.5E-01   8.0E+00      20    -958.6759732069     -686.8308959742    -0.0000842934           0.001758
   16    7.7E-01   7.9E+00      20    -958.6760341997     -686.8309569669    -0.0000609928           0.001602
   17    7.6E-01   7.9E+00      20    -958.6760828433     -686.8310056106    -0.0000486436           0.001856
   18    7.8E-01   8.0E+00      20    -958.6761232920     -686.8310460592    -0.0000404486           0.001812
   19    8.0E-01   7.8E+00      20    -958.6761617283     -686.8310844955    -0.0000384363           0.001776
   20    7.6E-01   7.8E+00      20    -958.6761970453     -686.8311198126    -0.0000353171           0.001605
   21    7.9E-01   8.0E+00      20    -958.6762292049     -686.8311519722    -0.0000321596           0.001504
   22    7.5E-01   1.2E+01      30    -958.6762775272     -686.8312002944    -0.0000483222           0.000622
   23    7.9E-01   1.1E+01      30    -958.6763074448     -686.8312302120    -0.0000299176           0.000594
   24    7.8E-01   1.2E+01      30    -958.6763271974     -686.8312499647    -0.0000197526           0.000611
   25    8.0E-01   1.5E+01      40    -958.6763466140     -686.8312693812    -0.0000194165           0.000122
   26    7.5E-01   1.8E+01      50    -958.6763627966     -686.8312855639    -0.0000161826           0.000018
   27    7.6E-01   2.2E+01      60    -958.6763772710     -686.8313000382    -0.0000144744           0.000013
   28    7.9E-01   2.6E+01      70    -958.6763904884     -686.8313132556    -0.0000132174           0.000010
   29    8.5E-01   3.0E+01      80    -958.6764021938     -686.8313249610    -0.0000117054           0.000009
   30    7.9E-01   3.4E+01      90    -958.6764127886     -686.8313355558    -0.0000105948           0.000005
   31    7.7E-01   3.5E+01     100    -958.6764197625     -686.8313425298    -0.0000069740           0.000005
   32    6.4E-01   3.8E+01     110    -958.6764249048     -686.8313476720    -0.0000051422           0.000004
   33    7.3E-01   4.2E+01     120    -958.6764290925     -686.8313518597    -0.0000041877           0.000004
   34    7.2E-01   4.6E+01     130    -958.6764324202     -686.8313551875    -0.0000033278           0.000003
   35    7.0E-01   3.2E-01     130    -958.6764325181     -686.8313552853    -0.0000000978           0.000007


  RESULTS OF THE OCCUPATION OPTIMIZATION
 ========================================

   OM     Occupation      Elag Diag

    1      1.9999999    -68.9498704
    2      1.9999619    -26.3501675
    3      1.9999618    -26.3501750
    4      1.9999618    -26.3504935
    5      1.9999618    -26.3503642
    6      1.9998811     -4.8636528
    7      1.9998766     -4.8826605
    8      1.9998757     -4.8936849
    9      1.9998696     -4.9097838
   10      1.9894956     -0.9429153
   11      1.9894374     -0.9395178
   12      1.9893484     -0.9400444
   13      1.9893411     -0.9449265
   14      1.9893401     -0.9443405
   15      1.9893338     -0.9396186
   16      1.9893234     -0.9400368
   17      1.9893088     -0.9400688
   18      1.9886948     -0.9762162
   19      1.9886171     -0.9753318
   20      1.9885909     -0.9785478
   21      1.9883924     -0.9759469
   22      1.9861503     -1.0639074
   23      1.9860917     -1.0723494
   24      1.9860815     -1.0645695
   25      1.9859382     -1.0721084
   26      0.0131079     -0.0159403
   27      0.0129734     -0.0157497
   28      0.0129521     -0.0157944
   29      0.0129078     -0.0156864
   30      0.0106310     -0.0130130
   31      0.0104329     -0.0128548
   32      0.0104014     -0.0128109
   33      0.0103227     -0.0127449
   34      0.0097041     -0.0119728
   35      0.0096887     -0.0119569
   36      0.0096727     -0.0119373
   37      0.0009910     -0.0019783
   38      0.0009903     -0.0019775
   39      0.0096610     -0.0119307
   40      0.0009966     -0.0019680
   41      0.0095039     -0.0117954
   42      0.0001207     -0.0006957
   43      0.0000097     -0.0000641
   44      0.0000108     -0.0000674
   45      0.0001090     -0.0006295
   46      0.0000377     -0.0010225
   47      0.0000006     -0.0000148
   48      0.0000005     -0.0000139
   49      0.0000377     -0.0010213
   50      0.0000001     -0.0000044
   51      0.0009540     -0.0020247
   52      0.0009451     -0.0020173
   53      0.0009562     -0.0020273
   54      0.0009419     -0.0020137
   55      0.0009766     -0.0020744
   56      0.0009763     -0.0020720
   57      0.0009815     -0.0020772
   58      0.0009825     -0.0020789
   59      0.0009871     -0.0019666
   60      0.0009879     -0.0019661
   61      0.0009935     -0.0019733
   62      0.0096688     -0.0119662
   63      0.0096686     -0.0119663
   64      0.0009907     -0.0019681
   65      0.0095660     -0.0118311
   66      0.0010005     -0.0019721
   67      0.0000097     -0.0000641
   68      0.0001146     -0.0006626
   69      0.0001126     -0.0006527
   70      0.0000099     -0.0000642
   71      0.0000005     -0.0000136
   72      0.0000376     -0.0010208
   73      0.0000376     -0.0010204
   74      0.0000005     -0.0000125
   75      0.0000001     -0.0000034

   RO Sum (  50) =   50.00

  ---------------
   Dipole Moment
  ---------------

      0.0066 Debye [   0.0026  (  -0.0021,  -0.0005,   0.0015) ]

 ----------------
  Final Energies  
 ----------------

  Final NOF Total Energy =     -686.8313552853 ( 7.E-06 , 0.E+00 )


  **************************************************
  *                                                *
  *       SINGLE-POINT DoNOF CALCULATION           *
  *                                                *
  *             FULL OPTIMIZATION                  *
  *                                                *
  *  FINAL RESULTS   FINAL RESULTS  FINAL RESULTS  *
  *                                                *
  **************************************************

  **************************************************
  *         No. EXTERNAL ITER =    35              *
  *         No. of TOTAL ITER =  1390              *
  **************************************************

  Elapsed real time :    496.99  (Seconds)

 The execution finished at 17h 10min on the  1/30/2025
