 This is the parallel version of the code
 This is the parallel version of the code
 This is the parallel version of the code
 This is the parallel version of the code
Master:    0

 The execution started at 16h  8min on the  2/ 6/2025

    ===========================================================
    !                                                         !
    !                        Do N O F                         !
    !                                                         !
    !  (Donostia Natural Orbital Functional Software Program) !
    !                                                         !
    !               COPYRIGHT by Mario Piris                  !
    !                                                         !
    !      Donostia International Physics Center (DIPC)       !
    !       University of the Basque Country (UPV/EHU)        !
    !       Basque Foundation for Science (IKERBASQUE)        !
    !                                                         !
    !          GNU General Public License version 3           !
    !                                                         !
    !                  VERSION: Mayo 2024                     !
    !                                                         !
    ===========================================================

 Run Title
 ---------
 p30-5 set                                                                       

 Basis Set
 ---------
 /beegfs_agamede/gscratch/povmieci/SCRATCH/96915/def2-svp.bas                    

 Atom      Charge                Coordinates (Bohr)
                           x             y             z
 NA         11.0        3.9237        3.9237       -3.9237
 NA         11.0        2.3945       -2.3945       -2.3945
 NA         11.0       -3.9237       -3.9237       -3.9237
 NA         11.0        3.9237       -3.9237        3.9237
 NA         11.0        2.3945        2.3945        2.3945
 NA         11.0       -3.9237        3.9237        3.9237
 NA         11.0       -2.3945       -2.3945        2.3945
 NA         11.0       -2.3945        2.3945       -2.3945

 Atomic Basis Set
 ----------------
 The contracted primitive functions were unnormalized
 The contracted basis functions are now normalized to unity

  Shell Type  Primitive         Exponent  Contraction Coefficient

 NA        

      1   S       1          4098.2003908   -0.005829734404
      1   S       2           616.4937403   -0.043469274339
      1   S       3           139.9664400   -0.193522713755
      1   S       4            39.0734411   -0.484866458138
      1   S       5            11.9298472   -0.417110128653

      2   S       6            20.6599660    0.085768706785
      2   S       7             1.9838861   -0.562404693737
      2   S       8             0.6483632   -0.518446102123

      3   S       9             0.0524440    1.000000000000

      4   S      10             0.0280482    1.000000000000

      5   P      11            75.4018620    0.015435362532
      5   P      12            17.2748190    0.099738293184
      5   P      13             5.1842347    0.312095939659
      5   P      14             1.6601212    0.492956748074
      5   P      15             0.5123253    0.324203983180

      6   P      16             0.0520000    1.000000000000

      7   D      17             0.1310000    1.000000000000

 NA        

      8   S      18          4098.2003908   -0.005829734404
      8   S      19           616.4937403   -0.043469274339
      8   S      20           139.9664400   -0.193522713755
      8   S      21            39.0734411   -0.484866458138
      8   S      22            11.9298472   -0.417110128653

      9   S      23            20.6599660    0.085768706785
      9   S      24             1.9838861   -0.562404693737
      9   S      25             0.6483632   -0.518446102123

     10   S      26             0.0524440    1.000000000000

     11   S      27             0.0280482    1.000000000000

     12   P      28            75.4018620    0.015435362532
     12   P      29            17.2748190    0.099738293184
     12   P      30             5.1842347    0.312095939659
     12   P      31             1.6601212    0.492956748074
     12   P      32             0.5123253    0.324203983180

     13   P      33             0.0520000    1.000000000000

     14   D      34             0.1310000    1.000000000000

 NA        

     15   S      35          4098.2003908   -0.005829734404
     15   S      36           616.4937403   -0.043469274339
     15   S      37           139.9664400   -0.193522713755
     15   S      38            39.0734411   -0.484866458138
     15   S      39            11.9298472   -0.417110128653

     16   S      40            20.6599660    0.085768706785
     16   S      41             1.9838861   -0.562404693737
     16   S      42             0.6483632   -0.518446102123

     17   S      43             0.0524440    1.000000000000

     18   S      44             0.0280482    1.000000000000

     19   P      45            75.4018620    0.015435362532
     19   P      46            17.2748190    0.099738293184
     19   P      47             5.1842347    0.312095939659
     19   P      48             1.6601212    0.492956748074
     19   P      49             0.5123253    0.324203983180

     20   P      50             0.0520000    1.000000000000

     21   D      51             0.1310000    1.000000000000

 NA        

     22   S      52          4098.2003908   -0.005829734404
     22   S      53           616.4937403   -0.043469274339
     22   S      54           139.9664400   -0.193522713755
     22   S      55            39.0734411   -0.484866458138
     22   S      56            11.9298472   -0.417110128653

     23   S      57            20.6599660    0.085768706785
     23   S      58             1.9838861   -0.562404693737
     23   S      59             0.6483632   -0.518446102123

     24   S      60             0.0524440    1.000000000000

     25   S      61             0.0280482    1.000000000000

     26   P      62            75.4018620    0.015435362532
     26   P      63            17.2748190    0.099738293184
     26   P      64             5.1842347    0.312095939659
     26   P      65             1.6601212    0.492956748074
     26   P      66             0.5123253    0.324203983180

     27   P      67             0.0520000    1.000000000000

     28   D      68             0.1310000    1.000000000000

 NA        

     29   S      69          4098.2003908   -0.005829734404
     29   S      70           616.4937403   -0.043469274339
     29   S      71           139.9664400   -0.193522713755
     29   S      72            39.0734411   -0.484866458138
     29   S      73            11.9298472   -0.417110128653

     30   S      74            20.6599660    0.085768706785
     30   S      75             1.9838861   -0.562404693737
     30   S      76             0.6483632   -0.518446102123

     31   S      77             0.0524440    1.000000000000

     32   S      78             0.0280482    1.000000000000

     33   P      79            75.4018620    0.015435362532
     33   P      80            17.2748190    0.099738293184
     33   P      81             5.1842347    0.312095939659
     33   P      82             1.6601212    0.492956748074
     33   P      83             0.5123253    0.324203983180

     34   P      84             0.0520000    1.000000000000

     35   D      85             0.1310000    1.000000000000

 NA        

     36   S      86          4098.2003908   -0.005829734404
     36   S      87           616.4937403   -0.043469274339
     36   S      88           139.9664400   -0.193522713755
     36   S      89            39.0734411   -0.484866458138
     36   S      90            11.9298472   -0.417110128653

     37   S      91            20.6599660    0.085768706785
     37   S      92             1.9838861   -0.562404693737
     37   S      93             0.6483632   -0.518446102123

     38   S      94             0.0524440    1.000000000000

     39   S      95             0.0280482    1.000000000000

     40   P      96            75.4018620    0.015435362532
     40   P      97            17.2748190    0.099738293184
     40   P      98             5.1842347    0.312095939659
     40   P      99             1.6601212    0.492956748074
     40   P     100             0.5123253    0.324203983180

     41   P     101             0.0520000    1.000000000000

     42   D     102             0.1310000    1.000000000000

 NA        

     43   S     103          4098.2003908   -0.005829734404
     43   S     104           616.4937403   -0.043469274339
     43   S     105           139.9664400   -0.193522713755
     43   S     106            39.0734411   -0.484866458138
     43   S     107            11.9298472   -0.417110128653

     44   S     108            20.6599660    0.085768706785
     44   S     109             1.9838861   -0.562404693737
     44   S     110             0.6483632   -0.518446102123

     45   S     111             0.0524440    1.000000000000

     46   S     112             0.0280482    1.000000000000

     47   P     113            75.4018620    0.015435362532
     47   P     114            17.2748190    0.099738293184
     47   P     115             5.1842347    0.312095939659
     47   P     116             1.6601212    0.492956748074
     47   P     117             0.5123253    0.324203983180

     48   P     118             0.0520000    1.000000000000

     49   D     119             0.1310000    1.000000000000

 NA        

     50   S     120          4098.2003908   -0.005829734404
     50   S     121           616.4937403   -0.043469274339
     50   S     122           139.9664400   -0.193522713755
     50   S     123            39.0734411   -0.484866458138
     50   S     124            11.9298472   -0.417110128653

     51   S     125            20.6599660    0.085768706785
     51   S     126             1.9838861   -0.562404693737
     51   S     127             0.6483632   -0.518446102123

     52   S     128             0.0524440    1.000000000000

     53   S     129             0.0280482    1.000000000000

     54   P     130            75.4018620    0.015435362532
     54   P     131            17.2748190    0.099738293184
     54   P     132             5.1842347    0.312095939659
     54   P     133             1.6601212    0.492956748074
     54   P     134             0.5123253    0.324203983180

     55   P     135             0.0520000    1.000000000000

     56   D     136             0.1310000    1.000000000000

 Total Number of Basis Set Shells             =   56
 Total Number of Primitives                   =  136
 Number of Cartesian Gaussian Basis Functions =  128
 Number of Electrons                          =   88
 Charge of Molecule                           =    0
 Spin Multiplicity                            =    1
 Number of Occupied Orbitals (Alpha)          =   44
 Number of Occupied Orbitals (Beta )          =   44
 Total Number of Atoms                        =    8

 Input Run Options
 -----------------
 IRUNTYP = 1  MULT = 1  ICHARG =  0 IECP = 0  IEMOM = 1  UNITS = ANGS    

 Integral Options
 ----------------
 CUTOFF = 1.0E-09   ISCHWZ = 1   ERITYP = FULL

 Input NOF Options
 -----------------

 Type of calculation =    Coeff. Opt.:   (ICOEF)         1
 Trigonometric functions for Occ. Opt.:  (ISOFTMAX)      0
 Type of Orb. Opt. = Orbital Rotations:  (IORBOPT)       4
 Maximum Number of Occ-Coef Outer Iter.: (MAXIT)      1000

 Natural Orbital Functional Selected:    (IPNOF)         5

 Restart calculation Option:             (RESTART)       T
 Orthogonalize the initial Orbitals:     (ORTHO)         T

 Output Option:                          (NPRINT)        0
 Output the Coefficient Matrix:          (IWRITEC)       0
 Do a Mulliken Population Analysis:      (IMULPOP)       0
 Write Information into a WFN file:      (IAIMPAC)       1
 Write Information into a FCHK file:     (IFCHK)         1
 Write Information into a MLP file:      (MOLDEN)        1
 Create Ini. Cond. (ini.xyz) file:       (INICOND)       1
 Calculate IPs using Ext. Koopmans Theo: (IEKT)          0
 Write APSG expansion coefficient file:  (APSG)          F
 Output option for Lagrange Multipliers: (PRINTLAG)      F
 Diagonalize matrix of Lag. Multipliers: (DIAGLAG)       F

 Nuclear Coordinates from GCF file:
 ----------------------------------

 Atom      Charge                Coordinates (Bohr)
                           x             y             z
 NA      11.00000        3.9237        3.9237       -3.9237
 NA      11.00000        2.3945       -2.3945       -2.3945
 NA      11.00000       -3.9237       -3.9237       -3.9237
 NA      11.00000        3.9237       -3.9237        3.9237
 NA      11.00000        2.3945        2.3945        2.3945
 NA      11.00000       -3.9237        3.9237        3.9237
 NA      11.00000       -2.3945       -2.3945        2.3945
 NA      11.00000       -2.3945        2.3945       -2.3945

------------------------------------------------------------------------

 Orbital Space
 -------------

 Inactive Doubly occupied orbitals up to NO1  =    0
 No. considered Strongly Doubly occupied MOs  =   44
 No. considered Strongly Singly occupied MOs  =    0
 No. of Weakly occ. per St. Doubly occ.  MOs  =    1
 Dimension of the Active Nat. Orb. subspace   =   88
 Secondary Empty orbitals                     =   40

 1e- integrals
 -------------
 Time to do integrals =      0.00
 Guess for MOs = HCORE
     12672 MOs were matched and         0 equalized to zero

 2e- integrals
 -------------
 DONTW option skips storage 2e- integrals on Unit 1
            27405824 2e- integrals in     1 records
 Time to do integrals =      2.40

 RHF SCF Calculation
 -------------------
 EXTRAP=T  DAMP=T  DIIS=T
 DMat Conv = 1.0E-05  Ener Tol = 1.0E-08
 Ener Conv = 1.0E-10  DMat Tol = 2.0E-05
 DIIS Conv = 1.0E-07  DMat Tol = 2.0E-05

 ITER      TOTAL ENERGY        E CHANGE     DEN. CHANGE    DIIS ERROR
   1    -1286.6066048327 -1286.6066048327  48.396308773   1.036856599
   2    -1292.9620694940    -6.3554646613   6.297616075   0.118164571
   3    -1293.2715637567    -0.3094942627   0.958559830   0.318254168
   4    -1294.3202466569    -1.0486829002   0.102135243   0.125232817
   5    -1294.4035362568    -0.0832896000   0.048703871   0.023571070
   6    -1294.4063214833    -0.0027852265   0.035160647   0.003864028
   7    -1294.4065499833    -0.0002285000   0.006550500   0.000794198
   8    -1294.4065631358    -0.0000131525   0.001686362   0.000360866
   9    -1294.4065647071    -0.0000015713   0.000890159   0.000096177
  10    -1294.4065650261    -0.0000003190   0.000371912   0.000030215
  11    -1294.4065650614    -0.0000000353   0.000012817   0.000004144
  12    -1294.4065650618    -0.0000000004   0.000006508   0.000000558

          -----------------
          DENSITY CONVERGED
          -----------------

 FINAL RHF ENERGY IS    -1294.4065650618 AFTER  12 ITERATIONS

         WAVEFUNCTION NORMALIZATION =       1.0000000000

                ONE ELECTRON ENERGY =   -2692.1567866078
                TWO ELECTRON ENERGY =     963.4754779139
           NUCLEAR REPULSION ENERGY =     434.2747436321
                                      ------------------
                   RHF TOTAL ENERGY =   -1294.4065650618

 ELECTRON-ELECTRON POTENTIAL ENERGY =     963.4754779139
  NUCLEUS-ELECTRON POTENTIAL ENERGY =   -3984.2842268176
   NUCLEUS-NUCLEUS POTENTIAL ENERGY =     434.2747436321
                                      ------------------
             TOTAL POTENTIAL ENERGY =   -2586.5340052716
               TOTAL KINETIC ENERGY =    1292.1274402098
                 VIRIAL RATIO (V/T) =       2.0017638545

 Distribution Full ERIs:

 Integrals:                          27405824
 Max size per slaves:                 6851458
 Max size in master:                 34257282

 No violations of the orthonormality


  RESULTS OF OCCUPATION-COEFFICIENT OPTIMIZATION
 ================================================

  Ex It  Occ Time  Orb Time  Orb It   Electronic Energy     Total Energy   Energy Convergency    Max Mul-Lag Diff

    1    8.6E+00   6.4E+01      10   -1728.6807609165    -1294.4060172844     0.0000000000           0.023364
    2    9.0E+00   1.7E+02      30   -1728.6870857342    -1294.4123421021    -0.0063248177           0.000489
    3    9.0E+00   1.7E+02      30   -1728.6922411946    -1294.4174975625    -0.0051554604           0.000570
    4    9.1E+00   1.6E+02      30   -1728.6989549284    -1294.4242112964    -0.0067137339           0.000912
    5    9.4E+00   1.8E+02      30   -1728.7052778822    -1294.4305342502    -0.0063229538           0.001385
    6    9.0E+00   1.8E+02      30   -1728.7110281786    -1294.4362845466    -0.0057502964           0.001771
    7    9.1E+00   1.7E+02      30   -1728.7156682460    -1294.4409246139    -0.0046400674           0.001766
    8    8.5E+00   1.7E+02      30   -1728.7188838882    -1294.4441402561    -0.0032156422           0.001487
    9    9.5E+00   1.8E+02      30   -1728.7207369719    -1294.4459933398    -0.0018530837           0.001061
   10    9.0E+00   1.7E+02      30   -1728.7216056378    -1294.4468620058    -0.0008686659           0.000464
   11    8.2E+00   1.7E+02      30   -1728.7219962492    -1294.4472526171    -0.0003906114           0.000362
   12    8.9E+00   1.8E+02      30   -1728.7222398105    -1294.4474961784    -0.0002435613           0.000366
   13    1.0E+01   1.7E+02      30   -1728.7224283951    -1294.4476847630    -0.0001885845           0.000374
   14    8.2E+00   1.7E+02      30   -1728.7225805698    -1294.4478369378    -0.0001521748           0.000376
   15    9.0E+00   1.7E+02      30   -1728.7226970835    -1294.4479534514    -0.0001165136           0.000374
   16    8.2E+00   1.6E+02      30   -1728.7227847470    -1294.4480411149    -0.0000876635           0.000367
   17    9.6E+00   1.6E+02      30   -1728.7228455184    -1294.4481018864    -0.0000607715           0.000377
   18    8.1E+00   1.6E+02      30   -1728.7228875725    -1294.4481439404    -0.0000420540           0.000375
   19    8.5E+00   1.6E+02      30   -1728.7229136642    -1294.4481700321    -0.0000260917           0.000364
   20    7.9E+00   2.2E+02      40   -1728.7229335492    -1294.4481899171    -0.0000198850           0.000073
   21    8.1E+00   2.9E+02      50   -1728.7229417077    -1294.4481980756    -0.0000081585           0.000016
   22    9.5E+00   3.5E+02      60   -1728.7229464053    -1294.4482027732    -0.0000046976           0.000014
   23    9.3E+00   5.5E+00      60   -1728.7229464819    -1294.4482028498    -0.0000000766           0.000014


  RESULTS OF THE OCCUPATION OPTIMIZATION
 ========================================

   OM     Occupation      Elag Diag

    1      2.0000000    -40.4431722
    2      2.0000000    -40.4638132
    3      2.0000000    -40.4453458
    4      2.0000000    -40.4465495
    5      2.0000000    -40.4635520
    6      2.0000000    -40.4461955
    7      2.0000000    -40.4651109
    8      2.0000000    -40.4669894
    9      1.9999982     -1.4951861
   10      1.9999982     -1.4957236
   11      1.9999980     -1.4959835
   12      1.9999977     -1.4945546
   13      1.9999874     -1.4956369
   14      1.9999866     -1.4953686
   15      1.9999865     -1.4922963
   16      1.9999865     -1.4944967
   17      1.9999861     -1.5096179
   18      1.9999858     -1.5099134
   19      1.9999845     -1.5100009
   20      1.9999845     -1.5097516
   21      1.9999833     -1.5118514
   22      1.9999831     -1.5132019
   23      1.9999823     -1.5136866
   24      1.9999822     -1.5134313
   25      1.9998358     -2.1206799
   26      1.9998350     -2.1558718
   27      1.9998289     -2.1664291
   28      1.9998274     -2.0949628
   29      1.9998269     -2.0950082
   30      1.9998253     -2.1026201
   31      1.9998253     -2.1358736
   32      1.9998234     -2.1081134
   33      1.9998230     -2.1473926
   34      1.9998229     -2.1768696
   35      1.9998213     -2.1780342
   36      1.9998196     -2.1528255
   37      1.9997817     -2.1485839
   38      1.9997778     -2.1534476
   39      1.9997618     -2.1694053
   40      1.9997513     -2.1791241
   41      1.9243828     -0.1805468
   42      1.9239634     -0.1805316
   43      1.9182116     -0.1769859
   44      1.9175564     -0.1780306
   45      0.0824436     -0.0121619
   46      0.0817884     -0.0120157
   47      0.0760366     -0.0114664
   48      0.0756172     -0.0114065
   49      0.0002487     -0.0006725
   50      0.0002382     -0.0006431
   51      0.0002222     -0.0005996
   52      0.0002183     -0.0005884
   53      0.0001804     -0.0004940
   54      0.0001787     -0.0004914
   55      0.0001771     -0.0004869
   56      0.0001770     -0.0004841
   57      0.0001766     -0.0004735
   58      0.0001747     -0.0004749
   59      0.0001747     -0.0004673
   60      0.0001731     -0.0004614
   61      0.0001726     -0.0004602
   62      0.0001711     -0.0004694
   63      0.0001650     -0.0004520
   64      0.0001642     -0.0004457
   65      0.0000178     -0.0000365
   66      0.0000177     -0.0000362
   67      0.0000169     -0.0000348
   68      0.0000167     -0.0000343
   69      0.0000155     -0.0000319
   70      0.0000155     -0.0000318
   71      0.0000142     -0.0000293
   72      0.0000139     -0.0000288
   73      0.0000135     -0.0000262
   74      0.0000135     -0.0000262
   75      0.0000134     -0.0000261
   76      0.0000126     -0.0000246
   77      0.0000023     -0.0000047
   78      0.0000020     -0.0000041
   79      0.0000018     -0.0000036
   80      0.0000018     -0.0000036
   81      0.0000000     -0.0000000
   82      0.0000000     -0.0000000
   83      0.0000000     -0.0000000
   84      0.0000000     -0.0000000
   85      0.0000000     -0.0000000
   86      0.0000000     -0.0000000
   87      0.0000000     -0.0000000
   88      0.0000000     -0.0000000

   RO Sum (  88) =   88.00

  ---------------
   Dipole Moment
  ---------------

      0.2719 Debye [   0.1070  (   0.0722,   0.0342,  -0.0711) ]

 ----------------
  Final Energies  
 ----------------

  Final NOF Total Energy =    -1294.4482028498 ( 1.E-05 , 0.E+00 )


  **************************************************
  *                                                *
  *       SINGLE-POINT DoNOF CALCULATION           *
  *                                                *
  *             FULL OPTIMIZATION                  *
  *                                                *
  *  FINAL RESULTS   FINAL RESULTS  FINAL RESULTS  *
  *                                                *
  **************************************************

  **************************************************
  *         No. EXTERNAL ITER =    23              *
  *         No. of TOTAL ITER =   760              *
  **************************************************

  Elapsed real time :   4183.60  (Seconds)

 The execution finished at 17h 18min on the  2/ 6/2025
