 This is the parallel version of the code
 This is the parallel version of the code
 This is the parallel version of the code
 This is the parallel version of the code
Master:    0

 The execution started at 16h  8min on the  2/ 6/2025

    ===========================================================
    !                                                         !
    !                        Do N O F                         !
    !                                                         !
    !  (Donostia Natural Orbital Functional Software Program) !
    !                                                         !
    !               COPYRIGHT by Mario Piris                  !
    !                                                         !
    !      Donostia International Physics Center (DIPC)       !
    !       University of the Basque Country (UPV/EHU)        !
    !       Basque Foundation for Science (IKERBASQUE)        !
    !                                                         !
    !          GNU General Public License version 3           !
    !                                                         !
    !                  VERSION: Mayo 2024                     !
    !                                                         !
    ===========================================================

 Run Title
 ---------
 p30-5 set                                                                       

 Basis Set
 ---------
 /beegfs_agamede/gscratch/povmieci/SCRATCH/96916/def2-svp.bas                    

 Atom      Charge                Coordinates (Bohr)
                           x             y             z
 CA         20.0        0.0000        0.0000       -1.6984
 O           8.0        0.0000        0.0000        1.6984

 Atomic Basis Set
 ----------------
 The contracted primitive functions were unnormalized
 The contracted basis functions are now normalized to unity

  Shell Type  Primitive         Exponent  Contraction Coefficient

 CA        

      1   S       1         35138.7139290    0.001804793258
      1   S       2          5276.4111348    0.013820434433
      1   S       3          1200.4692589    0.068347470739
      1   S       4           338.7181054    0.235857640075
      1   S       5           109.8538592    0.472631385247
      1   S       6            37.6088803    0.351692498575

      2   S       7            73.1079776   -0.102531311079
      2   S       8             8.2407706    0.609202407151
      2   S       9             3.2959813    0.464398802507

      3   S      10             5.2341801   -0.205301572010
      3   S      11             0.8418722    0.677915479198
      3   S      12             0.3651029    0.441009016342

      4   S      13             0.0512224    1.000000000000

      5   S      14             0.0198251    1.000000000000

      6   P      15           413.1131389    0.009884465709
      6   P      16            96.9357862    0.071628839504
      6   P      17            30.3721547    0.266899547729
      6   P      18            10.6847768    0.507697430817
      6   P      19             3.8821258    0.333840977912

      7   P      20             1.7993016    0.316604443154
      7   P      21             0.6918906    0.562979576248
      7   P      22             0.2636402    0.236757670930

      8   P      23             0.0749790    1.000000000000

      9   D      24             5.4979094    0.116004757206
      9   D      25             1.3177128    0.409686110613
      9   D      26             0.3218868    0.711310748747

     10   D      27             0.0705286    1.000000000000

 O         

     11   S      28          2266.1767785   -0.005389350392
     11   S      29           340.8701019   -0.040234721389
     11   S      30            77.3631352   -0.180081842055
     11   S      31            21.4796449   -0.468288576577
     11   S      32             6.6589433   -0.446926171602

     12   S      33             0.8097598    1.000000000000

     13   S      34             0.2553077    1.000000000000

     14   P      35            17.7215043    0.062630248763
     14   P      36             3.8635505    0.333311384824
     14   P      37             1.0480921    0.741486383081

     15   P      38             0.2764154    1.000000000000

     16   D      39             1.2000000    1.000000000000

 Total Number of Basis Set Shells             =   16
 Total Number of Primitives                   =   39
 Number of Cartesian Gaussian Basis Functions =   41
 Number of Electrons                          =   28
 Charge of Molecule                           =    0
 Spin Multiplicity                            =    1
 Number of Occupied Orbitals (Alpha)          =   14
 Number of Occupied Orbitals (Beta )          =   14
 Total Number of Atoms                        =    2

 Input Run Options
 -----------------
 IRUNTYP = 1  MULT = 1  ICHARG =  0 IECP = 0  IEMOM = 1  UNITS = ANGS    

 Integral Options
 ----------------
 CUTOFF = 1.0E-09   ISCHWZ = 0   ERITYP = FULL

 Input NOF Options
 -----------------

 Type of calculation =    Coeff. Opt.:   (ICOEF)         1
 Trigonometric functions for Occ. Opt.:  (ISOFTMAX)      0
 Type of Orb. Opt. = Orbital Rotations:  (IORBOPT)       4
 Maximum Number of Occ-Coef Outer Iter.: (MAXIT)      1000

 Natural Orbital Functional Selected:    (IPNOF)         5

 Restart calculation Option:             (RESTART)       T
 Orthogonalize the initial Orbitals:     (ORTHO)         T

 Output Option:                          (NPRINT)        0
 Output the Coefficient Matrix:          (IWRITEC)       0
 Do a Mulliken Population Analysis:      (IMULPOP)       0
 Write Information into a WFN file:      (IAIMPAC)       1
 Write Information into a FCHK file:     (IFCHK)         1
 Write Information into a MLP file:      (MOLDEN)        1
 Create Ini. Cond. (ini.xyz) file:       (INICOND)       1
 Calculate IPs using Ext. Koopmans Theo: (IEKT)          0
 Write APSG expansion coefficient file:  (APSG)          F
 Output option for Lagrange Multipliers: (PRINTLAG)      F
 Diagonalize matrix of Lag. Multipliers: (DIAGLAG)       F

 Nuclear Coordinates from GCF file:
 ----------------------------------

 Atom      Charge                Coordinates (Bohr)
                           x             y             z
 CA      20.00000        0.0000        0.0000       -1.6984
 O        8.00000        0.0000        0.0000        1.6984

------------------------------------------------------------------------

 Orbital Space
 -------------

 Inactive Doubly occupied orbitals up to NO1  =    0
 No. considered Strongly Doubly occupied MOs  =   14
 No. considered Strongly Singly occupied MOs  =    0
 No. of Weakly occ. per St. Doubly occ.  MOs  =    1
 Dimension of the Active Nat. Orb. subspace   =   28
 Secondary Empty orbitals                     =   13

 1e- integrals
 -------------
 Time to do integrals =      0.00
 Guess for MOs = HCORE
        75 MOs were matched and         0 equalized to zero

 2e- integrals
 -------------
 DONTW option skips storage 2e- integrals on Unit 1
               91410 2e- integrals in     1 records
 Time to do integrals =      0.05

 RHF SCF Calculation
 -------------------
 EXTRAP=T  DAMP=T  DIIS=T
 DMat Conv = 1.0E-05  Ener Tol = 1.0E-08
 Ener Conv = 1.0E-10  DMat Tol = 2.0E-05
 DIIS Conv = 1.0E-07  DMat Tol = 2.0E-05

 ITER      TOTAL ENERGY        E CHANGE     DEN. CHANGE    DIIS ERROR
   1     -738.6214560743  -738.6214560743   6.047005555   1.633015577
   2     -724.6263682242    13.9950878502   2.796848338   1.995506709
   3     -743.7463779456   -19.1200097214   0.005242935   0.895315459
   4     -743.7766064205    -0.0302284749   0.092555825   0.896304719
   5     -744.3064696472    -0.5298632267   0.110978141   0.907235405
   6     -744.9309007344    -0.6244310871   0.131103301   0.955570667
   7     -745.6478310835    -0.7169303491   0.148580309   0.991923436
   8     -746.4300659288    -0.7822348453   0.156734668   1.007102504
   9     -747.2235315414    -0.7934656126   0.151316955   0.996958482
  10     -747.9659714212    -0.7424398798   0.152394513   0.962737608
  11     -748.6989475976    -0.7329761764   0.123471622   0.901364096
  12     -749.2865230769    -0.5875754793   0.150116717   0.826774647
  13     -749.9552039429    -0.6686808660   0.117672689   0.702902233
  14     -750.3863640722    -0.4311601293   0.190301748   0.589917564
  15     -750.9292107584    -0.5428466863   0.437838173   0.378843164
  16     -751.0655892870    -0.1363785285   0.264873409   0.310629188
  17     -751.3774275793    -0.3118382923   0.092848250   0.041340823
  18     -751.3868794839    -0.0094519046   0.059047051   0.010009681
  19     -751.3889751913    -0.0020957074   0.035098478   0.003909288
  20     -751.3894778725    -0.0005026812   0.014691042   0.001293666
  21     -751.3895561891    -0.0000783166   0.004268191   0.000398063
  22     -751.3895634261    -0.0000072370   0.000986617   0.000100949
  23     -751.3895639344    -0.0000005083   0.000287205   0.000024781
  24     -751.3895639588    -0.0000000245   0.000087327   0.000009001
  25     -751.3895639612    -0.0000000023   0.000032534   0.000003087
  26     -751.3895639615    -0.0000000004   0.000003355   0.000000705

          -----------------
          DENSITY CONVERGED
          -----------------

 FINAL RHF ENERGY IS     -751.3895639615 AFTER  26 ITERATIONS

         WAVEFUNCTION NORMALIZATION =       1.0000000000

                ONE ELECTRON ENERGY =   -1128.3649918841
                TWO ELECTRON ENERGY =     329.8709281911
           NUCLEAR REPULSION ENERGY =      47.1044997315
                                      ------------------
                   RHF TOTAL ENERGY =    -751.3895639615

 ELECTRON-ELECTRON POTENTIAL ENERGY =     329.8709281911
  NUCLEUS-ELECTRON POTENTIAL ENERGY =   -1879.4906364349
   NUCLEUS-NUCLEUS POTENTIAL ENERGY =      47.1044997315
                                      ------------------
             TOTAL POTENTIAL ENERGY =   -1502.5152085123
               TOTAL KINETIC ENERGY =     751.1256445508
                 VIRIAL RATIO (V/T) =       2.0003513652

 Distribution Full ERIs:

 Integrals:                             91410
 Max size per slaves:                   22854
 Max size in master:                   114264

 No violations of the orthonormality


  RESULTS OF OCCUPATION-COEFFICIENT OPTIMIZATION
 ================================================

  Ex It  Occ Time  Orb Time  Orb It   Electronic Energy     Total Energy   Energy Convergency    Max Mul-Lag Diff

    1    2.1E-02   8.4E-02      10    -798.5491852352     -751.4446855037     0.0000000000           0.025199
    2    1.7E-02   2.3E-01      30    -798.5573434270     -751.4528436955    -0.0081581918           0.003446
    3    1.9E-02   2.3E-01      30    -798.5624083726     -751.4579086411    -0.0050649456           0.003277
    4    1.8E-02   2.3E-01      30    -798.5659165064     -751.4614167749    -0.0035081339           0.002939
    5    1.9E-02   2.3E-01      30    -798.5686035533     -751.4641038218    -0.0026870469           0.002181
    6    1.9E-02   2.2E-01      30    -798.5707450432     -751.4662453117    -0.0021414899           0.001190
    7    1.5E-02   2.1E-01      30    -798.5724306936     -751.4679309621    -0.0016856503           0.001190
    8    1.8E-02   2.3E-01      30    -798.5737707938     -751.4692710623    -0.0013401002           0.001157
    9    1.8E-02   2.3E-01      30    -798.5747733848     -751.4702736533    -0.0010025910           0.001195
   10    1.8E-02   2.3E-01      30    -798.5754548026     -751.4709550711    -0.0006814178           0.001177
   11    2.8E-02   2.2E-01      30    -798.5758937673     -751.4713940358    -0.0004389647           0.001193
   12    1.8E-02   2.3E-01      30    -798.5761735333     -751.4716738018    -0.0002797660           0.001164
   13    1.8E-02   2.2E-01      30    -798.5763483241     -751.4718485926    -0.0001747908           0.001194
   14    1.7E-02   2.3E-01      30    -798.5764547981     -751.4719550666    -0.0001064740           0.001180
   15    1.7E-02   2.2E-01      30    -798.5765191995     -751.4720194680    -0.0000644014           0.001178
   16    1.9E-02   2.3E-01      30    -798.5765543082     -751.4720545767    -0.0000351087           0.001185
   17    1.6E-02   2.9E-01      40    -798.5765776856     -751.4720779541    -0.0000233774           0.000252
   18    1.7E-02   3.6E-01      50    -798.5765950328     -751.4720953013    -0.0000173472           0.000038
   19    1.8E-02   4.4E-01      60    -798.5766076302     -751.4721078987    -0.0000125974           0.000019
   20    1.9E-02   5.2E-01      70    -798.5766169964     -751.4721172649    -0.0000093662           0.000011
   21    1.9E-02   5.9E-01      80    -798.5766240476     -751.4721243161    -0.0000070512           0.000007
   22    2.0E-02   6.3E-01      90    -798.5766286521     -751.4721289206    -0.0000046044           0.000005
   23    1.8E-02   7.1E-01     100    -798.5766318944     -751.4721321629    -0.0000032423           0.000004
   24    1.8E-02   7.7E-01     110    -798.5766343988     -751.4721346672    -0.0000025044           0.000003
   25    4.7E-02   8.4E-01     120    -798.5766363659     -751.4721366344    -0.0000019671           0.000002
   26    1.8E-02   8.9E-01     130    -798.5766379077     -751.4721381762    -0.0000015418           0.000002
   27    1.8E-02   9.6E-01     140    -798.5766392550     -751.4721395235    -0.0000013473           0.000001
   28    1.7E-02   1.0E+00     150    -798.5766401387     -751.4721404072    -0.0000008837           0.000001
   29    1.8E-02   1.1E+00     160    -798.5766408884     -751.4721411568    -0.0000007496           0.000001
   30    1.8E-02   1.2E+00     170    -798.5766415295     -751.4721417980    -0.0000006411           0.000001
   31    4.2E-02   1.3E+00     180    -798.5766420288     -751.4721422973    -0.0000004993           0.000001
   32    1.7E-02   1.3E+00     190    -798.5766423938     -751.4721426623    -0.0000003650           0.000000
   33    1.7E-02   1.4E+00     200    -798.5766426932     -751.4721429617    -0.0000002994           0.000000
   34    1.9E-02   1.5E+00     210    -798.5766429044     -751.4721431729    -0.0000002112           0.000000
   35    1.9E-02   6.2E-03     210    -798.5766429889     -751.4721432574    -0.0000000844           0.000009


  RESULTS OF THE OCCUPATION OPTIMIZATION
 ========================================

   OM     Occupation      Elag Diag

    1      2.0000000   -149.1331085
    2      2.0000000    -15.0027435
    3      2.0000000    -14.9858508
    4      1.9999997    -13.4713168
    5      1.9999986    -13.6955915
    6      1.9999502    -20.3615635
    7      1.9997283     -2.1030332
    8      1.9966156     -1.2443016
    9      1.9960299     -1.2586641
   10      1.9957143     -1.2517469
   11      1.9890825     -0.5108235
   12      1.9811499     -0.4762224
   13      1.9801011     -0.4739223
   14      1.9791434     -0.4626367
   15      0.0208566     -0.0147176
   16      0.0198989     -0.0144529
   17      0.0188501     -0.0138664
   18      0.0109175     -0.0100768
   19      0.0042857     -0.0054574
   20      0.0039701     -0.0051784
   21      0.0033844     -0.0041960
   22      0.0002717     -0.0006152
   23      0.0000498     -0.0012168
   24      0.0000014     -0.0000207
   25      0.0000003     -0.0000049
   26      0.0000000     -0.0000007
   27      0.0000000     -0.0000007
   28      0.0000000     -0.0000000

   RO Sum (  28) =   28.00

  ---------------
   Dipole Moment
  ---------------

     10.3819 Debye [   4.0846  (  -0.0099,  -0.0128,  -4.0845) ]

 ----------------
  Final Energies  
 ----------------

  Final NOF Total Energy =     -751.4721432574 ( 9.E-06 , 0.E+00 )


  **************************************************
  *                                                *
  *       SINGLE-POINT DoNOF CALCULATION           *
  *                                                *
  *             FULL OPTIMIZATION                  *
  *                                                *
  *  FINAL RESULTS   FINAL RESULTS  FINAL RESULTS  *
  *                                                *
  **************************************************

  **************************************************
  *         No. EXTERNAL ITER =    35              *
  *         No. of TOTAL ITER =  2920              *
  **************************************************

  Elapsed real time :     20.14  (Seconds)

 The execution finished at 16h  9min on the  2/ 6/2025
