 This is the serial version of the code

 The execution started at 10h 31min on the 11/22/2024

    ===========================================================
    !                                                         !
    !                        Do N O F                         !
    !                                                         !
    !  (Donostia Natural Orbital Functional Software Program) !
    !                                                         !
    !               COPYRIGHT by Mario Piris                  !
    !                                                         !
    !      Donostia International Physics Center (DIPC)       !
    !       University of the Basque Country (UPV/EHU)        !
    !       Basque Foundation for Science (IKERBASQUE)        !
    !                                                         !
    !          GNU General Public License version 3           !
    !                                                         !
    !                  VERSION: Mayo 2024                     !
    !                                                         !
    ===========================================================

 Run Title
 ---------
 p30-5 set                                                                       

 Basis Set
 ---------
 /home/ion/p30-10/Pnof5/def2-svp.bas                                             

 Atom      Charge                Coordinates (Bohr)
                           x             y             z
 O           8.0        2.8652        0.0000        0.1320
 O           8.0       -2.8652        0.0000       -0.1320
 H           1.0        3.1172        1.4648       -0.9629
 H           1.0        3.1172       -1.4648       -0.9629
 H           1.0       -3.1172        1.4648        0.9629
 H           1.0       -3.1172       -1.4648        0.9629

 Atomic Basis Set
 ----------------
 The contracted primitive functions were unnormalized
 The contracted basis functions are now normalized to unity

  Shell Type  Primitive         Exponent  Contraction Coefficient

 O         
 
      1   S       1          2266.1767785   -0.005389350392
      1   S       2           340.8701019   -0.040234721389
      1   S       3            77.3631352   -0.180081842055
      1   S       4            21.4796449   -0.468288576577
      1   S       5             6.6589433   -0.446926171602
 
      2   S       6             0.8097598    1.000000000000
 
      3   S       7             0.2553077    1.000000000000
 
      4   P       8            17.7215043    0.062630248763
      4   P       9             3.8635505    0.333311384824
      4   P      10             1.0480921    0.741486383081
 
      5   P      11             0.2764154    1.000000000000
 
      6   D      12             1.2000000    1.000000000000

 O         
 
      7   S      13          2266.1767785   -0.005389350392
      7   S      14           340.8701019   -0.040234721389
      7   S      15            77.3631352   -0.180081842055
      7   S      16            21.4796449   -0.468288576577
      7   S      17             6.6589433   -0.446926171602
 
      8   S      18             0.8097598    1.000000000000
 
      9   S      19             0.2553077    1.000000000000
 
     10   P      20            17.7215043    0.062630248763
     10   P      21             3.8635505    0.333311384824
     10   P      22             1.0480921    0.741486383081
 
     11   P      23             0.2764154    1.000000000000
 
     12   D      24             1.2000000    1.000000000000

 H         
 
     13   S      25            13.0107010    0.033485484813
     13   S      26             1.9622572    0.234721870881
     13   S      27             0.4445380    0.813770285260
 
     14   S      28             0.1219496    1.000000000000
 
     15   P      29             0.8000000    1.000000000000

 H         
 
     16   S      30            13.0107010    0.033485484813
     16   S      31             1.9622572    0.234721870881
     16   S      32             0.4445380    0.813770285260
 
     17   S      33             0.1219496    1.000000000000
 
     18   P      34             0.8000000    1.000000000000

 H         
 
     19   S      35            13.0107010    0.033485484813
     19   S      36             1.9622572    0.234721870881
     19   S      37             0.4445380    0.813770285260
 
     20   S      38             0.1219496    1.000000000000
 
     21   P      39             0.8000000    1.000000000000

 H         
 
     22   S      40            13.0107010    0.033485484813
     22   S      41             1.9622572    0.234721870881
     22   S      42             0.4445380    0.813770285260
 
     23   S      43             0.1219496    1.000000000000
 
     24   P      44             0.8000000    1.000000000000

 Total Number of Basis Set Shells             =   24
 Total Number of Primitives                   =   44
 Number of Cartesian Gaussian Basis Functions =   50
 Number of Electrons                          =   19
 Charge of Molecule                           =    1
 Spin Multiplicity                            =    2
 Number of Occupied Orbitals (Alpha)          =   10
 Number of Occupied Orbitals (Beta )          =    9
 Total Number of Atoms                        =    6

 Input Run Options
 -----------------
 IRUNTYP = 1  MULT = 2  ICHARG =  1 IECP = 0  IEMOM = 1  UNITS = ANGS    

 Integral Options
 ----------------
 CUTOFF = 1.0E-09   ISCHWZ = 1   ERITYP = FULL

 Input NOF Options
 -----------------

 Type of calculation =    Coeff. Opt.:   (ICOEF)         1
 Use Softmax function for Occ. Opt.:     (ISOFTMAX)      1
 Type of Orb. Opt. = Orbital Rotations:  (IORBOPT)       4
 Maximum Number of Occ-Coef Outer Iter.: (MAXIT)      1000

 Natural Orbital Functional Selected:    (IPNOF)         5
 Spin-Multiplet, High-Spin State Option: (HighSpin)      F
 
 Restart calculation Option:             (RESTART)       F
 Restart Gamma Matrix from GCF file:     (INPUTGAMMA)    0
 Coefficient Matrix from GCF file:       (INPUTC)        0
 Diagonal Elements FMIUG from GCF file:  (INPUTFMIUG)    0
 Cartesian Coordinates from GCF file:    (INPUTCXYZ)     0

 Hartree-Fock Calc. using ID Method:     (HFID)          T
 Threshold Energy Convergence=10**(-N):  (NTHRESHEID)    8
 Max. Number of External Iterations:     (MAXITID)     100
 Ion. Potentials by Koopmans Theorem:    (KOOPMANS)      0
 Orthogonalize the initial Orbitals:     (ORTHO)         T

 Output Option:                          (NPRINT)        0
 Output the Coefficient Matrix:          (IWRITEC)       0
 Do a Mulliken Population Analysis:      (IMULPOP)       0
 Write Information into a WFN file:      (IAIMPAC)       1
 Write Information into a FCHK file:     (IFCHK)         1
 Write Information into a MLP file:      (MOLDEN)        1
 Create Ini. Cond. (ini.xyz) file:       (INICOND)       1
 Calculate IPs using Ext. Koopmans Theo: (IEKT)          0
 Write APSG expansion coefficient file:  (APSG)          F
 Output option for Lagrange Multipliers: (PRINTLAG)      F
 Diagonalize matrix of Lag. Multipliers: (DIAGLAG)       F

------------------------------------------------------------------------

 Orbital Space
 -------------

 Inactive Doubly occupied orbitals up to NO1  =    0
 No. considered Strongly Doubly occupied MOs  =    9
 No. considered Strongly Singly occupied MOs  =    1
 No. of Weakly occ. per St. Doubly occ.  MOs  =    4
 Dimension of the Active Nat. Orb. subspace   =   45
 Secondary Empty orbitals                     =    4

 1e- integrals
 -------------
 Time to do integrals =      0.00
 Guess for MOs = HCORE
       894 MOs were matched and         0 equalized to zero

 Orthonormality violations:      74, Maximum Violation:  0.000007
 Orthogonalize the orbitals

 No violations of the orthonormality

 2e- integrals
 -------------
 DONTW option skips storage 2e- integrals on Unit 1
              502306 2e- integrals in     1 records
 Time to do integrals =      0.26

 ROHF SCF Calculation
 --------------------
 EXTRAP=T  DAMP=T  DIIS=T
 DMat Conv = 1.0E-05  Ener Tol = 1.0E-08
 Ener Conv = 1.0E-10  DMat Tol = 2.0E-05
 DIIS Conv = 1.0E-07  DMat Tol = 2.0E-05

 ITER      TOTAL ENERGY        E CHANGE     DEN. CHANGE    DIIS ERROR
   1     -136.6639897227  -136.6639897227   6.017944707   3.792611650
   2     -141.9748724781    -5.3108827555   4.345971525   1.315862011
   3     -151.4280123205    -9.4531398423   0.115224114   0.139257255
   4     -151.4659584649    -0.0379461445   0.070289580   0.030674597
   5     -151.4723808026    -0.0064223377   0.047655273   0.028257591
   6     -151.4811868291    -0.0088060264   0.105666148   0.030697739
   7     -151.4701887449     0.0109980842   0.014089220   0.007490010
   8     -151.4710751716    -0.0008864267   0.018994033   0.005384535
   9     -151.4715717763    -0.0004966047   0.017183627   0.011132131
  10     -151.4714029123     0.0001688639   0.031196493   0.004679299
  11     -151.4717417848    -0.0003388724   0.010639372   0.012471491
  12     -151.4717680029    -0.0000262181   0.005273814   0.008573959
  13     -151.4717704295    -0.0000024267   0.007665368   0.006262490
  14     -151.4717582979     0.0000121316   0.001275689   0.001936085
  15     -151.4717584734    -0.0000001755   0.002328235   0.001396667
  16     -151.4717600327    -0.0000015593   0.000852256   0.000264855
  17     -151.4717617089    -0.0000016762   0.000462392   0.000086036
  18     -151.4717619129    -0.0000002040   0.000068659   0.000068800
  19     -151.4717619195    -0.0000000066   0.000083812   0.000061456
  20     -151.4717619137     0.0000000057   0.000028481   0.000028020
  21     -151.4717619122     0.0000000015   0.000024172   0.000017365
  22     -151.4717619115     0.0000000007   0.000015061   0.000006832
  23     -151.4717619114     0.0000000001   0.000001207   0.000000308

          -----------------
          DENSITY CONVERGED
          -----------------

 FINAL ROHF ENERGY IS     -151.4717619114 AFTER  23 ITERATIONS

          --------------------
          SPIN SZ   =    0.500
          S-SQUARED =    0.750
          --------------------

         WAVEFUNCTION NORMALIZATION =       1.0000000000

                ONE ELECTRON ENERGY =    -272.7545471073
                TWO ELECTRON ENERGY =      86.3737015357
           NUCLEAR REPULSION ENERGY =      34.9090836603
                                      ------------------
                   RHF TOTAL ENERGY =    -151.4717619114

 ELECTRON-ELECTRON POTENTIAL ENERGY =      86.3737015357
  NUCLEUS-ELECTRON POTENTIAL ENERGY =    -423.3556180686
   NUCLEUS-NUCLEUS POTENTIAL ENERGY =      34.9090836603
                                      ------------------
             TOTAL POTENTIAL ENERGY =    -302.0728328727
               TOTAL KINETIC ENERGY =     150.6010709613
                 VIRIAL RATIO (V/T) =       2.0057814393


  HARTREE-FOCK 
 ==============

  ITER     ELECTRONIC ENERGY      TOTAL ENERGY   ENERGY CONVERGENCY    MAX MUL-LAG DIFF

    2.         -186.160322        -151.251239         0.22051816           0.318192
    3.         -167.665613        -132.756530        18.49470887           1.672431
    4.         -186.234282        -151.325198       -18.56866843           0.576371
    5.         -185.506936        -150.597852         0.72734604           2.229152
    6.         -164.879583        -129.970500        20.62735242           9.771139
    7.         -142.398625        -107.489541        22.48095853           8.463666
    8.         -107.757436         -72.848353        34.64118871           9.236195
    9.         -184.079328        -149.170244       -76.32189184           0.349460
   10.         -185.470297        -150.561214        -1.39096924           0.126450
   11.         -185.681323        -150.772239        -0.21102546           0.102345
   12.         -185.777677        -150.868593        -0.09635440           0.073387
   13.         -185.869062        -150.959979        -0.09138513           0.086846
   14.         -185.963804        -151.054721        -0.09474207           0.100344
   15.         -186.066247        -151.157164        -0.10244290           0.112752
   16.         -186.162629        -151.253546        -0.09638215           0.106681
   17.         -186.248518        -151.339434        -0.08588836           0.092370
   18.         -186.307757        -151.398673        -0.05923880           0.072977
   19.         -186.349773        -151.440689        -0.04201627           0.056727
   20.         -186.375874        -151.466790        -0.02610099           0.043104
   21.         -186.391873        -151.482789        -0.01599916           0.038114
   22.         -186.402334        -151.493250        -0.01046067           0.039429
   23.         -186.410944        -151.501860        -0.00861051           0.034036
   24.         -186.417685        -151.508602        -0.00674121           0.033243
   25.         -186.423362        -151.514279        -0.00567713           0.033757
   26.         -186.427831        -151.518747        -0.00446836           0.031512
   27.         -186.431257        -151.522173        -0.00342629           0.030505
   28.         -186.434121        -151.525037        -0.00286356           0.028019
   29.         -186.436208        -151.527125        -0.00208764           0.024925
   30.         -186.438171        -151.529088        -0.00196288           0.022089
   31.         -186.439750        -151.530666        -0.00157860           0.020878
   32.         -186.441015        -151.531932        -0.00126557           0.019128
   33.         -186.441912        -151.532828        -0.00089639           0.016348
   34.         -186.442772        -151.533688        -0.00085979           0.014569
   35.         -186.443454        -151.534371        -0.00068265           0.014592
   36.         -186.443967        -151.534883        -0.00051276           0.011028
   37.         -186.444447        -151.535363        -0.00047990           0.011725
   38.         -186.444851        -151.535767        -0.00040406           0.009959
   39.         -186.445173        -151.536089        -0.00032177           0.009111
   40.         -186.445450        -151.536366        -0.00027702           0.007937
   41.         -186.445664        -151.536581        -0.00021466           0.006436
   42.         -186.445851        -151.536767        -0.00018633           0.006655
   43.         -186.446014        -151.536930        -0.00016318           0.006041
   44.         -186.446149        -151.537065        -0.00013491           0.005395
   45.         -186.446266        -151.537183        -0.00011765           0.004948
   46.         -186.446367        -151.537284        -0.00010089           0.004414
   47.         -186.446451        -151.537367        -0.00008319           0.003970
   48.         -186.446520        -151.537437        -0.00006996           0.003573
   49.         -186.446576        -151.537492        -0.00005536           0.003242
   50.         -186.446623        -151.537539        -0.00004667           0.002950
   51.         -186.446663        -151.537579        -0.00004045           0.002682
   52.         -186.446699        -151.537615        -0.00003596           0.002410
   53.         -186.446728        -151.537644        -0.00002863           0.002156
   54.         -186.446752        -151.537668        -0.00002430           0.001940
   55.         -186.446771        -151.537688        -0.00001952           0.001765
   56.         -186.446789        -151.537705        -0.00001743           0.001609
   57.         -186.446803        -151.537720        -0.00001437           0.001467
   58.         -186.446815        -151.537731        -0.00001194           0.001347
   59.         -186.446825        -151.537741        -0.00000977           0.001227
   60.         -186.446832        -151.537748        -0.00000720           0.001013
   61.         -186.446840        -151.537756        -0.00000761           0.001033
   62.         -186.446844        -151.537760        -0.00000407           0.000977
   63.         -186.446847        -151.537763        -0.00000331           0.000925
   64.         -186.446850        -151.537766        -0.00000300           0.000869
   65.         -186.446853        -151.537769        -0.00000272           0.000824
   66.         -186.446855        -151.537772        -0.00000245           0.000779
   67.         -186.446857        -151.537774        -0.00000221           0.000737
   68.         -186.446859        -151.537776        -0.00000199           0.000703
   69.         -186.446861        -151.537778        -0.00000179           0.000670
   70.         -186.446863        -151.537779        -0.00000163           0.000631
   71.         -186.446864        -151.537781        -0.00000148           0.000598
   72.         -186.446866        -151.537782        -0.00000133           0.000570
   73.         -186.446867        -151.537783        -0.00000120           0.000538
   74.         -186.446868        -151.537784        -0.00000109           0.000508
   75.         -186.446869        -151.537785        -0.00000099           0.000482
   76.         -186.446870        -151.537786        -0.00000089           0.000463
   77.         -186.446871        -151.537787        -0.00000081           0.000436
   78.         -186.446871        -151.537788        -0.00000074           0.000415
   79.         -186.446872        -151.537788        -0.00000066           0.000393
   80.         -186.446873        -151.537789        -0.00000059           0.000374
   81.         -186.446873        -151.537790        -0.00000054           0.000353
   82.         -186.446874        -151.537790        -0.00000049           0.000335
   83.         -186.446874        -151.537790        -0.00000044           0.000321
   84.         -186.446875        -151.537791        -0.00000040           0.000307
   85.         -186.446875        -151.537791        -0.00000036           0.000289
   86.         -186.446875        -151.537792        -0.00000033           0.000276
   87.         -186.446876        -151.537792        -0.00000030           0.000261
   88.         -186.446876        -151.537792        -0.00000027           0.000248
   89.         -186.446876        -151.537792        -0.00000024           0.000236
   90.         -186.446876        -151.537793        -0.00000022           0.000225
   91.         -186.446876        -151.537793        -0.00000020           0.000215
   92.         -186.446877        -151.537793        -0.00000018           0.000205
   93.         -186.446877        -151.537793        -0.00000016           0.000194
   94.         -186.446877        -151.537793        -0.00000015           0.000185
   95.         -186.446877        -151.537793        -0.00000013           0.000176
   96.         -186.446877        -151.537794        -0.00000012           0.000167
   97.         -186.446877        -151.537794        -0.00000008           0.000163
   98.         -186.446877        -151.537794        -0.00000001           0.000162

  -------------
   HF Energies 
  -------------

                   (aU)              (eV)
     1         -18.283631        -497.522912
     2         -16.931185        -460.720971
     3          -4.821491        -131.199455
     4          -3.549257         -96.580202
     5          -1.801710         -49.027011
     6          -1.149116         -31.269047
     7          -1.024044         -27.865659
     8          -1.021441         -27.794821
     9          -0.957678         -26.059749
    10          -0.547226         -14.890788

    ELECTRONIC HF ENERGY =     -186.4468772639

         HF TOTAL ENERGY =     -151.5377936037

  ------------------
   HF Dipole Moment
  ------------------

      7.0177 Debye [   2.7610  (  -2.7579,  -0.0000,   0.1293) ]


  RESULTS OF OCCUPATION-COEFFICIENT OPTIMIZATION
 ================================================

  Ex It  Occ Time  Orb Time  Orb It   Electronic Energy     Total Energy   Energy Convergency    Max Mul-Lag Diff

    1    1.1E+00   3.3E+00      10    -186.4489705403     -151.5398868800     0.0000000000           0.000209
    2    1.0E+00   8.7E+00      30    -186.4519717929     -151.5428881326    -0.0030012526           0.000278
    3    1.1E+00   8.8E+00      30    -186.4599428469     -151.5508591866    -0.0079710540           0.000996
    4    1.1E+00   8.8E+00      30    -186.4731362852     -151.5640526249    -0.0131934383           0.002720
    5    1.1E+00   8.8E+00      30    -186.4904637723     -151.5813801120    -0.0173274871           0.004478
    6    1.1E+00   8.8E+00      30    -186.5099540062     -151.6008703460    -0.0194902339           0.005456
    7    1.1E+00   8.8E+00      30    -186.5287936549     -151.6197099947    -0.0188396487           0.005602
    8    1.0E+00   8.7E+00      30    -186.5454306391     -151.6363469789    -0.0166369842           0.005357
    9    1.1E+00   8.8E+00      30    -186.5590555011     -151.6499718408    -0.0136248619           0.005763
   10    1.1E+00   8.8E+00      30    -186.5698006797     -151.6607170194    -0.0107451786           0.005366
   11    1.1E+00   8.7E+00      30    -186.5776834679     -151.6685998076    -0.0078827882           0.004289
   12    1.1E+00   8.8E+00      30    -186.5828309233     -151.6737472630    -0.0051474554           0.002758
   13    1.1E+00   9.9E+00      30    -186.5859172495     -151.6768335893    -0.0030863262           0.002150
   14    1.1E+00   8.8E+00      30    -186.5876859762     -151.6786023159    -0.0017687267           0.001529
   15    1.1E+00   9.3E+00      30    -186.5887984455     -151.6797147853    -0.0011124693           0.001362
   16    1.1E+00   8.8E+00      30    -186.5895264415     -151.6804427812    -0.0007279959           0.001124
   17    1.0E+00   8.8E+00      30    -186.5899969762     -151.6809133159    -0.0004705347           0.000807
   18    1.1E+00   8.8E+00      30    -186.5902885390     -151.6812048787    -0.0002915628           0.000452
   19    1.0E+00   8.8E+00      30    -186.5904323363     -151.6813486760    -0.0001437973           0.000193
   20    1.0E+00   8.8E+00      30    -186.5904946937     -151.6814110335    -0.0000623575           0.000208
   21    1.1E+00   9.2E+00      30    -186.5905310951     -151.6814474348    -0.0000364013           0.000214
   22    1.2E+00   1.1E+01      30    -186.5905493782     -151.6814657180    -0.0000182832           0.000214
   23    1.2E+00   9.0E+00      30    -186.5905584613     -151.6814748010    -0.0000090831           0.000231
   24    1.0E+00   9.4E+00      30    -186.5905626654     -151.6814790051    -0.0000042041           0.000234
   25    1.0E+00   1.2E+01      40    -186.5905653201     -151.6814816599    -0.0000026548           0.000050


  RESULTS OF THE OCCUPATION OPTIMIZATION
 ========================================

   OM     Occupation      Elag Diag

    1      1.9999598    -21.1073434
    2      1.9999571    -20.7230905
    3      1.9948571     -1.3277354
    4      1.9919507     -0.9012081
    5      1.9915076     -0.8504641
    6      1.9828062     -1.3643274
    7      1.9828038     -1.3643171
    8      1.9792368     -1.0210342
    9      1.9792072     -1.0206800
   10      1.0000000     -0.5520057
   11      0.0017831     -0.0025497
   12      0.0017829     -0.0025493
   13      0.0013389     -0.0023822
   14      0.0007183     -0.0013794
   15      0.0074508     -0.0090587
   16      0.0076183     -0.0094401
   17      0.0002250     -0.0005588
   18      0.0000000     -0.0000002
   19      0.0000003     -0.0000067
   20      0.0007107     -0.0011331
   21      0.0175017     -0.0187628
   22      0.0005563     -0.0010671
   23      0.0145839     -0.0193070
   24      0.0003308     -0.0007065
   25      0.0001451     -0.0003213
   26      0.0043714     -0.0071416
   27      0.0000000     -0.0000012
   28      0.0000000     -0.0000014
   29      0.0175170     -0.0187697
   30      0.0007821     -0.0012501
   31      0.0145841     -0.0193070
   32      0.0005526     -0.0010623
   33      0.0004177     -0.0008721
   34      0.0000275     -0.0000461
   35      0.0001532     -0.0004079
   36      0.0000426     -0.0010506
   37      0.0000004     -0.0000099
   38      0.0007820     -0.0012487
   39      0.0006965     -0.0011089
   40      0.0007168     -0.0013779
   41      0.0013390     -0.0023820
   42      0.0002931     -0.0006169
   43      0.0002583     -0.0005561
   44      0.0003933     -0.0008121
   45      0.0000002     -0.0000041
   46      0.0000394     -0.0009793

   RO Sum (  19) =   19.00

  ---------------
   Dipole Moment
  ---------------

      7.0401 Debye [   2.7698  (  -2.7666,  -0.0001,   0.1336) ]

 ----------------
  Final Energies  
 ----------------

         HF Total Energy =     -151.5377936037
  Final NOF Total Energy =     -151.6814816599 ( 5.E-05 , 0.E+00 )
      Correlation Energy =       -0.1436880562



  **************************************************
  *                                                *
  *       SINGLE-POINT DoNOF CALCULATION           *
  *                                                *
  *             FULL OPTIMIZATION                  *
  *                                                *
  *  FINAL RESULTS   FINAL RESULTS  FINAL RESULTS  *
  *                                                *
  **************************************************

  **************************************************
  *         No. EXTERNAL ITER =    25              *
  *         No. of TOTAL ITER =   740              *
  **************************************************

  Elapsed real time :   1250.38  (Seconds)

 The execution finished at 10h 52min on the 11/22/2024
