 This is the serial version of the code

 The execution started at 10h 40min on the 11/22/2024

    ===========================================================
    !                                                         !
    !                        Do N O F                         !
    !                                                         !
    !  (Donostia Natural Orbital Functional Software Program) !
    !                                                         !
    !               COPYRIGHT by Mario Piris                  !
    !                                                         !
    !      Donostia International Physics Center (DIPC)       !
    !       University of the Basque Country (UPV/EHU)        !
    !       Basque Foundation for Science (IKERBASQUE)        !
    !                                                         !
    !          GNU General Public License version 3           !
    !                                                         !
    !                  VERSION: Mayo 2024                     !
    !                                                         !
    ===========================================================

 Run Title
 ---------
 p30-5 set                                                                       

 Basis Set
 ---------
 /home/ion/p30-10/Pnof5/def2-svp.bas                                             

 Atom      Charge                Coordinates (Bohr)
                           x             y             z
 N           7.0        0.0000        0.0000       -2.5588
 N           7.0        0.0000        0.0000        2.5588
 H           1.0        1.5930        0.9197       -3.0798
 H           1.0        0.0000       -1.8394       -3.0798
 H           1.0       -1.5930        0.9197       -3.0798
 H           1.0        1.5930       -0.9197        3.0798
 H           1.0        0.0000        1.8394        3.0798
 H           1.0       -1.5930       -0.9197        3.0798

 Atomic Basis Set
 ----------------
 The contracted primitive functions were unnormalized
 The contracted basis functions are now normalized to unity

  Shell Type  Primitive         Exponent  Contraction Coefficient

 N         
 
      1   S       1          1712.8415853   -0.005447799580
      1   S       2           257.6481268   -0.040627174632
      1   S       3            58.4582459   -0.181119622506
      1   S       4            16.1983679   -0.468439755632
      1   S       5             5.0052601   -0.446168462892
 
      2   S       6             0.5873186    1.000000000000
 
      3   S       7             0.1876459    1.000000000000
 
      4   P       8            13.5714702   -0.058848116970
      4   P       9             2.9257373   -0.320246247625
      4   P      10             0.7992775   -0.753282265204
 
      5   P      11             0.2195435    1.000000000000
 
      6   D      12             1.0000000    1.000000000000

 N         
 
      7   S      13          1712.8415853   -0.005447799580
      7   S      14           257.6481268   -0.040627174632
      7   S      15            58.4582459   -0.181119622506
      7   S      16            16.1983679   -0.468439755632
      7   S      17             5.0052601   -0.446168462892
 
      8   S      18             0.5873186    1.000000000000
 
      9   S      19             0.1876459    1.000000000000
 
     10   P      20            13.5714702   -0.058848116970
     10   P      21             2.9257373   -0.320246247625
     10   P      22             0.7992775   -0.753282265204
 
     11   P      23             0.2195435    1.000000000000
 
     12   D      24             1.0000000    1.000000000000

 H         
 
     13   S      25            13.0107010    0.033485484813
     13   S      26             1.9622572    0.234721870881
     13   S      27             0.4445380    0.813770285260
 
     14   S      28             0.1219496    1.000000000000
 
     15   P      29             0.8000000    1.000000000000

 H         
 
     16   S      30            13.0107010    0.033485484813
     16   S      31             1.9622572    0.234721870881
     16   S      32             0.4445380    0.813770285260
 
     17   S      33             0.1219496    1.000000000000
 
     18   P      34             0.8000000    1.000000000000

 H         
 
     19   S      35            13.0107010    0.033485484813
     19   S      36             1.9622572    0.234721870881
     19   S      37             0.4445380    0.813770285260
 
     20   S      38             0.1219496    1.000000000000
 
     21   P      39             0.8000000    1.000000000000

 H         
 
     22   S      40            13.0107010    0.033485484813
     22   S      41             1.9622572    0.234721870881
     22   S      42             0.4445380    0.813770285260
 
     23   S      43             0.1219496    1.000000000000
 
     24   P      44             0.8000000    1.000000000000

 H         
 
     25   S      45            13.0107010    0.033485484813
     25   S      46             1.9622572    0.234721870881
     25   S      47             0.4445380    0.813770285260
 
     26   S      48             0.1219496    1.000000000000
 
     27   P      49             0.8000000    1.000000000000

 H         
 
     28   S      50            13.0107010    0.033485484813
     28   S      51             1.9622572    0.234721870881
     28   S      52             0.4445380    0.813770285260
 
     29   S      53             0.1219496    1.000000000000
 
     30   P      54             0.8000000    1.000000000000

 Total Number of Basis Set Shells             =   30
 Total Number of Primitives                   =   54
 Number of Cartesian Gaussian Basis Functions =   60
 Number of Electrons                          =   19
 Charge of Molecule                           =    1
 Spin Multiplicity                            =    2
 Number of Occupied Orbitals (Alpha)          =   10
 Number of Occupied Orbitals (Beta )          =    9
 Total Number of Atoms                        =    8

 Input Run Options
 -----------------
 IRUNTYP = 1  MULT = 2  ICHARG =  1 IECP = 0  IEMOM = 1  UNITS = ANGS    

 Integral Options
 ----------------
 CUTOFF = 1.0E-09   ISCHWZ = 1   ERITYP = FULL

 Input NOF Options
 -----------------

 Type of calculation =    Coeff. Opt.:   (ICOEF)         1
 Use Softmax function for Occ. Opt.:     (ISOFTMAX)      1
 Type of Orb. Opt. = Orbital Rotations:  (IORBOPT)       4
 Maximum Number of Occ-Coef Outer Iter.: (MAXIT)      1000

 Natural Orbital Functional Selected:    (IPNOF)         5
 Spin-Multiplet, High-Spin State Option: (HighSpin)      F
 
 Restart calculation Option:             (RESTART)       F
 Restart Gamma Matrix from GCF file:     (INPUTGAMMA)    0
 Coefficient Matrix from GCF file:       (INPUTC)        0
 Diagonal Elements FMIUG from GCF file:  (INPUTFMIUG)    0
 Cartesian Coordinates from GCF file:    (INPUTCXYZ)     0

 Hartree-Fock Calc. using ID Method:     (HFID)          T
 Threshold Energy Convergence=10**(-N):  (NTHRESHEID)    8
 Max. Number of External Iterations:     (MAXITID)     100
 Ion. Potentials by Koopmans Theorem:    (KOOPMANS)      0
 Orthogonalize the initial Orbitals:     (ORTHO)         T

 Output Option:                          (NPRINT)        0
 Output the Coefficient Matrix:          (IWRITEC)       0
 Do a Mulliken Population Analysis:      (IMULPOP)       0
 Write Information into a WFN file:      (IAIMPAC)       1
 Write Information into a FCHK file:     (IFCHK)         1
 Write Information into a MLP file:      (MOLDEN)        1
 Create Ini. Cond. (ini.xyz) file:       (INICOND)       1
 Calculate IPs using Ext. Koopmans Theo: (IEKT)          0
 Write APSG expansion coefficient file:  (APSG)          F
 Output option for Lagrange Multipliers: (PRINTLAG)      F
 Diagonalize matrix of Lag. Multipliers: (DIAGLAG)       F

------------------------------------------------------------------------

 Orbital Space
 -------------

 Inactive Doubly occupied orbitals up to NO1  =    0
 No. considered Strongly Doubly occupied MOs  =    9
 No. considered Strongly Singly occupied MOs  =    1
 No. of Weakly occ. per St. Doubly occ.  MOs  =    5
 Dimension of the Active Nat. Orb. subspace   =   54
 Secondary Empty orbitals                     =    5

 1e- integrals
 -------------
 Time to do integrals =      0.00
 Guess for MOs = HCORE
      3185 MOs were matched and       456 equalized to zero

 Orthonormality violations:      11, Maximum Violation:  0.000004
 Orthogonalize the orbitals

 No violations of the orthonormality

 2e- integrals
 -------------
 DONTW option skips storage 2e- integrals on Unit 1
             1195489 2e- integrals in     1 records
 Time to do integrals =      0.44

 ROHF SCF Calculation
 --------------------
 EXTRAP=T  DAMP=T  DIIS=T
 DMat Conv = 1.0E-05  Ener Tol = 1.0E-08
 Ener Conv = 1.0E-10  DMat Tol = 2.0E-05
 DIIS Conv = 1.0E-07  DMat Tol = 2.0E-05

 ITER      TOTAL ENERGY        E CHANGE     DEN. CHANGE    DIIS ERROR
   1      -95.7760414498   -95.7760414498   9.127814989   3.556431965
   2     -102.8609178265    -7.0848763767   7.685852069   1.189728428
   3     -111.9386032217    -9.0776853952   0.127457398   0.221923152
   4     -111.9881931081    -0.0495898864   0.064227791   0.048920866
   5     -111.9953288731    -0.0071357650   0.011944755   0.015135633
   6     -111.9957466748    -0.0004178017   0.003400863   0.002344905
   7     -111.9957657951    -0.0000191203   0.000464915   0.000573069
   8     -111.9957666122    -0.0000008171   0.000121674   0.000157968
   9     -111.9957666704    -0.0000000582   0.000009056   0.000010016
  10     -111.9957666707    -0.0000000003   0.000000894   0.000000883

          -----------------
          DENSITY CONVERGED
          -----------------

 FINAL ROHF ENERGY IS     -111.9957666707 AFTER  10 ITERATIONS

          --------------------
          SPIN SZ   =    0.500
          S-SQUARED =    0.750
          --------------------

         WAVEFUNCTION NORMALIZATION =       1.0000000000

                ONE ELECTRON ENERGY =    -229.5399162530
                TWO ELECTRON ENERGY =      75.6840944885
           NUCLEAR REPULSION ENERGY =      41.8600550937
                                      ------------------
                   RHF TOTAL ENERGY =    -111.9957666707

 ELECTRON-ELECTRON POTENTIAL ENERGY =      75.6840944885
  NUCLEUS-ELECTRON POTENTIAL ENERGY =    -340.5480037574
   NUCLEUS-NUCLEUS POTENTIAL ENERGY =      41.8600550937
                                      ------------------
             TOTAL POTENTIAL ENERGY =    -223.0038541751
               TOTAL KINETIC ENERGY =     111.0080875044
                 VIRIAL RATIO (V/T) =       2.0088973622


  HARTREE-FOCK 
 ==============

  ITER     ELECTRONIC ENERGY      TOTAL ENERGY   ENERGY CONVERGENCY    MAX MUL-LAG DIFF

    2.         -153.831003        -111.970948         0.02446204           0.100366
    3.         -132.888973         -91.028918        20.94203011           0.837458
    4.         -153.502615        -111.642560       -20.61364229           0.119415
    5.         -153.805111        -111.945056        -0.30249547           0.047242
    6.         -153.853206        -111.993151        -0.04809493           0.088496
    7.         -153.742859        -111.882804         0.11034633           0.541450
    8.         -149.571055        -107.711000         4.17180411           4.398603
    9.         -134.967767         -93.107712        14.60328859           5.145345
   10.         -130.916784         -89.056729         4.05098236           4.721114
   11.         -121.714824         -79.854769         9.20196022           4.159988
   12.          -89.496319         -47.636264        32.21850501           4.899686
   13.         -152.678845        -110.818790       -63.18252565           0.319064
   14.         -153.583621        -111.723566        -0.90477659           0.172936
   15.         -153.777268        -111.917212        -0.19364627           0.092723
   16.         -153.830523        -111.970467        -0.05325508           0.047930
   17.         -153.849728        -111.989673        -0.01920577           0.029680
   18.         -153.857921        -111.997866        -0.00819266           0.016604
   19.         -153.860947        -112.000892        -0.00302576           0.009777
   20.         -153.862148        -112.002093        -0.00120101           0.006019
   21.         -153.862669        -112.002614        -0.00052162           0.003950
   22.         -153.862897        -112.002842        -0.00022786           0.003143
   23.         -153.863015        -112.002960        -0.00011767           0.002592
   24.         -153.863075        -112.003020        -0.00006044           0.002111
   25.         -153.863109        -112.003054        -0.00003359           0.001723
   26.         -153.863128        -112.003073        -0.00001917           0.001413
   27.         -153.863136        -112.003081        -0.00000754           0.001242
   28.         -153.863145        -112.003090        -0.00000939           0.001034
   29.         -153.863150        -112.003095        -0.00000464           0.000895
   30.         -153.863153        -112.003098        -0.00000293           0.000824
   31.         -153.863155        -112.003100        -0.00000233           0.000745
   32.         -153.863157        -112.003102        -0.00000188           0.000662
   33.         -153.863158        -112.003103        -0.00000152           0.000593
   34.         -153.863160        -112.003105        -0.00000121           0.000535
   35.         -153.863161        -112.003105        -0.00000099           0.000485
   36.         -153.863161        -112.003106        -0.00000081           0.000432
   37.         -153.863162        -112.003107        -0.00000066           0.000389
   38.         -153.863163        -112.003107        -0.00000053           0.000348
   39.         -153.863163        -112.003108        -0.00000043           0.000311
   40.         -153.863163        -112.003108        -0.00000035           0.000282
   41.         -153.863164        -112.003109        -0.00000028           0.000253
   42.         -153.863164        -112.003109        -0.00000023           0.000227
   43.         -153.863164        -112.003109        -0.00000018           0.000204
   44.         -153.863164        -112.003109        -0.00000015           0.000184
   45.         -153.863164        -112.003109        -0.00000012           0.000166
   46.         -153.863164        -112.003109        -0.00000001           0.000165

  -------------
   HF Energies 
  -------------

                   (aU)              (eV)
     1         -15.193124        -413.425938
     2         -13.820042        -376.062455
     3          -2.943763         -80.103860
     4          -1.483428         -40.366125
     5          -1.119063         -30.451257
     6          -1.106032         -30.096672
     7          -1.025957         -27.917707
     8          -1.018355         -27.710838
     9          -0.965215         -26.264829
    10          -0.413090         -11.240746

    ELECTRONIC HF ENERGY =     -153.8631643410

         HF TOTAL ENERGY =     -112.0031092473

  ------------------
   HF Dipole Moment
  ------------------

      4.4992 Debye [   1.7701  (   0.0000,  -0.0000,   1.7701) ]


  RESULTS OF OCCUPATION-COEFFICIENT OPTIMIZATION
 ================================================

  Ex It  Occ Time  Orb Time  Orb It   Electronic Energy     Total Energy   Energy Convergency    Max Mul-Lag Diff

    1    2.9E+00   7.6E+00      10    -153.8668457620     -112.0067906682    -0.0016373053           0.040885
    2    2.8E+00   7.6E+00      10    -153.8963703908     -112.0363152971    -0.0295246289           0.034238
    3    3.1E+00   7.7E+00      10    -153.9466012100     -112.0865461163    -0.0502308192           0.026189
    4    3.0E+00   7.9E+00      10    -153.9778076359     -112.1177525421    -0.0312064258           0.027171
    5    3.0E+00   7.8E+00      10    -153.9970477921     -112.1369926983    -0.0192401562           0.027105
    6    2.9E+00   7.8E+00      10    -154.0075536108     -112.1474985170    -0.0105058187           0.025092
    7    2.9E+00   7.8E+00      10    -154.0132969619     -112.1532418682    -0.0057433512           0.021587
    8    2.9E+00   7.7E+00      10    -154.0163922480     -112.1563371543    -0.0030952861           0.019152
    9    2.9E+00   7.7E+00      10    -154.0183122618     -112.1582571680    -0.0019200137           0.026853
   10    2.8E+00   7.7E+00      10    -154.0197230654     -112.1596679716    -0.0014108036           0.018912
   11    2.8E+00   7.6E+00      10    -154.0203574296     -112.1603023359    -0.0006343643           0.018089
   12    2.9E+00   7.7E+00      10    -154.0208947507     -112.1608396570    -0.0005373211           0.019309
   13    2.8E+00   7.7E+00      10    -154.0207941026     -112.1607390089     0.0001006481           0.018952
   14    2.8E+00   1.4E+01      20    -154.0226709826     -112.1626158888    -0.0018768799           0.000904
   15    2.8E+00   2.0E+01      30    -154.0226793653     -112.1626242715    -0.0000083827           0.000182
   16    2.8E+00   2.7E+01      40    -154.0226801786     -112.1626250849    -0.0000008133           0.000035


  RESULTS OF THE OCCUPATION OPTIMIZATION
 ========================================

   OM     Occupation      Elag Diag

    1      1.9999119    -15.7242751
    2      1.9999052    -15.9650611
    3      1.9909946     -0.7318600
    4      1.9833238     -1.1720158
    5      1.9833229     -1.1720236
    6      1.9833181     -1.1720084
    7      1.9809053     -0.9535820
    8      1.9809048     -0.9535948
    9      1.9809020     -0.9535668
   10      1.0000000     -0.4291620
   11      0.0145283     -0.0147367
   12      0.0024118     -0.0030811
   13      0.0024101     -0.0030803
   14      0.0008930     -0.0015002
   15      0.0017192     -0.0026220
   16      0.0017274     -0.0026281
   17      0.0000131     -0.0000258
   18      0.0000000     -0.0000011
   19      0.0000000     -0.0000000
   20      0.0001222     -0.0002189
   21      0.0145322     -0.0147391
   22      0.0145301     -0.0147377
   23      0.0017284     -0.0026293
   24      0.0130717     -0.0153174
   25      0.0001027     -0.0002038
   26      0.0083139     -0.0078638
   27      0.0000000     -0.0000011
   28      0.0000000     -0.0000000
   29      0.0010187     -0.0015211
   30      0.0010153     -0.0015242
   31      0.0010152     -0.0015190
   32      0.0008853     -0.0014956
   33      0.0008943     -0.0015003
   34      0.0130710     -0.0153174
   35      0.0002384     -0.0004284
   36      0.0000000     -0.0000001
   37      0.0000000     -0.0000001
   38      0.0010169     -0.0015296
   39      0.0001233     -0.0002196
   40      0.0010144     -0.0015286
   41      0.0130743     -0.0153201
   42      0.0008885     -0.0014989
   43      0.0008822     -0.0014947
   44      0.0001964     -0.0003713
   45      0.0000003     -0.0000047
   46      0.0000880     -0.0016998
   47      0.0024118     -0.0030813
   48      0.0010125     -0.0015219
   49      0.0001249     -0.0002208
   50      0.0001009     -0.0002024
   51      0.0001035     -0.0002043
   52      0.0008929     -0.0014982
   53      0.0002437     -0.0004324
   54      0.0000944     -0.0018166
   55      0.0000001     -0.0000002

   RO Sum (  19) =   19.00

  ---------------
   Dipole Moment
  ---------------

      4.8320 Debye [   1.9011  (  -0.0000,  -0.0000,   1.9011) ]

 ----------------
  Final Energies  
 ----------------

         HF Total Energy =     -112.0031092473
  Final NOF Total Energy =     -112.1626250849 ( 3.E-05 , 0.E+00 )
      Correlation Energy =       -0.1595158376



  **************************************************
  *                                                *
  *       SINGLE-POINT DoNOF CALCULATION           *
  *                                                *
  *             FULL OPTIMIZATION                  *
  *                                                *
  *  FINAL RESULTS   FINAL RESULTS  FINAL RESULTS  *
  *                                                *
  **************************************************

  **************************************************
  *         No. EXTERNAL ITER =    16              *
  *         No. of TOTAL ITER =   220              *
  **************************************************

  Elapsed real time :   1483.92  (Seconds)

 The execution finished at 11h  4min on the 11/22/2024
