 This is the serial version of the code

 The execution started at 10h 20min on the 11/22/2024

    ===========================================================
    !                                                         !
    !                        Do N O F                         !
    !                                                         !
    !  (Donostia Natural Orbital Functional Software Program) !
    !                                                         !
    !               COPYRIGHT by Mario Piris                  !
    !                                                         !
    !      Donostia International Physics Center (DIPC)       !
    !       University of the Basque Country (UPV/EHU)        !
    !       Basque Foundation for Science (IKERBASQUE)        !
    !                                                         !
    !          GNU General Public License version 3           !
    !                                                         !
    !                  VERSION: Mayo 2024                     !
    !                                                         !
    ===========================================================

 Run Title
 ---------
 p30-5 set                                                                       

 Basis Set
 ---------
 /home/ion/p30-10/Pnof5/def2-svp.bas                                             

 Atom      Charge                Coordinates (Bohr)
                           x             y             z
 N           7.0        0.0000        0.0000        0.0000
 H           1.0        0.9626       -1.6673        0.0000
 H           1.0        0.9626        1.6673        0.0000
 H           1.0       -1.9253        0.0000        0.0000

 Atomic Basis Set
 ----------------
 The contracted primitive functions were unnormalized
 The contracted basis functions are now normalized to unity

  Shell Type  Primitive         Exponent  Contraction Coefficient

 N         
 
      1   S       1          1712.8415853   -0.005447799580
      1   S       2           257.6481268   -0.040627174632
      1   S       3            58.4582459   -0.181119622506
      1   S       4            16.1983679   -0.468439755632
      1   S       5             5.0052601   -0.446168462892
 
      2   S       6             0.5873186    1.000000000000
 
      3   S       7             0.1876459    1.000000000000
 
      4   P       8            13.5714702   -0.058848116970
      4   P       9             2.9257373   -0.320246247625
      4   P      10             0.7992775   -0.753282265204
 
      5   P      11             0.2195435    1.000000000000
 
      6   D      12             1.0000000    1.000000000000

 H         
 
      7   S      13            13.0107010    0.033485484813
      7   S      14             1.9622572    0.234721870881
      7   S      15             0.4445380    0.813770285260
 
      8   S      16             0.1219496    1.000000000000
 
      9   P      17             0.8000000    1.000000000000

 H         
 
     10   S      18            13.0107010    0.033485484813
     10   S      19             1.9622572    0.234721870881
     10   S      20             0.4445380    0.813770285260
 
     11   S      21             0.1219496    1.000000000000
 
     12   P      22             0.8000000    1.000000000000

 H         
 
     13   S      23            13.0107010    0.033485484813
     13   S      24             1.9622572    0.234721870881
     13   S      25             0.4445380    0.813770285260
 
     14   S      26             0.1219496    1.000000000000
 
     15   P      27             0.8000000    1.000000000000

 Total Number of Basis Set Shells             =   15
 Total Number of Primitives                   =   27
 Number of Cartesian Gaussian Basis Functions =   30
 Number of Electrons                          =    9
 Charge of Molecule                           =    1
 Spin Multiplicity                            =    2
 Number of Occupied Orbitals (Alpha)          =    5
 Number of Occupied Orbitals (Beta )          =    4
 Total Number of Atoms                        =    4

 Input Run Options
 -----------------
 IRUNTYP = 1  MULT = 2  ICHARG =  1 IECP = 0  IEMOM = 1  UNITS = ANGS    

 Integral Options
 ----------------
 CUTOFF = 1.0E-09   ISCHWZ = 0   ERITYP = FULL

 Input NOF Options
 -----------------

 Type of calculation =    Coeff. Opt.:   (ICOEF)         1
 Use Softmax function for Occ. Opt.:     (ISOFTMAX)      1
 Type of Orb. Opt. = Orbital Rotations:  (IORBOPT)       4
 Maximum Number of Occ-Coef Outer Iter.: (MAXIT)      1000

 Natural Orbital Functional Selected:    (IPNOF)         5
 Spin-Multiplet, High-Spin State Option: (HighSpin)      F
 
 Restart calculation Option:             (RESTART)       F
 Restart Gamma Matrix from GCF file:     (INPUTGAMMA)    0
 Coefficient Matrix from GCF file:       (INPUTC)        0
 Diagonal Elements FMIUG from GCF file:  (INPUTFMIUG)    0
 Cartesian Coordinates from GCF file:    (INPUTCXYZ)     0

 Hartree-Fock Calc. using ID Method:     (HFID)          T
 Threshold Energy Convergence=10**(-N):  (NTHRESHEID)    8
 Max. Number of External Iterations:     (MAXITID)     100
 Ion. Potentials by Koopmans Theorem:    (KOOPMANS)      0
 Orthogonalize the initial Orbitals:     (ORTHO)         T

 Output Option:                          (NPRINT)        0
 Output the Coefficient Matrix:          (IWRITEC)       0
 Do a Mulliken Population Analysis:      (IMULPOP)       0
 Write Information into a WFN file:      (IAIMPAC)       1
 Write Information into a FCHK file:     (IFCHK)         1
 Write Information into a MLP file:      (MOLDEN)        1
 Create Ini. Cond. (ini.xyz) file:       (INICOND)       1
 Calculate IPs using Ext. Koopmans Theo: (IEKT)          0
 Write APSG expansion coefficient file:  (APSG)          F
 Output option for Lagrange Multipliers: (PRINTLAG)      F
 Diagonalize matrix of Lag. Multipliers: (DIAGLAG)       F

------------------------------------------------------------------------

 Orbital Space
 -------------

 Inactive Doubly occupied orbitals up to NO1  =    0
 No. considered Strongly Doubly occupied MOs  =    4
 No. considered Strongly Singly occupied MOs  =    1
 No. of Weakly occ. per St. Doubly occ.  MOs  =    6
 Dimension of the Active Nat. Orb. subspace   =   28
 Secondary Empty orbitals                     =    1

 1e- integrals
 -------------
 Time to do integrals =      0.00
 Guess for MOs = HCORE
       157 MOs were matched and        61 equalized to zero

 No violations of the orthonormality

 2e- integrals
 -------------
 DONTW option skips storage 2e- integrals on Unit 1
               52269 2e- integrals in     1 records
 Time to do integrals =      0.06

 ROHF SCF Calculation
 --------------------
 EXTRAP=T  DAMP=T  DIIS=T
 DMat Conv = 1.0E-05  Ener Tol = 1.0E-08
 Ener Conv = 1.0E-10  DMat Tol = 2.0E-05
 DIIS Conv = 1.0E-07  DMat Tol = 2.0E-05

 ITER      TOTAL ENERGY        E CHANGE     DEN. CHANGE    DIIS ERROR
   1      -49.0277010067   -49.0277010067   8.335932418   3.327733635
   2      -53.0206367511    -3.9929357444   4.859517614   1.172524452
   3      -55.7695862473    -2.7489494962   0.270842563   0.204860083
   4      -55.8254131905    -0.0558269433   0.093811599   0.074402985
   5      -55.8342719912    -0.0088588007   0.027200773   0.010157447
   6      -55.8346269849    -0.0003549937   0.003055723   0.001501094
   7      -55.8346335286    -0.0000065438   0.000362980   0.000124015
   8      -55.8346335983    -0.0000000697   0.000024426   0.000016839
   9      -55.8346335987    -0.0000000004   0.000002774   0.000002201

          -----------------
          DENSITY CONVERGED
          -----------------

 FINAL ROHF ENERGY IS      -55.8346335987 AFTER   9 ITERATIONS

          --------------------
          SPIN SZ   =    0.500
          S-SQUARED =    0.750
          --------------------

         WAVEFUNCTION NORMALIZATION =       1.0000000000

                ONE ELECTRON ENERGY =     -95.1364653357
                TWO ELECTRON ENERGY =      27.4945273807
           NUCLEAR REPULSION ENERGY =      11.8073043563
                                      ------------------
                   RHF TOTAL ENERGY =     -55.8346335987

 ELECTRON-ELECTRON POTENTIAL ENERGY =      27.4945273807
  NUCLEUS-ELECTRON POTENTIAL ENERGY =    -150.5579459923
   NUCLEUS-NUCLEUS POTENTIAL ENERGY =      11.8073043563
                                      ------------------
             TOTAL POTENTIAL ENERGY =    -111.2561142553
               TOTAL KINETIC ENERGY =      55.4214806566
                 VIRIAL RATIO (V/T) =       2.0074547438


  HARTREE-FOCK 
 ==============

  ITER     ELECTRONIC ENERGY      TOTAL ENERGY   ENERGY CONVERGENCY    MAX MUL-LAG DIFF


  -------------
   HF Energies 
  -------------

                   (aU)              (eV)
     1         -16.006085        -435.547727
     2          -1.508017         -41.035228
     3          -1.051405         -28.610192
     4          -1.051405         -28.610192
     5          -0.456792         -12.429950

    ELECTRONIC HF ENERGY =      -67.6419379550

         HF TOTAL ENERGY =      -55.8346335987

  ------------------
   HF Dipole Moment
  ------------------

      0.0000 Debye [   0.0000  (  -0.0000,  -0.0000,   0.0000) ]


  RESULTS OF OCCUPATION-COEFFICIENT OPTIMIZATION
 ================================================

  Ex It  Occ Time  Orb Time  Orb It   Electronic Energy     Total Energy   Energy Convergency    Max Mul-Lag Diff

    1    1.1E-01   2.1E-01      10     -67.6491380499      -55.8418336936    -0.0027331332           0.031977
    2    1.1E-01   1.9E-01      10     -67.6586970274      -55.8513926712    -0.0095589775           0.019546
    3    9.8E-02   1.9E-01      10     -67.6719829188      -55.8646785625    -0.0132858913           0.022610
    4    9.2E-02   1.9E-01      10     -67.6843538707      -55.8770495144    -0.0123709519           0.021005
    5    9.0E-02   2.0E-01      10     -67.6947182884      -55.8874139321    -0.0103644177           0.023515
    6    8.9E-02   2.0E-01      10     -67.7024044473      -55.8951000911    -0.0076861589           0.017744
    7    7.7E-02   1.9E-01      10     -67.7072990142      -55.8999946579    -0.0048945669           0.013512
    8    8.2E-02   1.9E-01      10     -67.7103941146      -55.9030897584    -0.0030951005           0.014609
    9    8.5E-02   1.9E-01      10     -67.7120601348      -55.9047557786    -0.0016660202           0.016462
   10    8.6E-02   1.9E-01      10     -67.7126991326      -55.9053947763    -0.0006389978           0.012678
   11    8.2E-02   1.9E-01      10     -67.7131153118      -55.9058109555    -0.0004161791           0.014741
   12    8.8E-02   1.9E-01      10     -67.7132683464      -55.9059639901    -0.0001530347           0.015790
   13    8.1E-02   1.9E-01      10     -67.7131138612      -55.9058095049     0.0001544852           0.019650
   14    7.5E-02   3.5E-01      20     -67.7137028130      -55.9063984567    -0.0005889518           0.000860
   15    9.8E-02   6.5E-01      30     -67.7137076168      -55.9064032605    -0.0000048039           0.000159
   16    1.0E-01   8.4E-01      40     -67.7137096884      -55.9064053321    -0.0000020716           0.000030


  RESULTS OF THE OCCUPATION OPTIMIZATION
 ========================================

   OM     Occupation      Elag Diag

    1      1.9999100    -16.0110801
    2      1.9835131     -1.2217404
    3      1.9834631     -1.2209541
    4      1.9834272     -1.2205845
    5      1.0000000     -0.4595096
    6      0.0017824     -0.0027099
    7      0.0017711     -0.0026976
    8      0.0001130     -0.0002202
    9      0.0000000     -0.0000002
   10      0.0129299     -0.0154947
   11      0.0008633     -0.0014688
   12      0.0007652     -0.0013433
   13      0.0000000     -0.0000001
   14      0.0007968     -0.0013878
   15      0.0001097     -0.0002157
   16      0.0008639     -0.0014690
   17      0.0000000     -0.0000000
   18      0.0001130     -0.0002201
   19      0.0007754     -0.0013614
   20      0.0129506     -0.0155348
   21      0.0000000     -0.0000000
   22      0.0008469     -0.0014496
   23      0.0001003     -0.0001923
   24      0.0000621     -0.0001419
   25      0.0000896     -0.0017366
   26      0.0001037     -0.0001990
   27      0.0129171     -0.0154889
   28      0.0017321     -0.0026661
   29      0.0000003     -0.0000035

   RO Sum (   9) =    9.00

  ---------------
   Dipole Moment
  ---------------

      0.0015 Debye [   0.0006  (   0.0004,  -0.0004,   0.0000) ]

 ----------------
  Final Energies  
 ----------------

         HF Total Energy =      -55.8346335987
  Final NOF Total Energy =      -55.9064053321 ( 3.E-05 , 0.E+00 )
      Correlation Energy =       -0.0717717334



  **************************************************
  *                                                *
  *       SINGLE-POINT DoNOF CALCULATION           *
  *                                                *
  *             FULL OPTIMIZATION                  *
  *                                                *
  *  FINAL RESULTS   FINAL RESULTS  FINAL RESULTS  *
  *                                                *
  **************************************************

  **************************************************
  *         No. EXTERNAL ITER =    16              *
  *         No. of TOTAL ITER =   220              *
  **************************************************

  Elapsed real time :      6.19  (Seconds)

 The execution finished at 10h 20min on the 11/22/2024
