 This is the serial version of the code

 The execution started at 10h 31min on the 11/22/2024

    ===========================================================
    !                                                         !
    !                        Do N O F                         !
    !                                                         !
    !  (Donostia Natural Orbital Functional Software Program) !
    !                                                         !
    !               COPYRIGHT by Mario Piris                  !
    !                                                         !
    !      Donostia International Physics Center (DIPC)       !
    !       University of the Basque Country (UPV/EHU)        !
    !       Basque Foundation for Science (IKERBASQUE)        !
    !                                                         !
    !          GNU General Public License version 3           !
    !                                                         !
    !                  VERSION: Mayo 2024                     !
    !                                                         !
    ===========================================================

 Run Title
 ---------
 p30-5 set                                                                       

 Basis Set
 ---------
 /home/ion/p30-10/Pnof5/def2-svp.bas                                             

 Atom      Charge                Coordinates (Bohr)
                           x             y             z
 O           8.0        2.3864        0.0000        0.1340
 O           8.0       -2.3864        0.0000       -0.1340
 H           1.0        2.6495        1.4648       -0.9582
 H           1.0        2.6495       -1.4648       -0.9582
 H           1.0       -2.6495        1.4648        0.9582
 H           1.0       -2.6495       -1.4648        0.9582

 Atomic Basis Set
 ----------------
 The contracted primitive functions were unnormalized
 The contracted basis functions are now normalized to unity

  Shell Type  Primitive         Exponent  Contraction Coefficient

 O         
 
      1   S       1          2266.1767785   -0.005389350392
      1   S       2           340.8701019   -0.040234721389
      1   S       3            77.3631352   -0.180081842055
      1   S       4            21.4796449   -0.468288576577
      1   S       5             6.6589433   -0.446926171602
 
      2   S       6             0.8097598    1.000000000000
 
      3   S       7             0.2553077    1.000000000000
 
      4   P       8            17.7215043    0.062630248763
      4   P       9             3.8635505    0.333311384824
      4   P      10             1.0480921    0.741486383081
 
      5   P      11             0.2764154    1.000000000000
 
      6   D      12             1.2000000    1.000000000000

 O         
 
      7   S      13          2266.1767785   -0.005389350392
      7   S      14           340.8701019   -0.040234721389
      7   S      15            77.3631352   -0.180081842055
      7   S      16            21.4796449   -0.468288576577
      7   S      17             6.6589433   -0.446926171602
 
      8   S      18             0.8097598    1.000000000000
 
      9   S      19             0.2553077    1.000000000000
 
     10   P      20            17.7215043    0.062630248763
     10   P      21             3.8635505    0.333311384824
     10   P      22             1.0480921    0.741486383081
 
     11   P      23             0.2764154    1.000000000000
 
     12   D      24             1.2000000    1.000000000000

 H         
 
     13   S      25            13.0107010    0.033485484813
     13   S      26             1.9622572    0.234721870881
     13   S      27             0.4445380    0.813770285260
 
     14   S      28             0.1219496    1.000000000000
 
     15   P      29             0.8000000    1.000000000000

 H         
 
     16   S      30            13.0107010    0.033485484813
     16   S      31             1.9622572    0.234721870881
     16   S      32             0.4445380    0.813770285260
 
     17   S      33             0.1219496    1.000000000000
 
     18   P      34             0.8000000    1.000000000000

 H         
 
     19   S      35            13.0107010    0.033485484813
     19   S      36             1.9622572    0.234721870881
     19   S      37             0.4445380    0.813770285260
 
     20   S      38             0.1219496    1.000000000000
 
     21   P      39             0.8000000    1.000000000000

 H         
 
     22   S      40            13.0107010    0.033485484813
     22   S      41             1.9622572    0.234721870881
     22   S      42             0.4445380    0.813770285260
 
     23   S      43             0.1219496    1.000000000000
 
     24   P      44             0.8000000    1.000000000000

 Total Number of Basis Set Shells             =   24
 Total Number of Primitives                   =   44
 Number of Cartesian Gaussian Basis Functions =   50
 Number of Electrons                          =   19
 Charge of Molecule                           =    1
 Spin Multiplicity                            =    2
 Number of Occupied Orbitals (Alpha)          =   10
 Number of Occupied Orbitals (Beta )          =    9
 Total Number of Atoms                        =    6

 Input Run Options
 -----------------
 IRUNTYP = 1  MULT = 2  ICHARG =  1 IECP = 0  IEMOM = 1  UNITS = ANGS    

 Integral Options
 ----------------
 CUTOFF = 1.0E-09   ISCHWZ = 1   ERITYP = FULL

 Input NOF Options
 -----------------

 Type of calculation =    Coeff. Opt.:   (ICOEF)         1
 Use Softmax function for Occ. Opt.:     (ISOFTMAX)      1
 Type of Orb. Opt. = Orbital Rotations:  (IORBOPT)       4
 Maximum Number of Occ-Coef Outer Iter.: (MAXIT)      1000

 Natural Orbital Functional Selected:    (IPNOF)         5
 Spin-Multiplet, High-Spin State Option: (HighSpin)      F
 
 Restart calculation Option:             (RESTART)       F
 Restart Gamma Matrix from GCF file:     (INPUTGAMMA)    0
 Coefficient Matrix from GCF file:       (INPUTC)        0
 Diagonal Elements FMIUG from GCF file:  (INPUTFMIUG)    0
 Cartesian Coordinates from GCF file:    (INPUTCXYZ)     0

 Hartree-Fock Calc. using ID Method:     (HFID)          T
 Threshold Energy Convergence=10**(-N):  (NTHRESHEID)    8
 Max. Number of External Iterations:     (MAXITID)     100
 Ion. Potentials by Koopmans Theorem:    (KOOPMANS)      0
 Orthogonalize the initial Orbitals:     (ORTHO)         T

 Output Option:                          (NPRINT)        0
 Output the Coefficient Matrix:          (IWRITEC)       0
 Do a Mulliken Population Analysis:      (IMULPOP)       0
 Write Information into a WFN file:      (IAIMPAC)       1
 Write Information into a FCHK file:     (IFCHK)         1
 Write Information into a MLP file:      (MOLDEN)        1
 Create Ini. Cond. (ini.xyz) file:       (INICOND)       1
 Calculate IPs using Ext. Koopmans Theo: (IEKT)          0
 Write APSG expansion coefficient file:  (APSG)          F
 Output option for Lagrange Multipliers: (PRINTLAG)      F
 Diagonalize matrix of Lag. Multipliers: (DIAGLAG)       F

------------------------------------------------------------------------

 Orbital Space
 -------------

 Inactive Doubly occupied orbitals up to NO1  =    0
 No. considered Strongly Doubly occupied MOs  =    9
 No. considered Strongly Singly occupied MOs  =    1
 No. of Weakly occ. per St. Doubly occ.  MOs  =    4
 Dimension of the Active Nat. Orb. subspace   =   45
 Secondary Empty orbitals                     =    4

 1e- integrals
 -------------
 Time to do integrals =      0.00
 Guess for MOs = HCORE
      1037 MOs were matched and         0 equalized to zero

 Orthonormality violations:      81, Maximum Violation:  0.000006
 Orthogonalize the orbitals

 No violations of the orthonormality

 2e- integrals
 -------------
 DONTW option skips storage 2e- integrals on Unit 1
              650073 2e- integrals in     1 records
 Time to do integrals =      0.30

 ROHF SCF Calculation
 --------------------
 EXTRAP=T  DAMP=T  DIIS=T
 DMat Conv = 1.0E-05  Ener Tol = 1.0E-08
 Ener Conv = 1.0E-10  DMat Tol = 2.0E-05
 DIIS Conv = 1.0E-07  DMat Tol = 2.0E-05

 ITER      TOTAL ENERGY        E CHANGE     DEN. CHANGE    DIIS ERROR
   1     -136.5917684164  -136.5917684164   5.953395855   3.808293731
   2     -141.8367917084    -5.2450232920   4.352027097   1.308596078
   3     -151.4811727735    -9.6443810651   0.100218144   0.144650170
   4     -151.5201995558    -0.0390267823   0.041707251   0.031534582
   5     -151.5253630614    -0.0051635056   0.015724856   0.013218711
   6     -151.5267741480    -0.0014110866   0.011432049   0.007653239
   7     -151.5273660267    -0.0005918786   0.003535041   0.003547430
   8     -151.5274745018    -0.0001084751   0.008055352   0.002510700
   9     -151.5276128884    -0.0001383866   0.003170032   0.002701283
  10     -151.5276540372    -0.0000411487   0.015137370   0.003286281
  11     -151.5275404504     0.0001135867   0.001904840   0.000411595
  12     -151.5275395842     0.0000008663   0.000206479   0.000059054
  13     -151.5275396522    -0.0000000680   0.000081557   0.000025221
  14     -151.5275396609    -0.0000000087   0.000032233   0.000011238
  15     -151.5275396630    -0.0000000021   0.000010884   0.000002953
  16     -151.5275396632    -0.0000000002   0.000004523   0.000001154

          -----------------
          DENSITY CONVERGED
          -----------------

 FINAL ROHF ENERGY IS     -151.5275396632 AFTER  16 ITERATIONS

          --------------------
          SPIN SZ   =    0.500
          S-SQUARED =    0.750
          --------------------

         WAVEFUNCTION NORMALIZATION =       1.0000000000

                ONE ELECTRON ENERGY =    -278.8930055156
                TWO ELECTRON ENERGY =      89.2626694670
           NUCLEAR REPULSION ENERGY =      38.1027963854
                                      ------------------
                   RHF TOTAL ENERGY =    -151.5275396632

 ELECTRON-ELECTRON POTENTIAL ENERGY =      89.2626694670
  NUCLEUS-ELECTRON POTENTIAL ENERGY =    -429.3622522190
   NUCLEUS-NUCLEUS POTENTIAL ENERGY =      38.1027963854
                                      ------------------
             TOTAL POTENTIAL ENERGY =    -301.9967863667
               TOTAL KINETIC ENERGY =     150.4692467034
                 VIRIAL RATIO (V/T) =       2.0070332841


  HARTREE-FOCK 
 ==============

  ITER     ELECTRONIC ENERGY      TOTAL ENERGY   ENERGY CONVERGENCY    MAX MUL-LAG DIFF

    2.         -189.601808        -151.499012         0.02841407           0.110856
    3.         -166.836308        -128.733512        22.76550024           1.203724
    4.         -189.267497        -151.164701       -22.43118910           0.277686
    5.         -189.615882        -151.513086        -0.34838537           0.018489
    6.         -189.630049        -151.527253        -0.01416708           0.017337
    7.         -189.632594        -151.529797        -0.00254435           0.005489
    8.         -189.636139        -151.533343        -0.00354533           0.007038
    9.         -189.640695        -151.537898        -0.00455570           0.007231
   10.         -189.645270        -151.542474        -0.00457523           0.005819
   11.         -189.647766        -151.544970        -0.00249592           0.004008
   12.         -189.648841        -151.546045        -0.00107545           0.002489
   13.         -189.649191        -151.546395        -0.00034958           0.001542
   14.         -189.649293        -151.546497        -0.00010237           0.000912
   15.         -189.649316        -151.546519        -0.00002212           0.000629
   16.         -189.649326        -151.546529        -0.00001011           0.000429
   17.         -189.649330        -151.546534        -0.00000463           0.000291
   18.         -189.649332        -151.546536        -0.00000213           0.000197
   19.         -189.649333        -151.546537        -0.00000099           0.000132
   20.         -189.649334        -151.546537        -0.00000047           0.000089
   21.         -189.649334        -151.546538        -0.00000023           0.000059
   22.         -189.649334        -151.546538        -0.00000009           0.000044
   23.         -189.649334        -151.546538        -0.00000001           0.000043

  -------------
   HF Energies 
  -------------

                   (aU)              (eV)
     1         -20.954954        -570.213302
     2         -20.886257        -568.343943
     3          -1.391029         -37.851823
     4          -1.378704         -37.516446
     5          -1.333185         -36.277816
     6          -1.029517         -28.014572
     7          -0.963398         -26.215391
     8          -0.872678         -23.746777
     9          -0.854609         -23.255093
    10          -0.523589         -14.247587

    ELECTRONIC HF ENERGY =     -189.6493341986

         HF TOTAL ENERGY =     -151.5465378132

  ------------------
   HF Dipole Moment
  ------------------

      5.2396 Debye [   2.0614  (   2.0590,  -0.0000,  -0.0993) ]


  RESULTS OF OCCUPATION-COEFFICIENT OPTIMIZATION
 ================================================

  Ex It  Occ Time  Orb Time  Orb It   Electronic Energy     Total Energy   Energy Convergency    Max Mul-Lag Diff

    1    1.3E+00   4.3E+00      10    -189.6540176837     -151.5512212983    -0.0022167289           0.053326
    2    1.4E+00   4.2E+00      10    -189.6815272532     -151.5787308678    -0.0275095695           0.030516
    3    1.4E+00   4.3E+00      10    -189.7129897325     -151.6101933471    -0.0314624793           0.033541
    4    1.4E+00   4.5E+00      10    -189.7366377953     -151.6338414099    -0.0236480628           0.039060
    5    1.4E+00   4.3E+00      10    -189.7540067867     -151.6512104013    -0.0173689914           0.032435
    6    1.4E+00   4.3E+00      10    -189.7666033035     -151.6638069182    -0.0125965169           0.029675
    7    1.4E+00   4.2E+00      10    -189.7758902116     -151.6730938262    -0.0092869081           0.028921
    8    1.3E+00   4.3E+00      10    -189.7817354063     -151.6789390209    -0.0058451947           0.030352
    9    1.3E+00   4.3E+00      10    -189.7855281783     -151.6827317929    -0.0037927720           0.023264
   10    1.3E+00   4.3E+00      10    -189.7874108961     -151.6846145107    -0.0018827178           0.025870
   11    1.3E+00   4.3E+00      10    -189.7889554868     -151.6861591014    -0.0015445907           0.025444
   12    1.3E+00   4.3E+00      10    -189.7890814097     -151.6862850243    -0.0001259228           0.023879
   13    1.3E+00   7.9E+00      20    -189.7912222625     -151.6884258771    -0.0021408528           0.001292
   14    1.3E+00   7.8E+00      20    -189.7913002371     -151.6885038517    -0.0000779746           0.000582
   15    1.3E+00   7.8E+00      20    -189.7913462267     -151.6885498413    -0.0000459896           0.000459
   16    1.3E+00   7.8E+00      20    -189.7913752041     -151.6885788187    -0.0000289774           0.000484
   17    1.3E+00   7.8E+00      20    -189.7913933546     -151.6885969692    -0.0000181505           0.000466
   18    1.3E+00   7.9E+00      20    -189.7914048540     -151.6886084686    -0.0000114994           0.000469
   19    1.3E+00   8.0E+00      20    -189.7914126389     -151.6886162535    -0.0000077849           0.000456
   20    1.5E+00   1.3E+01      30    -189.7914200952     -151.6886237098    -0.0000074563           0.000209
   21    1.3E+00   1.5E+01      40    -189.7914253738     -151.6886289884    -0.0000052786           0.000042


  RESULTS OF THE OCCUPATION OPTIMIZATION
 ========================================

   OM     Occupation      Elag Diag

    1      1.9999594    -21.0891046
    2      1.9999573    -20.7607168
    3      1.9950817     -1.3154725
    4      1.9924950     -0.9495670
    5      1.9917739     -0.8850608
    6      1.9826475     -1.3448962
    7      1.9826312     -1.3445436
    8      1.9795346     -1.0553272
    9      1.9794571     -1.0547607
   10      1.0000000     -0.5330498
   11      0.0007337     -0.0011720
   12      0.0172522     -0.0188779
   13      0.0007287     -0.0013869
   14      0.0007273     -0.0013848
   15      0.0072295     -0.0089482
   16      0.0071170     -0.0090181
   17      0.0042797     -0.0070074
   18      0.0000000     -0.0000005
   19      0.0000001     -0.0000023
   20      0.0007731     -0.0012595
   21      0.0007584     -0.0012256
   22      0.0013250     -0.0023493
   23      0.0147216     -0.0192847
   24      0.0002646     -0.0005742
   25      0.0002168     -0.0004787
   26      0.0002831     -0.0006345
   27      0.0000001     -0.0000024
   28      0.0000007     -0.0000150
   29      0.0017356     -0.0025432
   30      0.0017313     -0.0025375
   31      0.0005793     -0.0010968
   32      0.0013233     -0.0023452
   33      0.0004207     -0.0008818
   34      0.0000236     -0.0000421
   35      0.0001569     -0.0004120
   36      0.0000000     -0.0000012
   37      0.0000003     -0.0000087
   38      0.0173004     -0.0189023
   39      0.0007236     -0.0011719
   40      0.0147357     -0.0192948
   41      0.0005803     -0.0010985
   42      0.0003113     -0.0006806
   43      0.0001477     -0.0003108
   44      0.0001987     -0.0005108
   45      0.0000425     -0.0010491
   46      0.0000394     -0.0009802

   RO Sum (  19) =   19.00

  ---------------
   Dipole Moment
  ---------------

      5.3739 Debye [   2.1143  (   2.1116,  -0.0001,  -0.1057) ]

 ----------------
  Final Energies  
 ----------------

         HF Total Energy =     -151.5465378132
  Final NOF Total Energy =     -151.6886289884 ( 4.E-05 , 0.E+00 )
      Correlation Energy =       -0.1420911752



  **************************************************
  *                                                *
  *       SINGLE-POINT DoNOF CALCULATION           *
  *                                                *
  *             FULL OPTIMIZATION                  *
  *                                                *
  *  FINAL RESULTS   FINAL RESULTS  FINAL RESULTS  *
  *                                                *
  **************************************************

  **************************************************
  *         No. EXTERNAL ITER =    21              *
  *         No. of TOTAL ITER =   330              *
  **************************************************

  Elapsed real time :    451.21  (Seconds)

 The execution finished at 10h 39min on the 11/22/2024
