 This is the parallel version of the code
 This is the parallel version of the code
 This is the parallel version of the code
 This is the parallel version of the code
Master:    0

 The execution started at 16h 10min on the  2/ 6/2025

    ===========================================================
    !                                                         !
    !                        Do N O F                         !
    !                                                         !
    !  (Donostia Natural Orbital Functional Software Program) !
    !                                                         !
    !               COPYRIGHT by Mario Piris                  !
    !                                                         !
    !      Donostia International Physics Center (DIPC)       !
    !       University of the Basque Country (UPV/EHU)        !
    !       Basque Foundation for Science (IKERBASQUE)        !
    !                                                         !
    !          GNU General Public License version 3           !
    !                                                         !
    !                  VERSION: Mayo 2024                     !
    !                                                         !
    ===========================================================

 Run Title
 ---------
 p30-5 set                                                                       

 Basis Set
 ---------
 /beegfs_agamede/gscratch/povmieci/SCRATCH/96922/def2-svp.bas                    

 Atom      Charge                Coordinates (Bohr)
                           x             y             z
 F           9.0        1.7025        1.7025        1.7025
 SI         14.0        0.0000        0.0000        0.0000
 F           9.0       -1.7025       -1.7025        1.7025
 F           9.0       -1.7025        1.7025       -1.7025
 F           9.0        1.7025       -1.7025       -1.7025

 Atomic Basis Set
 ----------------
 The contracted primitive functions were unnormalized
 The contracted basis functions are now normalized to unity

  Shell Type  Primitive         Exponent  Contraction Coefficient

 F         

      1   S       1          2894.8325990   -0.005349321176
      1   S       2           435.4193912   -0.039967734372
      1   S       3            98.8433289   -0.179412617888
      1   S       4            27.4851980   -0.468324686869
      1   S       5             8.5405498   -0.447241605328

      2   S       6             1.0654578    1.000000000000

      3   S       7             0.3324735    1.000000000000

      4   P       8            22.6966339   -0.064782148241
      4   P       9             4.9872339   -0.340357853553
      4   P      10             1.3491614   -0.734858153660

      5   P      11             0.3482988    1.000000000000

      6   D      12             1.4000000    1.000000000000

 SI        

      7   S      13          6903.7118686    0.005584465887
      7   S      14          1038.4346419    0.041742284436
      7   S      15           235.8758148    0.187528023742
      7   S      16            66.0693852    0.478678596587
      7   S      17            20.2479458    0.429256952162

      8   S      18            34.3534817    0.089834899465
      8   S      19             3.6370788   -0.545685958777
      8   S      20             1.4002049   -0.524810829267

      9   S      21             0.2048441    1.000000000000

     10   S      22             0.0779941    1.000000000000

     11   P      23           179.8390737    0.010133498379
     11   P      24            41.9072588    0.071029041096
     11   P      25            12.9552944    0.255839142169
     11   P      26             4.4383267    0.481498047149
     11   P      27             1.5462248    0.385211960064

     12   P      28             0.3560761    1.000000000000

     13   P      29             0.1000851    1.000000000000

     14   D      30             0.3500000    1.000000000000

 F         

     15   S      31          2894.8325990   -0.005349321176
     15   S      32           435.4193912   -0.039967734372
     15   S      33            98.8433289   -0.179412617888
     15   S      34            27.4851980   -0.468324686869
     15   S      35             8.5405498   -0.447241605328

     16   S      36             1.0654578    1.000000000000

     17   S      37             0.3324735    1.000000000000

     18   P      38            22.6966339   -0.064782148241
     18   P      39             4.9872339   -0.340357853553
     18   P      40             1.3491614   -0.734858153660

     19   P      41             0.3482988    1.000000000000

     20   D      42             1.4000000    1.000000000000

 F         

     21   S      43          2894.8325990   -0.005349321176
     21   S      44           435.4193912   -0.039967734372
     21   S      45            98.8433289   -0.179412617888
     21   S      46            27.4851980   -0.468324686869
     21   S      47             8.5405498   -0.447241605328

     22   S      48             1.0654578    1.000000000000

     23   S      49             0.3324735    1.000000000000

     24   P      50            22.6966339   -0.064782148241
     24   P      51             4.9872339   -0.340357853553
     24   P      52             1.3491614   -0.734858153660

     25   P      53             0.3482988    1.000000000000

     26   D      54             1.4000000    1.000000000000

 F         

     27   S      55          2894.8325990   -0.005349321176
     27   S      56           435.4193912   -0.039967734372
     27   S      57            98.8433289   -0.179412617888
     27   S      58            27.4851980   -0.468324686869
     27   S      59             8.5405498   -0.447241605328

     28   S      60             1.0654578    1.000000000000

     29   S      61             0.3324735    1.000000000000

     30   P      62            22.6966339   -0.064782148241
     30   P      63             4.9872339   -0.340357853553
     30   P      64             1.3491614   -0.734858153660

     31   P      65             0.3482988    1.000000000000

     32   D      66             1.4000000    1.000000000000

 Total Number of Basis Set Shells             =   32
 Total Number of Primitives                   =   66
 Number of Cartesian Gaussian Basis Functions =   79
 Number of Electrons                          =   50
 Charge of Molecule                           =    0
 Spin Multiplicity                            =    1
 Number of Occupied Orbitals (Alpha)          =   25
 Number of Occupied Orbitals (Beta )          =   25
 Total Number of Atoms                        =    5

 Input Run Options
 -----------------
 IRUNTYP = 1  MULT = 1  ICHARG =  0 IECP = 0  IEMOM = 1  UNITS = ANGS    

 Integral Options
 ----------------
 CUTOFF = 1.0E-09   ISCHWZ = 0   ERITYP = FULL

 Input NOF Options
 -----------------

 Type of calculation =    Coeff. Opt.:   (ICOEF)         1
 Trigonometric functions for Occ. Opt.:  (ISOFTMAX)      0
 Type of Orb. Opt. = Orbital Rotations:  (IORBOPT)       4
 Maximum Number of Occ-Coef Outer Iter.: (MAXIT)      1000

 Natural Orbital Functional Selected:    (IPNOF)         5

 Restart calculation Option:             (RESTART)       T
 Orthogonalize the initial Orbitals:     (ORTHO)         T

 Output Option:                          (NPRINT)        0
 Output the Coefficient Matrix:          (IWRITEC)       0
 Do a Mulliken Population Analysis:      (IMULPOP)       0
 Write Information into a WFN file:      (IAIMPAC)       1
 Write Information into a FCHK file:     (IFCHK)         1
 Write Information into a MLP file:      (MOLDEN)        1
 Create Ini. Cond. (ini.xyz) file:       (INICOND)       1
 Calculate IPs using Ext. Koopmans Theo: (IEKT)          0
 Write APSG expansion coefficient file:  (APSG)          F
 Output option for Lagrange Multipliers: (PRINTLAG)      F
 Diagonalize matrix of Lag. Multipliers: (DIAGLAG)       F

 Nuclear Coordinates from GCF file:
 ----------------------------------

 Atom      Charge                Coordinates (Bohr)
                           x             y             z
 F        9.00000        1.7025        1.7025        1.7025
 SI      14.00000        0.0000        0.0000        0.0000
 F        9.00000       -1.7025       -1.7025        1.7025
 F        9.00000       -1.7025        1.7025       -1.7025
 F        9.00000        1.7025       -1.7025       -1.7025

------------------------------------------------------------------------

 Orbital Space
 -------------

 Inactive Doubly occupied orbitals up to NO1  =    0
 No. considered Strongly Doubly occupied MOs  =   25
 No. considered Strongly Singly occupied MOs  =    0
 No. of Weakly occ. per St. Doubly occ.  MOs  =    2
 Dimension of the Active Nat. Orb. subspace   =   75
 Secondary Empty orbitals                     =    4

 1e- integrals
 -------------
 Time to do integrals =      0.00
 Guess for MOs = HCORE
      4429 MOs were matched and       101 equalized to zero

 2e- integrals
 -------------
 DONTW option skips storage 2e- integrals on Unit 1
             3703711 2e- integrals in     1 records
 Time to do integrals =      0.29

 RHF SCF Calculation
 -------------------
 EXTRAP=T  DAMP=T  DIIS=T
 DMat Conv = 1.0E-05  Ener Tol = 1.0E-08
 Ener Conv = 1.0E-10  DMat Tol = 2.0E-05
 DIIS Conv = 1.0E-07  DMat Tol = 2.0E-05

 ITER      TOTAL ENERGY        E CHANGE     DEN. CHANGE    DIIS ERROR
   1     -654.2030331556  -654.2030331556  34.900703064   1.854669433
   2     -681.1359143186   -26.9328811629   1.453401652   0.828554828
   3     -685.7387173099    -4.6028029913   0.706055235   0.330282445
   4     -686.4839540646    -0.7452367547   0.304885776   0.113459507
   5     -686.5323914043    -0.0484373397   0.014527323   0.038011021
   6     -686.5374560363    -0.0050646321   0.017192085   0.019089899
   7     -686.5381592452    -0.0007032089   0.002727917   0.001259635
   8     -686.5381776230    -0.0000183777   0.000677539   0.000307801
   9     -686.5381784961    -0.0000008731   0.000051674   0.000036786
  10     -686.5381785069    -0.0000000108   0.000009155   0.000003158
  11     -686.5381785070    -0.0000000001   0.000001164   0.000000414

          -----------------
          DENSITY CONVERGED
          -----------------

 FINAL RHF ENERGY IS     -686.5381785070 AFTER  11 ITERATIONS

         WAVEFUNCTION NORMALIZATION =       1.0000000000

                ONE ELECTRON ENERGY =   -1498.2227662020
                TWO ELECTRON ENERGY =     539.8395104622
           NUCLEAR REPULSION ENERGY =     271.8450772328
                                      ------------------
                   RHF TOTAL ENERGY =    -686.5381785070

 ELECTRON-ELECTRON POTENTIAL ENERGY =     539.8395104622
  NUCLEUS-ELECTRON POTENTIAL ENERGY =   -2182.5438268913
   NUCLEUS-NUCLEUS POTENTIAL ENERGY =     271.8450772328
                                      ------------------
             TOTAL POTENTIAL ENERGY =   -1370.8592391963
               TOTAL KINETIC ENERGY =     684.3210606893
                 VIRIAL RATIO (V/T) =       2.0032398796

 Distribution Full ERIs:

 Integrals:                           3703711
 Max size per slaves:                  925928
 Max size in master:                  4629639

 No violations of the orthonormality


  RESULTS OF OCCUPATION-COEFFICIENT OPTIMIZATION
 ================================================

  Ex It  Occ Time  Orb Time  Orb It   Electronic Energy     Total Energy   Energy Convergency    Max Mul-Lag Diff

    1    1.2E+00   4.7E+00      10    -958.5411301636     -686.6960529309    -0.0025298498           0.176173
    2    1.3E+00   4.7E+00      10    -958.5644083634     -686.7193311306    -0.0232781997           0.105766
    3    1.2E+00   4.7E+00      10    -958.5758028901     -686.7307256574    -0.0113945268           0.104003
    4    1.2E+00   4.5E+00      10    -958.5890602415     -686.7439830087    -0.0132573514           0.094566
    5    1.1E+00   4.6E+00      10    -958.5992324193     -686.7541551865    -0.0101721778           0.091372
    6    1.1E+00   4.6E+00      10    -958.6054242791     -686.7603470463    -0.0061918598           0.084437
    7    1.1E+00   4.6E+00      10    -958.6088620983     -686.7637848656    -0.0034378192           0.098653
    8    1.1E+00   4.6E+00      10    -958.6103612710     -686.7652840383    -0.0014991727           0.081355
    9    1.2E+00   4.6E+00      10    -958.6111248029     -686.7660475702    -0.0007635319           0.073274
   10    1.2E+00   4.5E+00      10    -958.6118303027     -686.7667530699    -0.0007054997           0.087426
   11    1.1E+00   4.5E+00      10    -958.6113224553     -686.7662452225     0.0005078474           0.080634
   12    1.1E+00   8.4E+00      20    -958.6253734497     -686.7802962170    -0.0140509945           0.003331
   13    1.0E+00   8.4E+00      20    -958.6254787719     -686.7804015391    -0.0001053222           0.001592
   14    1.0E+00   8.2E+00      20    -958.6255307427     -686.7804535099    -0.0000519708           0.001559
   15    1.0E+00   1.2E+01      30    -958.6255847282     -686.7805074954    -0.0000539855           0.000634
   16    1.0E+00   1.6E+01      40    -958.6256319524     -686.7805547197    -0.0000472242           0.000129
   17    1.0E+00   1.9E+01      50    -958.6256756259     -686.7805983932    -0.0000436735           0.000021
   18    1.0E+00   1.9E+01      50    -958.6257126398     -686.7806354070    -0.0000370139           0.000022
   19    1.0E+00   1.9E+01      50    -958.6257410370     -686.7806638043    -0.0000283973           0.000021
   20    1.0E+00   1.9E+01      50    -958.6257613492     -686.7806841165    -0.0000203122           0.000021
   21    1.1E+00   1.9E+01      50    -958.6257762001     -686.7806989673    -0.0000148509           0.000021
   22    1.0E+00   2.3E+01      60    -958.6257860112     -686.7807087785    -0.0000098111           0.000007
   23    1.0E+00   2.7E+01      70    -958.6257935735     -686.7807163407    -0.0000075622           0.000004
   24    1.1E+00   3.0E+01      80    -958.6257981888     -686.7807209560    -0.0000046153           0.000003
   25    9.9E-01   3.4E+01      90    -958.6258005536     -686.7807233208    -0.0000023648           0.000002
   26    9.6E-01   3.7E+01     100    -958.6258018148     -686.7807245821    -0.0000012613           0.000001
   27    9.9E-01   3.6E-01     100    -958.6258018905     -686.7807246577    -0.0000000757           0.000006


  RESULTS OF THE OCCUPATION OPTIMIZATION
 ========================================

   OM     Occupation      Elag Diag

    1      2.0000000    -68.9509802
    2      1.9999797    -26.3452376
    3      1.9999797    -26.3459479
    4      1.9999797    -26.3457180
    5      1.9999797    -26.3460102
    6      1.9999457     -4.8517369
    7      1.9999445     -4.8716072
    8      1.9999374     -4.9115200
    9      1.9999370     -4.9180369
   10      1.9928214     -0.9332177
   11      1.9928140     -0.9360320
   12      1.9928045     -0.9346223
   13      1.9927998     -0.9326704
   14      1.9927986     -0.9364416
   15      1.9927881     -0.9333154
   16      1.9927464     -0.9358528
   17      1.9927413     -0.9374075
   18      1.9924315     -0.9428084
   19      1.9924280     -0.9457169
   20      1.9924023     -0.9450869
   21      1.9923470     -0.9460967
   22      1.9906698     -1.0985911
   23      1.9905493     -1.0978618
   24      1.9904882     -1.0943183
   25      1.9904866     -1.0978659
   26      0.0089084     -0.0124480
   27      0.0089098     -0.0124302
   28      0.0088478     -0.0123880
   29      0.0087336     -0.0122776
   30      0.0069838     -0.0098534
   31      0.0069179     -0.0097849
   32      0.0068935     -0.0097615
   33      0.0068925     -0.0097523
   34      0.0006003     -0.0013318
   35      0.0066478     -0.0095035
   36      0.0066076     -0.0094522
   37      0.0006019     -0.0013325
   38      0.0065973     -0.0094391
   39      0.0065986     -0.0094472
   40      0.0006052     -0.0013368
   41      0.0065777     -0.0094206
   42      0.0000628     -0.0003964
   43      0.0000623     -0.0003901
   44      0.0000553     -0.0003476
   45      0.0000004     -0.0000020
   46      0.0000203     -0.0006276
   47      0.0000000     -0.0000000
   48      0.0000203     -0.0006268
   49      0.0000000     -0.0000002
   50      0.0000000     -0.0000000
   51      0.0006050     -0.0013814
   52      0.0006020     -0.0013799
   53      0.0006028     -0.0013781
   54      0.0005965     -0.0013699
   55      0.0006692     -0.0015126
   56      0.0006799     -0.0015264
   57      0.0006785     -0.0015260
   58      0.0006760     -0.0015203
   59      0.0066585     -0.0095211
   60      0.0006058     -0.0013393
   61      0.0006044     -0.0013359
   62      0.0065995     -0.0094576
   63      0.0006029     -0.0013317
   64      0.0005969     -0.0013236
   65      0.0065808     -0.0094361
   66      0.0006009     -0.0013279
   67      0.0000002     -0.0000015
   68      0.0000002     -0.0000016
   69      0.0000002     -0.0000013
   70      0.0000539     -0.0003380
   71      0.0000000     -0.0000002
   72      0.0000203     -0.0006269
   73      0.0000000     -0.0000001
   74      0.0000202     -0.0006260
   75      0.0000000     -0.0000000

   RO Sum (  50) =   50.00

  ---------------
   Dipole Moment
  ---------------

      0.0082 Debye [   0.0032  (   0.0013,   0.0028,  -0.0010) ]

 ----------------
  Final Energies  
 ----------------

  Final NOF Total Energy =     -686.7807246577 ( 6.E-06 , 0.E+00 )


  **************************************************
  *                                                *
  *       SINGLE-POINT DoNOF CALCULATION           *
  *                                                *
  *             FULL OPTIMIZATION                  *
  *                                                *
  *  FINAL RESULTS   FINAL RESULTS  FINAL RESULTS  *
  *                                                *
  **************************************************

  **************************************************
  *         No. EXTERNAL ITER =    27              *
  *         No. of TOTAL ITER =   990              *
  **************************************************

  Elapsed real time :    381.53  (Seconds)

 The execution finished at 16h 16min on the  2/ 6/2025
