 This is the parallel version of the code
 This is the parallel version of the code
 This is the parallel version of the code
 This is the parallel version of the code
Master:    0

 The execution started at 16h  9min on the  2/ 6/2025

    ===========================================================
    !                                                         !
    !                        Do N O F                         !
    !                                                         !
    !  (Donostia Natural Orbital Functional Software Program) !
    !                                                         !
    !               COPYRIGHT by Mario Piris                  !
    !                                                         !
    !      Donostia International Physics Center (DIPC)       !
    !       University of the Basque Country (UPV/EHU)        !
    !       Basque Foundation for Science (IKERBASQUE)        !
    !                                                         !
    !          GNU General Public License version 3           !
    !                                                         !
    !                  VERSION: Mayo 2024                     !
    !                                                         !
    ===========================================================

 Run Title
 ---------
 p30-5 set                                                                       

 Basis Set
 ---------
 /beegfs_agamede/gscratch/povmieci/SCRATCH/96918/def2-svp.bas                    

 Atom      Charge                Coordinates (Bohr)
                           x             y             z
 S          16.0        0.0000        0.0000        0.0000
 O           8.0        0.0000        2.6887        0.0000
 O           8.0        2.3285       -1.3443        0.0000
 O           8.0       -2.3285       -1.3443        0.0000

 Atomic Basis Set
 ----------------
 The contracted primitive functions were unnormalized
 The contracted basis functions are now normalized to unity

  Shell Type  Primitive         Exponent  Contraction Coefficient

 S         

      1   S       1          9184.9303010   -0.005472946613
      1   S       2          1381.5105503   -0.040954402155
      1   S       3           313.8714758   -0.184758289562
      1   S       4            88.0538706   -0.475672806440
      1   S       5            27.0399149   -0.434951535842

      2   S       6            45.6487313   -0.091904045809
      2   S       7             4.9664522    0.556987772145
      2   S       8             2.0116242    0.511154682985

      3   S       9             0.3566108    1.000000000000

      4   S      10             0.1350722    1.000000000000

      5   P      11           261.9823344   -0.009183054659
      5   P      12            61.3068947   -0.065902226526
      5   P      13            19.1037299   -0.245877845187
      5   P      14             6.6567720   -0.482314710760
      5   P      15             2.3959635   -0.389563143514

      6   P      16             0.6177616    1.000000000000

      7   P      17             0.1699338    1.000000000000

      8   D      18             0.5500000    1.000000000000

 O         

      9   S      19          2266.1767785   -0.005389350392
      9   S      20           340.8701019   -0.040234721389
      9   S      21            77.3631352   -0.180081842055
      9   S      22            21.4796449   -0.468288576577
      9   S      23             6.6589433   -0.446926171602

     10   S      24             0.8097598    1.000000000000

     11   S      25             0.2553077    1.000000000000

     12   P      26            17.7215043    0.062630248763
     12   P      27             3.8635505    0.333311384824
     12   P      28             1.0480921    0.741486383081

     13   P      29             0.2764154    1.000000000000

     14   D      30             1.2000000    1.000000000000

 O         

     15   S      31          2266.1767785   -0.005389350392
     15   S      32           340.8701019   -0.040234721389
     15   S      33            77.3631352   -0.180081842055
     15   S      34            21.4796449   -0.468288576577
     15   S      35             6.6589433   -0.446926171602

     16   S      36             0.8097598    1.000000000000

     17   S      37             0.2553077    1.000000000000

     18   P      38            17.7215043    0.062630248763
     18   P      39             3.8635505    0.333311384824
     18   P      40             1.0480921    0.741486383081

     19   P      41             0.2764154    1.000000000000

     20   D      42             1.2000000    1.000000000000

 O         

     21   S      43          2266.1767785   -0.005389350392
     21   S      44           340.8701019   -0.040234721389
     21   S      45            77.3631352   -0.180081842055
     21   S      46            21.4796449   -0.468288576577
     21   S      47             6.6589433   -0.446926171602

     22   S      48             0.8097598    1.000000000000

     23   S      49             0.2553077    1.000000000000

     24   P      50            17.7215043    0.062630248763
     24   P      51             3.8635505    0.333311384824
     24   P      52             1.0480921    0.741486383081

     25   P      53             0.2764154    1.000000000000

     26   D      54             1.2000000    1.000000000000

 Total Number of Basis Set Shells             =   26
 Total Number of Primitives                   =   54
 Number of Cartesian Gaussian Basis Functions =   64
 Number of Electrons                          =   40
 Charge of Molecule                           =    0
 Spin Multiplicity                            =    1
 Number of Occupied Orbitals (Alpha)          =   20
 Number of Occupied Orbitals (Beta )          =   20
 Total Number of Atoms                        =    4

 Input Run Options
 -----------------
 IRUNTYP = 1  MULT = 1  ICHARG =  0 IECP = 0  IEMOM = 1  UNITS = ANGS    

 Integral Options
 ----------------
 CUTOFF = 1.0E-09   ISCHWZ = 0   ERITYP = FULL

 Input NOF Options
 -----------------

 Type of calculation =    Coeff. Opt.:   (ICOEF)         1
 Trigonometric functions for Occ. Opt.:  (ISOFTMAX)      0
 Type of Orb. Opt. = Orbital Rotations:  (IORBOPT)       4
 Maximum Number of Occ-Coef Outer Iter.: (MAXIT)      1000

 Natural Orbital Functional Selected:    (IPNOF)         5

 Restart calculation Option:             (RESTART)       T
 Orthogonalize the initial Orbitals:     (ORTHO)         T

 Output Option:                          (NPRINT)        0
 Output the Coefficient Matrix:          (IWRITEC)       0
 Do a Mulliken Population Analysis:      (IMULPOP)       0
 Write Information into a WFN file:      (IAIMPAC)       1
 Write Information into a FCHK file:     (IFCHK)         1
 Write Information into a MLP file:      (MOLDEN)        1
 Create Ini. Cond. (ini.xyz) file:       (INICOND)       1
 Calculate IPs using Ext. Koopmans Theo: (IEKT)          0
 Write APSG expansion coefficient file:  (APSG)          F
 Output option for Lagrange Multipliers: (PRINTLAG)      F
 Diagonalize matrix of Lag. Multipliers: (DIAGLAG)       F

 Nuclear Coordinates from GCF file:
 ----------------------------------

 Atom      Charge                Coordinates (Bohr)
                           x             y             z
 S       16.00000        0.0000        0.0000        0.0000
 O        8.00000        0.0000        2.6887        0.0000
 O        8.00000        2.3285       -1.3443        0.0000
 O        8.00000       -2.3285       -1.3443        0.0000

------------------------------------------------------------------------

 Orbital Space
 -------------

 Inactive Doubly occupied orbitals up to NO1  =    0
 No. considered Strongly Doubly occupied MOs  =   20
 No. considered Strongly Singly occupied MOs  =    0
 No. of Weakly occ. per St. Doubly occ.  MOs  =    2
 Dimension of the Active Nat. Orb. subspace   =   60
 Secondary Empty orbitals                     =    4

 1e- integrals
 -------------
 Time to do integrals =      0.00
 Guess for MOs = HCORE
       602 MOs were matched and       119 equalized to zero

 2e- integrals
 -------------
 DONTW option skips storage 2e- integrals on Unit 1
              959606 2e- integrals in     1 records
 Time to do integrals =      0.14

 RHF SCF Calculation
 -------------------
 EXTRAP=T  DAMP=T  DIIS=T
 DMat Conv = 1.0E-05  Ener Tol = 1.0E-08
 Ener Conv = 1.0E-10  DMat Tol = 2.0E-05
 DIIS Conv = 1.0E-07  DMat Tol = 2.0E-05

 ITER      TOTAL ENERGY        E CHANGE     DEN. CHANGE    DIIS ERROR
   1     -588.9606662147  -588.9606662147  27.973749694   2.107158234
   2     -613.8438193289   -24.8831531141   0.646932855   1.337111208
   3     -620.0100441401    -6.1662248113   1.831967679   0.611308942
   4     -621.0785254800    -1.0684813399   1.329914888   0.421811270
   5     -621.4006103773    -0.3220848974   0.369316230   0.263353593
   6     -621.6797166017    -0.2791062243   0.022603417   0.019839093
   7     -621.6819137994    -0.0021971978   0.005523703   0.005975356
   8     -621.6821633965    -0.0002495971   0.001523399   0.001311682
   9     -621.6821763378    -0.0000129413   0.000423112   0.000289864
  10     -621.6821771389    -0.0000008010   0.000094969   0.000067093
  11     -621.6821771664    -0.0000000276   0.000011371   0.000007366
  12     -621.6821771669    -0.0000000005   0.000002139   0.000001663

          -----------------
          DENSITY CONVERGED
          -----------------

 FINAL RHF ENERGY IS     -621.6821771669 AFTER  12 ITERATIONS

         WAVEFUNCTION NORMALIZATION =       1.0000000000

                ONE ELECTRON ENERGY =   -1221.6767936253
                TWO ELECTRON ENERGY =     415.9449293267
           NUCLEAR REPULSION ENERGY =     184.0496871317
                                      ------------------
                   RHF TOTAL ENERGY =    -621.6821771669

 ELECTRON-ELECTRON POTENTIAL ENERGY =     415.9449293267
  NUCLEUS-ELECTRON POTENTIAL ENERGY =   -1841.5859808137
   NUCLEUS-NUCLEUS POTENTIAL ENERGY =     184.0496871317
                                      ------------------
             TOTAL POTENTIAL ENERGY =   -1241.5913643553
               TOTAL KINETIC ENERGY =     619.9091871884
                 VIRIAL RATIO (V/T) =       2.0028600802

 Distribution Full ERIs:

 Integrals:                            959606
 Max size per slaves:                  239902
 Max size in master:                  1199508

 No violations of the orthonormality


  RESULTS OF OCCUPATION-COEFFICIENT OPTIMIZATION
 ================================================

  Ex It  Occ Time  Orb Time  Orb It   Electronic Energy     Total Energy   Energy Convergency    Max Mul-Lag Diff

    1    3.3E-01   1.1E+00      10    -805.8500860269     -621.8003988952    -0.0146562749           0.220836
    2    3.2E-01   1.1E+00      10    -805.8757131116     -621.8260259799    -0.0256270847           0.117470
    3    3.2E-01   1.1E+00      10    -805.8849936285     -621.8353064968    -0.0092805169           0.134503
    4    3.3E-01   1.1E+00      10    -805.8957723450     -621.8460852133    -0.0107787164           0.150081
    5    3.3E-01   1.1E+00      10    -805.9001805027     -621.8504933710    -0.0044081577           0.106323
    6    3.4E-01   1.1E+00      10    -805.9047804997     -621.8550933680    -0.0045999970           0.137446
    7    2.9E-01   1.1E+00      10    -805.9049039524     -621.8552168207    -0.0001234527           0.107178
    8    3.3E-01   2.0E+00      20    -805.9160735938     -621.8663864621    -0.0111696414           0.004481
    9    2.8E-01   2.0E+00      20    -805.9163214682     -621.8666343365    -0.0002478744           0.002138
   10    2.8E-01   2.1E+00      20    -805.9164489280     -621.8667617963    -0.0001274598           0.002035
   11    2.9E-01   2.0E+00      20    -805.9165154940     -621.8668283623    -0.0000665661           0.002056
   12    2.8E-01   2.1E+00      20    -805.9165565379     -621.8668694063    -0.0000410439           0.002077
   13    2.9E-01   3.0E+00      30    -805.9166028384     -621.8669157067    -0.0000463004           0.000807
   14    2.8E-01   3.8E+00      40    -805.9166399809     -621.8669528492    -0.0000371425           0.000164
   15    3.0E-01   4.7E+00      50    -805.9166640478     -621.8669769161    -0.0000240669           0.000035
   16    2.7E-01   5.5E+00      60    -805.9166742780     -621.8669871463    -0.0000102302           0.000007
   17    2.6E-01   6.7E+00      70    -805.9166804002     -621.8669932685    -0.0000061223           0.000005
   18    2.7E-01   6.7E+00      70    -805.9166855912     -621.8669984596    -0.0000051910           0.000004
   19    2.7E-01   7.6E+00      80    -805.9166896547     -621.8670025230    -0.0000040635           0.000003
   20    2.5E-01   8.5E+00      90    -805.9166923601     -621.8670052284    -0.0000027053           0.000002
   21    2.7E-01   9.6E+00     100    -805.9166939971     -621.8670068654    -0.0000016370           0.000001
   22    2.8E-01   1.0E+01     110    -805.9166948131     -621.8670076814    -0.0000008160           0.000001
   23    2.5E-01   1.1E+01     120    -805.9166951981     -621.8670080664    -0.0000003850           0.000000
   24    3.1E-01   1.2E+01     130    -805.9166960095     -621.8670088778    -0.0000008114           0.000000
   25    2.4E-01   8.8E-02     130    -805.9166960617     -621.8670089300    -0.0000000522           0.000008


  RESULTS OF THE OCCUPATION OPTIMIZATION
 ========================================

   OM     Occupation      Elag Diag

    1      2.0000000    -92.2728076
    2      1.9999841     -7.3254581
    3      1.9999836     -7.3527714
    4      1.9999718     -7.7363639
    5      1.9999691     -7.7615569
    6      1.9999607    -20.6484959
    7      1.9999607    -20.6484990
    8      1.9999607    -20.6485303
    9      1.9923224     -0.8257650
   10      1.9923223     -0.8257788
   11      1.9923202     -0.8256644
   12      1.9923202     -0.8255218
   13      1.9923199     -0.8255351
   14      1.9923194     -0.8256338
   15      1.9866387     -0.9443013
   16      1.9866361     -0.9442560
   17      1.9866305     -0.9441285
   18      1.9866157     -0.9436181
   19      1.9866095     -0.9434654
   20      1.9866038     -0.9432449
   21      0.0124828     -0.0135281
   22      0.0124785     -0.0135267
   23      0.0124721     -0.0135231
   24      0.0124573     -0.0135158
   25      0.0124456     -0.0135064
   26      0.0124490     -0.0135110
   27      0.0069486     -0.0084949
   28      0.0069480     -0.0084939
   29      0.0069478     -0.0084936
   30      0.0069479     -0.0084945
   31      0.0069460     -0.0084931
   32      0.0069459     -0.0084930
   33      0.0000392     -0.0009670
   34      0.0000001     -0.0000024
   35      0.0000392     -0.0009666
   36      0.0000307     -0.0002858
   37      0.0000282     -0.0002642
   38      0.0000163     -0.0001481
   39      0.0000155     -0.0001414
   40      0.0000000     -0.0000000
   41      0.0009134     -0.0014337
   42      0.0009120     -0.0014328
   43      0.0009122     -0.0014331
   44      0.0009122     -0.0014324
   45      0.0009184     -0.0014382
   46      0.0009124     -0.0014325
   47      0.0007320     -0.0013520
   48      0.0007320     -0.0013519
   49      0.0007320     -0.0013519
   50      0.0007319     -0.0013519
   51      0.0007317     -0.0013517
   52      0.0007317     -0.0013517
   53      0.0000001     -0.0000024
   54      0.0000392     -0.0009668
   55      0.0000001     -0.0000025
   56      0.0000002     -0.0000019
   57      0.0000000     -0.0000000
   58      0.0000002     -0.0000016
   59      0.0000004     -0.0000026
   60      0.0000000     -0.0000000

   RO Sum (  40) =   40.00

  ---------------
   Dipole Moment
  ---------------

      0.0003 Debye [   0.0001  (   0.0001,  -0.0001,   0.0000) ]

 ----------------
  Final Energies  
 ----------------

  Final NOF Total Energy =     -621.8670089300 ( 8.E-06 , 0.E+00 )


  **************************************************
  *                                                *
  *       SINGLE-POINT DoNOF CALCULATION           *
  *                                                *
  *             FULL OPTIMIZATION                  *
  *                                                *
  *  FINAL RESULTS   FINAL RESULTS  FINAL RESULTS  *
  *                                                *
  **************************************************

  **************************************************
  *         No. EXTERNAL ITER =    25              *
  *         No. of TOTAL ITER =  1250              *
  **************************************************

  Elapsed real time :    115.67  (Seconds)

 The execution finished at 16h 11min on the  2/ 6/2025
