 This is the parallel version of the code
 This is the parallel version of the code
 This is the parallel version of the code
 This is the parallel version of the code
Master:    0

 The execution started at 16h  9min on the  2/ 6/2025

    ===========================================================
    !                                                         !
    !                        Do N O F                         !
    !                                                         !
    !  (Donostia Natural Orbital Functional Software Program) !
    !                                                         !
    !               COPYRIGHT by Mario Piris                  !
    !                                                         !
    !      Donostia International Physics Center (DIPC)       !
    !       University of the Basque Country (UPV/EHU)        !
    !       Basque Foundation for Science (IKERBASQUE)        !
    !                                                         !
    !          GNU General Public License version 3           !
    !                                                         !
    !                  VERSION: Mayo 2024                     !
    !                                                         !
    ===========================================================

 Run Title
 ---------
 p30-5 set                                                                       

 Basis Set
 ---------
 /beegfs_agamede/gscratch/povmieci/SCRATCH/96920/def2-svp.bas                    

 Atom      Charge                Coordinates (Bohr)
                           x             y             z
 S          16.0        0.0000        2.9335        1.7423
 S          16.0        0.0000        2.0192       -1.7423
 S          16.0        0.0000       -2.0192       -1.7423
 S          16.0        0.0000       -2.9335        1.7423

 Atomic Basis Set
 ----------------
 The contracted primitive functions were unnormalized
 The contracted basis functions are now normalized to unity

  Shell Type  Primitive         Exponent  Contraction Coefficient

 S         

      1   S       1          9184.9303010   -0.005472946613
      1   S       2          1381.5105503   -0.040954402155
      1   S       3           313.8714758   -0.184758289562
      1   S       4            88.0538706   -0.475672806440
      1   S       5            27.0399149   -0.434951535842

      2   S       6            45.6487313   -0.091904045809
      2   S       7             4.9664522    0.556987772145
      2   S       8             2.0116242    0.511154682985

      3   S       9             0.3566108    1.000000000000

      4   S      10             0.1350722    1.000000000000

      5   P      11           261.9823344   -0.009183054659
      5   P      12            61.3068947   -0.065902226526
      5   P      13            19.1037299   -0.245877845187
      5   P      14             6.6567720   -0.482314710760
      5   P      15             2.3959635   -0.389563143514

      6   P      16             0.6177616    1.000000000000

      7   P      17             0.1699338    1.000000000000

      8   D      18             0.5500000    1.000000000000

 S         

      9   S      19          9184.9303010   -0.005472946613
      9   S      20          1381.5105503   -0.040954402155
      9   S      21           313.8714758   -0.184758289562
      9   S      22            88.0538706   -0.475672806440
      9   S      23            27.0399149   -0.434951535842

     10   S      24            45.6487313   -0.091904045809
     10   S      25             4.9664522    0.556987772145
     10   S      26             2.0116242    0.511154682985

     11   S      27             0.3566108    1.000000000000

     12   S      28             0.1350722    1.000000000000

     13   P      29           261.9823344   -0.009183054659
     13   P      30            61.3068947   -0.065902226526
     13   P      31            19.1037299   -0.245877845187
     13   P      32             6.6567720   -0.482314710760
     13   P      33             2.3959635   -0.389563143514

     14   P      34             0.6177616    1.000000000000

     15   P      35             0.1699338    1.000000000000

     16   D      36             0.5500000    1.000000000000

 S         

     17   S      37          9184.9303010   -0.005472946613
     17   S      38          1381.5105503   -0.040954402155
     17   S      39           313.8714758   -0.184758289562
     17   S      40            88.0538706   -0.475672806440
     17   S      41            27.0399149   -0.434951535842

     18   S      42            45.6487313   -0.091904045809
     18   S      43             4.9664522    0.556987772145
     18   S      44             2.0116242    0.511154682985

     19   S      45             0.3566108    1.000000000000

     20   S      46             0.1350722    1.000000000000

     21   P      47           261.9823344   -0.009183054659
     21   P      48            61.3068947   -0.065902226526
     21   P      49            19.1037299   -0.245877845187
     21   P      50             6.6567720   -0.482314710760
     21   P      51             2.3959635   -0.389563143514

     22   P      52             0.6177616    1.000000000000

     23   P      53             0.1699338    1.000000000000

     24   D      54             0.5500000    1.000000000000

 S         

     25   S      55          9184.9303010   -0.005472946613
     25   S      56          1381.5105503   -0.040954402155
     25   S      57           313.8714758   -0.184758289562
     25   S      58            88.0538706   -0.475672806440
     25   S      59            27.0399149   -0.434951535842

     26   S      60            45.6487313   -0.091904045809
     26   S      61             4.9664522    0.556987772145
     26   S      62             2.0116242    0.511154682985

     27   S      63             0.3566108    1.000000000000

     28   S      64             0.1350722    1.000000000000

     29   P      65           261.9823344   -0.009183054659
     29   P      66            61.3068947   -0.065902226526
     29   P      67            19.1037299   -0.245877845187
     29   P      68             6.6567720   -0.482314710760
     29   P      69             2.3959635   -0.389563143514

     30   P      70             0.6177616    1.000000000000

     31   P      71             0.1699338    1.000000000000

     32   D      72             0.5500000    1.000000000000

 Total Number of Basis Set Shells             =   32
 Total Number of Primitives                   =   72
 Number of Cartesian Gaussian Basis Functions =   76
 Number of Electrons                          =   64
 Charge of Molecule                           =    0
 Spin Multiplicity                            =    1
 Number of Occupied Orbitals (Alpha)          =   32
 Number of Occupied Orbitals (Beta )          =   32
 Total Number of Atoms                        =    4

 Input Run Options
 -----------------
 IRUNTYP = 1  MULT = 1  ICHARG =  0 IECP = 0  IEMOM = 1  UNITS = ANGS    

 Integral Options
 ----------------
 CUTOFF = 1.0E-09   ISCHWZ = 0   ERITYP = FULL

 Input NOF Options
 -----------------

 Type of calculation =    Coeff. Opt.:   (ICOEF)         1
 Trigonometric functions for Occ. Opt.:  (ISOFTMAX)      0
 Type of Orb. Opt. = Orbital Rotations:  (IORBOPT)       4
 Maximum Number of Occ-Coef Outer Iter.: (MAXIT)      1000

 Natural Orbital Functional Selected:    (IPNOF)         5

 Restart calculation Option:             (RESTART)       T
 Orthogonalize the initial Orbitals:     (ORTHO)         T

 Output Option:                          (NPRINT)        0
 Output the Coefficient Matrix:          (IWRITEC)       0
 Do a Mulliken Population Analysis:      (IMULPOP)       0
 Write Information into a WFN file:      (IAIMPAC)       1
 Write Information into a FCHK file:     (IFCHK)         1
 Write Information into a MLP file:      (MOLDEN)        1
 Create Ini. Cond. (ini.xyz) file:       (INICOND)       1
 Calculate IPs using Ext. Koopmans Theo: (IEKT)          0
 Write APSG expansion coefficient file:  (APSG)          F
 Output option for Lagrange Multipliers: (PRINTLAG)      F
 Diagonalize matrix of Lag. Multipliers: (DIAGLAG)       F

 Nuclear Coordinates from GCF file:
 ----------------------------------

 Atom      Charge                Coordinates (Bohr)
                           x             y             z
 S       16.00000        0.0000        2.9335        1.7423
 S       16.00000        0.0000        2.0192       -1.7423
 S       16.00000        0.0000       -2.0192       -1.7423
 S       16.00000        0.0000       -2.9335        1.7423

------------------------------------------------------------------------

 Orbital Space
 -------------

 Inactive Doubly occupied orbitals up to NO1  =    0
 No. considered Strongly Doubly occupied MOs  =   32
 No. considered Strongly Singly occupied MOs  =    0
 No. of Weakly occ. per St. Doubly occ.  MOs  =    1
 Dimension of the Active Nat. Orb. subspace   =   64
 Secondary Empty orbitals                     =   12

 1e- integrals
 -------------
 Time to do integrals =      0.00
 Guess for MOs = HCORE
      1768 MOs were matched and         0 equalized to zero

 2e- integrals
 -------------
 DONTW option skips storage 2e- integrals on Unit 1
             1582680 2e- integrals in     1 records
 Time to do integrals =      0.31

 RHF SCF Calculation
 -------------------
 EXTRAP=T  DAMP=T  DIIS=T
 DMat Conv = 1.0E-05  Ener Tol = 1.0E-08
 Ener Conv = 1.0E-10  DMat Tol = 2.0E-05
 DIIS Conv = 1.0E-07  DMat Tol = 2.0E-05

 ITER      TOTAL ENERGY        E CHANGE     DEN. CHANGE    DIIS ERROR
   1    -1555.9592190514 -1555.9592190514  28.758623424   2.777068999
   2    -1571.3228571651   -15.3636381138  10.218790603   0.821152353
   3    -1587.4667996260   -16.1439424608   1.123780500   0.447351611
   4    -1586.8586740388     0.6081255872   0.623078410   0.627356766
   5    -1589.4696183221    -2.6109442833   0.133108461   0.084811415
   6    -1589.5331947479    -0.0635764257   0.038759969   0.026105285
   7    -1589.5407604901    -0.0075657422   0.016124484   0.007112199
   8    -1589.5418883004    -0.0011278103   0.012222635   0.004054947
   9    -1589.5422247631    -0.0003364627   0.006002601   0.001604783
  10    -1589.5422941790    -0.0000694160   0.001645638   0.000771593
  11    -1589.5423016054    -0.0000074264   0.000670897   0.000211616
  12    -1589.5423027303    -0.0000011249   0.000314700   0.000136184
  13    -1589.5423029360    -0.0000002057   0.000054129   0.000037127
  14    -1589.5423029454    -0.0000000094   0.000008549   0.000004722

          -----------------
          DENSITY CONVERGED
          -----------------

 FINAL RHF ENERGY IS    -1589.5423029454 AFTER  14 ITERATIONS

         WAVEFUNCTION NORMALIZATION =       1.0000000000

                ONE ELECTRON ENERGY =   -2861.8731292601
                TWO ELECTRON ENERGY =     938.6311952770
           NUCLEAR REPULSION ENERGY =     333.6996310377
                                      ------------------
                   RHF TOTAL ENERGY =   -1589.5423029454

 ELECTRON-ELECTRON POTENTIAL ENERGY =     938.6311952770
  NUCLEUS-ELECTRON POTENTIAL ENERGY =   -4449.5247480705
   NUCLEUS-NUCLEUS POTENTIAL ENERGY =     333.6996310377
                                      ------------------
             TOTAL POTENTIAL ENERGY =   -3177.1939217559
               TOTAL KINETIC ENERGY =    1587.6516188105
                 VIRIAL RATIO (V/T) =       2.0011908684

 Distribution Full ERIs:

 Integrals:                           1582680
 Max size per slaves:                  395672
 Max size in master:                  1978352

 No violations of the orthonormality


  RESULTS OF OCCUPATION-COEFFICIENT OPTIMIZATION
 ================================================

  Ex It  Occ Time  Orb Time  Orb It   Electronic Energy     Total Energy   Energy Convergency    Max Mul-Lag Diff

    1    7.6E-01   2.9E+00      10   -1923.2971775760    -1589.5975465384     0.0000000000           0.031553
    2    5.4E-01   7.8E+00      30   -1923.3173354053    -1589.6177043677    -0.0201578293           0.015579
    3    7.7E-01   7.5E+00      30   -1923.3309004492    -1589.6312694115    -0.0135650439           0.019992
    4    7.5E-01   7.4E+00      30   -1923.3425317898    -1589.6429007521    -0.0116313406           0.020789
    5    7.7E-01   7.8E+00      30   -1923.3525197583    -1589.6528887206    -0.0099879685           0.016468
    6    7.6E-01   7.7E+00      30   -1923.3595439270    -1589.6599128894    -0.0070241687           0.008194
    7    6.8E-01   7.8E+00      30   -1923.3634976237    -1589.6638665860    -0.0039536966           0.000826
    8    7.5E-01   7.7E+00      30   -1923.3660019938    -1589.6663709561    -0.0025043701           0.000763
    9    7.3E-01   7.8E+00      30   -1923.3679181106    -1589.6682870729    -0.0019161168           0.000770
   10    6.3E-01   7.7E+00      30   -1923.3692781926    -1589.6696471550    -0.0013600821           0.000798
   11    6.5E-01   7.7E+00      30   -1923.3701161570    -1589.6704851193    -0.0008379643           0.000786
   12    5.5E-01   7.7E+00      30   -1923.3706193298    -1589.6709882922    -0.0005031729           0.000791
   13    5.3E-01   7.7E+00      30   -1923.3709401594    -1589.6713091218    -0.0003208296           0.000800
   14    5.4E-01   7.5E+00      30   -1923.3711626989    -1589.6715316613    -0.0002225395           0.000768
   15    5.6E-01   7.5E+00      30   -1923.3713123466    -1589.6716813090    -0.0001496477           0.000791
   16    5.2E-01   7.5E+00      30   -1923.3714081163    -1589.6717770787    -0.0000957697           0.000762
   17    5.6E-01   7.5E+00      30   -1923.3714680618    -1589.6718370241    -0.0000599454           0.000786
   18    5.1E-01   7.5E+00      30   -1923.3715102798    -1589.6718792422    -0.0000422180           0.000799
   19    5.0E-01   7.5E+00      30   -1923.3715510175    -1589.6719199798    -0.0000407377           0.000778
   20    5.2E-01   7.5E+00      30   -1923.3716052901    -1589.6719742524    -0.0000542726           0.000761
   21    5.4E-01   7.5E+00      30   -1923.3716834657    -1589.6720524280    -0.0000781756           0.000799
   22    5.1E-01   7.6E+00      30   -1923.3717893352    -1589.6721582975    -0.0001058695           0.000783
   23    5.1E-01   7.5E+00      30   -1923.3719327864    -1589.6723017487    -0.0001434512           0.000784
   24    5.8E-01   7.6E+00      30   -1923.3721098608    -1589.6724788231    -0.0001770744           0.000785
   25    5.2E-01   7.6E+00      30   -1923.3723077152    -1589.6726766776    -0.0001978544           0.000767
   26    5.1E-01   7.6E+00      30   -1923.3724802469    -1589.6728492092    -0.0001725316           0.000793
   27    5.4E-01   7.6E+00      30   -1923.3725941851    -1589.6729631474    -0.0001139382           0.000793
   28    5.5E-01   7.6E+00      30   -1923.3726489584    -1589.6730179207    -0.0000547733           0.000791
   29    5.4E-01   7.6E+00      30   -1923.3726693375    -1589.6730382998    -0.0000203791           0.000806
   30    5.0E-01   7.6E+00      30   -1923.3726784673    -1589.6730474297    -0.0000091299           0.000774
   31    5.1E-01   7.6E+00      30   -1923.3726835077    -1589.6730524701    -0.0000050404           0.000781
   32    5.1E-01   9.8E+00      40   -1923.3726895081    -1589.6730584704    -0.0000060003           0.000153
   33    4.9E-01   1.2E+01      50   -1923.3726923083    -1589.6730612707    -0.0000028003           0.000025
   34    4.5E-01   1.5E+01      60   -1923.3726936649    -1589.6730626273    -0.0000013566           0.000003
   35    4.8E-01   2.3E-01      60   -1923.3726937635    -1589.6730627258    -0.0000000985           0.000011


  RESULTS OF THE OCCUPATION OPTIMIZATION
 ========================================

   OM     Occupation      Elag Diag

    1      2.0000000    -92.0086721
    2      2.0000000    -91.9654386
    3      2.0000000    -92.0025784
    4      2.0000000    -91.9714040
    5      1.9999957     -6.6794378
    6      1.9999957     -6.6795132
    7      1.9999954     -6.7477787
    8      1.9999926     -6.8074722
    9      1.9999905     -6.8910128
   10      1.9999850     -6.9534635
   11      1.9999803     -7.2238870
   12      1.9999708     -7.2026230
   13      1.9999525     -7.7769271
   14      1.9999506     -7.7228254
   15      1.9999412     -7.5843100
   16      1.9999412     -7.5843129
   17      1.9999395     -7.7108828
   18      1.9999395     -7.7109095
   19      1.9999305     -7.6117374
   20      1.9999304     -7.6117503
   21      1.9963647     -0.6542906
   22      1.9963554     -0.6514835
   23      1.9948660     -0.6414651
   24      1.9945792     -0.6293065
   25      1.9943723     -0.6098862
   26      1.9942292     -0.5989050
   27      1.9941996     -0.4928411
   28      1.9924630     -0.8424410
   29      1.9918090     -0.6919634
   30      1.9888478     -0.7864290
   31      1.9856663     -0.6952420
   32      1.4433561     -0.2652453
   33      0.5566439     -0.1196254
   34      0.0143337     -0.0103937
   35      0.0111522     -0.0092753
   36      0.0081910     -0.0063358
   37      0.0075370     -0.0071721
   38      0.0058004     -0.0036864
   39      0.0057708     -0.0047511
   40      0.0056277     -0.0047019
   41      0.0054208     -0.0045932
   42      0.0051340     -0.0044116
   43      0.0036446     -0.0032172
   44      0.0036353     -0.0032198
   45      0.0000696     -0.0006166
   46      0.0000695     -0.0006165
   47      0.0000605     -0.0005458
   48      0.0000605     -0.0005456
   49      0.0000588     -0.0005217
   50      0.0000588     -0.0005215
   51      0.0000494     -0.0004495
   52      0.0000475     -0.0004362
   53      0.0000292     -0.0002471
   54      0.0000197     -0.0001688
   55      0.0000150     -0.0001221
   56      0.0000095     -0.0000758
   57      0.0000074     -0.0000580
   58      0.0000046     -0.0000366
   59      0.0000043     -0.0000332
   60      0.0000043     -0.0000326
   61      0.0000000     -0.0000000
   62      0.0000000     -0.0000000
   63      0.0000000     -0.0000000
   64      0.0000000     -0.0000000

   RO Sum (  64) =   64.00

  ---------------
   Dipole Moment
  ---------------

      0.3890 Debye [   0.1530  (  -0.0003,  -0.0033,  -0.1530) ]

 ----------------
  Final Energies  
 ----------------

  Final NOF Total Energy =    -1589.6730627258 ( 1.E-05 , 0.E+00 )


  **************************************************
  *                                                *
  *       SINGLE-POINT DoNOF CALCULATION           *
  *                                                *
  *             FULL OPTIMIZATION                  *
  *                                                *
  *  FINAL RESULTS   FINAL RESULTS  FINAL RESULTS  *
  *                                                *
  **************************************************

  **************************************************
  *         No. EXTERNAL ITER =    35              *
  *         No. of TOTAL ITER =  1120              *
  **************************************************

  Elapsed real time :    289.38  (Seconds)

 The execution finished at 16h 14min on the  2/ 6/2025
