 This is the parallel version of the code
 This is the parallel version of the code
 This is the parallel version of the code
 This is the parallel version of the code
Master:    0

 The execution started at 16h  9min on the  2/ 6/2025

    ===========================================================
    !                                                         !
    !                        Do N O F                         !
    !                                                         !
    !  (Donostia Natural Orbital Functional Software Program) !
    !                                                         !
    !               COPYRIGHT by Mario Piris                  !
    !                                                         !
    !      Donostia International Physics Center (DIPC)       !
    !       University of the Basque Country (UPV/EHU)        !
    !       Basque Foundation for Science (IKERBASQUE)        !
    !                                                         !
    !          GNU General Public License version 3           !
    !                                                         !
    !                  VERSION: Mayo 2024                     !
    !                                                         !
    ===========================================================

 Run Title
 ---------
 p30-5 set                                                                       

 Basis Set
 ---------
 /beegfs_agamede/gscratch/povmieci/SCRATCH/96923/def2-svp.bas                    

 Atom      Charge                Coordinates (Bohr)
                           x             y             z
 AL         13.0        0.0000        0.0000        0.0000
 F           9.0        0.0000        3.0836        0.0000
 F           9.0        2.6705       -1.5418        0.0000
 F           9.0       -2.6705       -1.5418        0.0000

 Atomic Basis Set
 ----------------
 The contracted primitive functions were unnormalized
 The contracted basis functions are now normalized to unity

  Shell Type  Primitive         Exponent  Contraction Coefficient

 AL        

      1   S       1          5887.5727030    0.005651978962
      1   S       2           885.6122600    0.042218253427
      1   S       3           201.1360490    0.189187196726
      1   S       4            56.2849747    0.480435911881
      1   S       5            17.2295512    0.425872684294

      2   S       6            29.3402499    0.088568603239
      2   S       7             3.0439630   -0.543157066723
      2   S       8             1.1285540   -0.529385510294

      3   S       9             0.1423418    1.000000000000

      4   S      10             0.0544002    1.000000000000

      5   P      11           145.1191881    0.010726377859
      5   P      12            33.7178948    0.074103623546
      5   P      13            10.3698631    0.261296213060
      5   P      14             3.5135616    0.480201235327
      5   P      15             1.1980050    0.384382240624

      6   P      16             0.2658301    1.000000000000

      7   P      17             0.0710034    1.000000000000

      8   D      18             0.3000000    1.000000000000

 F         

      9   S      19          2894.8325990   -0.005349321176
      9   S      20           435.4193912   -0.039967734372
      9   S      21            98.8433289   -0.179412617888
      9   S      22            27.4851980   -0.468324686869
      9   S      23             8.5405498   -0.447241605328

     10   S      24             1.0654578    1.000000000000

     11   S      25             0.3324735    1.000000000000

     12   P      26            22.6966339   -0.064782148241
     12   P      27             4.9872339   -0.340357853553
     12   P      28             1.3491614   -0.734858153660

     13   P      29             0.3482988    1.000000000000

     14   D      30             1.4000000    1.000000000000

 F         

     15   S      31          2894.8325990   -0.005349321176
     15   S      32           435.4193912   -0.039967734372
     15   S      33            98.8433289   -0.179412617888
     15   S      34            27.4851980   -0.468324686869
     15   S      35             8.5405498   -0.447241605328

     16   S      36             1.0654578    1.000000000000

     17   S      37             0.3324735    1.000000000000

     18   P      38            22.6966339   -0.064782148241
     18   P      39             4.9872339   -0.340357853553
     18   P      40             1.3491614   -0.734858153660

     19   P      41             0.3482988    1.000000000000

     20   D      42             1.4000000    1.000000000000

 F         

     21   S      43          2894.8325990   -0.005349321176
     21   S      44           435.4193912   -0.039967734372
     21   S      45            98.8433289   -0.179412617888
     21   S      46            27.4851980   -0.468324686869
     21   S      47             8.5405498   -0.447241605328

     22   S      48             1.0654578    1.000000000000

     23   S      49             0.3324735    1.000000000000

     24   P      50            22.6966339   -0.064782148241
     24   P      51             4.9872339   -0.340357853553
     24   P      52             1.3491614   -0.734858153660

     25   P      53             0.3482988    1.000000000000

     26   D      54             1.4000000    1.000000000000

 Total Number of Basis Set Shells             =   26
 Total Number of Primitives                   =   54
 Number of Cartesian Gaussian Basis Functions =   64
 Number of Electrons                          =   40
 Charge of Molecule                           =    0
 Spin Multiplicity                            =    1
 Number of Occupied Orbitals (Alpha)          =   20
 Number of Occupied Orbitals (Beta )          =   20
 Total Number of Atoms                        =    4

 Input Run Options
 -----------------
 IRUNTYP = 1  MULT = 1  ICHARG =  0 IECP = 0  IEMOM = 1  UNITS = ANGS    

 Integral Options
 ----------------
 CUTOFF = 1.0E-09   ISCHWZ = 0   ERITYP = FULL

 Input NOF Options
 -----------------

 Type of calculation =    Coeff. Opt.:   (ICOEF)         1
 Trigonometric functions for Occ. Opt.:  (ISOFTMAX)      0
 Type of Orb. Opt. = Orbital Rotations:  (IORBOPT)       4
 Maximum Number of Occ-Coef Outer Iter.: (MAXIT)      1000

 Natural Orbital Functional Selected:    (IPNOF)         5

 Restart calculation Option:             (RESTART)       T
 Orthogonalize the initial Orbitals:     (ORTHO)         T

 Output Option:                          (NPRINT)        0
 Output the Coefficient Matrix:          (IWRITEC)       0
 Do a Mulliken Population Analysis:      (IMULPOP)       0
 Write Information into a WFN file:      (IAIMPAC)       1
 Write Information into a FCHK file:     (IFCHK)         1
 Write Information into a MLP file:      (MOLDEN)        1
 Create Ini. Cond. (ini.xyz) file:       (INICOND)       1
 Calculate IPs using Ext. Koopmans Theo: (IEKT)          0
 Write APSG expansion coefficient file:  (APSG)          F
 Output option for Lagrange Multipliers: (PRINTLAG)      F
 Diagonalize matrix of Lag. Multipliers: (DIAGLAG)       F

 Nuclear Coordinates from GCF file:
 ----------------------------------

 Atom      Charge                Coordinates (Bohr)
                           x             y             z
 AL      13.00000        0.0000        0.0000        0.0000
 F        9.00000        0.0000        3.0836        0.0000
 F        9.00000        2.6705       -1.5418        0.0000
 F        9.00000       -2.6705       -1.5418        0.0000

------------------------------------------------------------------------

 Orbital Space
 -------------

 Inactive Doubly occupied orbitals up to NO1  =    0
 No. considered Strongly Doubly occupied MOs  =   20
 No. considered Strongly Singly occupied MOs  =    0
 No. of Weakly occ. per St. Doubly occ.  MOs  =    2
 Dimension of the Active Nat. Orb. subspace   =   60
 Secondary Empty orbitals                     =    4

 1e- integrals
 -------------
 Time to do integrals =      0.00
 Guess for MOs = HCORE
       691 MOs were matched and       209 equalized to zero

 2e- integrals
 -------------
 DONTW option skips storage 2e- integrals on Unit 1
              767956 2e- integrals in     1 records
 Time to do integrals =      0.12

 RHF SCF Calculation
 -------------------
 EXTRAP=T  DAMP=T  DIIS=T
 DMat Conv = 1.0E-05  Ener Tol = 1.0E-08
 Ener Conv = 1.0E-10  DMat Tol = 2.0E-05
 DIIS Conv = 1.0E-07  DMat Tol = 2.0E-05

 ITER      TOTAL ENERGY        E CHANGE     DEN. CHANGE    DIIS ERROR
   1     -516.5272410882  -516.5272410882  13.815386619   4.017247595
   2     -524.1736849400    -7.6464438518   7.683052153   2.092966873
   3     -539.8925562276   -15.7188712877   0.290196596   0.368408800
   4     -540.0513862861    -0.1588300585   0.137035661   0.215038775
   5     -540.1452539561    -0.0938676699   0.016459770   0.014168895
   6     -540.1460008532    -0.0007468971   0.003739991   0.002094895
   7     -540.1460352839    -0.0000344307   0.000636311   0.000506021
   8     -540.1460366456    -0.0000013617   0.000207303   0.000148295
   9     -540.1460367904    -0.0000001447   0.000018100   0.000009371
  10     -540.1460367910    -0.0000000007   0.000001094   0.000001327

          -----------------
          DENSITY CONVERGED
          -----------------

 FINAL RHF ENERGY IS     -540.1460367910 AFTER  10 ITERATIONS

         WAVEFUNCTION NORMALIZATION =       1.0000000000

                ONE ELECTRON ENERGY =   -1073.1698143721
                TWO ELECTRON ENERGY =     373.6977459461
           NUCLEAR REPULSION ENERGY =     159.3260316350
                                      ------------------
                   RHF TOTAL ENERGY =    -540.1460367910

 ELECTRON-ELECTRON POTENTIAL ENERGY =     373.6977459461
  NUCLEUS-ELECTRON POTENTIAL ENERGY =   -1611.6403706347
   NUCLEUS-NUCLEUS POTENTIAL ENERGY =     159.3260316350
                                      ------------------
             TOTAL POTENTIAL ENERGY =   -1078.6165930536
               TOTAL KINETIC ENERGY =     538.4705562625
                 VIRIAL RATIO (V/T) =       2.0031115546

 Distribution Full ERIs:

 Integrals:                            767956
 Max size per slaves:                  191990
 Max size in master:                   959946

 No violations of the orthonormality


  RESULTS OF OCCUPATION-COEFFICIENT OPTIMIZATION
 ================================================

  Ex It  Occ Time  Orb Time  Orb It   Electronic Energy     Total Energy   Energy Convergency    Max Mul-Lag Diff

    1    2.6E-01   8.8E-01      10    -699.5783165948     -540.2522849597     0.0000000000           0.032792
    2    2.1E-01   2.4E+00      30    -699.5925038158     -540.2664721808    -0.0141872211           0.003397
    3    2.9E-01   2.4E+00      30    -699.6001730521     -540.2741414171    -0.0076692363           0.002672
    4    2.7E-01   2.4E+00      30    -699.6082044303     -540.2821727953    -0.0080313782           0.002478
    5    3.0E-01   2.5E+00      30    -699.6181683314     -540.2921366963    -0.0099639010           0.002262
    6    3.0E-01   2.4E+00      30    -699.6284886795     -540.3024570445    -0.0103203482           0.002374
    7    2.8E-01   2.4E+00      30    -699.6367041656     -540.3106725306    -0.0082154861           0.001920
    8    2.8E-01   2.4E+00      30    -699.6424070608     -540.3163754258    -0.0057028952           0.001330
    9    2.7E-01   2.4E+00      30    -699.6465203556     -540.3204887205    -0.0041132948           0.001336
   10    2.9E-01   2.4E+00      30    -699.6497145588     -540.3236829238    -0.0031942032           0.001321
   11    2.9E-01   2.4E+00      30    -699.6523929631     -540.3263613281    -0.0026784043           0.001535
   12    2.8E-01   2.3E+00      30    -699.6547980975     -540.3287664625    -0.0024051345           0.001527
   13    2.6E-01   2.3E+00      30    -699.6568251742     -540.3307935391    -0.0020270766           0.001379
   14    2.8E-01   2.3E+00      30    -699.6585401801     -540.3325085451    -0.0017150059           0.001306
   15    2.8E-01   2.3E+00      30    -699.6599160985     -540.3338844635    -0.0013759184           0.001165
   16    2.7E-01   2.3E+00      30    -699.6608854016     -540.3348537666    -0.0009693031           0.000838
   17    2.9E-01   2.2E+00      30    -699.6614372399     -540.3354056049    -0.0005518383           0.000487
   18    2.6E-01   2.2E+00      30    -699.6616750034     -540.3356433684    -0.0002377635           0.000495
   19    2.7E-01   2.2E+00      30    -699.6617604925     -540.3357288575    -0.0000854891           0.000481
   20    2.6E-01   2.2E+00      30    -699.6618087407     -540.3357771057    -0.0000482482           0.000484
   21    2.5E-01   2.9E+00      40    -699.6618534648     -540.3358218298    -0.0000447241           0.000105
   22    2.2E-01   3.6E+00      50    -699.6618823725     -540.3358507375    -0.0000289077           0.000016
   23    2.8E-01   4.7E+00      60    -699.6618985219     -540.3358668869    -0.0000161494           0.000010
   24    2.4E-01   5.6E+00      70    -699.6619087524     -540.3358771173    -0.0000102305           0.000007
   25    2.3E-01   5.8E+00      80    -699.6619166405     -540.3358850055    -0.0000078882           0.000006
   26    2.4E-01   6.4E+00      90    -699.6619298859     -540.3358982509    -0.0000132454           0.000012
   27    2.2E-01   6.1E+00      90    -699.6619574221     -540.3359257871    -0.0000275361           0.000018
   28    2.2E-01   6.1E+00      90    -699.6619853746     -540.3359537396    -0.0000279525           0.000012
   29    2.2E-01   6.4E+00      90    -699.6619974297     -540.3359657947    -0.0000120551           0.000010
   30    2.4E-01   7.6E+00     100    -699.6620030992     -540.3359714642    -0.0000056695           0.000007
   31    2.4E-01   8.4E+00     110    -699.6620063481     -540.3359747131    -0.0000032489           0.000005
   32    2.1E-01   9.0E+00     120    -699.6620089517     -540.3359773167    -0.0000026036           0.000003
   33    2.3E-01   9.6E+00     130    -699.6620143894     -540.3359827544    -0.0000054377           0.000007
   34    2.2E-01   1.0E+01     140    -699.6620503486     -540.3360187136    -0.0000359591           0.000017
   35    2.4E-01   9.8E+00     140    -699.6620812193     -540.3360495843    -0.0000308707           0.000010
   36    2.2E-01   1.1E+01     140    -699.6620903592     -540.3360587242    -0.0000091399           0.000007
   37    2.4E-01   1.1E+01     150    -699.6620939930     -540.3360623580    -0.0000036337           0.000004
   38    1.9E-01   1.1E+01     160    -699.6620956365     -540.3360640015    -0.0000016435           0.000002
   39    1.8E-01   1.1E+01     170    -699.6620963405     -540.3360647055    -0.0000007040           0.000001
   40    1.9E-01   6.6E-02     170    -699.6620964068     -540.3360647718    -0.0000000663           0.000006


  RESULTS OF THE OCCUPATION OPTIMIZATION
 ========================================

   OM     Occupation      Elag Diag

    1      2.0000000    -58.5423822
    2      1.9999796    -26.2892422
    3      1.9999789    -26.2884097
    4      1.9999789    -26.2883952
    5      1.9999115     -3.6874824
    6      1.9999098     -3.6984224
    7      1.9999091     -3.6970299
    8      1.9998718     -3.7607327
    9      1.9926937     -0.8859243
   10      1.9926630     -0.8851218
   11      1.9926601     -0.8849113
   12      1.9926282     -0.8842045
   13      1.9925523     -0.8813208
   14      1.9925476     -0.8813063
   15      1.9901475     -0.9280284
   16      1.9901394     -0.9278423
   17      1.9900402     -0.9245271
   18      1.9900394     -0.9245885
   19      1.9900358     -0.9244523
   20      1.9900329     -0.9243380
   21      0.0093471     -0.0119872
   22      0.0093445     -0.0119857
   23      0.0093425     -0.0119845
   24      0.0093410     -0.0119832
   25      0.0093268     -0.0120075
   26      0.0093200     -0.0120032
   27      0.0067687     -0.0094277
   28      0.0006845     -0.0015072
   29      0.0067560     -0.0094478
   30      0.0006154     -0.0013261
   31      0.0067227     -0.0094207
   32      0.0066935     -0.0093960
   33      0.0001276     -0.0005947
   34      0.0000906     -0.0004470
   35      0.0000897     -0.0004439
   36      0.0000004     -0.0000024
   37      0.0000000     -0.0000003
   38      0.0000000     -0.0000001
   39      0.0000204     -0.0006287
   40      0.0000000     -0.0000000
   41      0.0006200     -0.0014122
   42      0.0006197     -0.0014119
   43      0.0006181     -0.0014104
   44      0.0006188     -0.0014109
   45      0.0005338     -0.0011933
   46      0.0005325     -0.0011897
   47      0.0006837     -0.0015068
   48      0.0067632     -0.0094231
   49      0.0006158     -0.0013276
   50      0.0067245     -0.0094215
   51      0.0006143     -0.0013243
   52      0.0006128     -0.0013221
   53      0.0000005     -0.0000026
   54      0.0000003     -0.0000019
   55      0.0000004     -0.0000022
   56      0.0000881     -0.0004355
   57      0.0000211     -0.0006517
   58      0.0000211     -0.0006516
   59      0.0000000     -0.0000006
   60      0.0000000     -0.0000000

   RO Sum (  40) =   40.00

  ---------------
   Dipole Moment
  ---------------

      0.0004 Debye [   0.0002  (   0.0002,  -0.0000,  -0.0001) ]

 ----------------
  Final Energies  
 ----------------

  Final NOF Total Energy =     -540.3360647718 ( 6.E-06 , 0.E+00 )


  **************************************************
  *                                                *
  *       SINGLE-POINT DoNOF CALCULATION           *
  *                                                *
  *             FULL OPTIMIZATION                  *
  *                                                *
  *  FINAL RESULTS   FINAL RESULTS  FINAL RESULTS  *
  *                                                *
  **************************************************

  **************************************************
  *         No. EXTERNAL ITER =    40              *
  *         No. of TOTAL ITER =  2770              *
  **************************************************

  Elapsed real time :    202.27  (Seconds)

 The execution finished at 16h 13min on the  2/ 6/2025
