 This is the parallel version of the code
 This is the parallel version of the code
 This is the parallel version of the code
 This is the parallel version of the code
Master:    0

 The execution started at 16h  9min on the  2/ 6/2025

    ===========================================================
    !                                                         !
    !                        Do N O F                         !
    !                                                         !
    !  (Donostia Natural Orbital Functional Software Program) !
    !                                                         !
    !               COPYRIGHT by Mario Piris                  !
    !                                                         !
    !      Donostia International Physics Center (DIPC)       !
    !       University of the Basque Country (UPV/EHU)        !
    !       Basque Foundation for Science (IKERBASQUE)        !
    !                                                         !
    !          GNU General Public License version 3           !
    !                                                         !
    !                  VERSION: Mayo 2024                     !
    !                                                         !
    ===========================================================

 Run Title
 ---------
 p30-5 set                                                                       

 Basis Set
 ---------
 /beegfs_agamede/gscratch/povmieci/SCRATCH/96919/def2-svp.bas                    

 Atom      Charge                Coordinates (Bohr)
                           x             y             z
 P          15.0        1.4690        1.4690        1.4690
 P          15.0       -1.4690       -1.4690        1.4690
 P          15.0       -1.4690        1.4690       -1.4690
 P          15.0        1.4690       -1.4690       -1.4690

 Atomic Basis Set
 ----------------
 The contracted primitive functions were unnormalized
 The contracted basis functions are now normalized to unity

  Shell Type  Primitive         Exponent  Contraction Coefficient

 P         

      1   S       1          8002.4795106    0.005525555279
      1   S       2          1203.6813590    0.041326367171
      1   S       3           273.4422703    0.186070058991
      1   S       4            76.6555415    0.477107006766
      1   S       5            23.5169274    0.432247688783

      2   S       6            39.7916834    0.090954145513
      2   S       7             4.2770343   -0.550855656186
      2   S       8             1.6940257   -0.518269979075

      3   S       9             0.2756767    1.000000000000

      4   S      10             0.1049559    1.000000000000

      5   P      11           219.5075582    0.009573910140
      5   P      12            51.2741550    0.067993851914
      5   P      13            15.9215959    0.249832097533
      5   P      14             5.5069913    0.481481790475
      5   P      15             1.9537719    0.388697985432

      6   P      16             0.4780340    1.000000000000

      7   P      17             0.1365795    1.000000000000

      8   D      18             0.4500000    1.000000000000

 P         

      9   S      19          8002.4795106    0.005525555279
      9   S      20          1203.6813590    0.041326367171
      9   S      21           273.4422703    0.186070058991
      9   S      22            76.6555415    0.477107006766
      9   S      23            23.5169274    0.432247688783

     10   S      24            39.7916834    0.090954145513
     10   S      25             4.2770343   -0.550855656186
     10   S      26             1.6940257   -0.518269979075

     11   S      27             0.2756767    1.000000000000

     12   S      28             0.1049559    1.000000000000

     13   P      29           219.5075582    0.009573910140
     13   P      30            51.2741550    0.067993851914
     13   P      31            15.9215959    0.249832097533
     13   P      32             5.5069913    0.481481790475
     13   P      33             1.9537719    0.388697985432

     14   P      34             0.4780340    1.000000000000

     15   P      35             0.1365795    1.000000000000

     16   D      36             0.4500000    1.000000000000

 P         

     17   S      37          8002.4795106    0.005525555279
     17   S      38          1203.6813590    0.041326367171
     17   S      39           273.4422703    0.186070058991
     17   S      40            76.6555415    0.477107006766
     17   S      41            23.5169274    0.432247688783

     18   S      42            39.7916834    0.090954145513
     18   S      43             4.2770343   -0.550855656186
     18   S      44             1.6940257   -0.518269979075

     19   S      45             0.2756767    1.000000000000

     20   S      46             0.1049559    1.000000000000

     21   P      47           219.5075582    0.009573910140
     21   P      48            51.2741550    0.067993851914
     21   P      49            15.9215959    0.249832097533
     21   P      50             5.5069913    0.481481790475
     21   P      51             1.9537719    0.388697985432

     22   P      52             0.4780340    1.000000000000

     23   P      53             0.1365795    1.000000000000

     24   D      54             0.4500000    1.000000000000

 P         

     25   S      55          8002.4795106    0.005525555279
     25   S      56          1203.6813590    0.041326367171
     25   S      57           273.4422703    0.186070058991
     25   S      58            76.6555415    0.477107006766
     25   S      59            23.5169274    0.432247688783

     26   S      60            39.7916834    0.090954145513
     26   S      61             4.2770343   -0.550855656186
     26   S      62             1.6940257   -0.518269979075

     27   S      63             0.2756767    1.000000000000

     28   S      64             0.1049559    1.000000000000

     29   P      65           219.5075582    0.009573910140
     29   P      66            51.2741550    0.067993851914
     29   P      67            15.9215959    0.249832097533
     29   P      68             5.5069913    0.481481790475
     29   P      69             1.9537719    0.388697985432

     30   P      70             0.4780340    1.000000000000

     31   P      71             0.1365795    1.000000000000

     32   D      72             0.4500000    1.000000000000

 Total Number of Basis Set Shells             =   32
 Total Number of Primitives                   =   72
 Number of Cartesian Gaussian Basis Functions =   76
 Number of Electrons                          =   60
 Charge of Molecule                           =    0
 Spin Multiplicity                            =    1
 Number of Occupied Orbitals (Alpha)          =   30
 Number of Occupied Orbitals (Beta )          =   30
 Total Number of Atoms                        =    4

 Input Run Options
 -----------------
 IRUNTYP = 1  MULT = 1  ICHARG =  0 IECP = 0  IEMOM = 1  UNITS = ANGS    

 Integral Options
 ----------------
 CUTOFF = 1.0E-09   ISCHWZ = 0   ERITYP = FULL

 Input NOF Options
 -----------------

 Type of calculation =    Coeff. Opt.:   (ICOEF)         1
 Trigonometric functions for Occ. Opt.:  (ISOFTMAX)      0
 Type of Orb. Opt. = Orbital Rotations:  (IORBOPT)       4
 Maximum Number of Occ-Coef Outer Iter.: (MAXIT)      1000

 Natural Orbital Functional Selected:    (IPNOF)         5

 Restart calculation Option:             (RESTART)       T
 Orthogonalize the initial Orbitals:     (ORTHO)         T

 Output Option:                          (NPRINT)        0
 Output the Coefficient Matrix:          (IWRITEC)       0
 Do a Mulliken Population Analysis:      (IMULPOP)       0
 Write Information into a WFN file:      (IAIMPAC)       1
 Write Information into a FCHK file:     (IFCHK)         1
 Write Information into a MLP file:      (MOLDEN)        1
 Create Ini. Cond. (ini.xyz) file:       (INICOND)       1
 Calculate IPs using Ext. Koopmans Theo: (IEKT)          0
 Write APSG expansion coefficient file:  (APSG)          F
 Output option for Lagrange Multipliers: (PRINTLAG)      F
 Diagonalize matrix of Lag. Multipliers: (DIAGLAG)       F

 Nuclear Coordinates from GCF file:
 ----------------------------------

 Atom      Charge                Coordinates (Bohr)
                           x             y             z
 P       15.00000        1.4690        1.4690        1.4690
 P       15.00000       -1.4690       -1.4690        1.4690
 P       15.00000       -1.4690        1.4690       -1.4690
 P       15.00000        1.4690       -1.4690       -1.4690

------------------------------------------------------------------------

 Orbital Space
 -------------

 Inactive Doubly occupied orbitals up to NO1  =    0
 No. considered Strongly Doubly occupied MOs  =   30
 No. considered Strongly Singly occupied MOs  =    0
 No. of Weakly occ. per St. Doubly occ.  MOs  =    1
 Dimension of the Active Nat. Orb. subspace   =   60
 Secondary Empty orbitals                     =   16

 1e- integrals
 -------------
 Time to do integrals =      0.00
 Guess for MOs = HCORE
      4539 MOs were matched and         0 equalized to zero

 2e- integrals
 -------------
 DONTW option skips storage 2e- integrals on Unit 1
             3194794 2e- integrals in     1 records
 Time to do integrals =      0.35

 RHF SCF Calculation
 -------------------
 EXTRAP=T  DAMP=T  DIIS=T
 DMat Conv = 1.0E-05  Ener Tol = 1.0E-08
 Ener Conv = 1.0E-10  DMat Tol = 2.0E-05
 DIIS Conv = 1.0E-07  DMat Tol = 2.0E-05

 ITER      TOTAL ENERGY        E CHANGE     DEN. CHANGE    DIIS ERROR
   1    -1336.4505546713 -1336.4505546713  31.399236104   1.730429400
   2    -1353.1332766875   -16.6827220162   3.696469690   0.788263700
   3    -1362.4257844721    -9.2925077846   0.287554739   0.113747669
   4    -1362.5380698144    -0.1122853424   0.139732164   0.077123712
   5    -1362.5635222460    -0.0254524315   0.039459921   0.011203010
   6    -1362.5656621416    -0.0021398956   0.010487582   0.005170309
   7    -1362.5659687227    -0.0003065811   0.004834221   0.002651603
   8    -1362.5660420732    -0.0000733505   0.001246049   0.000630203
   9    -1362.5660483371    -0.0000062639   0.000198703   0.000077078
  10    -1362.5660484152    -0.0000000781   0.000019979   0.000008835
  11    -1362.5660484168    -0.0000000017   0.000007776   0.000002013

          -----------------
          DENSITY CONVERGED
          -----------------

 FINAL RHF ENERGY IS    -1362.5660484168 AFTER  11 ITERATIONS

         WAVEFUNCTION NORMALIZATION =       1.0000000000

                ONE ELECTRON ENERGY =   -2533.7183964629
                TWO ELECTRON ENERGY =     846.2451225289
           NUCLEAR REPULSION ENERGY =     324.9072255171
                                      ------------------
                   RHF TOTAL ENERGY =   -1362.5660484168

 ELECTRON-ELECTRON POTENTIAL ENERGY =     846.2451225289
  NUCLEUS-ELECTRON POTENTIAL ENERGY =   -3894.5767353206
   NUCLEUS-NUCLEUS POTENTIAL ENERGY =     324.9072255171
                                      ------------------
             TOTAL POTENTIAL ENERGY =   -2723.4243872746
               TOTAL KINETIC ENERGY =    1360.8583388577
                 VIRIAL RATIO (V/T) =       2.0012548768

 Distribution Full ERIs:

 Integrals:                           3194794
 Max size per slaves:                  798700
 Max size in master:                  3993494

 No violations of the orthonormality


  RESULTS OF OCCUPATION-COEFFICIENT OPTIMIZATION
 ================================================

  Ex It  Occ Time  Orb Time  Orb It   Electronic Energy     Total Energy   Energy Convergency    Max Mul-Lag Diff

    1    7.7E-01   5.3E+00      10   -1687.5329669600    -1362.6257414429     0.0000000000           0.027113
    2    7.4E-01   1.4E+01      30   -1687.5466918868    -1362.6394663697    -0.0137249268           0.001475
    3    7.5E-01   1.4E+01      30   -1687.5504475318    -1362.6432220147    -0.0037556450           0.000860
    4    7.9E-01   1.4E+01      30   -1687.5516444149    -1362.6444188978    -0.0011968831           0.000717
    5    7.9E-01   1.4E+01      30   -1687.5526242636    -1362.6453987464    -0.0009798486           0.000684
    6    8.1E-01   1.4E+01      30   -1687.5538098788    -1362.6465843616    -0.0011856152           0.000672
    7    7.5E-01   1.4E+01      30   -1687.5549190126    -1362.6476934954    -0.0011091338           0.000678
    8    7.7E-01   1.4E+01      30   -1687.5557458471    -1362.6485203299    -0.0008268345           0.000645
    9    7.5E-01   1.4E+01      30   -1687.5562855017    -1362.6490599845    -0.0005396546           0.000650
   10    7.5E-01   1.4E+01      30   -1687.5566422817    -1362.6494167646    -0.0003567800           0.000669
   11    7.3E-01   1.4E+01      30   -1687.5569167223    -1362.6496912052    -0.0002744406           0.000695
   12    7.4E-01   1.4E+01      30   -1687.5571429933    -1362.6499174761    -0.0002262710           0.000679
   13    7.4E-01   1.4E+01      30   -1687.5573248371    -1362.6500993200    -0.0001818438           0.000678
   14    7.4E-01   1.4E+01      30   -1687.5574658295    -1362.6502403124    -0.0001409924           0.000697
   15    7.5E-01   1.4E+01      30   -1687.5575709155    -1362.6503453983    -0.0001050860           0.000676
   16    7.2E-01   1.4E+01      30   -1687.5576459336    -1362.6504204165    -0.0000750181           0.000681
   17    7.4E-01   1.4E+01      30   -1687.5576975762    -1362.6504720590    -0.0000516425           0.000678
   18    7.4E-01   1.4E+01      30   -1687.5577335502    -1362.6505080331    -0.0000359741           0.000673
   19    7.3E-01   1.4E+01      30   -1687.5577630875    -1362.6505375703    -0.0000295373           0.000693
   20    7.3E-01   1.4E+01      30   -1687.5577935064    -1362.6505679892    -0.0000304189           0.000696
   21    7.3E-01   1.4E+01      30   -1687.5578259002    -1362.6506003831    -0.0000323939           0.000672
   22    7.4E-01   1.4E+01      30   -1687.5578607469    -1362.6506352297    -0.0000348466           0.000693
   23    7.9E-01   1.3E+01      30   -1687.5578964892    -1362.6506709721    -0.0000357424           0.000679
   24    7.1E-01   1.3E+01      30   -1687.5579316758    -1362.6507061587    -0.0000351866           0.000681
   25    7.0E-01   1.3E+01      30   -1687.5579650393    -1362.6507395221    -0.0000333635           0.000676
   26    7.1E-01   1.3E+01      30   -1687.5579969448    -1362.6507714277    -0.0000319055           0.000687
   27    6.6E-01   1.4E+01      30   -1687.5580266828    -1362.6508011657    -0.0000297381           0.000666
   28    6.9E-01   1.4E+01      30   -1687.5580543486    -1362.6508288315    -0.0000276658           0.000672
   29    7.5E-01   1.4E+01      30   -1687.5580806303    -1362.6508551132    -0.0000262817           0.000688
   30    7.5E-01   1.4E+01      30   -1687.5581056651    -1362.6508801479    -0.0000250348           0.000697
   31    6.5E-01   1.3E+01      30   -1687.5581296065    -1362.6509040893    -0.0000239414           0.000701
   32    7.0E-01   1.3E+01      30   -1687.5581527676    -1362.6509272505    -0.0000231611           0.000687
   33    6.7E-01   1.3E+01      30   -1687.5581748237    -1362.6509493066    -0.0000220561           0.000670
   34    6.8E-01   1.3E+01      30   -1687.5581961348    -1362.6509706177    -0.0000213111           0.000671
   35    7.0E-01   1.3E+01      30   -1687.5582163601    -1362.6509908430    -0.0000202253           0.000688
   36    7.1E-01   1.3E+01      30   -1687.5582352504    -1362.6510097333    -0.0000188903           0.000679
   37    6.9E-01   1.3E+01      30   -1687.5582530857    -1362.6510275685    -0.0000178353           0.000659
   38    6.6E-01   1.3E+01      30   -1687.5582697712    -1362.6510442541    -0.0000166855           0.000665
   39    7.0E-01   1.4E+01      30   -1687.5582847274    -1362.6510592103    -0.0000149562           0.000669
   40    7.1E-01   1.3E+01      30   -1687.5582984297    -1362.6510729126    -0.0000137023           0.000686
   41    7.1E-01   1.4E+01      30   -1687.5583109195    -1362.6510854023    -0.0000124897           0.000682
   42    7.6E-01   1.4E+01      30   -1687.5583220667    -1362.6510965496    -0.0000111473           0.000673
   43    7.0E-01   1.4E+01      30   -1687.5583322950    -1362.6511067779    -0.0000102283           0.000693
   44    7.0E-01   1.4E+01      30   -1687.5583414977    -1362.6511159805    -0.0000092026           0.000686
   45    7.4E-01   1.5E+01      30   -1687.5583499297    -1362.6511244125    -0.0000084320           0.000674
   46    7.7E-01   1.4E+01      30   -1687.5583575020    -1362.6511319848    -0.0000075723           0.000701
   47    7.7E-01   1.4E+01      30   -1687.5583645742    -1362.6511390571    -0.0000070723           0.000681
   48    7.6E-01   1.4E+01      30   -1687.5583709655    -1362.6511454483    -0.0000063912           0.000673
   49    7.3E-01   1.4E+01      30   -1687.5583768868    -1362.6511513696    -0.0000059213           0.000697
   50    7.6E-01   1.4E+01      30   -1687.5583820452    -1362.6511565281    -0.0000051585           0.000712
   51    7.5E-01   1.4E+01      30   -1687.5583869488    -1362.6511614316    -0.0000049035           0.000706
   52    7.6E-01   1.4E+01      30   -1687.5583913894    -1362.6511658723    -0.0000044406           0.000694
   53    7.4E-01   1.4E+01      30   -1687.5583952843    -1362.6511697672    -0.0000038949           0.000679
   54    7.2E-01   1.4E+01      30   -1687.5583988578    -1362.6511733406    -0.0000035735           0.000687
   55    7.1E-01   1.4E+01      30   -1687.5584020183    -1362.6511765012    -0.0000031605           0.000693
   56    7.4E-01   1.4E+01      30   -1687.5584049416    -1362.6511794244    -0.0000029233           0.000668
   57    8.1E-01   1.5E+01      30   -1687.5584077171    -1362.6511821999    -0.0000027755           0.000666
   58    7.3E-01   1.5E+01      30   -1687.5584101788    -1362.6511846617    -0.0000024618           0.000683
   59    7.9E-01   1.5E+01      30   -1687.5584123617    -1362.6511868446    -0.0000021829           0.000681
   60    7.6E-01   1.5E+01      30   -1687.5584143466    -1362.6511888294    -0.0000019848           0.000674
   61    7.3E-01   1.8E+01      40   -1687.5584182651    -1362.6511927479    -0.0000039185           0.000134
   62    7.4E-01   2.3E+01      50   -1687.5584200306    -1362.6511945134    -0.0000017655           0.000022
   63    7.4E-01   2.7E+01      60   -1687.5584215367    -1362.6511960196    -0.0000015062           0.000003
   64    7.4E-01   3.1E+01      70   -1687.5584229048    -1362.6511973877    -0.0000013681           0.000000
   65    7.6E-01   3.7E+01      80   -1687.5584241797    -1362.6511986626    -0.0000012749           0.000000
   66    7.5E-01   4.1E+01      90   -1687.5584253228    -1362.6511998056    -0.0000011430           0.000000
   67    6.8E-01   4.0E+01     100   -1687.5584263952    -1362.6512008780    -0.0000010724           0.000000
   68    6.9E-01   4.7E+01     110   -1687.5584273783    -1362.6512018612    -0.0000009832           0.000000
   69    6.8E-01   5.1E+01     120   -1687.5584282203    -1362.6512027032    -0.0000008420           0.000000
   70    7.2E-01   5.7E+01     130   -1687.5584289849    -1362.6512034677    -0.0000007645           0.000000
   71    7.4E-01   6.5E+01     140   -1687.5584297573    -1362.6512042402    -0.0000007724           0.000000
   72    7.5E-01   6.8E+01     150   -1687.5584303921    -1362.6512048749    -0.0000006348           0.000000
   73    7.2E-01   7.3E+01     160   -1687.5584310394    -1362.6512055223    -0.0000006473           0.000000
   74    7.2E-01   7.6E+01     170   -1687.5584316064    -1362.6512060893    -0.0000005670           0.000000
   75    7.6E-01   7.7E+01     180   -1687.5584320983    -1362.6512065812    -0.0000004919           0.000000
   76    6.5E-01   7.7E+01     190   -1687.5584325400    -1362.6512070228    -0.0000004417           0.000000
   77    7.1E-01   8.6E+01     200   -1687.5584329374    -1362.6512074203    -0.0000003974           0.000000
   78    7.3E-01   9.3E+01     210   -1687.5584333116    -1362.6512077944    -0.0000003742           0.000000
   79    7.3E-01   9.8E+01     220   -1687.5584336283    -1362.6512081111    -0.0000003167           0.000000
   80    8.1E-01   1.1E+02     230   -1687.5584339429    -1362.6512084258    -0.0000003146           0.000000
   81    7.2E-01   9.9E+01     240   -1687.5584342241    -1362.6512087070    -0.0000002812           0.000000
   82    7.5E-01   1.0E+02     250   -1687.5584344678    -1362.6512089506    -0.0000002436           0.000000
   83    6.7E-01   1.1E+02     260   -1687.5584346790    -1362.6512091619    -0.0000002112           0.000000
   84    8.0E-01   1.2E+02     270   -1687.5584348877    -1362.6512093706    -0.0000002087           0.000000
   85    6.7E-01   1.1E+02     280   -1687.5584350575    -1362.6512095403    -0.0000001698           0.000000
   86    7.3E-01   3.9E-01     280   -1687.5584351497    -1362.6512096326    -0.0000000922           0.000010


  RESULTS OF THE OCCUPATION OPTIMIZATION
 ========================================

   OM     Occupation      Elag Diag

    1      2.0000000    -79.9533309
    2      2.0000000    -79.9532099
    3      2.0000000    -79.9532622
    4      2.0000000    -79.9531464
    5      1.9999927     -5.4504012
    6      1.9999926     -5.4502503
    7      1.9999926     -5.4499727
    8      1.9999925     -5.4498166
    9      1.9999672     -5.8754156
   10      1.9999672     -5.8716926
   11      1.9999665     -5.8795553
   12      1.9999665     -5.8863710
   13      1.9999311     -6.2007988
   14      1.9999302     -6.2079406
   15      1.9999300     -6.2076229
   16      1.9999295     -6.2116473
   17      1.9999183     -6.2317482
   18      1.9999182     -6.2316106
   19      1.9999173     -6.2358220
   20      1.9999172     -6.2361757
   21      1.9912044     -0.6334898
   22      1.9909518     -0.6311324
   23      1.9909021     -0.6307734
   24      1.9904421     -0.6259133
   25      1.9902212     -0.5402643
   26      1.9897294     -0.5365868
   27      1.9895618     -0.5355627
   28      1.9893050     -0.5335896
   29      1.9761777     -0.4957118
   30      1.9761329     -0.4955549
   31      0.0238671     -0.0116313
   32      0.0238223     -0.0116173
   33      0.0106950     -0.0064383
   34      0.0104382     -0.0063317
   35      0.0102706     -0.0062589
   36      0.0097788     -0.0060485
   37      0.0095579     -0.0066294
   38      0.0090979     -0.0063984
   39      0.0090482     -0.0063726
   40      0.0087956     -0.0062407
   41      0.0000828     -0.0006106
   42      0.0000827     -0.0006098
   43      0.0000818     -0.0006031
   44      0.0000817     -0.0006027
   45      0.0000705     -0.0005164
   46      0.0000700     -0.0005121
   47      0.0000698     -0.0005114
   48      0.0000689     -0.0005039
   49      0.0000335     -0.0002347
   50      0.0000335     -0.0002343
   51      0.0000328     -0.0002295
   52      0.0000328     -0.0002297
   53      0.0000075     -0.0000483
   54      0.0000074     -0.0000476
   55      0.0000074     -0.0000475
   56      0.0000073     -0.0000470
   57      0.0000000     -0.0000000
   58      0.0000000     -0.0000000
   59      0.0000000     -0.0000000
   60      0.0000000     -0.0000000

   RO Sum (  60) =   60.00

  ---------------
   Dipole Moment
  ---------------

      0.0050 Debye [   0.0020  (   0.0004,   0.0019,  -0.0006) ]

 ----------------
  Final Energies  
 ----------------

  Final NOF Total Energy =    -1362.6512096326 ( 1.E-05 , 0.E+00 )


  **************************************************
  *                                                *
  *       SINGLE-POINT DoNOF CALCULATION           *
  *                                                *
  *             FULL OPTIMIZATION                  *
  *                                                *
  *  FINAL RESULTS   FINAL RESULTS  FINAL RESULTS  *
  *                                                *
  **************************************************

  **************************************************
  *         No. EXTERNAL ITER =    86              *
  *         No. of TOTAL ITER =  6060              *
  **************************************************

  Elapsed real time :   2627.42  (Seconds)

 The execution finished at 16h 53min on the  2/ 6/2025
