 This is the parallel version of the code
 This is the parallel version of the code
 This is the parallel version of the code
 This is the parallel version of the code
 This is the parallel version of the code
 This is the parallel version of the code
 This is the parallel version of the code
 This is the parallel version of the code
Master:    0

 The execution started at  9h 23min on the 12/ 5/2024

    ===========================================================
    !                                                         !
    !                        Do N O F                         !
    !                                                         !
    !  (Donostia Natural Orbital Functional Software Program) !
    !                                                         !
    !               COPYRIGHT by Mario Piris                  !
    !                                                         !
    !      Donostia International Physics Center (DIPC)       !
    !       University of the Basque Country (UPV/EHU)        !
    !       Basque Foundation for Science (IKERBASQUE)        !
    !                                                         !
    !          GNU General Public License version 3           !
    !                                                         !
    !                  VERSION: Mayo 2024                     !
    !                                                         !
    ===========================================================

 Run Title
 ---------
 p30-5 set                                                                       

 Basis Set
 ---------
 /beegfs_agamede/gscratch/povmieci/SCRATCH/66745/def2-svp.bas                    

 Atom      Charge                Coordinates (Bohr)
                           x             y             z
 C           6.0        1.1123       -0.3483        2.9947
 B           5.0       -2.7057        0.3920        0.0590
 B           5.0       -1.6721       -0.2573        3.2060
 H           1.0        0.9618        2.3716       -2.7193
 SI         14.0        1.3420       -3.4154       -2.4441
 F           9.0        6.4618        2.9695       -0.2842
 H           1.0        3.9780       -2.1044       -2.4501
 B           5.0        0.1030       -1.3421        0.4777
 H           1.0       -0.0933       -1.1754       -4.2225
 H           1.0       -2.8312        1.9343        1.8950
 H           1.0       -4.7541       -0.4534       -0.6921
 B           5.0       -0.4644        0.5821       -2.4548
 SI         14.0       -3.8108        2.3023       -3.0112
 MG         12.0        3.7519        1.0156       -0.1368
 H           1.0        2.5044       -1.0089        4.3520
 CL         17.0       -3.8834       -1.4621        5.4308

 Atomic Basis Set
 ----------------
 The contracted primitive functions were unnormalized
 The contracted basis functions are now normalized to unity

  Shell Type  Primitive         Exponent  Contraction Coefficient

 C         

      1   S       1          1238.4016938    0.005517365048
      1   S       2           186.2900499    0.041088828556
      1   S       3            42.2511763    0.182253821265
      1   S       4            11.6765579    0.468284594374
      1   S       5             3.5930506    0.445758173360

      2   S       6             0.4024515    1.000000000000

      3   S       7             0.1309018    1.000000000000

      4   P       8             9.4680971    0.056888332011
      4   P       9             2.0103545    0.312940593365
      4   P      10             0.5477100    0.760650165091

      5   P      11             0.1526861    1.000000000000

      6   D      12             0.8000000    1.000000000000

 B         

      7   S      13           839.3183009   -0.005628883598
      7   S      14           126.2646484   -0.041832794610
      7   S      15            28.6206008   -0.184174881258
      7   S      16             7.8793723   -0.468396550281
      7   S      17             2.4088857   -0.444579308833

      8   S      18             0.2510511    1.000000000000

      9   S      19             0.0836489    1.000000000000

     10   P      20             6.0332224   -0.054032500323
     10   P      21             1.2499158   -0.301940343932
     10   P      22             0.3387168   -0.771707916582

     11   P      23             0.0964156    1.000000000000

     12   D      24             0.5000000    1.000000000000

 B         

     13   S      25           839.3183009   -0.005628883598
     13   S      26           126.2646484   -0.041832794610
     13   S      27            28.6206008   -0.184174881258
     13   S      28             7.8793723   -0.468396550281
     13   S      29             2.4088857   -0.444579308833

     14   S      30             0.2510511    1.000000000000

     15   S      31             0.0836489    1.000000000000

     16   P      32             6.0332224   -0.054032500323
     16   P      33             1.2499158   -0.301940343932
     16   P      34             0.3387168   -0.771707916582

     17   P      35             0.0964156    1.000000000000

     18   D      36             0.5000000    1.000000000000

 H         

     19   S      37            13.0107010    0.033485484813
     19   S      38             1.9622572    0.234721870881
     19   S      39             0.4445380    0.813770285260

     20   S      40             0.1219496    1.000000000000

     21   P      41             0.8000000    1.000000000000

 SI        

     22   S      42          6903.7118686    0.005584465887
     22   S      43          1038.4346419    0.041742284436
     22   S      44           235.8758148    0.187528023742
     22   S      45            66.0693852    0.478678596587
     22   S      46            20.2479458    0.429256952162

     23   S      47            34.3534817    0.089834899465
     23   S      48             3.6370788   -0.545685958777
     23   S      49             1.4002049   -0.524810829267

     24   S      50             0.2048441    1.000000000000

     25   S      51             0.0779941    1.000000000000

     26   P      52           179.8390737    0.010133498379
     26   P      53            41.9072588    0.071029041096
     26   P      54            12.9552944    0.255839142169
     26   P      55             4.4383267    0.481498047149
     26   P      56             1.5462248    0.385211960064

     27   P      57             0.3560761    1.000000000000

     28   P      58             0.1000851    1.000000000000

     29   D      59             0.3500000    1.000000000000

 F         

     30   S      60          2894.8325990   -0.005349321176
     30   S      61           435.4193912   -0.039967734372
     30   S      62            98.8433289   -0.179412617888
     30   S      63            27.4851980   -0.468324686869
     30   S      64             8.5405498   -0.447241605328

     31   S      65             1.0654578    1.000000000000

     32   S      66             0.3324735    1.000000000000

     33   P      67            22.6966339   -0.064782148241
     33   P      68             4.9872339   -0.340357853553
     33   P      69             1.3491614   -0.734858153660

     34   P      70             0.3482988    1.000000000000

     35   D      71             1.4000000    1.000000000000

 H         

     36   S      72            13.0107010    0.033485484813
     36   S      73             1.9622572    0.234721870881
     36   S      74             0.4445380    0.813770285260

     37   S      75             0.1219496    1.000000000000

     38   P      76             0.8000000    1.000000000000

 B         

     39   S      77           839.3183009   -0.005628883598
     39   S      78           126.2646484   -0.041832794610
     39   S      79            28.6206008   -0.184174881258
     39   S      80             7.8793723   -0.468396550281
     39   S      81             2.4088857   -0.444579308833

     40   S      82             0.2510511    1.000000000000

     41   S      83             0.0836489    1.000000000000

     42   P      84             6.0332224   -0.054032500323
     42   P      85             1.2499158   -0.301940343932
     42   P      86             0.3387168   -0.771707916582

     43   P      87             0.0964156    1.000000000000

     44   D      88             0.5000000    1.000000000000

 H         

     45   S      89            13.0107010    0.033485484813
     45   S      90             1.9622572    0.234721870881
     45   S      91             0.4445380    0.813770285260

     46   S      92             0.1219496    1.000000000000

     47   P      93             0.8000000    1.000000000000

 H         

     48   S      94            13.0107010    0.033485484813
     48   S      95             1.9622572    0.234721870881
     48   S      96             0.4445380    0.813770285260

     49   S      97             0.1219496    1.000000000000

     50   P      98             0.8000000    1.000000000000

 H         

     51   S      99            13.0107010    0.033485484813
     51   S     100             1.9622572    0.234721870881
     51   S     101             0.4445380    0.813770285260

     52   S     102             0.1219496    1.000000000000

     53   P     103             0.8000000    1.000000000000

 B         

     54   S     104           839.3183009   -0.005628883598
     54   S     105           126.2646484   -0.041832794610
     54   S     106            28.6206008   -0.184174881258
     54   S     107             7.8793723   -0.468396550281
     54   S     108             2.4088857   -0.444579308833

     55   S     109             0.2510511    1.000000000000

     56   S     110             0.0836489    1.000000000000

     57   P     111             6.0332224   -0.054032500323
     57   P     112             1.2499158   -0.301940343932
     57   P     113             0.3387168   -0.771707916582

     58   P     114             0.0964156    1.000000000000

     59   D     115             0.5000000    1.000000000000

 SI        

     60   S     116          6903.7118686    0.005584465887
     60   S     117          1038.4346419    0.041742284436
     60   S     118           235.8758148    0.187528023742
     60   S     119            66.0693852    0.478678596587
     60   S     120            20.2479458    0.429256952162

     61   S     121            34.3534817    0.089834899465
     61   S     122             3.6370788   -0.545685958777
     61   S     123             1.4002049   -0.524810829267

     62   S     124             0.2048441    1.000000000000

     63   S     125             0.0779941    1.000000000000

     64   P     126           179.8390737    0.010133498379
     64   P     127            41.9072588    0.071029041096
     64   P     128            12.9552944    0.255839142169
     64   P     129             4.4383267    0.481498047149
     64   P     130             1.5462248    0.385211960064

     65   P     131             0.3560761    1.000000000000

     66   P     132             0.1000851    1.000000000000

     67   D     133             0.3500000    1.000000000000

 MG        

     68   S     134          4953.8339196   -0.005730348253
     68   S     135           745.1804415   -0.042769871122
     68   S     136           169.2160497   -0.191096515460
     68   S     137            47.3006720   -0.482411503269
     68   S     138            14.4613370   -0.422007266852

     69   S     139            24.7681748    0.087115605721
     69   S     140             2.4940945   -0.546373693218
     69   S     141             0.8780758   -0.529320757859

     70   S     142             0.0872128    1.000000000000

     71   S     143             0.0335993    1.000000000000

     72   P     144            98.0530105   -0.014480564601
     72   P     145            22.5869323   -0.095495750787
     72   P     146             6.8391510   -0.307876726509
     72   P     147             2.2332844   -0.499362928859
     72   P     148             0.7160660   -0.315034762129

     73   P     149             0.1891480    1.000000000000

     74   P     150             0.0537688    1.000000000000

     75   D     151             0.1010000    1.000000000000

 H         

     76   S     152            13.0107010    0.033485484813
     76   S     153             1.9622572    0.234721870881
     76   S     154             0.4445380    0.813770285260

     77   S     155             0.1219496    1.000000000000

     78   P     156             0.8000000    1.000000000000

 CL        

     79   S     157         10449.8275660    0.005426595379
     79   S     158          1571.7365221    0.040626378129
     79   S     159           357.1206552    0.183597478529
     79   S     160           100.2518594    0.474389487682
     79   S     161            30.8127276    0.437351811041

     80   S     162            51.9237894   -0.092754154848
     80   S     163             5.7045761    0.563808255442
     80   S     164             2.3508377    0.503670446297

     81   S     165             0.4460512    1.000000000000

     82   S     166             0.1684886    1.000000000000

     83   P     167           307.6679057   -0.008879702559
     83   P     168            72.1020155   -0.064284071721
     83   P     169            22.5326803   -0.242887397360
     83   P     170             7.8991765   -0.483408363699
     83   P     171             2.8767268   -0.389525638755

     84   P     172             0.7745936    1.000000000000

     85   P     173             0.2103770    1.000000000000

     86   D     174             0.6500000    1.000000000000

 Total Number of Basis Set Shells             =   86
 Total Number of Primitives                   =  174
 Number of Cartesian Gaussian Basis Functions =  196
 Number of Electrons                          =   98
 Charge of Molecule                           =    0
 Spin Multiplicity                            =    1
 Number of Occupied Orbitals (Alpha)          =   49
 Number of Occupied Orbitals (Beta )          =   49
 Total Number of Atoms                        =   16

 Input Run Options
 -----------------
 IRUNTYP = 1  MULT = 1  ICHARG =  0 IECP = 0  IEMOM = 1  UNITS = ANGS    

 Integral Options
 ----------------
 CUTOFF = 1.0E-09   ISCHWZ = 1   ERITYP = FULL

 Input NOF Options
 -----------------

 Type of calculation =    Coeff. Opt.:   (ICOEF)         1
 Use Softmax function for Occ. Opt.:     (ISOFTMAX)      1
 Type of Orb. Opt. = Orbital Rotations:  (IORBOPT)       4
 Maximum Number of Occ-Coef Outer Iter.: (MAXIT)      1000

 Natural Orbital Functional Selected:    (IPNOF)         5

 Restart calculation Option:             (RESTART)       F
 Restart Gamma Matrix from GCF file:     (INPUTGAMMA)    0
 Coefficient Matrix from GCF file:       (INPUTC)        0
 Diagonal Elements FMIUG from GCF file:  (INPUTFMIUG)    0
 Cartesian Coordinates from GCF file:    (INPUTCXYZ)     0

 Hartree-Fock Calc. using ID Method:     (HFID)          T
 Threshold Energy Convergence=10**(-N):  (NTHRESHEID)    8
 Max. Number of External Iterations:     (MAXITID)     100
 Ion. Potentials by Koopmans Theorem:    (KOOPMANS)      0
 Orthogonalize the initial Orbitals:     (ORTHO)         T

 Output Option:                          (NPRINT)        0
 Output the Coefficient Matrix:          (IWRITEC)       0
 Do a Mulliken Population Analysis:      (IMULPOP)       0
 Write Information into a WFN file:      (IAIMPAC)       1
 Write Information into a FCHK file:     (IFCHK)         1
 Write Information into a MLP file:      (MOLDEN)        1
 Create Ini. Cond. (ini.xyz) file:       (INICOND)       1
 Calculate IPs using Ext. Koopmans Theo: (IEKT)          0
 Write APSG expansion coefficient file:  (APSG)          F
 Output option for Lagrange Multipliers: (PRINTLAG)      F
 Diagonalize matrix of Lag. Multipliers: (DIAGLAG)       F

------------------------------------------------------------------------

 Orbital Space
 -------------

 Inactive Doubly occupied orbitals up to NO1  =    0
 No. considered Strongly Doubly occupied MOs  =   49
 No. considered Strongly Singly occupied MOs  =    0
 No. of Weakly occ. per St. Doubly occ.  MOs  =    3
 Dimension of the Active Nat. Orb. subspace   =  196
 Secondary Empty orbitals                     =    0

 1e- integrals
 -------------
 Time to do integrals =      0.01
 Guess for MOs = HCORE
         7 MOs were matched and         1 equalized to zero

 Orthonormality violations:      26, Maximum Violation:  0.000003
 Orthogonalize the orbitals

 No violations of the orthonormality

 2e- integrals
 -------------
 DONTW option skips storage 2e- integrals on Unit 1
           117279443 2e- integrals in     1 records
 Time to do integrals =      7.20

 RHF SCF Calculation
 -------------------
 EXTRAP=T  DAMP=T  DIIS=T
 DMat Conv = 1.0E-05  Ener Tol = 1.0E-08
 Ener Conv = 1.0E-10  DMat Tol = 2.0E-05
 DIIS Conv = 1.0E-07  DMat Tol = 2.0E-05

 ITER      TOTAL ENERGY        E CHANGE     DEN. CHANGE    DIIS ERROR
   1    -1390.7023917275 -1390.7023917275 117.671822150   1.606303231
   2    -1300.6376553888    90.0647363388  90.894541184   3.201262815
   3    -1409.2361609740  -108.5985055852   0.211714435   0.623563115
   4    -1409.2837232871    -0.0475623131   3.369364167   0.622426822
   5    -1409.9956876317    -0.7119643447   3.247847384   0.604770736
   6    -1410.6325983432    -0.6369107115   3.807452040   0.595404789
   7    -1411.3524146753    -0.7198163320   3.510044873   0.594676769
   8    -1412.0105536040    -0.6581389287   3.828807865   0.595113232
   9    -1412.7395501969    -0.7289965929   3.467442454   0.596672689
  10    -1413.4223228277    -0.6827726307   3.569746097   0.598931257
  11    -1414.1602035056    -0.7378806780   3.218617234   0.601945237
  12    -1414.8671007179    -0.7068972122   3.165862671   0.605086361
  13    -1415.6127243537    -0.7456236359   2.861882142   0.608350905
  14    -1416.3410356300    -0.7283112763   2.721098495   0.611200804
  15    -1417.0929332599    -0.7518976299   2.477235437   0.613527821
  16    -1417.8388305196    -0.7458972597   2.303801704   0.615003305
  17    -1418.5954100532    -0.7565795335   2.120339812   0.615492866
  18    -1419.3545278910    -0.7591178379   1.965054522   0.614872263
  19    -1420.1194551593    -0.7649272683   1.835320961   0.613104107
  20    -1420.8929760651    -0.7735209058   1.729352132   0.610218229
  21    -1421.6775539934    -0.7845779283   1.645999523   0.606327388
  22    -1422.4755141446    -0.7979601512   1.584649705   0.601646014
  23    -1423.2893106210    -0.8137964764   1.545346397   0.596510641
  24    -1424.1220235629    -0.8327129418   1.529650045   0.591398203
  25    -1424.9784339001    -0.8564103372   1.544258290   0.586929218
  26    -1425.8675701364    -0.8891362363   1.615157932   0.583803322
  27    -1426.8089680307    -0.9413978943   2.574685552   0.582426816
  28    -1427.8453845641    -1.0364165334   4.042008455   0.581195132
  29    -1429.0790616639    -1.2336770998  15.495329149   0.571425309
  30    -1432.4875013045    -3.4084396406   1.809382413   0.528405004
  31    -1433.4486587650    -0.9611574605  18.332945494   0.524911522
  32    -1440.2458977804    -6.7972390154  25.024836986   0.386738991
  33    -1209.5268609363   230.7190368441  17.239984637   3.277653504
  34    -1371.0082520558  -161.4813911195  16.955697342   1.674783280
  35    -1390.4225248149   -19.4142727591  20.078544149   1.458950381
  36    -1418.4236075915   -28.0010827765   2.912845539   1.051340846
  37    -1435.2894181863   -16.8658105948   1.514844000   1.309802574
  38    -1443.8660095064    -8.5765913201   3.736019026   1.249609668
  39    -1451.7843820452    -7.9183725388   2.347380366   1.089009525
  40    -1460.1303650706    -8.3459830254   5.580322593   0.854106803
  41    -1471.0005056462   -10.8701405756  16.704515236   0.603284062
  42    -1441.7480805367    29.2524251095  16.936491211   0.458712631
  43    -1472.1689245228   -30.4208439861   0.875512323   0.386956353
  44    -1473.7318139789    -1.5628894561   0.691530903   0.375663314
  45    -1475.4620417853    -1.7302278064   0.250373716   0.219414364
  46    -1475.8597972784    -0.3977554931   0.159597070   0.039407300
  47    -1475.8945231753    -0.0347258969   0.044686036   0.012381725
  48    -1475.9018379388    -0.0073147634   0.008817201   0.008854470
  49    -1475.9028620892    -0.0010241504   0.015911130   0.002178478
  50    -1475.9032721178    -0.0004100286   0.007968328   0.002139882
  51    -1475.9033888761    -0.0001167583   0.004531289   0.001040246
  52    -1475.9034248400    -0.0000359639   0.001540471   0.000188030
  53    -1475.9034303898    -0.0000055498   0.000568363   0.000122391
  54    -1475.9034316390    -0.0000012491   0.000494791   0.000063047
  55    -1475.9034320863    -0.0000004473   0.000123519   0.000028604
  56    -1475.9034321433    -0.0000000570   0.000047021   0.000011561
  57    -1475.9034321528    -0.0000000095   0.000029969   0.000005538
  58    -1475.9034321551    -0.0000000023   0.000013150   0.000002229
  59    -1475.9034321555    -0.0000000004   0.000002844   0.000000381

          -----------------
          DENSITY CONVERGED
          -----------------

 FINAL RHF ENERGY IS    -1475.9034321555 AFTER  59 ITERATIONS

         WAVEFUNCTION NORMALIZATION =       1.0000000000

                ONE ELECTRON ENERGY =   -3445.0739100600
                TWO ELECTRON ENERGY =    1264.9564976256
           NUCLEAR REPULSION ENERGY =     704.2139802789
                                      ------------------
                   RHF TOTAL ENERGY =   -1475.9034321555

 ELECTRON-ELECTRON POTENTIAL ENERGY =    1264.9564976256
  NUCLEUS-ELECTRON POTENTIAL ENERGY =   -4917.9500291783
   NUCLEUS-NUCLEUS POTENTIAL ENERGY =     704.2139802789
                                      ------------------
             TOTAL POTENTIAL ENERGY =   -2948.7795512738
               TOTAL KINETIC ENERGY =    1472.8761191184
                 VIRIAL RATIO (V/T) =       2.0020553752

 Distribution Full ERIs:

 Integrals:                         117279443
 Max size per slaves:                14659932
 Max size in master:                131939375


  HARTREE-FOCK 
 ==============

  ITER     ELECTRONIC ENERGY      TOTAL ENERGY   ENERGY CONVERGENCY    MAX MUL-LAG DIFF


  -------------
   HF Energies 
  -------------

                   (aU)              (eV)
     1        -104.803195       -2851.839971
     2         -68.825071       -1872.825436
     3         -68.784998       -1871.734972
     4         -49.070278       -1335.270163
     5         -26.182317        -712.457077
     6         -11.246607        -306.035750
     7         -10.557213        -287.276389
     8          -8.032945        -218.587541
     9          -8.030616        -218.524182
    10          -8.030409        -218.518554
    11          -7.694011        -209.364681
    12          -7.652374        -208.231685
    13          -7.643098        -207.979287
    14          -7.636683        -207.804721
    15          -6.186094        -168.332175
    16          -6.147766        -167.289214
    17          -4.292874        -116.815039
    18          -4.291551        -116.779050
    19          -4.290320        -116.745538
    20          -4.255920        -115.809467
    21          -4.254615        -115.773960
    22          -4.254053        -115.758664
    23          -3.812674        -103.748128
    24          -2.337126         -63.596424
    25          -2.336569         -63.581278
    26          -2.335830         -63.561177
    27          -1.417540         -38.573216
    28          -1.106937         -30.121298
    29          -1.019148         -27.732436
    30          -0.903618         -24.588694
    31          -0.817592         -22.247815
    32          -0.741812         -20.185729
    33          -0.670923         -18.256744
    34          -0.647750         -17.626177
    35          -0.613037         -16.681584
    36          -0.587862         -15.996538
    37          -0.569671         -15.501535
    38          -0.561733         -15.285543
    39          -0.541269         -14.728674
    40          -0.540725         -14.713883
    41          -0.523721         -14.251171
    42          -0.501506         -13.646669
    43          -0.488953         -13.305085
    44          -0.459641         -12.507473
    45          -0.440190         -11.978180
    46          -0.413537         -11.252919
    47          -0.386181         -10.508531
    48          -0.339995          -9.251735
    49          -0.301904          -8.215238

    ELECTRONIC HF ENERGY =    -2180.1174124344

         HF TOTAL ENERGY =    -1475.9034321555

  ------------------
   HF Dipole Moment
  ------------------

     13.3103 Debye [   5.2367  (   0.9312,  -0.6798,  -5.1082) ]
    1       0     -2180.1174122886    -1475.9034320097     0.0000001458           0.000001


  RESULTS OF THE OCCUPATION OPTIMIZATION
 ========================================

   OM     Occupation      Elag Diag

    1      2.0000000    -26.1823170
    2      2.0000000    -11.2466074
    3      2.0000000    -10.5572135
    4      2.0000000     -8.0329447
    5      2.0000000     -8.0306163
    6      2.0000000     -8.0304094
    7      2.0000000     -7.6940108
    8      2.0000000     -7.6523739
    9      2.0000000     -7.6430985
   10      2.0000000     -7.6366833
   11      2.0000000     -6.1860939
   12      2.0000000     -6.1477658
   13      2.0000000     -4.2928739
   14      2.0000000     -4.2915513
   15      2.0000000     -4.2903198
   16      2.0000000     -4.2559198
   17      2.0000000     -4.2546149
   18      2.0000000     -4.2540528
   19      2.0000000     -3.8126737
   20      2.0000000     -2.3371257
   21      2.0000000     -2.3365691
   22      2.0000000     -2.3358304
   23      2.0000000     -1.4175396
   24      2.0000000     -1.1069374
   25      2.0000000     -1.0191483
   26      2.0000000     -0.9036179
   27      2.0000000     -0.8175922
   28      2.0000000     -0.7418119
   29      2.0000000     -0.6709230
   30      2.0000000     -0.6477501
   31      2.0000000     -0.6130369
   32      2.0000000     -0.5878620
   33      2.0000000     -0.5696710
   34      2.0000000     -0.5617334
   35      2.0000000     -0.5412688
   36      2.0000000     -0.5407253
   37      2.0000000     -0.5237209
   38      2.0000000     -0.5015059
   39      2.0000000     -0.4889529
   40      2.0000000     -0.4596412
   41      2.0000000     -0.4401900
   42      2.0000000     -0.4135372
   43      2.0000000     -0.3861814
   44      2.0000000     -0.3399950
   45      2.0000000     -0.3019044
   46      2.0000000    -49.0702777
   47      2.0000000   -104.8031951
   48      2.0000000    -68.8250713
   49      2.0000000    -68.7849975
   50      0.0000000     -0.0000000
   51      0.0000000     -0.0000000
   52      0.0000000     -0.0000000
   53      0.0000000     -0.0000000
   54      0.0000000     -0.0000000
   55      0.0000000     -0.0000000
   56      0.0000000     -0.0000000
   57      0.0000000     -0.0000000
   58      0.0000000     -0.0000000
   59      0.0000000     -0.0000000
   60      0.0000000     -0.0000000
   61      0.0000000     -0.0000000
   62      0.0000000     -0.0000000
   63      0.0000000     -0.0000000
   64      0.0000000     -0.0000000
   65      0.0000000     -0.0000000
   66      0.0000000     -0.0000000
   67      0.0000000     -0.0000000
   68      0.0000000     -0.0000000
   69      0.0000000     -0.0000000
   70      0.0000000     -0.0000000
   71      0.0000000     -0.0000000
   72      0.0000000     -0.0000000
   73      0.0000000     -0.0000000
   74      0.0000000     -0.0000000
   75      0.0000000     -0.0000000
   76      0.0000000     -0.0000000
   77      0.0000000     -0.0000000
   78      0.0000000     -0.0000000
   79      0.0000000     -0.0000000
   80      0.0000000     -0.0000000
   81      0.0000000     -0.0000000
   82      0.0000000     -0.0000000
   83      0.0000000     -0.0000000
   84      0.0000000     -0.0000000
   85      0.0000000     -0.0000000
   86      0.0000000     -0.0000000
   87      0.0000000     -0.0000000
   88      0.0000000     -0.0000000
   89      0.0000000     -0.0000000
   90      0.0000000     -0.0000000
   91      0.0000000     -0.0000000
   92      0.0000000     -0.0000000
   93      0.0000000     -0.0000000
   94      0.0000000     -0.0000000
   95      0.0000000     -0.0000000
   96      0.0000000     -0.0000000
   97      0.0000000     -0.0000000
   98      0.0000000     -0.0000000
   99      0.0000000     -0.0000000
  100      0.0000000     -0.0000000
  101      0.0000000     -0.0000000
  102      0.0000000     -0.0000000
  103      0.0000000     -0.0000000
  104      0.0000000     -0.0000000
  105      0.0000000     -0.0000000
  106      0.0000000     -0.0000000
  107      0.0000000     -0.0000000
  108      0.0000000     -0.0000000
  109      0.0000000     -0.0000000
  110      0.0000000     -0.0000000
  111      0.0000000     -0.0000000
  112      0.0000000     -0.0000000
  113      0.0000000     -0.0000000
  114      0.0000000     -0.0000000
  115      0.0000000     -0.0000000
  116      0.0000000     -0.0000000
  117      0.0000000     -0.0000000
  118      0.0000000     -0.0000000
  119      0.0000000     -0.0000000
  120      0.0000000     -0.0000000
  121      0.0000000     -0.0000000
  122      0.0000000     -0.0000000
  123      0.0000000     -0.0000000
  124      0.0000000     -0.0000000
  125      0.0000000     -0.0000000
  126      0.0000000     -0.0000000
  127      0.0000000     -0.0000000
  128      0.0000000     -0.0000000
  129      0.0000000     -0.0000000
  130      0.0000000     -0.0000000
  131      0.0000000     -0.0000000
  132      0.0000000     -0.0000000
  133      0.0000000     -0.0000000
  134      0.0000000     -0.0000000
  135      0.0000000     -0.0000000
  136      0.0000000     -0.0000000
  137      0.0000000     -0.0000000
  138      0.0000000     -0.0000000
  139      0.0000000     -0.0000000
  140      0.0000000     -0.0000000
  141      0.0000000     -0.0000000
  142      0.0000000     -0.0000000
  143      0.0000000     -0.0000000
  144      0.0000000     -0.0000000
  145      0.0000000     -0.0000000
  146      0.0000000     -0.0000000
  147      0.0000000     -0.0000000
  148      0.0000000     -0.0000000
  149      0.0000000     -0.0000000
  150      0.0000000     -0.0000000
  151      0.0000000     -0.0000000
  152      0.0000000     -0.0000000
  153      0.0000000     -0.0000000
  154      0.0000000     -0.0000000
  155      0.0000000     -0.0000000
  156      0.0000000     -0.0000000
  157      0.0000000     -0.0000000
  158      0.0000000     -0.0000000
  159      0.0000000     -0.0000000
  160      0.0000000     -0.0000000
  161      0.0000000     -0.0000000
  162      0.0000000     -0.0000000
  163      0.0000000     -0.0000000
  164      0.0000000     -0.0000000
  165      0.0000000     -0.0000000
  166      0.0000000     -0.0000000
  167      0.0000000     -0.0000000
  168      0.0000000     -0.0000000
  169      0.0000000     -0.0000000
  170      0.0000000     -0.0000000
  171      0.0000000     -0.0000000
  172      0.0000000     -0.0000000
  173      0.0000000     -0.0000000
  174      0.0000000     -0.0000000
  175      0.0000000     -0.0000000
  176      0.0000000     -0.0000000
  177      0.0000000     -0.0000000
  178      0.0000000     -0.0000000
  179      0.0000000     -0.0000000
  180      0.0000000     -0.0000000
  181      0.0000000     -0.0000000
  182      0.0000000     -0.0000000
  183      0.0000000     -0.0000000
  184      0.0000000     -0.0000000
  185      0.0000000     -0.0000000
  186      0.0000000     -0.0000000
  187      0.0000000     -0.0000000
  188      0.0000000     -0.0000000
  189      0.0000000     -0.0000000
  190      0.0000000     -0.0000000
  191      0.0000000     -0.0000000
  192      0.0000000     -0.0000000
  193      0.0000000     -0.0000000
  194      0.0000000     -0.0000000
  195      0.0000000     -0.0000000
  196      0.0000000     -0.0000000

   RO Sum (  98) =   98.00

  ---------------
   Dipole Moment
  ---------------

      3.1600 Debye [   1.2432  (  -1.1063,  -0.2882,  -0.4886) ]

 ----------------
  Final Energies  
 ----------------

         HF Total Energy =    -1475.9034321555
  Final NOF Total Energy =    -1475.9034320097 ( 1.E-06 , 0.E+00 )
      Correlation Energy =        0.0000001458



  **************************************************
  *                                                *
  *       SINGLE-POINT DoNOF CALCULATION           *
  *                                                *
  *             FULL OPTIMIZATION                  *
  *                                                *
  *  FINAL RESULTS   FINAL RESULTS  FINAL RESULTS  *
  *                                                *
  **************************************************

  **************************************************
  *         No. EXTERNAL ITER =     1              *
  *         No. of TOTAL ITER =     0              *
  **************************************************

  Elapsed real time :    200.74  (Seconds)
  Git sha : bcb372acca69df19ae91719c988dea244a3c3d1c                                                            

 The execution finished at  9h 26min on the 12/ 5/2024
