 This is the parallel version of the code
 This is the parallel version of the code
 This is the parallel version of the code
 This is the parallel version of the code
 This is the parallel version of the code
 This is the parallel version of the code
 This is the parallel version of the code
 This is the parallel version of the code
 This is the parallel version of the code
 This is the parallel version of the code
 This is the parallel version of the code
 This is the parallel version of the code
Master:    0

 The execution started at 10h 33min on the  1/ 3/2025

    ===========================================================
    !                                                         !
    !                        Do N O F                         !
    !                                                         !
    !  (Donostia Natural Orbital Functional Software Program) !
    !                                                         !
    !               COPYRIGHT by Mario Piris                  !
    !                                                         !
    !      Donostia International Physics Center (DIPC)       !
    !       University of the Basque Country (UPV/EHU)        !
    !       Basque Foundation for Science (IKERBASQUE)        !
    !                                                         !
    !          GNU General Public License version 3           !
    !                                                         !
    !                  VERSION: Mayo 2024                     !
    !                                                         !
    ===========================================================

 Run Title
 ---------
 p30-20 set                                                                      

 Basis Set
 ---------
 /beegfs_agamede/gscratch/povmieci/SCRATCH/81895/def2-svp.bas                    

 Atom      Charge                Coordinates (Bohr)
                           x             y             z
 SI         14.0        0.8069       -0.1808       -3.3057
 H           1.0       -1.1633       -1.0070        2.9121
 N           7.0        2.7351        0.9063        2.6242
 H           1.0        1.7041       -3.2060        1.6188
 F           9.0       -4.6434        1.8304        0.9406
 B           5.0        0.8443       -0.9662        1.8423
 F           9.0       -1.8846       -4.2491       -0.6253
 B           5.0        0.6684       -3.3039       -0.8374
 B           5.0        1.6150        2.5912        0.7538
 H           1.0       -3.0350        5.9307       -1.8182
 H           1.0        4.5755        0.4368        2.2994
 H           1.0        2.1616       -4.8590       -1.5112
 H           1.0       -1.8826        1.0185       -2.8264
 AL         13.0       -2.0659        3.5966       -0.2349
 LI          3.0       -3.7051       -1.4350        0.5846
 S          16.0        3.2691        2.8966       -2.4166

 Atomic Basis Set
 ----------------
 The contracted primitive functions were unnormalized
 The contracted basis functions are now normalized to unity

  Shell Type  Primitive         Exponent  Contraction Coefficient

 SI        

      1   S       1          6903.7118686    0.005584465887
      1   S       2          1038.4346419    0.041742284436
      1   S       3           235.8758148    0.187528023742
      1   S       4            66.0693852    0.478678596587
      1   S       5            20.2479458    0.429256952162

      2   S       6            34.3534817    0.089834899465
      2   S       7             3.6370788   -0.545685958777
      2   S       8             1.4002049   -0.524810829267

      3   S       9             0.2048441    1.000000000000

      4   S      10             0.0779941    1.000000000000

      5   P      11           179.8390737    0.010133498379
      5   P      12            41.9072588    0.071029041096
      5   P      13            12.9552944    0.255839142169
      5   P      14             4.4383267    0.481498047149
      5   P      15             1.5462248    0.385211960064

      6   P      16             0.3560761    1.000000000000

      7   P      17             0.1000851    1.000000000000

      8   D      18             0.3500000    1.000000000000

 H         

      9   S      19            13.0107010    0.033485484813
      9   S      20             1.9622572    0.234721870881
      9   S      21             0.4445380    0.813770285260

     10   S      22             0.1219496    1.000000000000

     11   P      23             0.8000000    1.000000000000

 N         

     12   S      24          1712.8415853   -0.005447799580
     12   S      25           257.6481268   -0.040627174632
     12   S      26            58.4582459   -0.181119622506
     12   S      27            16.1983679   -0.468439755632
     12   S      28             5.0052601   -0.446168462892

     13   S      29             0.5873186    1.000000000000

     14   S      30             0.1876459    1.000000000000

     15   P      31            13.5714702   -0.058848116970
     15   P      32             2.9257373   -0.320246247625
     15   P      33             0.7992775   -0.753282265204

     16   P      34             0.2195435    1.000000000000

     17   D      35             1.0000000    1.000000000000

 H         

     18   S      36            13.0107010    0.033485484813
     18   S      37             1.9622572    0.234721870881
     18   S      38             0.4445380    0.813770285260

     19   S      39             0.1219496    1.000000000000

     20   P      40             0.8000000    1.000000000000

 F         

     21   S      41          2894.8325990   -0.005349321176
     21   S      42           435.4193912   -0.039967734372
     21   S      43            98.8433289   -0.179412617888
     21   S      44            27.4851980   -0.468324686869
     21   S      45             8.5405498   -0.447241605328

     22   S      46             1.0654578    1.000000000000

     23   S      47             0.3324735    1.000000000000

     24   P      48            22.6966339   -0.064782148241
     24   P      49             4.9872339   -0.340357853553
     24   P      50             1.3491614   -0.734858153660

     25   P      51             0.3482988    1.000000000000

     26   D      52             1.4000000    1.000000000000

 B         

     27   S      53           839.3183009   -0.005628883598
     27   S      54           126.2646484   -0.041832794610
     27   S      55            28.6206008   -0.184174881258
     27   S      56             7.8793723   -0.468396550281
     27   S      57             2.4088857   -0.444579308833

     28   S      58             0.2510511    1.000000000000

     29   S      59             0.0836489    1.000000000000

     30   P      60             6.0332224   -0.054032500323
     30   P      61             1.2499158   -0.301940343932
     30   P      62             0.3387168   -0.771707916582

     31   P      63             0.0964156    1.000000000000

     32   D      64             0.5000000    1.000000000000

 F         

     33   S      65          2894.8325990   -0.005349321176
     33   S      66           435.4193912   -0.039967734372
     33   S      67            98.8433289   -0.179412617888
     33   S      68            27.4851980   -0.468324686869
     33   S      69             8.5405498   -0.447241605328

     34   S      70             1.0654578    1.000000000000

     35   S      71             0.3324735    1.000000000000

     36   P      72            22.6966339   -0.064782148241
     36   P      73             4.9872339   -0.340357853553
     36   P      74             1.3491614   -0.734858153660

     37   P      75             0.3482988    1.000000000000

     38   D      76             1.4000000    1.000000000000

 B         

     39   S      77           839.3183009   -0.005628883598
     39   S      78           126.2646484   -0.041832794610
     39   S      79            28.6206008   -0.184174881258
     39   S      80             7.8793723   -0.468396550281
     39   S      81             2.4088857   -0.444579308833

     40   S      82             0.2510511    1.000000000000

     41   S      83             0.0836489    1.000000000000

     42   P      84             6.0332224   -0.054032500323
     42   P      85             1.2499158   -0.301940343932
     42   P      86             0.3387168   -0.771707916582

     43   P      87             0.0964156    1.000000000000

     44   D      88             0.5000000    1.000000000000

 B         

     45   S      89           839.3183009   -0.005628883598
     45   S      90           126.2646484   -0.041832794610
     45   S      91            28.6206008   -0.184174881258
     45   S      92             7.8793723   -0.468396550281
     45   S      93             2.4088857   -0.444579308833

     46   S      94             0.2510511    1.000000000000

     47   S      95             0.0836489    1.000000000000

     48   P      96             6.0332224   -0.054032500323
     48   P      97             1.2499158   -0.301940343932
     48   P      98             0.3387168   -0.771707916582

     49   P      99             0.0964156    1.000000000000

     50   D     100             0.5000000    1.000000000000

 H         

     51   S     101            13.0107010    0.033485484813
     51   S     102             1.9622572    0.234721870881
     51   S     103             0.4445380    0.813770285260

     52   S     104             0.1219496    1.000000000000

     53   P     105             0.8000000    1.000000000000

 H         

     54   S     106            13.0107010    0.033485484813
     54   S     107             1.9622572    0.234721870881
     54   S     108             0.4445380    0.813770285260

     55   S     109             0.1219496    1.000000000000

     56   P     110             0.8000000    1.000000000000

 H         

     57   S     111            13.0107010    0.033485484813
     57   S     112             1.9622572    0.234721870881
     57   S     113             0.4445380    0.813770285260

     58   S     114             0.1219496    1.000000000000

     59   P     115             0.8000000    1.000000000000

 H         

     60   S     116            13.0107010    0.033485484813
     60   S     117             1.9622572    0.234721870881
     60   S     118             0.4445380    0.813770285260

     61   S     119             0.1219496    1.000000000000

     62   P     120             0.8000000    1.000000000000

 AL        

     63   S     121          5887.5727030    0.005651978962
     63   S     122           885.6122600    0.042218253427
     63   S     123           201.1360490    0.189187196726
     63   S     124            56.2849747    0.480435911881
     63   S     125            17.2295512    0.425872684294

     64   S     126            29.3402499    0.088568603239
     64   S     127             3.0439630   -0.543157066723
     64   S     128             1.1285540   -0.529385510294

     65   S     129             0.1423418    1.000000000000

     66   S     130             0.0544002    1.000000000000

     67   P     131           145.1191881    0.010726377859
     67   P     132            33.7178948    0.074103623546
     67   P     133            10.3698631    0.261296213060
     67   P     134             3.5135616    0.480201235327
     67   P     135             1.1980050    0.384382240624

     68   P     136             0.2658301    1.000000000000

     69   P     137             0.0710034    1.000000000000

     70   D     138             0.3000000    1.000000000000

 LI        

     71   S     139           266.2778552    0.006354286535
     71   S     140            40.0697834    0.046734889363
     71   S     141             9.0559944    0.198387923560
     71   S     142             2.4503009    0.475753833454
     71   S     143             0.7220957    0.427014289368

     72   S     144             0.0528109    1.000000000000

     73   S     145             0.0209609    1.000000000000

     74   P     146             1.4500000    0.224912327222
     74   P     147             0.3000000    0.869730577039

     75   P     148             0.0820000    1.000000000000

 S         

     76   S     149          9184.9303010   -0.005472946613
     76   S     150          1381.5105503   -0.040954402155
     76   S     151           313.8714758   -0.184758289562
     76   S     152            88.0538706   -0.475672806440
     76   S     153            27.0399149   -0.434951535842

     77   S     154            45.6487313   -0.091904045809
     77   S     155             4.9664522    0.556987772145
     77   S     156             2.0116242    0.511154682985

     78   S     157             0.3566108    1.000000000000

     79   S     158             0.1350722    1.000000000000

     80   P     159           261.9823344   -0.009183054659
     80   P     160            61.3068947   -0.065902226526
     80   P     161            19.1037299   -0.245877845187
     80   P     162             6.6567720   -0.482314710760
     80   P     163             2.3959635   -0.389563143514

     81   P     164             0.6177616    1.000000000000

     82   P     165             0.1699338    1.000000000000

     83   D     166             0.5500000    1.000000000000

 Total Number of Basis Set Shells             =   83
 Total Number of Primitives                   =  166
 Number of Cartesian Gaussian Basis Functions =  186
 Number of Electrons                          =   92
 Charge of Molecule                           =    0
 Spin Multiplicity                            =    1
 Number of Occupied Orbitals (Alpha)          =   46
 Number of Occupied Orbitals (Beta )          =   46
 Total Number of Atoms                        =   16

 Input Run Options
 -----------------
 IRUNTYP = 1  MULT = 1  ICHARG =  0 IECP = 0  IEMOM = 1  UNITS = ANGS    

 Integral Options
 ----------------
 CUTOFF = 1.0E-09   ISCHWZ = 1   ERITYP = FULL

 Input NOF Options
 -----------------

 Type of calculation =    Coeff. Opt.:   (ICOEF)         1
 Trigonometric functions for Occ. Opt.:  (ISOFTMAX)      0
 Type of Orb. Opt. = Orbital Rotations:  (IORBOPT)       4
 Maximum Number of Occ-Coef Outer Iter.: (MAXIT)      1000

 Natural Orbital Functional Selected:    (IPNOF)         5

 Restart calculation Option:             (RESTART)       T

 Hartree-Fock Calc. using ID Method:     (HFID)          T
 Threshold Energy Convergence=10**(-N):  (NTHRESHEID)    8
 Max. Number of External Iterations:     (MAXITID)     100
 Ion. Potentials by Koopmans Theorem:    (KOOPMANS)      0
 Orthogonalize the initial Orbitals:     (ORTHO)         T

 Output Option:                          (NPRINT)        0
 Output the Coefficient Matrix:          (IWRITEC)       0
 Do a Mulliken Population Analysis:      (IMULPOP)       0
 Write Information into a WFN file:      (IAIMPAC)       1
 Write Information into a FCHK file:     (IFCHK)         1
 Write Information into a MLP file:      (MOLDEN)        1
 Create Ini. Cond. (ini.xyz) file:       (INICOND)       1
 Calculate IPs using Ext. Koopmans Theo: (IEKT)          0
 Write APSG expansion coefficient file:  (APSG)          F
 Output option for Lagrange Multipliers: (PRINTLAG)      F
 Diagonalize matrix of Lag. Multipliers: (DIAGLAG)       F

 Nuclear Coordinates from GCF file:
 ----------------------------------

 Atom      Charge                Coordinates (Bohr)
                           x             y             z
 SI      14.00000        0.8069       -0.1808       -3.3057
 H        1.00000       -1.1633       -1.0070        2.9121
 N        7.00000        2.7351        0.9063        2.6242
 H        1.00000        1.7041       -3.2060        1.6188
 F        9.00000       -4.6434        1.8304        0.9406
 B        5.00000        0.8443       -0.9662        1.8423
 F        9.00000       -1.8846       -4.2491       -0.6253
 B        5.00000        0.6684       -3.3039       -0.8374
 B        5.00000        1.6150        2.5912        0.7538
 H        1.00000       -3.0350        5.9307       -1.8182
 H        1.00000        4.5755        0.4368        2.2994
 H        1.00000        2.1616       -4.8590       -1.5112
 H        1.00000       -1.8826        1.0185       -2.8264
 AL      13.00000       -2.0659        3.5966       -0.2349
 LI       3.00000       -3.7051       -1.4350        0.5846
 S       16.00000        3.2691        2.8966       -2.4166

------------------------------------------------------------------------

 Orbital Space
 -------------

 Inactive Doubly occupied orbitals up to NO1  =    0
 No. considered Strongly Doubly occupied MOs  =   46
 No. considered Strongly Singly occupied MOs  =    0
 No. of Weakly occ. per St. Doubly occ.  MOs  =    3
 Dimension of the Active Nat. Orb. subspace   =  184
 Secondary Empty orbitals                     =    2

 1e- integrals
 -------------
 Time to do integrals =      0.01
 Guess for MOs = HCORE
        17 MOs were matched and         0 equalized to zero

 No violations of the orthonormality

 2e- integrals
 -------------
 DONTW option skips storage 2e- integrals on Unit 1
           100219992 2e- integrals in     1 records
 Time to do integrals =      6.50

 RHF SCF Calculation
 -------------------
 EXTRAP=T  DAMP=T  DIIS=T
 DMat Conv = 1.0E-05  Ener Tol = 1.0E-08
 Ener Conv = 1.0E-10  DMat Tol = 2.0E-05
 DIIS Conv = 1.0E-07  DMat Tol = 2.0E-05

 ITER      TOTAL ENERGY        E CHANGE     DEN. CHANGE    DIIS ERROR
   1    -1188.4415152389 -1188.4415152389 120.318779113   2.115455827
   2    -1169.9997338628    18.4417813762 115.849133060   0.670528734
   3    -1218.7257274016   -48.7259935389  39.770434418   0.442219439
   4    -1060.9648200213   157.7609073804  10.249710176   0.789259880
   5    -1206.0323848909  -145.0675648697   4.729522644   0.518682109
   6    -1262.6314899629   -56.5991050719   1.858193602   0.261508501
   7    -1264.5364339807    -1.9049440178   1.001475387   0.248895734
   8    -1266.3050771652    -1.7686431845   0.125651439   0.027299266
   9    -1266.3483939355    -0.0433167703   0.040084022   0.015245390
  10    -1266.3571432391    -0.0087493036   0.029437194   0.004681750
  11    -1266.3583677500    -0.0012245109   0.011148482   0.001886111
  12    -1266.3585754268    -0.0002076768   0.004578554   0.000559814
  13    -1266.3585973879    -0.0000219611   0.003247847   0.000159148
  14    -1266.3586024940    -0.0000051061   0.002317870   0.000094339
  15    -1266.3586037011    -0.0000012071   0.000710339   0.000033710
  16    -1266.3586038994    -0.0000001984   0.000339883   0.000012232
  17    -1266.3586039303    -0.0000000309   0.000084853   0.000004374
  18    -1266.3586039343    -0.0000000040   0.000038480   0.000002196
  19    -1266.3586039350    -0.0000000006   0.000005214   0.000000854

          -----------------
          DENSITY CONVERGED
          -----------------

 FINAL RHF ENERGY IS    -1266.3586039350 AFTER  19 ITERATIONS

         WAVEFUNCTION NORMALIZATION =       1.0000000000

                ONE ELECTRON ENERGY =   -3147.8981619478
                TWO ELECTRON ENERGY =    1181.9966674840
           NUCLEAR REPULSION ENERGY =     699.5428905289
                                      ------------------
                   RHF TOTAL ENERGY =   -1266.3586039350

 ELECTRON-ELECTRON POTENTIAL ENERGY =    1181.9966674840
  NUCLEUS-ELECTRON POTENTIAL ENERGY =   -4411.1504615661
   NUCLEUS-NUCLEUS POTENTIAL ENERGY =     699.5428905289
                                      ------------------
             TOTAL POTENTIAL ENERGY =   -2529.6109035532
               TOTAL KINETIC ENERGY =    1263.2522996182
                 VIRIAL RATIO (V/T) =       2.0024589738

 Distribution Full ERIs:

 Integrals:                         100219992
 Max size per slaves:                 8351668
 Max size in master:                108571660

 No violations of the orthonormality


  HARTREE-FOCK 
 ==============

  ITER     ELECTRONIC ENERGY      TOTAL ENERGY   ENERGY CONVERGENCY    MAX MUL-LAG DIFF

    2.        -1897.170934       -1197.628044        68.69333276           0.726661
    3.        -1820.232558       -1120.689667        76.93837690           1.144694
    4.        -1903.935361       -1204.392471       -83.70280370           1.093002
    5.        -1840.308382       -1140.765491        63.62697929           2.737691
    6.        -1740.981704       -1041.438814        99.32667771          12.133446
    7.        -1550.055484        -850.512593       190.92622055          19.446556
    8.        -1931.198059       -1231.655169      -381.14257562           2.980414
    9.        -1957.063600       -1257.520709       -25.86554070           0.444420
   10.        -1960.848195       -1261.305305        -3.78459536           0.164261
   11.        -1962.534844       -1262.991953        -1.68664867           0.129229
   12.        -1963.431947       -1263.889056        -0.89710260           0.109826
   13.        -1963.830247       -1264.287357        -0.39830082           0.102194
   14.        -1964.269563       -1264.726672        -0.43931534           0.085765
   15.        -1964.561863       -1265.018973        -0.29230042           0.068988
   16.        -1964.760782       -1265.217891        -0.19891851           0.058524
   17.        -1964.901216       -1265.358326        -0.14043443           0.050323
   18.        -1965.005113       -1265.462223        -0.10389716           0.040384
   19.        -1965.084483       -1265.541593        -0.07936997           0.033736
   20.        -1965.147351       -1265.604461        -0.06286800           0.030944
   21.        -1965.201002       -1265.658112        -0.05365118           0.028545
   22.        -1965.245320       -1265.702429        -0.04431746           0.028808
   23.        -1965.285577       -1265.742686        -0.04025699           0.022843
   24.        -1965.320975       -1265.778084        -0.03539784           0.022874
   25.        -1965.353044       -1265.810154        -0.03206934           0.024216
   26.        -1965.383260       -1265.840370        -0.03021601           0.021240
   27.        -1965.408528       -1265.865638        -0.02526810           0.019363
   28.        -1965.432621       -1265.889730        -0.02409255           0.017950
   29.        -1965.454120       -1265.911229        -0.02149929           0.018841
   30.        -1965.472227       -1265.929337        -0.01810710           0.015467
   31.        -1965.489230       -1265.946339        -0.01700271           0.016067
   32.        -1965.504828       -1265.961937        -0.01559771           0.015214
   33.        -1965.517697       -1265.974807        -0.01286993           0.017231
   34.        -1965.529356       -1265.986465        -0.01165836           0.014272
   35.        -1965.539817       -1265.996927        -0.01046135           0.016136
   36.        -1965.549614       -1266.006723        -0.00979651           0.013480
   37.        -1965.558385       -1266.015494        -0.00877098           0.012971
   38.        -1965.566362       -1266.023472        -0.00797780           0.013168
   39.        -1965.573871       -1266.030980        -0.00750806           0.012245
   40.        -1965.580505       -1266.037614        -0.00663436           0.013283
   41.        -1965.586658       -1266.043767        -0.00615280           0.011679
   42.        -1965.592994       -1266.050103        -0.00633582           0.013622
   43.        -1965.599210       -1266.056320        -0.00621661           0.012595
   44.        -1965.605133       -1266.062243        -0.00592331           0.013818
   45.        -1965.611313       -1266.068423        -0.00617990           0.011838
   46.        -1965.617425       -1266.074534        -0.00611144           0.012933
   47.        -1965.623299       -1266.080409        -0.00587463           0.012748
   48.        -1965.629759       -1266.086869        -0.00645993           0.013340
   49.        -1965.636513       -1266.093622        -0.00675346           0.012684
   50.        -1965.643433       -1266.100542        -0.00692019           0.013080
   51.        -1965.650161       -1266.107271        -0.00672831           0.013819
   52.        -1965.657286       -1266.114395        -0.00712434           0.013880
   53.        -1965.662573       -1266.119683        -0.00528782           0.016848
   54.        -1965.670454       -1266.127563        -0.00788027           0.014288
   55.        -1965.678861       -1266.135971        -0.00840762           0.014676
   56.        -1965.684333       -1266.141442        -0.00547167           0.013000
   57.        -1965.692930       -1266.150040        -0.00859729           0.014243
   58.        -1965.698976       -1266.156086        -0.00604610           0.017013
   59.        -1965.705266       -1266.162375        -0.00628950           0.014006
   60.        -1965.711741       -1266.168851        -0.00647544           0.014483
   61.        -1965.718480       -1266.175589        -0.00673829           0.016922
   62.        -1965.728045       -1266.185154        -0.00956506           0.013167
   63.        -1965.737284       -1266.194394        -0.00923945           0.014374
   64.        -1965.743476       -1266.200586        -0.00619218           0.016278
   65.        -1965.750068       -1266.207178        -0.00659187           0.016146
   66.        -1965.759708       -1266.216818        -0.00964010           0.013586
   67.        -1965.765618       -1266.222728        -0.00591005           0.018106
   68.        -1965.772358       -1266.229467        -0.00673922           0.017078
   69.        -1965.781373       -1266.238482        -0.00901547           0.014584
   70.        -1965.787237       -1266.244346        -0.00586399           0.013804
   71.        -1965.795839       -1266.252949        -0.00860227           0.013182
   72.        -1965.804144       -1266.261253        -0.00830466           0.013896
   73.        -1965.809683       -1266.266792        -0.00553890           0.013874
   74.        -1965.816681       -1266.273791        -0.00699840           0.013833
   75.        -1965.822869       -1266.279979        -0.00618785           0.015493
   76.        -1965.829658       -1266.286767        -0.00678845           0.013375
   77.        -1965.835797       -1266.292907        -0.00613962           0.012015
   78.        -1965.839789       -1266.296898        -0.00399169           0.012298
   79.        -1965.843496       -1266.300606        -0.00370727           0.014563
   80.        -1965.848915       -1266.306025        -0.00541892           0.011181
   81.        -1965.853772       -1266.310881        -0.00485670           0.011274
   82.        -1965.857995       -1266.315104        -0.00422301           0.011731
   83.        -1965.862110       -1266.319219        -0.00411489           0.011432
   84.        -1965.864891       -1266.322000        -0.00278112           0.009929
   85.        -1965.868538       -1266.325647        -0.00364696           0.010459
   86.        -1965.870707       -1266.327816        -0.00216885           0.010113
   87.        -1965.872682       -1266.329791        -0.00197504           0.010548
   88.        -1965.874665       -1266.331775        -0.00198379           0.010419
   89.        -1965.877419       -1266.334528        -0.00275334           0.008279
   90.        -1965.879673       -1266.336782        -0.00225423           0.007600
   91.        -1965.881248       -1266.338357        -0.00157503           0.008742
   92.        -1965.883312       -1266.340422        -0.00206445           0.008625
   93.        -1965.884640       -1266.341749        -0.00132738           0.007910
   94.        -1965.885789       -1266.342899        -0.00114961           0.006856
   95.        -1965.887340       -1266.344450        -0.00155072           0.007999
   96.        -1965.888440       -1266.345550        -0.00110027           0.007735
   97.        -1965.889392       -1266.346501        -0.00095127           0.005668
   98.        -1965.890332       -1266.347441        -0.00093990           0.005992
   99.        -1965.891100       -1266.348210        -0.00076849           0.005889
  100.        -1965.892097       -1266.349207        -0.00099714           0.006688


  RESULTS OF OCCUPATION-COEFFICIENT OPTIMIZATION
 ================================================

  Ex It  Orb It    Electronic Energy     Total Energy   Energy Convergency    Max Mul-Lag Diff

    1      10     -1966.1115728710    -1266.5686823421     0.0000000000           0.034159
    2      20     -1966.1713357488    -1266.6284452200    -0.0597628778           0.004631
    3      20     -1966.1980468420    -1266.6551563131    -0.0267110931           0.004278
    4      20     -1966.2106967301    -1266.6678062012    -0.0126498881           0.003296
    5      20     -1966.2198754406    -1266.6769849117    -0.0091787105           0.002877
    6      20     -1966.2279875900    -1266.6850970611    -0.0081121493           0.002730
    7      20     -1966.2356267352    -1266.6927362063    -0.0076391453           0.002852
    8      20     -1966.2427705141    -1266.6998799852    -0.0071437789           0.003014
    9      20     -1966.2494535599    -1266.7065630310    -0.0066830457           0.002965
   10      20     -1966.2556206522    -1266.7127301233    -0.0061670923           0.002977
   11      20     -1966.2628341911    -1266.7199436623    -0.0072135389           0.003838
   12      20     -1966.2679797950    -1266.7250892661    -0.0051456039           0.004658
   13      20     -1966.2725221377    -1266.7296316088    -0.0045423427           0.004806
   14      20     -1966.2766353173    -1266.7337447885    -0.0041131796           0.005156
   15      20     -1966.2800828658    -1266.7371923369    -0.0034475484           0.003733
   16      20     -1966.2833014947    -1266.7404109658    -0.0032186290           0.003667
   17      20     -1966.2856916128    -1266.7428010839    -0.0023901181           0.004927
   18      20     -1966.2875820586    -1266.7446915297    -0.0018904458           0.007570
   19      20     -1966.2893462324    -1266.7464557035    -0.0017641738           0.008161
   20      20     -1966.2905269723    -1266.7476364434    -0.0011807399           0.007239
   21      20     -1966.2915998505    -1266.7487093217    -0.0010728783           0.005117
   22      20     -1966.2931325719    -1266.7502420430    -0.0015327213           0.008635
   23      20     -1966.2948526258    -1266.7519620969    -0.0017200539           0.008151
   24      20     -1966.2955126000    -1266.7526220711    -0.0006599743           0.006415
   25      20     -1966.2960294977    -1266.7531389688    -0.0005168976           0.003104
   26      20     -1966.2964351314    -1266.7535446025    -0.0004056338           0.003218
   27      20     -1966.2967615965    -1266.7538710676    -0.0003264651           0.003245
   28      20     -1966.2970165986    -1266.7541260697    -0.0002550021           0.002659
   29      20     -1966.2972128140    -1266.7543222851    -0.0001962154           0.003289
   30      20     -1966.2973592389    -1266.7544687100    -0.0001464249           0.003283
   31      20     -1966.2974718569    -1266.7545813280    -0.0001126180           0.004315
   32      20     -1966.2975577085    -1266.7546671796    -0.0000858516           0.007415
   33      20     -1966.2976221479    -1266.7547316190    -0.0000644394           0.007917
   34      20     -1966.2977251970    -1266.7548346681    -0.0001030491           0.005706
   35      20     -1966.2978222606    -1266.7549317318    -0.0000970636           0.007023
   36      20     -1966.2979189512    -1266.7550284223    -0.0000966906           0.007329
   37      20     -1966.2980599377    -1266.7551694088    -0.0001409865           0.007234
   38      20     -1966.2987677793    -1266.7558772504    -0.0007078416           0.007152
   39      20     -1966.2988697315    -1266.7559792026    -0.0001019522           0.005736
   40      20     -1966.2989338975    -1266.7560433686    -0.0000641660           0.002809
   41      20     -1966.2993626656    -1266.7564721367    -0.0004287681           0.004195
   42      20     -1966.2994449533    -1266.7565544244    -0.0000822877           0.005362
   43      20     -1966.2994817648    -1266.7565912359    -0.0000368115           0.002744
   44      20     -1966.2995127908    -1266.7566222619    -0.0000310260           0.003591
   45      20     -1966.2995299532    -1266.7566394243    -0.0000171624           0.002404
   46      20     -1966.2995519142    -1266.7566613853    -0.0000219610           0.002388
   47      20     -1966.2995705780    -1266.7566800491    -0.0000186639           0.003513
   48      20     -1966.2995940829    -1266.7567035540    -0.0000235048           0.002884
   49      20     -1966.2995934466    -1266.7567029177     0.0000006363           0.004813
   50      30     -1966.2996621196    -1266.7567715907    -0.0000686730           0.000181
   51       0                  NaN                 NaN              NaN           0.000000
   52      40     -1966.2996781326    -1266.7567876037              NaN           0.000028
   53      40     -1966.2999380139    -1266.7570474850    -0.0002598813           0.000117
   54      40     -1966.3002721807    -1266.7573816518    -0.0003341668           0.000114
   55      40     -1966.3003022383    -1266.7574117094    -0.0000300576           0.000090
   56      40     -1966.3003181251    -1266.7574275962    -0.0000158868           0.000065
   57      40     -1966.3003312894    -1266.7574407605    -0.0000131643           0.000063
   58      40     -1966.3006684679    -1266.7577779390    -0.0003371785           0.000081
   59      40     -1966.3012039525    -1266.7583134236    -0.0005354846           0.000078
   60      40     -1966.3012164371    -1266.7583259082    -0.0000124846           0.000073
   61      40     -1966.3012164834    -1266.7583259545    -0.0000000463           0.000073


  RESULTS OF THE OCCUPATION OPTIMIZATION
 ========================================

   OM     Occupation      Elag Diag

    1      2.0000000    -75.2883733
    2      2.0000000    -75.0939256
    3      2.0000000    -66.3476819
    4      2.0000000     -9.0341983
    5      2.0000000     -6.6664527
    6      2.0000000     -4.2500425
    7      1.9999961     -4.2556819
    8      1.9999928     -3.2225712
    9      1.9999893     -7.4397739
   10      1.9999823    -26.3323340
   11      1.9999801    -26.2939450
   12      1.9999730     -8.0879631
   13      1.9999533     -5.1146142
   14      1.9999379     -3.6055153
   15      1.9999282     -5.2757393
   16      1.9999106    -15.5538605
   17      1.9998489     -3.8762617
   18      1.9998315     -3.8624061
   19      1.9997496     -7.6400040
   20      1.9997161     -7.6816970
   21      1.9997081     -7.6693770
   22      1.9993231     -2.4836766
   23      1.9947786     -0.6651303
   24      1.9930747     -0.8937926
   25      1.9924062     -0.8851608
   26      1.9922493     -0.9719371
   27      1.9917853     -0.9122980
   28      1.9916118     -0.9176371
   29      1.9911283     -0.8607835
   30      1.9907132     -0.9757052
   31      1.9896257     -0.8106726
   32      1.9894704     -0.7732008
   33      1.9889053     -0.5415276
   34      1.9886396     -1.0445267
   35      1.9877179     -0.5316322
   36      1.9868371     -0.5547719
   37      1.9868032     -0.5757994
   38      1.9844483     -0.6146260
   39      1.9806612     -0.7962892
   40      1.9801690     -0.5947909
   41      1.9785365     -0.6904418
   42      1.9785151     -0.5929066
   43      1.9781377     -0.6300140
   44      1.9768719     -0.4982349
   45      1.9730198     -0.4853356
   46      1.9654169     -0.3892189
   47      0.0013575     -0.0014875
   48      0.0014967     -0.0022484
   49      0.0007013     -0.0010810
   50      0.0010812     -0.0020614
   51      0.0011788     -0.0021541
   52      0.0008730     -0.0017749
   53      0.0010335     -0.0018553
   54      0.0004799     -0.0011953
   55      0.0000846     -0.0001821
   56      0.0002499     -0.0004639
   57      0.0001714     -0.0004184
   58      0.0006671     -0.0010384
   59      0.0000066     -0.0000237
   60      0.0002939     -0.0005080
   61      0.0050088     -0.0070931
   62      0.0000989     -0.0002808
   63      0.0000055     -0.0000173
   64      0.0002827     -0.0009822
   65      0.0000077     -0.0000227
   66      0.0002428     -0.0008598
   67      0.0000560     -0.0001758
   68      0.0000048     -0.0000132
   69      0.0049187     -0.0081945
   70      0.0014124     -0.0020724
   71      0.0000611     -0.0003716
   72      0.0000013     -0.0000248
   73      0.0000009     -0.0000157
   74      0.0000005     -0.0000086
   75      0.0000000     -0.0000003
   76      0.0000000     -0.0000001
   77      0.0000000     -0.0000011
   78      0.0000003     -0.0000008
   79      0.0000014     -0.0000025
   80      0.0000016     -0.0000004
   81      0.0000011     -0.0000009
   82      0.0000000     -0.0000000
   83      0.0000000     -0.0000001
   84      0.0000014     -0.0000002
   85      0.0000016      0.0000005
   86      0.0000010     -0.0000013
   87      0.0000000     -0.0000000
   88      0.0000000     -0.0000000
   89      0.0000000     -0.0000000
   90      0.0000000     -0.0000000
   91      0.0000000     -0.0000000
   92      0.0000000     -0.0000000
   93      0.0155952     -0.0062047
   94      0.0081601     -0.0050171
   95      0.0091181     -0.0053011
   96      0.0052364     -0.0045138
   97      0.0050119     -0.0041511
   98      0.0093207     -0.0074395
   99      0.0074812     -0.0055518
  100      0.0023762     -0.0029082
  101      0.0037277     -0.0030212
  102      0.0038303     -0.0027877
  103      0.0010585     -0.0013361
  104      0.0052784     -0.0035866
  105      0.0000586     -0.0001104
  106      0.0064699     -0.0046912
  107      0.0015457     -0.0014954
  108      0.0005856     -0.0009105
  109      0.0004643     -0.0010640
  110      0.0078606     -0.0101286
  111      0.0006140     -0.0013899
  112      0.0007053     -0.0015340
  113      0.0005192     -0.0011935
  114      0.0005976     -0.0013094
  115      0.0010944     -0.0017408
  116      0.0003255     -0.0002786
  117      0.0002617     -0.0007295
  118      0.0000060     -0.0000560
  119      0.0000071     -0.0000682
  120      0.0000028     -0.0000266
  121      0.0000028     -0.0000049
  122      0.0000025     -0.0000048
  123      0.0000007     -0.0000154
  124      0.0000050     -0.0000043
  125      0.0000093     -0.0000092
  126      0.0000079     -0.0000033
  127      0.0000029      0.0000004
  128      0.0000191     -0.0006133
  129      0.0000005     -0.0000011
  130      0.0000022      0.0000004
  131      0.0000020     -0.0000001
  132      0.0000013     -0.0000006
  133      0.0000000     -0.0000000
  134      0.0000000     -0.0000000
  135      0.0000000     -0.0000000
  136      0.0000000     -0.0000000
  137      0.0000000     -0.0000000
  138      0.0000000     -0.0000000
  139      0.0176304     -0.0068455
  140      0.0173234     -0.0097353
  141      0.0133086     -0.0074114
  142      0.0155448     -0.0106963
  143      0.0152942     -0.0102230
  144      0.0112698     -0.0084717
  145      0.0113163     -0.0077496
  146      0.0164827     -0.0146586
  147      0.0117394     -0.0081042
  148      0.0091166     -0.0059313
  149      0.0119330     -0.0094492
  150      0.0063366     -0.0045115
  151      0.0112952     -0.0146741
  152      0.0043310     -0.0031865
  153      0.0039751     -0.0030968
  154      0.0096898     -0.0097098
  155      0.0088170     -0.0117878
  156      0.0007283     -0.0015670
  157      0.0077665     -0.0105142
  158      0.0072666     -0.0098302
  159      0.0071754     -0.0101791
  160      0.0069915     -0.0096582
  161      0.0009122     -0.0013944
  162      0.0034835     -0.0022885
  163      0.0003541     -0.0009737
  164      0.0002846     -0.0027136
  165      0.0002760     -0.0026437
  166      0.0002471     -0.0023845
  167      0.0001656     -0.0008008
  168      0.0001486     -0.0007389
  169      0.0000886     -0.0016916
  170      0.0000665     -0.0004598
  171      0.0000515     -0.0002874
  172      0.0000372     -0.0002930
  173      0.0000229     -0.0002629
  174      0.0000008     -0.0000010
  175      0.0000171     -0.0005447
  176      0.0000071     -0.0000967
  177      0.0000036     -0.0000319
  178      0.0000016     -0.0000196
  179      0.0000000     -0.0000000
  180      0.0000000     -0.0000000
  181      0.0000000     -0.0000000
  182      0.0000000     -0.0000000
  183      0.0000000     -0.0000000
  184      0.0000000     -0.0000000

   RO Sum (  92) =   92.00

  ---------------
   Dipole Moment
  ---------------

      4.2572 Debye [   1.6749  (  -0.8498,  -0.9910,   1.0493) ]

 ----------------
  Final Energies  
 ----------------

         HF Total Energy =    -1266.3492067055
  Final NOF Total Energy =    -1266.7583259545 ( 7.E-05 , 0.E+00 )
      Correlation Energy =       -0.4091192490



  **************************************************
  *                                                *
  *       SINGLE-POINT DoNOF CALCULATION           *
  *                                                *
  *             FULL OPTIMIZATION                  *
  *                                                *
  *  FINAL RESULTS   FINAL RESULTS  FINAL RESULTS  *
  *                                                *
  **************************************************

  **************************************************
  *         No. EXTERNAL ITER =    61              *
  *         No. of TOTAL ITER =  1400              *
  **************************************************

  Elapsed real time :  41254.82  (Seconds)
  Git sha : bcb372acca69df19ae91719c988dea244a3c3d1c                                                            

 The execution finished at 22h  6min on the  1/ 3/2025
