 This is the parallel version of the code
 This is the parallel version of the code
 This is the parallel version of the code
 This is the parallel version of the code
 This is the parallel version of the code
 This is the parallel version of the code
 This is the parallel version of the code
 This is the parallel version of the code
Master:    0

 The execution started at 10h 33min on the  1/ 3/2025

    ===========================================================
    !                                                         !
    !                        Do N O F                         !
    !                                                         !
    !  (Donostia Natural Orbital Functional Software Program) !
    !                                                         !
    !               COPYRIGHT by Mario Piris                  !
    !                                                         !
    !      Donostia International Physics Center (DIPC)       !
    !       University of the Basque Country (UPV/EHU)        !
    !       Basque Foundation for Science (IKERBASQUE)        !
    !                                                         !
    !          GNU General Public License version 3           !
    !                                                         !
    !                  VERSION: Mayo 2024                     !
    !                                                         !
    ===========================================================

 Run Title
 ---------
 p30-20 set                                                                      

 Basis Set
 ---------
 /beegfs_agamede/gscratch/povmieci/SCRATCH/81899/def2-svp.bas                    

 Atom      Charge                Coordinates (Bohr)
                           x             y             z
 H           1.0        5.4712        4.5858        0.2696
 SI         14.0        6.1081        1.5990        5.1145
 H           1.0        1.6769       -2.7110        3.9274
 AL         13.0       -4.1531       -4.1452       -4.3015
 H           1.0       -5.7868        1.0064       -0.9949
 H           1.0        2.2444        2.3273       -0.7910
 SI         14.0        3.1500       -0.5368        2.9088
 H           1.0       -5.3761       -1.1933        1.1904
 N           7.0       -5.3221       -0.8522       -0.7156
 H           1.0        7.6442        6.3640        3.0932
 C           6.0        1.5090        0.6150        0.1132
 S          16.0       -7.6931       -2.8452       -2.2876
 F           9.0       -4.0764       -6.3204       -6.5466
 N           7.0       -0.5046       -0.3542       -0.9225
 B           5.0       -2.4519       -1.5315       -1.9029
 P          15.0        7.5604        3.9923        1.8455

 Atomic Basis Set
 ----------------
 The contracted primitive functions were unnormalized
 The contracted basis functions are now normalized to unity

  Shell Type  Primitive         Exponent  Contraction Coefficient

 H         

      1   S       1            13.0107010    0.033485484813
      1   S       2             1.9622572    0.234721870881
      1   S       3             0.4445380    0.813770285260

      2   S       4             0.1219496    1.000000000000

      3   P       5             0.8000000    1.000000000000

 SI        

      4   S       6          6903.7118686    0.005584465887
      4   S       7          1038.4346419    0.041742284436
      4   S       8           235.8758148    0.187528023742
      4   S       9            66.0693852    0.478678596587
      4   S      10            20.2479458    0.429256952162

      5   S      11            34.3534817    0.089834899465
      5   S      12             3.6370788   -0.545685958777
      5   S      13             1.4002049   -0.524810829267

      6   S      14             0.2048441    1.000000000000

      7   S      15             0.0779941    1.000000000000

      8   P      16           179.8390737    0.010133498379
      8   P      17            41.9072588    0.071029041096
      8   P      18            12.9552944    0.255839142169
      8   P      19             4.4383267    0.481498047149
      8   P      20             1.5462248    0.385211960064

      9   P      21             0.3560761    1.000000000000

     10   P      22             0.1000851    1.000000000000

     11   D      23             0.3500000    1.000000000000

 H         

     12   S      24            13.0107010    0.033485484813
     12   S      25             1.9622572    0.234721870881
     12   S      26             0.4445380    0.813770285260

     13   S      27             0.1219496    1.000000000000

     14   P      28             0.8000000    1.000000000000

 AL        

     15   S      29          5887.5727030    0.005651978962
     15   S      30           885.6122600    0.042218253427
     15   S      31           201.1360490    0.189187196726
     15   S      32            56.2849747    0.480435911881
     15   S      33            17.2295512    0.425872684294

     16   S      34            29.3402499    0.088568603239
     16   S      35             3.0439630   -0.543157066723
     16   S      36             1.1285540   -0.529385510294

     17   S      37             0.1423418    1.000000000000

     18   S      38             0.0544002    1.000000000000

     19   P      39           145.1191881    0.010726377859
     19   P      40            33.7178948    0.074103623546
     19   P      41            10.3698631    0.261296213060
     19   P      42             3.5135616    0.480201235327
     19   P      43             1.1980050    0.384382240624

     20   P      44             0.2658301    1.000000000000

     21   P      45             0.0710034    1.000000000000

     22   D      46             0.3000000    1.000000000000

 H         

     23   S      47            13.0107010    0.033485484813
     23   S      48             1.9622572    0.234721870881
     23   S      49             0.4445380    0.813770285260

     24   S      50             0.1219496    1.000000000000

     25   P      51             0.8000000    1.000000000000

 H         

     26   S      52            13.0107010    0.033485484813
     26   S      53             1.9622572    0.234721870881
     26   S      54             0.4445380    0.813770285260

     27   S      55             0.1219496    1.000000000000

     28   P      56             0.8000000    1.000000000000

 SI        

     29   S      57          6903.7118686    0.005584465887
     29   S      58          1038.4346419    0.041742284436
     29   S      59           235.8758148    0.187528023742
     29   S      60            66.0693852    0.478678596587
     29   S      61            20.2479458    0.429256952162

     30   S      62            34.3534817    0.089834899465
     30   S      63             3.6370788   -0.545685958777
     30   S      64             1.4002049   -0.524810829267

     31   S      65             0.2048441    1.000000000000

     32   S      66             0.0779941    1.000000000000

     33   P      67           179.8390737    0.010133498379
     33   P      68            41.9072588    0.071029041096
     33   P      69            12.9552944    0.255839142169
     33   P      70             4.4383267    0.481498047149
     33   P      71             1.5462248    0.385211960064

     34   P      72             0.3560761    1.000000000000

     35   P      73             0.1000851    1.000000000000

     36   D      74             0.3500000    1.000000000000

 H         

     37   S      75            13.0107010    0.033485484813
     37   S      76             1.9622572    0.234721870881
     37   S      77             0.4445380    0.813770285260

     38   S      78             0.1219496    1.000000000000

     39   P      79             0.8000000    1.000000000000

 N         

     40   S      80          1712.8415853   -0.005447799580
     40   S      81           257.6481268   -0.040627174632
     40   S      82            58.4582459   -0.181119622506
     40   S      83            16.1983679   -0.468439755632
     40   S      84             5.0052601   -0.446168462892

     41   S      85             0.5873186    1.000000000000

     42   S      86             0.1876459    1.000000000000

     43   P      87            13.5714702   -0.058848116970
     43   P      88             2.9257373   -0.320246247625
     43   P      89             0.7992775   -0.753282265204

     44   P      90             0.2195435    1.000000000000

     45   D      91             1.0000000    1.000000000000

 H         

     46   S      92            13.0107010    0.033485484813
     46   S      93             1.9622572    0.234721870881
     46   S      94             0.4445380    0.813770285260

     47   S      95             0.1219496    1.000000000000

     48   P      96             0.8000000    1.000000000000

 C         

     49   S      97          1238.4016938    0.005517365048
     49   S      98           186.2900499    0.041088828556
     49   S      99            42.2511763    0.182253821265
     49   S     100            11.6765579    0.468284594374
     49   S     101             3.5930506    0.445758173360

     50   S     102             0.4024515    1.000000000000

     51   S     103             0.1309018    1.000000000000

     52   P     104             9.4680971    0.056888332011
     52   P     105             2.0103545    0.312940593365
     52   P     106             0.5477100    0.760650165091

     53   P     107             0.1526861    1.000000000000

     54   D     108             0.8000000    1.000000000000

 S         

     55   S     109          9184.9303010   -0.005472946613
     55   S     110          1381.5105503   -0.040954402155
     55   S     111           313.8714758   -0.184758289562
     55   S     112            88.0538706   -0.475672806440
     55   S     113            27.0399149   -0.434951535842

     56   S     114            45.6487313   -0.091904045809
     56   S     115             4.9664522    0.556987772145
     56   S     116             2.0116242    0.511154682985

     57   S     117             0.3566108    1.000000000000

     58   S     118             0.1350722    1.000000000000

     59   P     119           261.9823344   -0.009183054659
     59   P     120            61.3068947   -0.065902226526
     59   P     121            19.1037299   -0.245877845187
     59   P     122             6.6567720   -0.482314710760
     59   P     123             2.3959635   -0.389563143514

     60   P     124             0.6177616    1.000000000000

     61   P     125             0.1699338    1.000000000000

     62   D     126             0.5500000    1.000000000000

 F         

     63   S     127          2894.8325990   -0.005349321176
     63   S     128           435.4193912   -0.039967734372
     63   S     129            98.8433289   -0.179412617888
     63   S     130            27.4851980   -0.468324686869
     63   S     131             8.5405498   -0.447241605328

     64   S     132             1.0654578    1.000000000000

     65   S     133             0.3324735    1.000000000000

     66   P     134            22.6966339   -0.064782148241
     66   P     135             4.9872339   -0.340357853553
     66   P     136             1.3491614   -0.734858153660

     67   P     137             0.3482988    1.000000000000

     68   D     138             1.4000000    1.000000000000

 N         

     69   S     139          1712.8415853   -0.005447799580
     69   S     140           257.6481268   -0.040627174632
     69   S     141            58.4582459   -0.181119622506
     69   S     142            16.1983679   -0.468439755632
     69   S     143             5.0052601   -0.446168462892

     70   S     144             0.5873186    1.000000000000

     71   S     145             0.1876459    1.000000000000

     72   P     146            13.5714702   -0.058848116970
     72   P     147             2.9257373   -0.320246247625
     72   P     148             0.7992775   -0.753282265204

     73   P     149             0.2195435    1.000000000000

     74   D     150             1.0000000    1.000000000000

 B         

     75   S     151           839.3183009   -0.005628883598
     75   S     152           126.2646484   -0.041832794610
     75   S     153            28.6206008   -0.184174881258
     75   S     154             7.8793723   -0.468396550281
     75   S     155             2.4088857   -0.444579308833

     76   S     156             0.2510511    1.000000000000

     77   S     157             0.0836489    1.000000000000

     78   P     158             6.0332224   -0.054032500323
     78   P     159             1.2499158   -0.301940343932
     78   P     160             0.3387168   -0.771707916582

     79   P     161             0.0964156    1.000000000000

     80   D     162             0.5000000    1.000000000000

 P         

     81   S     163          8002.4795106    0.005525555279
     81   S     164          1203.6813590    0.041326367171
     81   S     165           273.4422703    0.186070058991
     81   S     166            76.6555415    0.477107006766
     81   S     167            23.5169274    0.432247688783

     82   S     168            39.7916834    0.090954145513
     82   S     169             4.2770343   -0.550855656186
     82   S     170             1.6940257   -0.518269979075

     83   S     171             0.2756767    1.000000000000

     84   S     172             0.1049559    1.000000000000

     85   P     173           219.5075582    0.009573910140
     85   P     174            51.2741550    0.067993851914
     85   P     175            15.9215959    0.249832097533
     85   P     176             5.5069913    0.481481790475
     85   P     177             1.9537719    0.388697985432

     86   P     178             0.4780340    1.000000000000

     87   P     179             0.1365795    1.000000000000

     88   D     180             0.4500000    1.000000000000

 Total Number of Basis Set Shells             =   88
 Total Number of Primitives                   =  180
 Number of Cartesian Gaussian Basis Functions =  200
 Number of Electrons                          =  112
 Charge of Molecule                           =    0
 Spin Multiplicity                            =    1
 Number of Occupied Orbitals (Alpha)          =   56
 Number of Occupied Orbitals (Beta )          =   56
 Total Number of Atoms                        =   16

 Input Run Options
 -----------------
 IRUNTYP = 1  MULT = 1  ICHARG =  0 IECP = 0  IEMOM = 1  UNITS = ANGS    

 Integral Options
 ----------------
 CUTOFF = 1.0E-09   ISCHWZ = 1   ERITYP = FULL

 Input NOF Options
 -----------------

 Type of calculation =    Coeff. Opt.:   (ICOEF)         1
 Trigonometric functions for Occ. Opt.:  (ISOFTMAX)      0
 Type of Orb. Opt. = Orbital Rotations:  (IORBOPT)       4
 Maximum Number of Occ-Coef Outer Iter.: (MAXIT)      1000

 Natural Orbital Functional Selected:    (IPNOF)         5

 Restart calculation Option:             (RESTART)       T

 Hartree-Fock Calc. using ID Method:     (HFID)          T
 Threshold Energy Convergence=10**(-N):  (NTHRESHEID)    8
 Max. Number of External Iterations:     (MAXITID)     100
 Ion. Potentials by Koopmans Theorem:    (KOOPMANS)      0
 Orthogonalize the initial Orbitals:     (ORTHO)         T

 Output Option:                          (NPRINT)        0
 Output the Coefficient Matrix:          (IWRITEC)       0
 Do a Mulliken Population Analysis:      (IMULPOP)       0
 Write Information into a WFN file:      (IAIMPAC)       1
 Write Information into a FCHK file:     (IFCHK)         1
 Write Information into a MLP file:      (MOLDEN)        1
 Create Ini. Cond. (ini.xyz) file:       (INICOND)       1
 Calculate IPs using Ext. Koopmans Theo: (IEKT)          0
 Write APSG expansion coefficient file:  (APSG)          F
 Output option for Lagrange Multipliers: (PRINTLAG)      F
 Diagonalize matrix of Lag. Multipliers: (DIAGLAG)       F

 Nuclear Coordinates from GCF file:
 ----------------------------------

 Atom      Charge                Coordinates (Bohr)
                           x             y             z
 H        1.00000        5.4712        4.5858        0.2696
 SI      14.00000        6.1081        1.5990        5.1145
 H        1.00000        1.6769       -2.7110        3.9274
 AL      13.00000       -4.1531       -4.1452       -4.3015
 H        1.00000       -5.7868        1.0064       -0.9949
 H        1.00000        2.2444        2.3273       -0.7910
 SI      14.00000        3.1500       -0.5368        2.9088
 H        1.00000       -5.3761       -1.1933        1.1904
 N        7.00000       -5.3221       -0.8522       -0.7156
 H        1.00000        7.6442        6.3640        3.0932
 C        6.00000        1.5090        0.6150        0.1132
 S       16.00000       -7.6931       -2.8452       -2.2876
 F        9.00000       -4.0764       -6.3204       -6.5466
 N        7.00000       -0.5046       -0.3542       -0.9225
 B        5.00000       -2.4519       -1.5315       -1.9029
 P       15.00000        7.5604        3.9923        1.8455

------------------------------------------------------------------------

 Orbital Space
 -------------

 Inactive Doubly occupied orbitals up to NO1  =    0
 No. considered Strongly Doubly occupied MOs  =   56
 No. considered Strongly Singly occupied MOs  =    0
 No. of Weakly occ. per St. Doubly occ.  MOs  =    2
 Dimension of the Active Nat. Orb. subspace   =  168
 Secondary Empty orbitals                     =   32

 1e- integrals
 -------------
 Time to do integrals =      0.01
 Guess for MOs = HCORE
         7 MOs were matched and         8 equalized to zero

 No violations of the orthonormality

 2e- integrals
 -------------
 DONTW option skips storage 2e- integrals on Unit 1
            66660898 2e- integrals in     1 records
 Time to do integrals =      3.92

 RHF SCF Calculation
 -------------------
 EXTRAP=T  DAMP=T  DIIS=T
 DMat Conv = 1.0E-05  Ener Tol = 1.0E-08
 Ener Conv = 1.0E-10  DMat Tol = 2.0E-05
 DIIS Conv = 1.0E-07  DMat Tol = 2.0E-05

 ITER      TOTAL ENERGY        E CHANGE     DEN. CHANGE    DIIS ERROR
   1    -1755.5143957962 -1755.5143957962  71.561387989   1.958196546
   2    -1620.8604422806   134.6539535156  71.911259648   0.979473815
   3    -1654.6708730980   -33.8104308174   0.200678453   1.301227542
   4    -1657.0663675740    -2.3954944760   5.813377244   1.293375344
   5    -1781.2020965471  -124.1357289731   0.032570824   0.573998444
   6    -1781.3553846993    -0.1532881523   0.355138461   0.572136594
   7    -1783.8889319873    -2.5335472880   0.277638390   0.538998533
   8    -1787.0012441027    -3.1123121153  26.227538147   0.498365187
   9    -1438.9288109028   348.0724331999  24.418756812   1.437971269
  10    -1785.9421798578  -347.0133689550   5.017544014   0.505639855
  11    -1773.5780795557    12.3641003021   3.953823502   0.595864744
  12    -1808.5482244721   -34.9701449163   0.929940672   0.443110836
  13    -1812.1297963279    -3.5815718558   3.112312613   0.429776812
  14    -1830.6312623550   -18.5014660271   0.954217526   0.187326544
  15    -1829.4001018751     1.2311604799   0.840868059   0.245475433
  16    -1831.6590504406    -2.2589485654   0.099723153   0.042819183
  17    -1831.7348628604    -0.0758124199   0.071474420   0.014962986
  18    -1831.7460100004    -0.0111471399   0.033363101   0.009490542
  19    -1831.7502934398    -0.0042834394   0.024434844   0.006538026
  20    -1831.7523145651    -0.0020211253   0.009967636   0.002250760
  21    -1831.7527245774    -0.0004100123   0.003824940   0.001236588
  22    -1831.7528689594    -0.0001443820   0.002866046   0.000470157
  23    -1831.7529188344    -0.0000498750   0.001974385   0.000261114
  24    -1831.7529282417    -0.0000094073   0.000421255   0.000095269
  25    -1831.7529290131    -0.0000007714   0.000160454   0.000036697
  26    -1831.7529291676    -0.0000001544   0.000119942   0.000021306
  27    -1831.7529292128    -0.0000000452   0.000045210   0.000008835
  28    -1831.7529292195    -0.0000000067   0.000010791   0.000002516
  29    -1831.7529292201    -0.0000000006   0.000009308   0.000002113

          -----------------
          DENSITY CONVERGED
          -----------------

 FINAL RHF ENERGY IS    -1831.7529292201 AFTER  29 ITERATIONS

         WAVEFUNCTION NORMALIZATION =       1.0000000000

                ONE ELECTRON ENERGY =   -4137.2421018535
                TWO ELECTRON ENERGY =    1501.9828640096
           NUCLEAR REPULSION ENERGY =     803.5063086238
                                      ------------------
                   RHF TOTAL ENERGY =   -1831.7529292201

 ELECTRON-ELECTRON POTENTIAL ENERGY =    1501.9828640096
  NUCLEUS-ELECTRON POTENTIAL ENERGY =   -5965.1736912293
   NUCLEUS-NUCLEUS POTENTIAL ENERGY =     803.5063086238
                                      ------------------
             TOTAL POTENTIAL ENERGY =   -3659.6845185959
               TOTAL KINETIC ENERGY =    1827.9315893758
                 VIRIAL RATIO (V/T) =       2.0020905267

 Distribution Full ERIs:

 Integrals:                          66660898
 Max size per slaves:                 8332614
 Max size in master:                 74993512

 No violations of the orthonormality


  HARTREE-FOCK 
 ==============

  ITER     ELECTRONIC ENERGY      TOTAL ENERGY   ENERGY CONVERGENCY    MAX MUL-LAG DIFF

    2.        -2558.086369       -1754.580060        76.93144254           0.754974
    3.        -2463.556661       -1660.050352        94.52970824           1.223160
    4.        -2576.805362       -1773.299053      -113.24870081           1.420661
    5.        -2523.412994       -1719.906686        53.39236715           4.428418
    6.        -2310.544870       -1507.038562       212.86812398          28.526028
    7.        -2185.945805       -1382.439496       124.59906579          22.678291
    8.        -2091.994753       -1288.488444        93.95105203          32.502474
    9.        -2610.089141       -1806.582832      -518.09438818           0.653248
   10.        -2622.433393       -1818.927084       -12.34425184           0.454981
   11.        -2627.063248       -1823.556939        -4.62985504           0.276138
   12.        -2629.501390       -1825.995081        -2.43814232           0.163852
   13.        -2630.984747       -1827.478438        -1.48335659           0.133343
   14.        -2631.924566       -1828.418257        -0.93981928           0.109038
   15.        -2632.565265       -1829.058956        -0.64069921           0.097126
   16.        -2633.016584       -1829.510275        -0.45131867           0.093868
   17.        -2633.369256       -1829.862947        -0.35267196           0.086087
   18.        -2633.654435       -1830.148126        -0.28517904           0.083257
   19.        -2633.886791       -1830.380482        -0.23235571           0.075105
   20.        -2634.088532       -1830.582223        -0.20174134           0.075091
   21.        -2634.257654       -1830.751345        -0.16912191           0.072496
   22.        -2634.399138       -1830.892830        -0.14148463           0.065092
   23.        -2634.515225       -1831.008917        -0.11608704           0.057475
   24.        -2634.613119       -1831.106810        -0.09789354           0.058568
   25.        -2634.693365       -1831.187057        -0.08024652           0.055304
   26.        -2634.760252       -1831.253943        -0.06688664           0.054895
   27.        -2634.813881       -1831.307572        -0.05362860           0.054964
   28.        -2634.859681       -1831.353372        -0.04580020           0.052346
   29.        -2634.897633       -1831.391325        -0.03795222           0.040527
   30.        -2634.931508       -1831.425200        -0.03387519           0.046230
   31.        -2634.960048       -1831.453739        -0.02853962           0.040960
   32.        -2634.985767       -1831.479459        -0.02571922           0.036511
   33.        -2635.007932       -1831.501623        -0.02216467           0.032769
   34.        -2635.021992       -1831.515683        -0.01406020           0.038782
   35.        -2635.039985       -1831.533677        -0.01799340           0.031780
   36.        -2635.051238       -1831.544930        -0.01125270           0.028099
   37.        -2635.066533       -1831.560225        -0.01529519           0.028427
   38.        -2635.080339       -1831.574030        -0.01380545           0.023938
   39.        -2635.089071       -1831.582762        -0.00873232           0.019859
   40.        -2635.101248       -1831.594940        -0.01217707           0.021255
   41.        -2635.108861       -1831.602552        -0.00761285           0.018305
   42.        -2635.115993       -1831.609684        -0.00713195           0.019750
   43.        -2635.123166       -1831.616857        -0.00717314           0.016772
   44.        -2635.132703       -1831.626395        -0.00953713           0.018015
   45.        -2635.138964       -1831.632656        -0.00626110           0.015009
   46.        -2635.144782       -1831.638473        -0.00581743           0.016613
   47.        -2635.150194       -1831.643886        -0.00541259           0.014439
   48.        -2635.155531       -1831.649222        -0.00533657           0.015108
   49.        -2635.160587       -1831.654278        -0.00505585           0.015793
   50.        -2635.165373       -1831.659065        -0.00478669           0.015872
   51.        -2635.170239       -1831.663930        -0.00486547           0.014217
   52.        -2635.174623       -1831.668315        -0.00438425           0.014609
   53.        -2635.178942       -1831.672633        -0.00431885           0.013189
   54.        -2635.182918       -1831.676609        -0.00397576           0.013401
   55.        -2635.186929       -1831.680620        -0.00401084           0.014615
   56.        -2635.192407       -1831.686098        -0.00547839           0.013103
   57.        -2635.197473       -1831.691165        -0.00506637           0.013463
   58.        -2635.200736       -1831.694427        -0.00326242           0.013495
   59.        -2635.203857       -1831.697549        -0.00312141           0.013313
   60.        -2635.206711       -1831.700402        -0.00285344           0.013444
   61.        -2635.209461       -1831.703153        -0.00275059           0.011306
   62.        -2635.212157       -1831.705849        -0.00269607           0.012701
   63.        -2635.214732       -1831.708423        -0.00257444           0.010511
   64.        -2635.217127       -1831.710818        -0.00239526           0.011319
   65.        -2635.219482       -1831.713173        -0.00235465           0.010368
   66.        -2635.221667       -1831.715359        -0.00218555           0.009443
   67.        -2635.223728       -1831.717419        -0.00206066           0.009973
   68.        -2635.225677       -1831.719368        -0.00194888           0.011366
   69.        -2635.227553       -1831.721244        -0.00187601           0.009721
   70.        -2635.229399       -1831.723090        -0.00184626           0.009547
   71.        -2635.231910       -1831.725601        -0.00251069           0.008967
   72.        -2635.233398       -1831.727090        -0.00148849           0.009510
   73.        -2635.234895       -1831.728587        -0.00149708           0.008275
   74.        -2635.236250       -1831.729941        -0.00135469           0.008028
   75.        -2635.237537       -1831.731229        -0.00128732           0.008262
   76.        -2635.238819       -1831.732510        -0.00128172           0.007995
   77.        -2635.239970       -1831.733662        -0.00115116           0.007412
   78.        -2635.241583       -1831.735275        -0.00161301           0.007247
   79.        -2635.242569       -1831.736260        -0.00098564           0.007545
   80.        -2635.243553       -1831.737244        -0.00098383           0.007595
   81.        -2635.244476       -1831.738167        -0.00092301           0.006847
   82.        -2635.245313       -1831.739005        -0.00083763           0.007351
   83.        -2635.246161       -1831.739852        -0.00084735           0.006973
   84.        -2635.246937       -1831.740628        -0.00077632           0.007036
   85.        -2635.247631       -1831.741322        -0.00069354           0.007242
   86.        -2635.248358       -1831.742049        -0.00072707           0.006406
   87.        -2635.248985       -1831.742676        -0.00062727           0.005798
   88.        -2635.249580       -1831.743271        -0.00059484           0.005297
   89.        -2635.250136       -1831.743828        -0.00055679           0.005039
   90.        -2635.250648       -1831.744339        -0.00051106           0.005493
   91.        -2635.251133       -1831.744824        -0.00048514           0.004879
   92.        -2635.251602       -1831.745294        -0.00046974           0.005319
   93.        -2635.252050       -1831.745741        -0.00044723           0.005119
   94.        -2635.252465       -1831.746156        -0.00041488           0.005038
   95.        -2635.252851       -1831.746542        -0.00038630           0.004249
   96.        -2635.253222       -1831.746914        -0.00037147           0.004163
   97.        -2635.253562       -1831.747253        -0.00033924           0.004298
   98.        -2635.253885       -1831.747577        -0.00032383           0.003990
   99.        -2635.254193       -1831.747885        -0.00030800           0.004139
  100.        -2635.254517       -1831.748208        -0.00032348           0.003868


  RESULTS OF OCCUPATION-COEFFICIENT OPTIMIZATION
 ================================================

  Ex It  Orb It    Electronic Energy     Total Energy   Energy Convergency    Max Mul-Lag Diff

    1      10     -2635.4974084996    -1831.9910998758     0.0000000000           0.042781
    2      20     -2635.5597695255    -1832.0534609017    -0.0623610259           0.005079
    3      20     -2635.5894949391    -1832.0831863153    -0.0297254136           0.004107
    4      20     -2635.6057907890    -1832.0994821652    -0.0162958499           0.003322
    5      20     -2635.6171337693    -1832.1108251455    -0.0113429803           0.002682
    6      20     -2635.6256657923    -1832.1193571685    -0.0085320230           0.003008
    7      20     -2635.6323406150    -1832.1260319912    -0.0066748227           0.003021
    8      20     -2635.6378826158    -1832.1315739920    -0.0055420009           0.003375
    9      20     -2635.6426191769    -1832.1363105532    -0.0047365611           0.004005
   10      20     -2635.6469080940    -1832.1405994703    -0.0042889171           0.002997
   11      20     -2635.6506675799    -1832.1443589561    -0.0037594858           0.002603
   12      20     -2635.6538890994    -1832.1475804756    -0.0032215196           0.002849
   13      20     -2635.6567294493    -1832.1504208255    -0.0028403499           0.002933
   14      20     -2635.6590859254    -1832.1527773016    -0.0023564761           0.003072
   15      20     -2635.6611982426    -1832.1548896188    -0.0021123173           0.002815
   16      20     -2635.6628846764    -1832.1565760526    -0.0016864338           0.002913
   17      20     -2635.6641501945    -1832.1578415707    -0.0012655181           0.003179
   18      20     -2635.6651280491    -1832.1588194254    -0.0009778547           0.003069
   19      20     -2635.6658619133    -1832.1595532895    -0.0007338641           0.002697
   20      20     -2635.6664183584    -1832.1601097346    -0.0005564451           0.003013
   21      20     -2635.6668862890    -1832.1605776652    -0.0004679306           0.002624
   22      20     -2635.6672226392    -1832.1609140154    -0.0003363502           0.003130
   23      20     -2635.6674967183    -1832.1611880945    -0.0002740791           0.003125
   24      20     -2635.6677293426    -1832.1614207188    -0.0002326243           0.002976
   25      20     -2635.6679330502    -1832.1616244264    -0.0002037076           0.003179
   26      20     -2635.6680926329    -1832.1617840091    -0.0001595827           0.003335
   27      20     -2635.6682378228    -1832.1619291991    -0.0001451899           0.003104
   28      20     -2635.6683361212    -1832.1620274974    -0.0000982983           0.003168
   29      20     -2635.6684210464    -1832.1621124226    -0.0000849252           0.002923
   30      20     -2635.6684879124    -1832.1621792886    -0.0000668661           0.003549
   31      20     -2635.6685399372    -1832.1622313134    -0.0000520247           0.003590
   32      20     -2635.6685852084    -1832.1622765846    -0.0000452712           0.003237
   33      20     -2635.6686256937    -1832.1623170699    -0.0000404853           0.002893
   34      20     -2635.6686619251    -1832.1623533013    -0.0000362314           0.002718
   35      20     -2635.6686848961    -1832.1623762723    -0.0000229710           0.003098
   36      20     -2635.6687127108    -1832.1624040870    -0.0000278147           0.003111
   37      20     -2635.6687266757    -1832.1624180519    -0.0000139649           0.002936
   38      20     -2635.6687436814    -1832.1624350576    -0.0000170057           0.003051
   39      20     -2635.6687575358    -1832.1624489120    -0.0000138544           0.002833
   40      20     -2635.6687584697    -1832.1624498459    -0.0000009340           0.003418
   41      30     -2635.6688618245    -1832.1625532007    -0.0001033548           0.000209
   42      30     -2635.6688657432    -1832.1625571194    -0.0000039187           0.000155
   43      40     -2635.6688678896    -1832.1625592658    -0.0000021464           0.000034
   44      40     -2635.6688710622    -1832.1625624384    -0.0000031727           0.000034
   45      40     -2635.6688711443    -1832.1625625206    -0.0000000821           0.000034


  RESULTS OF THE OCCUPATION OPTIMIZATION
 ========================================

   OM     Occupation      Elag Diag

    1      2.0000000    -69.7117941
    2      2.0000000    -70.5833075
    3      2.0000000    -76.2286772
    4      2.0000000    -73.9374304
    5      2.0000000    -77.3892481
    6      1.9999955     -5.3616691
    7      1.9999947     -6.7673338
    8      1.9999934     -4.1979087
    9      1.9999932     -4.2305127
   10      1.9999915     -6.8194690
   11      1.9999838     -4.3014150
   12      1.9999786    -26.2865296
   13      1.9999762     -4.4588879
   14      1.9999678     -7.6681977
   15      1.9999673     -3.2896127
   16      1.9999635     -5.9451230
   17      1.9999547     -7.8329474
   18      1.9999539     -6.1141124
   19      1.9999514     -6.1305543
   20      1.9999281     -4.9856781
   21      1.9999268     -5.1300285
   22      1.9999179     -5.1410813
   23      1.9999141    -15.5452976
   24      1.9999084     -5.0435708
   25      1.9999060    -15.6932469
   26      1.9998972     -3.7485420
   27      1.9998805     -3.8162790
   28      1.9998459     -3.8786579
   29      1.9998175    -11.2831984
   30      1.9996803     -7.6370133
   31      1.9926832     -0.6760370
   32      1.9925734     -0.8783647
   33      1.9923426     -0.8814962
   34      1.9918186     -0.7763556
   35      1.9903668     -0.9572674
   36      1.9901385     -0.9177748
   37      1.9900642     -0.9174259
   38      1.9897787     -0.5943381
   39      1.9897048     -0.5922039
   40      1.9893919     -0.6622523
   41      1.9887318     -0.7999571
   42      1.9886841     -0.5396461
   43      1.9885130     -0.6689582
   44      1.9873551     -0.5506133
   45      1.9867056     -0.4538041
   46      1.9819503     -0.8958682
   47      1.9819353     -0.8969430
   48      1.9816415     -0.7022946
   49      1.9792756     -0.5947785
   50      1.9782118     -0.4914356
   51      1.9776560     -0.5862834
   52      1.9775147     -0.5273025
   53      1.9760722     -0.7851957
   54      1.9496266     -0.3839346
   55      1.9468843     -0.4514144
   56      1.9155436     -0.2811190
   57      0.0022649     -0.0009874
   58      0.0013844     -0.0011644
   59      0.0430079     -0.0151374
   60      0.0231071     -0.0184278
   61      0.0159220     -0.0100927
   62      0.0168538     -0.0113026
   63      0.0174331     -0.0092976
   64      0.0156157     -0.0107851
   65      0.0152425     -0.0125037
   66      0.0160571     -0.0156883
   67      0.0020100     -0.0027460
   68      0.0068106     -0.0042689
   69      0.0093785     -0.0061900
   70      0.0098897     -0.0081845
   71      0.0041242     -0.0027799
   72      0.0098369     -0.0098510
   73      0.0070209     -0.0055933
   74      0.0064076     -0.0050663
   75      0.0063520     -0.0050419
   76      0.0093235     -0.0119201
   77      0.0092491     -0.0118575
   78      0.0079612     -0.0095149
   79      0.0009472     -0.0014004
   80      0.0070529     -0.0097219
   81      0.0067885     -0.0094417
   82      0.0065970     -0.0064611
   83      0.0000153     -0.0001447
   84      0.0001789     -0.0025469
   85      0.0000004     -0.0000019
   86      0.0000005     -0.0000024
   87      0.0001027     -0.0004893
   88      0.0000925     -0.0017715
   89      0.0000001     -0.0000003
   90      0.0000851     -0.0016304
   91      0.0000820     -0.0005066
   92      0.0000732     -0.0004532
   93      0.0000717     -0.0004358
   94      0.0000484     -0.0003632
   95      0.0000461     -0.0003454
   96      0.0000000     -0.0000000
   97      0.0000003     -0.0000018
   98      0.0000011     -0.0000045
   99      0.0000000     -0.0000001
  100      0.0000005     -0.0000024
  101      0.0000213     -0.0006592
  102      0.0000156     -0.0000819
  103      0.0000083     -0.0000671
  104      0.0000061     -0.0000330
  105      0.0000011     -0.0000031
  106      0.0000045     -0.0000412
  107      0.0000009     -0.0000024
  108      0.0000000     -0.0000000
  109      0.0000000     -0.0000000
  110      0.0000000     -0.0000000
  111      0.0000000     -0.0000000
  112      0.0000000     -0.0000000
  113      0.0821916     -0.0197034
  114      0.0517314     -0.0233461
  115      0.0073654     -0.0037466
  116      0.0008207     -0.0010930
  117      0.0065633     -0.0047547
  118      0.0054902     -0.0044209
  119      0.0043551     -0.0027718
  120      0.0051087     -0.0042268
  121      0.0031160     -0.0033618
  122      0.0020076     -0.0027411
  123      0.0160397     -0.0156687
  124      0.0064838     -0.0039908
  125      0.0032664     -0.0022932
  126      0.0015972     -0.0016838
  127      0.0071918     -0.0047068
  128      0.0014314     -0.0019081
  129      0.0035872     -0.0029807
  130      0.0038876     -0.0031059
  131      0.0038692     -0.0030989
  132      0.0006122     -0.0013975
  133      0.0006124     -0.0013971
  134      0.0016720     -0.0024848
  135      0.0072342     -0.0075561
  136      0.0006045     -0.0013003
  137      0.0006381     -0.0013492
  138      0.0007198     -0.0010757
  139      0.0003043     -0.0028970
  140      0.0000037     -0.0000470
  141      0.0001538     -0.0007432
  142      0.0001190     -0.0005675
  143      0.0000001     -0.0000003
  144      0.0000015     -0.0000278
  145      0.0000915     -0.0005587
  146      0.0000008     -0.0000141
  147      0.0000001     -0.0000008
  148      0.0000000     -0.0000002
  149      0.0000002     -0.0000011
  150      0.0000001     -0.0000009
  151      0.0000000     -0.0000002
  152      0.0000453     -0.0004236
  153      0.0000363     -0.0002619
  154      0.0000316     -0.0001337
  155      0.0000322     -0.0002955
  156      0.0000233     -0.0001325
  157      0.0000000     -0.0000005
  158      0.0000006     -0.0000028
  159      0.0000002     -0.0000004
  160      0.0000007     -0.0000019
  161      0.0000055     -0.0000323
  162      0.0000009     -0.0000010
  163      0.0000035     -0.0000265
  164      0.0000000     -0.0000000
  165      0.0000000     -0.0000000
  166      0.0000000     -0.0000000
  167      0.0000000     -0.0000000
  168      0.0000000     -0.0000000

   RO Sum ( 112) =  112.00

  ---------------
   Dipole Moment
  ---------------

      7.3281 Debye [   2.8831  (  -2.7963,   0.2959,  -0.6369) ]

 ----------------
  Final Energies  
 ----------------

         HF Total Energy =    -1831.7482082520
  Final NOF Total Energy =    -1832.1625625206 ( 3.E-05 , 0.E+00 )
      Correlation Energy =       -0.4143542685



  **************************************************
  *                                                *
  *       SINGLE-POINT DoNOF CALCULATION           *
  *                                                *
  *             FULL OPTIMIZATION                  *
  *                                                *
  *  FINAL RESULTS   FINAL RESULTS  FINAL RESULTS  *
  *                                                *
  **************************************************

  **************************************************
  *         No. EXTERNAL ITER =    45              *
  *         No. of TOTAL ITER =   970              *
  **************************************************

  Elapsed real time :  23108.15  (Seconds)
  Git sha : bcb372acca69df19ae91719c988dea244a3c3d1c                                                            

 The execution finished at 17h  1min on the  1/ 3/2025
