 This is the parallel version of the code
 This is the parallel version of the code
 This is the parallel version of the code
 This is the parallel version of the code
 This is the parallel version of the code
 This is the parallel version of the code
 This is the parallel version of the code
 This is the parallel version of the code
 This is the parallel version of the code
 This is the parallel version of the code
 This is the parallel version of the code
 This is the parallel version of the code
Master:    0

 The execution started at 10h 31min on the  1/ 3/2025

    ===========================================================
    !                                                         !
    !                        Do N O F                         !
    !                                                         !
    !  (Donostia Natural Orbital Functional Software Program) !
    !                                                         !
    !               COPYRIGHT by Mario Piris                  !
    !                                                         !
    !      Donostia International Physics Center (DIPC)       !
    !       University of the Basque Country (UPV/EHU)        !
    !       Basque Foundation for Science (IKERBASQUE)        !
    !                                                         !
    !          GNU General Public License version 3           !
    !                                                         !
    !                  VERSION: Mayo 2024                     !
    !                                                         !
    ===========================================================

 Run Title
 ---------
 p30-20 set                                                                      

 Basis Set
 ---------
 /beegfs_agamede/gscratch/povmieci/SCRATCH/81885/def2-svp.bas                    

 Atom      Charge                Coordinates (Bohr)
                           x             y             z
 H           1.0       -2.1413       -1.3440       -2.3249
 F           9.0        4.4667       -2.0480        0.4442
 P          15.0       -4.9221       -1.7373        0.9689
 AL         13.0       -1.3097       -0.5298        3.4445
 H           1.0       -4.3421       -4.3047        0.3989
 H           1.0        0.6179        2.6248       -3.2823
 AL         13.0        4.2356       -1.6884       -3.5382
 B           5.0        2.2313        1.9358       -1.8038
 LI          3.0       -2.3229        2.9060       -1.3968
 P          15.0        2.3456        2.8607        1.8283
 O           8.0       -3.6643       -0.4291       -1.8196
 H           1.0       -0.3493       -1.7599        5.9802
 H           1.0        0.2950       -2.0023        0.5302
 B           5.0        2.1045       -0.5674        0.3098
 S          16.0       -1.5936        3.6918        2.8788
 H           1.0        4.3486        2.3917       -2.6180

 Atomic Basis Set
 ----------------
 The contracted primitive functions were unnormalized
 The contracted basis functions are now normalized to unity

  Shell Type  Primitive         Exponent  Contraction Coefficient

 H         

      1   S       1            13.0107010    0.033485484813
      1   S       2             1.9622572    0.234721870881
      1   S       3             0.4445380    0.813770285260

      2   S       4             0.1219496    1.000000000000

      3   P       5             0.8000000    1.000000000000

 F         

      4   S       6          2894.8325990   -0.005349321176
      4   S       7           435.4193912   -0.039967734372
      4   S       8            98.8433289   -0.179412617888
      4   S       9            27.4851980   -0.468324686869
      4   S      10             8.5405498   -0.447241605328

      5   S      11             1.0654578    1.000000000000

      6   S      12             0.3324735    1.000000000000

      7   P      13            22.6966339   -0.064782148241
      7   P      14             4.9872339   -0.340357853553
      7   P      15             1.3491614   -0.734858153660

      8   P      16             0.3482988    1.000000000000

      9   D      17             1.4000000    1.000000000000

 P         

     10   S      18          8002.4795106    0.005525555279
     10   S      19          1203.6813590    0.041326367171
     10   S      20           273.4422703    0.186070058991
     10   S      21            76.6555415    0.477107006766
     10   S      22            23.5169274    0.432247688783

     11   S      23            39.7916834    0.090954145513
     11   S      24             4.2770343   -0.550855656186
     11   S      25             1.6940257   -0.518269979075

     12   S      26             0.2756767    1.000000000000

     13   S      27             0.1049559    1.000000000000

     14   P      28           219.5075582    0.009573910140
     14   P      29            51.2741550    0.067993851914
     14   P      30            15.9215959    0.249832097533
     14   P      31             5.5069913    0.481481790475
     14   P      32             1.9537719    0.388697985432

     15   P      33             0.4780340    1.000000000000

     16   P      34             0.1365795    1.000000000000

     17   D      35             0.4500000    1.000000000000

 AL        

     18   S      36          5887.5727030    0.005651978962
     18   S      37           885.6122600    0.042218253427
     18   S      38           201.1360490    0.189187196726
     18   S      39            56.2849747    0.480435911881
     18   S      40            17.2295512    0.425872684294

     19   S      41            29.3402499    0.088568603239
     19   S      42             3.0439630   -0.543157066723
     19   S      43             1.1285540   -0.529385510294

     20   S      44             0.1423418    1.000000000000

     21   S      45             0.0544002    1.000000000000

     22   P      46           145.1191881    0.010726377859
     22   P      47            33.7178948    0.074103623546
     22   P      48            10.3698631    0.261296213060
     22   P      49             3.5135616    0.480201235327
     22   P      50             1.1980050    0.384382240624

     23   P      51             0.2658301    1.000000000000

     24   P      52             0.0710034    1.000000000000

     25   D      53             0.3000000    1.000000000000

 H         

     26   S      54            13.0107010    0.033485484813
     26   S      55             1.9622572    0.234721870881
     26   S      56             0.4445380    0.813770285260

     27   S      57             0.1219496    1.000000000000

     28   P      58             0.8000000    1.000000000000

 H         

     29   S      59            13.0107010    0.033485484813
     29   S      60             1.9622572    0.234721870881
     29   S      61             0.4445380    0.813770285260

     30   S      62             0.1219496    1.000000000000

     31   P      63             0.8000000    1.000000000000

 AL        

     32   S      64          5887.5727030    0.005651978962
     32   S      65           885.6122600    0.042218253427
     32   S      66           201.1360490    0.189187196726
     32   S      67            56.2849747    0.480435911881
     32   S      68            17.2295512    0.425872684294

     33   S      69            29.3402499    0.088568603239
     33   S      70             3.0439630   -0.543157066723
     33   S      71             1.1285540   -0.529385510294

     34   S      72             0.1423418    1.000000000000

     35   S      73             0.0544002    1.000000000000

     36   P      74           145.1191881    0.010726377859
     36   P      75            33.7178948    0.074103623546
     36   P      76            10.3698631    0.261296213060
     36   P      77             3.5135616    0.480201235327
     36   P      78             1.1980050    0.384382240624

     37   P      79             0.2658301    1.000000000000

     38   P      80             0.0710034    1.000000000000

     39   D      81             0.3000000    1.000000000000

 B         

     40   S      82           839.3183009   -0.005628883598
     40   S      83           126.2646484   -0.041832794610
     40   S      84            28.6206008   -0.184174881258
     40   S      85             7.8793723   -0.468396550281
     40   S      86             2.4088857   -0.444579308833

     41   S      87             0.2510511    1.000000000000

     42   S      88             0.0836489    1.000000000000

     43   P      89             6.0332224   -0.054032500323
     43   P      90             1.2499158   -0.301940343932
     43   P      91             0.3387168   -0.771707916582

     44   P      92             0.0964156    1.000000000000

     45   D      93             0.5000000    1.000000000000

 LI        

     46   S      94           266.2778552    0.006354286535
     46   S      95            40.0697834    0.046734889363
     46   S      96             9.0559944    0.198387923560
     46   S      97             2.4503009    0.475753833454
     46   S      98             0.7220957    0.427014289368

     47   S      99             0.0528109    1.000000000000

     48   S     100             0.0209609    1.000000000000

     49   P     101             1.4500000    0.224912327222
     49   P     102             0.3000000    0.869730577039

     50   P     103             0.0820000    1.000000000000

 P         

     51   S     104          8002.4795106    0.005525555279
     51   S     105          1203.6813590    0.041326367171
     51   S     106           273.4422703    0.186070058991
     51   S     107            76.6555415    0.477107006766
     51   S     108            23.5169274    0.432247688783

     52   S     109            39.7916834    0.090954145513
     52   S     110             4.2770343   -0.550855656186
     52   S     111             1.6940257   -0.518269979075

     53   S     112             0.2756767    1.000000000000

     54   S     113             0.1049559    1.000000000000

     55   P     114           219.5075582    0.009573910140
     55   P     115            51.2741550    0.067993851914
     55   P     116            15.9215959    0.249832097533
     55   P     117             5.5069913    0.481481790475
     55   P     118             1.9537719    0.388697985432

     56   P     119             0.4780340    1.000000000000

     57   P     120             0.1365795    1.000000000000

     58   D     121             0.4500000    1.000000000000

 O         

     59   S     122          2266.1767785   -0.005389350392
     59   S     123           340.8701019   -0.040234721389
     59   S     124            77.3631352   -0.180081842055
     59   S     125            21.4796449   -0.468288576577
     59   S     126             6.6589433   -0.446926171602

     60   S     127             0.8097598    1.000000000000

     61   S     128             0.2553077    1.000000000000

     62   P     129            17.7215043    0.062630248763
     62   P     130             3.8635505    0.333311384824
     62   P     131             1.0480921    0.741486383081

     63   P     132             0.2764154    1.000000000000

     64   D     133             1.2000000    1.000000000000

 H         

     65   S     134            13.0107010    0.033485484813
     65   S     135             1.9622572    0.234721870881
     65   S     136             0.4445380    0.813770285260

     66   S     137             0.1219496    1.000000000000

     67   P     138             0.8000000    1.000000000000

 H         

     68   S     139            13.0107010    0.033485484813
     68   S     140             1.9622572    0.234721870881
     68   S     141             0.4445380    0.813770285260

     69   S     142             0.1219496    1.000000000000

     70   P     143             0.8000000    1.000000000000

 B         

     71   S     144           839.3183009   -0.005628883598
     71   S     145           126.2646484   -0.041832794610
     71   S     146            28.6206008   -0.184174881258
     71   S     147             7.8793723   -0.468396550281
     71   S     148             2.4088857   -0.444579308833

     72   S     149             0.2510511    1.000000000000

     73   S     150             0.0836489    1.000000000000

     74   P     151             6.0332224   -0.054032500323
     74   P     152             1.2499158   -0.301940343932
     74   P     153             0.3387168   -0.771707916582

     75   P     154             0.0964156    1.000000000000

     76   D     155             0.5000000    1.000000000000

 S         

     77   S     156          9184.9303010   -0.005472946613
     77   S     157          1381.5105503   -0.040954402155
     77   S     158           313.8714758   -0.184758289562
     77   S     159            88.0538706   -0.475672806440
     77   S     160            27.0399149   -0.434951535842

     78   S     161            45.6487313   -0.091904045809
     78   S     162             4.9664522    0.556987772145
     78   S     163             2.0116242    0.511154682985

     79   S     164             0.3566108    1.000000000000

     80   S     165             0.1350722    1.000000000000

     81   P     166           261.9823344   -0.009183054659
     81   P     167            61.3068947   -0.065902226526
     81   P     168            19.1037299   -0.245877845187
     81   P     169             6.6567720   -0.482314710760
     81   P     170             2.3959635   -0.389563143514

     82   P     171             0.6177616    1.000000000000

     83   P     172             0.1699338    1.000000000000

     84   D     173             0.5500000    1.000000000000

 H         

     85   S     174            13.0107010    0.033485484813
     85   S     175             1.9622572    0.234721870881
     85   S     176             0.4445380    0.813770285260

     86   S     177             0.1219496    1.000000000000

     87   P     178             0.8000000    1.000000000000

 Total Number of Basis Set Shells             =   87
 Total Number of Primitives                   =  178
 Number of Cartesian Gaussian Basis Functions =  194
 Number of Electrons                          =  108
 Charge of Molecule                           =    0
 Spin Multiplicity                            =    1
 Number of Occupied Orbitals (Alpha)          =   54
 Number of Occupied Orbitals (Beta )          =   54
 Total Number of Atoms                        =   16

 Input Run Options
 -----------------
 IRUNTYP = 1  MULT = 1  ICHARG =  0 IECP = 0  IEMOM = 1  UNITS = ANGS    

 Integral Options
 ----------------
 CUTOFF = 1.0E-09   ISCHWZ = 1   ERITYP = FULL

 Input NOF Options
 -----------------

 Type of calculation =    Coeff. Opt.:   (ICOEF)         1
 Trigonometric functions for Occ. Opt.:  (ISOFTMAX)      0
 Type of Orb. Opt. = Orbital Rotations:  (IORBOPT)       4
 Maximum Number of Occ-Coef Outer Iter.: (MAXIT)      1000

 Natural Orbital Functional Selected:    (IPNOF)         5

 Restart calculation Option:             (RESTART)       T

 Hartree-Fock Calc. using ID Method:     (HFID)          T
 Threshold Energy Convergence=10**(-N):  (NTHRESHEID)    8
 Max. Number of External Iterations:     (MAXITID)     100
 Ion. Potentials by Koopmans Theorem:    (KOOPMANS)      0
 Orthogonalize the initial Orbitals:     (ORTHO)         T

 Output Option:                          (NPRINT)        0
 Output the Coefficient Matrix:          (IWRITEC)       0
 Do a Mulliken Population Analysis:      (IMULPOP)       0
 Write Information into a WFN file:      (IAIMPAC)       1
 Write Information into a FCHK file:     (IFCHK)         1
 Write Information into a MLP file:      (MOLDEN)        1
 Create Ini. Cond. (ini.xyz) file:       (INICOND)       1
 Calculate IPs using Ext. Koopmans Theo: (IEKT)          0
 Write APSG expansion coefficient file:  (APSG)          F
 Output option for Lagrange Multipliers: (PRINTLAG)      F
 Diagonalize matrix of Lag. Multipliers: (DIAGLAG)       F

 Nuclear Coordinates from GCF file:
 ----------------------------------

 Atom      Charge                Coordinates (Bohr)
                           x             y             z
 H        1.00000       -2.1413       -1.3440       -2.3249
 F        9.00000        4.4667       -2.0480        0.4442
 P       15.00000       -4.9221       -1.7373        0.9689
 AL      13.00000       -1.3097       -0.5298        3.4445
 H        1.00000       -4.3421       -4.3047        0.3989
 H        1.00000        0.6179        2.6248       -3.2823
 AL      13.00000        4.2356       -1.6884       -3.5382
 B        5.00000        2.2313        1.9358       -1.8038
 LI       3.00000       -2.3229        2.9060       -1.3968
 P       15.00000        2.3456        2.8607        1.8283
 O        8.00000       -3.6643       -0.4291       -1.8196
 H        1.00000       -0.3493       -1.7599        5.9802
 H        1.00000        0.2950       -2.0023        0.5302
 B        5.00000        2.1045       -0.5674        0.3098
 S       16.00000       -1.5936        3.6918        2.8788
 H        1.00000        4.3486        2.3917       -2.6180

------------------------------------------------------------------------

 Orbital Space
 -------------

 Inactive Doubly occupied orbitals up to NO1  =    0
 No. considered Strongly Doubly occupied MOs  =   54
 No. considered Strongly Singly occupied MOs  =    0
 No. of Weakly occ. per St. Doubly occ.  MOs  =    2
 Dimension of the Active Nat. Orb. subspace   =  162
 Secondary Empty orbitals                     =   32

 1e- integrals
 -------------
 Time to do integrals =      0.01
 Guess for MOs = HCORE
        15 MOs were matched and         2 equalized to zero

 No violations of the orthonormality

 2e- integrals
 -------------
 DONTW option skips storage 2e- integrals on Unit 1
           108728745 2e- integrals in     1 records
 Time to do integrals =      7.54

 RHF SCF Calculation
 -------------------
 EXTRAP=T  DAMP=T  DIIS=T
 DMat Conv = 1.0E-05  Ener Tol = 1.0E-08
 Ener Conv = 1.0E-10  DMat Tol = 2.0E-05
 DIIS Conv = 1.0E-07  DMat Tol = 2.0E-05

 ITER      TOTAL ENERGY        E CHANGE     DEN. CHANGE    DIIS ERROR
   1    -1712.0530924834 -1712.0530924834 144.043019847   2.465885866
   2    -1631.2144778091    80.8386146743 142.934946736   0.892443768
   3    -1736.0437804889  -104.8293026798   0.017187411   0.661376877
   4    -1736.1031286707    -0.0593481818   0.273607579   0.661026051
   5    -1737.0684729124    -0.9653442417   0.268823365   0.654789656
   6    -1738.0485146698    -0.9800417574   0.261213275   0.646715141
   7    -1739.0192978544    -0.9707831846   0.256520726   0.636026456
   8    -1739.9774811613    -0.9581833069   0.252447215   0.631969330
   9    -1740.9140203985    -0.9365392372   0.252867320   0.629582527
  10    -1741.8383506454    -0.9243302469   0.242315716   0.626854336
  11    -1742.7086114848    -0.8702608394   0.262345387   0.623837460
  12    -1743.6351950585    -0.9265835738   0.252294733   0.620029687
  13    -1744.5156609860    -0.8804659275   0.269338454   0.615740898
  14    -1745.4516686289    -0.9360076429   0.259955017   0.610362592
  15    -1746.3605590277    -0.9088903989   0.266220879   0.604238847
  16    -1747.3095144413    -0.9489554136   0.256441029   0.596798160
  17    -1748.2593143048    -0.9497998635   0.245397911   0.588191727
  18    -1749.2331555829    -0.9738412782   0.230703745   0.578137004
  19    -1750.2759661396    -1.0428105566   0.207992639   0.566219825
  20    -1751.5049305980    -1.2289644585   0.470797846   0.551871270
  21    -1753.2783240801    -1.7733934821   0.852524204   0.642891382
  22    -1755.9463025403    -2.6679784602   0.582985249   0.722877447
  23    -1758.2006622964    -2.2543597561   0.605664232   0.662530032
  24    -1760.1253000746    -1.9246377782   0.709798950   0.562422836
  25    -1761.5167114701    -1.3914113955 167.150534716   0.498481557
  26    -1615.9516428431   145.5650686270 167.673591235   0.901434597
  27    -1789.6543495277  -173.7027066846   2.745749722   0.280010126
  28    -1790.7129339360    -1.0585844083   2.332403559   0.501810789
  29    -1796.5920666966    -5.8791327606   0.249781704   0.127508700
  30    -1796.9278876191    -0.3358209225   0.056721809   0.022422359
  31    -1796.9516141040    -0.0237264850   0.025557934   0.008137354
  32    -1796.9548363808    -0.0032222768   0.009352171   0.002978736
  33    -1796.9554741572    -0.0006377763   0.005095745   0.000809516
  34    -1796.9555596933    -0.0000855361   0.002013623   0.000283259
  35    -1796.9555714407    -0.0000117474   0.000835354   0.000137668
  36    -1796.9555737697    -0.0000023290   0.000289576   0.000049209
  37    -1796.9555740631    -0.0000002934   0.000122643   0.000022141
  38    -1796.9555741005    -0.0000000374   0.000035035   0.000006309
  39    -1796.9555741034    -0.0000000028   0.000014466   0.000002053
  40    -1796.9555741038    -0.0000000004   0.000004995   0.000000465

          -----------------
          DENSITY CONVERGED
          -----------------

 FINAL RHF ENERGY IS    -1796.9555741038 AFTER  40 ITERATIONS

         WAVEFUNCTION NORMALIZATION =       1.0000000000

                ONE ELECTRON ENERGY =   -4272.3777276456
                TWO ELECTRON ENERGY =    1581.4532364610
           NUCLEAR REPULSION ENERGY =     893.9689170809
                                      ------------------
                   RHF TOTAL ENERGY =   -1796.9555741038

 ELECTRON-ELECTRON POTENTIAL ENERGY =    1581.4532364610
  NUCLEUS-ELECTRON POTENTIAL ENERGY =   -6065.8490856479
   NUCLEUS-NUCLEUS POTENTIAL ENERGY =     893.9689170809
                                      ------------------
             TOTAL POTENTIAL ENERGY =   -3590.4269321060
               TOTAL KINETIC ENERGY =    1793.4713580023
                 VIRIAL RATIO (V/T) =       2.0019427219

 Distribution Full ERIs:

 Integrals:                         108728745
 Max size per slaves:                 9060730
 Max size in master:                117789475

 No violations of the orthonormality


  HARTREE-FOCK 
 ==============

  ITER     ELECTRONIC ENERGY      TOTAL ENERGY   ENERGY CONVERGENCY    MAX MUL-LAG DIFF

    2.        -2626.122798       -1732.153881        64.76327016           0.640438
    3.        -2552.205608       -1658.236691        73.91718941           1.438636
    4.        -2473.346449       -1579.377532        78.85915956           1.519413
    5.        -2647.009278       -1753.040361      -173.66282900           3.230080
    6.        -2525.246741       -1631.277824       121.76253637           7.955207
    7.        -2350.123501       -1456.154584       175.12324001          17.777543
    8.        -2113.055261       -1219.086344       237.06824079          34.476857
    9.        -2655.583009       -1761.614092      -542.52774828           2.072946
   10.        -2679.464466       -1785.495549       -23.88145670           0.347551
   11.        -2683.777308       -1789.808391        -4.31284197           0.174530
   12.        -2685.886658       -1791.917740        -2.10934994           0.142590
   13.        -2687.190916       -1793.221999        -1.30425874           0.138302
   14.        -2688.070150       -1794.101233        -0.87923395           0.127408
   15.        -2688.680440       -1794.711523        -0.61028958           0.101326
   16.        -2689.127314       -1795.158397        -0.44687466           0.099242
   17.        -2689.453333       -1795.484416        -0.32601847           0.083828
   18.        -2689.691291       -1795.722373        -0.23795762           0.067104
   19.        -2689.871259       -1795.902342        -0.17996856           0.065766
   20.        -2690.005808       -1796.036891        -0.13454852           0.052757
   21.        -2690.109772       -1796.140855        -0.10396417           0.051294
   22.        -2690.193479       -1796.224562        -0.08370753           0.050518
   23.        -2690.260073       -1796.291156        -0.06659361           0.047648
   24.        -2690.316763       -1796.347846        -0.05669005           0.052554
   25.        -2690.367232       -1796.398315        -0.05046864           0.048629
   26.        -2690.412674       -1796.443757        -0.04544277           0.044792
   27.        -2690.455779       -1796.486862        -0.04310429           0.048492
   28.        -2690.494280       -1796.525362        -0.03850085           0.049392
   29.        -2690.531907       -1796.562990        -0.03762762           0.056441
   30.        -2690.566576       -1796.597659        -0.03466859           0.051134
   31.        -2690.599120       -1796.630203        -0.03254451           0.048532
   32.        -2690.630927       -1796.662010        -0.03180667           0.049470
   33.        -2690.661664       -1796.692747        -0.03073679           0.050292
   34.        -2690.689701       -1796.720784        -0.02803769           0.041185
   35.        -2690.715839       -1796.746922        -0.02613722           0.047876
   36.        -2690.740027       -1796.771110        -0.02418865           0.047614
   37.        -2690.762015       -1796.793097        -0.02198722           0.040985
   38.        -2690.781504       -1796.812587        -0.01948996           0.043095
   39.        -2690.799458       -1796.830541        -0.01795395           0.036731
   40.        -2690.815348       -1796.846431        -0.01588985           0.036328
   41.        -2690.829401       -1796.860484        -0.01405239           0.040033
   42.        -2690.841849       -1796.872931        -0.01244784           0.032876
   43.        -2690.849782       -1796.880865        -0.00793360           0.037865
   44.        -2690.859598       -1796.890681        -0.00981595           0.033320
   45.        -2690.868181       -1796.899263        -0.00858247           0.032233
   46.        -2690.875889       -1796.906972        -0.00770818           0.029278
   47.        -2690.882562       -1796.913644        -0.00667282           0.026754
   48.        -2690.887969       -1796.919051        -0.00540705           0.028675
   49.        -2690.892772       -1796.923855        -0.00480328           0.024082
   50.        -2690.897007       -1796.928090        -0.00423529           0.024361
   51.        -2690.900760       -1796.931843        -0.00375311           0.021484
   52.        -2690.904016       -1796.935099        -0.00325588           0.019490
   53.        -2690.906747       -1796.937830        -0.00273067           0.019711
   54.        -2690.909143       -1796.940226        -0.00239612           0.017108
   55.        -2690.911200       -1796.942283        -0.00205678           0.015850
   56.        -2690.912967       -1796.944050        -0.00176735           0.015208
   57.        -2690.914423       -1796.945506        -0.00145624           0.014402
   58.        -2690.915324       -1796.946407        -0.00090044           0.016848
   59.        -2690.916171       -1796.947254        -0.00084767           0.013293
   60.        -2690.916915       -1796.947998        -0.00074333           0.013650
   61.        -2690.917936       -1796.949019        -0.00102086           0.011415
   62.        -2690.918768       -1796.949851        -0.00083228           0.010531
   63.        -2690.919546       -1796.950629        -0.00077795           0.010078
   64.        -2690.920166       -1796.951249        -0.00062050           0.009996
   65.        -2690.920728       -1796.951810        -0.00056121           0.008954
   66.        -2690.921071       -1796.952154        -0.00034369           0.010250
   67.        -2690.921497       -1796.952580        -0.00042609           0.008185
   68.        -2690.921759       -1796.952842        -0.00026166           0.007073
   69.        -2690.922096       -1796.953179        -0.00033680           0.006885
   70.        -2690.922401       -1796.953484        -0.00030525           0.007012
   71.        -2690.922654       -1796.953737        -0.00025295           0.006495
   72.        -2690.922884       -1796.953967        -0.00022963           0.005935
   73.        -2690.923096       -1796.954179        -0.00021253           0.005521
   74.        -2690.923223       -1796.954306        -0.00012691           0.004979
   75.        -2690.923391       -1796.954474        -0.00016776           0.005252
   76.        -2690.923530       -1796.954613        -0.00013881           0.004511
   77.        -2690.923650       -1796.954733        -0.00012026           0.004329
   78.        -2690.923760       -1796.954843        -0.00011005           0.003868
   79.        -2690.923856       -1796.954938        -0.00009558           0.003758
   80.        -2690.923940       -1796.955023        -0.00008453           0.003498
   81.        -2690.924013       -1796.955096        -0.00007285           0.003238
   82.        -2690.924076       -1796.955159        -0.00006323           0.003026
   83.        -2690.924130       -1796.955213        -0.00005383           0.002805
   84.        -2690.924177       -1796.955260        -0.00004684           0.002625
   85.        -2690.924218       -1796.955300        -0.00004078           0.002455
   86.        -2690.924253       -1796.955335        -0.00003498           0.002307
   87.        -2690.924283       -1796.955366        -0.00003044           0.002166
   88.        -2690.924310       -1796.955393        -0.00002662           0.002016
   89.        -2690.924333       -1796.955416        -0.00002328           0.001863
   90.        -2690.924351       -1796.955434        -0.00001790           0.001741
   91.        -2690.924368       -1796.955451        -0.00001747           0.001640
   92.        -2690.924384       -1796.955467        -0.00001545           0.001540
   93.        -2690.924397       -1796.955480        -0.00001358           0.001427
   94.        -2690.924409       -1796.955492        -0.00001175           0.001337
   95.        -2690.924419       -1796.955502        -0.00001018           0.001237
   96.        -2690.924428       -1796.955511        -0.00000845           0.001167
   97.        -2690.924436       -1796.955518        -0.00000791           0.001084
   98.        -2690.924442       -1796.955525        -0.00000681           0.001021
   99.        -2690.924446       -1796.955529        -0.00000392           0.001118
  100.        -2690.924450       -1796.955533        -0.00000358           0.000923


  RESULTS OF OCCUPATION-COEFFICIENT OPTIMIZATION
 ================================================

  Ex It  Orb It    Electronic Energy     Total Energy   Energy Convergency    Max Mul-Lag Diff

    1      10     -2691.1222365664    -1797.1533194856     0.0000000000           0.034368
    2      20     -2691.1798626559    -1797.2109455751    -0.0576260895           0.005086
    3      20     -2691.2066572153    -1797.2377401344    -0.0267945593           0.005477
    4      20     -2691.2217308575    -1797.2528137767    -0.0150736422           0.006315
    5      20     -2691.2342787684    -1797.2653616875    -0.0125479109           0.005286
    6      20     -2691.2454358397    -1797.2765187588    -0.0111570713           0.004652
    7      20     -2691.2551692014    -1797.2862521205    -0.0097333617           0.004581
    8      20     -2691.2636201544    -1797.2947030735    -0.0084509530           0.007164
    9      20     -2691.2708893796    -1797.3019722988    -0.0072692253           0.003608
   10      20     -2691.2766041957    -1797.3076871148    -0.0057148160           0.003349
   11      20     -2691.2813053587    -1797.3123882779    -0.0047011631           0.003378
   12      20     -2691.2850367748    -1797.3161196939    -0.0037314160           0.002803
   13      20     -2691.2879177416    -1797.3190006608    -0.0028809669           0.003464
   14      20     -2691.2900836109    -1797.3211665301    -0.0021658693           0.003275
   15      20     -2691.2917353467    -1797.3228182658    -0.0016517358           0.003179
   16      20     -2691.2930795787    -1797.3241624979    -0.0013442321           0.003049
   17      20     -2691.2941297577    -1797.3252126769    -0.0010501790           0.003354
   18      20     -2691.2949673397    -1797.3260502589    -0.0008375820           0.003466
   19      20     -2691.2956042205    -1797.3266871396    -0.0006368808           0.002893
   20      20     -2691.2961018362    -1797.3271847554    -0.0004976157           0.002875
   21      20     -2691.2964834924    -1797.3275664115    -0.0003816562           0.002946
   22      20     -2691.2967467135    -1797.3278296327    -0.0002632211           0.002876
   23      20     -2691.2969660449    -1797.3280489641    -0.0002193314           0.003373
   24      20     -2691.2971547252    -1797.3282376444    -0.0001886803           0.003264
   25      20     -2691.2973281901    -1797.3284111093    -0.0001734649           0.003632
   26      20     -2691.2974769960    -1797.3285599151    -0.0001488058           0.004030
   27      20     -2691.2976178126    -1797.3287007318    -0.0001408167           0.003632
   28      20     -2691.2977466776    -1797.3288295967    -0.0001288649           0.003229
   29      20     -2691.2978445636    -1797.3289274828    -0.0000978861           0.003684
   30      20     -2691.2979306539    -1797.3290135730    -0.0000860903           0.003508
   31      20     -2691.2979804115    -1797.3290633307    -0.0000497576           0.003513
   32      20     -2691.2980137523    -1797.3290966715    -0.0000333408           0.003330
   33      20     -2691.2980338134    -1797.3291167325    -0.0000200610           0.003266
   34      20     -2691.2980425782    -1797.3291254973    -0.0000087648           0.003308
   35      20     -2691.2980585892    -1797.3291415083    -0.0000160110           0.003908
   36      20     -2691.2980764027    -1797.3291593219    -0.0000178136           0.003588
   37      20     -2691.2980817398    -1797.3291646589    -0.0000053370           0.003540
   38      20     -2691.2980862011    -1797.3291691202    -0.0000044613           0.003056
   39      20     -2691.2980972860    -1797.3291802051    -0.0000110849           0.003153
   40      30     -2691.2981733312    -1797.3292562504    -0.0000760452           0.001069
   41      40     -2691.2981874791    -1797.3292703982    -0.0000141479           0.000185
   42      50     -2691.2981900653    -1797.3292729844    -0.0000025862           0.000029
   43      50     -2691.2981900888    -1797.3292730079    -0.0000000235           0.000029


  RESULTS OF THE OCCUPATION OPTIMIZATION
 ========================================

   OM     Occupation      Elag Diag

    1      2.0000000    -79.4298948
    2      2.0000000    -86.6800195
    3      2.0000000    -81.2924125
    4      2.0000000    -62.8639843
    5      2.0000000    -58.5048297
    6      1.9999974     -6.6319121
    7      1.9999962     -5.4168123
    8      1.9999957     -6.6810863
    9      1.9999889     -5.3920798
   10      1.9999868     -5.5828960
   11      1.9999829     -3.2445807
   12      1.9999785    -26.3257165
   13      1.9999735     -7.6779024
   14      1.9999651     -3.2403072
   15      1.9999626     -5.9625425
   16      1.9999595     -3.3523846
   17      1.9999551    -20.6140621
   18      1.9999540     -6.1413013
   19      1.9999504     -6.2862157
   20      1.9999489     -7.8599231
   21      1.9999412     -6.2241395
   22      1.9999304     -6.4146504
   23      1.9999241     -3.5407800
   24      1.9998675     -4.0051140
   25      1.9998594     -3.9092866
   26      1.9998262     -3.9558140
   27      1.9997858     -4.0192759
   28      1.9997228     -7.5834711
   29      1.9997118     -7.6555540
   30      1.9994595     -2.4571931
   31      1.9933686     -0.6837698
   32      1.9931001     -0.9240990
   33      1.9929578     -0.9190015
   34      1.9923754     -0.9637289
   35      1.9911815     -0.7515296
   36      1.9904263     -0.6080604
   37      1.9902308     -0.7957378
   38      1.9900939     -0.5701591
   39      1.9879183     -0.5251367
   40      1.9877303     -0.5710911
   41      1.9867146     -0.5451955
   42      1.9861976     -0.9725133
   43      1.9857377     -0.8646960
   44      1.9852875     -0.5605529
   45      1.9838966     -0.4935786
   46      1.9827313     -0.6531793
   47      1.9819969     -0.5152860
   48      1.9809609     -0.9197411
   49      1.9806100     -0.5836748
   50      1.9797642     -0.4833949
   51      1.9794193     -0.5907176
   52      1.9778316     -0.6175186
   53      1.9757909     -0.4898716
   54      1.9012227     -0.3515733
   55      0.0594286     -0.0174824
   56      0.0072067     -0.0047766
   57      0.0167814     -0.0115968
   58      0.0139859     -0.0097379
   59      0.0059710     -0.0039561
   60      0.0058146     -0.0047450
   61      0.0173410     -0.0177818
   62      0.0138442     -0.0079291
   63      0.0118087     -0.0090606
   64      0.0102619     -0.0061894
   65      0.0095761     -0.0064532
   66      0.0135946     -0.0140803
   67      0.0129927     -0.0154741
   68      0.0089006     -0.0058799
   69      0.0046483     -0.0034247
   70      0.0067218     -0.0048708
   71      0.0033656     -0.0026297
   72      0.0091048     -0.0102511
   73      0.0074393     -0.0055216
   74      0.0008076     -0.0014541
   75      0.0006009     -0.0013750
   76      0.0064599     -0.0092762
   77      0.0063230     -0.0091606
   78      0.0011537     -0.0010703
   79      0.0003053     -0.0009135
   80      0.0002812     -0.0026945
   81      0.0000065     -0.0000614
   82      0.0002140     -0.0010480
   83      0.0001735     -0.0008428
   84      0.0001403     -0.0006817
   85      0.0001321     -0.0006661
   86      0.0000751     -0.0003312
   87      0.0000696     -0.0005367
   88      0.0000588     -0.0004416
   89      0.0000511     -0.0004827
   90      0.0000496     -0.0003765
   91      0.0000459     -0.0003451
   92      0.0000006     -0.0000140
   93      0.0000389     -0.0001670
   94      0.0000372     -0.0002701
   95      0.0000332     -0.0001313
   96      0.0000000     -0.0000000
   97      0.0000215     -0.0006647
   98      0.0000147     -0.0000666
   99      0.0000131     -0.0000877
  100      0.0000008     -0.0000032
  101      0.0000036     -0.0000337
  102      0.0000027     -0.0000219
  103      0.0000021     -0.0000196
  104      0.0000000     -0.0000000
  105      0.0000000     -0.0000000
  106      0.0000000     -0.0000000
  107      0.0000000     -0.0000000
  108      0.0000000     -0.0000000
  109      0.0393487     -0.0122561
  110      0.0170024     -0.0100977
  111      0.0053870     -0.0044792
  112      0.0065947     -0.0053554
  113      0.0142647     -0.0076340
  114      0.0135753     -0.0094311
  115      0.0016981     -0.0025293
  116      0.0041588     -0.0028951
  117      0.0054599     -0.0049062
  118      0.0058415     -0.0039927
  119      0.0051364     -0.0037376
  120      0.0006677     -0.0011400
  121      0.0008097     -0.0016373
  122      0.0043848     -0.0030188
  123      0.0076214     -0.0052910
  124      0.0053599     -0.0037506
  125      0.0065405     -0.0049449
  126      0.0006643     -0.0012205
  127      0.0021344     -0.0017594
  128      0.0080109     -0.0091765
  129      0.0070237     -0.0099250
  130      0.0005824     -0.0012969
  131      0.0005770     -0.0012891
  132      0.0054777     -0.0047078
  133      0.0002352     -0.0007219
  134      0.0000070     -0.0000673
  135      0.0002707     -0.0025861
  136      0.0000003     -0.0000013
  137      0.0000003     -0.0000016
  138      0.0000003     -0.0000016
  139      0.0000004     -0.0000019
  140      0.0000007     -0.0000031
  141      0.0000000     -0.0000002
  142      0.0000000     -0.0000001
  143      0.0000000     -0.0000000
  144      0.0000001     -0.0000003
  145      0.0000001     -0.0000011
  146      0.0000443     -0.0010920
  147      0.0000016     -0.0000052
  148      0.0000002     -0.0000016
  149      0.0000017     -0.0000062
  150      0.0000265     -0.0002430
  151      0.0000000     -0.0000006
  152      0.0000023     -0.0000064
  153      0.0000002     -0.0000010
  154      0.0000103     -0.0000684
  155      0.0000007     -0.0000003
  156      0.0000011     -0.0000029
  157      0.0000005     -0.0000006
  158      0.0000000      0.0000000
  159      0.0000000     -0.0000000
  160      0.0000000     -0.0000000
  161      0.0000000     -0.0000000
  162      0.0000000     -0.0000000

   RO Sum ( 108) =  108.00

  ---------------
   Dipole Moment
  ---------------

      3.3923 Debye [   1.3346  (  -0.4931,  -0.2975,  -1.2040) ]

 ----------------
  Final Energies  
 ----------------

         HF Total Energy =    -1796.9555328062
  Final NOF Total Energy =    -1797.3292730079 ( 3.E-05 , 0.E+00 )
      Correlation Energy =       -0.3737402017



  **************************************************
  *                                                *
  *       SINGLE-POINT DoNOF CALCULATION           *
  *                                                *
  *             FULL OPTIMIZATION                  *
  *                                                *
  *  FINAL RESULTS   FINAL RESULTS  FINAL RESULTS  *
  *                                                *
  **************************************************

  **************************************************
  *         No. EXTERNAL ITER =    43              *
  *         No. of TOTAL ITER =   940              *
  **************************************************

  Elapsed real time :  25591.51  (Seconds)
  Git sha : bcb372acca69df19ae91719c988dea244a3c3d1c                                                            

 The execution finished at 17h 41min on the  1/ 3/2025
