 This is the parallel version of the code
 This is the parallel version of the code
 This is the parallel version of the code
 This is the parallel version of the code
 This is the parallel version of the code
 This is the parallel version of the code
 This is the parallel version of the code
 This is the parallel version of the code
Master:    0

 The execution started at  9h 23min on the 12/ 5/2024

    ===========================================================
    !                                                         !
    !                        Do N O F                         !
    !                                                         !
    !  (Donostia Natural Orbital Functional Software Program) !
    !                                                         !
    !               COPYRIGHT by Mario Piris                  !
    !                                                         !
    !      Donostia International Physics Center (DIPC)       !
    !       University of the Basque Country (UPV/EHU)        !
    !       Basque Foundation for Science (IKERBASQUE)        !
    !                                                         !
    !          GNU General Public License version 3           !
    !                                                         !
    !                  VERSION: Mayo 2024                     !
    !                                                         !
    ===========================================================

 Run Title
 ---------
 p30-5 set                                                                       

 Basis Set
 ---------
 /beegfs_agamede/gscratch/povmieci/SCRATCH/66747/def2-svp.bas                    

 Atom      Charge                Coordinates (Bohr)
                           x             y             z
 H           1.0       -1.3454        2.8595        3.1118
 B           5.0       -0.3629        4.1598        1.3641
 H           1.0       -3.3627        4.9295       -3.5909
 F           9.0        3.7814       -4.9718        1.5900
 B           5.0        3.4423       -3.4650        3.6208
 H           1.0        1.8892        3.4209        1.2887
 H           1.0       -0.3275       -4.2971       -3.5533
 SI         14.0       -3.5877       -1.3951       -1.1040
 H           1.0       -0.3944        6.3184        1.9911
 H           1.0        4.3438       -4.1250        5.5783
 C           6.0       -1.3957       -2.6041       -4.0315
 AL         13.0        0.2179        0.2861        1.2973
 SI         14.0       -2.0000        3.0447       -2.0058
 O           8.0        2.1283       -1.3014        3.3807
 H           1.0       -2.4841       -2.8158       -5.7683
 B           5.0       -0.5424       -0.0435       -3.1692

 Atomic Basis Set
 ----------------
 The contracted primitive functions were unnormalized
 The contracted basis functions are now normalized to unity

  Shell Type  Primitive         Exponent  Contraction Coefficient

 H         

      1   S       1            13.0107010    0.033485484813
      1   S       2             1.9622572    0.234721870881
      1   S       3             0.4445380    0.813770285260

      2   S       4             0.1219496    1.000000000000

      3   P       5             0.8000000    1.000000000000

 B         

      4   S       6           839.3183009   -0.005628883598
      4   S       7           126.2646484   -0.041832794610
      4   S       8            28.6206008   -0.184174881258
      4   S       9             7.8793723   -0.468396550281
      4   S      10             2.4088857   -0.444579308833

      5   S      11             0.2510511    1.000000000000

      6   S      12             0.0836489    1.000000000000

      7   P      13             6.0332224   -0.054032500323
      7   P      14             1.2499158   -0.301940343932
      7   P      15             0.3387168   -0.771707916582

      8   P      16             0.0964156    1.000000000000

      9   D      17             0.5000000    1.000000000000

 H         

     10   S      18            13.0107010    0.033485484813
     10   S      19             1.9622572    0.234721870881
     10   S      20             0.4445380    0.813770285260

     11   S      21             0.1219496    1.000000000000

     12   P      22             0.8000000    1.000000000000

 F         

     13   S      23          2894.8325990   -0.005349321176
     13   S      24           435.4193912   -0.039967734372
     13   S      25            98.8433289   -0.179412617888
     13   S      26            27.4851980   -0.468324686869
     13   S      27             8.5405498   -0.447241605328

     14   S      28             1.0654578    1.000000000000

     15   S      29             0.3324735    1.000000000000

     16   P      30            22.6966339   -0.064782148241
     16   P      31             4.9872339   -0.340357853553
     16   P      32             1.3491614   -0.734858153660

     17   P      33             0.3482988    1.000000000000

     18   D      34             1.4000000    1.000000000000

 B         

     19   S      35           839.3183009   -0.005628883598
     19   S      36           126.2646484   -0.041832794610
     19   S      37            28.6206008   -0.184174881258
     19   S      38             7.8793723   -0.468396550281
     19   S      39             2.4088857   -0.444579308833

     20   S      40             0.2510511    1.000000000000

     21   S      41             0.0836489    1.000000000000

     22   P      42             6.0332224   -0.054032500323
     22   P      43             1.2499158   -0.301940343932
     22   P      44             0.3387168   -0.771707916582

     23   P      45             0.0964156    1.000000000000

     24   D      46             0.5000000    1.000000000000

 H         

     25   S      47            13.0107010    0.033485484813
     25   S      48             1.9622572    0.234721870881
     25   S      49             0.4445380    0.813770285260

     26   S      50             0.1219496    1.000000000000

     27   P      51             0.8000000    1.000000000000

 H         

     28   S      52            13.0107010    0.033485484813
     28   S      53             1.9622572    0.234721870881
     28   S      54             0.4445380    0.813770285260

     29   S      55             0.1219496    1.000000000000

     30   P      56             0.8000000    1.000000000000

 SI        

     31   S      57          6903.7118686    0.005584465887
     31   S      58          1038.4346419    0.041742284436
     31   S      59           235.8758148    0.187528023742
     31   S      60            66.0693852    0.478678596587
     31   S      61            20.2479458    0.429256952162

     32   S      62            34.3534817    0.089834899465
     32   S      63             3.6370788   -0.545685958777
     32   S      64             1.4002049   -0.524810829267

     33   S      65             0.2048441    1.000000000000

     34   S      66             0.0779941    1.000000000000

     35   P      67           179.8390737    0.010133498379
     35   P      68            41.9072588    0.071029041096
     35   P      69            12.9552944    0.255839142169
     35   P      70             4.4383267    0.481498047149
     35   P      71             1.5462248    0.385211960064

     36   P      72             0.3560761    1.000000000000

     37   P      73             0.1000851    1.000000000000

     38   D      74             0.3500000    1.000000000000

 H         

     39   S      75            13.0107010    0.033485484813
     39   S      76             1.9622572    0.234721870881
     39   S      77             0.4445380    0.813770285260

     40   S      78             0.1219496    1.000000000000

     41   P      79             0.8000000    1.000000000000

 H         

     42   S      80            13.0107010    0.033485484813
     42   S      81             1.9622572    0.234721870881
     42   S      82             0.4445380    0.813770285260

     43   S      83             0.1219496    1.000000000000

     44   P      84             0.8000000    1.000000000000

 C         

     45   S      85          1238.4016938    0.005517365048
     45   S      86           186.2900499    0.041088828556
     45   S      87            42.2511763    0.182253821265
     45   S      88            11.6765579    0.468284594374
     45   S      89             3.5930506    0.445758173360

     46   S      90             0.4024515    1.000000000000

     47   S      91             0.1309018    1.000000000000

     48   P      92             9.4680971    0.056888332011
     48   P      93             2.0103545    0.312940593365
     48   P      94             0.5477100    0.760650165091

     49   P      95             0.1526861    1.000000000000

     50   D      96             0.8000000    1.000000000000

 AL        

     51   S      97          5887.5727030    0.005651978962
     51   S      98           885.6122600    0.042218253427
     51   S      99           201.1360490    0.189187196726
     51   S     100            56.2849747    0.480435911881
     51   S     101            17.2295512    0.425872684294

     52   S     102            29.3402499    0.088568603239
     52   S     103             3.0439630   -0.543157066723
     52   S     104             1.1285540   -0.529385510294

     53   S     105             0.1423418    1.000000000000

     54   S     106             0.0544002    1.000000000000

     55   P     107           145.1191881    0.010726377859
     55   P     108            33.7178948    0.074103623546
     55   P     109            10.3698631    0.261296213060
     55   P     110             3.5135616    0.480201235327
     55   P     111             1.1980050    0.384382240624

     56   P     112             0.2658301    1.000000000000

     57   P     113             0.0710034    1.000000000000

     58   D     114             0.3000000    1.000000000000

 SI        

     59   S     115          6903.7118686    0.005584465887
     59   S     116          1038.4346419    0.041742284436
     59   S     117           235.8758148    0.187528023742
     59   S     118            66.0693852    0.478678596587
     59   S     119            20.2479458    0.429256952162

     60   S     120            34.3534817    0.089834899465
     60   S     121             3.6370788   -0.545685958777
     60   S     122             1.4002049   -0.524810829267

     61   S     123             0.2048441    1.000000000000

     62   S     124             0.0779941    1.000000000000

     63   P     125           179.8390737    0.010133498379
     63   P     126            41.9072588    0.071029041096
     63   P     127            12.9552944    0.255839142169
     63   P     128             4.4383267    0.481498047149
     63   P     129             1.5462248    0.385211960064

     64   P     130             0.3560761    1.000000000000

     65   P     131             0.1000851    1.000000000000

     66   D     132             0.3500000    1.000000000000

 O         

     67   S     133          2266.1767785   -0.005389350392
     67   S     134           340.8701019   -0.040234721389
     67   S     135            77.3631352   -0.180081842055
     67   S     136            21.4796449   -0.468288576577
     67   S     137             6.6589433   -0.446926171602

     68   S     138             0.8097598    1.000000000000

     69   S     139             0.2553077    1.000000000000

     70   P     140            17.7215043    0.062630248763
     70   P     141             3.8635505    0.333311384824
     70   P     142             1.0480921    0.741486383081

     71   P     143             0.2764154    1.000000000000

     72   D     144             1.2000000    1.000000000000

 H         

     73   S     145            13.0107010    0.033485484813
     73   S     146             1.9622572    0.234721870881
     73   S     147             0.4445380    0.813770285260

     74   S     148             0.1219496    1.000000000000

     75   P     149             0.8000000    1.000000000000

 B         

     76   S     150           839.3183009   -0.005628883598
     76   S     151           126.2646484   -0.041832794610
     76   S     152            28.6206008   -0.184174881258
     76   S     153             7.8793723   -0.468396550281
     76   S     154             2.4088857   -0.444579308833

     77   S     155             0.2510511    1.000000000000

     78   S     156             0.0836489    1.000000000000

     79   P     157             6.0332224   -0.054032500323
     79   P     158             1.2499158   -0.301940343932
     79   P     159             0.3387168   -0.771707916582

     80   P     160             0.0964156    1.000000000000

     81   D     161             0.5000000    1.000000000000

 Total Number of Basis Set Shells             =   81
 Total Number of Primitives                   =  161
 Number of Cartesian Gaussian Basis Functions =  182
 Number of Electrons                          =   86
 Charge of Molecule                           =    0
 Spin Multiplicity                            =    1
 Number of Occupied Orbitals (Alpha)          =   43
 Number of Occupied Orbitals (Beta )          =   43
 Total Number of Atoms                        =   16

 Input Run Options
 -----------------
 IRUNTYP = 1  MULT = 1  ICHARG =  0 IECP = 0  IEMOM = 1  UNITS = ANGS    

 Integral Options
 ----------------
 CUTOFF = 1.0E-09   ISCHWZ = 1   ERITYP = FULL

 Input NOF Options
 -----------------

 Type of calculation =    Coeff. Opt.:   (ICOEF)         1
 Use Softmax function for Occ. Opt.:     (ISOFTMAX)      1
 Type of Orb. Opt. = Orbital Rotations:  (IORBOPT)       4
 Maximum Number of Occ-Coef Outer Iter.: (MAXIT)      1000

 Natural Orbital Functional Selected:    (IPNOF)         5

 Restart calculation Option:             (RESTART)       F
 Restart Gamma Matrix from GCF file:     (INPUTGAMMA)    0
 Coefficient Matrix from GCF file:       (INPUTC)        0
 Diagonal Elements FMIUG from GCF file:  (INPUTFMIUG)    0
 Cartesian Coordinates from GCF file:    (INPUTCXYZ)     0

 Hartree-Fock Calc. using ID Method:     (HFID)          T
 Threshold Energy Convergence=10**(-N):  (NTHRESHEID)    8
 Max. Number of External Iterations:     (MAXITID)     100
 Ion. Potentials by Koopmans Theorem:    (KOOPMANS)      0
 Orthogonalize the initial Orbitals:     (ORTHO)         T

 Output Option:                          (NPRINT)        0
 Output the Coefficient Matrix:          (IWRITEC)       0
 Do a Mulliken Population Analysis:      (IMULPOP)       0
 Write Information into a WFN file:      (IAIMPAC)       1
 Write Information into a FCHK file:     (IFCHK)         1
 Write Information into a MLP file:      (MOLDEN)        1
 Create Ini. Cond. (ini.xyz) file:       (INICOND)       1
 Calculate IPs using Ext. Koopmans Theo: (IEKT)          0
 Write APSG expansion coefficient file:  (APSG)          F
 Output option for Lagrange Multipliers: (PRINTLAG)      F
 Diagonalize matrix of Lag. Multipliers: (DIAGLAG)       F

------------------------------------------------------------------------

 Orbital Space
 -------------

 Inactive Doubly occupied orbitals up to NO1  =    0
 No. considered Strongly Doubly occupied MOs  =   43
 No. considered Strongly Singly occupied MOs  =    0
 No. of Weakly occ. per St. Doubly occ.  MOs  =    3
 Dimension of the Active Nat. Orb. subspace   =  172
 Secondary Empty orbitals                     =   10

 1e- integrals
 -------------
 Time to do integrals =      0.01
 Guess for MOs = HCORE
        12 MOs were matched and         0 equalized to zero

 No violations of the orthonormality

 2e- integrals
 -------------
 DONTW option skips storage 2e- integrals on Unit 1
            76842316 2e- integrals in     1 records
 Time to do integrals =      5.26

 RHF SCF Calculation
 -------------------
 EXTRAP=T  DAMP=T  DIIS=T
 DMat Conv = 1.0E-05  Ener Tol = 1.0E-08
 Ener Conv = 1.0E-10  DMat Tol = 2.0E-05
 DIIS Conv = 1.0E-07  DMat Tol = 2.0E-05

 ITER      TOTAL ENERGY        E CHANGE     DEN. CHANGE    DIIS ERROR
   1    -1034.6633393274 -1034.6633393274  76.681882180   2.642907088
   2     -973.2893352888    61.3740040386  25.447791647   1.308888965
   3    -1054.9624378389   -81.6731025501   0.009696749   0.755420817
   4    -1054.9986275107    -0.0361896718   0.149664685   0.755149084
   5    -1055.5783673014    -0.5797397907   0.147257124   0.750672108
   6    -1056.1719272555    -0.5935599541   0.152171722   0.745857336
   7    -1056.7923398579    -0.6204126024   0.162959941   0.740637802
   8    -1057.4508702596    -0.6585304017   0.179737300   0.749278580
   9    -1058.1581679224    -0.7072976629   0.203426302   0.758485555
  10    -1058.9233551478    -0.7651872254   0.235085870   0.762646546
  11    -1059.7514303559    -0.8280752081   0.274949244   0.758793513
  12    -1060.6395196980    -0.8880893420   0.321286770   0.744030694
  13    -1061.5738053681    -0.9342856702   0.369860692   0.716510704
  14    -1062.5300999407    -0.9562945726   0.414851132   0.690684477
  15    -1063.4796701444    -0.9495702036   0.450944986   0.681715845
  16    -1064.3977834908    -0.9181133464   0.474920639   0.672346960
  17    -1065.2698776819    -0.8720941912   0.485556826   0.662563294
  18    -1066.0925996566    -0.8227219746   0.482396535   0.652330966
  19    -1066.8711133861    -0.7785137295   0.516975848   0.641607293
  20    -1067.7009331096    -0.8298197235   0.471290349   0.629008776
  21    -1068.5075225619    -0.8065894523   0.413212655   0.615755530
  22    -1069.3788622411    -0.8713396792   1.740598676   0.601246368
  23    -1075.8943140826    -6.5154518415   0.209095429   0.682633089
  24    -1076.9488017910    -1.0544877084   5.863757248   0.699574286
  25    -1087.6149764912   -10.6661747001   2.287003255   0.521965134
  26    -1094.7252525098    -7.1102760187  29.080083438   0.456116600
  27     -973.2594809107   121.4657715991  27.268785081   1.132937057
  28    -1089.8706544275  -116.6111735168   4.269085111   0.573193215
  29    -1108.2556767422   -18.3850223147   0.550685497   0.401121419
  30    -1109.5791410723    -1.3234643302   0.148753615   0.044443821
  31    -1109.6706738412    -0.0915327688   0.078199786   0.018484509
  32    -1109.6868561037    -0.0161822626   0.022707186   0.008699665
  33    -1109.6891016097    -0.0022455060   0.011309184   0.002978964
  34    -1109.6894962689    -0.0003946592   0.005874208   0.001476840
  35    -1109.6896201721    -0.0001239033   0.003219785   0.000620886
  36    -1109.6896533671    -0.0000331950   0.001107145   0.000259929
  37    -1109.6896570677    -0.0000037006   0.000482246   0.000104772
  38    -1109.6896578108    -0.0000007431   0.000222607   0.000053292
  39    -1109.6896580015    -0.0000001907   0.000118957   0.000023692
  40    -1109.6896580450    -0.0000000434   0.000051503   0.000006342
  41    -1109.6896580493    -0.0000000044   0.000016623   0.000003088
  42    -1109.6896580500    -0.0000000006   0.000006210   0.000001226

          -----------------
          DENSITY CONVERGED
          -----------------

 FINAL RHF ENERGY IS    -1109.6896580500 AFTER  42 ITERATIONS

         WAVEFUNCTION NORMALIZATION =       1.0000000000

                ONE ELECTRON ENERGY =   -2735.4218433801
                TWO ELECTRON ENERGY =    1023.3346492764
           NUCLEAR REPULSION ENERGY =     602.3975360537
                                      ------------------
                   RHF TOTAL ENERGY =   -1109.6896580500

 ELECTRON-ELECTRON POTENTIAL ENERGY =    1023.3346492764
  NUCLEUS-ELECTRON POTENTIAL ENERGY =   -3842.2020284415
   NUCLEUS-NUCLEUS POTENTIAL ENERGY =     602.3975360537
                                      ------------------
             TOTAL POTENTIAL ENERGY =   -2216.4698431114
               TOTAL KINETIC ENERGY =    1106.7801850615
                 VIRIAL RATIO (V/T) =       2.0026287722

 Distribution Full ERIs:

 Integrals:                          76842316
 Max size per slaves:                 9605290
 Max size in master:                 86447606


  HARTREE-FOCK 
 ==============

  ITER     ELECTRONIC ENERGY      TOTAL ENERGY   ENERGY CONVERGENCY    MAX MUL-LAG DIFF


  -------------
   HF Energies 
  -------------

                   (aU)              (eV)
     1         -68.777896       -1871.541726
     2         -68.772470       -1871.394086
     3         -58.525751       -1592.566685
     4         -26.294495        -715.509599
     5         -20.572845        -559.815589
     6         -11.247756        -306.067010
     7          -7.695663        -209.409643
     8          -7.637531        -207.827797
     9          -7.602493        -206.874361
    10          -6.143234        -167.165900
    11          -6.135915        -166.966727
    12          -4.948086        -134.644271
    13          -4.254256        -115.764193
    14          -4.253360        -115.739805
    15          -4.252476        -115.715749
    16          -4.243498        -115.471461
    17          -4.243208        -115.463574
    18          -4.242415        -115.441994
    19          -3.266720         -88.891966
    20          -3.266419         -88.883785
    21          -3.264820         -88.840271
    22          -1.576050         -42.886493
    23          -1.327694         -36.128383
    24          -0.972996         -26.476580
    25          -0.841823         -22.907178
    26          -0.779349         -21.207159
    27          -0.745948         -20.298265
    28          -0.716908         -19.508060
    29          -0.697293         -18.974304
    30          -0.670514         -18.245613
    31          -0.633775         -17.245898
    32          -0.593231         -16.142630
    33          -0.567507         -15.442639
    34          -0.564139         -15.351004
    35          -0.556249         -15.136315
    36          -0.539735         -14.686931
    37          -0.518656         -14.113361
    38          -0.508402         -13.834335
    39          -0.494028         -13.443177
    40          -0.419356         -11.411251
    41          -0.367899         -10.011032
    42          -0.339677          -9.243090
    43          -0.303739          -8.265153

    ELECTRONIC HF ENERGY =    -1712.0871941038

         HF TOTAL ENERGY =    -1109.6896580501

  ------------------
   HF Dipole Moment
  ------------------

     18.9134 Debye [   7.4411  (  -3.9628,   5.6119,  -2.8588) ]
    1       0     -1712.0871958491    -1109.6896597954    -0.0000017453           0.000022


  RESULTS OF THE OCCUPATION OPTIMIZATION
 ========================================

   OM     Occupation      Elag Diag

    1      2.0000000    -20.5728452
    2      2.0000000    -11.2477562
    3      2.0000000     -7.6956631
    4      2.0000000     -7.6375314
    5      2.0000000     -7.6024932
    6      2.0000000     -6.1432341
    7      2.0000000     -6.1359146
    8      2.0000000     -4.9480861
    9      2.0000000     -4.2542560
   10      2.0000000     -4.2533598
   11      2.0000000     -4.2524757
   12      2.0000000     -4.2434983
   13      2.0000000     -4.2432085
   14      2.0000000     -4.2424154
   15      2.0000000     -3.2667198
   16      2.0000000     -3.2664191
   17      2.0000000     -3.2648200
   18      2.0000000     -1.5760497
   19      2.0000000     -1.3276937
   20      2.0000000     -0.7793488
   21      2.0000000     -0.6972929
   22      2.0000000     -0.6705140
   23      2.0000000     -0.7169081
   24      2.0000000     -0.9729964
   25      2.0000000     -0.8418233
   26      2.0000000     -0.7459475
   27      2.0000000     -0.6337751
   28      2.0000000     -0.5932307
   29      2.0000000     -0.5641390
   30      2.0000000     -0.5397348
   31      2.0000000     -0.5675066
   32      2.0000000     -0.5084025
   33      2.0000000     -0.5562494
   34      2.0000000    -26.2944951
   35      2.0000000     -0.3396773
   36      2.0000000     -0.5186565
   37      2.0000000     -0.4193558
   38      2.0000000     -0.4940277
   39      2.0000000     -0.3037388
   40      2.0000000     -0.3678987
   41      2.0000000    -58.5257512
   42      2.0000000    -68.7724699
   43      2.0000000    -68.7778972
   44      0.0000000     -0.0000000
   45      0.0000000     -0.0000000
   46      0.0000000      0.0000000
   47      0.0000000     -0.0000000
   48      0.0000000     -0.0000000
   49      0.0000000     -0.0000000
   50      0.0000000     -0.0000000
   51      0.0000000     -0.0000000
   52      0.0000000     -0.0000000
   53      0.0000000     -0.0000000
   54      0.0000000     -0.0000000
   55      0.0000000     -0.0000000
   56      0.0000000     -0.0000000
   57      0.0000000     -0.0000000
   58      0.0000000     -0.0000000
   59      0.0000000     -0.0000000
   60      0.0000000     -0.0000000
   61      0.0000000     -0.0000000
   62      0.0000000     -0.0000000
   63      0.0000000     -0.0000000
   64      0.0000000     -0.0000000
   65      0.0000000     -0.0000000
   66      0.0000000     -0.0000000
   67      0.0000000     -0.0000000
   68      0.0000000     -0.0000000
   69      0.0000000     -0.0000000
   70      0.0000000     -0.0000000
   71      0.0000000     -0.0000000
   72      0.0000000     -0.0000000
   73      0.0000000     -0.0000000
   74      0.0000000     -0.0000000
   75      0.0000000     -0.0000000
   76      0.0000000     -0.0000000
   77      0.0000000     -0.0000000
   78      0.0000000     -0.0000000
   79      0.0000000     -0.0000000
   80      0.0000000     -0.0000000
   81      0.0000000     -0.0000000
   82      0.0000000     -0.0000000
   83      0.0000000     -0.0000000
   84      0.0000000     -0.0000000
   85      0.0000000     -0.0000000
   86      0.0000000     -0.0000000
   87      0.0000000     -0.0000000
   88      0.0000000     -0.0000000
   89      0.0000000     -0.0000000
   90      0.0000000     -0.0000000
   91      0.0000000     -0.0000000
   92      0.0000000     -0.0000000
   93      0.0000000     -0.0000000
   94      0.0000000     -0.0000000
   95      0.0000000     -0.0000000
   96      0.0000000     -0.0000000
   97      0.0000000     -0.0000000
   98      0.0000000     -0.0000000
   99      0.0000000     -0.0000000
  100      0.0000000     -0.0000000
  101      0.0000000     -0.0000000
  102      0.0000000     -0.0000000
  103      0.0000000     -0.0000000
  104      0.0000000     -0.0000000
  105      0.0000000     -0.0000000
  106      0.0000000     -0.0000000
  107      0.0000000     -0.0000000
  108      0.0000000     -0.0000000
  109      0.0000000     -0.0000000
  110      0.0000000     -0.0000000
  111      0.0000000     -0.0000000
  112      0.0000000     -0.0000000
  113      0.0000000     -0.0000000
  114      0.0000000     -0.0000000
  115      0.0000000     -0.0000000
  116      0.0000000     -0.0000000
  117      0.0000000     -0.0000000
  118      0.0000000     -0.0000000
  119      0.0000000     -0.0000000
  120      0.0000000     -0.0000000
  121      0.0000000     -0.0000000
  122      0.0000000     -0.0000000
  123      0.0000000     -0.0000000
  124      0.0000000     -0.0000000
  125      0.0000000     -0.0000000
  126      0.0000000     -0.0000000
  127      0.0000000     -0.0000000
  128      0.0000000     -0.0000000
  129      0.0000000     -0.0000000
  130      0.0000000     -0.0000018
  131      0.0000000     -0.0000000
  132      0.0000000     -0.0000000
  133      0.0000000     -0.0000000
  134      0.0000000     -0.0000000
  135      0.0000000     -0.0000000
  136      0.0000000     -0.0000000
  137      0.0000000     -0.0000000
  138      0.0000000     -0.0000000
  139      0.0000000     -0.0000000
  140      0.0000000     -0.0000000
  141      0.0000000     -0.0000000
  142      0.0000000     -0.0000000
  143      0.0000000     -0.0000000
  144      0.0000000     -0.0000000
  145      0.0000000     -0.0000000
  146      0.0000000     -0.0000000
  147      0.0000000     -0.0000000
  148      0.0000000     -0.0000000
  149      0.0000000     -0.0000000
  150      0.0000000     -0.0000000
  151      0.0000000     -0.0000000
  152      0.0000000     -0.0000000
  153      0.0000000     -0.0000000
  154      0.0000000     -0.0000000
  155      0.0000000     -0.0000000
  156      0.0000000     -0.0000000
  157      0.0000000     -0.0000000
  158      0.0000000     -0.0000000
  159      0.0000000     -0.0000000
  160      0.0000000     -0.0000000
  161      0.0000000     -0.0000000
  162      0.0000000     -0.0000000
  163      0.0000000     -0.0000000
  164      0.0000000     -0.0000000
  165      0.0000000     -0.0000000
  166      0.0000000     -0.0000000
  167      0.0000000     -0.0000000
  168      0.0000000     -0.0000000
  169      0.0000000     -0.0000000
  170      0.0000000     -0.0000000
  171      0.0000000     -0.0000000
  172      0.0000000     -0.0000000

   RO Sum (  86) =   86.00

  ---------------
   Dipole Moment
  ---------------

      1.0722 Debye [   0.4218  (  -0.1957,   0.3244,  -0.1855) ]

 ----------------
  Final Energies  
 ----------------

         HF Total Energy =    -1109.6896580501
  Final NOF Total Energy =    -1109.6896597954 ( 2.E-05 , 0.E+00 )
      Correlation Energy =       -0.0000017453



  **************************************************
  *                                                *
  *       SINGLE-POINT DoNOF CALCULATION           *
  *                                                *
  *             FULL OPTIMIZATION                  *
  *                                                *
  *  FINAL RESULTS   FINAL RESULTS  FINAL RESULTS  *
  *                                                *
  **************************************************

  **************************************************
  *         No. EXTERNAL ITER =     1              *
  *         No. of TOTAL ITER =     0              *
  **************************************************

  Elapsed real time :    114.34  (Seconds)
  Git sha : bcb372acca69df19ae91719c988dea244a3c3d1c                                                            

 The execution finished at  9h 25min on the 12/ 5/2024
