 This is the parallel version of the code
 This is the parallel version of the code
 This is the parallel version of the code
 This is the parallel version of the code
 This is the parallel version of the code
 This is the parallel version of the code
 This is the parallel version of the code
 This is the parallel version of the code
Master:    0

 The execution started at  9h 24min on the 12/ 5/2024

    ===========================================================
    !                                                         !
    !                        Do N O F                         !
    !                                                         !
    !  (Donostia Natural Orbital Functional Software Program) !
    !                                                         !
    !               COPYRIGHT by Mario Piris                  !
    !                                                         !
    !      Donostia International Physics Center (DIPC)       !
    !       University of the Basque Country (UPV/EHU)        !
    !       Basque Foundation for Science (IKERBASQUE)        !
    !                                                         !
    !          GNU General Public License version 3           !
    !                                                         !
    !                  VERSION: Mayo 2024                     !
    !                                                         !
    ===========================================================

 Run Title
 ---------
 p30-5 set                                                                       

 Basis Set
 ---------
 /beegfs_agamede/gscratch/povmieci/SCRATCH/66756/def2-svp.bas                    

 Atom      Charge                Coordinates (Bohr)
                           x             y             z
 C           6.0       -1.2782        0.0644        2.7698
 O           8.0        2.0504        0.6469       -0.2957
 B           5.0       -0.0739        2.4603       -1.3059
 F           9.0        1.1002        4.4350       -2.6480
 H           1.0       -1.8901        0.0206        4.7473
 AL         13.0        0.8101        1.4117       -6.3584
 H           1.0        2.5164        1.7409        3.4534
 H           1.0        2.6205       -1.5802        2.8742
 O           8.0       -0.9247       -3.3766       -0.6814
 B           5.0       -2.1996       -2.5309        1.3565
 BE          4.0        0.9259       -1.6167       -1.9387
 C           6.0        1.6314        0.1808        2.4290
 H           1.0       -3.9634       -3.6861        2.1892
 H           1.0       -1.1710        1.0830       -3.0475
 B           5.0       -2.1826        2.3160        1.1146
 F           9.0        2.0286       -1.5692       -4.6584

 Atomic Basis Set
 ----------------
 The contracted primitive functions were unnormalized
 The contracted basis functions are now normalized to unity

  Shell Type  Primitive         Exponent  Contraction Coefficient

 C         

      1   S       1          1238.4016938    0.005517365048
      1   S       2           186.2900499    0.041088828556
      1   S       3            42.2511763    0.182253821265
      1   S       4            11.6765579    0.468284594374
      1   S       5             3.5930506    0.445758173360

      2   S       6             0.4024515    1.000000000000

      3   S       7             0.1309018    1.000000000000

      4   P       8             9.4680971    0.056888332011
      4   P       9             2.0103545    0.312940593365
      4   P      10             0.5477100    0.760650165091

      5   P      11             0.1526861    1.000000000000

      6   D      12             0.8000000    1.000000000000

 O         

      7   S      13          2266.1767785   -0.005389350392
      7   S      14           340.8701019   -0.040234721389
      7   S      15            77.3631352   -0.180081842055
      7   S      16            21.4796449   -0.468288576577
      7   S      17             6.6589433   -0.446926171602

      8   S      18             0.8097598    1.000000000000

      9   S      19             0.2553077    1.000000000000

     10   P      20            17.7215043    0.062630248763
     10   P      21             3.8635505    0.333311384824
     10   P      22             1.0480921    0.741486383081

     11   P      23             0.2764154    1.000000000000

     12   D      24             1.2000000    1.000000000000

 B         

     13   S      25           839.3183009   -0.005628883598
     13   S      26           126.2646484   -0.041832794610
     13   S      27            28.6206008   -0.184174881258
     13   S      28             7.8793723   -0.468396550281
     13   S      29             2.4088857   -0.444579308833

     14   S      30             0.2510511    1.000000000000

     15   S      31             0.0836489    1.000000000000

     16   P      32             6.0332224   -0.054032500323
     16   P      33             1.2499158   -0.301940343932
     16   P      34             0.3387168   -0.771707916582

     17   P      35             0.0964156    1.000000000000

     18   D      36             0.5000000    1.000000000000

 F         

     19   S      37          2894.8325990   -0.005349321176
     19   S      38           435.4193912   -0.039967734372
     19   S      39            98.8433289   -0.179412617888
     19   S      40            27.4851980   -0.468324686869
     19   S      41             8.5405498   -0.447241605328

     20   S      42             1.0654578    1.000000000000

     21   S      43             0.3324735    1.000000000000

     22   P      44            22.6966339   -0.064782148241
     22   P      45             4.9872339   -0.340357853553
     22   P      46             1.3491614   -0.734858153660

     23   P      47             0.3482988    1.000000000000

     24   D      48             1.4000000    1.000000000000

 H         

     25   S      49            13.0107010    0.033485484813
     25   S      50             1.9622572    0.234721870881
     25   S      51             0.4445380    0.813770285260

     26   S      52             0.1219496    1.000000000000

     27   P      53             0.8000000    1.000000000000

 AL        

     28   S      54          5887.5727030    0.005651978962
     28   S      55           885.6122600    0.042218253427
     28   S      56           201.1360490    0.189187196726
     28   S      57            56.2849747    0.480435911881
     28   S      58            17.2295512    0.425872684294

     29   S      59            29.3402499    0.088568603239
     29   S      60             3.0439630   -0.543157066723
     29   S      61             1.1285540   -0.529385510294

     30   S      62             0.1423418    1.000000000000

     31   S      63             0.0544002    1.000000000000

     32   P      64           145.1191881    0.010726377859
     32   P      65            33.7178948    0.074103623546
     32   P      66            10.3698631    0.261296213060
     32   P      67             3.5135616    0.480201235327
     32   P      68             1.1980050    0.384382240624

     33   P      69             0.2658301    1.000000000000

     34   P      70             0.0710034    1.000000000000

     35   D      71             0.3000000    1.000000000000

 H         

     36   S      72            13.0107010    0.033485484813
     36   S      73             1.9622572    0.234721870881
     36   S      74             0.4445380    0.813770285260

     37   S      75             0.1219496    1.000000000000

     38   P      76             0.8000000    1.000000000000

 H         

     39   S      77            13.0107010    0.033485484813
     39   S      78             1.9622572    0.234721870881
     39   S      79             0.4445380    0.813770285260

     40   S      80             0.1219496    1.000000000000

     41   P      81             0.8000000    1.000000000000

 O         

     42   S      82          2266.1767785   -0.005389350392
     42   S      83           340.8701019   -0.040234721389
     42   S      84            77.3631352   -0.180081842055
     42   S      85            21.4796449   -0.468288576577
     42   S      86             6.6589433   -0.446926171602

     43   S      87             0.8097598    1.000000000000

     44   S      88             0.2553077    1.000000000000

     45   P      89            17.7215043    0.062630248763
     45   P      90             3.8635505    0.333311384824
     45   P      91             1.0480921    0.741486383081

     46   P      92             0.2764154    1.000000000000

     47   D      93             1.2000000    1.000000000000

 B         

     48   S      94           839.3183009   -0.005628883598
     48   S      95           126.2646484   -0.041832794610
     48   S      96            28.6206008   -0.184174881258
     48   S      97             7.8793723   -0.468396550281
     48   S      98             2.4088857   -0.444579308833

     49   S      99             0.2510511    1.000000000000

     50   S     100             0.0836489    1.000000000000

     51   P     101             6.0332224   -0.054032500323
     51   P     102             1.2499158   -0.301940343932
     51   P     103             0.3387168   -0.771707916582

     52   P     104             0.0964156    1.000000000000

     53   D     105             0.5000000    1.000000000000

 BE        

     54   S     106           515.1861613    0.005837635441
     54   S     107            77.5110376    0.043234967111
     54   S     108            17.5524817    0.188026956444
     54   S     109             4.8028941    0.469576904234
     54   S     110             1.4516214    0.440951660947

     55   S     111             0.1328163    1.000000000000

     56   S     112             0.0458374    1.000000000000

     57   P     113             3.6316917   -0.045461968666
     57   P     114             0.7169569   -0.264276543343
     57   P     115             0.1954193   -0.804884200890

     58   P     116             0.0605155    1.000000000000

 C         

     59   S     117          1238.4016938    0.005517365048
     59   S     118           186.2900499    0.041088828556
     59   S     119            42.2511763    0.182253821265
     59   S     120            11.6765579    0.468284594374
     59   S     121             3.5930506    0.445758173360

     60   S     122             0.4024515    1.000000000000

     61   S     123             0.1309018    1.000000000000

     62   P     124             9.4680971    0.056888332011
     62   P     125             2.0103545    0.312940593365
     62   P     126             0.5477100    0.760650165091

     63   P     127             0.1526861    1.000000000000

     64   D     128             0.8000000    1.000000000000

 H         

     65   S     129            13.0107010    0.033485484813
     65   S     130             1.9622572    0.234721870881
     65   S     131             0.4445380    0.813770285260

     66   S     132             0.1219496    1.000000000000

     67   P     133             0.8000000    1.000000000000

 H         

     68   S     134            13.0107010    0.033485484813
     68   S     135             1.9622572    0.234721870881
     68   S     136             0.4445380    0.813770285260

     69   S     137             0.1219496    1.000000000000

     70   P     138             0.8000000    1.000000000000

 B         

     71   S     139           839.3183009   -0.005628883598
     71   S     140           126.2646484   -0.041832794610
     71   S     141            28.6206008   -0.184174881258
     71   S     142             7.8793723   -0.468396550281
     71   S     143             2.4088857   -0.444579308833

     72   S     144             0.2510511    1.000000000000

     73   S     145             0.0836489    1.000000000000

     74   P     146             6.0332224   -0.054032500323
     74   P     147             1.2499158   -0.301940343932
     74   P     148             0.3387168   -0.771707916582

     75   P     149             0.0964156    1.000000000000

     76   D     150             0.5000000    1.000000000000

 F         

     77   S     151          2894.8325990   -0.005349321176
     77   S     152           435.4193912   -0.039967734372
     77   S     153            98.8433289   -0.179412617888
     77   S     154            27.4851980   -0.468324686869
     77   S     155             8.5405498   -0.447241605328

     78   S     156             1.0654578    1.000000000000

     79   S     157             0.3324735    1.000000000000

     80   P     158            22.6966339   -0.064782148241
     80   P     159             4.9872339   -0.340357853553
     80   P     160             1.3491614   -0.734858153660

     81   P     161             0.3482988    1.000000000000

     82   D     162             1.4000000    1.000000000000

 Total Number of Basis Set Shells             =   82
 Total Number of Primitives                   =  162
 Number of Cartesian Gaussian Basis Functions =  188
 Number of Electrons                          =   83
 Charge of Molecule                           =    0
 Spin Multiplicity                            =    2
 Number of Occupied Orbitals (Alpha)          =   42
 Number of Occupied Orbitals (Beta )          =   41
 Total Number of Atoms                        =   16

 Input Run Options
 -----------------
 IRUNTYP = 1  MULT = 2  ICHARG =  0 IECP = 0  IEMOM = 1  UNITS = ANGS    

 Integral Options
 ----------------
 CUTOFF = 1.0E-09   ISCHWZ = 1   ERITYP = FULL

 Input NOF Options
 -----------------

 Type of calculation =    Coeff. Opt.:   (ICOEF)         1
 Use Softmax function for Occ. Opt.:     (ISOFTMAX)      1
 Type of Orb. Opt. = Orbital Rotations:  (IORBOPT)       4
 Maximum Number of Occ-Coef Outer Iter.: (MAXIT)      1000

 Natural Orbital Functional Selected:    (IPNOF)         5
 Spin-Multiplet, High-Spin State Option: (HighSpin)      F

 Restart calculation Option:             (RESTART)       F
 Restart Gamma Matrix from GCF file:     (INPUTGAMMA)    0
 Coefficient Matrix from GCF file:       (INPUTC)        0
 Diagonal Elements FMIUG from GCF file:  (INPUTFMIUG)    0
 Cartesian Coordinates from GCF file:    (INPUTCXYZ)     0

 Hartree-Fock Calc. using ID Method:     (HFID)          T
 Threshold Energy Convergence=10**(-N):  (NTHRESHEID)    8
 Max. Number of External Iterations:     (MAXITID)     100
 Ion. Potentials by Koopmans Theorem:    (KOOPMANS)      0
 Orthogonalize the initial Orbitals:     (ORTHO)         T

 Output Option:                          (NPRINT)        0
 Output the Coefficient Matrix:          (IWRITEC)       0
 Do a Mulliken Population Analysis:      (IMULPOP)       0
 Write Information into a WFN file:      (IAIMPAC)       1
 Write Information into a FCHK file:     (IFCHK)         1
 Write Information into a MLP file:      (MOLDEN)        1
 Create Ini. Cond. (ini.xyz) file:       (INICOND)       1
 Calculate IPs using Ext. Koopmans Theo: (IEKT)          0
 Write APSG expansion coefficient file:  (APSG)          F
 Output option for Lagrange Multipliers: (PRINTLAG)      F
 Diagonalize matrix of Lag. Multipliers: (DIAGLAG)       F

------------------------------------------------------------------------

 Orbital Space
 -------------

 Inactive Doubly occupied orbitals up to NO1  =    0
 No. considered Strongly Doubly occupied MOs  =   41
 No. considered Strongly Singly occupied MOs  =    1
 No. of Weakly occ. per St. Doubly occ.  MOs  =    3
 Dimension of the Active Nat. Orb. subspace   =  164
 Secondary Empty orbitals                     =   23

 1e- integrals
 -------------
 Time to do integrals =      0.01
 Guess for MOs = HCORE
        12 MOs were matched and         0 equalized to zero

 No violations of the orthonormality

 2e- integrals
 -------------
 DONTW option skips storage 2e- integrals on Unit 1
           104579248 2e- integrals in     1 records
 Time to do integrals =      8.41

 ROHF SCF Calculation
 --------------------
 EXTRAP=T  DAMP=T  DIIS=T
 DMat Conv = 1.0E-05  Ener Tol = 1.0E-08
 Ener Conv = 1.0E-10  DMat Tol = 2.0E-05
 DIIS Conv = 1.0E-07  DMat Tol = 2.0E-05

 ITER      TOTAL ENERGY        E CHANGE     DEN. CHANGE    DIIS ERROR
   1     -674.3090284111  -674.3090284111  78.669185588   2.800761428
   2     -543.5021461674   130.8068822437  80.381880637   0.755967596
   3     -650.0022332914  -106.5000871240   0.141442550   0.942870743
   4     -651.9204508448    -1.9182175534   1.347367727   0.993132616
   5     -684.2818695463   -32.3614187015   0.708359804   0.702308910
   6     -698.2298891720   -13.9480196256   7.011199196   0.548995160
   7     -735.0792030448   -36.8493138728  56.877072915   0.339834432
   8     -549.6372038833   185.4419991615  55.753755006   1.289502441
   9     -677.9494808703  -128.3122769869   4.649749588   0.877521199
  10     -736.8948477124   -58.9453668421   2.566250572   0.552665845
  11     -749.6462186684   -12.7513709560   1.031334743   0.548220828
  12     -757.1798692444    -7.5336505761   0.246168869   0.216862702
  13     -757.5415465920    -0.3616773476   0.106364388   0.073897798
  14     -757.6053045060    -0.0637579140   0.067425189   0.026198296
  15     -757.6161610145    -0.0108565085   0.018851359   0.003281061
  16     -757.6167129716    -0.0005519571   0.007014551   0.001238048
  17     -757.6168336995    -0.0001207279   0.003944927   0.000557349
  18     -757.6168589339    -0.0000252344   0.001262221   0.000185692
  19     -757.6168636760    -0.0000047421   0.001163162   0.000097806
  20     -757.6168661812    -0.0000025052   0.000701274   0.000046890
  21     -757.6168669795    -0.0000007982   0.000413298   0.000023787
  22     -757.6168672247    -0.0000002452   0.000223292   0.000009928
  23     -757.6168672776    -0.0000000529   0.000067990   0.000005046
  24     -757.6168672846    -0.0000000070   0.000032239   0.000002603
  25     -757.6168672864    -0.0000000018   0.000011474   0.000001059
  26     -757.6168672866    -0.0000000003   0.000002419   0.000000278

          -----------------
          DENSITY CONVERGED
          -----------------

 FINAL ROHF ENERGY IS     -757.6168672866 AFTER  26 ITERATIONS

          --------------------
          SPIN SZ   =    0.500
          S-SQUARED =    0.750
          --------------------

         WAVEFUNCTION NORMALIZATION =       1.0000000000

                ONE ELECTRON ENERGY =   -2269.1865030321
                TWO ELECTRON ENERGY =     897.3517126180
           NUCLEAR REPULSION ENERGY =     614.2179231274
                                      ------------------
                   RHF TOTAL ENERGY =    -757.6168672866

 ELECTRON-ELECTRON POTENTIAL ENERGY =     897.3517126180
  NUCLEUS-ELECTRON POTENTIAL ENERGY =   -3023.3780618022
   NUCLEUS-NUCLEUS POTENTIAL ENERGY =     614.2179231274
                                      ------------------
             TOTAL POTENTIAL ENERGY =   -1511.8084260567
               TOTAL KINETIC ENERGY =     754.1915587701
                 VIRIAL RATIO (V/T) =       2.0045416956

 Distribution Full ERIs:

 Integrals:                         104579248
 Max size per slaves:                13072408
 Max size in master:                117651656


  HARTREE-FOCK 
 ==============

  ITER     ELECTRONIC ENERGY      TOTAL ENERGY   ENERGY CONVERGENCY    MAX MUL-LAG DIFF

    2.        -1369.755820        -755.537897         2.07663319           0.311649
    3.        -1273.418712        -659.200789        96.33710813           0.754885
    4.        -1224.450766        -610.232843        48.96794584           0.940457
    5.        -1322.271809        -708.053886       -97.82104345           1.467026
    6.        -1257.992619        -643.774696        64.27919011           4.718372
    7.        -1139.330555        -525.112632       118.66206453          11.354048
    8.        -1088.247983        -474.030060        51.08257141          14.108550
    9.        -1314.272721        -700.054798      -226.02473787           2.864169
   10.        -1363.528336        -749.310413       -49.25561528           0.328829
   11.        -1367.612143        -753.394220        -4.08380659           0.179704
   12.        -1369.304915        -755.086992        -1.69277229           0.132324
   13.        -1370.165225        -755.947302        -0.86031014           0.103865
   14.        -1370.637919        -756.419996        -0.47269344           0.090275
   15.        -1370.943756        -756.725833        -0.30583688           0.067625
   16.        -1371.153310        -756.935387        -0.20955466           0.053751
   17.        -1371.299094        -757.081171        -0.14578397           0.049227
   18.        -1371.405661        -757.187738        -0.10656666           0.045556
   19.        -1371.482435        -757.264512        -0.07677385           0.045309
   20.        -1371.543070        -757.325147        -0.06063550           0.045380
   21.        -1371.589168        -757.371245        -0.04609777           0.048993
   22.        -1371.630697        -757.412774        -0.04152868           0.047311
   23.        -1371.665416        -757.447493        -0.03471903           0.048076
   24.        -1371.693641        -757.475718        -0.02822533           0.044996
   25.        -1371.719123        -757.501200        -0.02548199           0.044865
   26.        -1371.734331        -757.516408        -0.01520761           0.038975
   27.        -1371.753562        -757.535639        -0.01923162           0.041708
   28.        -1371.768610        -757.550687        -0.01504741           0.032937
   29.        -1371.778102        -757.560179        -0.00949265           0.030578
   30.        -1371.789190        -757.571267        -0.01108750           0.032552
   31.        -1371.798577        -757.580654        -0.00938720           0.030458
   32.        -1371.803764        -757.585841        -0.00518723           0.029593
   33.        -1371.808545        -757.590622        -0.00478072           0.025940
   34.        -1371.812213        -757.594289        -0.00366751           0.025294
   35.        -1371.815364        -757.597441        -0.00315122           0.023654
   36.        -1371.818511        -757.600588        -0.00314720           0.018245
   37.        -1371.821128        -757.603205        -0.00261742           0.017689
   38.        -1371.823022        -757.605099        -0.00189380           0.018547
   39.        -1371.824606        -757.606683        -0.00158378           0.014038
   40.        -1371.826097        -757.608174        -0.00149101           0.014828
   41.        -1371.827453        -757.609530        -0.00135606           0.014176
   42.        -1371.828365        -757.610442        -0.00091225           0.011942
   43.        -1371.829502        -757.611579        -0.00113662           0.011381
   44.        -1371.830351        -757.612428        -0.00084913           0.009860
   45.        -1371.831014        -757.613091        -0.00066329           0.008984
   46.        -1371.831579        -757.613656        -0.00056439           0.008301
   47.        -1371.831905        -757.613982        -0.00032590           0.008437
   48.        -1371.832269        -757.614345        -0.00036392           0.007317
   49.        -1371.832653        -757.614730        -0.00038424           0.006847
   50.        -1371.832981        -757.615058        -0.00032842           0.006371
   51.        -1371.833246        -757.615322        -0.00026425           0.005930
   52.        -1371.833441        -757.615518        -0.00019524           0.005537
   53.        -1371.833615        -757.615692        -0.00017392           0.005193
   54.        -1371.833782        -757.615859        -0.00016745           0.004818
   55.        -1371.833930        -757.616007        -0.00014831           0.004517
   56.        -1371.834052        -757.616129        -0.00012126           0.004218
   57.        -1371.834156        -757.616232        -0.00010389           0.003968
   58.        -1371.834241        -757.616318        -0.00008559           0.003680
   59.        -1371.834319        -757.616396        -0.00007833           0.003464
   60.        -1371.834381        -757.616458        -0.00006138           0.003233
   61.        -1371.834437        -757.616514        -0.00005656           0.003033
   62.        -1371.834486        -757.616562        -0.00004808           0.002821
   63.        -1371.834527        -757.616604        -0.00004134           0.002646
   64.        -1371.834562        -757.616639        -0.00003553           0.002465
   65.        -1371.834592        -757.616669        -0.00002975           0.002292
   66.        -1371.834618        -757.616695        -0.00002558           0.002161
   67.        -1371.834640        -757.616717        -0.00002276           0.002037
   68.        -1371.834661        -757.616738        -0.00002049           0.001909
   69.        -1371.834678        -757.616754        -0.00001657           0.001797
   70.        -1371.834692        -757.616769        -0.00001477           0.001676
   71.        -1371.834705        -757.616782        -0.00001281           0.001580
   72.        -1371.834715        -757.616792        -0.00001022           0.001495
   73.        -1371.834725        -757.616802        -0.00001002           0.001372
   74.        -1371.834734        -757.616810        -0.00000815           0.001299
   75.        -1371.834741        -757.616817        -0.00000698           0.001226
   76.        -1371.834747        -757.616824        -0.00000613           0.001147
   77.        -1371.834752        -757.616829        -0.00000512           0.001078
   78.        -1371.834757        -757.616834        -0.00000487           0.001015
   79.        -1371.834760        -757.616837        -0.00000314           0.000977
   80.        -1371.834762        -757.616839        -0.00000249           0.000936
   81.        -1371.834765        -757.616841        -0.00000229           0.000898
   82.        -1371.834767        -757.616844        -0.00000210           0.000861
   83.        -1371.834769        -757.616845        -0.00000192           0.000826
   84.        -1371.834770        -757.616847        -0.00000177           0.000793
   85.        -1371.834772        -757.616849        -0.00000162           0.000761
   86.        -1371.834773        -757.616850        -0.00000149           0.000730
   87.        -1371.834775        -757.616852        -0.00000137           0.000701
   88.        -1371.834776        -757.616853        -0.00000125           0.000673
   89.        -1371.834777        -757.616854        -0.00000115           0.000646
   90.        -1371.834778        -757.616855        -0.00000106           0.000620
   91.        -1371.834779        -757.616856        -0.00000097           0.000595
   92.        -1371.834780        -757.616857        -0.00000089           0.000572
   93.        -1371.834781        -757.616858        -0.00000082           0.000549
   94.        -1371.834782        -757.616859        -0.00000075           0.000527
   95.        -1371.834782        -757.616859        -0.00000069           0.000506
   96.        -1371.834783        -757.616860        -0.00000064           0.000486
   97.        -1371.834784        -757.616861        -0.00000059           0.000467
   98.        -1371.834784        -757.616861        -0.00000054           0.000449
   99.        -1371.834785        -757.616862        -0.00000050           0.000431
  100.        -1371.834785        -757.616862        -0.00000046           0.000414


  RESULTS OF OCCUPATION-COEFFICIENT OPTIMIZATION
 ================================================

  Ex It  Orb It    Electronic Energy     Total Energy   Energy Convergency    Max Mul-Lag Diff

    1      10     -1371.8351870601     -757.6172639327     0.0000000000           0.000414
    2      30     -1371.8382891878     -757.6203660603    -0.0031021277           0.000749
    3      30     -1371.8750695055     -757.6571463780    -0.0367803177           0.000824
    4      30     -1371.9524823985     -757.7345592711    -0.0774128930           0.001998
    5      30     -1372.0376340731     -757.8197109457    -0.0851516746           0.003318
    6      30     -1372.1080794037     -757.8901562762    -0.0704453305           0.004744
    7      30     -1372.1588331532     -757.9409100257    -0.0507537495           0.005466
    8      30     -1372.1962443658     -757.9783212383    -0.0374112126           0.005754
    9      30     -1372.2246972616     -758.0067741341    -0.0284528958           0.006514
   10      30     -1372.2466879985     -758.0287648711    -0.0219907369           0.008504
   11      30     -1372.2636062922     -758.0456831647    -0.0169182937           0.009797
   12      30     -1372.2772332016     -758.0593100741    -0.0136269094           0.009956
   13      30     -1372.2888220435     -758.0708989161    -0.0115888420           0.008313
   14      30     -1372.2984761171     -758.0805529897    -0.0096540736           0.004664
   15      30     -1372.3058002756     -758.0878771481    -0.0073241584           0.002607
   16      30     -1372.3109719747     -758.0930488473    -0.0051716992           0.001885
   17      30     -1372.3142062894     -758.0962831619    -0.0032343146           0.001524
   18      30     -1372.3159837936     -758.0980606661    -0.0017775042           0.001185
   19      30     -1372.3170269318     -758.0991038044    -0.0010431382           0.000799
   20      30     -1372.3176329847     -758.0997098573    -0.0006060529           0.000567
   21      30     -1372.3179929589     -758.1000698314    -0.0003599741           0.000544
   22      30     -1372.3182227497     -758.1002996223    -0.0002297909           0.000572
   23      30     -1372.3184222571     -758.1004991296    -0.0001995073           0.000558
   24      30     -1372.3185839312     -758.1006608038    -0.0001616742           0.000562
   25      30     -1372.3187211931     -758.1007980656    -0.0001372619           0.000565
   26      30     -1372.3188307831     -758.1009076556    -0.0001095900           0.000575
   27      30     -1372.3189264350     -758.1010033076    -0.0000956520           0.000565
   28      30     -1372.3189924560     -758.1010693286    -0.0000660210           0.000583
   29      30     -1372.3190313649     -758.1011082375    -0.0000389089           0.000544
   30      30     -1372.3190559710     -758.1011328436    -0.0000246061           0.000558
   31      30     -1372.3190778045     -758.1011546770    -0.0000218335           0.000558
   32      30     -1372.3190934664     -758.1011703390    -0.0000156619           0.000539
   33      30     -1372.3191018388     -758.1011787113    -0.0000083724           0.000545
   34      40     -1372.3191114037     -758.1011882762    -0.0000095649           0.000111
   35      40     -1372.3191213057     -758.1011981783    -0.0000099020           0.000109
   36      40     -1372.3191309830     -758.1012078556    -0.0000096773           0.000104
   37      40     -1372.3191391247     -758.1012159972    -0.0000081417           0.000106
   38      40     -1372.3191485624     -758.1012254350    -0.0000094377           0.000108
   39      40     -1372.3191630645     -758.1012399371    -0.0000145021           0.000117
   40      40     -1372.3191917661     -758.1012686386    -0.0000287015           0.000112
   41      40     -1372.3192389384     -758.1013158110    -0.0000471723           0.000107
   42      40     -1372.3192910504     -758.1013679230    -0.0000521120           0.000112
   43      40     -1372.3193419325     -758.1014188050    -0.0000508821           0.000111
   44      40     -1372.3193835549     -758.1014604275    -0.0000416225           0.000106
   45      40     -1372.3194142807     -758.1014911532    -0.0000307257           0.000105
   46      40     -1372.3194328488     -758.1015097214    -0.0000185681           0.000110
   47      40     -1372.3194426647     -758.1015195373    -0.0000098159           0.000107
   48      40     -1372.3194486377     -758.1015255103    -0.0000059730           0.000108
   49      40     -1372.3194539939     -758.1015308664    -0.0000053561           0.000107
   50      40     -1372.3194596493     -758.1015365219    -0.0000056554           0.000104
   51      40     -1372.3194653994     -758.1015422719    -0.0000057500           0.000107
   52      40     -1372.3194707727     -758.1015476452    -0.0000053733           0.000106
   53      40     -1372.3194752985     -758.1015521710    -0.0000045258           0.000108
   54      40     -1372.3194791429     -758.1015560155    -0.0000038445           0.000104
   55      50     -1372.3194809925     -758.1015578650    -0.0000018495           0.000018


  RESULTS OF THE OCCUPATION OPTIMIZATION
 ========================================

   OM     Occupation      Elag Diag

    1      2.0000000    -58.5203474
    2      1.9999827    -26.3365380
    3      1.9999816    -26.2959161
    4      1.9999725     -3.2533559
    5      1.9999593    -20.5421970
    6      1.9999581     -4.7278649
    7      1.9999570    -20.6142803
    8      1.9999133     -3.7055392
    9      1.9999059     -3.8305477
   10      1.9998613     -3.9129466
   11      1.9998173    -11.2070464
   12      1.9998121    -11.3165640
   13      1.9997267     -7.6292174
   14      1.9997244     -7.6115996
   15      1.9997188     -7.6700084
   16      1.9936141     -0.9302098
   17      1.9925950     -0.8772440
   18      1.9924318     -0.8822422
   19      1.9921308     -0.9070813
   20      1.9920767     -0.9103623
   21      1.9913377     -0.9958273
   22      1.9911861     -0.7583983
   23      1.9910853     -1.0132599
   24      1.9903752     -0.8698015
   25      1.9900269     -0.6780654
   26      1.9896943     -0.8378160
   27      1.9883405     -1.0036707
   28      1.9880450     -0.6592087
   29      1.9874328     -0.8820754
   30      1.9866344     -0.7766884
   31      1.9866343     -0.7979753
   32      1.9864538     -0.6328699
   33      1.9851183     -0.7366101
   34      1.9820886     -0.6335856
   35      1.9811436     -0.8946642
   36      1.9810673     -0.5701833
   37      1.9800872     -0.6711039
   38      1.9795150     -0.7153889
   39      1.9793969     -0.7120465
   40      1.9770972     -0.5624148
   41      1.9012258     -0.3642778
   42      1.0000000     -0.1764269
   43      0.0563076     -0.0170260
   44      0.0045630     -0.0040053
   45      0.0019006     -0.0023085
   46      0.0030086     -0.0033366
   47      0.0145729     -0.0115712
   48      0.0080297     -0.0057440
   49      0.0178464     -0.0177296
   50      0.0027298     -0.0027897
   51      0.0128546     -0.0111856
   52      0.0009248     -0.0010599
   53      0.0120083     -0.0122826
   54      0.0001376     -0.0002129
   55      0.0009722     -0.0015932
   56      0.0089115     -0.0075723
   57      0.0109537     -0.0139995
   58      0.0001811     -0.0003323
   59      0.0005779     -0.0010327
   60      0.0088219     -0.0103900
   61      0.0000773     -0.0001575
   62      0.0075297     -0.0087787
   63      0.0080996     -0.0110993
   64      0.0068039     -0.0095449
   65      0.0005558     -0.0011802
   66      0.0004373     -0.0009453
   67      0.0064486     -0.0090932
   68      0.0004581     -0.0010295
   69      0.0002773     -0.0026715
   70      0.0002676     -0.0025553
   71      0.0000071     -0.0000700
   72      0.0000013     -0.0000173
   73      0.0000024     -0.0000326
   74      0.0000001      0.0000000
   75      0.0000935     -0.0004578
   76      0.0000003     -0.0000015
   77      0.0000000     -0.0000002
   78      0.0000121     -0.0000757
   79      0.0000001     -0.0000010
   80      0.0000002     -0.0000008
   81      0.0000000     -0.0000001
   82      0.0000000      0.0000000
   83      0.0000000     -0.0000000
   84      0.0344446     -0.0111156
   85      0.0131777     -0.0092810
   86      0.0156748     -0.0129096
   87      0.0155552     -0.0128590
   88      0.0034406     -0.0035549
   89      0.0089663     -0.0062581
   90      0.0009629     -0.0014513
   91      0.0109151     -0.0083232
   92      0.0015858     -0.0019029
   93      0.0025788     -0.0025620
   94      0.0011863     -0.0016286
   95      0.0010316     -0.0014314
   96      0.0115305     -0.0125565
   97      0.0022670     -0.0023479
   98      0.0006523     -0.0012979
   99      0.0095126     -0.0107445
  100      0.0008412     -0.0014463
  101      0.0004609     -0.0009173
  102      0.0003767     -0.0007552
  103      0.0005739     -0.0010837
  104      0.0000062     -0.0000129
  105      0.0006001     -0.0012950
  106      0.0066843     -0.0093863
  107      0.0006899     -0.0015243
  108      0.0005949     -0.0012786
  109      0.0000219     -0.0000365
  110      0.0000012     -0.0000064
  111      0.0000037     -0.0000332
  112      0.0002638     -0.0025384
  113      0.0000027     -0.0000364
  114      0.0001797     -0.0025531
  115      0.0001385     -0.0006696
  116      0.0000002     -0.0000004
  117      0.0000862     -0.0003958
  118      0.0000000     -0.0000011
  119      0.0000084     -0.0000500
  120      0.0000406     -0.0010033
  121      0.0000008     -0.0000029
  122      0.0000000     -0.0000001
  123      0.0000000     -0.0000001
  124      0.0000000     -0.0000000
  125      0.0080220     -0.0033370
  126      0.0051621     -0.0043277
  127      0.0030277     -0.0033548
  128      0.0019213     -0.0023297
  129      0.0018994     -0.0021953
  130      0.0019368     -0.0017398
  131      0.0000471     -0.0000923
  132      0.0042665     -0.0039997
  133      0.0004413     -0.0006787
  134      0.0100425     -0.0080571
  135      0.0001710     -0.0002647
  136      0.0121964     -0.0123226
  137      0.0000645     -0.0001318
  138      0.0007765     -0.0009530
  139      0.0000535     -0.0001039
  140      0.0006120     -0.0011523
  141      0.0085540     -0.0091674
  142      0.0003421     -0.0006758
  143      0.0084607     -0.0116254
  144      0.0007103     -0.0012864
  145      0.0005566     -0.0012846
  146      0.0005193     -0.0010392
  147      0.0006291     -0.0013389
  148      0.0064410     -0.0090683
  149      0.0003615     -0.0006975
  150      0.0059059     -0.0087281
  151      0.0000027     -0.0000279
  152      0.0000044     -0.0000400
  153      0.0000023     -0.0000224
  154      0.0001839     -0.0026261
  155      0.0000006     -0.0000078
  156      0.0000001      0.0000000
  157      0.0000003     -0.0000012
  158      0.0000002      0.0000001
  159      0.0000429     -0.0010629
  160      0.0000214     -0.0001289
  161      0.0000000     -0.0000003
  162      0.0000266     -0.0001052
  163      0.0000184     -0.0005677
  164      0.0000173     -0.0005356
  165      0.0000000     -0.0000000

   RO Sum (  83) =   83.00

  ---------------
   Dipole Moment
  ---------------

      1.5188 Debye [   0.5975  (   0.5811,   0.0496,   0.1300) ]

 ----------------
  Final Energies  
 ----------------

         HF Total Energy =     -757.6168620022
  Final NOF Total Energy =     -758.1015578650 ( 2.E-05 , 0.E+00 )
      Correlation Energy =       -0.4846958628



  **************************************************
  *                                                *
  *       SINGLE-POINT DoNOF CALCULATION           *
  *                                                *
  *             FULL OPTIMIZATION                  *
  *                                                *
  *  FINAL RESULTS   FINAL RESULTS  FINAL RESULTS  *
  *                                                *
  **************************************************

  **************************************************
  *         No. EXTERNAL ITER =    55              *
  *         No. of TOTAL ITER =  1860              *
  **************************************************

  Elapsed real time :  84210.31  (Seconds)
  Git sha : bcb372acca69df19ae91719c988dea244a3c3d1c                                                            

 The execution finished at  8h 57min on the 12/ 6/2024
