 This is the parallel version of the code
 This is the parallel version of the code
 This is the parallel version of the code
 This is the parallel version of the code
 This is the parallel version of the code
 This is the parallel version of the code
 This is the parallel version of the code
 This is the parallel version of the code
Master:    0

 The execution started at 10h 33min on the  1/ 3/2025

    ===========================================================
    !                                                         !
    !                        Do N O F                         !
    !                                                         !
    !  (Donostia Natural Orbital Functional Software Program) !
    !                                                         !
    !               COPYRIGHT by Mario Piris                  !
    !                                                         !
    !      Donostia International Physics Center (DIPC)       !
    !       University of the Basque Country (UPV/EHU)        !
    !       Basque Foundation for Science (IKERBASQUE)        !
    !                                                         !
    !          GNU General Public License version 3           !
    !                                                         !
    !                  VERSION: Mayo 2024                     !
    !                                                         !
    ===========================================================

 Run Title
 ---------
 p30-20 set                                                                      

 Basis Set
 ---------
 /beegfs_agamede/gscratch/povmieci/SCRATCH/81898/def2-svp.bas                    

 Atom      Charge                Coordinates (Bohr)
                           x             y             z
 B           5.0        1.3823       -3.9240        2.2151
 SI         14.0       -4.9437        1.9184       -0.8917
 B           5.0        2.8928       -2.4410       -0.1540
 O           8.0       -0.5164       -3.7105        3.8958
 H           1.0       -6.9534        3.1279       -2.4260
 S          16.0        4.0616       -5.5724        1.0491
 AL         13.0       -1.6863       -1.3696        1.7667
 C           6.0       -5.1210       -0.8524        0.8448
 H           1.0       -0.3731        1.6946        1.2044
 B           5.0       -1.2999        2.6654       -0.8510
 H           1.0       -6.6760       -2.1745        1.0701
 S          16.0        0.9238        3.6962       -2.9626
 F           9.0        6.1473        2.9174       -2.7189
 O           8.0        3.9426       -0.7316       -1.6011
 B           5.0        4.1773        2.0396       -1.3054
 H           1.0        4.0422        2.7165        0.8648

 Atomic Basis Set
 ----------------
 The contracted primitive functions were unnormalized
 The contracted basis functions are now normalized to unity

  Shell Type  Primitive         Exponent  Contraction Coefficient

 B         

      1   S       1           839.3183009   -0.005628883598
      1   S       2           126.2646484   -0.041832794610
      1   S       3            28.6206008   -0.184174881258
      1   S       4             7.8793723   -0.468396550281
      1   S       5             2.4088857   -0.444579308833

      2   S       6             0.2510511    1.000000000000

      3   S       7             0.0836489    1.000000000000

      4   P       8             6.0332224   -0.054032500323
      4   P       9             1.2499158   -0.301940343932
      4   P      10             0.3387168   -0.771707916582

      5   P      11             0.0964156    1.000000000000

      6   D      12             0.5000000    1.000000000000

 SI        

      7   S      13          6903.7118686    0.005584465887
      7   S      14          1038.4346419    0.041742284436
      7   S      15           235.8758148    0.187528023742
      7   S      16            66.0693852    0.478678596587
      7   S      17            20.2479458    0.429256952162

      8   S      18            34.3534817    0.089834899465
      8   S      19             3.6370788   -0.545685958777
      8   S      20             1.4002049   -0.524810829267

      9   S      21             0.2048441    1.000000000000

     10   S      22             0.0779941    1.000000000000

     11   P      23           179.8390737    0.010133498379
     11   P      24            41.9072588    0.071029041096
     11   P      25            12.9552944    0.255839142169
     11   P      26             4.4383267    0.481498047149
     11   P      27             1.5462248    0.385211960064

     12   P      28             0.3560761    1.000000000000

     13   P      29             0.1000851    1.000000000000

     14   D      30             0.3500000    1.000000000000

 B         

     15   S      31           839.3183009   -0.005628883598
     15   S      32           126.2646484   -0.041832794610
     15   S      33            28.6206008   -0.184174881258
     15   S      34             7.8793723   -0.468396550281
     15   S      35             2.4088857   -0.444579308833

     16   S      36             0.2510511    1.000000000000

     17   S      37             0.0836489    1.000000000000

     18   P      38             6.0332224   -0.054032500323
     18   P      39             1.2499158   -0.301940343932
     18   P      40             0.3387168   -0.771707916582

     19   P      41             0.0964156    1.000000000000

     20   D      42             0.5000000    1.000000000000

 O         

     21   S      43          2266.1767785   -0.005389350392
     21   S      44           340.8701019   -0.040234721389
     21   S      45            77.3631352   -0.180081842055
     21   S      46            21.4796449   -0.468288576577
     21   S      47             6.6589433   -0.446926171602

     22   S      48             0.8097598    1.000000000000

     23   S      49             0.2553077    1.000000000000

     24   P      50            17.7215043    0.062630248763
     24   P      51             3.8635505    0.333311384824
     24   P      52             1.0480921    0.741486383081

     25   P      53             0.2764154    1.000000000000

     26   D      54             1.2000000    1.000000000000

 H         

     27   S      55            13.0107010    0.033485484813
     27   S      56             1.9622572    0.234721870881
     27   S      57             0.4445380    0.813770285260

     28   S      58             0.1219496    1.000000000000

     29   P      59             0.8000000    1.000000000000

 S         

     30   S      60          9184.9303010   -0.005472946613
     30   S      61          1381.5105503   -0.040954402155
     30   S      62           313.8714758   -0.184758289562
     30   S      63            88.0538706   -0.475672806440
     30   S      64            27.0399149   -0.434951535842

     31   S      65            45.6487313   -0.091904045809
     31   S      66             4.9664522    0.556987772145
     31   S      67             2.0116242    0.511154682985

     32   S      68             0.3566108    1.000000000000

     33   S      69             0.1350722    1.000000000000

     34   P      70           261.9823344   -0.009183054659
     34   P      71            61.3068947   -0.065902226526
     34   P      72            19.1037299   -0.245877845187
     34   P      73             6.6567720   -0.482314710760
     34   P      74             2.3959635   -0.389563143514

     35   P      75             0.6177616    1.000000000000

     36   P      76             0.1699338    1.000000000000

     37   D      77             0.5500000    1.000000000000

 AL        

     38   S      78          5887.5727030    0.005651978962
     38   S      79           885.6122600    0.042218253427
     38   S      80           201.1360490    0.189187196726
     38   S      81            56.2849747    0.480435911881
     38   S      82            17.2295512    0.425872684294

     39   S      83            29.3402499    0.088568603239
     39   S      84             3.0439630   -0.543157066723
     39   S      85             1.1285540   -0.529385510294

     40   S      86             0.1423418    1.000000000000

     41   S      87             0.0544002    1.000000000000

     42   P      88           145.1191881    0.010726377859
     42   P      89            33.7178948    0.074103623546
     42   P      90            10.3698631    0.261296213060
     42   P      91             3.5135616    0.480201235327
     42   P      92             1.1980050    0.384382240624

     43   P      93             0.2658301    1.000000000000

     44   P      94             0.0710034    1.000000000000

     45   D      95             0.3000000    1.000000000000

 C         

     46   S      96          1238.4016938    0.005517365048
     46   S      97           186.2900499    0.041088828556
     46   S      98            42.2511763    0.182253821265
     46   S      99            11.6765579    0.468284594374
     46   S     100             3.5930506    0.445758173360

     47   S     101             0.4024515    1.000000000000

     48   S     102             0.1309018    1.000000000000

     49   P     103             9.4680971    0.056888332011
     49   P     104             2.0103545    0.312940593365
     49   P     105             0.5477100    0.760650165091

     50   P     106             0.1526861    1.000000000000

     51   D     107             0.8000000    1.000000000000

 H         

     52   S     108            13.0107010    0.033485484813
     52   S     109             1.9622572    0.234721870881
     52   S     110             0.4445380    0.813770285260

     53   S     111             0.1219496    1.000000000000

     54   P     112             0.8000000    1.000000000000

 B         

     55   S     113           839.3183009   -0.005628883598
     55   S     114           126.2646484   -0.041832794610
     55   S     115            28.6206008   -0.184174881258
     55   S     116             7.8793723   -0.468396550281
     55   S     117             2.4088857   -0.444579308833

     56   S     118             0.2510511    1.000000000000

     57   S     119             0.0836489    1.000000000000

     58   P     120             6.0332224   -0.054032500323
     58   P     121             1.2499158   -0.301940343932
     58   P     122             0.3387168   -0.771707916582

     59   P     123             0.0964156    1.000000000000

     60   D     124             0.5000000    1.000000000000

 H         

     61   S     125            13.0107010    0.033485484813
     61   S     126             1.9622572    0.234721870881
     61   S     127             0.4445380    0.813770285260

     62   S     128             0.1219496    1.000000000000

     63   P     129             0.8000000    1.000000000000

 S         

     64   S     130          9184.9303010   -0.005472946613
     64   S     131          1381.5105503   -0.040954402155
     64   S     132           313.8714758   -0.184758289562
     64   S     133            88.0538706   -0.475672806440
     64   S     134            27.0399149   -0.434951535842

     65   S     135            45.6487313   -0.091904045809
     65   S     136             4.9664522    0.556987772145
     65   S     137             2.0116242    0.511154682985

     66   S     138             0.3566108    1.000000000000

     67   S     139             0.1350722    1.000000000000

     68   P     140           261.9823344   -0.009183054659
     68   P     141            61.3068947   -0.065902226526
     68   P     142            19.1037299   -0.245877845187
     68   P     143             6.6567720   -0.482314710760
     68   P     144             2.3959635   -0.389563143514

     69   P     145             0.6177616    1.000000000000

     70   P     146             0.1699338    1.000000000000

     71   D     147             0.5500000    1.000000000000

 F         

     72   S     148          2894.8325990   -0.005349321176
     72   S     149           435.4193912   -0.039967734372
     72   S     150            98.8433289   -0.179412617888
     72   S     151            27.4851980   -0.468324686869
     72   S     152             8.5405498   -0.447241605328

     73   S     153             1.0654578    1.000000000000

     74   S     154             0.3324735    1.000000000000

     75   P     155            22.6966339   -0.064782148241
     75   P     156             4.9872339   -0.340357853553
     75   P     157             1.3491614   -0.734858153660

     76   P     158             0.3482988    1.000000000000

     77   D     159             1.4000000    1.000000000000

 O         

     78   S     160          2266.1767785   -0.005389350392
     78   S     161           340.8701019   -0.040234721389
     78   S     162            77.3631352   -0.180081842055
     78   S     163            21.4796449   -0.468288576577
     78   S     164             6.6589433   -0.446926171602

     79   S     165             0.8097598    1.000000000000

     80   S     166             0.2553077    1.000000000000

     81   P     167            17.7215043    0.062630248763
     81   P     168             3.8635505    0.333311384824
     81   P     169             1.0480921    0.741486383081

     82   P     170             0.2764154    1.000000000000

     83   D     171             1.2000000    1.000000000000

 B         

     84   S     172           839.3183009   -0.005628883598
     84   S     173           126.2646484   -0.041832794610
     84   S     174            28.6206008   -0.184174881258
     84   S     175             7.8793723   -0.468396550281
     84   S     176             2.4088857   -0.444579308833

     85   S     177             0.2510511    1.000000000000

     86   S     178             0.0836489    1.000000000000

     87   P     179             6.0332224   -0.054032500323
     87   P     180             1.2499158   -0.301940343932
     87   P     181             0.3387168   -0.771707916582

     88   P     182             0.0964156    1.000000000000

     89   D     183             0.5000000    1.000000000000

 H         

     90   S     184            13.0107010    0.033485484813
     90   S     185             1.9622572    0.234721870881
     90   S     186             0.4445380    0.813770285260

     91   S     187             0.1219496    1.000000000000

     92   P     188             0.8000000    1.000000000000

 Total Number of Basis Set Shells             =   92
 Total Number of Primitives                   =  188
 Number of Cartesian Gaussian Basis Functions =  216
 Number of Electrons                          =  114
 Charge of Molecule                           =    0
 Spin Multiplicity                            =    1
 Number of Occupied Orbitals (Alpha)          =   57
 Number of Occupied Orbitals (Beta )          =   57
 Total Number of Atoms                        =   16

 Input Run Options
 -----------------
 IRUNTYP = 1  MULT = 1  ICHARG =  0 IECP = 0  IEMOM = 1  UNITS = ANGS    

 Integral Options
 ----------------
 CUTOFF = 1.0E-09   ISCHWZ = 1   ERITYP = FULL

 Input NOF Options
 -----------------

 Type of calculation =    Coeff. Opt.:   (ICOEF)         1
 Trigonometric functions for Occ. Opt.:  (ISOFTMAX)      0
 Type of Orb. Opt. = Orbital Rotations:  (IORBOPT)       4
 Maximum Number of Occ-Coef Outer Iter.: (MAXIT)      1000

 Natural Orbital Functional Selected:    (IPNOF)         5

 Restart calculation Option:             (RESTART)       T

 Hartree-Fock Calc. using ID Method:     (HFID)          T
 Threshold Energy Convergence=10**(-N):  (NTHRESHEID)    8
 Max. Number of External Iterations:     (MAXITID)     100
 Ion. Potentials by Koopmans Theorem:    (KOOPMANS)      0
 Orthogonalize the initial Orbitals:     (ORTHO)         T

 Output Option:                          (NPRINT)        0
 Output the Coefficient Matrix:          (IWRITEC)       0
 Do a Mulliken Population Analysis:      (IMULPOP)       0
 Write Information into a WFN file:      (IAIMPAC)       1
 Write Information into a FCHK file:     (IFCHK)         1
 Write Information into a MLP file:      (MOLDEN)        1
 Create Ini. Cond. (ini.xyz) file:       (INICOND)       1
 Calculate IPs using Ext. Koopmans Theo: (IEKT)          0
 Write APSG expansion coefficient file:  (APSG)          F
 Output option for Lagrange Multipliers: (PRINTLAG)      F
 Diagonalize matrix of Lag. Multipliers: (DIAGLAG)       F

 Nuclear Coordinates from GCF file:
 ----------------------------------

 Atom      Charge                Coordinates (Bohr)
                           x             y             z
 B        5.00000        1.3823       -3.9240        2.2151
 SI      14.00000       -4.9437        1.9184       -0.8917
 B        5.00000        2.8928       -2.4410       -0.1540
 O        8.00000       -0.5164       -3.7105        3.8958
 H        1.00000       -6.9534        3.1279       -2.4260
 S       16.00000        4.0616       -5.5724        1.0491
 AL      13.00000       -1.6863       -1.3696        1.7667
 C        6.00000       -5.1210       -0.8524        0.8448
 H        1.00000       -0.3731        1.6946        1.2044
 B        5.00000       -1.2999        2.6654       -0.8510
 H        1.00000       -6.6760       -2.1745        1.0701
 S       16.00000        0.9238        3.6962       -2.9626
 F        9.00000        6.1473        2.9174       -2.7189
 O        8.00000        3.9426       -0.7316       -1.6011
 B        5.00000        4.1773        2.0396       -1.3054
 H        1.00000        4.0422        2.7165        0.8648

------------------------------------------------------------------------

 Orbital Space
 -------------

 Inactive Doubly occupied orbitals up to NO1  =    0
 No. considered Strongly Doubly occupied MOs  =   57
 No. considered Strongly Singly occupied MOs  =    0
 No. of Weakly occ. per St. Doubly occ.  MOs  =    2
 Dimension of the Active Nat. Orb. subspace   =  171
 Secondary Empty orbitals                     =   45

 1e- integrals
 -------------
 Time to do integrals =      0.01
 Guess for MOs = HCORE
        24 MOs were matched and         1 equalized to zero

 No violations of the orthonormality

 2e- integrals
 -------------
 DONTW option skips storage 2e- integrals on Unit 1
           129947867 2e- integrals in     1 records
 Time to do integrals =      9.10

 RHF SCF Calculation
 -------------------
 EXTRAP=T  DAMP=T  DIIS=T
 DMat Conv = 1.0E-05  Ener Tol = 1.0E-08
 Ener Conv = 1.0E-10  DMat Tol = 2.0E-05
 DIIS Conv = 1.0E-07  DMat Tol = 2.0E-05

 ITER      TOTAL ENERGY        E CHANGE     DEN. CHANGE    DIIS ERROR
   1    -1633.6335068448 -1633.6335068448  66.439707639   1.377670716
   2    -1465.7269313143   167.9065755304  50.549583707   1.011391612
   3    -1560.7439923108   -95.0170609964   0.094879308   2.161553533
   4    -1561.2180848890    -0.4740925783   3.532943580   2.156322062
   5    -1571.8437662070   -10.6256813180   3.448754538   2.078771940
   6    -1661.2387746270   -89.3950084199  28.936232251   0.386409642
   7    -1376.1343685320   285.1044060950  22.986992159   1.475991028
   8    -1530.0509978081  -153.9166292761   7.686473047   0.713546605
   9    -1674.8216774272  -144.7706796190   3.786046638   0.627567097
  10    -1706.6367314723   -31.8150540452   2.403133720   0.355887972
  11    -1711.3992610012    -4.7625295288   0.367764983   0.175387742
  12    -1713.2771218730    -1.8778608719   0.261177655   0.058600420
  13    -1713.4928745937    -0.2157527206   0.057558602   0.028613713
  14    -1713.5147171236    -0.0218425300   0.022476410   0.012360893
  15    -1713.5255374056    -0.0108202820   0.018556543   0.004789315
  16    -1713.5276586266    -0.0021212210   0.004758046   0.002021524
  17    -1713.5279869493    -0.0003283228   0.001975466   0.000599003
  18    -1713.5280255962    -0.0000386468   0.001173361   0.000280911
  19    -1713.5280374019    -0.0000118057   0.000748927   0.000151464
  20    -1713.5280405635    -0.0000031616   0.000312622   0.000055367
  21    -1713.5280410727    -0.0000005092   0.000093293   0.000019251
  22    -1713.5280411251    -0.0000000525   0.000032107   0.000006338
  23    -1713.5280411306    -0.0000000055   0.000012800   0.000002846
  24    -1713.5280411316    -0.0000000010   0.000005374   0.000001027

          -----------------
          DENSITY CONVERGED
          -----------------

 FINAL RHF ENERGY IS    -1713.5280411316 AFTER  24 ITERATIONS

         WAVEFUNCTION NORMALIZATION =       1.0000000000

                ONE ELECTRON ENERGY =   -4267.8841027772
                TWO ELECTRON ENERGY =    1601.3661592071
           NUCLEAR REPULSION ENERGY =     952.9899024385
                                      ------------------
                   RHF TOTAL ENERGY =   -1713.5280411316

 ELECTRON-ELECTRON POTENTIAL ENERGY =    1601.3661592071
  NUCLEUS-ELECTRON POTENTIAL ENERGY =   -5977.2637463780
   NUCLEUS-NUCLEUS POTENTIAL ENERGY =     952.9899024385
                                      ------------------
             TOTAL POTENTIAL ENERGY =   -3422.9076847324
               TOTAL KINETIC ENERGY =    1709.3796436008
                 VIRIAL RATIO (V/T) =       2.0024268439

 Distribution Full ERIs:

 Integrals:                         129947867
 Max size per slaves:                16243484
 Max size in master:                146191351

 No violations of the orthonormality


  HARTREE-FOCK 
 ==============

  ITER     ELECTRONIC ENERGY      TOTAL ENERGY   ENERGY CONVERGENCY    MAX MUL-LAG DIFF

    2.        -2582.546112       -1629.556210        83.91659017           0.666585
    3.        -2507.053509       -1554.063606        75.49260355           0.906620
    4.        -2626.559371       -1673.569469      -119.50586213           1.201163
    5.        -2522.455624       -1569.465722       104.10374696           3.942774
    6.        -2417.871112       -1464.881210       104.58451188           5.631566
    7.        -2349.142830       -1396.152928        68.72828182           8.378333
    8.        -2242.781153       -1289.791251       106.36167710          20.939799
    9.        -2177.928336       -1224.938433        64.85281749          18.074223
   10.        -2643.102094       -1690.112192      -465.17375839           0.628268
   11.        -2654.102264       -1701.112362       -11.00016981           0.332337
   12.        -2658.517904       -1705.528002        -4.41564049           0.191885
   13.        -2660.755052       -1707.765150        -2.23714777           0.147327
   14.        -2662.089536       -1709.099634        -1.33448404           0.103616
   15.        -2662.959952       -1709.970050        -0.87041576           0.093889
   16.        -2663.590636       -1710.600734        -0.63068392           0.080886
   17.        -2664.061533       -1711.071630        -0.47089669           0.074355
   18.        -2664.425304       -1711.435402        -0.36377178           0.071604
   19.        -2664.725025       -1711.735123        -0.29972056           0.064901
   20.        -2664.962142       -1711.972240        -0.23711726           0.062276
   21.        -2665.153284       -1712.163382        -0.19114189           0.056035
   22.        -2665.306255       -1712.316352        -0.15297071           0.052556
   23.        -2665.433955       -1712.444052        -0.12769972           0.052365
   24.        -2665.538643       -1712.548740        -0.10468832           0.047081
   25.        -2665.628148       -1712.638245        -0.08950489           0.040129
   26.        -2665.704478       -1712.714576        -0.07633041           0.038850
   27.        -2665.767456       -1712.777553        -0.06297759           0.037503
   28.        -2665.823631       -1712.833729        -0.05617519           0.031736
   29.        -2665.871529       -1712.881627        -0.04789839           0.031014
   30.        -2665.912387       -1712.922485        -0.04085784           0.029941
   31.        -2665.947681       -1712.957779        -0.03529409           0.030683
   32.        -2665.979251       -1712.989348        -0.03156955           0.028897
   33.        -2666.005168       -1713.015265        -0.02591700           0.025435
   34.        -2666.029209       -1713.039306        -0.02404072           0.025931
   35.        -2666.049379       -1713.059476        -0.02016994           0.024119
   36.        -2666.066946       -1713.077043        -0.01756713           0.021953
   37.        -2666.082184       -1713.092282        -0.01523833           0.021381
   38.        -2666.095039       -1713.105137        -0.01285545           0.021169
   39.        -2666.106728       -1713.116825        -0.01168832           0.021409
   40.        -2666.117061       -1713.127158        -0.01033303           0.020828
   41.        -2666.126209       -1713.136306        -0.00914808           0.019324
   42.        -2666.134143       -1713.144240        -0.00793389           0.018381
   43.        -2666.141251       -1713.151348        -0.00710781           0.016523
   44.        -2666.147705       -1713.157802        -0.00645410           0.017714
   45.        -2666.152011       -1713.162109        -0.00430655           0.019549
   46.        -2666.155806       -1713.165904        -0.00379519           0.019459
   47.        -2666.161149       -1713.171247        -0.00534256           0.016461
   48.        -2666.164636       -1713.174734        -0.00348726           0.019810
   49.        -2666.169445       -1713.179543        -0.00480897           0.016316
   50.        -2666.173986       -1713.184083        -0.00454043           0.015003
   51.        -2666.177048       -1713.187145        -0.00306205           0.013110
   52.        -2666.180149       -1713.190247        -0.00310161           0.015327
   53.        -2666.183138       -1713.193236        -0.00298911           0.021786
   54.        -2666.186164       -1713.196261        -0.00302535           0.014694
   55.        -2666.189164       -1713.199261        -0.00299989           0.018440
   56.        -2666.192178       -1713.202275        -0.00301415           0.017663
   57.        -2666.195260       -1713.205357        -0.00308175           0.015666
   58.        -2666.198635       -1713.208733        -0.00337575           0.016134
   59.        -2666.203619       -1713.213717        -0.00498422           0.017319
   60.        -2666.206990       -1713.217088        -0.00337064           0.018503
   61.        -2666.210615       -1713.220713        -0.00362493           0.020874
   62.        -2666.216170       -1713.226268        -0.00555539           0.020422
   63.        -2666.219990       -1713.230087        -0.00381934           0.019049
   64.        -2666.226027       -1713.236124        -0.00603696           0.022178
   65.        -2666.230236       -1713.240334        -0.00420975           0.021226
   66.        -2666.234661       -1713.244759        -0.00442489           0.022123
   67.        -2666.239704       -1713.249802        -0.00504274           0.022860
   68.        -2666.244517       -1713.254614        -0.00481273           0.026535
   69.        -2666.249673       -1713.259770        -0.00515582           0.019832
   70.        -2666.255037       -1713.265134        -0.00536401           0.028346
   71.        -2666.260604       -1713.270702        -0.00556759           0.029152
   72.        -2666.266330       -1713.276427        -0.00572531           0.027461
   73.        -2666.272161       -1713.282259        -0.00583140           0.030573
   74.        -2666.278228       -1713.288326        -0.00606711           0.033413
   75.        -2666.284388       -1713.294485        -0.00615967           0.023975
   76.        -2666.290669       -1713.300766        -0.00628090           0.028433
   77.        -2666.297447       -1713.307545        -0.00677873           0.022954
   78.        -2666.307565       -1713.317663        -0.01011787           0.029110
   79.        -2666.314608       -1713.324705        -0.00704259           0.024947
   80.        -2666.321689       -1713.331787        -0.00708163           0.033870
   81.        -2666.328717       -1713.338815        -0.00702769           0.029432
   82.        -2666.339330       -1713.349427        -0.01061247           0.027684
   83.        -2666.346473       -1713.356570        -0.00714318           0.029423
   84.        -2666.353621       -1713.363719        -0.00714851           0.026830
   85.        -2666.360742       -1713.370840        -0.00712095           0.032710
   86.        -2666.367946       -1713.378044        -0.00720391           0.038794
   87.        -2666.374896       -1713.384993        -0.00694940           0.031847
   88.        -2666.381534       -1713.391631        -0.00663801           0.025425
   89.        -2666.388268       -1713.398365        -0.00673391           0.034971
   90.        -2666.394877       -1713.404974        -0.00660920           0.033019
   91.        -2666.401280       -1713.411378        -0.00640378           0.029096
   92.        -2666.407631       -1713.417728        -0.00635044           0.020976
   93.        -2666.413743       -1713.423840        -0.00611160           0.028344
   94.        -2666.419665       -1713.429762        -0.00592222           0.026820
   95.        -2666.427655       -1713.437753        -0.00799035           0.024599
   96.        -2666.432764       -1713.442862        -0.00510900           0.030609
   97.        -2666.440024       -1713.450122        -0.00726020           0.023544
   98.        -2666.444548       -1713.454646        -0.00452394           0.026903
   99.        -2666.449295       -1713.459392        -0.00474659           0.027880
  100.        -2666.453902       -1713.464000        -0.00460746           0.032066


  RESULTS OF OCCUPATION-COEFFICIENT OPTIMIZATION
 ================================================

  Ex It  Orb It    Electronic Energy     Total Energy   Energy Convergency    Max Mul-Lag Diff

    1      10     -2666.7729919290    -1713.7830894904     0.0000000000           0.030712
    2      20     -2666.8415294391    -1713.8516270006    -0.0685375101           0.004118
    3      20     -2666.8720951473    -1713.8821927088    -0.0305657083           0.003609
    4      20     -2666.8873124262    -1713.8974099877    -0.0152172789           0.005845
    5      20     -2666.8984221253    -1713.9085196868    -0.0111096991           0.004626
    6      20     -2666.9076373119    -1713.9177348734    -0.0092151866           0.003031
    7      20     -2666.9155156232    -1713.9256131847    -0.0078783113           0.003148
    8      20     -2666.9224413539    -1713.9325389154    -0.0069257307           0.003603
    9      20     -2666.9285696188    -1713.9386671802    -0.0061282648           0.003135
   10      20     -2666.9336552773    -1713.9437528387    -0.0050856585           0.003158
   11      20     -2666.9380632394    -1713.9481608008    -0.0044079621           0.003015
   12      20     -2666.9417830769    -1713.9518806383    -0.0037198375           0.003294
   13      20     -2666.9449480307    -1713.9550455922    -0.0031649538           0.003310
   14      20     -2666.9475903228    -1713.9576878842    -0.0026422921           0.003162
   15      20     -2666.9498526201    -1713.9599501816    -0.0022622973           0.003313
   16      20     -2666.9518134618    -1713.9619110232    -0.0019608417           0.003363
   17      20     -2666.9534310993    -1713.9635286608    -0.0016176376           0.003451
   18      20     -2666.9547235990    -1713.9648211605    -0.0012924997           0.003067
   19      20     -2666.9558107624    -1713.9659083239    -0.0010871633           0.003025
   20      20     -2666.9567136536    -1713.9668112150    -0.0009028912           0.003357
   21      20     -2666.9574405626    -1713.9675381241    -0.0007269090           0.003399
   22      20     -2666.9580033691    -1713.9681009305    -0.0005628065           0.003314
   23      20     -2666.9584079731    -1713.9685055345    -0.0004046040           0.004023
   24      20     -2666.9587703082    -1713.9688678697    -0.0003623351           0.003346
   25      20     -2666.9589819062    -1713.9690794677    -0.0002115980           0.003851
   26      20     -2666.9591636788    -1713.9692612402    -0.0001817725           0.003435
   27      20     -2666.9592636197    -1713.9693611812    -0.0000999410           0.004099
   28      20     -2666.9593228455    -1713.9694204070    -0.0000592258           0.003657
   29      20     -2666.9593730993    -1713.9694706608    -0.0000502538           0.003596
   30      20     -2666.9594059955    -1713.9695035570    -0.0000328962           0.003660
   31      20     -2666.9594313139    -1713.9695288754    -0.0000253184           0.003750
   32      20     -2666.9594350614    -1713.9695326229    -0.0000037475           0.003478
   33      20     -2666.9594580861    -1713.9695556476    -0.0000230247           0.003525
   34      20     -2666.9594697097    -1713.9695672711    -0.0000116235           0.003660
   35      20     -2666.9594800853    -1713.9695776468    -0.0000103757           0.003843
   36      20     -2666.9594759495    -1713.9695735110     0.0000041359           0.003770
   37      40     -2666.9595811203    -1713.9696786817    -0.0001051708           0.000034
   38      40     -2666.9595859671    -1713.9696835286    -0.0000048469           0.000034
   39      50     -2666.9595871636    -1713.9696847250    -0.0000011964           0.000005
   40      50     -2666.9595872124    -1713.9696847739    -0.0000000489           0.000009


  RESULTS OF THE OCCUPATION OPTIMIZATION
 ========================================

   OM     Occupation      Elag Diag

    1      2.0000000    -81.3167193
    2      2.0000000    -90.2790936
    3      2.0000000    -74.7033365
    4      2.0000000    -64.9152120
    5      1.9999984     -6.6668308
    6      1.9999931     -4.2756593
    7      1.9999920     -6.7354879
    8      1.9999800     -7.3437910
    9      1.9999798    -26.2469194
   10      1.9999779     -7.3405738
   11      1.9999761     -7.3340085
   12      1.9999755     -3.3692141
   13      1.9999735     -4.6623820
   14      1.9999692     -7.3832906
   15      1.9999672     -7.4300289
   16      1.9999573     -7.6330991
   17      1.9999564    -20.6036368
   18      1.9999563    -20.5801880
   19      1.9999301     -5.0053083
   20      1.9999176     -5.0482438
   21      1.9998710     -3.7915580
   22      1.9998602     -3.8585351
   23      1.9998573     -3.8346566
   24      1.9998155    -11.2454156
   25      1.9997227     -7.7056312
   26      1.9997202     -7.6746739
   27      1.9997153     -7.7055326
   28      1.9997112     -7.6739617
   29      1.9928217     -0.8472546
   30      1.9928097     -0.8445905
   31      1.9928010     -0.8411061
   32      1.9922479     -0.6314736
   33      1.9913364     -0.7337841
   34      1.9912138     -0.7519656
   35      1.9910069     -0.7285029
   36      1.9908365     -0.5873294
   37      1.9899102     -0.5895709
   38      1.9891774     -0.9005056
   39      1.9887573     -0.9842485
   40      1.9883554     -0.8451964
   41      1.9878920     -0.8608630
   42      1.9877137     -0.6918446
   43      1.9876310     -0.6106810
   44      1.9872929     -0.5926269
   45      1.9871617     -0.8088122
   46      1.9859949     -0.6271983
   47      1.9859183     -0.8408393
   48      1.9858812     -0.6246728
   49      1.9858747     -0.8284669
   50      1.9842404     -0.6264117
   51      1.9842305     -0.6234887
   52      1.9811219     -0.7030120
   53      1.9810856     -0.5586246
   54      1.9794146     -0.6070845
   55      1.9782893     -0.5521297
   56      1.9776961     -0.6734943
   57      1.9259306     -0.3834153
   58      0.0711472     -0.0231008
   59      0.0076579     -0.0064463
   60      0.0030072     -0.0022744
   61      0.0058035     -0.0045791
   62      0.0049048     -0.0042586
   63      0.0041220     -0.0041359
   64      0.0124498     -0.0084239
   65      0.0083003     -0.0062329
   66      0.0010302     -0.0015493
   67      0.0112316     -0.0078112
   68      0.0010342     -0.0015472
   69      0.0021757     -0.0019909
   70      0.0009135     -0.0014112
   71      0.0037159     -0.0030632
   72      0.0031614     -0.0025421
   73      0.0097780     -0.0080915
   74      0.0010198     -0.0016443
   75      0.0007179     -0.0012948
   76      0.0005437     -0.0011679
   77      0.0009204     -0.0015859
   78      0.0071661     -0.0053182
   79      0.0024476     -0.0019677
   80      0.0020496     -0.0020038
   81      0.0008885     -0.0015021
   82      0.0008768     -0.0015241
   83      0.0027087     -0.0023940
   84      0.0005912     -0.0013006
   85      0.0006753     -0.0014939
   86      0.0065051     -0.0090563
   87      0.0002802     -0.0026904
   88      0.0000070     -0.0000682
   89      0.0002758     -0.0026446
   90      0.0000083     -0.0000794
   91      0.0001819     -0.0025790
   92      0.0000006     -0.0000027
   93      0.0000005     -0.0000022
   94      0.0001284     -0.0006098
   95      0.0000002     -0.0000010
   96      0.0000696     -0.0004239
   97      0.0000002     -0.0000057
   98      0.0000434     -0.0010725
   99      0.0000427     -0.0003904
  100      0.0000000     -0.0000002
  101      0.0000308     -0.0002720
  102      0.0000005     -0.0000025
  103      0.0000010     -0.0000043
  104      0.0000001     -0.0000005
  105      0.0000000     -0.0000000
  106      0.0000000     -0.0000005
  107      0.0000001     -0.0000008
  108      0.0000067     -0.0000610
  109      0.0000020     -0.0000060
  110      0.0000006     -0.0000018
  111      0.0000000     -0.0000000
  112      0.0000000     -0.0000000
  113      0.0000000     -0.0000000
  114      0.0000000      0.0000000
  115      0.0029222     -0.0015224
  116      0.0146460     -0.0105548
  117      0.0187035     -0.0105664
  118      0.0147819     -0.0102363
  119      0.0140095     -0.0097965
  120      0.0147562     -0.0119662
  121      0.0033197     -0.0028107
  122      0.0074594     -0.0053704
  123      0.0130951     -0.0132786
  124      0.0028872     -0.0024251
  125      0.0130475     -0.0132942
  126      0.0118295     -0.0087861
  127      0.0119248     -0.0123550
  128      0.0089912     -0.0062491
  129      0.0092076     -0.0065817
  130      0.0025083     -0.0024160
  131      0.0110883     -0.0120902
  132      0.0109268     -0.0118323
  133      0.0106990     -0.0137314
  134      0.0099022     -0.0113958
  135      0.0029237     -0.0023042
  136      0.0067160     -0.0050623
  137      0.0069435     -0.0061321
  138      0.0078977     -0.0089971
  139      0.0077868     -0.0088686
  140      0.0050434     -0.0042781
  141      0.0066079     -0.0091368
  142      0.0065150     -0.0090490
  143      0.0006731     -0.0014876
  144      0.0000086     -0.0000811
  145      0.0002777     -0.0026797
  146      0.0000040     -0.0000377
  147      0.0002690     -0.0026039
  148      0.0000026     -0.0000349
  149      0.0001421     -0.0006699
  150      0.0001393     -0.0006807
  151      0.0000005     -0.0000026
  152      0.0000822     -0.0005022
  153      0.0000002     -0.0000014
  154      0.0000434     -0.0010731
  155      0.0000002     -0.0000041
  156      0.0000000     -0.0000001
  157      0.0000328     -0.0002904
  158      0.0000000     -0.0000001
  159      0.0000260     -0.0001541
  160      0.0000235     -0.0001055
  161      0.0000238     -0.0002106
  162      0.0000221     -0.0001944
  163      0.0000202     -0.0006228
  164      0.0000198     -0.0001728
  165      0.0000013     -0.0000024
  166      0.0000049     -0.0000311
  167      0.0000011     -0.0000116
  168      0.0000000     -0.0000000
  169      0.0000000     -0.0000000
  170      0.0000000     -0.0000000
  171      0.0000000      0.0000000

   RO Sum ( 114) =  114.00

  ---------------
   Dipole Moment
  ---------------

      6.2712 Debye [   2.4673  (  -2.3501,  -0.2894,   0.6934) ]

 ----------------
  Final Energies  
 ----------------

         HF Total Energy =    -1713.4639998313
  Final NOF Total Energy =    -1713.9696847739 ( 9.E-06 , 0.E+00 )
      Correlation Energy =       -0.5056849425



  **************************************************
  *                                                *
  *       SINGLE-POINT DoNOF CALCULATION           *
  *                                                *
  *             FULL OPTIMIZATION                  *
  *                                                *
  *  FINAL RESULTS   FINAL RESULTS  FINAL RESULTS  *
  *                                                *
  **************************************************

  **************************************************
  *         No. EXTERNAL ITER =    40              *
  *         No. of TOTAL ITER =   890              *
  **************************************************

  Elapsed real time :  43539.48  (Seconds)
  Git sha : bcb372acca69df19ae91719c988dea244a3c3d1c                                                            

 The execution finished at 22h 45min on the  1/ 3/2025
