 This is the parallel version of the code
 This is the parallel version of the code
 This is the parallel version of the code
 This is the parallel version of the code
 This is the parallel version of the code
 This is the parallel version of the code
 This is the parallel version of the code
 This is the parallel version of the code
Master:    0

 The execution started at  9h 24min on the 12/ 5/2024

    ===========================================================
    !                                                         !
    !                        Do N O F                         !
    !                                                         !
    !  (Donostia Natural Orbital Functional Software Program) !
    !                                                         !
    !               COPYRIGHT by Mario Piris                  !
    !                                                         !
    !      Donostia International Physics Center (DIPC)       !
    !       University of the Basque Country (UPV/EHU)        !
    !       Basque Foundation for Science (IKERBASQUE)        !
    !                                                         !
    !          GNU General Public License version 3           !
    !                                                         !
    !                  VERSION: Mayo 2024                     !
    !                                                         !
    ===========================================================

 Run Title
 ---------
 p30-5 set                                                                       

 Basis Set
 ---------
 /beegfs_agamede/gscratch/povmieci/SCRATCH/66754/def2-svp.bas                    

 Atom      Charge                Coordinates (Bohr)
                           x             y             z
 H           1.0        1.7480       -2.4654       -0.0111
 B           5.0        0.4902        3.0029       -4.2417
 C           6.0        1.7268        0.4730        2.8458
 SI         14.0       -1.7645        0.3668        3.8653
 N           7.0       -2.7296       -2.3361        2.2493
 H           1.0        4.5818       -0.7436        0.1726
 H           1.0        2.3201        2.4522        3.0669
 H           1.0       -4.7676       -5.3737        0.7648
 H           1.0       -2.0226        3.0737       -4.4568
 C           6.0        2.5208       -0.5525        0.2204
 AL         13.0       -4.5447        0.1648       -0.3935
 C           6.0       -4.2378       -3.3788        0.6881
 B           5.0       -1.5738        1.5037       -2.5821
 B           5.0        1.5254        1.1680       -2.0335
 SI         14.0        3.9842        3.2096       -4.4946
 H           1.0        2.7433       -0.5646        4.3401

 Atomic Basis Set
 ----------------
 The contracted primitive functions were unnormalized
 The contracted basis functions are now normalized to unity

  Shell Type  Primitive         Exponent  Contraction Coefficient

 H         

      1   S       1            13.0107010    0.033485484813
      1   S       2             1.9622572    0.234721870881
      1   S       3             0.4445380    0.813770285260

      2   S       4             0.1219496    1.000000000000

      3   P       5             0.8000000    1.000000000000

 B         

      4   S       6           839.3183009   -0.005628883598
      4   S       7           126.2646484   -0.041832794610
      4   S       8            28.6206008   -0.184174881258
      4   S       9             7.8793723   -0.468396550281
      4   S      10             2.4088857   -0.444579308833

      5   S      11             0.2510511    1.000000000000

      6   S      12             0.0836489    1.000000000000

      7   P      13             6.0332224   -0.054032500323
      7   P      14             1.2499158   -0.301940343932
      7   P      15             0.3387168   -0.771707916582

      8   P      16             0.0964156    1.000000000000

      9   D      17             0.5000000    1.000000000000

 C         

     10   S      18          1238.4016938    0.005517365048
     10   S      19           186.2900499    0.041088828556
     10   S      20            42.2511763    0.182253821265
     10   S      21            11.6765579    0.468284594374
     10   S      22             3.5930506    0.445758173360

     11   S      23             0.4024515    1.000000000000

     12   S      24             0.1309018    1.000000000000

     13   P      25             9.4680971    0.056888332011
     13   P      26             2.0103545    0.312940593365
     13   P      27             0.5477100    0.760650165091

     14   P      28             0.1526861    1.000000000000

     15   D      29             0.8000000    1.000000000000

 SI        

     16   S      30          6903.7118686    0.005584465887
     16   S      31          1038.4346419    0.041742284436
     16   S      32           235.8758148    0.187528023742
     16   S      33            66.0693852    0.478678596587
     16   S      34            20.2479458    0.429256952162

     17   S      35            34.3534817    0.089834899465
     17   S      36             3.6370788   -0.545685958777
     17   S      37             1.4002049   -0.524810829267

     18   S      38             0.2048441    1.000000000000

     19   S      39             0.0779941    1.000000000000

     20   P      40           179.8390737    0.010133498379
     20   P      41            41.9072588    0.071029041096
     20   P      42            12.9552944    0.255839142169
     20   P      43             4.4383267    0.481498047149
     20   P      44             1.5462248    0.385211960064

     21   P      45             0.3560761    1.000000000000

     22   P      46             0.1000851    1.000000000000

     23   D      47             0.3500000    1.000000000000

 N         

     24   S      48          1712.8415853   -0.005447799580
     24   S      49           257.6481268   -0.040627174632
     24   S      50            58.4582459   -0.181119622506
     24   S      51            16.1983679   -0.468439755632
     24   S      52             5.0052601   -0.446168462892

     25   S      53             0.5873186    1.000000000000

     26   S      54             0.1876459    1.000000000000

     27   P      55            13.5714702   -0.058848116970
     27   P      56             2.9257373   -0.320246247625
     27   P      57             0.7992775   -0.753282265204

     28   P      58             0.2195435    1.000000000000

     29   D      59             1.0000000    1.000000000000

 H         

     30   S      60            13.0107010    0.033485484813
     30   S      61             1.9622572    0.234721870881
     30   S      62             0.4445380    0.813770285260

     31   S      63             0.1219496    1.000000000000

     32   P      64             0.8000000    1.000000000000

 H         

     33   S      65            13.0107010    0.033485484813
     33   S      66             1.9622572    0.234721870881
     33   S      67             0.4445380    0.813770285260

     34   S      68             0.1219496    1.000000000000

     35   P      69             0.8000000    1.000000000000

 H         

     36   S      70            13.0107010    0.033485484813
     36   S      71             1.9622572    0.234721870881
     36   S      72             0.4445380    0.813770285260

     37   S      73             0.1219496    1.000000000000

     38   P      74             0.8000000    1.000000000000

 H         

     39   S      75            13.0107010    0.033485484813
     39   S      76             1.9622572    0.234721870881
     39   S      77             0.4445380    0.813770285260

     40   S      78             0.1219496    1.000000000000

     41   P      79             0.8000000    1.000000000000

 C         

     42   S      80          1238.4016938    0.005517365048
     42   S      81           186.2900499    0.041088828556
     42   S      82            42.2511763    0.182253821265
     42   S      83            11.6765579    0.468284594374
     42   S      84             3.5930506    0.445758173360

     43   S      85             0.4024515    1.000000000000

     44   S      86             0.1309018    1.000000000000

     45   P      87             9.4680971    0.056888332011
     45   P      88             2.0103545    0.312940593365
     45   P      89             0.5477100    0.760650165091

     46   P      90             0.1526861    1.000000000000

     47   D      91             0.8000000    1.000000000000

 AL        

     48   S      92          5887.5727030    0.005651978962
     48   S      93           885.6122600    0.042218253427
     48   S      94           201.1360490    0.189187196726
     48   S      95            56.2849747    0.480435911881
     48   S      96            17.2295512    0.425872684294

     49   S      97            29.3402499    0.088568603239
     49   S      98             3.0439630   -0.543157066723
     49   S      99             1.1285540   -0.529385510294

     50   S     100             0.1423418    1.000000000000

     51   S     101             0.0544002    1.000000000000

     52   P     102           145.1191881    0.010726377859
     52   P     103            33.7178948    0.074103623546
     52   P     104            10.3698631    0.261296213060
     52   P     105             3.5135616    0.480201235327
     52   P     106             1.1980050    0.384382240624

     53   P     107             0.2658301    1.000000000000

     54   P     108             0.0710034    1.000000000000

     55   D     109             0.3000000    1.000000000000

 C         

     56   S     110          1238.4016938    0.005517365048
     56   S     111           186.2900499    0.041088828556
     56   S     112            42.2511763    0.182253821265
     56   S     113            11.6765579    0.468284594374
     56   S     114             3.5930506    0.445758173360

     57   S     115             0.4024515    1.000000000000

     58   S     116             0.1309018    1.000000000000

     59   P     117             9.4680971    0.056888332011
     59   P     118             2.0103545    0.312940593365
     59   P     119             0.5477100    0.760650165091

     60   P     120             0.1526861    1.000000000000

     61   D     121             0.8000000    1.000000000000

 B         

     62   S     122           839.3183009   -0.005628883598
     62   S     123           126.2646484   -0.041832794610
     62   S     124            28.6206008   -0.184174881258
     62   S     125             7.8793723   -0.468396550281
     62   S     126             2.4088857   -0.444579308833

     63   S     127             0.2510511    1.000000000000

     64   S     128             0.0836489    1.000000000000

     65   P     129             6.0332224   -0.054032500323
     65   P     130             1.2499158   -0.301940343932
     65   P     131             0.3387168   -0.771707916582

     66   P     132             0.0964156    1.000000000000

     67   D     133             0.5000000    1.000000000000

 B         

     68   S     134           839.3183009   -0.005628883598
     68   S     135           126.2646484   -0.041832794610
     68   S     136            28.6206008   -0.184174881258
     68   S     137             7.8793723   -0.468396550281
     68   S     138             2.4088857   -0.444579308833

     69   S     139             0.2510511    1.000000000000

     70   S     140             0.0836489    1.000000000000

     71   P     141             6.0332224   -0.054032500323
     71   P     142             1.2499158   -0.301940343932
     71   P     143             0.3387168   -0.771707916582

     72   P     144             0.0964156    1.000000000000

     73   D     145             0.5000000    1.000000000000

 SI        

     74   S     146          6903.7118686    0.005584465887
     74   S     147          1038.4346419    0.041742284436
     74   S     148           235.8758148    0.187528023742
     74   S     149            66.0693852    0.478678596587
     74   S     150            20.2479458    0.429256952162

     75   S     151            34.3534817    0.089834899465
     75   S     152             3.6370788   -0.545685958777
     75   S     153             1.4002049   -0.524810829267

     76   S     154             0.2048441    1.000000000000

     77   S     155             0.0779941    1.000000000000

     78   P     156           179.8390737    0.010133498379
     78   P     157            41.9072588    0.071029041096
     78   P     158            12.9552944    0.255839142169
     78   P     159             4.4383267    0.481498047149
     78   P     160             1.5462248    0.385211960064

     79   P     161             0.3560761    1.000000000000

     80   P     162             0.1000851    1.000000000000

     81   D     163             0.3500000    1.000000000000

 H         

     82   S     164            13.0107010    0.033485484813
     82   S     165             1.9622572    0.234721870881
     82   S     166             0.4445380    0.813770285260

     83   S     167             0.1219496    1.000000000000

     84   P     168             0.8000000    1.000000000000

 Total Number of Basis Set Shells             =   84
 Total Number of Primitives                   =  168
 Number of Cartesian Gaussian Basis Functions =  192
 Number of Electrons                          =   87
 Charge of Molecule                           =    0
 Spin Multiplicity                            =    2
 Number of Occupied Orbitals (Alpha)          =   44
 Number of Occupied Orbitals (Beta )          =   43
 Total Number of Atoms                        =   16

 Input Run Options
 -----------------
 IRUNTYP = 1  MULT = 2  ICHARG =  0 IECP = 0  IEMOM = 1  UNITS = ANGS    

 Integral Options
 ----------------
 CUTOFF = 1.0E-09   ISCHWZ = 1   ERITYP = FULL

 Input NOF Options
 -----------------

 Type of calculation =    Coeff. Opt.:   (ICOEF)         1
 Use Softmax function for Occ. Opt.:     (ISOFTMAX)      1
 Type of Orb. Opt. = Orbital Rotations:  (IORBOPT)       4
 Maximum Number of Occ-Coef Outer Iter.: (MAXIT)      1000

 Natural Orbital Functional Selected:    (IPNOF)         5
 Spin-Multiplet, High-Spin State Option: (HighSpin)      F

 Restart calculation Option:             (RESTART)       F
 Restart Gamma Matrix from GCF file:     (INPUTGAMMA)    0
 Coefficient Matrix from GCF file:       (INPUTC)        0
 Diagonal Elements FMIUG from GCF file:  (INPUTFMIUG)    0
 Cartesian Coordinates from GCF file:    (INPUTCXYZ)     0

 Hartree-Fock Calc. using ID Method:     (HFID)          T
 Threshold Energy Convergence=10**(-N):  (NTHRESHEID)    8
 Max. Number of External Iterations:     (MAXITID)     100
 Ion. Potentials by Koopmans Theorem:    (KOOPMANS)      0
 Orthogonalize the initial Orbitals:     (ORTHO)         T

 Output Option:                          (NPRINT)        0
 Output the Coefficient Matrix:          (IWRITEC)       0
 Do a Mulliken Population Analysis:      (IMULPOP)       0
 Write Information into a WFN file:      (IAIMPAC)       1
 Write Information into a FCHK file:     (IFCHK)         1
 Write Information into a MLP file:      (MOLDEN)        1
 Create Ini. Cond. (ini.xyz) file:       (INICOND)       1
 Calculate IPs using Ext. Koopmans Theo: (IEKT)          0
 Write APSG expansion coefficient file:  (APSG)          F
 Output option for Lagrange Multipliers: (PRINTLAG)      F
 Diagonalize matrix of Lag. Multipliers: (DIAGLAG)       F

------------------------------------------------------------------------

 Orbital Space
 -------------

 Inactive Doubly occupied orbitals up to NO1  =    0
 No. considered Strongly Doubly occupied MOs  =   43
 No. considered Strongly Singly occupied MOs  =    1
 No. of Weakly occ. per St. Doubly occ.  MOs  =    3
 Dimension of the Active Nat. Orb. subspace   =  172
 Secondary Empty orbitals                     =   19

 1e- integrals
 -------------
 Time to do integrals =      0.01
 Guess for MOs = HCORE
        12 MOs were matched and         3 equalized to zero

 No violations of the orthonormality

 2e- integrals
 -------------
 DONTW option skips storage 2e- integrals on Unit 1
           111329343 2e- integrals in     1 records
 Time to do integrals =      6.26

 ROHF SCF Calculation
 --------------------
 EXTRAP=T  DAMP=T  DIIS=T
 DMat Conv = 1.0E-05  Ener Tol = 1.0E-08
 Ener Conv = 1.0E-10  DMat Tol = 2.0E-05
 DIIS Conv = 1.0E-07  DMat Tol = 2.0E-05

 ITER      TOTAL ENERGY        E CHANGE     DEN. CHANGE    DIIS ERROR
   1     -994.7614562425  -994.7614562425 410.304549841   1.651679494
   2     -826.9606361845   167.8008200579 415.396692787   1.216370980
   3     -912.8714639486   -85.9108277640   0.105225263   1.154345193
   4     -913.1988460100    -0.3273820614   3.536335889   1.150731785
   5    -1005.4281526619   -92.2293066519   1.352976828   0.645989828
   6    -1012.9400719685    -7.5119193066  12.958763904   0.613190883
   7    -1055.7718736791   -42.8318017106  35.014350238   0.280395149
   8    -1003.5380730541    52.2338006250  35.166435797   0.672999262
   9    -1059.8416979976   -56.3036249435   4.301940908   0.254483116
  10    -1052.2197243903     7.6219736073   4.592684266   0.471479457
  11    -1064.4493891597   -12.2296647693   0.321212279   0.071354697
  12    -1064.7013489061    -0.2519597465   0.086785665   0.021895924
  13    -1064.7488398179    -0.0474909118   0.044550702   0.010748819
  14    -1064.7628784929    -0.0140386749   0.042429606   0.005776465
  15    -1064.7690935779    -0.0062150850   0.030795414   0.003344704
  16    -1064.7714970064    -0.0024034285   0.023933743   0.001319996
  17    -1064.7719457411    -0.0004487347   0.009855618   0.000572367
  18    -1064.7720048972    -0.0000591561   0.004819443   0.000271384
  19    -1064.7720245841    -0.0000196869   0.002539018   0.000168897
  20    -1064.7720295383    -0.0000049542   0.001472714   0.000071138
  21    -1064.7720305617    -0.0000010234   0.000417246   0.000036922
  22    -1064.7720307534    -0.0000001917   0.000218075   0.000019110
  23    -1064.7720308012    -0.0000000478   0.000089291   0.000009961
  24    -1064.7720308118    -0.0000000105   0.000016486   0.000003290
  25    -1064.7720308136    -0.0000000018   0.000006864   0.000001917

          -----------------
          DENSITY CONVERGED
          -----------------

 FINAL ROHF ENERGY IS    -1064.7720308136 AFTER  25 ITERATIONS

          --------------------
          SPIN SZ   =    0.500
          S-SQUARED =    0.750
          --------------------

         WAVEFUNCTION NORMALIZATION =       1.0000000000

                ONE ELECTRON ENERGY =   -2668.3265581066
                TWO ELECTRON ENERGY =    1000.7533312187
           NUCLEAR REPULSION ENERGY =     602.8011960742
                                      ------------------
                   RHF TOTAL ENERGY =   -1064.7720308136

 ELECTRON-ELECTRON POTENTIAL ENERGY =    1000.7533312187
  NUCLEUS-ELECTRON POTENTIAL ENERGY =   -3730.2337064099
   NUCLEUS-NUCLEUS POTENTIAL ENERGY =     602.8011960742
                                      ------------------
             TOTAL POTENTIAL ENERGY =   -2126.6791791169
               TOTAL KINETIC ENERGY =    1061.9071483033
                 VIRIAL RATIO (V/T) =       2.0026978654

 Distribution Full ERIs:

 Integrals:                         111329343
 Max size per slaves:                13916168
 Max size in master:                125245511


  HARTREE-FOCK 
 ==============

  ITER     ELECTRONIC ENERGY      TOTAL ENERGY   ENERGY CONVERGENCY    MAX MUL-LAG DIFF

    2.        -1667.087066       -1064.285870         0.48407761           0.175905
    3.        -1608.424534       -1005.623338        58.66253164           0.532266
    4.        -1566.816540        -964.015343        41.60799447           1.426684
    5.        -1509.783259        -906.982063        57.03328009           2.627540
    6.        -1480.947653        -878.146457        28.83560649           2.479978
    7.        -1658.916925       -1056.115729      -177.96927236           0.354654
    8.        -1664.562368       -1061.761172        -5.64544282           0.052943
    9.        -1666.194816       -1063.393620        -1.63244783           0.039583
   10.        -1666.820342       -1064.019146        -0.62552589           0.029887
   11.        -1667.091425       -1064.290229        -0.27108348           0.020077
   12.        -1667.220750       -1064.419553        -0.12932419           0.015201
   13.        -1667.290545       -1064.489349        -0.06979590           0.010111
   14.        -1667.332310       -1064.531114        -0.04176502           0.010465
   15.        -1667.361574       -1064.560377        -0.02926311           0.010897
   16.        -1667.383411       -1064.582215        -0.02183753           0.011921
   17.        -1667.397120       -1064.595924        -0.01370903           0.011637
   18.        -1667.411363       -1064.610167        -0.01424278           0.013331
   19.        -1667.429860       -1064.628664        -0.01849757           0.013629
   20.        -1667.443564       -1064.642368        -0.01370340           0.013036
   21.        -1667.458862       -1064.657666        -0.01529800           0.014885
   22.        -1667.474908       -1064.673712        -0.01604602           0.012829
   23.        -1667.491150       -1064.689954        -0.01624257           0.014184
   24.        -1667.514896       -1064.713700        -0.02374572           0.011833
   25.        -1667.527449       -1064.726253        -0.01255272           0.011140
   26.        -1667.538320       -1064.737124        -0.01087107           0.010790
   27.        -1667.546899       -1064.745703        -0.00857908           0.008828
   28.        -1667.553282       -1064.752086        -0.00638325           0.007080
   29.        -1667.557975       -1064.756779        -0.00469295           0.006747
   30.        -1667.561530       -1064.760333        -0.00355429           0.005381
   31.        -1667.564196       -1064.763000        -0.00266646           0.004624
   32.        -1667.566200       -1064.765004        -0.00200423           0.005012
   33.        -1667.567663       -1064.766467        -0.00146250           0.004485
   34.        -1667.569194       -1064.767998        -0.00153108           0.003491
   35.        -1667.570013       -1064.768817        -0.00081880           0.002636
   36.        -1667.570668       -1064.769472        -0.00065566           0.002522
   37.        -1667.571187       -1064.769991        -0.00051892           0.002536
   38.        -1667.571549       -1064.770353        -0.00036156           0.002161
   39.        -1667.571878       -1064.770682        -0.00032904           0.002058
   40.        -1667.572117       -1064.770921        -0.00023900           0.001805
   41.        -1667.572301       -1064.771105        -0.00018400           0.001817
   42.        -1667.572462       -1064.771266        -0.00016153           0.001503
   43.        -1667.572592       -1064.771396        -0.00012951           0.001435
   44.        -1667.572754       -1064.771558        -0.00016211           0.001137
   45.        -1667.572867       -1064.771671        -0.00011302           0.000974
   46.        -1667.572927       -1064.771730        -0.00005963           0.000894
   47.        -1667.572976       -1064.771780        -0.00004952           0.000812
   48.        -1667.573017       -1064.771821        -0.00004114           0.000738
   49.        -1667.573052       -1064.771855        -0.00003429           0.000664
   50.        -1667.573080       -1064.771884        -0.00002856           0.000602
   51.        -1667.573104       -1064.771908        -0.00002390           0.000549
   52.        -1667.573124       -1064.771928        -0.00001991           0.000507
   53.        -1667.573141       -1064.771944        -0.00001664           0.000460
   54.        -1667.573154       -1064.771958        -0.00001394           0.000419
   55.        -1667.573166       -1064.771970        -0.00001162           0.000387
   56.        -1667.573176       -1064.771980        -0.00000974           0.000352
   57.        -1667.573184       -1064.771988        -0.00000818           0.000325
   58.        -1667.573191       -1064.771995        -0.00000687           0.000296
   59.        -1667.573197       -1064.772001        -0.00000574           0.000274
   60.        -1667.573201       -1064.772005        -0.00000481           0.000249
   61.        -1667.573205       -1064.772009        -0.00000405           0.000231
   62.        -1667.573209       -1064.772013        -0.00000339           0.000212
   63.        -1667.573212       -1064.772016        -0.00000285           0.000195
   64.        -1667.573214       -1064.772018        -0.00000239           0.000177
   65.        -1667.573216       -1064.772020        -0.00000201           0.000164
   66.        -1667.573218       -1064.772022        -0.00000169           0.000151
   67.        -1667.573219       -1064.772023        -0.00000142           0.000138
   68.        -1667.573220       -1064.772024        -0.00000120           0.000127
   69.        -1667.573221       -1064.772025        -0.00000101           0.000116
   70.        -1667.573222       -1064.772026        -0.00000085           0.000106
   71.        -1667.573223       -1064.772027        -0.00000072           0.000097
   72.        -1667.573224       -1064.772028        -0.00000060           0.000089
   73.        -1667.573224       -1064.772028        -0.00000051           0.000083
   74.        -1667.573225       -1064.772028        -0.00000043           0.000076
   75.        -1667.573225       -1064.772029        -0.00000036           0.000070
   76.        -1667.573225       -1064.772029        -0.00000030           0.000065
   77.        -1667.573225       -1064.772029        -0.00000026           0.000060
   78.        -1667.573226       -1064.772030        -0.00000022           0.000054
   79.        -1667.573226       -1064.772030        -0.00000018           0.000050
   80.        -1667.573226       -1064.772030        -0.00000015           0.000046
   81.        -1667.573226       -1064.772030        -0.00000013           0.000042
   82.        -1667.573226       -1064.772030        -0.00000008           0.000039
   83.        -1667.573226       -1064.772030        -0.00000001           0.000039

  -------------
   HF Energies 
  -------------

                   (aU)              (eV)
     1         -68.740159       -1870.514847
     2         -68.714608       -1869.819566
     3         -58.399969       -1589.143969
     4         -15.091123        -410.650336
     5         -10.814634        -294.281164
     6         -10.416856        -283.457062
     7         -10.076038        -274.182925
     8          -6.233984        -169.635344
     9          -6.016901        -163.728205
    10          -5.927000        -161.281876
    11          -5.857696        -159.396018
    12          -5.812578        -158.168301
    13          -5.507611        -149.869713
    14          -4.953329        -134.786949
    15          -4.590447        -124.912428
    16          -4.499950        -122.449858
    17          -4.347027        -118.288615
    18          -4.146398        -112.829235
    19          -4.073825        -110.854425
    20          -3.593404         -97.781498
    21          -3.220461         -87.633199
    22          -2.580897         -70.229778
    23          -1.254090         -34.125535
    24          -1.230298         -33.478108
    25          -1.158901         -31.535289
    26          -1.138480         -30.979627
    27          -1.128975         -30.720962
    28          -1.125698         -30.631794
    29          -1.097352         -29.860471
    30          -1.028491         -27.986662
    31          -0.951325         -25.886876
    32          -0.897507         -24.422395
    33          -0.896499         -24.394986
    34          -0.860495         -23.415272
    35          -0.845129         -22.997132
    36          -0.808018         -21.987300
    37          -0.798386         -21.725175
    38          -0.766809         -20.865923
    39          -0.760864         -20.704159
    40          -0.737692         -20.073619
    41          -0.737239         -20.061282
    42          -0.715819         -19.478422
    43          -0.708665         -19.283763
    44          -0.148931          -4.052607

    ELECTRONIC HF ENERGY =    -1667.5732262691

         HF TOTAL ENERGY =    -1064.7720301949

  ------------------
   HF Dipole Moment
  ------------------

      2.4657 Debye [   0.9701  (  -0.6392,  -0.7294,  -0.0238) ]


  RESULTS OF OCCUPATION-COEFFICIENT OPTIMIZATION
 ================================================

  Ex It  Orb It    Electronic Energy     Total Energy   Energy Convergency    Max Mul-Lag Diff

    1      10     -1667.5735679033    -1064.7723718290     0.0000000000           0.000039


  RESULTS OF THE OCCUPATION OPTIMIZATION
 ========================================

   OM     Occupation      Elag Diag

    1      2.0000000    -68.7146148
    2      2.0000000    -68.7401656
    3      2.0000000    -58.3999769
    4      1.9999998     -5.5076143
    5      1.9999998     -5.8577000
    6      1.9999998     -4.5904516
    7      1.9999998     -6.0169053
    8      1.9999998     -4.1464025
    9      1.9999998     -6.2339868
   10      1.9999997     -4.9533334
   11      1.9999997     -4.4999542
   12      1.9999997     -5.9270031
   13      1.9999997     -5.8125825
   14      1.9999997     -4.0738296
   15      1.9999997    -10.8146377
   16      1.9999997     -4.3470319
   17      1.9999997    -10.4168604
   18      1.9999996     -3.5934097
   19      1.9999996     -3.2204660
   20      1.9999996    -10.0760427
   21      1.9999995     -2.5809021
   22      1.9999992    -15.0911268
   23      1.9999979     -1.1257056
   24      1.9999977     -1.0973600
   25      1.9999974     -1.1384887
   26      1.9999968     -0.8975155
   27      1.9999968     -1.2303081
   28      1.9999962     -1.1589108
   29      1.9999958     -0.7608740
   30      1.9999956     -0.8965098
   31      1.9999955     -0.9513355
   32      1.9999953     -1.0285025
   33      1.9999953     -1.2541026
   34      1.9999952     -0.7377019
   35      1.9999943     -0.7983972
   36      1.9999938     -0.8605087
   37      1.9999932     -0.7372531
   38      1.9999931     -0.8451429
   39      1.9999901     -0.7158371
   40      1.9999889     -0.7668270
   41      1.9999887     -1.1289943
   42      1.9999835     -0.7086882
   43      1.9999811     -0.8080439
   44      1.0000000     -0.1489309
   45      0.0000104     -0.0000121
   46      0.0000065     -0.0000073
   47      0.0000058     -0.0000098
   48      0.0000032     -0.0000043
   49      0.0000043     -0.0000062
   50      0.0000032     -0.0000055
   51      0.0000030     -0.0000053
   52      0.0000018     -0.0000031
   53      0.0000019     -0.0000029
   54      0.0000017     -0.0000031
   55      0.0000013     -0.0000030
   56      0.0000017     -0.0000035
   57      0.0000013     -0.0000025
   58      0.0000016     -0.0000031
   59      0.0000015     -0.0000023
   60      0.0000015     -0.0000035
   61      0.0000011     -0.0000028
   62      0.0000013     -0.0000028
   63      0.0000009     -0.0000021
   64      0.0000010     -0.0000025
   65      0.0000007     -0.0000017
   66      0.0000002     -0.0000008
   67      0.0000002     -0.0000007
   68      0.0000001     -0.0000006
   69      0.0000001     -0.0000004
   70      0.0000001     -0.0000002
   71      0.0000001     -0.0000010
   72      0.0000001     -0.0000003
   73      0.0000001     -0.0000008
   74      0.0000001     -0.0000003
   75      0.0000001     -0.0000006
   76      0.0000001     -0.0000005
   77      0.0000001     -0.0000003
   78      0.0000001     -0.0000005
   79      0.0000001     -0.0000003
   80      0.0000001     -0.0000002
   81      0.0000001     -0.0000002
   82      0.0000001     -0.0000003
   83      0.0000001     -0.0000001
   84      0.0000001     -0.0000003
   85      0.0000000     -0.0000000
   86      0.0000000     -0.0000000
   87      0.0000000     -0.0000000
   88      0.0000050     -0.0000058
   89      0.0000060     -0.0000070
   90      0.0000026     -0.0000041
   91      0.0000060     -0.0000091
   92      0.0000032     -0.0000046
   93      0.0000019     -0.0000029
   94      0.0000024     -0.0000037
   95      0.0000019     -0.0000033
   96      0.0000016     -0.0000025
   97      0.0000016     -0.0000021
   98      0.0000020     -0.0000052
   99      0.0000016     -0.0000032
  100      0.0000020     -0.0000044
  101      0.0000014     -0.0000024
  102      0.0000013     -0.0000025
  103      0.0000012     -0.0000025
  104      0.0000010     -0.0000023
  105      0.0000011     -0.0000024
  106      0.0000009     -0.0000024
  107      0.0000007     -0.0000017
  108      0.0000008     -0.0000021
  109      0.0000003     -0.0000015
  110      0.0000002     -0.0000007
  111      0.0000002     -0.0000016
  112      0.0000001     -0.0000006
  113      0.0000001     -0.0000007
  114      0.0000001     -0.0000007
  115      0.0000001     -0.0000005
  116      0.0000001     -0.0000002
  117      0.0000001     -0.0000005
  118      0.0000001     -0.0000004
  119      0.0000001     -0.0000006
  120      0.0000001     -0.0000002
  121      0.0000001     -0.0000002
  122      0.0000001     -0.0000005
  123      0.0000001     -0.0000002
  124      0.0000001     -0.0000006
  125      0.0000001     -0.0000001
  126      0.0000001     -0.0000003
  127      0.0000001     -0.0000002
  128      0.0000000     -0.0000000
  129      0.0000000     -0.0000000
  130      0.0000000     -0.0000000
  131      0.0000035     -0.0000034
  132      0.0000040     -0.0000040
  133      0.0000029     -0.0000051
  134      0.0000020     -0.0000022
  135      0.0000024     -0.0000033
  136      0.0000018     -0.0000032
  137      0.0000014     -0.0000021
  138      0.0000024     -0.0000048
  139      0.0000023     -0.0000044
  140      0.0000015     -0.0000030
  141      0.0000013     -0.0000028
  142      0.0000013     -0.0000030
  143      0.0000012     -0.0000021
  144      0.0000014     -0.0000031
  145      0.0000013     -0.0000030
  146      0.0000010     -0.0000026
  147      0.0000011     -0.0000033
  148      0.0000008     -0.0000017
  149      0.0000008     -0.0000020
  150      0.0000006     -0.0000016
  151      0.0000006     -0.0000018
  152      0.0000003     -0.0000023
  153      0.0000001     -0.0000005
  154      0.0000001     -0.0000005
  155      0.0000001     -0.0000007
  156      0.0000001     -0.0000008
  157      0.0000001     -0.0000003
  158      0.0000001     -0.0000010
  159      0.0000001     -0.0000003
  160      0.0000001     -0.0000002
  161      0.0000001     -0.0000003
  162      0.0000001     -0.0000002
  163      0.0000001     -0.0000005
  164      0.0000001     -0.0000003
  165      0.0000001     -0.0000003
  166      0.0000001     -0.0000003
  167      0.0000001     -0.0000002
  168      0.0000001     -0.0000003
  169      0.0000001     -0.0000004
  170      0.0000001     -0.0000001
  171      0.0000000     -0.0000000
  172      0.0000000     -0.0000000
  173      0.0000000     -0.0000000

   RO Sum (  87) =   87.00

  ---------------
   Dipole Moment
  ---------------

      2.4657 Debye [   0.9701  (  -0.6392,  -0.7294,  -0.0238) ]

 ----------------
  Final Energies  
 ----------------

         HF Total Energy =    -1064.7720301949
  Final NOF Total Energy =    -1064.7723718290 ( 4.E-05 , 0.E+00 )
      Correlation Energy =       -0.0003416341



  **************************************************
  *                                                *
  *       SINGLE-POINT DoNOF CALCULATION           *
  *                                                *
  *             FULL OPTIMIZATION                  *
  *                                                *
  *  FINAL RESULTS   FINAL RESULTS  FINAL RESULTS  *
  *                                                *
  **************************************************

  **************************************************
  *         No. EXTERNAL ITER =     1              *
  *         No. of TOTAL ITER =    10              *
  **************************************************

  Elapsed real time :  27685.52  (Seconds)
  Git sha : bcb372acca69df19ae91719c988dea244a3c3d1c                                                            

 The execution finished at 17h  9min on the 12/ 5/2024
