 This is the parallel version of the code
 This is the parallel version of the code
 This is the parallel version of the code
 This is the parallel version of the code
 This is the parallel version of the code
 This is the parallel version of the code
 This is the parallel version of the code
 This is the parallel version of the code
Master:    0

 The execution started at  9h 25min on the 12/ 5/2024

    ===========================================================
    !                                                         !
    !                        Do N O F                         !
    !                                                         !
    !  (Donostia Natural Orbital Functional Software Program) !
    !                                                         !
    !               COPYRIGHT by Mario Piris                  !
    !                                                         !
    !      Donostia International Physics Center (DIPC)       !
    !       University of the Basque Country (UPV/EHU)        !
    !       Basque Foundation for Science (IKERBASQUE)        !
    !                                                         !
    !          GNU General Public License version 3           !
    !                                                         !
    !                  VERSION: Mayo 2024                     !
    !                                                         !
    ===========================================================

 Run Title
 ---------
 p30-5 set                                                                       

 Basis Set
 ---------
 /beegfs_agamede/gscratch/povmieci/SCRATCH/66757/def2-svp.bas                    

 Atom      Charge                Coordinates (Bohr)
                           x             y             z
 H           1.0       -2.2264        4.3691       -1.2985
 AL         13.0       -0.4866        2.1101       -0.4447
 SI         14.0        3.4899        2.1363       -4.1795
 B           5.0       -2.4081       -1.5399        2.0985
 N           7.0       -1.0352       -1.5562       -0.5921
 SI         14.0        4.3907       -1.2115       -0.8415
 O           8.0       -1.4895        1.1702        2.8553
 H           1.0        0.5690        1.5677       -4.2529
 N           7.0        3.0479        2.0844       -0.5266
 H           1.0        4.2059        3.2552        0.4669
 H           1.0        1.3248       -4.5796       -0.1298
 H           1.0       -2.5990        2.0981        3.9696
 H           1.0       -4.6733       -1.5688        1.8314
 N           7.0        1.4342       -2.7366       -0.6629
 F           9.0       -1.4374       -3.3211        3.7294
 H           1.0       -2.1070       -2.2773       -2.0226

 Atomic Basis Set
 ----------------
 The contracted primitive functions were unnormalized
 The contracted basis functions are now normalized to unity

  Shell Type  Primitive         Exponent  Contraction Coefficient

 H         

      1   S       1            13.0107010    0.033485484813
      1   S       2             1.9622572    0.234721870881
      1   S       3             0.4445380    0.813770285260

      2   S       4             0.1219496    1.000000000000

      3   P       5             0.8000000    1.000000000000

 AL        

      4   S       6          5887.5727030    0.005651978962
      4   S       7           885.6122600    0.042218253427
      4   S       8           201.1360490    0.189187196726
      4   S       9            56.2849747    0.480435911881
      4   S      10            17.2295512    0.425872684294

      5   S      11            29.3402499    0.088568603239
      5   S      12             3.0439630   -0.543157066723
      5   S      13             1.1285540   -0.529385510294

      6   S      14             0.1423418    1.000000000000

      7   S      15             0.0544002    1.000000000000

      8   P      16           145.1191881    0.010726377859
      8   P      17            33.7178948    0.074103623546
      8   P      18            10.3698631    0.261296213060
      8   P      19             3.5135616    0.480201235327
      8   P      20             1.1980050    0.384382240624

      9   P      21             0.2658301    1.000000000000

     10   P      22             0.0710034    1.000000000000

     11   D      23             0.3000000    1.000000000000

 SI        

     12   S      24          6903.7118686    0.005584465887
     12   S      25          1038.4346419    0.041742284436
     12   S      26           235.8758148    0.187528023742
     12   S      27            66.0693852    0.478678596587
     12   S      28            20.2479458    0.429256952162

     13   S      29            34.3534817    0.089834899465
     13   S      30             3.6370788   -0.545685958777
     13   S      31             1.4002049   -0.524810829267

     14   S      32             0.2048441    1.000000000000

     15   S      33             0.0779941    1.000000000000

     16   P      34           179.8390737    0.010133498379
     16   P      35            41.9072588    0.071029041096
     16   P      36            12.9552944    0.255839142169
     16   P      37             4.4383267    0.481498047149
     16   P      38             1.5462248    0.385211960064

     17   P      39             0.3560761    1.000000000000

     18   P      40             0.1000851    1.000000000000

     19   D      41             0.3500000    1.000000000000

 B         

     20   S      42           839.3183009   -0.005628883598
     20   S      43           126.2646484   -0.041832794610
     20   S      44            28.6206008   -0.184174881258
     20   S      45             7.8793723   -0.468396550281
     20   S      46             2.4088857   -0.444579308833

     21   S      47             0.2510511    1.000000000000

     22   S      48             0.0836489    1.000000000000

     23   P      49             6.0332224   -0.054032500323
     23   P      50             1.2499158   -0.301940343932
     23   P      51             0.3387168   -0.771707916582

     24   P      52             0.0964156    1.000000000000

     25   D      53             0.5000000    1.000000000000

 N         

     26   S      54          1712.8415853   -0.005447799580
     26   S      55           257.6481268   -0.040627174632
     26   S      56            58.4582459   -0.181119622506
     26   S      57            16.1983679   -0.468439755632
     26   S      58             5.0052601   -0.446168462892

     27   S      59             0.5873186    1.000000000000

     28   S      60             0.1876459    1.000000000000

     29   P      61            13.5714702   -0.058848116970
     29   P      62             2.9257373   -0.320246247625
     29   P      63             0.7992775   -0.753282265204

     30   P      64             0.2195435    1.000000000000

     31   D      65             1.0000000    1.000000000000

 SI        

     32   S      66          6903.7118686    0.005584465887
     32   S      67          1038.4346419    0.041742284436
     32   S      68           235.8758148    0.187528023742
     32   S      69            66.0693852    0.478678596587
     32   S      70            20.2479458    0.429256952162

     33   S      71            34.3534817    0.089834899465
     33   S      72             3.6370788   -0.545685958777
     33   S      73             1.4002049   -0.524810829267

     34   S      74             0.2048441    1.000000000000

     35   S      75             0.0779941    1.000000000000

     36   P      76           179.8390737    0.010133498379
     36   P      77            41.9072588    0.071029041096
     36   P      78            12.9552944    0.255839142169
     36   P      79             4.4383267    0.481498047149
     36   P      80             1.5462248    0.385211960064

     37   P      81             0.3560761    1.000000000000

     38   P      82             0.1000851    1.000000000000

     39   D      83             0.3500000    1.000000000000

 O         

     40   S      84          2266.1767785   -0.005389350392
     40   S      85           340.8701019   -0.040234721389
     40   S      86            77.3631352   -0.180081842055
     40   S      87            21.4796449   -0.468288576577
     40   S      88             6.6589433   -0.446926171602

     41   S      89             0.8097598    1.000000000000

     42   S      90             0.2553077    1.000000000000

     43   P      91            17.7215043    0.062630248763
     43   P      92             3.8635505    0.333311384824
     43   P      93             1.0480921    0.741486383081

     44   P      94             0.2764154    1.000000000000

     45   D      95             1.2000000    1.000000000000

 H         

     46   S      96            13.0107010    0.033485484813
     46   S      97             1.9622572    0.234721870881
     46   S      98             0.4445380    0.813770285260

     47   S      99             0.1219496    1.000000000000

     48   P     100             0.8000000    1.000000000000

 N         

     49   S     101          1712.8415853   -0.005447799580
     49   S     102           257.6481268   -0.040627174632
     49   S     103            58.4582459   -0.181119622506
     49   S     104            16.1983679   -0.468439755632
     49   S     105             5.0052601   -0.446168462892

     50   S     106             0.5873186    1.000000000000

     51   S     107             0.1876459    1.000000000000

     52   P     108            13.5714702   -0.058848116970
     52   P     109             2.9257373   -0.320246247625
     52   P     110             0.7992775   -0.753282265204

     53   P     111             0.2195435    1.000000000000

     54   D     112             1.0000000    1.000000000000

 H         

     55   S     113            13.0107010    0.033485484813
     55   S     114             1.9622572    0.234721870881
     55   S     115             0.4445380    0.813770285260

     56   S     116             0.1219496    1.000000000000

     57   P     117             0.8000000    1.000000000000

 H         

     58   S     118            13.0107010    0.033485484813
     58   S     119             1.9622572    0.234721870881
     58   S     120             0.4445380    0.813770285260

     59   S     121             0.1219496    1.000000000000

     60   P     122             0.8000000    1.000000000000

 H         

     61   S     123            13.0107010    0.033485484813
     61   S     124             1.9622572    0.234721870881
     61   S     125             0.4445380    0.813770285260

     62   S     126             0.1219496    1.000000000000

     63   P     127             0.8000000    1.000000000000

 H         

     64   S     128            13.0107010    0.033485484813
     64   S     129             1.9622572    0.234721870881
     64   S     130             0.4445380    0.813770285260

     65   S     131             0.1219496    1.000000000000

     66   P     132             0.8000000    1.000000000000

 N         

     67   S     133          1712.8415853   -0.005447799580
     67   S     134           257.6481268   -0.040627174632
     67   S     135            58.4582459   -0.181119622506
     67   S     136            16.1983679   -0.468439755632
     67   S     137             5.0052601   -0.446168462892

     68   S     138             0.5873186    1.000000000000

     69   S     139             0.1876459    1.000000000000

     70   P     140            13.5714702   -0.058848116970
     70   P     141             2.9257373   -0.320246247625
     70   P     142             0.7992775   -0.753282265204

     71   P     143             0.2195435    1.000000000000

     72   D     144             1.0000000    1.000000000000

 F         

     73   S     145          2894.8325990   -0.005349321176
     73   S     146           435.4193912   -0.039967734372
     73   S     147            98.8433289   -0.179412617888
     73   S     148            27.4851980   -0.468324686869
     73   S     149             8.5405498   -0.447241605328

     74   S     150             1.0654578    1.000000000000

     75   S     151             0.3324735    1.000000000000

     76   P     152            22.6966339   -0.064782148241
     76   P     153             4.9872339   -0.340357853553
     76   P     154             1.3491614   -0.734858153660

     77   P     155             0.3482988    1.000000000000

     78   D     156             1.4000000    1.000000000000

 H         

     79   S     157            13.0107010    0.033485484813
     79   S     158             1.9622572    0.234721870881
     79   S     159             0.4445380    0.813770285260

     80   S     160             0.1219496    1.000000000000

     81   P     161             0.8000000    1.000000000000

 Total Number of Basis Set Shells             =   81
 Total Number of Primitives                   =  161
 Number of Cartesian Gaussian Basis Functions =  182
 Number of Electrons                          =   91
 Charge of Molecule                           =    0
 Spin Multiplicity                            =    2
 Number of Occupied Orbitals (Alpha)          =   46
 Number of Occupied Orbitals (Beta )          =   45
 Total Number of Atoms                        =   16

 Input Run Options
 -----------------
 IRUNTYP = 1  MULT = 2  ICHARG =  0 IECP = 0  IEMOM = 1  UNITS = ANGS    

 Integral Options
 ----------------
 CUTOFF = 1.0E-09   ISCHWZ = 1   ERITYP = FULL

 Input NOF Options
 -----------------

 Type of calculation =    Coeff. Opt.:   (ICOEF)         1
 Use Softmax function for Occ. Opt.:     (ISOFTMAX)      1
 Type of Orb. Opt. = Orbital Rotations:  (IORBOPT)       4
 Maximum Number of Occ-Coef Outer Iter.: (MAXIT)      1000

 Natural Orbital Functional Selected:    (IPNOF)         5
 Spin-Multiplet, High-Spin State Option: (HighSpin)      F

 Restart calculation Option:             (RESTART)       F
 Restart Gamma Matrix from GCF file:     (INPUTGAMMA)    0
 Coefficient Matrix from GCF file:       (INPUTC)        0
 Diagonal Elements FMIUG from GCF file:  (INPUTFMIUG)    0
 Cartesian Coordinates from GCF file:    (INPUTCXYZ)     0

 Hartree-Fock Calc. using ID Method:     (HFID)          T
 Threshold Energy Convergence=10**(-N):  (NTHRESHEID)    8
 Max. Number of External Iterations:     (MAXITID)     100
 Ion. Potentials by Koopmans Theorem:    (KOOPMANS)      0
 Orthogonalize the initial Orbitals:     (ORTHO)         T

 Output Option:                          (NPRINT)        0
 Output the Coefficient Matrix:          (IWRITEC)       0
 Do a Mulliken Population Analysis:      (IMULPOP)       0
 Write Information into a WFN file:      (IAIMPAC)       1
 Write Information into a FCHK file:     (IFCHK)         1
 Write Information into a MLP file:      (MOLDEN)        1
 Create Ini. Cond. (ini.xyz) file:       (INICOND)       1
 Calculate IPs using Ext. Koopmans Theo: (IEKT)          0
 Write APSG expansion coefficient file:  (APSG)          F
 Output option for Lagrange Multipliers: (PRINTLAG)      F
 Diagonalize matrix of Lag. Multipliers: (DIAGLAG)       F

------------------------------------------------------------------------

 Orbital Space
 -------------

 Inactive Doubly occupied orbitals up to NO1  =    0
 No. considered Strongly Doubly occupied MOs  =   45
 No. considered Strongly Singly occupied MOs  =    1
 No. of Weakly occ. per St. Doubly occ.  MOs  =    3
 Dimension of the Active Nat. Orb. subspace   =  180
 Secondary Empty orbitals                     =    1

 1e- integrals
 -------------
 Time to do integrals =      0.01
 Guess for MOs = HCORE
        15 MOs were matched and         1 equalized to zero

 Orthonormality violations:       3, Maximum Violation:  0.000001
 Orthogonalize the orbitals

 No violations of the orthonormality

 2e- integrals
 -------------
 DONTW option skips storage 2e- integrals on Unit 1
            87963741 2e- integrals in     1 records
 Time to do integrals =      4.98

 ROHF SCF Calculation
 --------------------
 EXTRAP=T  DAMP=T  DIIS=T
 DMat Conv = 1.0E-05  Ener Tol = 1.0E-08
 Ener Conv = 1.0E-10  DMat Tol = 2.0E-05
 DIIS Conv = 1.0E-07  DMat Tol = 2.0E-05

 ITER      TOTAL ENERGY        E CHANGE     DEN. CHANGE    DIIS ERROR
   1    -1095.1698855726 -1095.1698855726  73.920194624   1.879397884
   2     -915.9679446298   179.2019409428  73.498294936   1.724436474
   3    -1097.3052899094  -181.3373452796   0.007548254   0.734961152
   4    -1097.3400789745    -0.0347890651   0.118887764   0.734689813
   5    -1097.8882052487    -0.5481262742   0.115639397   0.730442706
   6    -1098.4209186973    -0.5327134486   0.119103682   0.726344541
   7    -1098.9699834942    -0.5490647969   0.115917961   0.722119335
   8    -1099.5053467850    -0.5353632908   0.118713286   0.717974371
   9    -1100.0553261626    -0.5499793776   0.115627397   0.713670164
  10    -1100.5933147265    -0.5379885639   0.117718851   0.709399277
  11    -1101.1442220281    -0.5509073016   0.114679591   0.704950984
  12    -1101.6848884796    -0.5406664515   0.115956660   0.700502280
  13    -1102.2367230978    -0.5518346182   0.112865624   0.695869212
  14    -1102.7800693402    -0.5433462424   0.113212957   0.691211004
  15    -1103.3328012176    -0.5527318774   0.109960644   0.686370569
  16    -1103.8787405798    -0.5459393622   0.109308334   0.681487128
  17    -1104.4323092346    -0.5535686548   0.105817793   0.679544420
  18    -1104.9806645296    -0.5483552950   0.104195878   0.681084952
  19    -1105.5349812711    -0.5543167415   0.100482456   0.682390280
  20    -1106.0854885762    -0.5505073051   0.098082891   0.683421790
  21    -1106.6404343852    -0.5549458089   0.096378894   0.684179566
  22    -1107.1927312635    -0.5522968783   0.095771881   0.684637885
  23    -1107.7481447233    -0.5554134598   0.093594237   0.684786521
  24    -1108.3017279393    -0.5535832160   0.091321104   0.684609501
  25    -1108.8573838118    -0.5556558725   0.087712880   0.684093202
  26    -1109.4115459042    -0.5541620924   0.088268672   0.683230768
  27    -1109.9671438515    -0.5555979473   0.090863757   0.682011247
  28    -1110.5209613130    -0.5538174615   0.093241007   0.680439790
  29    -1111.0726217617    -0.5516604487   0.095248728   0.678523767
  30    -1111.6216206922    -0.5489989305   0.096754449   0.676277058
  31    -1112.1673771155    -0.5457564233   0.097665911   0.673719875
  32    -1112.7093026393    -0.5419255238   0.097946801   0.670877767
  33    -1113.2468782231    -0.5375755838   0.097622520   0.667779913
  34    -1113.7797258632    -0.5328476401   0.098489549   0.664457015
  35    -1114.3170388472    -0.5373129839   0.097189596   0.660874807
  36    -1114.8493219629    -0.5322831157   0.098035264   0.657119944
  37    -1115.3868815043    -0.5375595414   0.100875750   0.653142550
  38    -1115.9201805808    -0.5332990765   0.103683276   0.649035045
  39    -1116.4501486447    -0.5299680639   0.106491001   0.644815633
  40    -1116.9780403634    -0.5278917187   0.109357430   0.640498662
  41    -1117.5054851013    -0.5274447379   0.112358173   0.636095371
  42    -1118.0345617582    -0.5290766569   0.115576559   0.631614618
  43    -1118.5678818325    -0.5333200743   0.119088482   0.627063475
  44    -1119.1086293032    -0.5407474708   0.122933148   0.622447591
  45    -1119.6604428226    -0.5518135194   0.127059612   0.617771292
  46    -1120.2269346525    -0.5664918299   0.131248400   0.625863554
  47    -1120.8105867025    -0.5836520500   0.135044453   0.639024275
  48    -1121.4109541538    -0.6003674513   0.137799565   0.653471486
  49    -1122.0228089427    -0.6118547889   0.138923161   0.668636116
  50    -1122.6357864976    -0.6129775549   0.138250535   0.683594149
  51    -1123.2368415391    -0.6010550415   0.141607011   0.697306037
  52    -1123.8371086558    -0.6002671167   0.138711523   0.709375336
  53    -1124.4047137132    -0.5676050574   0.151880030   0.718800545
  54    -1124.9992902796    -0.5945765665   0.149210101   0.726284333
  55    -1125.5547955540    -0.5555052743   0.168916427   0.730988997
  56    -1126.1509151820    -0.5961196281   0.167941603   0.733700439
  57    -1126.7121770583    -0.5612618762   0.189495437   0.734283989
  58    -1127.3125196717    -0.6003426135   0.190496964   0.733127296
  59    -1127.8852920765    -0.5727724048   0.192333619   0.730633796
  60    -1128.4361722719    -0.5508801954   0.195046725   0.727245015
  61    -1128.9695391952    -0.5333669232   0.198943331   0.723296972
  62    -1129.4891806727    -0.5196414776   0.204674442   0.719077135
  63    -1129.9991329908    -0.5099523180   0.213236631   0.714876619
  64    -1130.5053225345    -0.5061895437   0.224732907   0.711051717
  65    -1131.0204221692    -0.5150996347   0.226386492   0.708085941
  66    -1131.5813770664    -0.5609548972   0.285078060   0.706320434
  67    -1132.2897490897    -0.7083720233   0.372081778   0.702571193
  68    -1133.1247649507    -0.8350158610   0.400699348   0.686227197
  69    -1133.7708666576    -0.6461017069   0.241478298   0.666119632
  70    -1134.2638053980    -0.4929387404   0.217353325   0.651367002
  71    -1135.0025692131    -0.7387638151   0.164641481   0.633348530
  72    -1135.7175089479    -0.7149397348   0.156868743   0.618789810
  73    -1136.5180223531    -0.8005134053   0.159439271   0.603831592
  74    -1137.4128895097    -0.8948671565   0.148194700   0.587314233
  75    -1138.4487982323    -1.0359087227   0.163410699   0.567311876
  76    -1139.6163865233    -1.1675882910   0.157735705   0.543403112
  77    -1140.8146391467    -1.1982526233   0.152924426   0.517762784
  78    -1141.8526151209    -1.0379759743  17.474057179   0.493989705
  79     -864.4283371810   277.4242779399   7.610040028   2.741382482
  80    -1081.4027277330  -216.9743905519   6.491016032   1.567480883
  81    -1131.3754669991   -49.9727392661   3.913704119   1.188236913
  82    -1168.6094868370   -37.2340198380   3.492950557   0.566068031
  83    -1182.5058689710   -13.8963821340   1.895798170   0.512165928
  84    -1185.4091653239    -2.9032963529   0.353696009   0.150022707
  85    -1185.7773847489    -0.3682194250   0.066092934   0.038361396
  86    -1185.8155317457    -0.0381469968   0.032825038   0.022070496
  87    -1185.8207717016    -0.0052399559   0.016283367   0.002886098
  88    -1185.8214353847    -0.0006636830   0.007948117   0.000944879
  89    -1185.8215196483    -0.0000842636   0.004287795   0.000348680
  90    -1185.8215398862    -0.0000202379   0.002944919   0.000168107
  91    -1185.8215485713    -0.0000086851   0.002615137   0.000084604
  92    -1185.8215532425    -0.0000046712   0.002007225   0.000044680
  93    -1185.8215553165    -0.0000020740   0.001180894   0.000028520
  94    -1185.8215559222    -0.0000006056   0.000552499   0.000010515
  95    -1185.8215560376    -0.0000001154   0.000143695   0.000003842
  96    -1185.8215560481    -0.0000000105   0.000039239   0.000001439
  97    -1185.8215560488    -0.0000000008   0.000005115   0.000000670

          -----------------
          DENSITY CONVERGED
          -----------------

 FINAL ROHF ENERGY IS    -1185.8215560488 AFTER  97 ITERATIONS

          --------------------
          SPIN SZ   =    0.500
          S-SQUARED =    0.750
          --------------------

         WAVEFUNCTION NORMALIZATION =       1.0000000000

                ONE ELECTRON ENERGY =   -3085.4593508802
                TWO ELECTRON ENERGY =    1175.3910206562
           NUCLEAR REPULSION ENERGY =     724.2467741751
                                      ------------------
                   RHF TOTAL ENERGY =   -1185.8215560488

 ELECTRON-ELECTRON POTENTIAL ENERGY =    1175.3910206562
  NUCLEUS-ELECTRON POTENTIAL ENERGY =   -4267.5749332100
   NUCLEUS-NUCLEUS POTENTIAL ENERGY =     724.2467741751
                                      ------------------
             TOTAL POTENTIAL ENERGY =   -2367.9371383786
               TOTAL KINETIC ENERGY =    1182.1155823298
                 VIRIAL RATIO (V/T) =       2.0031350350

 Distribution Full ERIs:

 Integrals:                          87963741
 Max size per slaves:                10995468
 Max size in master:                 98959209


  HARTREE-FOCK 
 ==============

  ITER     ELECTRONIC ENERGY      TOTAL ENERGY   ENERGY CONVERGENCY    MAX MUL-LAG DIFF

    2.        -1909.560239       -1185.313465         0.50721026           0.182476
    3.        -1830.382531       -1106.135757        79.17770774           0.659162
    4.        -1755.934035       -1031.687261        74.44849679           1.447589
    5.        -1904.937355       -1180.690581      -149.00332004           0.202537
    6.        -1908.869571       -1184.622797        -3.93221641           0.099929
    7.        -1909.714512       -1185.467738        -0.84494102           0.050818
    8.        -1909.935954       -1185.689180        -0.22144175           0.016297
    9.        -1910.019400       -1185.772626        -0.08344644           0.015896
   10.        -1910.043641       -1185.796867        -0.02424062           0.006936
   11.        -1910.052708       -1185.805934        -0.00906695           0.004690
   12.        -1910.057191       -1185.810417        -0.00448296           0.004283
   13.        -1910.059917       -1185.813143        -0.00272647           0.003946
   14.        -1910.061901       -1185.815127        -0.00198392           0.004064
   15.        -1910.063526       -1185.816752        -0.00162461           0.003534
   16.        -1910.064762       -1185.817988        -0.00123612           0.003060
   17.        -1910.065687       -1185.818913        -0.00092515           0.002624
   18.        -1910.066383       -1185.819609        -0.00069610           0.002299
   19.        -1910.066785       -1185.820011        -0.00040170           0.002074
   20.        -1910.067197       -1185.820423        -0.00041184           0.001797
   21.        -1910.067497       -1185.820723        -0.00030003           0.001482
   22.        -1910.067669       -1185.820894        -0.00017175           0.001164
   23.        -1910.067820       -1185.821046        -0.00015112           0.001215
   24.        -1910.067937       -1185.821163        -0.00011748           0.000931
   25.        -1910.068007       -1185.821232        -0.00006947           0.000810
   26.        -1910.068063       -1185.821289        -0.00005655           0.000717
   27.        -1910.068109       -1185.821335        -0.00004629           0.000648
   28.        -1910.068147       -1185.821373        -0.00003794           0.000591
   29.        -1910.068178       -1185.821404        -0.00003105           0.000549
   30.        -1910.068204       -1185.821430        -0.00002559           0.000506
   31.        -1910.068225       -1185.821451        -0.00002120           0.000461
   32.        -1910.068243       -1185.821468        -0.00001742           0.000427
   33.        -1910.068257       -1185.821483        -0.00001448           0.000390
   34.        -1910.068269       -1185.821495        -0.00001203           0.000356
   35.        -1910.068279       -1185.821505        -0.00000996           0.000326
   36.        -1910.068287       -1185.821513        -0.00000830           0.000303
   37.        -1910.068294       -1185.821520        -0.00000691           0.000279
   38.        -1910.068300       -1185.821526        -0.00000576           0.000254
   39.        -1910.068305       -1185.821531        -0.00000479           0.000234
   40.        -1910.068309       -1185.821535        -0.00000403           0.000216
   41.        -1910.068312       -1185.821538        -0.00000338           0.000196
   42.        -1910.068315       -1185.821541        -0.00000284           0.000180
   43.        -1910.068318       -1185.821543        -0.00000239           0.000165
   44.        -1910.068320       -1185.821545        -0.00000200           0.000151
   45.        -1910.068321       -1185.821547        -0.00000167           0.000140
   46.        -1910.068323       -1185.821548        -0.00000142           0.000128
   47.        -1910.068324       -1185.821550        -0.00000119           0.000119
   48.        -1910.068325       -1185.821551        -0.00000100           0.000108
   49.        -1910.068326       -1185.821551        -0.00000085           0.000100
   50.        -1910.068326       -1185.821552        -0.00000071           0.000091
   51.        -1910.068327       -1185.821553        -0.00000060           0.000085
   52.        -1910.068327       -1185.821553        -0.00000050           0.000078
   53.        -1910.068328       -1185.821554        -0.00000043           0.000071
   54.        -1910.068328       -1185.821554        -0.00000036           0.000066
   55.        -1910.068329       -1185.821554        -0.00000030           0.000060
   56.        -1910.068329       -1185.821555        -0.00000026           0.000055
   57.        -1910.068329       -1185.821555        -0.00000022           0.000050
   58.        -1910.068329       -1185.821555        -0.00000018           0.000046
   59.        -1910.068329       -1185.821555        -0.00000015           0.000043
   60.        -1910.068330       -1185.821555        -0.00000013           0.000040
   61.        -1910.068330       -1185.821555        -0.00000008           0.000037
   62.        -1910.068330       -1185.821555        -0.00000001           0.000037

  -------------
   HF Energies 
  -------------

                   (aU)              (eV)
     1         -68.794894       -1872.004273
     2         -68.773764       -1871.429288
     3         -58.486945       -1591.510704
     4         -26.237876        -713.968908
     5         -20.603295        -560.644167
     6         -15.564187        -423.523074
     7         -15.544964        -422.999982
     8         -15.526400        -422.494817
     9          -6.151200        -167.382678
    10          -4.515898        -122.883823
    11          -4.278795        -116.431925
    12          -4.201626        -114.332052
    13          -4.030275        -109.669348
    14          -3.716589        -101.133542
    15          -3.502688         -95.312988
    16          -3.149599         -85.704934
    17          -3.085568         -83.962580
    18          -3.019560         -82.166417
    19          -2.912384         -79.250010
    20          -2.824987         -76.871804
    21          -2.752174         -74.890462
    22          -2.680574         -72.942125
    23          -2.577630         -70.140871
    24          -2.505527         -68.178863
    25          -2.335946         -63.564320
    26          -2.330719         -63.422087
    27          -1.264685         -34.413836
    28          -1.166710         -31.747793
    29          -1.138269         -30.973864
    30          -1.091144         -29.691536
    31          -1.070265         -29.123394
    32          -1.034880         -28.160514
    33          -0.995009         -27.075579
    34          -0.906607         -24.670034
    35          -0.902656         -24.562522
    36          -0.883506         -24.041431
    37          -0.807432         -21.971330
    38          -0.799442         -21.753933
    39          -0.793756         -21.599188
    40          -0.757844         -20.621984
    41          -0.746208         -20.305343
    42          -0.743323         -20.226851
    43          -0.703039         -19.130673
    44          -0.666443         -18.134828
    45          -0.623756         -16.973269
    46          -0.139700          -3.801431

    ELECTRONIC HF ENERGY =    -1910.0683296038

         HF TOTAL ENERGY =    -1185.8215554286

  ------------------
   HF Dipole Moment
  ------------------

      2.2836 Debye [   0.8985  (  -0.6335,   0.5438,   0.3320) ]
    1       0     -1910.0683294456    -1185.8215552704     0.0000001582           0.000037


  RESULTS OF THE OCCUPATION OPTIMIZATION
 ========================================

   OM     Occupation      Elag Diag

    1      2.0000000    -26.2378757
    2      2.0000000    -20.6032949
    3      2.0000000    -15.5263995
    4      2.0000000    -15.5449640
    5      2.0000000    -15.5641873
    6      2.0000000     -4.2787947
    7      2.0000000     -6.1512005
    8      2.0000000     -3.7165894
    9      2.0000000     -4.0302746
   10      2.0000000     -3.5026880
   11      2.0000000     -2.9123844
   12      2.0000000     -4.2016258
   13      2.0000000     -4.5158976
   14      2.0000000     -3.0855682
   15      2.0000000     -3.0195604
   16      2.0000000     -2.3359459
   17      2.0000000     -2.5055272
   18      2.0000000     -2.6805739
   19      2.0000000     -2.5776297
   20      2.0000000     -3.1495985
   21      2.0000000     -2.7521739
   22      2.0000000     -2.3307189
   23      2.0000000     -2.8249870
   24      2.0000000     -1.1667100
   25      2.0000000     -1.1382686
   26      2.0000000     -1.0911439
   27      2.0000000     -1.0702651
   28      2.0000000     -1.2646852
   29      2.0000000     -0.9026561
   30      2.0000000     -0.9066071
   31      2.0000000     -0.9950093
   32      2.0000000     -0.7578440
   33      2.0000000     -1.0348799
   34      2.0000000     -0.8835064
   35      2.0000000     -0.7937556
   36      2.0000000     -0.7994424
   37      2.0000000     -0.8074315
   38      2.0000000     -0.7462076
   39      2.0000000     -0.7433231
   40      2.0000000     -0.7030393
   41      2.0000000     -0.6664427
   42      2.0000000     -0.6237562
   43      2.0000000    -58.4869447
   44      2.0000000    -68.7948941
   45      2.0000000    -68.7737638
   46      1.0000000     -0.1397000
   47      0.0000000     -0.0000000
   48      0.0000000     -0.0000000
   49      0.0000000     -0.0000000
   50      0.0000000     -0.0000000
   51      0.0000000     -0.0000000
   52      0.0000000     -0.0000000
   53      0.0000000     -0.0000000
   54      0.0000000     -0.0000000
   55      0.0000000     -0.0000000
   56      0.0000000     -0.0000000
   57      0.0000000     -0.0000000
   58      0.0000000     -0.0000000
   59      0.0000000     -0.0000000
   60      0.0000000     -0.0000000
   61      0.0000000     -0.0000000
   62      0.0000000     -0.0000000
   63      0.0000000     -0.0000000
   64      0.0000000     -0.0000000
   65      0.0000000     -0.0000000
   66      0.0000000     -0.0000000
   67      0.0000000     -0.0000000
   68      0.0000000     -0.0000000
   69      0.0000000     -0.0000000
   70      0.0000000     -0.0000000
   71      0.0000000     -0.0000000
   72      0.0000000     -0.0000000
   73      0.0000000     -0.0000000
   74      0.0000000     -0.0000000
   75      0.0000000     -0.0000000
   76      0.0000000     -0.0000000
   77      0.0000000     -0.0000000
   78      0.0000000     -0.0000000
   79      0.0000000     -0.0000000
   80      0.0000000     -0.0000000
   81      0.0000000     -0.0000000
   82      0.0000000     -0.0000000
   83      0.0000000     -0.0000000
   84      0.0000000     -0.0000000
   85      0.0000000     -0.0000000
   86      0.0000000     -0.0000000
   87      0.0000000     -0.0000000
   88      0.0000000     -0.0000000
   89      0.0000000     -0.0000000
   90      0.0000000     -0.0000000
   91      0.0000000     -0.0000000
   92      0.0000000     -0.0000000
   93      0.0000000     -0.0000000
   94      0.0000000     -0.0000000
   95      0.0000000     -0.0000000
   96      0.0000000     -0.0000000
   97      0.0000000     -0.0000000
   98      0.0000000     -0.0000000
   99      0.0000000     -0.0000000
  100      0.0000000     -0.0000000
  101      0.0000000     -0.0000000
  102      0.0000000     -0.0000000
  103      0.0000000     -0.0000000
  104      0.0000000     -0.0000000
  105      0.0000000     -0.0000000
  106      0.0000000     -0.0000000
  107      0.0000000     -0.0000000
  108      0.0000000     -0.0000000
  109      0.0000000     -0.0000000
  110      0.0000000     -0.0000000
  111      0.0000000     -0.0000000
  112      0.0000000     -0.0000000
  113      0.0000000     -0.0000000
  114      0.0000000     -0.0000000
  115      0.0000000     -0.0000000
  116      0.0000000     -0.0000000
  117      0.0000000     -0.0000000
  118      0.0000000     -0.0000000
  119      0.0000000     -0.0000000
  120      0.0000000     -0.0000000
  121      0.0000000     -0.0000000
  122      0.0000000     -0.0000000
  123      0.0000000     -0.0000000
  124      0.0000000     -0.0000000
  125      0.0000000     -0.0000000
  126      0.0000000     -0.0000000
  127      0.0000000     -0.0000000
  128      0.0000000     -0.0000000
  129      0.0000000     -0.0000000
  130      0.0000000     -0.0000000
  131      0.0000000     -0.0000000
  132      0.0000000     -0.0000000
  133      0.0000000     -0.0000000
  134      0.0000000     -0.0000000
  135      0.0000000     -0.0000000
  136      0.0000000     -0.0000000
  137      0.0000000     -0.0000000
  138      0.0000000     -0.0000000
  139      0.0000000     -0.0000000
  140      0.0000000     -0.0000000
  141      0.0000000     -0.0000000
  142      0.0000000     -0.0000000
  143      0.0000000     -0.0000000
  144      0.0000000     -0.0000000
  145      0.0000000     -0.0000000
  146      0.0000000     -0.0000000
  147      0.0000000     -0.0000000
  148      0.0000000     -0.0000000
  149      0.0000000     -0.0000000
  150      0.0000000     -0.0000000
  151      0.0000000     -0.0000000
  152      0.0000000     -0.0000000
  153      0.0000000     -0.0000000
  154      0.0000000     -0.0000000
  155      0.0000000     -0.0000000
  156      0.0000000     -0.0000000
  157      0.0000000     -0.0000000
  158      0.0000000     -0.0000000
  159      0.0000000     -0.0000000
  160      0.0000000     -0.0000000
  161      0.0000000     -0.0000000
  162      0.0000000     -0.0000000
  163      0.0000000     -0.0000000
  164      0.0000000     -0.0000000
  165      0.0000000     -0.0000000
  166      0.0000000     -0.0000000
  167      0.0000000     -0.0000000
  168      0.0000000     -0.0000000
  169      0.0000000     -0.0000000
  170      0.0000000     -0.0000000
  171      0.0000000     -0.0000000
  172      0.0000000     -0.0000000
  173      0.0000000     -0.0000000
  174      0.0000000     -0.0000000
  175      0.0000000     -0.0000000
  176      0.0000000     -0.0000000
  177      0.0000000     -0.0000000
  178      0.0000000     -0.0000000
  179      0.0000000     -0.0000000
  180      0.0000000     -0.0000000
  181      0.0000000     -0.0000000

   RO Sum (  91) =   91.00

  ---------------
   Dipole Moment
  ---------------

      2.2836 Debye [   0.8985  (  -0.6335,   0.5438,   0.3320) ]

 ----------------
  Final Energies  
 ----------------

         HF Total Energy =    -1185.8215554286
  Final NOF Total Energy =    -1185.8215552704 ( 4.E-05 , 0.E+00 )
      Correlation Energy =        0.0000001582



  **************************************************
  *                                                *
  *       SINGLE-POINT DoNOF CALCULATION           *
  *                                                *
  *             FULL OPTIMIZATION                  *
  *                                                *
  *  FINAL RESULTS   FINAL RESULTS  FINAL RESULTS  *
  *                                                *
  **************************************************

  **************************************************
  *         No. EXTERNAL ITER =     1              *
  *         No. of TOTAL ITER =     0              *
  **************************************************

  Elapsed real time :  15600.97  (Seconds)
  Git sha : bcb372acca69df19ae91719c988dea244a3c3d1c                                                            

 The execution finished at 13h 47min on the 12/ 5/2024
