 This is the parallel version of the code
 This is the parallel version of the code
 This is the parallel version of the code
 This is the parallel version of the code
 This is the parallel version of the code
 This is the parallel version of the code
 This is the parallel version of the code
 This is the parallel version of the code
Master:    0

 The execution started at 10h 30min on the  1/ 3/2025

    ===========================================================
    !                                                         !
    !                        Do N O F                         !
    !                                                         !
    !  (Donostia Natural Orbital Functional Software Program) !
    !                                                         !
    !               COPYRIGHT by Mario Piris                  !
    !                                                         !
    !      Donostia International Physics Center (DIPC)       !
    !       University of the Basque Country (UPV/EHU)        !
    !       Basque Foundation for Science (IKERBASQUE)        !
    !                                                         !
    !          GNU General Public License version 3           !
    !                                                         !
    !                  VERSION: Mayo 2024                     !
    !                                                         !
    ===========================================================

 Run Title
 ---------
 p30-20 set                                                                      

 Basis Set
 ---------
 /beegfs_agamede/gscratch/povmieci/SCRATCH/81882/def2-svp.bas                    

 Atom      Charge                Coordinates (Bohr)
                           x             y             z
 O           8.0       -1.8833        2.5301       -3.9861
 AL         13.0        3.2770       -0.0863        3.6769
 SI         14.0       -1.1661       -0.3204        1.6906
 H           1.0       -5.4685        4.5727       -0.5293
 LI          3.0        0.9716        0.6675       -3.2596
 H           1.0       -2.7182        3.2956       -5.4169
 CL         17.0        2.8541       -3.2543       -3.7920
 AL         13.0       -3.0970        2.7893       -0.8382
 H           1.0        2.3407       -3.8775       -1.2854
 H           1.0       -1.3681       -5.3399        1.8588
 B           5.0        0.3224       -3.8977        2.3360
 H           1.0       -0.7022        4.7318        0.8380
 H           1.0        1.0911       -4.0845        4.4961
 B           5.0        0.6416        2.8573        1.4250
 H           1.0        2.2012       -4.3609        0.9842
 H           1.0        2.7036        3.7772        1.8018

 Atomic Basis Set
 ----------------
 The contracted primitive functions were unnormalized
 The contracted basis functions are now normalized to unity

  Shell Type  Primitive         Exponent  Contraction Coefficient

 O         

      1   S       1          2266.1767785   -0.005389350392
      1   S       2           340.8701019   -0.040234721389
      1   S       3            77.3631352   -0.180081842055
      1   S       4            21.4796449   -0.468288576577
      1   S       5             6.6589433   -0.446926171602

      2   S       6             0.8097598    1.000000000000

      3   S       7             0.2553077    1.000000000000

      4   P       8            17.7215043    0.062630248763
      4   P       9             3.8635505    0.333311384824
      4   P      10             1.0480921    0.741486383081

      5   P      11             0.2764154    1.000000000000

      6   D      12             1.2000000    1.000000000000

 AL        

      7   S      13          5887.5727030    0.005651978962
      7   S      14           885.6122600    0.042218253427
      7   S      15           201.1360490    0.189187196726
      7   S      16            56.2849747    0.480435911881
      7   S      17            17.2295512    0.425872684294

      8   S      18            29.3402499    0.088568603239
      8   S      19             3.0439630   -0.543157066723
      8   S      20             1.1285540   -0.529385510294

      9   S      21             0.1423418    1.000000000000

     10   S      22             0.0544002    1.000000000000

     11   P      23           145.1191881    0.010726377859
     11   P      24            33.7178948    0.074103623546
     11   P      25            10.3698631    0.261296213060
     11   P      26             3.5135616    0.480201235327
     11   P      27             1.1980050    0.384382240624

     12   P      28             0.2658301    1.000000000000

     13   P      29             0.0710034    1.000000000000

     14   D      30             0.3000000    1.000000000000

 SI        

     15   S      31          6903.7118686    0.005584465887
     15   S      32          1038.4346419    0.041742284436
     15   S      33           235.8758148    0.187528023742
     15   S      34            66.0693852    0.478678596587
     15   S      35            20.2479458    0.429256952162

     16   S      36            34.3534817    0.089834899465
     16   S      37             3.6370788   -0.545685958777
     16   S      38             1.4002049   -0.524810829267

     17   S      39             0.2048441    1.000000000000

     18   S      40             0.0779941    1.000000000000

     19   P      41           179.8390737    0.010133498379
     19   P      42            41.9072588    0.071029041096
     19   P      43            12.9552944    0.255839142169
     19   P      44             4.4383267    0.481498047149
     19   P      45             1.5462248    0.385211960064

     20   P      46             0.3560761    1.000000000000

     21   P      47             0.1000851    1.000000000000

     22   D      48             0.3500000    1.000000000000

 H         

     23   S      49            13.0107010    0.033485484813
     23   S      50             1.9622572    0.234721870881
     23   S      51             0.4445380    0.813770285260

     24   S      52             0.1219496    1.000000000000

     25   P      53             0.8000000    1.000000000000

 LI        

     26   S      54           266.2778552    0.006354286535
     26   S      55            40.0697834    0.046734889363
     26   S      56             9.0559944    0.198387923560
     26   S      57             2.4503009    0.475753833454
     26   S      58             0.7220957    0.427014289368

     27   S      59             0.0528109    1.000000000000

     28   S      60             0.0209609    1.000000000000

     29   P      61             1.4500000    0.224912327222
     29   P      62             0.3000000    0.869730577039

     30   P      63             0.0820000    1.000000000000

 H         

     31   S      64            13.0107010    0.033485484813
     31   S      65             1.9622572    0.234721870881
     31   S      66             0.4445380    0.813770285260

     32   S      67             0.1219496    1.000000000000

     33   P      68             0.8000000    1.000000000000

 CL        

     34   S      69         10449.8275660    0.005426595379
     34   S      70          1571.7365221    0.040626378129
     34   S      71           357.1206552    0.183597478529
     34   S      72           100.2518594    0.474389487682
     34   S      73            30.8127276    0.437351811041

     35   S      74            51.9237894   -0.092754154848
     35   S      75             5.7045761    0.563808255442
     35   S      76             2.3508377    0.503670446297

     36   S      77             0.4460512    1.000000000000

     37   S      78             0.1684886    1.000000000000

     38   P      79           307.6679057   -0.008879702559
     38   P      80            72.1020155   -0.064284071721
     38   P      81            22.5326803   -0.242887397360
     38   P      82             7.8991765   -0.483408363699
     38   P      83             2.8767268   -0.389525638755

     39   P      84             0.7745936    1.000000000000

     40   P      85             0.2103770    1.000000000000

     41   D      86             0.6500000    1.000000000000

 AL        

     42   S      87          5887.5727030    0.005651978962
     42   S      88           885.6122600    0.042218253427
     42   S      89           201.1360490    0.189187196726
     42   S      90            56.2849747    0.480435911881
     42   S      91            17.2295512    0.425872684294

     43   S      92            29.3402499    0.088568603239
     43   S      93             3.0439630   -0.543157066723
     43   S      94             1.1285540   -0.529385510294

     44   S      95             0.1423418    1.000000000000

     45   S      96             0.0544002    1.000000000000

     46   P      97           145.1191881    0.010726377859
     46   P      98            33.7178948    0.074103623546
     46   P      99            10.3698631    0.261296213060
     46   P     100             3.5135616    0.480201235327
     46   P     101             1.1980050    0.384382240624

     47   P     102             0.2658301    1.000000000000

     48   P     103             0.0710034    1.000000000000

     49   D     104             0.3000000    1.000000000000

 H         

     50   S     105            13.0107010    0.033485484813
     50   S     106             1.9622572    0.234721870881
     50   S     107             0.4445380    0.813770285260

     51   S     108             0.1219496    1.000000000000

     52   P     109             0.8000000    1.000000000000

 H         

     53   S     110            13.0107010    0.033485484813
     53   S     111             1.9622572    0.234721870881
     53   S     112             0.4445380    0.813770285260

     54   S     113             0.1219496    1.000000000000

     55   P     114             0.8000000    1.000000000000

 B         

     56   S     115           839.3183009   -0.005628883598
     56   S     116           126.2646484   -0.041832794610
     56   S     117            28.6206008   -0.184174881258
     56   S     118             7.8793723   -0.468396550281
     56   S     119             2.4088857   -0.444579308833

     57   S     120             0.2510511    1.000000000000

     58   S     121             0.0836489    1.000000000000

     59   P     122             6.0332224   -0.054032500323
     59   P     123             1.2499158   -0.301940343932
     59   P     124             0.3387168   -0.771707916582

     60   P     125             0.0964156    1.000000000000

     61   D     126             0.5000000    1.000000000000

 H         

     62   S     127            13.0107010    0.033485484813
     62   S     128             1.9622572    0.234721870881
     62   S     129             0.4445380    0.813770285260

     63   S     130             0.1219496    1.000000000000

     64   P     131             0.8000000    1.000000000000

 H         

     65   S     132            13.0107010    0.033485484813
     65   S     133             1.9622572    0.234721870881
     65   S     134             0.4445380    0.813770285260

     66   S     135             0.1219496    1.000000000000

     67   P     136             0.8000000    1.000000000000

 B         

     68   S     137           839.3183009   -0.005628883598
     68   S     138           126.2646484   -0.041832794610
     68   S     139            28.6206008   -0.184174881258
     68   S     140             7.8793723   -0.468396550281
     68   S     141             2.4088857   -0.444579308833

     69   S     142             0.2510511    1.000000000000

     70   S     143             0.0836489    1.000000000000

     71   P     144             6.0332224   -0.054032500323
     71   P     145             1.2499158   -0.301940343932
     71   P     146             0.3387168   -0.771707916582

     72   P     147             0.0964156    1.000000000000

     73   D     148             0.5000000    1.000000000000

 H         

     74   S     149            13.0107010    0.033485484813
     74   S     150             1.9622572    0.234721870881
     74   S     151             0.4445380    0.813770285260

     75   S     152             0.1219496    1.000000000000

     76   P     153             0.8000000    1.000000000000

 H         

     77   S     154            13.0107010    0.033485484813
     77   S     155             1.9622572    0.234721870881
     77   S     156             0.4445380    0.813770285260

     78   S     157             0.1219496    1.000000000000

     79   P     158             0.8000000    1.000000000000

 Total Number of Basis Set Shells             =   79
 Total Number of Primitives                   =  158
 Number of Cartesian Gaussian Basis Functions =  170
 Number of Electrons                          =   86
 Charge of Molecule                           =    0
 Spin Multiplicity                            =    1
 Number of Occupied Orbitals (Alpha)          =   43
 Number of Occupied Orbitals (Beta )          =   43
 Total Number of Atoms                        =   16

 Input Run Options
 -----------------
 IRUNTYP = 1  MULT = 1  ICHARG =  0 IECP = 0  IEMOM = 1  UNITS = ANGS    

 Integral Options
 ----------------
 CUTOFF = 1.0E-09   ISCHWZ = 1   ERITYP = FULL

 Input NOF Options
 -----------------

 Type of calculation =    Coeff. Opt.:   (ICOEF)         1
 Trigonometric functions for Occ. Opt.:  (ISOFTMAX)      0
 Type of Orb. Opt. = Orbital Rotations:  (IORBOPT)       4
 Maximum Number of Occ-Coef Outer Iter.: (MAXIT)      1000

 Natural Orbital Functional Selected:    (IPNOF)         5

 Restart calculation Option:             (RESTART)       T

 Hartree-Fock Calc. using ID Method:     (HFID)          T
 Threshold Energy Convergence=10**(-N):  (NTHRESHEID)    8
 Max. Number of External Iterations:     (MAXITID)     100
 Ion. Potentials by Koopmans Theorem:    (KOOPMANS)      0
 Orthogonalize the initial Orbitals:     (ORTHO)         T

 Output Option:                          (NPRINT)        0
 Output the Coefficient Matrix:          (IWRITEC)       0
 Do a Mulliken Population Analysis:      (IMULPOP)       0
 Write Information into a WFN file:      (IAIMPAC)       1
 Write Information into a FCHK file:     (IFCHK)         1
 Write Information into a MLP file:      (MOLDEN)        1
 Create Ini. Cond. (ini.xyz) file:       (INICOND)       1
 Calculate IPs using Ext. Koopmans Theo: (IEKT)          0
 Write APSG expansion coefficient file:  (APSG)          F
 Output option for Lagrange Multipliers: (PRINTLAG)      F
 Diagonalize matrix of Lag. Multipliers: (DIAGLAG)       F

 Nuclear Coordinates from GCF file:
 ----------------------------------

 Atom      Charge                Coordinates (Bohr)
                           x             y             z
 O        8.00000       -1.8833        2.5301       -3.9861
 AL      13.00000        3.2770       -0.0863        3.6769
 SI      14.00000       -1.1661       -0.3204        1.6906
 H        1.00000       -5.4685        4.5727       -0.5293
 LI       3.00000        0.9716        0.6675       -3.2596
 H        1.00000       -2.7182        3.2956       -5.4169
 CL      17.00000        2.8541       -3.2543       -3.7920
 AL      13.00000       -3.0970        2.7893       -0.8382
 H        1.00000        2.3407       -3.8775       -1.2854
 H        1.00000       -1.3681       -5.3399        1.8588
 B        5.00000        0.3224       -3.8977        2.3360
 H        1.00000       -0.7022        4.7318        0.8380
 H        1.00000        1.0911       -4.0845        4.4961
 B        5.00000        0.6416        2.8573        1.4250
 H        1.00000        2.2012       -4.3609        0.9842
 H        1.00000        2.7036        3.7772        1.8018

------------------------------------------------------------------------

 Orbital Space
 -------------

 Inactive Doubly occupied orbitals up to NO1  =    0
 No. considered Strongly Doubly occupied MOs  =   43
 No. considered Strongly Singly occupied MOs  =    0
 No. of Weakly occ. per St. Doubly occ.  MOs  =    2
 Dimension of the Active Nat. Orb. subspace   =  129
 Secondary Empty orbitals                     =   41

 1e- integrals
 -------------
 Time to do integrals =      0.01
 Guess for MOs = HCORE
         9 MOs were matched and         1 equalized to zero

 No violations of the orthonormality

 2e- integrals
 -------------
 DONTW option skips storage 2e- integrals on Unit 1
            62249334 2e- integrals in     1 records
 Time to do integrals =      3.90

 RHF SCF Calculation
 -------------------
 EXTRAP=T  DAMP=T  DIIS=T
 DMat Conv = 1.0E-05  Ener Tol = 1.0E-08
 Ener Conv = 1.0E-10  DMat Tol = 2.0E-05
 DIIS Conv = 1.0E-07  DMat Tol = 2.0E-05

 ITER      TOTAL ENERGY        E CHANGE     DEN. CHANGE    DIIS ERROR
   1    -1306.2706852634 -1306.2706852634 108.011889382   1.499810402
   2    -1213.5052505970    92.7654346664 112.534880872   1.622285792
   3    -1334.5249397037  -121.0196891067   0.026664429   0.585636202
   4    -1334.5781629501    -0.0532232464   0.380807247   0.586005926
   5    -1335.3244110423    -0.7462480922   0.302149842   0.589951860
   6    -1335.9353397569    -0.6109287146   0.326397287   0.591290965
   7    -1336.6990706569    -0.7637309000   0.219736757   0.590673554
   8    -1337.3605666571    -0.6614960002   0.199983698   0.588587893
   9    -1338.1677070357    -0.8071403786   0.215061629   0.584952674
  10    -1338.9406115607    -0.7729045249   0.212757743   0.580980883
  11    -1339.6893304181    -0.7487188574   0.199907507   0.577094665
  12    -1340.4384827303    -0.7491523122   0.157529892   0.573519091
  13    -1341.1120401793    -0.6735574490   0.185596052   0.570859589
  14    -1341.8345769829    -0.7225368035   0.179874209   0.568869707
  15    -1342.4560158079    -0.6214388250   0.234722038   0.568004792
  16    -1343.1861309882    -0.7301151803   0.224508124   0.567999821
  17    -1343.8349550150    -0.6488240268   0.267354373   0.568779774
  18    -1344.5835419007    -0.7485868856   0.245034599   0.570365111
  19    -1345.2768160913    -0.6932741906   0.253922121   0.572223575
  20    -1346.0339279799    -0.7571118885   0.218290926   0.574370435
  21    -1346.7457367245    -0.7118087447   0.207337931   0.576156323
  22    -1347.5013075358    -0.7555708113   0.173362733   0.577379870
  23    -1348.2034549990    -0.7021474632   0.196296977   0.577409087
  24    -1348.9474631515    -0.7440081525   0.220287210   0.575705752
  25    -1349.6200089339    -0.6725457823   0.237469684   0.581566065
  26    -1350.2308924508    -0.6108835170   0.248656162   0.586200453
  27    -1350.7921919904    -0.5612995396   0.254665841   0.587480170
  28    -1351.3146533263    -0.5224613359   0.256366865   0.585860422
  29    -1351.8071032633    -0.4924499369   0.254525970   0.581686766
  30    -1352.2772284362    -0.4701251729   0.273311155   0.575189708
  31    -1352.7760969961    -0.4988685599   0.263918728   0.565522386
  32    -1353.2678630926    -0.4917660965   0.257592488   0.553108695
  33    -1353.7807689140    -0.5129058215   0.237666305   0.537057464
  34    -1354.3225322966    -0.5417633826   0.207228843   0.516644136
  35    -1354.9340041147    -0.6114718181  40.652321299   0.492199203
  36    -1268.2204773498    86.7135267650  30.728296783   0.784210605
  37    -1326.3393738959   -58.1188965462   8.761185706   0.536509496
  38    -1365.9692731613   -39.6298992654   1.092512961   0.322185380
  39    -1367.5806273396    -1.6113541783   0.248993182   0.154164633
  40    -1368.0503034360    -0.4696760964   0.093203576   0.071320837
  41    -1368.1498025018    -0.0994990658   0.056870554   0.009076511
  42    -1368.1545240041    -0.0047215024   0.015282616   0.002961538
  43    -1368.1550605708    -0.0005365666   0.011645538   0.001154575
  44    -1368.1551487823    -0.0000882116   0.003658801   0.000476410
  45    -1368.1551590223    -0.0000102400   0.000706600   0.000254907
  46    -1368.1551607700    -0.0000017477   0.000405346   0.000111117
  47    -1368.1551611388    -0.0000003688   0.000102502   0.000032873
  48    -1368.1551611840    -0.0000000452   0.000042581   0.000009991
  49    -1368.1551611900    -0.0000000060   0.000017295   0.000002998
  50    -1368.1551611907    -0.0000000008   0.000006465   0.000001327

          -----------------
          DENSITY CONVERGED
          -----------------

 FINAL RHF ENERGY IS    -1368.1551611907 AFTER  50 ITERATIONS

         WAVEFUNCTION NORMALIZATION =       1.0000000000

                ONE ELECTRON ENERGY =   -2974.6891652506
                TWO ELECTRON ENERGY =    1064.6159236894
           NUCLEAR REPULSION ENERGY =     541.9180803704
                                      ------------------
                   RHF TOTAL ENERGY =   -1368.1551611907

 ELECTRON-ELECTRON POTENTIAL ENERGY =    1064.6159236894
  NUCLEUS-ELECTRON POTENTIAL ENERGY =   -4340.3163795149
   NUCLEUS-NUCLEUS POTENTIAL ENERGY =     541.9180803704
                                      ------------------
             TOTAL POTENTIAL ENERGY =   -2733.7823754551
               TOTAL KINETIC ENERGY =    1365.6272142644
                 VIRIAL RATIO (V/T) =       2.0018511252

 Distribution Full ERIs:

 Integrals:                          62249334
 Max size per slaves:                 7781168
 Max size in master:                 70030502

 No violations of the orthonormality


  HARTREE-FOCK 
 ==============

  ITER     ELECTRONIC ENERGY      TOTAL ENERGY   ENERGY CONVERGENCY    MAX MUL-LAG DIFF

    2.        -1867.349316       -1325.431236        42.70010630           0.686857
    3.        -1809.619667       -1267.701586        57.72964944           0.809435
    4.        -1900.890059       -1358.971979       -91.27039282           0.280270
    5.        -1908.869564       -1366.951484        -7.97950463           0.212974
    6.        -1909.789166       -1367.871086        -0.91960216           0.025221
    7.        -1910.001575       -1368.083495        -0.21240896           0.084128
    8.        -1906.371078       -1364.452997         3.63049735           0.921577
    9.        -1878.461585       -1336.543505        27.90949275           3.414495
   10.        -1826.814366       -1284.896286        51.64721872           3.560411
   11.        -1770.227911       -1228.309831        56.58645520           5.183517
   12.        -1595.742140       -1053.824060       174.48577110          25.615454
   13.        -1605.767930       -1063.849850       -10.02578989          23.035172
   14.        -1483.907489        -941.989409       121.86044067          17.716874
   15.        -1888.351563       -1346.433483      -404.44407422           1.141625
   16.        -1898.858856       -1356.940775       -10.50729229           0.638661
   17.        -1903.117827       -1361.199747        -4.25897115           0.360330
   18.        -1905.189859       -1363.271779        -2.07203214           0.243621
   19.        -1906.321680       -1364.403599        -1.13182066           0.214370
   20.        -1906.999384       -1365.081304        -0.67770435           0.205430
   21.        -1907.441000       -1365.522920        -0.44161630           0.179874
   22.        -1907.760519       -1365.842438        -0.31951821           0.163564
   23.        -1908.002914       -1366.084833        -0.24239499           0.162142
   24.        -1908.192370       -1366.274289        -0.18945621           0.162898
   25.        -1908.357800       -1366.439720        -0.16543044           0.146821
   26.        -1908.499210       -1366.581130        -0.14140991           0.148547
   27.        -1908.623105       -1366.705025        -0.12389514           0.134107
   28.        -1908.732585       -1366.814505        -0.10948019           0.137657
   29.        -1908.831351       -1366.913270        -0.09876506           0.131228
   30.        -1908.922484       -1367.004404        -0.09113389           0.126997
   31.        -1909.003657       -1367.085577        -0.08117295           0.117795
   32.        -1909.078283       -1367.160203        -0.07462554           0.113397
   33.        -1909.144081       -1367.226001        -0.06579807           0.111618
   34.        -1909.207096       -1367.289016        -0.06301524           0.101085
   35.        -1909.261329       -1367.343249        -0.05423279           0.105898
   36.        -1909.313123       -1367.395042        -0.05179384           0.108206
   37.        -1909.361904       -1367.443823        -0.04878103           0.094195
   38.        -1909.405854       -1367.487774        -0.04395062           0.096080
   39.        -1909.448118       -1367.530038        -0.04226344           0.087273
   40.        -1909.487606       -1367.569526        -0.03948854           0.087244
   41.        -1909.523206       -1367.605126        -0.03560000           0.084656
   42.        -1909.556868       -1367.638788        -0.03366199           0.078436
   43.        -1909.589257       -1367.671177        -0.03238852           0.085266
   44.        -1909.619896       -1367.701816        -0.03063923           0.082606
   45.        -1909.649545       -1367.731465        -0.02964893           0.074067
   46.        -1909.678235       -1367.760155        -0.02869035           0.070388
   47.        -1909.705457       -1367.787377        -0.02722185           0.070219
   48.        -1909.730381       -1367.812301        -0.02492381           0.074275
   49.        -1909.754184       -1367.836103        -0.02380254           0.070692
   50.        -1909.777247       -1367.859167        -0.02306367           0.063417
   51.        -1909.799286       -1367.881206        -0.02203872           0.064041
   52.        -1909.819545       -1367.901465        -0.02025938           0.068079
   53.        -1909.838842       -1367.920762        -0.01929649           0.058036
   54.        -1909.857481       -1367.939401        -0.01863912           0.061031
   55.        -1909.874932       -1367.956852        -0.01745095           0.055775
   56.        -1909.890981       -1367.972901        -0.01604934           0.057057
   57.        -1909.905640       -1367.987559        -0.01465847           0.054180
   58.        -1909.919299       -1368.001218        -0.01365886           0.051405
   59.        -1909.932092       -1368.014012        -0.01279356           0.049558
   60.        -1909.943970       -1368.025889        -0.01187748           0.049124
   61.        -1909.954636       -1368.036555        -0.01066598           0.044228
   62.        -1909.964280       -1368.046199        -0.00964414           0.048239
   63.        -1909.973565       -1368.055485        -0.00928544           0.041351
   64.        -1909.981931       -1368.063851        -0.00836581           0.041962
   65.        -1909.987135       -1368.069054        -0.00520345           0.044332
   66.        -1909.994544       -1368.076463        -0.00740898           0.039655
   67.        -1910.001394       -1368.083314        -0.00685038           0.039269
   68.        -1910.007555       -1368.089474        -0.00616082           0.038701
   69.        -1910.012896       -1368.094816        -0.00534129           0.034135
   70.        -1910.017973       -1368.099892        -0.00507665           0.033123
   71.        -1910.021170       -1368.103090        -0.00319725           0.028308
   72.        -1910.025350       -1368.107270        -0.00418052           0.031233
   73.        -1910.029399       -1368.111318        -0.00404813           0.031318
   74.        -1910.032888       -1368.114807        -0.00348922           0.029551
   75.        -1910.035281       -1368.117200        -0.00239287           0.032615
   76.        -1910.038504       -1368.120424        -0.00322350           0.028851
   77.        -1910.041435       -1368.123355        -0.00293099           0.027514
   78.        -1910.043213       -1368.125133        -0.00177835           0.028287
   79.        -1910.045649       -1368.127569        -0.00243585           0.026826
   80.        -1910.047383       -1368.129302        -0.00173352           0.025435
   81.        -1910.049462       -1368.131382        -0.00207936           0.026049
   82.        -1910.051274       -1368.133193        -0.00181140           0.021896
   83.        -1910.053013       -1368.134933        -0.00173935           0.021168
   84.        -1910.054587       -1368.136507        -0.00157439           0.021982
   85.        -1910.055708       -1368.137628        -0.00112070           0.018760
   86.        -1910.056636       -1368.138555        -0.00092753           0.017272
   87.        -1910.057540       -1368.139460        -0.00090443           0.021202
   88.        -1910.058701       -1368.140620        -0.00116069           0.019650
   89.        -1910.059504       -1368.141423        -0.00080308           0.018809
   90.        -1910.060563       -1368.142482        -0.00105910           0.016701
   91.        -1910.061525       -1368.143444        -0.00096170           0.016942
   92.        -1910.062456       -1368.144376        -0.00093172           0.016038
   93.        -1910.063319       -1368.145238        -0.00086224           0.015636
   94.        -1910.064074       -1368.145994        -0.00075595           0.014465
   95.        -1910.064592       -1368.146512        -0.00051793           0.015832
   96.        -1910.065257       -1368.147177        -0.00066473           0.013881
   97.        -1910.065856       -1368.147775        -0.00059851           0.013134
   98.        -1910.066419       -1368.148339        -0.00056344           0.013208
   99.        -1910.066776       -1368.148695        -0.00035658           0.013579
  100.        -1910.067278       -1368.149198        -0.00050224           0.012442


  RESULTS OF OCCUPATION-COEFFICIENT OPTIMIZATION
 ================================================

  Ex It  Orb It    Electronic Energy     Total Energy   Energy Convergency    Max Mul-Lag Diff

    1      10     -1910.2302727913    -1368.3121924209     0.0000000000           0.034356
    2      20     -1910.2793411816    -1368.3612608111    -0.0490683903           0.005592
    3      20     -1910.3065074909    -1368.3884271205    -0.0271663093           0.003442
    4      20     -1910.3217346081    -1368.4036542377    -0.0152271172           0.003750
    5      20     -1910.3325548496    -1368.4144744792    -0.0108202415           0.003731
    6      20     -1910.3414066636    -1368.4233262932    -0.0088518140           0.003449
    7      20     -1910.3488461360    -1368.4307657656    -0.0074394724           0.003095
    8      20     -1910.3549235164    -1368.4368431460    -0.0060773804           0.003819
    9      20     -1910.3597924283    -1368.4417120579    -0.0048689119           0.004484
   10      20     -1910.3633426494    -1368.4452622790    -0.0035502211           0.003477
   11      20     -1910.3660373133    -1368.4479569429    -0.0026946638           0.003804
   12      20     -1910.3681944824    -1368.4501141120    -0.0021571691           0.003636
   13      20     -1910.3699187502    -1368.4518383798    -0.0017242678           0.002652
   14      20     -1910.3712944737    -1368.4532141032    -0.0013757235           0.003950
   15      20     -1910.3724647080    -1368.4543843376    -0.0011702344           0.004135
   16      20     -1910.3734526821    -1368.4553723116    -0.0009879740           0.004010
   17      20     -1910.3742898421    -1368.4562094717    -0.0008371601           0.003619
   18      20     -1910.3749658417    -1368.4568854713    -0.0006759996           0.003890
   19      20     -1910.3755336121    -1368.4574532416    -0.0005677703           0.003371
   20      20     -1910.3759993110    -1368.4579189406    -0.0004656990           0.003629
   21      20     -1910.3763734877    -1368.4582931172    -0.0003741767           0.003430
   22      20     -1910.3766789748    -1368.4585986044    -0.0003054871           0.003765
   23      20     -1910.3769198814    -1368.4588395110    -0.0002409066           0.004067
   24      20     -1910.3771111960    -1368.4590308255    -0.0001913146           0.004055
   25      20     -1910.3772577628    -1368.4591773924    -0.0001465668           0.003892
   26      20     -1910.3773895623    -1368.4593091919    -0.0001317995           0.004124
   27      20     -1910.3775054049    -1368.4594250344    -0.0001158425           0.003918
   28      20     -1910.3776292495    -1368.4595488791    -0.0001238446           0.004409
   29      20     -1910.3777532388    -1368.4596728684    -0.0001239894           0.004037
   30      20     -1910.3778631119    -1368.4597827414    -0.0001098730           0.004321
   31      20     -1910.3779799337    -1368.4598995633    -0.0001168218           0.004083
   32      20     -1910.3780694673    -1368.4599890969    -0.0000895336           0.003780
   33      20     -1910.3781332879    -1368.4600529174    -0.0000638205           0.004202
   34      20     -1910.3781901994    -1368.4601098290    -0.0000569116           0.004316
   35      30     -1910.3783121093    -1368.4602317389    -0.0001219099           0.001208
   36      30     -1910.3783533042    -1368.4602729338    -0.0000411949           0.001156
   37      30     -1910.3783830171    -1368.4603026467    -0.0000297129           0.001236
   38      30     -1910.3784057807    -1368.4603254103    -0.0000227636           0.001141
   39      30     -1910.3784258323    -1368.4603454619    -0.0000200516           0.001183
   40      30     -1910.3784393077    -1368.4603589373    -0.0000134754           0.001157
   41      30     -1910.3784500112    -1368.4603696408    -0.0000107035           0.001207
   42      40     -1910.3784667474    -1368.4603863769    -0.0000167361           0.000225
   43      50     -1910.3784732072    -1368.4603928368    -0.0000064599           0.000036
   44      50     -1910.3784784409    -1368.4603980705    -0.0000052337           0.000027
   45      60     -1910.3784809389    -1368.4604005685    -0.0000024980           0.000006
   46      70     -1910.3784820278    -1368.4604016574    -0.0000010889           0.000002
   47      80     -1910.3784824340    -1368.4604020636    -0.0000004062           0.000001
   48      80     -1910.3784824931    -1368.4604021226    -0.0000000591           0.000012


  RESULTS OF THE OCCUPATION OPTIMIZATION
 ========================================

   OM     Occupation      Elag Diag

    1      2.0000000   -104.6553353
    2      2.0000000    -68.7210864
    3      2.0000000    -58.6580309
    4      2.0000000    -58.4880934
    5      1.9999995     -8.0573977
    6      1.9999959     -4.2045773
    7      1.9999896     -4.2056020
    8      1.9999810     -8.7758913
    9      1.9999797     -3.2310238
   10      1.9999758     -8.9512617
   11      1.9999757     -8.9753256
   12      1.9999670     -3.2252466
   13      1.9999539    -20.5810829
   14      1.9999255     -5.1564396
   15      1.9999184     -3.6442516
   16      1.9998971     -5.1492789
   17      1.9998941     -3.6914750
   18      1.9998636     -3.8317925
   19      1.9998618     -3.8424809
   20      1.9998589     -3.8305014
   21      1.9998269     -3.8735491
   22      1.9997257     -7.6039332
   23      1.9997250     -7.5565261
   24      1.9995107     -2.4559596
   25      1.9920805     -0.6993444
   26      1.9920568     -0.6703259
   27      1.9918612     -0.6753136
   28      1.9894823     -0.7356578
   29      1.9893312     -0.8323971
   30      1.9891760     -0.7358630
   31      1.9884845     -0.5231890
   32      1.9873678     -0.5796549
   33      1.9868084     -0.4824372
   34      1.9823366     -0.7348509
   35      1.9819290     -0.5573340
   36      1.9815420     -0.9126906
   37      1.9813275     -0.5864349
   38      1.9799820     -0.5301234
   39      1.9799722     -0.6262682
   40      1.9790235     -0.5154153
   41      1.9764511     -0.4887767
   42      1.9257195     -0.3152179
   43      1.9049066     -0.3404093
   44      0.0312980     -0.0098709
   45      0.0063489     -0.0023149
   46      0.0160609     -0.0096644
   47      0.0143566     -0.0094081
   48      0.0135258     -0.0097212
   49      0.0141698     -0.0093987
   50      0.0132980     -0.0094208
   51      0.0165878     -0.0170632
   52      0.0049473     -0.0041289
   53      0.0033697     -0.0032785
   54      0.0074509     -0.0043149
   55      0.0081555     -0.0055286
   56      0.0077666     -0.0049547
   57      0.0100042     -0.0105490
   58      0.0100879     -0.0111797
   59      0.0097716     -0.0104079
   60      0.0053167     -0.0049583
   61      0.0051564     -0.0048125
   62      0.0022157     -0.0021726
   63      0.0002565     -0.0007743
   64      0.0002689     -0.0025642
   65      0.0000055     -0.0000521
   66      0.0000003     -0.0000014
   67      0.0000003     -0.0000016
   68      0.0001377     -0.0006761
   69      0.0001361     -0.0006474
   70      0.0001052     -0.0004816
   71      0.0001028     -0.0006437
   72      0.0000808     -0.0003852
   73      0.0000744     -0.0004658
   74      0.0000454     -0.0011189
   75      0.0000317     -0.0001234
   76      0.0000000     -0.0000000
   77      0.0000242     -0.0002598
   78      0.0000190     -0.0000804
   79      0.0000190     -0.0001938
   80      0.0000096     -0.0000519
   81      0.0000013     -0.0000038
   82      0.0000003     -0.0000043
   83      0.0000000     -0.0000000
   84      0.0000000     -0.0000000
   85      0.0000000     -0.0000000
   86      0.0000000     -0.0000000
   87      0.0637955     -0.0182182
   88      0.0679317     -0.0179446
   89      0.0074880     -0.0049163
   90      0.0066200     -0.0049886
   91      0.0065020     -0.0054112
   92      0.0058481     -0.0046026
   93      0.0053745     -0.0044464
   94      0.0018702     -0.0026992
   95      0.0131237     -0.0090712
   96      0.0142937     -0.0112459
   97      0.0057407     -0.0033479
   98      0.0044766     -0.0032718
   99      0.0037489     -0.0026121
  100      0.0008198     -0.0014372
  101      0.0005809     -0.0010727
  102      0.0007461     -0.0013104
  103      0.0028221     -0.0026620
  104      0.0027867     -0.0026227
  105      0.0057039     -0.0052405
  106      0.0002328     -0.0007296
  107      0.0000061     -0.0000577
  108      0.0002688     -0.0025682
  109      0.0001728     -0.0008270
  110      0.0001408     -0.0006610
  111      0.0000005     -0.0000024
  112      0.0000004     -0.0000017
  113      0.0000007     -0.0000027
  114      0.0000002     -0.0000010
  115      0.0000008     -0.0000036
  116      0.0000001     -0.0000007
  117      0.0000006     -0.0000151
  118      0.0000013     -0.0000057
  119      0.0000243     -0.0002567
  120      0.0000000     -0.0000005
  121      0.0000013     -0.0000054
  122      0.0000000     -0.0000000
  123      0.0000008     -0.0000030
  124      0.0000028     -0.0000180
  125      0.0000002     -0.0000002
  126      0.0000000     -0.0000000
  127      0.0000000     -0.0000000
  128      0.0000000     -0.0000000
  129      0.0000000     -0.0000000

   RO Sum (  86) =   86.00

  ---------------
   Dipole Moment
  ---------------

      5.3130 Debye [   2.0903  (   0.1194,   1.1941,  -1.7115) ]

 ----------------
  Final Energies  
 ----------------

         HF Total Energy =    -1368.1491975125
  Final NOF Total Energy =    -1368.4604021226 ( 1.E-05 , 0.E+00 )
      Correlation Energy =       -0.3112046101



  **************************************************
  *                                                *
  *       SINGLE-POINT DoNOF CALCULATION           *
  *                                                *
  *             FULL OPTIMIZATION                  *
  *                                                *
  *  FINAL RESULTS   FINAL RESULTS  FINAL RESULTS  *
  *                                                *
  **************************************************

  **************************************************
  *         No. EXTERNAL ITER =    48              *
  *         No. of TOTAL ITER =  1310              *
  **************************************************

  Elapsed real time :  22625.90  (Seconds)
  Git sha : bcb372acca69df19ae91719c988dea244a3c3d1c                                                            

 The execution finished at 16h 51min on the  1/ 3/2025
