 This is the parallel version of the code
 This is the parallel version of the code
 This is the parallel version of the code
 This is the parallel version of the code
 This is the parallel version of the code
 This is the parallel version of the code
 This is the parallel version of the code
 This is the parallel version of the code
Master:    0

 The execution started at 10h 30min on the  1/ 3/2025

    ===========================================================
    !                                                         !
    !                        Do N O F                         !
    !                                                         !
    !  (Donostia Natural Orbital Functional Software Program) !
    !                                                         !
    !               COPYRIGHT by Mario Piris                  !
    !                                                         !
    !      Donostia International Physics Center (DIPC)       !
    !       University of the Basque Country (UPV/EHU)        !
    !       Basque Foundation for Science (IKERBASQUE)        !
    !                                                         !
    !          GNU General Public License version 3           !
    !                                                         !
    !                  VERSION: Mayo 2024                     !
    !                                                         !
    ===========================================================

 Run Title
 ---------
 p30-20 set                                                                      

 Basis Set
 ---------
 /beegfs_agamede/gscratch/povmieci/SCRATCH/81881/def2-svp.bas                    

 Atom      Charge                Coordinates (Bohr)
                           x             y             z
 H           1.0       -1.7954       -3.7787       -1.0788
 S          16.0       -2.6828        0.3889        1.6621
 B           5.0        0.1148        1.4886        3.6566
 O           8.0       -1.0800       -0.1626       -4.5570
 MG         12.0        0.6030        4.0882       -0.0259
 H           1.0       -1.2253       -1.7998       -3.7077
 H           1.0       -1.3346       -4.2482        2.7279
 H           1.0       -0.1628        2.4127        5.6903
 SI         14.0        2.8780       -0.3312        1.8831
 H           1.0        0.6849        0.3279       -4.2055
 B           5.0       -1.2092       -2.8725        0.9406
 LI          3.0       -3.2557        2.2124       -2.8672
 F           9.0       -1.8315        5.2053       -2.2698
 H           1.0        4.9089       -1.9258        2.9907
 H           1.0        1.2681       -2.6041        0.5516
 S          16.0        4.1196        1.5989       -1.3912

 Atomic Basis Set
 ----------------
 The contracted primitive functions were unnormalized
 The contracted basis functions are now normalized to unity

  Shell Type  Primitive         Exponent  Contraction Coefficient

 H         

      1   S       1            13.0107010    0.033485484813
      1   S       2             1.9622572    0.234721870881
      1   S       3             0.4445380    0.813770285260

      2   S       4             0.1219496    1.000000000000

      3   P       5             0.8000000    1.000000000000

 S         

      4   S       6          9184.9303010   -0.005472946613
      4   S       7          1381.5105503   -0.040954402155
      4   S       8           313.8714758   -0.184758289562
      4   S       9            88.0538706   -0.475672806440
      4   S      10            27.0399149   -0.434951535842

      5   S      11            45.6487313   -0.091904045809
      5   S      12             4.9664522    0.556987772145
      5   S      13             2.0116242    0.511154682985

      6   S      14             0.3566108    1.000000000000

      7   S      15             0.1350722    1.000000000000

      8   P      16           261.9823344   -0.009183054659
      8   P      17            61.3068947   -0.065902226526
      8   P      18            19.1037299   -0.245877845187
      8   P      19             6.6567720   -0.482314710760
      8   P      20             2.3959635   -0.389563143514

      9   P      21             0.6177616    1.000000000000

     10   P      22             0.1699338    1.000000000000

     11   D      23             0.5500000    1.000000000000

 B         

     12   S      24           839.3183009   -0.005628883598
     12   S      25           126.2646484   -0.041832794610
     12   S      26            28.6206008   -0.184174881258
     12   S      27             7.8793723   -0.468396550281
     12   S      28             2.4088857   -0.444579308833

     13   S      29             0.2510511    1.000000000000

     14   S      30             0.0836489    1.000000000000

     15   P      31             6.0332224   -0.054032500323
     15   P      32             1.2499158   -0.301940343932
     15   P      33             0.3387168   -0.771707916582

     16   P      34             0.0964156    1.000000000000

     17   D      35             0.5000000    1.000000000000

 O         

     18   S      36          2266.1767785   -0.005389350392
     18   S      37           340.8701019   -0.040234721389
     18   S      38            77.3631352   -0.180081842055
     18   S      39            21.4796449   -0.468288576577
     18   S      40             6.6589433   -0.446926171602

     19   S      41             0.8097598    1.000000000000

     20   S      42             0.2553077    1.000000000000

     21   P      43            17.7215043    0.062630248763
     21   P      44             3.8635505    0.333311384824
     21   P      45             1.0480921    0.741486383081

     22   P      46             0.2764154    1.000000000000

     23   D      47             1.2000000    1.000000000000

 MG        

     24   S      48          4953.8339196   -0.005730348253
     24   S      49           745.1804415   -0.042769871122
     24   S      50           169.2160497   -0.191096515460
     24   S      51            47.3006720   -0.482411503269
     24   S      52            14.4613370   -0.422007266852

     25   S      53            24.7681748    0.087115605721
     25   S      54             2.4940945   -0.546373693218
     25   S      55             0.8780758   -0.529320757859

     26   S      56             0.0872128    1.000000000000

     27   S      57             0.0335993    1.000000000000

     28   P      58            98.0530105   -0.014480564601
     28   P      59            22.5869323   -0.095495750787
     28   P      60             6.8391510   -0.307876726509
     28   P      61             2.2332844   -0.499362928859
     28   P      62             0.7160660   -0.315034762129

     29   P      63             0.1891480    1.000000000000

     30   P      64             0.0537688    1.000000000000

     31   D      65             0.1010000    1.000000000000

 H         

     32   S      66            13.0107010    0.033485484813
     32   S      67             1.9622572    0.234721870881
     32   S      68             0.4445380    0.813770285260

     33   S      69             0.1219496    1.000000000000

     34   P      70             0.8000000    1.000000000000

 H         

     35   S      71            13.0107010    0.033485484813
     35   S      72             1.9622572    0.234721870881
     35   S      73             0.4445380    0.813770285260

     36   S      74             0.1219496    1.000000000000

     37   P      75             0.8000000    1.000000000000

 H         

     38   S      76            13.0107010    0.033485484813
     38   S      77             1.9622572    0.234721870881
     38   S      78             0.4445380    0.813770285260

     39   S      79             0.1219496    1.000000000000

     40   P      80             0.8000000    1.000000000000

 SI        

     41   S      81          6903.7118686    0.005584465887
     41   S      82          1038.4346419    0.041742284436
     41   S      83           235.8758148    0.187528023742
     41   S      84            66.0693852    0.478678596587
     41   S      85            20.2479458    0.429256952162

     42   S      86            34.3534817    0.089834899465
     42   S      87             3.6370788   -0.545685958777
     42   S      88             1.4002049   -0.524810829267

     43   S      89             0.2048441    1.000000000000

     44   S      90             0.0779941    1.000000000000

     45   P      91           179.8390737    0.010133498379
     45   P      92            41.9072588    0.071029041096
     45   P      93            12.9552944    0.255839142169
     45   P      94             4.4383267    0.481498047149
     45   P      95             1.5462248    0.385211960064

     46   P      96             0.3560761    1.000000000000

     47   P      97             0.1000851    1.000000000000

     48   D      98             0.3500000    1.000000000000

 H         

     49   S      99            13.0107010    0.033485484813
     49   S     100             1.9622572    0.234721870881
     49   S     101             0.4445380    0.813770285260

     50   S     102             0.1219496    1.000000000000

     51   P     103             0.8000000    1.000000000000

 B         

     52   S     104           839.3183009   -0.005628883598
     52   S     105           126.2646484   -0.041832794610
     52   S     106            28.6206008   -0.184174881258
     52   S     107             7.8793723   -0.468396550281
     52   S     108             2.4088857   -0.444579308833

     53   S     109             0.2510511    1.000000000000

     54   S     110             0.0836489    1.000000000000

     55   P     111             6.0332224   -0.054032500323
     55   P     112             1.2499158   -0.301940343932
     55   P     113             0.3387168   -0.771707916582

     56   P     114             0.0964156    1.000000000000

     57   D     115             0.5000000    1.000000000000

 LI        

     58   S     116           266.2778552    0.006354286535
     58   S     117            40.0697834    0.046734889363
     58   S     118             9.0559944    0.198387923560
     58   S     119             2.4503009    0.475753833454
     58   S     120             0.7220957    0.427014289368

     59   S     121             0.0528109    1.000000000000

     60   S     122             0.0209609    1.000000000000

     61   P     123             1.4500000    0.224912327222
     61   P     124             0.3000000    0.869730577039

     62   P     125             0.0820000    1.000000000000

 F         

     63   S     126          2894.8325990   -0.005349321176
     63   S     127           435.4193912   -0.039967734372
     63   S     128            98.8433289   -0.179412617888
     63   S     129            27.4851980   -0.468324686869
     63   S     130             8.5405498   -0.447241605328

     64   S     131             1.0654578    1.000000000000

     65   S     132             0.3324735    1.000000000000

     66   P     133            22.6966339   -0.064782148241
     66   P     134             4.9872339   -0.340357853553
     66   P     135             1.3491614   -0.734858153660

     67   P     136             0.3482988    1.000000000000

     68   D     137             1.4000000    1.000000000000

 H         

     69   S     138            13.0107010    0.033485484813
     69   S     139             1.9622572    0.234721870881
     69   S     140             0.4445380    0.813770285260

     70   S     141             0.1219496    1.000000000000

     71   P     142             0.8000000    1.000000000000

 H         

     72   S     143            13.0107010    0.033485484813
     72   S     144             1.9622572    0.234721870881
     72   S     145             0.4445380    0.813770285260

     73   S     146             0.1219496    1.000000000000

     74   P     147             0.8000000    1.000000000000

 S         

     75   S     148          9184.9303010   -0.005472946613
     75   S     149          1381.5105503   -0.040954402155
     75   S     150           313.8714758   -0.184758289562
     75   S     151            88.0538706   -0.475672806440
     75   S     152            27.0399149   -0.434951535842

     76   S     153            45.6487313   -0.091904045809
     76   S     154             4.9664522    0.556987772145
     76   S     155             2.0116242    0.511154682985

     77   S     156             0.3566108    1.000000000000

     78   S     157             0.1350722    1.000000000000

     79   P     158           261.9823344   -0.009183054659
     79   P     159            61.3068947   -0.065902226526
     79   P     160            19.1037299   -0.245877845187
     79   P     161             6.6567720   -0.482314710760
     79   P     162             2.3959635   -0.389563143514

     80   P     163             0.6177616    1.000000000000

     81   P     164             0.1699338    1.000000000000

     82   D     165             0.5500000    1.000000000000

 Total Number of Basis Set Shells             =   82
 Total Number of Primitives                   =  165
 Number of Cartesian Gaussian Basis Functions =  180
 Number of Electrons                          =   95
 Charge of Molecule                           =    0
 Spin Multiplicity                            =    2
 Number of Occupied Orbitals (Alpha)          =   48
 Number of Occupied Orbitals (Beta )          =   47
 Total Number of Atoms                        =   16

 Input Run Options
 -----------------
 IRUNTYP = 1  MULT = 2  ICHARG =  0 IECP = 0  IEMOM = 1  UNITS = ANGS    

 Integral Options
 ----------------
 CUTOFF = 1.0E-09   ISCHWZ = 1   ERITYP = FULL

 Input NOF Options
 -----------------

 Type of calculation =    Coeff. Opt.:   (ICOEF)         1
 Trigonometric functions for Occ. Opt.:  (ISOFTMAX)      0
 Type of Orb. Opt. = Orbital Rotations:  (IORBOPT)       4
 Maximum Number of Occ-Coef Outer Iter.: (MAXIT)      1000

 Natural Orbital Functional Selected:    (IPNOF)         5
 Spin-Multiplet, High-Spin State Option: (HighSpin)      F

 Restart calculation Option:             (RESTART)       T

 Hartree-Fock Calc. using ID Method:     (HFID)          T
 Threshold Energy Convergence=10**(-N):  (NTHRESHEID)    8
 Max. Number of External Iterations:     (MAXITID)     100
 Ion. Potentials by Koopmans Theorem:    (KOOPMANS)      0
 Orthogonalize the initial Orbitals:     (ORTHO)         T

 Output Option:                          (NPRINT)        0
 Output the Coefficient Matrix:          (IWRITEC)       0
 Do a Mulliken Population Analysis:      (IMULPOP)       0
 Write Information into a WFN file:      (IAIMPAC)       1
 Write Information into a FCHK file:     (IFCHK)         1
 Write Information into a MLP file:      (MOLDEN)        1
 Create Ini. Cond. (ini.xyz) file:       (INICOND)       1
 Calculate IPs using Ext. Koopmans Theo: (IEKT)          0
 Write APSG expansion coefficient file:  (APSG)          F
 Output option for Lagrange Multipliers: (PRINTLAG)      F
 Diagonalize matrix of Lag. Multipliers: (DIAGLAG)       F

 Nuclear Coordinates from GCF file:
 ----------------------------------

 Atom      Charge                Coordinates (Bohr)
                           x             y             z
 H        1.00000       -1.7954       -3.7787       -1.0788
 S       16.00000       -2.6828        0.3889        1.6621
 B        5.00000        0.1148        1.4886        3.6566
 O        8.00000       -1.0800       -0.1626       -4.5570
 MG      12.00000        0.6030        4.0882       -0.0259
 H        1.00000       -1.2253       -1.7998       -3.7077
 H        1.00000       -1.3346       -4.2482        2.7279
 H        1.00000       -0.1628        2.4127        5.6903
 SI      14.00000        2.8780       -0.3312        1.8831
 H        1.00000        0.6849        0.3279       -4.2055
 B        5.00000       -1.2092       -2.8725        0.9406
 LI       3.00000       -3.2557        2.2124       -2.8672
 F        9.00000       -1.8315        5.2053       -2.2698
 H        1.00000        4.9089       -1.9258        2.9907
 H        1.00000        1.2681       -2.6041        0.5516
 S       16.00000        4.1196        1.5989       -1.3912

------------------------------------------------------------------------

 Orbital Space
 -------------

 Inactive Doubly occupied orbitals up to NO1  =    0
 No. considered Strongly Doubly occupied MOs  =   47
 No. considered Strongly Singly occupied MOs  =    1
 No. of Weakly occ. per St. Doubly occ.  MOs  =    2
 Dimension of the Active Nat. Orb. subspace   =  141
 Secondary Empty orbitals                     =   38

 1e- integrals
 -------------
 Time to do integrals =      0.01
 Guess for MOs = HCORE
        11 MOs were matched and         1 equalized to zero

 Orthonormality violations:       1, Maximum Violation:  0.000001
 Orthogonalize the orbitals

 No violations of the orthonormality

 2e- integrals
 -------------
 DONTW option skips storage 2e- integrals on Unit 1
            83186647 2e- integrals in     1 records
 Time to do integrals =      4.98

 ROHF SCF Calculation
 --------------------
 EXTRAP=T  DAMP=T  DIIS=T
 DMat Conv = 1.0E-05  Ener Tol = 1.0E-08
 Ener Conv = 1.0E-10  DMat Tol = 2.0E-05
 DIIS Conv = 1.0E-07  DMat Tol = 2.0E-05

 ITER      TOTAL ENERGY        E CHANGE     DEN. CHANGE    DIIS ERROR
   1    -1426.2917044277 -1426.2917044277  39.207592021   1.603689077
   2    -1364.2292336911    62.0624707366  30.572471581   1.524237629
   3    -1456.2018927354   -91.9726590443   0.034053037   0.595842856
   4    -1456.2488671783    -0.0469744429   0.494145358   0.595772494
   5    -1456.9404499486    -0.6915827703   0.455591979   0.594066826
   6    -1457.5745169402    -0.6340669916   0.508676145   0.591840871
   7    -1458.2980320096    -0.7235150694   0.458987097   0.588944500
   8    -1458.9987043146    -0.7006723050   0.497762564   0.585868752
   9    -1459.7215717079    -0.7228673933   0.526114444   0.582387996
  10    -1460.4214333282    -0.6998616203   0.546293832   0.578718912
  11    -1461.1037563304    -0.6823230023   0.569376408   0.574947657
  12    -1461.7746406697    -0.6708843393   0.556360455   0.571198492
  13    -1462.4382675031    -0.6636268333   0.499839251   0.567592735
  14    -1463.1105615791    -0.6722940761   0.474982796   0.564137211
  15    -1463.7757537801    -0.6651922010   0.569547297   0.560893706
  16    -1464.4426818183    -0.6669280382   0.553051184   0.557612851
  17    -1465.0863860835    -0.6437042651   0.684697438   0.554111023
  18    -1465.7419143392    -0.6555282557   0.619506241   0.550105663
  19    -1466.3651431463    -0.6232288071   0.514323587   0.546209805
  20    -1467.0341983691    -0.6690552227   0.353295609   0.542566672
  21    -1467.7012975641    -0.6670991951   0.321827205   0.540175500
  22    -1468.3866566996    -0.6853591355   0.305793922   0.539636346
  23    -1469.0965186369    -0.7098619373   0.302275687   0.541558675
  24    -1469.8313263135    -0.7348076766   0.322545229   0.546294614
  25    -1470.5807292086    -0.7494028951   0.380168598   0.553706415
  26    -1471.3301538016    -0.7494245931   0.438723148   0.563232622
  27    -1472.0719025024    -0.7417487007   0.507148126   0.574330640
  28    -1472.8099439625    -0.7380414601   0.579467906   0.586764864
  29    -1473.5510545748    -0.7411106123   0.598752149   0.600128618
  30    -1474.2819252151    -0.7308706402   0.509240670   0.612710301
  31    -1474.9638327672    -0.6819075522   0.413429583   0.621889909
  32    -1475.6593624171    -0.6955296499   0.321516815   0.627056748
  33    -1476.2801884280    -0.6208260108   0.373386585   0.627784832
  34    -1477.0023156570    -0.7221272291   0.388484730   0.624594081
  35    -1477.7028680045    -0.7005523475   0.485155014   0.618037245
  36    -1478.4134520034    -0.7105839989   0.611231748   0.608416231
  37    -1479.1617361879    -0.7482841845   0.708641528   0.595696426
  38    -1479.9683941457    -0.8066579578   0.738695546   0.580452883
  39    -1480.8194370595    -0.8510429138   0.735020470   0.564897042
  40    -1481.6624561194    -0.8430190599   0.647272039   0.551193480
  41    -1482.4869200177    -0.8244638984   0.576812837   0.538803542
  42    -1483.3277767706    -0.8408567528   0.608755406   0.526337765
  43    -1484.1714229613    -0.8436461907   0.642489406   0.514066451
  44    -1485.0468098667    -0.8753869054   0.734253977   0.502500540
  45    -1486.0591160052    -1.0123061385  16.149561573   0.492705808
  46    -1314.0925861861   171.9665298191   8.569327561   2.569383431
  47    -1397.8498793071   -83.7572931210   6.063718523   1.689854230
  48    -1418.9310636107   -21.0811843036   2.411894218   1.206073239
  49    -1433.9336642282   -15.0026006175   2.222370840   1.129294865
  50    -1445.9328718357   -11.9992076075   0.988112677   1.114661422
  51    -1453.7652880197    -7.8324161840   1.349850315   1.202162590
  52    -1464.2400670681   -10.4747790484   8.732885803   0.880015628
  53    -1478.7070132886   -14.4669462205   2.213882308   0.844532301
  54    -1491.8929428402   -13.1859295516  18.771122545   0.675128630
  55    -1442.7999858803    49.0929569599  18.595805444   0.701744255
  56    -1507.3832327252   -64.5832468450   2.082179222   0.529693870
  57    -1510.1290235775    -2.7457908523   1.114432106   0.471251590
  58    -1517.3880892188    -7.2590656413   0.593895209   0.238161930
  59    -1518.1811396048    -0.7930503860   0.188318891   0.075771158
  60    -1518.4192951028    -0.2381554980   0.056701404   0.027851073
  61    -1518.4468300489    -0.0275349461   0.028934430   0.007094454
  62    -1518.4493778958    -0.0025478469   0.006319099   0.001882541
  63    -1518.4496415920    -0.0002636962   0.003149046   0.000431024
  64    -1518.4496691377    -0.0000275457   0.002035127   0.000177741
  65    -1518.4496731029    -0.0000039652   0.000487765   0.000054784
  66    -1518.4496735224    -0.0000004195   0.000225418   0.000022447
  67    -1518.4496735775    -0.0000000551   0.000060962   0.000007372
  68    -1518.4496735848    -0.0000000073   0.000019766   0.000003069
  69    -1518.4496735858    -0.0000000010   0.000007751   0.000000838

          -----------------
          DENSITY CONVERGED
          -----------------

 FINAL ROHF ENERGY IS    -1518.4496735858 AFTER  69 ITERATIONS

          --------------------
          SPIN SZ   =    0.500
          S-SQUARED =    0.750
          --------------------

         WAVEFUNCTION NORMALIZATION =       1.0000000000

                ONE ELECTRON ENERGY =   -3545.4781490719
                TWO ELECTRON ENERGY =    1304.3253857069
           NUCLEAR REPULSION ENERGY =     722.7030897792
                                      ------------------
                   RHF TOTAL ENERGY =   -1518.4496735858

 ELECTRON-ELECTRON POTENTIAL ENERGY =    1304.3253857069
  NUCLEUS-ELECTRON POTENTIAL ENERGY =   -5060.8521735966
   NUCLEUS-NUCLEUS POTENTIAL ENERGY =     722.7030897792
                                      ------------------
             TOTAL POTENTIAL ENERGY =   -3033.8236981105
               TOTAL KINETIC ENERGY =    1515.3740245247
                 VIRIAL RATIO (V/T) =       2.0020296303

 Distribution Full ERIs:

 Integrals:                          83186647
 Max size per slaves:                10398332
 Max size in master:                 93584979

 No violations of the orthonormality


  HARTREE-FOCK 
 ==============

  ITER     ELECTRONIC ENERGY      TOTAL ENERGY   ENERGY CONVERGENCY    MAX MUL-LAG DIFF

    2.        -2187.546971       -1464.843882        53.57842420           0.664820
    3.        -2122.589337       -1399.886247        64.95763434           0.817364
    4.        -2186.776036       -1464.072946       -64.18669881           2.045717
    5.        -2099.545829       -1376.842739        87.23020658           4.683776
    6.        -2015.196296       -1292.493206        84.34953372          10.520150
    7.        -1926.471643       -1203.768554        88.72465213          12.016837
    8.        -2202.238195       -1479.535105      -275.76655162          12.882184
    9.        -2048.477671       -1325.774581       153.76052410          26.376796
   10.        -1822.762421       -1100.059331       225.71525025          39.313853
   11.        -2229.811022       -1507.107932      -407.04860141           0.584411
   12.        -2234.113589       -1511.410499        -4.30256683           0.462927
   13.        -2236.055138       -1513.352049        -1.94154938           0.350584
   14.        -2237.198626       -1514.495536        -1.14348787           0.272141
   15.        -2237.931914       -1515.228824        -0.73328762           0.204310
   16.        -2238.459106       -1515.756016        -0.52719213           0.161131
   17.        -2238.873058       -1516.169968        -0.41395221           0.141097
   18.        -2239.189039       -1516.485950        -0.31598133           0.125316
   19.        -2239.434589       -1516.731499        -0.24554978           0.107816
   20.        -2239.656081       -1516.952992        -0.22149207           0.097128
   21.        -2239.837029       -1517.133939        -0.18094774           0.093769
   22.        -2239.987478       -1517.284389        -0.15044922           0.080281
   23.        -2240.109891       -1517.406802        -0.12241319           0.079704
   24.        -2240.215030       -1517.511940        -0.10513864           0.080792
   25.        -2240.303826       -1517.600736        -0.08879581           0.080775
   26.        -2240.381877       -1517.678787        -0.07805110           0.080430
   27.        -2240.448943       -1517.745853        -0.06706620           0.079722
   28.        -2240.506450       -1517.803360        -0.05750679           0.078907
   29.        -2240.556261       -1517.853171        -0.04981051           0.077846
   30.        -2240.603134       -1517.900044        -0.04687297           0.076121
   31.        -2240.642819       -1517.939729        -0.03968537           0.074469
   32.        -2240.677537       -1517.974447        -0.03471828           0.072770
   33.        -2240.709875       -1518.006786        -0.03233829           0.071112
   34.        -2240.737687       -1518.034597        -0.02781157           0.069060
   35.        -2240.763784       -1518.060694        -0.02609655           0.067108
   36.        -2240.787574       -1518.084485        -0.02379072           0.065294
   37.        -2240.807811       -1518.104721        -0.02023670           0.063334
   38.        -2240.827064       -1518.123974        -0.01925311           0.061547
   39.        -2240.845234       -1518.142144        -0.01816974           0.059703
   40.        -2240.861517       -1518.158427        -0.01628287           0.057752
   41.        -2240.876146       -1518.173056        -0.01462921           0.056075
   42.        -2240.888864       -1518.185774        -0.01271799           0.054237
   43.        -2240.900519       -1518.197429        -0.01165463           0.052430
   44.        -2240.911333       -1518.208243        -0.01081445           0.051059
   45.        -2240.921677       -1518.218588        -0.01034440           0.049291
   46.        -2240.930603       -1518.227513        -0.00892522           0.047859
   47.        -2240.939171       -1518.236081        -0.00856865           0.046271
   48.        -2240.947464       -1518.244375        -0.00829314           0.044745
   49.        -2240.955389       -1518.252299        -0.00792447           0.043093
   50.        -2240.962488       -1518.259398        -0.00709886           0.041577
   51.        -2240.969396       -1518.266306        -0.00690821           0.040367
   52.        -2240.975108       -1518.272019        -0.00571251           0.039033
   53.        -2240.980811       -1518.277722        -0.00570297           0.037755
   54.        -2240.986416       -1518.283327        -0.00560490           0.036733
   55.        -2240.990955       -1518.287865        -0.00453887           0.037772
   56.        -2240.995862       -1518.292772        -0.00490697           0.037332
   57.        -2241.000690       -1518.297601        -0.00482816           0.037958
   58.        -2241.004793       -1518.301703        -0.00410264           0.037854
   59.        -2241.008592       -1518.305502        -0.00379902           0.037157
   60.        -2241.012716       -1518.309626        -0.00412423           0.039367
   61.        -2241.016491       -1518.313401        -0.00377447           0.038439
   62.        -2241.020182       -1518.317092        -0.00369146           0.039715
   63.        -2241.023349       -1518.320260        -0.00316721           0.038630
   64.        -2241.026477       -1518.323387        -0.00312772           0.040095
   65.        -2241.029410       -1518.326320        -0.00293314           0.040156
   66.        -2241.032155       -1518.329065        -0.00274450           0.042209
   67.        -2241.034945       -1518.331855        -0.00279027           0.040057
   68.        -2241.037833       -1518.334743        -0.00288828           0.041486
   69.        -2241.040533       -1518.337443        -0.00269960           0.040974
   70.        -2241.043122       -1518.340032        -0.00258927           0.041422
   71.        -2241.044954       -1518.341864        -0.00183210           0.043474
   72.        -2241.047468       -1518.344378        -0.00251399           0.043195
   73.        -2241.049922       -1518.346832        -0.00245337           0.042496
   74.        -2241.052294       -1518.349204        -0.00237253           0.042800
   75.        -2241.054367       -1518.351278        -0.00207326           0.044499
   76.        -2241.056290       -1518.353200        -0.00192217           0.045282
   77.        -2241.058476       -1518.355386        -0.00218650           0.043417
   78.        -2241.060492       -1518.357402        -0.00201559           0.042614
   79.        -2241.062565       -1518.359476        -0.00207383           0.043609
   80.        -2241.064572       -1518.361482        -0.00200632           0.043899
   81.        -2241.066265       -1518.363175        -0.00169283           0.043962
   82.        -2241.067987       -1518.364897        -0.00172196           0.045320
   83.        -2241.069877       -1518.366788        -0.00189091           0.045239
   84.        -2241.071436       -1518.368347        -0.00155891           0.044887
   85.        -2241.073090       -1518.370000        -0.00165386           0.044904
   86.        -2241.074872       -1518.371782        -0.00178144           0.045468
   87.        -2241.076461       -1518.373371        -0.00158890           0.044357
   88.        -2241.078162       -1518.375072        -0.00170116           0.045095
   89.        -2241.079743       -1518.376653        -0.00158137           0.044902
   90.        -2241.081371       -1518.378282        -0.00162826           0.044720
   91.        -2241.082934       -1518.379844        -0.00156285           0.045647
   92.        -2241.084214       -1518.381124        -0.00127941           0.044146
   93.        -2241.085337       -1518.382247        -0.00112318           0.046665
   94.        -2241.086787       -1518.383698        -0.00145059           0.044912
   95.        -2241.088126       -1518.385036        -0.00133860           0.046293
   96.        -2241.089581       -1518.386492        -0.00145542           0.044796
   97.        -2241.091024       -1518.387934        -0.00144246           0.044041
   98.        -2241.092369       -1518.389279        -0.00134539           0.044559
   99.        -2241.093739       -1518.390649        -0.00136942           0.043834
  100.        -2241.095089       -1518.392000        -0.00135067           0.044229


  RESULTS OF OCCUPATION-COEFFICIENT OPTIMIZATION
 ================================================

  Ex It  Orb It    Electronic Energy     Total Energy   Energy Convergency    Max Mul-Lag Diff

    1      10     -2241.3535392162    -1518.6504494370     0.0000000000           0.029264
    2      20     -2241.3982386461    -1518.6951488670    -0.0446994299           0.004394
    3      20     -2241.4184119883    -1518.7153222091    -0.0201733422           0.003213
    4      20     -2241.4303763951    -1518.7272866160    -0.0119644068           0.002791
    5      20     -2241.4397860529    -1518.7366962738    -0.0094096578           0.002896
    6      20     -2241.4477113821    -1518.7446216030    -0.0079253292           0.005430
    7      20     -2241.4544866139    -1518.7513968347    -0.0067752318           0.006080
    8      20     -2241.4603196814    -1518.7572299022    -0.0058330675           0.006018
    9      20     -2241.4650523923    -1518.7619626131    -0.0047327109           0.002886
   10      20     -2241.4686921767    -1518.7656023976    -0.0036397845           0.003280
   11      20     -2241.4714905056    -1518.7684007265    -0.0027983289           0.003665
   12      20     -2241.4736492774    -1518.7705594983    -0.0021587718           0.003443
   13      20     -2241.4753060502    -1518.7722162710    -0.0016567727           0.003058
   14      20     -2241.4766263797    -1518.7735366005    -0.0013203295           0.002907
   15      20     -2241.4776535485    -1518.7745637693    -0.0010271688           0.003044
   16      20     -2241.4784823246    -1518.7753925455    -0.0008287762           0.002829
   17      20     -2241.4790932854    -1518.7760035063    -0.0006109608           0.003343
   18      20     -2241.4795815891    -1518.7764918099    -0.0004883037           0.002676
   19      20     -2241.4799895171    -1518.7768997380    -0.0004079281           0.002876
   20      20     -2241.4803229663    -1518.7772331871    -0.0003334492           0.003117
   21      20     -2241.4805917453    -1518.7775019661    -0.0002687789           0.002875
   22      20     -2241.4807998247    -1518.7777100455    -0.0002080794           0.003029
   23      20     -2241.4809739734    -1518.7778841943    -0.0001741488           0.003017
   24      20     -2241.4811088746    -1518.7780190954    -0.0001349011           0.002966
   25      20     -2241.4812229907    -1518.7781332115    -0.0001141161           0.003410
   26      20     -2241.4813232386    -1518.7782334595    -0.0001002479           0.002744
   27      20     -2241.4814056460    -1518.7783158669    -0.0000824074           0.003545
   28      20     -2241.4814586361    -1518.7783688569    -0.0000529901           0.003203
   29      20     -2241.4815043814    -1518.7784146022    -0.0000457453           0.003180
   30      20     -2241.4815399965    -1518.7784502174    -0.0000356152           0.003282
   31      20     -2241.4815728891    -1518.7784831099    -0.0000328925           0.003178
   32      20     -2241.4816029506    -1518.7785131715    -0.0000300616           0.003203
   33      20     -2241.4816277369    -1518.7785379577    -0.0000247863           0.003659
   34      20     -2241.4816492840    -1518.7785595049    -0.0000215471           0.003562
   35      30     -2241.4817230064    -1518.7786332272    -0.0000737223           0.001024
   36      30     -2241.4817372688    -1518.7786474897    -0.0000142625           0.000980
   37      40     -2241.4817523608    -1518.7786625817    -0.0000150920           0.000191
   38      50     -2241.4817577984    -1518.7786680193    -0.0000054376           0.000033
   39      50     -2241.4817633555    -1518.7786735763    -0.0000055570           0.000032
   40      60     -2241.4817678959    -1518.7786781167    -0.0000045404           0.000005
   41      70     -2241.4817719311    -1518.7786821519    -0.0000040352           0.000004
   42      80     -2241.4817752972    -1518.7786855180    -0.0000033661           0.000003
   43      80     -2241.4817784647    -1518.7786886856    -0.0000031676           0.000002
   44      90     -2241.4817804185    -1518.7786906393    -0.0000019537           0.000002
   45     100     -2241.4817818322    -1518.7786920530    -0.0000014137           0.000002
   46     110     -2241.4817827337    -1518.7786929545    -0.0000009015           0.000001
   47     120     -2241.4817832653    -1518.7786934862    -0.0000005317           0.000001
   48     130     -2241.4817836622    -1518.7786938831    -0.0000003969           0.000000
   49     130     -2241.4817837171    -1518.7786939379    -0.0000000548           0.000009


  RESULTS OF THE OCCUPATION OPTIMIZATION
 ========================================

   OM     Occupation      Elag Diag

    1      2.0000000    -91.9107851
    2      2.0000000    -91.8768993
    3      2.0000000    -49.0715215
    4      2.0000000    -68.8092971
    5      1.9999989     -6.6191177
    6      1.9999948     -6.6315854
    7      1.9999942     -6.6357780
    8      1.9999906     -4.3304494
    9      1.9999787     -4.4522787
   10      1.9999785    -26.2485699
   11      1.9999782     -7.2872370
   12      1.9999693     -7.6860261
   13      1.9999678     -7.4155232
   14      1.9999664     -7.5018786
   15      1.9999563    -20.6159261
   16      1.9999532     -7.8083885
   17      1.9999263     -5.0945790
   18      1.9999063     -5.1557084
   19      1.9998906     -2.7330784
   20      1.9998806     -2.7035411
   21      1.9998643     -2.7054907
   22      1.9998292     -2.6921414
   23      1.9997265     -7.6018680
   24      1.9997184     -7.6169552
   25      1.9995087     -2.4411538
   26      1.9921885     -0.5931031
   27      1.9920661     -0.8283780
   28      1.9911605     -0.8600270
   29      1.9910361     -0.7576855
   30      1.9908440     -0.6725500
   31      1.9907853     -0.8652599
   32      1.9905853     -0.8618287
   33      1.9902329     -0.7971652
   34      1.9900383     -0.5035439
   35      1.9899953     -0.5652681
   36      1.9894437     -0.6537658
   37      1.9890448     -0.5294829
   38      1.9872870     -0.5732851
   39      1.9870120     -0.4920575
   40      1.9849181     -0.6203620
   41      1.9827071     -0.9183101
   42      1.9823807     -0.9211394
   43      1.9808252     -0.5607388
   44      1.9805706     -0.5670561
   45      1.9800710     -0.5728893
   46      1.9800281     -0.5493110
   47      1.9773563     -0.6405057
   48      1.0000000     -0.1484333
   49      0.0143441     -0.0100111
   50      0.0142413     -0.0097571
   51      0.0142650     -0.0097089
   52      0.0053788     -0.0044831
   53      0.0057413     -0.0046387
   54      0.0163152     -0.0171147
   55      0.0159971     -0.0168380
   56      0.0113644     -0.0078578
   57      0.0078203     -0.0052362
   58      0.0096623     -0.0065591
   59      0.0062302     -0.0046076
   60      0.0087139     -0.0068323
   61      0.0072504     -0.0052328
   62      0.0029770     -0.0021607
   63      0.0089922     -0.0101854
   64      0.0088973     -0.0113039
   65      0.0085918     -0.0110495
   66      0.0069285     -0.0056080
   67      0.0008601     -0.0015177
   68      0.0083032     -0.0107769
   69      0.0072499     -0.0096831
   70      0.0052307     -0.0041833
   71      0.0002840     -0.0008455
   72      0.0002762     -0.0026367
   73      0.0002677     -0.0025581
   74      0.0001708     -0.0005641
   75      0.0001357     -0.0004651
   76      0.0001193     -0.0004148
   77      0.0000000     -0.0000000
   78      0.0000001     -0.0000006
   79      0.0000734     -0.0004629
   80      0.0000000     -0.0000000
   81      0.0000430     -0.0010598
   82      0.0000336     -0.0003044
   83      0.0000320     -0.0002871
   84      0.0000000     -0.0000000
   85      0.0000218     -0.0001882
   86      0.0000000     -0.0000008
   87      0.0000209     -0.0001166
   88      0.0000080     -0.0000452
   89      0.0000056     -0.0000456
   90      0.0000049     -0.0000401
   91      0.0000008     -0.0000081
   92      0.0000000     -0.0000000
   93      0.0000000     -0.0000000
   94      0.0000000     -0.0000000
   95      0.0000000     -0.0000000
   96      0.0082996     -0.0068290
   97      0.0057306     -0.0046492
   98      0.0056640     -0.0044471
   99      0.0140507     -0.0097493
  100      0.0134335     -0.0093390
  101      0.0013041     -0.0020268
  102      0.0012958     -0.0020156
  103      0.0037175     -0.0030832
  104      0.0051677     -0.0034273
  105      0.0030507     -0.0024139
  106      0.0047250     -0.0034071
  107      0.0018424     -0.0016942
  108      0.0027543     -0.0021474
  109      0.0069847     -0.0048455
  110      0.0007749     -0.0013997
  111      0.0005174     -0.0011684
  112      0.0006230     -0.0014104
  113      0.0022276     -0.0019110
  114      0.0081038     -0.0092949
  115      0.0005363     -0.0012022
  116      0.0006840     -0.0014920
  117      0.0025807     -0.0021199
  118      0.0002073     -0.0006561
  119      0.0000055     -0.0000521
  120      0.0000058     -0.0000510
  121      0.0000000     -0.0000000
  122      0.0000000     -0.0000000
  123      0.0000000     -0.0000001
  124      0.0001094     -0.0003824
  125      0.0000936     -0.0005857
  126      0.0000002     -0.0000016
  127      0.0000468     -0.0004395
  128      0.0000007     -0.0000164
  129      0.0000000     -0.0000000
  130      0.0000002     -0.0000008
  131      0.0000307     -0.0002813
  132      0.0000000     -0.0000001
  133      0.0000215     -0.0006636
  134      0.0000005     -0.0000026
  135      0.0000014     -0.0000054
  136      0.0000002     -0.0000007
  137      0.0000002     -0.0000007
  138      0.0000004     -0.0000009
  139      0.0000000     -0.0000000
  140      0.0000000     -0.0000000
  141      0.0000000      0.0000000
  142      0.0000000     -0.0000000

   RO Sum (  95) =   95.00

  ---------------
   Dipole Moment
  ---------------

      2.2920 Debye [   0.9017  (  -0.5131,   0.5271,  -0.5215) ]

 ----------------
  Final Energies  
 ----------------

         HF Total Energy =    -1518.3919995462
  Final NOF Total Energy =    -1518.7786939379 ( 9.E-06 , 0.E+00 )
      Correlation Energy =       -0.3866943918



  **************************************************
  *                                                *
  *       SINGLE-POINT DoNOF CALCULATION           *
  *                                                *
  *             FULL OPTIMIZATION                  *
  *                                                *
  *  FINAL RESULTS   FINAL RESULTS  FINAL RESULTS  *
  *                                                *
  **************************************************

  **************************************************
  *         No. EXTERNAL ITER =    49              *
  *         No. of TOTAL ITER =  1840              *
  **************************************************

  Elapsed real time :  58536.71  (Seconds)
  Git sha : bcb372acca69df19ae91719c988dea244a3c3d1c                                                            

 The execution finished at  2h 53min on the  1/ 4/2025
