 This is the serial version of the code

 The execution started at 10h 19min on the 11/22/2024

    ===========================================================
    !                                                         !
    !                        Do N O F                         !
    !                                                         !
    !  (Donostia Natural Orbital Functional Software Program) !
    !                                                         !
    !               COPYRIGHT by Mario Piris                  !
    !                                                         !
    !      Donostia International Physics Center (DIPC)       !
    !       University of the Basque Country (UPV/EHU)        !
    !       Basque Foundation for Science (IKERBASQUE)        !
    !                                                         !
    !          GNU General Public License version 3           !
    !                                                         !
    !                  VERSION: Mayo 2024                     !
    !                                                         !
    ===========================================================

 Run Title
 ---------
 p30-5 set                                                                       

 Basis Set
 ---------
 /home/ion/p30-10/gnof/def2-svp.bas                                              

 Atom      Charge                Coordinates (Bohr)
                           x             y             z
 NA         11.0        3.9237        3.9237       -3.9237
 NA         11.0        2.3945       -2.3945       -2.3945
 NA         11.0       -3.9237       -3.9237       -3.9237
 NA         11.0        3.9237       -3.9237        3.9237
 NA         11.0        2.3945        2.3945        2.3945
 NA         11.0       -3.9237        3.9237        3.9237
 NA         11.0       -2.3945       -2.3945        2.3945
 NA         11.0       -2.3945        2.3945       -2.3945

 Atomic Basis Set
 ----------------
 The contracted primitive functions were unnormalized
 The contracted basis functions are now normalized to unity

  Shell Type  Primitive         Exponent  Contraction Coefficient

 NA        
 
      1   S       1          4098.2003908   -0.005829734404
      1   S       2           616.4937403   -0.043469274339
      1   S       3           139.9664400   -0.193522713755
      1   S       4            39.0734411   -0.484866458138
      1   S       5            11.9298472   -0.417110128653
 
      2   S       6            20.6599660    0.085768706785
      2   S       7             1.9838861   -0.562404693737
      2   S       8             0.6483632   -0.518446102123
 
      3   S       9             0.0524440    1.000000000000
 
      4   S      10             0.0280482    1.000000000000
 
      5   P      11            75.4018620    0.015435362532
      5   P      12            17.2748190    0.099738293184
      5   P      13             5.1842347    0.312095939659
      5   P      14             1.6601212    0.492956748074
      5   P      15             0.5123253    0.324203983180
 
      6   P      16             0.0520000    1.000000000000
 
      7   D      17             0.1310000    1.000000000000

 NA        
 
      8   S      18          4098.2003908   -0.005829734404
      8   S      19           616.4937403   -0.043469274339
      8   S      20           139.9664400   -0.193522713755
      8   S      21            39.0734411   -0.484866458138
      8   S      22            11.9298472   -0.417110128653
 
      9   S      23            20.6599660    0.085768706785
      9   S      24             1.9838861   -0.562404693737
      9   S      25             0.6483632   -0.518446102123
 
     10   S      26             0.0524440    1.000000000000
 
     11   S      27             0.0280482    1.000000000000
 
     12   P      28            75.4018620    0.015435362532
     12   P      29            17.2748190    0.099738293184
     12   P      30             5.1842347    0.312095939659
     12   P      31             1.6601212    0.492956748074
     12   P      32             0.5123253    0.324203983180
 
     13   P      33             0.0520000    1.000000000000
 
     14   D      34             0.1310000    1.000000000000

 NA        
 
     15   S      35          4098.2003908   -0.005829734404
     15   S      36           616.4937403   -0.043469274339
     15   S      37           139.9664400   -0.193522713755
     15   S      38            39.0734411   -0.484866458138
     15   S      39            11.9298472   -0.417110128653
 
     16   S      40            20.6599660    0.085768706785
     16   S      41             1.9838861   -0.562404693737
     16   S      42             0.6483632   -0.518446102123
 
     17   S      43             0.0524440    1.000000000000
 
     18   S      44             0.0280482    1.000000000000
 
     19   P      45            75.4018620    0.015435362532
     19   P      46            17.2748190    0.099738293184
     19   P      47             5.1842347    0.312095939659
     19   P      48             1.6601212    0.492956748074
     19   P      49             0.5123253    0.324203983180
 
     20   P      50             0.0520000    1.000000000000
 
     21   D      51             0.1310000    1.000000000000

 NA        
 
     22   S      52          4098.2003908   -0.005829734404
     22   S      53           616.4937403   -0.043469274339
     22   S      54           139.9664400   -0.193522713755
     22   S      55            39.0734411   -0.484866458138
     22   S      56            11.9298472   -0.417110128653
 
     23   S      57            20.6599660    0.085768706785
     23   S      58             1.9838861   -0.562404693737
     23   S      59             0.6483632   -0.518446102123
 
     24   S      60             0.0524440    1.000000000000
 
     25   S      61             0.0280482    1.000000000000
 
     26   P      62            75.4018620    0.015435362532
     26   P      63            17.2748190    0.099738293184
     26   P      64             5.1842347    0.312095939659
     26   P      65             1.6601212    0.492956748074
     26   P      66             0.5123253    0.324203983180
 
     27   P      67             0.0520000    1.000000000000
 
     28   D      68             0.1310000    1.000000000000

 NA        
 
     29   S      69          4098.2003908   -0.005829734404
     29   S      70           616.4937403   -0.043469274339
     29   S      71           139.9664400   -0.193522713755
     29   S      72            39.0734411   -0.484866458138
     29   S      73            11.9298472   -0.417110128653
 
     30   S      74            20.6599660    0.085768706785
     30   S      75             1.9838861   -0.562404693737
     30   S      76             0.6483632   -0.518446102123
 
     31   S      77             0.0524440    1.000000000000
 
     32   S      78             0.0280482    1.000000000000
 
     33   P      79            75.4018620    0.015435362532
     33   P      80            17.2748190    0.099738293184
     33   P      81             5.1842347    0.312095939659
     33   P      82             1.6601212    0.492956748074
     33   P      83             0.5123253    0.324203983180
 
     34   P      84             0.0520000    1.000000000000
 
     35   D      85             0.1310000    1.000000000000

 NA        
 
     36   S      86          4098.2003908   -0.005829734404
     36   S      87           616.4937403   -0.043469274339
     36   S      88           139.9664400   -0.193522713755
     36   S      89            39.0734411   -0.484866458138
     36   S      90            11.9298472   -0.417110128653
 
     37   S      91            20.6599660    0.085768706785
     37   S      92             1.9838861   -0.562404693737
     37   S      93             0.6483632   -0.518446102123
 
     38   S      94             0.0524440    1.000000000000
 
     39   S      95             0.0280482    1.000000000000
 
     40   P      96            75.4018620    0.015435362532
     40   P      97            17.2748190    0.099738293184
     40   P      98             5.1842347    0.312095939659
     40   P      99             1.6601212    0.492956748074
     40   P     100             0.5123253    0.324203983180
 
     41   P     101             0.0520000    1.000000000000
 
     42   D     102             0.1310000    1.000000000000

 NA        
 
     43   S     103          4098.2003908   -0.005829734404
     43   S     104           616.4937403   -0.043469274339
     43   S     105           139.9664400   -0.193522713755
     43   S     106            39.0734411   -0.484866458138
     43   S     107            11.9298472   -0.417110128653
 
     44   S     108            20.6599660    0.085768706785
     44   S     109             1.9838861   -0.562404693737
     44   S     110             0.6483632   -0.518446102123
 
     45   S     111             0.0524440    1.000000000000
 
     46   S     112             0.0280482    1.000000000000
 
     47   P     113            75.4018620    0.015435362532
     47   P     114            17.2748190    0.099738293184
     47   P     115             5.1842347    0.312095939659
     47   P     116             1.6601212    0.492956748074
     47   P     117             0.5123253    0.324203983180
 
     48   P     118             0.0520000    1.000000000000
 
     49   D     119             0.1310000    1.000000000000

 NA        
 
     50   S     120          4098.2003908   -0.005829734404
     50   S     121           616.4937403   -0.043469274339
     50   S     122           139.9664400   -0.193522713755
     50   S     123            39.0734411   -0.484866458138
     50   S     124            11.9298472   -0.417110128653
 
     51   S     125            20.6599660    0.085768706785
     51   S     126             1.9838861   -0.562404693737
     51   S     127             0.6483632   -0.518446102123
 
     52   S     128             0.0524440    1.000000000000
 
     53   S     129             0.0280482    1.000000000000
 
     54   P     130            75.4018620    0.015435362532
     54   P     131            17.2748190    0.099738293184
     54   P     132             5.1842347    0.312095939659
     54   P     133             1.6601212    0.492956748074
     54   P     134             0.5123253    0.324203983180
 
     55   P     135             0.0520000    1.000000000000
 
     56   D     136             0.1310000    1.000000000000

 Total Number of Basis Set Shells             =   56
 Total Number of Primitives                   =  136
 Number of Cartesian Gaussian Basis Functions =  128
 Number of Electrons                          =   88
 Charge of Molecule                           =    0
 Spin Multiplicity                            =    1
 Number of Occupied Orbitals (Alpha)          =   44
 Number of Occupied Orbitals (Beta )          =   44
 Total Number of Atoms                        =    8

 Input Run Options
 -----------------
 IRUNTYP = 1  MULT = 1  ICHARG =  0 IECP = 0  IEMOM = 1  UNITS = ANGS    

 Integral Options
 ----------------
 CUTOFF = 1.0E-09   ISCHWZ = 1   ERITYP = FULL

 Input NOF Options
 -----------------

 Type of calculation =    Coeff. Opt.:   (ICOEF)         1
 Use Softmax function for Occ. Opt.:     (ISOFTMAX)      1
 Type of Orb. Opt. = Orbital Rotations:  (IORBOPT)       4
 Maximum Number of Occ-Coef Outer Iter.: (MAXIT)      1000

 Natural Orbital Functional Selected:    (IPNOF)         8
 
 Restart calculation Option:             (RESTART)       F
 Restart Gamma Matrix from GCF file:     (INPUTGAMMA)    0
 Coefficient Matrix from GCF file:       (INPUTC)        0
 Diagonal Elements FMIUG from GCF file:  (INPUTFMIUG)    0
 Cartesian Coordinates from GCF file:    (INPUTCXYZ)     0
 Orthogonalize the initial Orbitals:     (ORTHO)         T

 Output Option:                          (NPRINT)        0
 Output the Coefficient Matrix:          (IWRITEC)       0
 Do a Mulliken Population Analysis:      (IMULPOP)       0
 Write Information into a WFN file:      (IAIMPAC)       1
 Write Information into a FCHK file:     (IFCHK)         1
 Write Information into a MLP file:      (MOLDEN)        1
 Create Ini. Cond. (ini.xyz) file:       (INICOND)       1
 Calculate IPs using Ext. Koopmans Theo: (IEKT)          0
 Write APSG expansion coefficient file:  (APSG)          F
 Output option for Lagrange Multipliers: (PRINTLAG)      F
 Diagonalize matrix of Lag. Multipliers: (DIAGLAG)       F

------------------------------------------------------------------------

 Orbital Space
 -------------

 Inactive Doubly occupied orbitals up to NO1  =    0
 No. considered Strongly Doubly occupied MOs  =   44
 No. considered Strongly Singly occupied MOs  =    0
 No. of Weakly occ. per St. Doubly occ.  MOs  =    1
 Dimension of the Active Nat. Orb. subspace   =   88
 Secondary Empty orbitals                     =   40

 1e- integrals
 -------------
 Time to do integrals =      0.01
 Guess for MOs = HCORE
     12676 MOs were matched and         1 equalized to zero

 2e- integrals
 -------------
 DONTW option skips storage 2e- integrals on Unit 1
            27405824 2e- integrals in     1 records
 Time to do integrals =      7.81

 Input for Coefficients is HCORE


  RESULTS OF OCCUPATION-COEFFICIENT OPTIMIZATION
 ================================================

  Ex It  Occ Time  Orb Time  Orb It   Electronic Energy     Total Energy   Energy Convergency    Max Mul-Lag Diff

    1    1.1E+02   2.3E+03      10   -1726.2665593424    -1291.9918157103    -5.2911370379           0.307972
    2    1.0E+02   2.0E+03      10   -1727.8400535633    -1293.5653099313    -1.5734942210           0.102909
    3    1.0E+02   2.0E+03      10   -1728.3683400778    -1294.0935964457    -0.5282865144           0.091704
    4    1.0E+02   2.0E+03      10   -1728.6505449132    -1294.3758012812    -0.2822048355           0.074867
    5    1.0E+02   1.9E+03      10   -1728.7723247811    -1294.4975811490    -0.1217798678           0.091372
    6    9.7E+01   1.9E+03      10   -1728.8073877684    -1294.5326441364    -0.0350629874           0.076893
    7    9.9E+01   1.9E+03      10   -1728.8201593858    -1294.5454157537    -0.0127716173           0.076287
    8    1.0E+02   2.0E+03      10   -1728.8196294759    -1294.5448858438     0.0005299099           0.091880
    9    1.0E+02   3.6E+03      20   -1728.8598284852    -1294.5850848532    -0.0401990094           0.002092
   10    1.0E+02   3.6E+03      20   -1728.8601826640    -1294.5854390319    -0.0003541787           0.001110
   11    1.0E+02   3.6E+03      20   -1728.8603851543    -1294.5856415223    -0.0002024903           0.001266
   12    1.0E+02   3.6E+03      20   -1728.8605493686    -1294.5858057365    -0.0001642142           0.001199
   13    1.0E+02   3.6E+03      20   -1728.8606735728    -1294.5859299407    -0.0001242042           0.001316
   14    1.0E+02   3.5E+03      20   -1728.8607745174    -1294.5860308854    -0.0001009447           0.001373
   15    9.8E+01   5.1E+03      30   -1728.8609066271    -1294.5861629950    -0.0001321096           0.000374
   16    9.8E+01   5.1E+03      30   -1728.8609987453    -1294.5862551132    -0.0000921182           0.000378
   17    1.0E+02   5.1E+03      30   -1728.8610877089    -1294.5863440768    -0.0000889636           0.000374
   18    1.0E+02   5.2E+03      30   -1728.8611964812    -1294.5864528492    -0.0001087724           0.000377
   19    9.9E+01   6.9E+03      40   -1728.8613811735    -1294.5866375415    -0.0001846923           0.000192
   20    1.0E+02   4.3E+03      40   -1728.8615776366    -1294.5868340045    -0.0001964631           0.000175
   21    5.2E+01   3.7E+03      40   -1728.8617438085    -1294.5870001764    -0.0001661719           0.000127
   22    5.1E+01   3.7E+03      40   -1728.8618478801    -1294.5871042480    -0.0001040716           0.000085
   23    5.1E+01   3.7E+03      40   -1728.8618963920    -1294.5871527599    -0.0000485119           0.000069
   24    5.1E+01   3.7E+03      40   -1728.8619154720    -1294.5871718399    -0.0000190800           0.000071
   25    5.1E+01   3.7E+03      40   -1728.8619237278    -1294.5871800957    -0.0000082557           0.000070


  RESULTS OF THE OCCUPATION OPTIMIZATION
 ========================================

   OM     Occupation      Elag Diag

    1      1.9999999    -40.4679815
    2      1.9999999    -40.4681340
    3      1.9999999    -40.4680180
    4      1.9999999    -40.4683570
    5      1.9999999    -40.4682183
    6      1.9999999    -40.4682696
    7      1.9999999    -40.4685116
    8      1.9999999    -40.4684700
    9      1.9999228     -2.7830354
   10      1.9999210     -2.7832290
   11      1.9999206     -2.7833142
   12      1.9999155     -2.7831594
   13      1.9999143     -2.7832163
   14      1.9999117     -2.7832196
   15      1.9999059     -2.7833781
   16      1.9999042     -2.7831674
   17      1.9997402     -1.5040786
   18      1.9997393     -1.5041133
   19      1.9997342     -1.5039909
   20      1.9997089     -1.5041466
   21      1.9995830     -1.5041422
   22      1.9995814     -1.5042642
   23      1.9995686     -1.5041983
   24      1.9995410     -1.5039020
   25      1.9992741     -1.5040221
   26      1.9992741     -1.5040888
   27      1.9992740     -1.5039757
   28      1.9990011     -1.5038097
   29      1.9989968     -1.5040545
   30      1.9989929     -1.5036335
   31      1.9986564     -1.5036466
   32      1.9986351     -1.5036824
   33      1.9985907     -1.5033527
   34      1.9983678     -1.5034124
   35      1.9983659     -1.5034484
   36      1.9983646     -1.5037237
   37      1.9961736     -1.5012659
   38      1.9961730     -1.5010999
   39      1.9961724     -1.5011998
   40      1.9961695     -1.5013528
   41      1.9748985     -0.1855478
   42      1.9743606     -0.1808674
   43      1.9743574     -0.1808729
   44      1.9740005     -0.1778393
   45      0.0259995     -0.0168003
   46      0.0256426     -0.0168019
   47      0.0256394     -0.0167971
   48      0.0251015     -0.0167781
   49      0.0038305     -0.0079083
   50      0.0038276     -0.0079048
   51      0.0038270     -0.0079049
   52      0.0038264     -0.0079017
   53      0.0016354     -0.0026001
   54      0.0016341     -0.0025960
   55      0.0016322     -0.0025960
   56      0.0014093     -0.0024701
   57      0.0013649     -0.0024000
   58      0.0013436     -0.0023546
   59      0.0010071     -0.0016271
   60      0.0010032     -0.0016158
   61      0.0009989     -0.0016154
   62      0.0007260     -0.0011227
   63      0.0007259     -0.0011225
   64      0.0007259     -0.0011228
   65      0.0004590     -0.0007358
   66      0.0004314     -0.0006749
   67      0.0004186     -0.0006614
   68      0.0004170     -0.0006601
   69      0.0002911     -0.0005074
   70      0.0002658     -0.0004181
   71      0.0002607     -0.0004090
   72      0.0002598     -0.0004083
   73      0.0000958     -0.0002497
   74      0.0000941     -0.0002476
   75      0.0000883     -0.0002262
   76      0.0000857     -0.0002225
   77      0.0000845     -0.0002203
   78      0.0000794     -0.0001998
   79      0.0000790     -0.0001980
   80      0.0000772     -0.0001961
   81      0.0000001     -0.0000067
   82      0.0000001     -0.0000067
   83      0.0000001     -0.0000055
   84      0.0000001     -0.0000054
   85      0.0000001     -0.0000050
   86      0.0000001     -0.0000043
   87      0.0000001     -0.0000041
   88      0.0000001     -0.0000040

   RO Sum (  88) =   88.00

  ---------------
   Dipole Moment
  ---------------

      0.0029 Debye [   0.0011  (   0.0009,  -0.0004,  -0.0006) ]

 ----------------
  Final Energies  
 ----------------

  Final NOF Total Energy =    -1294.5871800957 ( 7.E-05 , 0.E+00 )


  **************************************************
  *                                                *
  *       SINGLE-POINT DoNOF CALCULATION           *
  *                                                *
  *             FULL OPTIMIZATION                  *
  *                                                *
  *  FINAL RESULTS   FINAL RESULTS  FINAL RESULTS  *
  *                                                *
  **************************************************

  **************************************************
  *         No. EXTERNAL ITER =    25              *
  *         No. of TOTAL ITER =   600              *
  **************************************************

  Elapsed real time :  89918.37  (Seconds)

 The execution finished at 11h 17min on the 11/23/2024
