 This is the serial version of the code

 The execution started at 10h 16min on the 11/22/2024

    ===========================================================
    !                                                         !
    !                        Do N O F                         !
    !                                                         !
    !  (Donostia Natural Orbital Functional Software Program) !
    !                                                         !
    !               COPYRIGHT by Mario Piris                  !
    !                                                         !
    !      Donostia International Physics Center (DIPC)       !
    !       University of the Basque Country (UPV/EHU)        !
    !       Basque Foundation for Science (IKERBASQUE)        !
    !                                                         !
    !          GNU General Public License version 3           !
    !                                                         !
    !                  VERSION: Mayo 2024                     !
    !                                                         !
    ===========================================================

 Run Title
 ---------
 p30-5 set                                                                       

 Basis Set
 ---------
 /home/ion/p30-10/gnof/def2-svp.bas                                              

 Atom      Charge                Coordinates (Bohr)
                           x             y             z
 LI          3.0        3.4438       -3.4438        3.4438
 LI          3.0       -3.4438        3.4438        3.4438
 LI          3.0        3.4438        3.4438       -3.4438
 LI          3.0       -3.4438       -3.4438       -3.4438
 LI          3.0        1.9683        1.9683        1.9683
 LI          3.0       -1.9683        1.9683       -1.9683
 LI          3.0       -1.9683       -1.9683        1.9683
 LI          3.0        1.9683       -1.9683       -1.9683

 Atomic Basis Set
 ----------------
 The contracted primitive functions were unnormalized
 The contracted basis functions are now normalized to unity

  Shell Type  Primitive         Exponent  Contraction Coefficient

 LI        
 
      1   S       1           266.2778552    0.006354286535
      1   S       2            40.0697834    0.046734889363
      1   S       3             9.0559944    0.198387923560
      1   S       4             2.4503009    0.475753833454
      1   S       5             0.7220957    0.427014289368
 
      2   S       6             0.0528109    1.000000000000
 
      3   S       7             0.0209609    1.000000000000
 
      4   P       8             1.4500000    0.224912327222
      4   P       9             0.3000000    0.869730577039
 
      5   P      10             0.0820000    1.000000000000

 LI        
 
      6   S      11           266.2778552    0.006354286535
      6   S      12            40.0697834    0.046734889363
      6   S      13             9.0559944    0.198387923560
      6   S      14             2.4503009    0.475753833454
      6   S      15             0.7220957    0.427014289368
 
      7   S      16             0.0528109    1.000000000000
 
      8   S      17             0.0209609    1.000000000000
 
      9   P      18             1.4500000    0.224912327222
      9   P      19             0.3000000    0.869730577039
 
     10   P      20             0.0820000    1.000000000000

 LI        
 
     11   S      21           266.2778552    0.006354286535
     11   S      22            40.0697834    0.046734889363
     11   S      23             9.0559944    0.198387923560
     11   S      24             2.4503009    0.475753833454
     11   S      25             0.7220957    0.427014289368
 
     12   S      26             0.0528109    1.000000000000
 
     13   S      27             0.0209609    1.000000000000
 
     14   P      28             1.4500000    0.224912327222
     14   P      29             0.3000000    0.869730577039
 
     15   P      30             0.0820000    1.000000000000

 LI        
 
     16   S      31           266.2778552    0.006354286535
     16   S      32            40.0697834    0.046734889363
     16   S      33             9.0559944    0.198387923560
     16   S      34             2.4503009    0.475753833454
     16   S      35             0.7220957    0.427014289368
 
     17   S      36             0.0528109    1.000000000000
 
     18   S      37             0.0209609    1.000000000000
 
     19   P      38             1.4500000    0.224912327222
     19   P      39             0.3000000    0.869730577039
 
     20   P      40             0.0820000    1.000000000000

 LI        
 
     21   S      41           266.2778552    0.006354286535
     21   S      42            40.0697834    0.046734889363
     21   S      43             9.0559944    0.198387923560
     21   S      44             2.4503009    0.475753833454
     21   S      45             0.7220957    0.427014289368
 
     22   S      46             0.0528109    1.000000000000
 
     23   S      47             0.0209609    1.000000000000
 
     24   P      48             1.4500000    0.224912327222
     24   P      49             0.3000000    0.869730577039
 
     25   P      50             0.0820000    1.000000000000

 LI        
 
     26   S      51           266.2778552    0.006354286535
     26   S      52            40.0697834    0.046734889363
     26   S      53             9.0559944    0.198387923560
     26   S      54             2.4503009    0.475753833454
     26   S      55             0.7220957    0.427014289368
 
     27   S      56             0.0528109    1.000000000000
 
     28   S      57             0.0209609    1.000000000000
 
     29   P      58             1.4500000    0.224912327222
     29   P      59             0.3000000    0.869730577039
 
     30   P      60             0.0820000    1.000000000000

 LI        
 
     31   S      61           266.2778552    0.006354286535
     31   S      62            40.0697834    0.046734889363
     31   S      63             9.0559944    0.198387923560
     31   S      64             2.4503009    0.475753833454
     31   S      65             0.7220957    0.427014289368
 
     32   S      66             0.0528109    1.000000000000
 
     33   S      67             0.0209609    1.000000000000
 
     34   P      68             1.4500000    0.224912327222
     34   P      69             0.3000000    0.869730577039
 
     35   P      70             0.0820000    1.000000000000

 LI        
 
     36   S      71           266.2778552    0.006354286535
     36   S      72            40.0697834    0.046734889363
     36   S      73             9.0559944    0.198387923560
     36   S      74             2.4503009    0.475753833454
     36   S      75             0.7220957    0.427014289368
 
     37   S      76             0.0528109    1.000000000000
 
     38   S      77             0.0209609    1.000000000000
 
     39   P      78             1.4500000    0.224912327222
     39   P      79             0.3000000    0.869730577039
 
     40   P      80             0.0820000    1.000000000000

 Total Number of Basis Set Shells             =   40
 Total Number of Primitives                   =   80
 Number of Cartesian Gaussian Basis Functions =   72
 Number of Electrons                          =   24
 Charge of Molecule                           =    0
 Spin Multiplicity                            =    1
 Number of Occupied Orbitals (Alpha)          =   12
 Number of Occupied Orbitals (Beta )          =   12
 Total Number of Atoms                        =    8

 Input Run Options
 -----------------
 IRUNTYP = 1  MULT = 1  ICHARG =  0 IECP = 0  IEMOM = 1  UNITS = ANGS    

 Integral Options
 ----------------
 CUTOFF = 1.0E-09   ISCHWZ = 1   ERITYP = FULL

 Input NOF Options
 -----------------

 Type of calculation =    Coeff. Opt.:   (ICOEF)         1
 Use Softmax function for Occ. Opt.:     (ISOFTMAX)      1
 Type of Orb. Opt. = Orbital Rotations:  (IORBOPT)       4
 Maximum Number of Occ-Coef Outer Iter.: (MAXIT)      1000

 Natural Orbital Functional Selected:    (IPNOF)         8
 
 Restart calculation Option:             (RESTART)       F
 Restart Gamma Matrix from GCF file:     (INPUTGAMMA)    0
 Coefficient Matrix from GCF file:       (INPUTC)        0
 Diagonal Elements FMIUG from GCF file:  (INPUTFMIUG)    0
 Cartesian Coordinates from GCF file:    (INPUTCXYZ)     0
 Orthogonalize the initial Orbitals:     (ORTHO)         T

 Output Option:                          (NPRINT)        0
 Output the Coefficient Matrix:          (IWRITEC)       0
 Do a Mulliken Population Analysis:      (IMULPOP)       0
 Write Information into a WFN file:      (IAIMPAC)       1
 Write Information into a FCHK file:     (IFCHK)         1
 Write Information into a MLP file:      (MOLDEN)        1
 Create Ini. Cond. (ini.xyz) file:       (INICOND)       1
 Calculate IPs using Ext. Koopmans Theo: (IEKT)          0
 Write APSG expansion coefficient file:  (APSG)          F
 Output option for Lagrange Multipliers: (PRINTLAG)      F
 Diagonalize matrix of Lag. Multipliers: (DIAGLAG)       F

------------------------------------------------------------------------

 Orbital Space
 -------------

 Inactive Doubly occupied orbitals up to NO1  =    0
 No. considered Strongly Doubly occupied MOs  =   12
 No. considered Strongly Singly occupied MOs  =    0
 No. of Weakly occ. per St. Doubly occ.  MOs  =    5
 Dimension of the Active Nat. Orb. subspace   =   72
 Secondary Empty orbitals                     =    0

 1e- integrals
 -------------
 Time to do integrals =      0.00
 Guess for MOs = HCORE
      3864 MOs were matched and         0 equalized to zero

 2e- integrals
 -------------
 DONTW option skips storage 2e- integrals on Unit 1
             3163131 2e- integrals in     1 records
 Time to do integrals =      1.12

 Input for Coefficients is HCORE


  RESULTS OF OCCUPATION-COEFFICIENT OPTIMIZATION
 ================================================

  Ex It  Occ Time  Orb Time  Orb It   Electronic Energy     Total Energy   Energy Convergency    Max Mul-Lag Diff

    1    1.1E+01   6.4E+01      10     -96.1767314629      -58.4732135713    -1.4331566046           0.098277
    2    1.1E+01   6.4E+01      10     -96.8043162496      -59.1007983580    -0.6275847867           0.070383
    3    1.0E+01   6.3E+01      10     -97.1012492721      -59.3977313805    -0.2969330225           0.027206
    4    1.0E+01   7.1E+01      10     -97.2151722477      -59.5116543561    -0.1139229756           0.016278
    5    1.1E+01   7.7E+01      10     -97.2658364270      -59.5623185353    -0.0506641792           0.012946
    6    1.2E+01   7.6E+01      10     -97.2935987144      -59.5900808228    -0.0277622875           0.011981
    7    1.2E+01   7.1E+01      10     -97.3132256411      -59.6097077494    -0.0196269266           0.009646
    8    1.2E+01   7.1E+01      10     -97.3260172621      -59.6224993705    -0.0127916211           0.005975
    9    1.2E+01   7.5E+01      10     -97.3324963594      -59.6289784678    -0.0064790973           0.004611
   10    1.1E+01   7.1E+01      10     -97.3354018105      -59.6318839189    -0.0029054511           0.004229
   11    9.8E+00   6.6E+01      10     -97.3368291988      -59.6333113072    -0.0014273883           0.003546
   12    1.3E+01   7.4E+01      10     -97.3374519389      -59.6339340473    -0.0006227401           0.003770
   13    1.3E+01   7.8E+01      10     -97.3378675569      -59.6343496652    -0.0004156180           0.004077
   14    1.2E+01   7.9E+01      10     -97.3382037936      -59.6346859020    -0.0003362367           0.003490
   15    1.2E+01   7.8E+01      10     -97.3389542356      -59.6354363440    -0.0007504420           0.003790
   16    1.2E+01   7.6E+01      10     -97.3404714715      -59.6369535799    -0.0015172359           0.003516
   17    1.3E+01   7.5E+01      10     -97.3428896836      -59.6393717920    -0.0024182120           0.003772
   18    1.2E+01   8.3E+01      10     -97.3451152800      -59.6415973883    -0.0022255964           0.003890
   19    1.3E+01   7.5E+01      10     -97.3464176006      -59.6428997090    -0.0013023206           0.003254
   20    1.3E+01   8.1E+01      10     -97.3469413880      -59.6434234964    -0.0005237874           0.003840
   21    1.3E+01   8.1E+01      10     -97.3472506461      -59.6437327545    -0.0003092581           0.003477
   22    1.3E+01   7.6E+01      10     -97.3473826008      -59.6438647092    -0.0001319547           0.003272
   23    1.0E+01   7.9E+01      10     -97.3474600179      -59.6439421263    -0.0000774172           0.003559
   24    1.3E+01   7.9E+01      10     -97.3475022176      -59.6439843260    -0.0000421997           0.003847
   25    1.2E+01   7.7E+01      10     -97.3476085752      -59.6440906835    -0.0001063575           0.003315
   26    1.2E+01   7.7E+01      10     -97.3476413367      -59.6441234451    -0.0000327616           0.003702
   27    1.0E+01   7.2E+01      10     -97.3477023946      -59.6441845030    -0.0000610579           0.003436
   28    1.1E+01   6.2E+01      10     -97.3476643434      -59.6441464518     0.0000380512           0.004077
   29    9.8E+00   1.2E+02      20     -97.3487158991      -59.6451980074    -0.0010515556           0.000174
   30    1.0E+01   1.6E+02      30     -97.3487269257      -59.6452090340    -0.0000110266           0.000031
   31    9.5E+00   5.0E+00      30     -97.3487273751      -59.6452094835    -0.0000004495           0.000032


  RESULTS OF THE OCCUPATION OPTIMIZATION
 ========================================

   OM     Occupation      Elag Diag

    1      1.9991704     -2.4343113
    2      1.9990918     -2.4330945
    3      1.9989545     -2.4417988
    4      1.9989481     -2.4337035
    5      1.9988507     -2.4337244
    6      1.9988410     -2.4328898
    7      1.9987919     -2.4332151
    8      1.9986629     -2.4331602
    9      1.9463199     -0.2294194
   10      1.7141738     -0.1877813
   11      1.7117099     -0.1875717
   12      1.7096897     -0.1872589
   13      0.0026975     -0.0007774
   14      0.0033880     -0.0009516
   15      0.0534378     -0.0092354
   16      0.0039168     -0.0020395
   17      0.0003538     -0.0009397
   18      0.0003141     -0.0008344
   19      0.0003717     -0.0009886
   20      0.0003968     -0.0010492
   21      0.0003463     -0.0009281
   22      0.0003092     -0.0008308
   23      0.0003940     -0.0010306
   24      0.0003542     -0.0009335
   25      0.1038623     -0.0159745
   26      0.1236279     -0.0191589
   27      0.1215211     -0.0188170
   28      0.0148081     -0.0060578
   29      0.0003728     -0.0009825
   30      0.0003384     -0.0008939
   31      0.0003875     -0.0010260
   32      0.0003783     -0.0010055
   33      0.0003318     -0.0008850
   34      0.0003487     -0.0009289
   35      0.0003944     -0.0010285
   36      0.0003475     -0.0009117
   37      0.0049074     -0.0013167
   38      0.0550284     -0.0094755
   39      0.0035146     -0.0009835
   40      0.0055139     -0.0026991
   41      0.0002519     -0.0007251
   42      0.0003262     -0.0008675
   43      0.0003485     -0.0009334
   44      0.0003492     -0.0009360
   45      0.0003363     -0.0008993
   46      0.0003569     -0.0009482
   47      0.0000707     -0.0001911
   48      0.0000775     -0.0002100
   49      0.0549800     -0.0094288
   50      0.0047669     -0.0012830
   51      0.1024385     -0.0157694
   52      0.0147579     -0.0060818
   53      0.0003454     -0.0009198
   54      0.0002232     -0.0006415
   55      0.0000457     -0.0001253
   56      0.0000231     -0.0000630
   57      0.0000358     -0.0000999
   58      0.0000270     -0.0000736
   59      0.0000475     -0.0001277
   60      0.0000483     -0.0001296
   61      0.1238632     -0.0191516
   62      0.1014789     -0.0156501
   63      0.0049141     -0.0013145
   64      0.0146834     -0.0060647
   65      0.0000131     -0.0000348
   66      0.0000061     -0.0000159
   67      0.0000056     -0.0000151
   68      0.0000019     -0.0000043
   69      0.0000018     -0.0000042
   70      0.0000037     -0.0000087
   71      0.0000017     -0.0000033
   72      0.0000021     -0.0000047

   RO Sum (  24) =   24.00

  ---------------
   Dipole Moment
  ---------------

      2.3662 Debye [   0.9309  (   0.5431,   0.5217,  -0.5472) ]

 ----------------
  Final Energies  
 ----------------

  Final NOF Total Energy =      -59.6452094835 ( 3.E-05 , 0.E+00 )


  **************************************************
  *                                                *
  *       SINGLE-POINT DoNOF CALCULATION           *
  *                                                *
  *             FULL OPTIMIZATION                  *
  *                                                *
  *  FINAL RESULTS   FINAL RESULTS  FINAL RESULTS  *
  *                                                *
  **************************************************

  **************************************************
  *         No. EXTERNAL ITER =    31              *
  *         No. of TOTAL ITER =   360              *
  **************************************************

  Elapsed real time :   2725.55  (Seconds)

 The execution finished at 11h  1min on the 11/22/2024
