 This is the parallel version of the code
 This is the parallel version of the code
 This is the parallel version of the code
 This is the parallel version of the code
 This is the parallel version of the code
 This is the parallel version of the code
 This is the parallel version of the code
 This is the parallel version of the code
Master:    0

 The execution started at 15h 17min on the  1/30/2025

    ===========================================================
    !                                                         !
    !                        Do N O F                         !
    !                                                         !
    !  (Donostia Natural Orbital Functional Software Program) !
    !                                                         !
    !               COPYRIGHT by Mario Piris                  !
    !                                                         !
    !      Donostia International Physics Center (DIPC)       !
    !       University of the Basque Country (UPV/EHU)        !
    !       Basque Foundation for Science (IKERBASQUE)        !
    !                                                         !
    !          GNU General Public License version 3           !
    !                                                         !
    !                  VERSION: Mayo 2024                     !
    !                                                         !
    ===========================================================

 Run Title
 ---------
 p30-5 set                                                                       

 Basis Set
 ---------
 /beegfs_agamede/gscratch/povmieci/SCRATCH/94201/def2-svp.bas                    

 Atom      Charge                Coordinates (Bohr)
                           x             y             z
 CA         20.0        0.0000        0.0000       -1.6984
 O           8.0        0.0000        0.0000        1.6984

 Atomic Basis Set
 ----------------
 The contracted primitive functions were unnormalized
 The contracted basis functions are now normalized to unity

  Shell Type  Primitive         Exponent  Contraction Coefficient

 CA        

      1   S       1         35138.7139290    0.001804793258
      1   S       2          5276.4111348    0.013820434433
      1   S       3          1200.4692589    0.068347470739
      1   S       4           338.7181054    0.235857640075
      1   S       5           109.8538592    0.472631385247
      1   S       6            37.6088803    0.351692498575

      2   S       7            73.1079776   -0.102531311079
      2   S       8             8.2407706    0.609202407151
      2   S       9             3.2959813    0.464398802507

      3   S      10             5.2341801   -0.205301572010
      3   S      11             0.8418722    0.677915479198
      3   S      12             0.3651029    0.441009016342

      4   S      13             0.0512224    1.000000000000

      5   S      14             0.0198251    1.000000000000

      6   P      15           413.1131389    0.009884465709
      6   P      16            96.9357862    0.071628839504
      6   P      17            30.3721547    0.266899547729
      6   P      18            10.6847768    0.507697430817
      6   P      19             3.8821258    0.333840977912

      7   P      20             1.7993016    0.316604443154
      7   P      21             0.6918906    0.562979576248
      7   P      22             0.2636402    0.236757670930

      8   P      23             0.0749790    1.000000000000

      9   D      24             5.4979094    0.116004757206
      9   D      25             1.3177128    0.409686110613
      9   D      26             0.3218868    0.711310748747

     10   D      27             0.0705286    1.000000000000

 O         

     11   S      28          2266.1767785   -0.005389350392
     11   S      29           340.8701019   -0.040234721389
     11   S      30            77.3631352   -0.180081842055
     11   S      31            21.4796449   -0.468288576577
     11   S      32             6.6589433   -0.446926171602

     12   S      33             0.8097598    1.000000000000

     13   S      34             0.2553077    1.000000000000

     14   P      35            17.7215043    0.062630248763
     14   P      36             3.8635505    0.333311384824
     14   P      37             1.0480921    0.741486383081

     15   P      38             0.2764154    1.000000000000

     16   D      39             1.2000000    1.000000000000

 Total Number of Basis Set Shells             =   16
 Total Number of Primitives                   =   39
 Number of Cartesian Gaussian Basis Functions =   41
 Number of Electrons                          =   28
 Charge of Molecule                           =    0
 Spin Multiplicity                            =    1
 Number of Occupied Orbitals (Alpha)          =   14
 Number of Occupied Orbitals (Beta )          =   14
 Total Number of Atoms                        =    2

 Input Run Options
 -----------------
 IRUNTYP = 1  MULT = 1  ICHARG =  0 IECP = 0  IEMOM = 1  UNITS = ANGS    

 Integral Options
 ----------------
 CUTOFF = 1.0E-09   ISCHWZ = 0   ERITYP = FULL

 Input NOF Options
 -----------------

 Type of calculation =    Coeff. Opt.:   (ICOEF)         1
 Trigonometric functions for Occ. Opt.:  (ISOFTMAX)      0
 Type of Orb. Opt. = Orbital Rotations:  (IORBOPT)       4
 Maximum Number of Occ-Coef Outer Iter.: (MAXIT)      1000

 Natural Orbital Functional Selected:    (IPNOF)         8

 Restart calculation Option:             (RESTART)       F
 Restart Gamma Matrix from GCF file:     (INPUTGAMMA)    0
 Coefficient Matrix from GCF file:       (INPUTC)        0
 Diagonal Elements FMIUG from GCF file:  (INPUTFMIUG)    0
 Cartesian Coordinates from GCF file:    (INPUTCXYZ)     0
 Orthogonalize the initial Orbitals:     (ORTHO)         T

 Output Option:                          (NPRINT)        0
 Output the Coefficient Matrix:          (IWRITEC)       0
 Do a Mulliken Population Analysis:      (IMULPOP)       0
 Write Information into a WFN file:      (IAIMPAC)       1
 Write Information into a FCHK file:     (IFCHK)         1
 Write Information into a MLP file:      (MOLDEN)        1
 Create Ini. Cond. (ini.xyz) file:       (INICOND)       1
 Calculate IPs using Ext. Koopmans Theo: (IEKT)          0
 Write APSG expansion coefficient file:  (APSG)          F
 Output option for Lagrange Multipliers: (PRINTLAG)      F
 Diagonalize matrix of Lag. Multipliers: (DIAGLAG)       F

------------------------------------------------------------------------

 Orbital Space
 -------------

 Inactive Doubly occupied orbitals up to NO1  =    0
 No. considered Strongly Doubly occupied MOs  =   14
 No. considered Strongly Singly occupied MOs  =    0
 No. of Weakly occ. per St. Doubly occ.  MOs  =    1
 Dimension of the Active Nat. Orb. subspace   =   28
 Secondary Empty orbitals                     =   13

 1e- integrals
 -------------
 Time to do integrals =      0.00
 Guess for MOs = HCORE
        75 MOs were matched and         0 equalized to zero

 2e- integrals
 -------------
 DONTW option skips storage 2e- integrals on Unit 1
               91410 2e- integrals in     1 records
 Time to do integrals =      0.06

 RHF SCF Calculation
 -------------------
 EXTRAP=T  DAMP=T  DIIS=T
 DMat Conv = 1.0E-05  Ener Tol = 1.0E-08
 Ener Conv = 1.0E-10  DMat Tol = 2.0E-05
 DIIS Conv = 1.0E-07  DMat Tol = 2.0E-05

 ITER      TOTAL ENERGY        E CHANGE     DEN. CHANGE    DIIS ERROR
   1     -738.6214560743  -738.6214560743   6.047005555   1.633015577
   2     -724.6263682242    13.9950878502   2.796848338   1.995506709
   3     -743.7463779456   -19.1200097214   0.005242935   0.895315459
   4     -743.7766064205    -0.0302284749   0.092555825   0.896304719
   5     -744.3064696472    -0.5298632267   0.110978141   0.907235405
   6     -744.9309007344    -0.6244310871   0.131103301   0.955570667
   7     -745.6478310835    -0.7169303491   0.148580309   0.991923436
   8     -746.4300659288    -0.7822348453   0.156734668   1.007102504
   9     -747.2235315414    -0.7934656126   0.151316955   0.996958482
  10     -747.9659714212    -0.7424398798   0.152394513   0.962737608
  11     -748.6989475976    -0.7329761764   0.123471622   0.901364096
  12     -749.2865230769    -0.5875754793   0.150116717   0.826774647
  13     -749.9552039429    -0.6686808660   0.117672689   0.702902233
  14     -750.3863640722    -0.4311601293   0.190301748   0.589917564
  15     -750.9292107584    -0.5428466863   0.437838173   0.378843164
  16     -751.0655892870    -0.1363785285   0.264873409   0.310629188
  17     -751.3774275793    -0.3118382923   0.092848250   0.041340823
  18     -751.3868794839    -0.0094519046   0.059047051   0.010009681
  19     -751.3889751913    -0.0020957074   0.035098478   0.003909288
  20     -751.3894778725    -0.0005026812   0.014691042   0.001293666
  21     -751.3895561891    -0.0000783166   0.004268191   0.000398063
  22     -751.3895634261    -0.0000072370   0.000986617   0.000100949
  23     -751.3895639344    -0.0000005083   0.000287205   0.000024781
  24     -751.3895639588    -0.0000000245   0.000087327   0.000009001
  25     -751.3895639612    -0.0000000023   0.000032534   0.000003087
  26     -751.3895639615    -0.0000000004   0.000003355   0.000000705

          -----------------
          DENSITY CONVERGED
          -----------------

 FINAL RHF ENERGY IS     -751.3895639615 AFTER  26 ITERATIONS

         WAVEFUNCTION NORMALIZATION =       1.0000000000

                ONE ELECTRON ENERGY =   -1128.3649918841
                TWO ELECTRON ENERGY =     329.8709281911
           NUCLEAR REPULSION ENERGY =      47.1044997315
                                      ------------------
                   RHF TOTAL ENERGY =    -751.3895639615

 ELECTRON-ELECTRON POTENTIAL ENERGY =     329.8709281911
  NUCLEUS-ELECTRON POTENTIAL ENERGY =   -1879.4906364349
   NUCLEUS-NUCLEUS POTENTIAL ENERGY =      47.1044997315
                                      ------------------
             TOTAL POTENTIAL ENERGY =   -1502.5152085123
               TOTAL KINETIC ENERGY =     751.1256445508
                 VIRIAL RATIO (V/T) =       2.0003513652

 Distribution Full ERIs:

 Integrals:                             91410
 Max size per slaves:                   11428
 Max size in master:                   102838

 Input for Coefficients is RHF


  RESULTS OF OCCUPATION-COEFFICIENT OPTIMIZATION
 ================================================

  Ex It  Occ Time  Orb Time  Orb It   Electronic Energy     Total Energy   Energy Convergency    Max Mul-Lag Diff

    1    1.7E-02   1.4E-01      10    -798.5266083327     -751.4221086011    -0.0167792982           0.194155
    2    2.1E-02   1.4E-01      10    -798.6121193671     -751.5076196356    -0.0855110344           0.179297
    3    1.9E-02   1.4E-01      10    -798.6860953073     -751.5815955757    -0.0739759402           0.153754
    4    1.7E-02   1.4E-01      10    -798.7386989299     -751.6341991984    -0.0526036226           0.209817
    5    1.6E-02   1.4E-01      10    -798.7711453290     -751.6666455975    -0.0324463991           0.233396
    6    1.4E-02   1.4E-01      10    -798.7931826623     -751.6886829308    -0.0220373333           0.152486
    7    1.5E-02   1.4E-01      10    -798.8084697399     -751.7039700084    -0.0152870776           0.137729
    8    1.5E-02   1.4E-01      10    -798.8169594282     -751.7124596967    -0.0084896883           0.170110
    9    1.5E-02   1.4E-01      10    -798.8222803510     -751.7177806195    -0.0053209228           0.163252
   10    1.4E-02   1.3E-01      10    -798.8255353269     -751.7210355954    -0.0032549759           0.142687
   11    1.3E-02   1.3E-01      10    -798.8273290914     -751.7228293599    -0.0017937645           0.132008
   12    1.4E-02   1.3E-01      10    -798.8274717810     -751.7229720495    -0.0001426896           0.139999
   13    1.4E-02   1.3E-01      10    -798.8304114930     -751.7259117615    -0.0029397120           0.156227
   14    1.4E-02   1.3E-01      10    -798.8299388388     -751.7254391073     0.0004726543           0.146584
   15    1.2E-02   2.4E-01      20    -798.8379692172     -751.7334694857    -0.0080303784           0.006670
   16    1.9E-02   2.4E-01      20    -798.8383927237     -751.7338929922    -0.0004235065           0.003049
   17    1.5E-02   2.4E-01      20    -798.8387387882     -751.7342390567    -0.0003460645           0.003212
   18    1.4E-02   2.4E-01      20    -798.8390331387     -751.7345334072    -0.0002943505           0.002860
   19    1.3E-02   2.4E-01      20    -798.8392661721     -751.7347664406    -0.0002330334           0.002806
   20    1.4E-02   2.4E-01      20    -798.8394405068     -751.7349407753    -0.0001743347           0.002878
   21    1.4E-02   2.4E-01      20    -798.8395517559     -751.7350520244    -0.0001112491           0.002595
   22    1.3E-02   2.4E-01      20    -798.8396138496     -751.7351141181    -0.0000620937           0.002698
   23    1.3E-02   2.4E-01      20    -798.8396560975     -751.7351563660    -0.0000422480           0.002799
   24    1.4E-02   3.5E-01      30    -798.8396997705     -751.7352000390    -0.0000436730           0.001252
   25    1.4E-02   4.7E-01      40    -798.8397358012     -751.7352360697    -0.0000360307           0.000240
   26    1.4E-02   4.6E-01      40    -798.8397610150     -751.7352612835    -0.0000252139           0.000243
   27    1.4E-02   4.7E-01      40    -798.8397790892     -751.7352793577    -0.0000180741           0.000242
   28    1.5E-02   4.7E-01      40    -798.8397918042     -751.7352920727    -0.0000127150           0.000240
   29    1.5E-02   4.7E-01      40    -798.8397990948     -751.7352993632    -0.0000072906           0.000242
   30    1.5E-02   5.8E-01      50    -798.8398038625     -751.7353041309    -0.0000047677           0.000037
   31    1.5E-02   6.9E-01      60    -798.8398062233     -751.7353064918    -0.0000023609           0.000004
   32    1.5E-02   8.0E-01      70    -798.8398065859     -751.7353068544    -0.0000003626           0.000003
   33    1.5E-02   1.0E-02      70    -798.8398065991     -751.7353068676    -0.0000000131           0.000005


  RESULTS OF THE OCCUPATION OPTIMIZATION
 ========================================

   OM     Occupation      Elag Diag

    1      1.9999985   -149.1989004
    2      1.9999139    -17.0474376
    3      1.9998849    -15.5628323
    4      1.9998844    -15.5392335
    5      1.9998668    -14.5972074
    6      1.9998632    -14.6931750
    7      1.9957195     -2.1076463
    8      1.9901507     -1.0631295
    9      1.9876281     -1.1186061
   10      1.9815574     -1.2240496
   11      1.9814178     -1.2246198
   12      1.9660695     -0.3899556
   13      1.9647606     -0.3161187
   14      1.9647550     -0.3161005
   15      0.0352450     -0.0385252
   16      0.0352394     -0.0385145
   17      0.0339305     -0.0447231
   18      0.0185822     -0.0286592
   19      0.0184426     -0.0284552
   20      0.0123719     -0.0183077
   21      0.0098493     -0.0228017
   22      0.0042805     -0.0104163
   23      0.0001368     -0.0022299
   24      0.0001332     -0.0021659
   25      0.0001156     -0.0019679
   26      0.0001151     -0.0019606
   27      0.0000861     -0.0016232
   28      0.0000015     -0.0002302

   RO Sum (  28) =   28.00

  ---------------
   Dipole Moment
  ---------------

      9.7306 Debye [   3.8283  (  -0.0000,  -0.0006,  -3.8283) ]

 ----------------
  Final Energies  
 ----------------

  Final NOF Total Energy =     -751.7353068676 ( 5.E-06 , 0.E+00 )


  **************************************************
  *                                                *
  *       SINGLE-POINT DoNOF CALCULATION           *
  *                                                *
  *             FULL OPTIMIZATION                  *
  *                                                *
  *  FINAL RESULTS   FINAL RESULTS  FINAL RESULTS  *
  *                                                *
  **************************************************

  **************************************************
  *         No. EXTERNAL ITER =    33              *
  *         No. of TOTAL ITER =   800              *
  **************************************************

  Elapsed real time :      9.47  (Seconds)

 The execution finished at 15h 17min on the  1/30/2025
