 This is the serial version of the code

 The execution started at 10h 30min on the 11/22/2024

    ===========================================================
    !                                                         !
    !                        Do N O F                         !
    !                                                         !
    !  (Donostia Natural Orbital Functional Software Program) !
    !                                                         !
    !               COPYRIGHT by Mario Piris                  !
    !                                                         !
    !      Donostia International Physics Center (DIPC)       !
    !       University of the Basque Country (UPV/EHU)        !
    !       Basque Foundation for Science (IKERBASQUE)        !
    !                                                         !
    !          GNU General Public License version 3           !
    !                                                         !
    !                  VERSION: Mayo 2024                     !
    !                                                         !
    ===========================================================

 Run Title
 ---------
 p30-5 set                                                                       

 Basis Set
 ---------
 /home/ion/p30-10/gnof/def2-svp.bas                                              

 Atom      Charge                Coordinates (Bohr)
                           x             y             z
 O           8.0        0.0000        0.0000        0.7444
 H           1.0       -1.4268        0.0000       -0.3722
 H           1.0        1.4268        0.0000       -0.3722

 Atomic Basis Set
 ----------------
 The contracted primitive functions were unnormalized
 The contracted basis functions are now normalized to unity

  Shell Type  Primitive         Exponent  Contraction Coefficient

 O         
 
      1   S       1          2266.1767785   -0.005389350392
      1   S       2           340.8701019   -0.040234721389
      1   S       3            77.3631352   -0.180081842055
      1   S       4            21.4796449   -0.468288576577
      1   S       5             6.6589433   -0.446926171602
 
      2   S       6             0.8097598    1.000000000000
 
      3   S       7             0.2553077    1.000000000000
 
      4   P       8            17.7215043    0.062630248763
      4   P       9             3.8635505    0.333311384824
      4   P      10             1.0480921    0.741486383081
 
      5   P      11             0.2764154    1.000000000000
 
      6   D      12             1.2000000    1.000000000000

 H         
 
      7   S      13            13.0107010    0.033485484813
      7   S      14             1.9622572    0.234721870881
      7   S      15             0.4445380    0.813770285260
 
      8   S      16             0.1219496    1.000000000000
 
      9   P      17             0.8000000    1.000000000000

 H         
 
     10   S      18            13.0107010    0.033485484813
     10   S      19             1.9622572    0.234721870881
     10   S      20             0.4445380    0.813770285260
 
     11   S      21             0.1219496    1.000000000000
 
     12   P      22             0.8000000    1.000000000000

 Total Number of Basis Set Shells             =   12
 Total Number of Primitives                   =   22
 Number of Cartesian Gaussian Basis Functions =   25
 Number of Electrons                          =   10
 Charge of Molecule                           =    0
 Spin Multiplicity                            =    1
 Number of Occupied Orbitals (Alpha)          =    5
 Number of Occupied Orbitals (Beta )          =    5
 Total Number of Atoms                        =    3

 Input Run Options
 -----------------
 IRUNTYP = 1  MULT = 1  ICHARG =  0 IECP = 0  IEMOM = 1  UNITS = ANGS    

 Integral Options
 ----------------
 CUTOFF = 1.0E-09   ISCHWZ = 0   ERITYP = FULL

 Input NOF Options
 -----------------

 Type of calculation =    Coeff. Opt.:   (ICOEF)         1
 Use Softmax function for Occ. Opt.:     (ISOFTMAX)      1
 Type of Orb. Opt. = Orbital Rotations:  (IORBOPT)       4
 Maximum Number of Occ-Coef Outer Iter.: (MAXIT)      1000

 Natural Orbital Functional Selected:    (IPNOF)         8
 
 Restart calculation Option:             (RESTART)       F
 Restart Gamma Matrix from GCF file:     (INPUTGAMMA)    0
 Coefficient Matrix from GCF file:       (INPUTC)        0
 Diagonal Elements FMIUG from GCF file:  (INPUTFMIUG)    0
 Cartesian Coordinates from GCF file:    (INPUTCXYZ)     0
 Orthogonalize the initial Orbitals:     (ORTHO)         T

 Output Option:                          (NPRINT)        0
 Output the Coefficient Matrix:          (IWRITEC)       0
 Do a Mulliken Population Analysis:      (IMULPOP)       0
 Write Information into a WFN file:      (IAIMPAC)       1
 Write Information into a FCHK file:     (IFCHK)         1
 Write Information into a MLP file:      (MOLDEN)        1
 Create Ini. Cond. (ini.xyz) file:       (INICOND)       1
 Calculate IPs using Ext. Koopmans Theo: (IEKT)          0
 Write APSG expansion coefficient file:  (APSG)          F
 Output option for Lagrange Multipliers: (PRINTLAG)      F
 Diagonalize matrix of Lag. Multipliers: (DIAGLAG)       F

------------------------------------------------------------------------

 Orbital Space
 -------------

 Inactive Doubly occupied orbitals up to NO1  =    0
 No. considered Strongly Doubly occupied MOs  =    5
 No. considered Strongly Singly occupied MOs  =    0
 No. of Weakly occ. per St. Doubly occ.  MOs  =    4
 Dimension of the Active Nat. Orb. subspace   =   25
 Secondary Empty orbitals                     =    0

 1e- integrals
 -------------
 Time to do integrals =      0.00
 Guess for MOs = HCORE
        82 MOs were matched and         0 equalized to zero

 2e- integrals
 -------------
 DONTW option skips storage 2e- integrals on Unit 1
               25620 2e- integrals in     1 records
 Time to do integrals =      0.02

 Input for Coefficients is HCORE


  RESULTS OF OCCUPATION-COEFFICIENT OPTIMIZATION
 ================================================

  Ex It  Occ Time  Orb Time  Orb It   Electronic Energy     Total Energy   Energy Convergency    Max Mul-Lag Diff

    1    1.6E-01   3.8E-01      10     -81.3763774067      -72.1950910441    -3.7125866320           0.613133
    2    6.7E-02   3.2E-01      10     -83.1053369392      -73.9240505767    -1.7289595326           0.483497
    3    6.3E-02   3.1E-01      10     -84.0949065767      -74.9136202142    -0.9895696375           0.344337
    4    5.7E-02   4.8E-01      10     -84.7384388396      -75.5571524771    -0.6435322629           0.251291
    5    6.9E-02   3.2E-01      10     -85.0933617044      -75.9120753418    -0.3549228648           0.175449
    6    5.6E-02   3.3E-01      10     -85.2598518788      -76.0785655162    -0.1664901744           0.120360
    7    5.2E-02   3.2E-01      10     -85.3397615462      -76.1584751836    -0.0799096674           0.080086
    8    6.2E-02   3.3E-01      10     -85.3713463298      -76.1900599673    -0.0315847836           0.031351
    9    6.0E-02   3.4E-01      10     -85.3755692260      -76.1942828635    -0.0042228962           0.020504
   10    8.0E-02   3.2E-01      10     -85.3767515360      -76.1954651734    -0.0011823100           0.017500
   11    5.5E-02   3.4E-01      10     -85.3772669098      -76.1959805472    -0.0005153738           0.019469
   12    5.8E-02   3.3E-01      10     -85.3775662568      -76.1962798943    -0.0002993471           0.021516
   13    5.2E-02   3.4E-01      10     -85.3778876402      -76.1966012776    -0.0003213833           0.023581
   14    5.0E-02   3.2E-01      10     -85.3781063879      -76.1968200253    -0.0002187477           0.021210
   15    7.0E-02   3.3E-01      10     -85.3783719306      -76.1970855680    -0.0002655427           0.019207
   16    4.2E-02   3.4E-01      10     -85.3783659002      -76.1970795376     0.0000060305           0.022202
   17    4.3E-02   5.9E-01      20     -85.3790577887      -76.1977714261    -0.0006918886           0.001079
   18    5.6E-02   8.8E-01      30     -85.3791420214      -76.1978556589    -0.0000842327           0.000262
   19    4.8E-02   8.7E-01      30     -85.3792183951      -76.1979320325    -0.0000763736           0.000236
   20    5.4E-02   1.0E+00      30     -85.3792892880      -76.1980029255    -0.0000708930           0.000211
   21    5.0E-02   1.0E+00      30     -85.3793540825      -76.1980677199    -0.0000647945           0.000185
   22    5.1E-02   8.5E-01      30     -85.3794121042      -76.1981257417    -0.0000580217           0.000172
   23    5.1E-02   8.5E-01      30     -85.3794624449      -76.1981760824    -0.0000503407           0.000176
   24    4.8E-02   1.1E+00      40     -85.3795137518      -76.1982273892    -0.0000513068           0.000098
   25    5.3E-02   1.3E+00      40     -85.3795496121      -76.1982632495    -0.0000358603           0.000068
   26    5.6E-02   2.8E-02      40     -85.3795501956      -76.1982638330    -0.0000005835           0.000069


  RESULTS OF THE OCCUPATION OPTIMIZATION
 ========================================

   OM     Occupation      Elag Diag

    1      1.9999812    -20.5841854
    2      1.9878151     -1.2344583
    3      1.9793964     -0.5346913
    4      1.9726979     -0.7323657
    5      1.9718677     -0.7255968
    6      0.0210100     -0.0311496
    7      0.0226239     -0.0323814
    8      0.0057484     -0.0098246
    9      0.0033352     -0.0081864
   10      0.0000098     -0.0001810
   11      0.0035381     -0.0073470
   12      0.0036700     -0.0075380
   13      0.0130884     -0.0173384
   14      0.0078888     -0.0184527
   15      0.0000003     -0.0000061
   16      0.0033015     -0.0073891
   17      0.0007244     -0.0015692
   18      0.0005076     -0.0010675
   19      0.0003917     -0.0011087
   20      0.0000003     -0.0000055
   21      0.0002828     -0.0008172
   22      0.0002838     -0.0006614
   23      0.0012592     -0.0032827
   24      0.0005691     -0.0015529
   25      0.0000084     -0.0001538

   RO Sum (  10) =   10.00

  ---------------
   Dipole Moment
  ---------------

      2.0341 Debye [   0.8003  (  -0.0035,   0.0015,  -0.8003) ]

 ----------------
  Final Energies  
 ----------------

  Final NOF Total Energy =      -76.1982638330 ( 7.E-05 , 0.E+00 )


  **************************************************
  *                                                *
  *       SINGLE-POINT DoNOF CALCULATION           *
  *                                                *
  *             FULL OPTIMIZATION                  *
  *                                                *
  *  FINAL RESULTS   FINAL RESULTS  FINAL RESULTS  *
  *                                                *
  **************************************************

  **************************************************
  *         No. EXTERNAL ITER =    26              *
  *         No. of TOTAL ITER =   480              *
  **************************************************

  Elapsed real time :     15.57  (Seconds)

 The execution finished at 10h 31min on the 11/22/2024
