 This is the parallel version of the code
 This is the parallel version of the code
 This is the parallel version of the code
 This is the parallel version of the code
 This is the parallel version of the code
 This is the parallel version of the code
 This is the parallel version of the code
 This is the parallel version of the code
Master:    0

 The execution started at 15h 18min on the  1/30/2025

    ===========================================================
    !                                                         !
    !                        Do N O F                         !
    !                                                         !
    !  (Donostia Natural Orbital Functional Software Program) !
    !                                                         !
    !               COPYRIGHT by Mario Piris                  !
    !                                                         !
    !      Donostia International Physics Center (DIPC)       !
    !       University of the Basque Country (UPV/EHU)        !
    !       Basque Foundation for Science (IKERBASQUE)        !
    !                                                         !
    !          GNU General Public License version 3           !
    !                                                         !
    !                  VERSION: Mayo 2024                     !
    !                                                         !
    ===========================================================

 Run Title
 ---------
 p30-5 set                                                                       

 Basis Set
 ---------
 /beegfs_agamede/gscratch/povmieci/SCRATCH/94206/def2-svp.bas                    

 Atom      Charge                Coordinates (Bohr)
                           x             y             z
 CL         17.0       -1.0601       -1.8796        0.0000
 O           8.0        0.0000        1.8117        0.0000
 O           8.0        2.2527        2.1824        0.0000

 Atomic Basis Set
 ----------------
 The contracted primitive functions were unnormalized
 The contracted basis functions are now normalized to unity

  Shell Type  Primitive         Exponent  Contraction Coefficient

 CL        

      1   S       1         10449.8275660    0.005426595379
      1   S       2          1571.7365221    0.040626378129
      1   S       3           357.1206552    0.183597478529
      1   S       4           100.2518594    0.474389487682
      1   S       5            30.8127276    0.437351811041

      2   S       6            51.9237894   -0.092754154848
      2   S       7             5.7045761    0.563808255442
      2   S       8             2.3508377    0.503670446297

      3   S       9             0.4460512    1.000000000000

      4   S      10             0.1684886    1.000000000000

      5   P      11           307.6679057   -0.008879702559
      5   P      12            72.1020155   -0.064284071721
      5   P      13            22.5326803   -0.242887397360
      5   P      14             7.8991765   -0.483408363699
      5   P      15             2.8767268   -0.389525638755

      6   P      16             0.7745936    1.000000000000

      7   P      17             0.2103770    1.000000000000

      8   D      18             0.6500000    1.000000000000

 O         

      9   S      19          2266.1767785   -0.005389350392
      9   S      20           340.8701019   -0.040234721389
      9   S      21            77.3631352   -0.180081842055
      9   S      22            21.4796449   -0.468288576577
      9   S      23             6.6589433   -0.446926171602

     10   S      24             0.8097598    1.000000000000

     11   S      25             0.2553077    1.000000000000

     12   P      26            17.7215043    0.062630248763
     12   P      27             3.8635505    0.333311384824
     12   P      28             1.0480921    0.741486383081

     13   P      29             0.2764154    1.000000000000

     14   D      30             1.2000000    1.000000000000

 O         

     15   S      31          2266.1767785   -0.005389350392
     15   S      32           340.8701019   -0.040234721389
     15   S      33            77.3631352   -0.180081842055
     15   S      34            21.4796449   -0.468288576577
     15   S      35             6.6589433   -0.446926171602

     16   S      36             0.8097598    1.000000000000

     17   S      37             0.2553077    1.000000000000

     18   P      38            17.7215043    0.062630248763
     18   P      39             3.8635505    0.333311384824
     18   P      40             1.0480921    0.741486383081

     19   P      41             0.2764154    1.000000000000

     20   D      42             1.2000000    1.000000000000

 Total Number of Basis Set Shells             =   20
 Total Number of Primitives                   =   42
 Number of Cartesian Gaussian Basis Functions =   49
 Number of Electrons                          =   33
 Charge of Molecule                           =    0
 Spin Multiplicity                            =    2
 Number of Occupied Orbitals (Alpha)          =   17
 Number of Occupied Orbitals (Beta )          =   16
 Total Number of Atoms                        =    3

 Input Run Options
 -----------------
 IRUNTYP = 1  MULT = 2  ICHARG =  0 IECP = 0  IEMOM = 1  UNITS = ANGS    

 Integral Options
 ----------------
 CUTOFF = 1.0E-09   ISCHWZ = 0   ERITYP = FULL

 Input NOF Options
 -----------------

 Type of calculation =    Coeff. Opt.:   (ICOEF)         1
 Trigonometric functions for Occ. Opt.:  (ISOFTMAX)      0
 Type of Orb. Opt. = Orbital Rotations:  (IORBOPT)       4
 Maximum Number of Occ-Coef Outer Iter.: (MAXIT)      1000

 Natural Orbital Functional Selected:    (IPNOF)         8
 Spin-Multiplet, High-Spin State Option: (HighSpin)      F

 Restart calculation Option:             (RESTART)       F
 Restart Gamma Matrix from GCF file:     (INPUTGAMMA)    0
 Coefficient Matrix from GCF file:       (INPUTC)        0
 Diagonal Elements FMIUG from GCF file:  (INPUTFMIUG)    0
 Cartesian Coordinates from GCF file:    (INPUTCXYZ)     0
 Orthogonalize the initial Orbitals:     (ORTHO)         T

 Output Option:                          (NPRINT)        0
 Output the Coefficient Matrix:          (IWRITEC)       0
 Do a Mulliken Population Analysis:      (IMULPOP)       0
 Write Information into a WFN file:      (IAIMPAC)       1
 Write Information into a FCHK file:     (IFCHK)         1
 Write Information into a MLP file:      (MOLDEN)        1
 Create Ini. Cond. (ini.xyz) file:       (INICOND)       1
 Calculate IPs using Ext. Koopmans Theo: (IEKT)          0
 Write APSG expansion coefficient file:  (APSG)          F
 Output option for Lagrange Multipliers: (PRINTLAG)      F
 Diagonalize matrix of Lag. Multipliers: (DIAGLAG)       F

------------------------------------------------------------------------

 Orbital Space
 -------------

 Inactive Doubly occupied orbitals up to NO1  =    0
 No. considered Strongly Doubly occupied MOs  =   16
 No. considered Strongly Singly occupied MOs  =    1
 No. of Weakly occ. per St. Doubly occ.  MOs  =    2
 Dimension of the Active Nat. Orb. subspace   =   48
 Secondary Empty orbitals                     =    0

 1e- integrals
 -------------
 Time to do integrals =      0.00
 Guess for MOs = HCORE
         0 MOs were matched and         5 equalized to zero

 2e- integrals
 -------------
 DONTW option skips storage 2e- integrals on Unit 1
              332349 2e- integrals in     1 records
 Time to do integrals =      0.04

 ROHF SCF Calculation
 --------------------
 EXTRAP=T  DAMP=T  DIIS=T
 DMat Conv = 1.0E-05  Ener Tol = 1.0E-08
 Ener Conv = 1.0E-10  DMat Tol = 2.0E-05
 DIIS Conv = 1.0E-07  DMat Tol = 2.0E-05

 ITER      TOTAL ENERGY        E CHANGE     DEN. CHANGE    DIIS ERROR
   1     -586.7458769396  -586.7458769396  22.915607775   2.974948355
   2     -582.4950097046     4.2508672351   5.759782134   1.810725653
   3     -602.6322996887   -20.1372899841   0.118045886   0.896418065
   4     -602.7098391526    -0.0775394639   0.938935267   0.894961297
   5     -603.4263910096    -0.7165518570   0.328897260   0.883039596
   6     -603.7640635012    -0.3376724916   4.895289657   0.879016885
   7     -606.5663385553    -2.8022750541   0.440622032   0.749175789
   8     -607.1836611912    -0.6173226359   1.123185222   0.690204974
   9     -607.4540315268    -0.2703703356   1.148923587   0.495884566
  10     -606.3459832169     1.1080483099   0.878372339   0.724185677
  11     -608.6318550399    -2.2858718230   0.164920592   0.192464284
  12     -608.6927077456    -0.0608527057   0.102562931   0.083984044
  13     -608.7204917186    -0.0277839729   0.051994250   0.023419738
  14     -608.7260573560    -0.0055656374   0.021106149   0.017378296
  15     -608.7270001428    -0.0009427868   0.018114330   0.009535563
  16     -608.7275112846    -0.0005111418   0.008445409   0.003028437
  17     -608.7276219532    -0.0001106686   0.002525599   0.001365395
  18     -608.7276440675    -0.0000221143   0.001852759   0.000580401
  19     -608.7276491290    -0.0000050615   0.000446787   0.000106551
  20     -608.7276494150    -0.0000002861   0.000081569   0.000043423
  21     -608.7276494387    -0.0000000236   0.000067648   0.000022619
  22     -608.7276494487    -0.0000000100   0.000039767   0.000008168
  23     -608.7276494505    -0.0000000018   0.000009098   0.000002963

          -----------------
          DENSITY CONVERGED
          -----------------

 FINAL ROHF ENERGY IS     -608.7276494505 AFTER  23 ITERATIONS

          --------------------
          SPIN SZ   =    0.500
          S-SQUARED =    0.750
          --------------------

         WAVEFUNCTION NORMALIZATION =       1.0000000000

                ONE ELECTRON ENERGY =   -1018.1335946287
                TWO ELECTRON ENERGY =     320.0141870571
           NUCLEAR REPULSION ENERGY =      89.3917581212
                                      ------------------
                   RHF TOTAL ENERGY =    -608.7276494505

 ELECTRON-ELECTRON POTENTIAL ENERGY =     320.0141870571
  NUCLEUS-ELECTRON POTENTIAL ENERGY =   -1625.4996879310
   NUCLEUS-NUCLEUS POTENTIAL ENERGY =      89.3917581212
                                      ------------------
             TOTAL POTENTIAL ENERGY =   -1216.0937427527
               TOTAL KINETIC ENERGY =     607.3660933022
                 VIRIAL RATIO (V/T) =       2.0022417388

 Distribution Full ERIs:

 Integrals:                            332349
 Max size per slaves:                   41544
 Max size in master:                   373893

 Input for Coefficients is RHF


  RESULTS OF OCCUPATION-COEFFICIENT OPTIMIZATION
 ================================================

  Ex It  Occ Time  Orb Time  Orb It   Electronic Energy     Total Energy   Energy Convergency    Max Mul-Lag Diff

    1    8.0E-02   3.5E-01      10    -698.5698754854     -609.1781173642    -0.0426946718           0.159154
    2    8.8E-02   3.5E-01      10    -698.6139475541     -609.2221894329    -0.0440720686           0.118469
    3    8.8E-02   3.5E-01      10    -698.6330455025     -609.2412873813    -0.0190979485           0.181970
    4    8.0E-02   3.5E-01      10    -698.6514584911     -609.2597003699    -0.0184129886           0.156286
    5    9.4E-02   3.5E-01      10    -698.6608835608     -609.2691254396    -0.0094250697           0.118106
    6    9.1E-02   3.5E-01      10    -698.6695573296     -609.2777992084    -0.0086737688           0.156557
    7    8.8E-02   3.5E-01      10    -698.6749860422     -609.2832279210    -0.0054287126           0.118169
    8    7.4E-02   3.5E-01      10    -698.6783897072     -609.2866315860    -0.0034036649           0.109487
    9    8.1E-02   3.5E-01      10    -698.6802282234     -609.2884701022    -0.0018385162           0.142245
   10    8.0E-02   3.5E-01      10    -698.6832827571     -609.2915246359    -0.0030545337           0.137537
   11    8.1E-02   3.5E-01      10    -698.6867160984     -609.2949579772    -0.0034333413           0.112368
   12    7.8E-02   3.5E-01      10    -698.6875124388     -609.2957543176    -0.0007963404           0.127549
   13    7.8E-02   3.5E-01      10    -698.6885078730     -609.2967497518    -0.0009954342           0.142211
   14    7.6E-02   3.5E-01      10    -698.6892847387     -609.2975266175    -0.0007768657           0.124932
   15    7.4E-02   3.5E-01      10    -698.6898674361     -609.2981093149    -0.0005826974           0.088738
   16    8.2E-02   3.5E-01      10    -698.6891544435     -609.2973963223     0.0007129926           0.119564
   17    7.1E-02   6.5E-01      20    -698.6963760259     -609.3046179047    -0.0072215824           0.004746
   18    7.7E-02   6.5E-01      20    -698.6964470419     -609.3046889207    -0.0000710160           0.002598
   19    6.9E-02   6.5E-01      20    -698.6964961651     -609.3047380439    -0.0000491232           0.002027
   20    6.4E-02   6.4E-01      20    -698.6965389408     -609.3047808197    -0.0000427757           0.002228
   21    7.2E-02   6.4E-01      20    -698.6965787789     -609.3048206577    -0.0000398381           0.002160
   22    7.6E-02   6.4E-01      20    -698.6966164271     -609.3048583059    -0.0000376481           0.002042
   23    6.7E-02   6.5E-01      20    -698.6966535316     -609.3048954104    -0.0000371045           0.002267
   24    7.3E-02   6.5E-01      20    -698.6966882347     -609.3049301135    -0.0000347031           0.001954
   25    7.7E-02   6.5E-01      20    -698.6967204040     -609.3049622828    -0.0000321694           0.002239
   26    7.2E-02   6.5E-01      20    -698.6967490619     -609.3049909407    -0.0000286579           0.002176
   27    7.2E-02   6.5E-01      20    -698.6967750191     -609.3050168979    -0.0000259572           0.002058
   28    7.1E-02   6.7E-01      20    -698.6967983328     -609.3050402116    -0.0000233136           0.002338
   29    7.6E-02   6.8E-01      20    -698.6968198590     -609.3050617378    -0.0000215262           0.002146
   30    7.1E-02   6.8E-01      20    -698.6968420660     -609.3050839448    -0.0000222070           0.002176
   31    7.1E-02   6.8E-01      20    -698.6968657591     -609.3051076380    -0.0000236932           0.002034
   32    7.5E-02   6.8E-01      20    -698.6968932737     -609.3051351525    -0.0000275146           0.002397
   33    7.1E-02   6.8E-01      20    -698.6969236868     -609.3051655657    -0.0000304131           0.002390
   34    7.0E-02   6.8E-01      20    -698.6969560044     -609.3051978832    -0.0000323176           0.002211
   35    7.0E-02   6.7E-01      20    -698.6969868864     -609.3052287652    -0.0000308820           0.001985
   36    8.0E-02   6.8E-01      20    -698.6970190627     -609.3052609415    -0.0000321763           0.002318
   37    7.8E-02   9.8E-01      30    -698.6970720930     -609.3053139718    -0.0000530302           0.000925
   38    1.1E-01   9.8E-01      30    -698.6971279862     -609.3053698650    -0.0000558932           0.000875
   39    1.1E-01   9.8E-01      30    -698.6971859328     -609.3054278117    -0.0000579466           0.000863
   40    7.3E-02   9.8E-01      30    -698.6972364021     -609.3054782809    -0.0000504693           0.000867
   41    6.7E-02   9.9E-01      30    -698.6972737170     -609.3055155959    -0.0000373149           0.000897
   42    6.7E-02   1.3E+00      40    -698.6973037432     -609.3055456220    -0.0000300261           0.000175
   43    6.6E-02   1.6E+00      50    -698.6973247052     -609.3055665841    -0.0000209621           0.000037
   44    6.9E-02   1.9E+00      60    -698.6973417065     -609.3055835854    -0.0000170013           0.000028
   45    7.3E-02   2.2E+00      70    -698.6973568909     -609.3055987697    -0.0000151843           0.000019
   46    6.6E-02   2.5E+00      80    -698.6973674274     -609.3056093062    -0.0000105365           0.000011
   47    6.9E-02   2.8E+00      90    -698.6973724308     -609.3056143096    -0.0000050034           0.000004
   48    7.5E-02   3.1E+00     100    -698.6973743220     -609.3056162008    -0.0000018912           0.000002
   49    6.9E-02   3.4E+00     110    -698.6973755973     -609.3056174761    -0.0000012753           0.000001
   50    6.5E-02   3.7E+00     120    -698.6973770047     -609.3056188835    -0.0000014074           0.000000
   51    6.6E-02   4.0E+00     130    -698.6973784267     -609.3056203055    -0.0000014220           0.000000
   52    7.4E-02   4.4E+00     140    -698.6973793551     -609.3056212339    -0.0000009284           0.000000
   53    6.9E-02   4.7E+00     150    -698.6973798430     -609.3056217218    -0.0000004879           0.000000
   54    5.8E-02   5.0E+00     160    -698.6973800550     -609.3056219338    -0.0000002120           0.000000
   55    6.0E-02   5.3E+00     170    -698.6973802374     -609.3056221163    -0.0000001824           0.000000
   56    5.6E-02   2.9E-02     170    -698.6973803012     -609.3056221801    -0.0000000638           0.000017


  RESULTS OF THE OCCUPATION OPTIMIZATION
 ========================================

   OM     Occupation      Elag Diag

    1      1.9999995   -104.8716898
    2      1.9999525    -20.7895906
    3      1.9999379    -20.7880163
    4      1.9997549    -10.6031093
    5      1.9995661     -8.0750327
    6      1.9995156     -8.0750558
    7      1.9994650     -8.0794273
    8      1.9886558     -1.3811831
    9      1.9884345     -1.3546735
   10      1.9847006     -1.0783014
   11      1.9834879     -0.7482896
   12      1.9807772     -0.7633975
   13      1.9763558     -0.4999841
   14      1.9762001     -0.5020862
   15      1.9655309     -0.9006458
   16      1.9563675     -0.5390131
   17      1.0000000     -0.3167036
   18      0.0415345     -0.0718100
   19      0.0317240     -0.0581880
   20      0.0126142     -0.0160728
   21      0.0129671     -0.0160218
   22      0.0131444     -0.0171436
   23      0.0100541     -0.0145561
   24      0.0087902     -0.0208326
   25      0.0075636     -0.0191829
   26      0.0078603     -0.0202529
   27      0.0002956     -0.0029593
   28      0.0002862     -0.0028666
   29      0.0002315     -0.0023627
   30      0.0001125     -0.0014101
   31      0.0000382     -0.0007599
   32      0.0000163     -0.0003162
   33      0.0000001     -0.0000132
   34      0.0020980     -0.0048367
   35      0.0027451     -0.0072144
   36      0.0111857     -0.0151261
   37      0.0106771     -0.0138522
   38      0.0060783     -0.0109356
   39      0.0064581     -0.0114631
   40      0.0065091     -0.0109487
   41      0.0040019     -0.0091401
   42      0.0034838     -0.0083581
   43      0.0002393     -0.0024454
   44      0.0001982     -0.0019913
   45      0.0002024     -0.0020286
   46      0.0001325     -0.0016732
   47      0.0000239     -0.0004847
   48      0.0000312     -0.0006334
   49      0.0000004     -0.0000403

   RO Sum (  33) =   33.00

  ---------------
   Dipole Moment
  ---------------

      0.6140 Debye [   0.2416  (   0.1541,   0.1861,  -0.0011) ]

 ----------------
  Final Energies  
 ----------------

  Final NOF Total Energy =     -609.3056221801 ( 2.E-05 , 0.E+00 )


  **************************************************
  *                                                *
  *       SINGLE-POINT DoNOF CALCULATION           *
  *                                                *
  *             FULL OPTIMIZATION                  *
  *                                                *
  *  FINAL RESULTS   FINAL RESULTS  FINAL RESULTS  *
  *                                                *
  **************************************************

  **************************************************
  *         No. EXTERNAL ITER =    56              *
  *         No. of TOTAL ITER =  2350              *
  **************************************************

  Elapsed real time :     74.12  (Seconds)

 The execution finished at 15h 19min on the  1/30/2025
