 This is the parallel version of the code
 This is the parallel version of the code
 This is the parallel version of the code
 This is the parallel version of the code
 This is the parallel version of the code
 This is the parallel version of the code
 This is the parallel version of the code
 This is the parallel version of the code
Master:    0

 The execution started at 15h 18min on the  1/30/2025

    ===========================================================
    !                                                         !
    !                        Do N O F                         !
    !                                                         !
    !  (Donostia Natural Orbital Functional Software Program) !
    !                                                         !
    !               COPYRIGHT by Mario Piris                  !
    !                                                         !
    !      Donostia International Physics Center (DIPC)       !
    !       University of the Basque Country (UPV/EHU)        !
    !       Basque Foundation for Science (IKERBASQUE)        !
    !                                                         !
    !          GNU General Public License version 3           !
    !                                                         !
    !                  VERSION: Mayo 2024                     !
    !                                                         !
    ===========================================================

 Run Title
 ---------
 p30-5 set                                                                       

 Basis Set
 ---------
 /beegfs_agamede/gscratch/povmieci/SCRATCH/94203/def2-svp.bas                    

 Atom      Charge                Coordinates (Bohr)
                           x             y             z
 S          16.0        0.0000        0.0000        0.0000
 O           8.0        0.0000        2.6887        0.0000
 O           8.0        2.3285       -1.3443        0.0000
 O           8.0       -2.3285       -1.3443        0.0000

 Atomic Basis Set
 ----------------
 The contracted primitive functions were unnormalized
 The contracted basis functions are now normalized to unity

  Shell Type  Primitive         Exponent  Contraction Coefficient

 S         

      1   S       1          9184.9303010   -0.005472946613
      1   S       2          1381.5105503   -0.040954402155
      1   S       3           313.8714758   -0.184758289562
      1   S       4            88.0538706   -0.475672806440
      1   S       5            27.0399149   -0.434951535842

      2   S       6            45.6487313   -0.091904045809
      2   S       7             4.9664522    0.556987772145
      2   S       8             2.0116242    0.511154682985

      3   S       9             0.3566108    1.000000000000

      4   S      10             0.1350722    1.000000000000

      5   P      11           261.9823344   -0.009183054659
      5   P      12            61.3068947   -0.065902226526
      5   P      13            19.1037299   -0.245877845187
      5   P      14             6.6567720   -0.482314710760
      5   P      15             2.3959635   -0.389563143514

      6   P      16             0.6177616    1.000000000000

      7   P      17             0.1699338    1.000000000000

      8   D      18             0.5500000    1.000000000000

 O         

      9   S      19          2266.1767785   -0.005389350392
      9   S      20           340.8701019   -0.040234721389
      9   S      21            77.3631352   -0.180081842055
      9   S      22            21.4796449   -0.468288576577
      9   S      23             6.6589433   -0.446926171602

     10   S      24             0.8097598    1.000000000000

     11   S      25             0.2553077    1.000000000000

     12   P      26            17.7215043    0.062630248763
     12   P      27             3.8635505    0.333311384824
     12   P      28             1.0480921    0.741486383081

     13   P      29             0.2764154    1.000000000000

     14   D      30             1.2000000    1.000000000000

 O         

     15   S      31          2266.1767785   -0.005389350392
     15   S      32           340.8701019   -0.040234721389
     15   S      33            77.3631352   -0.180081842055
     15   S      34            21.4796449   -0.468288576577
     15   S      35             6.6589433   -0.446926171602

     16   S      36             0.8097598    1.000000000000

     17   S      37             0.2553077    1.000000000000

     18   P      38            17.7215043    0.062630248763
     18   P      39             3.8635505    0.333311384824
     18   P      40             1.0480921    0.741486383081

     19   P      41             0.2764154    1.000000000000

     20   D      42             1.2000000    1.000000000000

 O         

     21   S      43          2266.1767785   -0.005389350392
     21   S      44           340.8701019   -0.040234721389
     21   S      45            77.3631352   -0.180081842055
     21   S      46            21.4796449   -0.468288576577
     21   S      47             6.6589433   -0.446926171602

     22   S      48             0.8097598    1.000000000000

     23   S      49             0.2553077    1.000000000000

     24   P      50            17.7215043    0.062630248763
     24   P      51             3.8635505    0.333311384824
     24   P      52             1.0480921    0.741486383081

     25   P      53             0.2764154    1.000000000000

     26   D      54             1.2000000    1.000000000000

 Total Number of Basis Set Shells             =   26
 Total Number of Primitives                   =   54
 Number of Cartesian Gaussian Basis Functions =   64
 Number of Electrons                          =   40
 Charge of Molecule                           =    0
 Spin Multiplicity                            =    1
 Number of Occupied Orbitals (Alpha)          =   20
 Number of Occupied Orbitals (Beta )          =   20
 Total Number of Atoms                        =    4

 Input Run Options
 -----------------
 IRUNTYP = 1  MULT = 1  ICHARG =  0 IECP = 0  IEMOM = 1  UNITS = ANGS    

 Integral Options
 ----------------
 CUTOFF = 1.0E-09   ISCHWZ = 0   ERITYP = FULL

 Input NOF Options
 -----------------

 Type of calculation =    Coeff. Opt.:   (ICOEF)         1
 Trigonometric functions for Occ. Opt.:  (ISOFTMAX)      0
 Type of Orb. Opt. = Orbital Rotations:  (IORBOPT)       4
 Maximum Number of Occ-Coef Outer Iter.: (MAXIT)      1000

 Natural Orbital Functional Selected:    (IPNOF)         8

 Restart calculation Option:             (RESTART)       F
 Restart Gamma Matrix from GCF file:     (INPUTGAMMA)    0
 Coefficient Matrix from GCF file:       (INPUTC)        0
 Diagonal Elements FMIUG from GCF file:  (INPUTFMIUG)    0
 Cartesian Coordinates from GCF file:    (INPUTCXYZ)     0
 Orthogonalize the initial Orbitals:     (ORTHO)         T

 Output Option:                          (NPRINT)        0
 Output the Coefficient Matrix:          (IWRITEC)       0
 Do a Mulliken Population Analysis:      (IMULPOP)       0
 Write Information into a WFN file:      (IAIMPAC)       1
 Write Information into a FCHK file:     (IFCHK)         1
 Write Information into a MLP file:      (MOLDEN)        1
 Create Ini. Cond. (ini.xyz) file:       (INICOND)       1
 Calculate IPs using Ext. Koopmans Theo: (IEKT)          0
 Write APSG expansion coefficient file:  (APSG)          F
 Output option for Lagrange Multipliers: (PRINTLAG)      F
 Diagonalize matrix of Lag. Multipliers: (DIAGLAG)       F

------------------------------------------------------------------------

 Orbital Space
 -------------

 Inactive Doubly occupied orbitals up to NO1  =    0
 No. considered Strongly Doubly occupied MOs  =   20
 No. considered Strongly Singly occupied MOs  =    0
 No. of Weakly occ. per St. Doubly occ.  MOs  =    2
 Dimension of the Active Nat. Orb. subspace   =   60
 Secondary Empty orbitals                     =    4

 1e- integrals
 -------------
 Time to do integrals =      0.00
 Guess for MOs = HCORE
       602 MOs were matched and       119 equalized to zero

 2e- integrals
 -------------
 DONTW option skips storage 2e- integrals on Unit 1
              959606 2e- integrals in     1 records
 Time to do integrals =      0.18

 RHF SCF Calculation
 -------------------
 EXTRAP=T  DAMP=T  DIIS=T
 DMat Conv = 1.0E-05  Ener Tol = 1.0E-08
 Ener Conv = 1.0E-10  DMat Tol = 2.0E-05
 DIIS Conv = 1.0E-07  DMat Tol = 2.0E-05

 ITER      TOTAL ENERGY        E CHANGE     DEN. CHANGE    DIIS ERROR
   1     -588.9606662147  -588.9606662147  27.973749694   2.107158234
   2     -613.8438193289   -24.8831531141   0.646932855   1.337111208
   3     -620.0100441401    -6.1662248113   1.831967679   0.611308942
   4     -621.0785254800    -1.0684813399   1.329914888   0.421811270
   5     -621.4006103773    -0.3220848974   0.369316230   0.263353593
   6     -621.6797166017    -0.2791062243   0.022603417   0.019839093
   7     -621.6819137994    -0.0021971978   0.005523703   0.005975356
   8     -621.6821633965    -0.0002495971   0.001523399   0.001311682
   9     -621.6821763378    -0.0000129413   0.000423112   0.000289864
  10     -621.6821771389    -0.0000008010   0.000094969   0.000067093
  11     -621.6821771664    -0.0000000276   0.000011371   0.000007366
  12     -621.6821771669    -0.0000000005   0.000002139   0.000001663

          -----------------
          DENSITY CONVERGED
          -----------------

 FINAL RHF ENERGY IS     -621.6821771669 AFTER  12 ITERATIONS

         WAVEFUNCTION NORMALIZATION =       1.0000000000

                ONE ELECTRON ENERGY =   -1221.6767936253
                TWO ELECTRON ENERGY =     415.9449293267
           NUCLEAR REPULSION ENERGY =     184.0496871317
                                      ------------------
                   RHF TOTAL ENERGY =    -621.6821771669

 ELECTRON-ELECTRON POTENTIAL ENERGY =     415.9449293267
  NUCLEUS-ELECTRON POTENTIAL ENERGY =   -1841.5859808137
   NUCLEUS-NUCLEUS POTENTIAL ENERGY =     184.0496871317
                                      ------------------
             TOTAL POTENTIAL ENERGY =   -1241.5913643553
               TOTAL KINETIC ENERGY =     619.9091871884
                 VIRIAL RATIO (V/T) =       2.0028600802

 Distribution Full ERIs:

 Integrals:                            959606
 Max size per slaves:                  119952
 Max size in master:                  1079558

 Input for Coefficients is RHF


  RESULTS OF OCCUPATION-COEFFICIENT OPTIMIZATION
 ================================================

  Ex It  Occ Time  Orb Time  Orb It   Electronic Energy     Total Energy   Energy Convergency    Max Mul-Lag Diff

    1    3.0E-01   1.7E+00      10    -806.3109107796     -622.2612236479    -0.0749232422           0.149101
    2    3.4E-01   1.7E+00      10    -806.3866360460     -622.3369489143    -0.0757252664           0.123415
    3    3.2E-01   1.7E+00      10    -806.4240465531     -622.3743594214    -0.0374105071           0.186049
    4    3.0E-01   1.6E+00      10    -806.4464593807     -622.3967722490    -0.0224128276           0.131397
    5    3.3E-01   1.7E+00      10    -806.4571226753     -622.4074355436    -0.0106632946           0.146868
    6    3.1E-01   1.6E+00      10    -806.4658311768     -622.4161440451    -0.0087085014           0.081350
    7    3.2E-01   1.7E+00      10    -806.4696726578     -622.4199855261    -0.0038414810           0.094831
    8    3.2E-01   1.6E+00      10    -806.4743512574     -622.4246641257    -0.0046785997           0.111379
    9    3.1E-01   1.7E+00      10    -806.4765750496     -622.4268879179    -0.0022237922           0.121706
   10    3.0E-01   1.7E+00      10    -806.4791289108     -622.4294417791    -0.0025538612           0.100811
   11    3.3E-01   1.7E+00      10    -806.4808759926     -622.4311888609    -0.0017470819           0.138210
   12    2.9E-01   1.7E+00      10    -806.4821255139     -622.4324383822    -0.0012495212           0.119482
   13    2.9E-01   1.7E+00      10    -806.4835558783     -622.4338687466    -0.0014303644           0.094579
   14    3.3E-01   1.7E+00      10    -806.4846091800     -622.4349220483    -0.0010533018           0.103048
   15    3.1E-01   1.7E+00      10    -806.4838704510     -622.4341833193     0.0007387290           0.131992
   16    2.7E-01   3.1E+00      20    -806.4940969672     -622.4444098355    -0.0102265162           0.004283
   17    2.7E-01   3.0E+00      20    -806.4943113819     -622.4446242502    -0.0002144147           0.002139
   18    2.7E-01   3.0E+00      20    -806.4944876413     -622.4448005096    -0.0001762595           0.001758
   19    2.8E-01   3.0E+00      20    -806.4946490375     -622.4449619058    -0.0001613962           0.002051
   20    2.9E-01   3.0E+00      20    -806.4947954256     -622.4451082939    -0.0001463880           0.002008
   21    2.8E-01   3.0E+00      20    -806.4949216163     -622.4452344846    -0.0001261907           0.002072
   22    2.8E-01   3.0E+00      20    -806.4950268213     -622.4453396896    -0.0001052050           0.002020
   23    2.6E-01   3.1E+00      20    -806.4951120604     -622.4454249287    -0.0000852392           0.001886
   24    2.5E-01   3.0E+00      20    -806.4951755656     -622.4454884339    -0.0000635052           0.001892
   25    2.8E-01   3.0E+00      20    -806.4952259224     -622.4455387907    -0.0000503569           0.002272
   26    2.4E-01   3.1E+00      20    -806.4952684238     -622.4455812921    -0.0000425014           0.001915
   27    2.5E-01   3.0E+00      20    -806.4953049663     -622.4456178346    -0.0000365425           0.002006
   28    2.6E-01   3.0E+00      20    -806.4953360372     -622.4456489055    -0.0000310709           0.002131
   29    2.4E-01   4.3E+00      30    -806.4953789917     -622.4456918600    -0.0000429545           0.000794
   30    2.3E-01   5.4E+00      40    -806.4954222315     -622.4457350998    -0.0000432397           0.000157
   31    2.5E-01   6.0E+00      40    -806.4954569548     -622.4457698231    -0.0000347233           0.000155
   32    2.8E-01   5.9E+00      40    -806.4954849971     -622.4457978654    -0.0000280423           0.000155
   33    2.3E-01   7.3E+00      50    -806.4955098309     -622.4458226992    -0.0000248338           0.000051
   34    2.7E-01   8.8E+00      60    -806.4955263517     -622.4458392200    -0.0000165207           0.000027
   35    2.5E-01   1.0E+01      70    -806.4955322490     -622.4458451173    -0.0000058973           0.000005
   36    2.3E-01   1.2E+01      80    -806.4955328295     -622.4458456978    -0.0000005805           0.000000
   37    2.4E-01   1.5E-01      80    -806.4955329026     -622.4458457709    -0.0000000731           0.000005


  RESULTS OF THE OCCUPATION OPTIMIZATION
 ========================================

   OM     Occupation      Elag Diag

    1      1.9999983    -92.2724057
    2      1.9999386    -20.6756302
    3      1.9999343    -20.6764714
    4      1.9999327    -20.6743180
    5      1.9996829     -9.2563752
    6      1.9993571     -6.9467754
    7      1.9992397     -6.9462356
    8      1.9991999     -6.9460978
    9      1.9908580     -1.4439123
   10      1.9899874     -1.3878718
   11      1.9899783     -1.3977171
   12      1.9841925     -0.7645675
   13      1.9793429     -0.6562723
   14      1.9786199     -0.7117029
   15      1.9778649     -0.7882570
   16      1.9769084     -0.6610266
   17      1.9698298     -0.7412446
   18      1.9688433     -0.7227262
   19      1.9673184     -0.7415696
   20      1.9661834     -0.7234902
   21      0.0310024     -0.0526042
   22      0.0299346     -0.0516211
   23      0.0283656     -0.0486301
   24      0.0275984     -0.0488004
   25      0.0178462     -0.0253527
   26      0.0181440     -0.0289686
   27      0.0163517     -0.0250593
   28      0.0155128     -0.0229325
   29      0.0097837     -0.0190763
   30      0.0072065     -0.0204024
   31      0.0072014     -0.0202214
   32      0.0059123     -0.0155471
   33      0.0004080     -0.0036439
   34      0.0004007     -0.0035754
   35      0.0003971     -0.0035571
   36      0.0001655     -0.0017558
   37      0.0000342     -0.0007072
   38      0.0000321     -0.0006419
   39      0.0000349     -0.0007223
   40      0.0000005     -0.0000439
   41      0.0028142     -0.0065035
   42      0.0027470     -0.0065306
   43      0.0027911     -0.0067066
   44      0.0025717     -0.0066864
   45      0.0052453     -0.0088784
   46      0.0039911     -0.0078974
   47      0.0050284     -0.0089563
   48      0.0051443     -0.0091615
   49      0.0060238     -0.0110144
   50      0.0028152     -0.0074694
   51      0.0028112     -0.0074019
   52      0.0032297     -0.0089822
   53      0.0003921     -0.0034973
   54      0.0003595     -0.0031382
   55      0.0002458     -0.0021507
   56      0.0001516     -0.0015636
   57      0.0000331     -0.0006670
   58      0.0000337     -0.0006950
   59      0.0000265     -0.0005348
   60      0.0000012     -0.0001131

   RO Sum (  40) =   40.00

  ---------------
   Dipole Moment
  ---------------

      0.1331 Debye [   0.0524  (  -0.0314,  -0.0419,   0.0013) ]

 ----------------
  Final Energies  
 ----------------

  Final NOF Total Energy =     -622.4458457709 ( 5.E-06 , 0.E+00 )


  **************************************************
  *                                                *
  *       SINGLE-POINT DoNOF CALCULATION           *
  *                                                *
  *             FULL OPTIMIZATION                  *
  *                                                *
  *  FINAL RESULTS   FINAL RESULTS  FINAL RESULTS  *
  *                                                *
  **************************************************

  **************************************************
  *         No. EXTERNAL ITER =    37              *
  *         No. of TOTAL ITER =   900              *
  **************************************************

  Elapsed real time :    135.08  (Seconds)

 The execution finished at 15h 20min on the  1/30/2025
