 This is the parallel version of the code
 This is the parallel version of the code
 This is the parallel version of the code
 This is the parallel version of the code
 This is the parallel version of the code
 This is the parallel version of the code
 This is the parallel version of the code
 This is the parallel version of the code
Master:    0

 The execution started at 15h 18min on the  1/30/2025

    ===========================================================
    !                                                         !
    !                        Do N O F                         !
    !                                                         !
    !  (Donostia Natural Orbital Functional Software Program) !
    !                                                         !
    !               COPYRIGHT by Mario Piris                  !
    !                                                         !
    !      Donostia International Physics Center (DIPC)       !
    !       University of the Basque Country (UPV/EHU)        !
    !       Basque Foundation for Science (IKERBASQUE)        !
    !                                                         !
    !          GNU General Public License version 3           !
    !                                                         !
    !                  VERSION: Mayo 2024                     !
    !                                                         !
    ===========================================================

 Run Title
 ---------
 p30-5 set                                                                       

 Basis Set
 ---------
 /beegfs_agamede/gscratch/povmieci/SCRATCH/94205/def2-svp.bas                    

 Atom      Charge                Coordinates (Bohr)
                           x             y             z
 S          16.0        0.0000        2.9335        1.7423
 S          16.0        0.0000        2.0192       -1.7423
 S          16.0        0.0000       -2.0192       -1.7423
 S          16.0        0.0000       -2.9335        1.7423

 Atomic Basis Set
 ----------------
 The contracted primitive functions were unnormalized
 The contracted basis functions are now normalized to unity

  Shell Type  Primitive         Exponent  Contraction Coefficient

 S         

      1   S       1          9184.9303010   -0.005472946613
      1   S       2          1381.5105503   -0.040954402155
      1   S       3           313.8714758   -0.184758289562
      1   S       4            88.0538706   -0.475672806440
      1   S       5            27.0399149   -0.434951535842

      2   S       6            45.6487313   -0.091904045809
      2   S       7             4.9664522    0.556987772145
      2   S       8             2.0116242    0.511154682985

      3   S       9             0.3566108    1.000000000000

      4   S      10             0.1350722    1.000000000000

      5   P      11           261.9823344   -0.009183054659
      5   P      12            61.3068947   -0.065902226526
      5   P      13            19.1037299   -0.245877845187
      5   P      14             6.6567720   -0.482314710760
      5   P      15             2.3959635   -0.389563143514

      6   P      16             0.6177616    1.000000000000

      7   P      17             0.1699338    1.000000000000

      8   D      18             0.5500000    1.000000000000

 S         

      9   S      19          9184.9303010   -0.005472946613
      9   S      20          1381.5105503   -0.040954402155
      9   S      21           313.8714758   -0.184758289562
      9   S      22            88.0538706   -0.475672806440
      9   S      23            27.0399149   -0.434951535842

     10   S      24            45.6487313   -0.091904045809
     10   S      25             4.9664522    0.556987772145
     10   S      26             2.0116242    0.511154682985

     11   S      27             0.3566108    1.000000000000

     12   S      28             0.1350722    1.000000000000

     13   P      29           261.9823344   -0.009183054659
     13   P      30            61.3068947   -0.065902226526
     13   P      31            19.1037299   -0.245877845187
     13   P      32             6.6567720   -0.482314710760
     13   P      33             2.3959635   -0.389563143514

     14   P      34             0.6177616    1.000000000000

     15   P      35             0.1699338    1.000000000000

     16   D      36             0.5500000    1.000000000000

 S         

     17   S      37          9184.9303010   -0.005472946613
     17   S      38          1381.5105503   -0.040954402155
     17   S      39           313.8714758   -0.184758289562
     17   S      40            88.0538706   -0.475672806440
     17   S      41            27.0399149   -0.434951535842

     18   S      42            45.6487313   -0.091904045809
     18   S      43             4.9664522    0.556987772145
     18   S      44             2.0116242    0.511154682985

     19   S      45             0.3566108    1.000000000000

     20   S      46             0.1350722    1.000000000000

     21   P      47           261.9823344   -0.009183054659
     21   P      48            61.3068947   -0.065902226526
     21   P      49            19.1037299   -0.245877845187
     21   P      50             6.6567720   -0.482314710760
     21   P      51             2.3959635   -0.389563143514

     22   P      52             0.6177616    1.000000000000

     23   P      53             0.1699338    1.000000000000

     24   D      54             0.5500000    1.000000000000

 S         

     25   S      55          9184.9303010   -0.005472946613
     25   S      56          1381.5105503   -0.040954402155
     25   S      57           313.8714758   -0.184758289562
     25   S      58            88.0538706   -0.475672806440
     25   S      59            27.0399149   -0.434951535842

     26   S      60            45.6487313   -0.091904045809
     26   S      61             4.9664522    0.556987772145
     26   S      62             2.0116242    0.511154682985

     27   S      63             0.3566108    1.000000000000

     28   S      64             0.1350722    1.000000000000

     29   P      65           261.9823344   -0.009183054659
     29   P      66            61.3068947   -0.065902226526
     29   P      67            19.1037299   -0.245877845187
     29   P      68             6.6567720   -0.482314710760
     29   P      69             2.3959635   -0.389563143514

     30   P      70             0.6177616    1.000000000000

     31   P      71             0.1699338    1.000000000000

     32   D      72             0.5500000    1.000000000000

 Total Number of Basis Set Shells             =   32
 Total Number of Primitives                   =   72
 Number of Cartesian Gaussian Basis Functions =   76
 Number of Electrons                          =   64
 Charge of Molecule                           =    0
 Spin Multiplicity                            =    1
 Number of Occupied Orbitals (Alpha)          =   32
 Number of Occupied Orbitals (Beta )          =   32
 Total Number of Atoms                        =    4

 Input Run Options
 -----------------
 IRUNTYP = 1  MULT = 1  ICHARG =  0 IECP = 0  IEMOM = 1  UNITS = ANGS    

 Integral Options
 ----------------
 CUTOFF = 1.0E-09   ISCHWZ = 0   ERITYP = FULL

 Input NOF Options
 -----------------

 Type of calculation =    Coeff. Opt.:   (ICOEF)         1
 Trigonometric functions for Occ. Opt.:  (ISOFTMAX)      0
 Type of Orb. Opt. = Orbital Rotations:  (IORBOPT)       4
 Maximum Number of Occ-Coef Outer Iter.: (MAXIT)      1000

 Natural Orbital Functional Selected:    (IPNOF)         8

 Restart calculation Option:             (RESTART)       F
 Restart Gamma Matrix from GCF file:     (INPUTGAMMA)    0
 Coefficient Matrix from GCF file:       (INPUTC)        0
 Diagonal Elements FMIUG from GCF file:  (INPUTFMIUG)    0
 Cartesian Coordinates from GCF file:    (INPUTCXYZ)     0
 Orthogonalize the initial Orbitals:     (ORTHO)         T

 Output Option:                          (NPRINT)        0
 Output the Coefficient Matrix:          (IWRITEC)       0
 Do a Mulliken Population Analysis:      (IMULPOP)       0
 Write Information into a WFN file:      (IAIMPAC)       1
 Write Information into a FCHK file:     (IFCHK)         1
 Write Information into a MLP file:      (MOLDEN)        1
 Create Ini. Cond. (ini.xyz) file:       (INICOND)       1
 Calculate IPs using Ext. Koopmans Theo: (IEKT)          0
 Write APSG expansion coefficient file:  (APSG)          F
 Output option for Lagrange Multipliers: (PRINTLAG)      F
 Diagonalize matrix of Lag. Multipliers: (DIAGLAG)       F

------------------------------------------------------------------------

 Orbital Space
 -------------

 Inactive Doubly occupied orbitals up to NO1  =    0
 No. considered Strongly Doubly occupied MOs  =   32
 No. considered Strongly Singly occupied MOs  =    0
 No. of Weakly occ. per St. Doubly occ.  MOs  =    1
 Dimension of the Active Nat. Orb. subspace   =   64
 Secondary Empty orbitals                     =   12

 1e- integrals
 -------------
 Time to do integrals =      0.00
 Guess for MOs = HCORE
      1768 MOs were matched and         0 equalized to zero

 2e- integrals
 -------------
 DONTW option skips storage 2e- integrals on Unit 1
             1582680 2e- integrals in     1 records
 Time to do integrals =      0.25

 RHF SCF Calculation
 -------------------
 EXTRAP=T  DAMP=T  DIIS=T
 DMat Conv = 1.0E-05  Ener Tol = 1.0E-08
 Ener Conv = 1.0E-10  DMat Tol = 2.0E-05
 DIIS Conv = 1.0E-07  DMat Tol = 2.0E-05

 ITER      TOTAL ENERGY        E CHANGE     DEN. CHANGE    DIIS ERROR
   1    -1555.9592190514 -1555.9592190514  28.758623424   2.777068999
   2    -1571.3228571651   -15.3636381138  10.218790603   0.821152353
   3    -1587.4667996260   -16.1439424608   1.123780500   0.447351611
   4    -1586.8586740388     0.6081255872   0.623078410   0.627356766
   5    -1589.4696183221    -2.6109442833   0.133108461   0.084811415
   6    -1589.5331947479    -0.0635764257   0.038759969   0.026105285
   7    -1589.5407604901    -0.0075657422   0.016124484   0.007112199
   8    -1589.5418883004    -0.0011278103   0.012222635   0.004054947
   9    -1589.5422247631    -0.0003364627   0.006002601   0.001604783
  10    -1589.5422941790    -0.0000694160   0.001645638   0.000771593
  11    -1589.5423016054    -0.0000074264   0.000670897   0.000211616
  12    -1589.5423027303    -0.0000011249   0.000314700   0.000136184
  13    -1589.5423029360    -0.0000002057   0.000054129   0.000037127
  14    -1589.5423029454    -0.0000000094   0.000008549   0.000004722

          -----------------
          DENSITY CONVERGED
          -----------------

 FINAL RHF ENERGY IS    -1589.5423029454 AFTER  14 ITERATIONS

         WAVEFUNCTION NORMALIZATION =       1.0000000000

                ONE ELECTRON ENERGY =   -2861.8731292601
                TWO ELECTRON ENERGY =     938.6311952770
           NUCLEAR REPULSION ENERGY =     333.6996310377
                                      ------------------
                   RHF TOTAL ENERGY =   -1589.5423029454

 ELECTRON-ELECTRON POTENTIAL ENERGY =     938.6311952770
  NUCLEUS-ELECTRON POTENTIAL ENERGY =   -4449.5247480705
   NUCLEUS-NUCLEUS POTENTIAL ENERGY =     333.6996310377
                                      ------------------
             TOTAL POTENTIAL ENERGY =   -3177.1939217559
               TOTAL KINETIC ENERGY =    1587.6516188105
                 VIRIAL RATIO (V/T) =       2.0011908684

 Distribution Full ERIs:

 Integrals:                           1582680
 Max size per slaves:                  197836
 Max size in master:                  1780516

 Input for Coefficients is RHF


  RESULTS OF OCCUPATION-COEFFICIENT OPTIMIZATION
 ================================================

  Ex It  Occ Time  Orb Time  Orb It   Electronic Energy     Total Energy   Energy Convergency    Max Mul-Lag Diff

    1    5.9E-01   2.9E+00      10   -1923.7173803602    -1590.0177493225    -0.0514057520           0.159907
    2    4.3E-01   2.9E+00      10   -1923.7814876851    -1590.0818566474    -0.0641073249           0.122651
    3    3.9E-01   2.9E+00      10   -1923.8031483852    -1590.1035173475    -0.0216607001           0.142673
    4    3.7E-01   2.9E+00      10   -1923.8209692771    -1590.1213382395    -0.0178208920           0.131009
    5    3.2E-01   2.9E+00      10   -1923.8252779144    -1590.1256468767    -0.0043086373           0.111265
    6    3.5E-01   2.9E+00      10   -1923.8321850528    -1590.1325540151    -0.0069071384           0.116741
    7    3.8E-01   3.0E+00      10   -1923.8333218385    -1590.1336908008    -0.0011367857           0.137007
    8    3.6E-01   3.1E+00      10   -1923.8386457876    -1590.1390147500    -0.0053239491           0.112998
    9    3.8E-01   3.1E+00      10   -1923.8400813374    -1590.1404502998    -0.0014355498           0.133102
   10    3.8E-01   3.1E+00      10   -1923.8417908768    -1590.1421598391    -0.0017095393           0.127579
   11    3.7E-01   3.1E+00      10   -1923.8441845434    -1590.1445535058    -0.0023936667           0.127643
   12    3.8E-01   3.1E+00      10   -1923.8450948973    -1590.1454638596    -0.0009103538           0.123441
   13    3.4E-01   3.1E+00      10   -1923.8470960161    -1590.1474649785    -0.0020011189           0.116901
   14    2.9E-01   3.1E+00      10   -1923.8451651317    -1590.1455340940     0.0019308844           0.122286
   15    3.5E-01   5.6E+00      20   -1923.8711454318    -1590.1715143942    -0.0259803001           0.004495
   16    3.1E-01   5.6E+00      20   -1923.8713127509    -1590.1716817133    -0.0001673191           0.002454
   17    3.0E-01   8.2E+00      30   -1923.8714610691    -1590.1718300314    -0.0001483182           0.000813
   18    2.8E-01   1.1E+01      40   -1923.8715878685    -1590.1719568308    -0.0001267994           0.000208
   19    2.8E-01   1.3E+01      50   -1923.8716748456    -1590.1720438079    -0.0000869771           0.000104
   20    3.0E-01   1.5E+01      60   -1923.8717236282    -1590.1720925905    -0.0000487826           0.000070
   21    2.8E-01   1.8E+01      70   -1923.8717579391    -1590.1721269015    -0.0000343110           0.000049
   22    2.9E-01   2.0E+01      80   -1923.8717752922    -1590.1721442545    -0.0000173530           0.000037
   23    2.8E-01   2.3E+01      90   -1923.8717849166    -1590.1721538790    -0.0000096245           0.000025
   24    2.4E-01   2.5E+01     100   -1923.8717894754    -1590.1721584377    -0.0000045587           0.000016
   25    2.6E-01   2.7E+01     110   -1923.8717919833    -1590.1721609456    -0.0000025079           0.000010
   26    2.7E-01   3.0E+01     120   -1923.8717935385    -1590.1721625009    -0.0000015553           0.000007
   27    2.5E-01   3.2E+01     130   -1923.8717947073    -1590.1721636696    -0.0000011687           0.000005
   28    2.6E-01   3.5E+01     140   -1923.8717953611    -1590.1721643234    -0.0000006538           0.000003
   29    2.5E-01   2.4E-01     140   -1923.8717954007    -1590.1721643631    -0.0000000396           0.000004


  RESULTS OF THE OCCUPATION OPTIMIZATION
 ========================================

   OM     Occupation      Elag Diag

    1      1.9999980    -92.0201299
    2      1.9999979    -92.0172061
    3      1.9999979    -92.0187549
    4      1.9999979    -92.0185400
    5      1.9997828     -9.0348055
    6      1.9997806     -9.0352600
    7      1.9997703     -9.0216783
    8      1.9997682     -9.0229783
    9      1.9996025     -6.7262723
   10      1.9996022     -6.7268469
   11      1.9995755     -6.7106480
   12      1.9995639     -6.7082812
   13      1.9995633     -6.7076704
   14      1.9995344     -6.7163599
   15      1.9995314     -6.7192142
   16      1.9995282     -6.7058426
   17      1.9995231     -6.7076601
   18      1.9994798     -6.7132687
   19      1.9993973     -6.7327534
   20      1.9993602     -6.7160366
   21      1.9897721     -0.9780789
   22      1.9895138     -0.9774977
   23      1.9892166     -0.9236639
   24      1.9888435     -0.9179269
   25      1.9815917     -0.4983360
   26      1.9815592     -0.4980788
   27      1.9797919     -0.4642547
   28      1.9785986     -0.4513358
   29      1.9680334     -0.5714673
   30      1.9677476     -0.5745025
   31      1.9635272     -0.4977798
   32      1.9576844     -0.3173757
   33      0.0423156     -0.0592388
   34      0.0364728     -0.0523215
   35      0.0322524     -0.0450838
   36      0.0319666     -0.0449110
   37      0.0214014     -0.0223397
   38      0.0202081     -0.0198421
   39      0.0184408     -0.0180685
   40      0.0184083     -0.0180148
   41      0.0111565     -0.0214908
   42      0.0107834     -0.0210823
   43      0.0104862     -0.0206698
   44      0.0102279     -0.0203241
   45      0.0006398     -0.0045450
   46      0.0006027     -0.0041911
   47      0.0005202     -0.0036573
   48      0.0004769     -0.0033199
   49      0.0004718     -0.0032883
   50      0.0004686     -0.0032613
   51      0.0004656     -0.0032364
   52      0.0004367     -0.0030471
   53      0.0004361     -0.0030302
   54      0.0004245     -0.0029759
   55      0.0003978     -0.0027805
   56      0.0003975     -0.0027779
   57      0.0002318     -0.0021053
   58      0.0002297     -0.0020887
   59      0.0002194     -0.0020024
   60      0.0002172     -0.0019784
   61      0.0000021     -0.0001916
   62      0.0000021     -0.0001891
   63      0.0000021     -0.0001861
   64      0.0000020     -0.0001799

   RO Sum (  64) =   64.00

  ---------------
   Dipole Moment
  ---------------

      1.6769 Debye [   0.6598  (  -0.0036,  -0.0175,  -0.6595) ]

 ----------------
  Final Energies  
 ----------------

  Final NOF Total Energy =    -1590.1721643631 ( 4.E-06 , 0.E+00 )


  **************************************************
  *                                                *
  *       SINGLE-POINT DoNOF CALCULATION           *
  *                                                *
  *             FULL OPTIMIZATION                  *
  *                                                *
  *  FINAL RESULTS   FINAL RESULTS  FINAL RESULTS  *
  *                                                *
  **************************************************

  **************************************************
  *         No. EXTERNAL ITER =    29              *
  *         No. of TOTAL ITER =  1340              *
  **************************************************

  Elapsed real time :    320.38  (Seconds)

 The execution finished at 15h 23min on the  1/30/2025
