 This is the serial version of the code

 The execution started at  9h 24min on the 11/21/2024

    ===========================================================
    !                                                         !
    !                        Do N O F                         !
    !                                                         !
    !  (Donostia Natural Orbital Functional Software Program) !
    !                                                         !
    !               COPYRIGHT by Mario Piris                  !
    !                                                         !
    !      Donostia International Physics Center (DIPC)       !
    !       University of the Basque Country (UPV/EHU)        !
    !       Basque Foundation for Science (IKERBASQUE)        !
    !                                                         !
    !          GNU General Public License version 3           !
    !                                                         !
    !                  VERSION: Mayo 2024                     !
    !                                                         !
    ===========================================================

 Run Title
 ---------
 p30-5 set                                                                       

 Basis Set
 ---------
 /home/ion/p30-5/inps/def2-svp/Pnof5/def2-svp.bas                                

 Atom      Charge                Coordinates (Bohr)
                           x             y             z
 MG         12.0        0.0000        0.0000        1.6325
 O           8.0        0.0000        0.0000       -1.6325

 Atomic Basis Set
 ----------------
 The contracted primitive functions were unnormalized
 The contracted basis functions are now normalized to unity

  Shell Type  Primitive         Exponent  Contraction Coefficient

 MG        
 
      1   S       1          4953.8339196   -0.005730348253
      1   S       2           745.1804415   -0.042769871122
      1   S       3           169.2160497   -0.191096515460
      1   S       4            47.3006720   -0.482411503269
      1   S       5            14.4613370   -0.422007266852
 
      2   S       6            24.7681748    0.087115605721
      2   S       7             2.4940945   -0.546373693218
      2   S       8             0.8780758   -0.529320757859
 
      3   S       9             0.0872128    1.000000000000
 
      4   S      10             0.0335993    1.000000000000
 
      5   P      11            98.0530105   -0.014480564601
      5   P      12            22.5869323   -0.095495750787
      5   P      13             6.8391510   -0.307876726509
      5   P      14             2.2332844   -0.499362928859
      5   P      15             0.7160660   -0.315034762129
 
      6   P      16             0.1891480    1.000000000000
 
      7   P      17             0.0537688    1.000000000000
 
      8   D      18             0.1010000    1.000000000000

 O         
 
      9   S      19          2266.1767785   -0.005389350392
      9   S      20           340.8701019   -0.040234721389
      9   S      21            77.3631352   -0.180081842055
      9   S      22            21.4796449   -0.468288576577
      9   S      23             6.6589433   -0.446926171602
 
     10   S      24             0.8097598    1.000000000000
 
     11   S      25             0.2553077    1.000000000000
 
     12   P      26            17.7215043    0.062630248763
     12   P      27             3.8635505    0.333311384824
     12   P      28             1.0480921    0.741486383081
 
     13   P      29             0.2764154    1.000000000000
 
     14   D      30             1.2000000    1.000000000000

 Total Number of Basis Set Shells             =   14
 Total Number of Primitives                   =   30
 Number of Cartesian Gaussian Basis Functions =   34
 Number of Electrons                          =   20
 Charge of Molecule                           =    0
 Spin Multiplicity                            =    1
 Number of Occupied Orbitals (Alpha)          =   10
 Number of Occupied Orbitals (Beta )          =   10
 Total Number of Atoms                        =    2

 Input Run Options
 -----------------
 IRUNTYP = 1  MULT = 1  ICHARG =  0 IECP = 0  IEMOM = 1  UNITS = ANGS    

 Integral Options
 ----------------
 CUTOFF = 1.0E-09   ISCHWZ = 0   ERITYP = FULL

 Input NOF Options
 -----------------

 Type of calculation =    Coeff. Opt.:   (ICOEF)         1
 Use Softmax function for Occ. Opt.:     (ISOFTMAX)      1
 Type of Orb. Opt. = Orbital Rotations:  (IORBOPT)       4
 Maximum Number of Occ-Coef Outer Iter.: (MAXIT)      1000

 Natural Orbital Functional Selected:    (IPNOF)         5
 
 Restart calculation Option:             (RESTART)       F
 Restart Gamma Matrix from GCF file:     (INPUTGAMMA)    0
 Coefficient Matrix from GCF file:       (INPUTC)        0
 Diagonal Elements FMIUG from GCF file:  (INPUTFMIUG)    0
 Cartesian Coordinates from GCF file:    (INPUTCXYZ)     0
 Orthogonalize the initial Orbitals:     (ORTHO)         T

 Output Option:                          (NPRINT)        0
 Output the Coefficient Matrix:          (IWRITEC)       0
 Do a Mulliken Population Analysis:      (IMULPOP)       0
 Write Information into a WFN file:      (IAIMPAC)       1
 Write Information into a FCHK file:     (IFCHK)         1
 Write Information into a MLP file:      (MOLDEN)        1
 Create Ini. Cond. (ini.xyz) file:       (INICOND)       1
 Calculate IPs using Ext. Koopmans Theo: (IEKT)          0
 Write APSG expansion coefficient file:  (APSG)          F
 Output option for Lagrange Multipliers: (PRINTLAG)      F
 Diagonalize matrix of Lag. Multipliers: (DIAGLAG)       F

------------------------------------------------------------------------

 Orbital Space
 -------------

 Inactive Doubly occupied orbitals up to NO1  =    0
 No. considered Strongly Doubly occupied MOs  =   10
 No. considered Strongly Singly occupied MOs  =    0
 No. of Weakly occ. per St. Doubly occ.  MOs  =    2
 Dimension of the Active Nat. Orb. subspace   =   30
 Secondary Empty orbitals                     =    4

 1e- integrals
 -------------
 Time to do integrals =      0.00
 Guess for MOs = HCORE
        40 MOs were matched and         0 equalized to zero

 2e- integrals
 -------------
 DONTW option skips storage 2e- integrals on Unit 1
               46062 2e- integrals in     1 records
 Time to do integrals =      0.05

 Input for Coefficients is HCORE


  RESULTS OF OCCUPATION-COEFFICIENT OPTIMIZATION
 ================================================

  Ex It  Occ Time  Orb Time  Orb It   Electronic Energy     Total Energy   Energy Convergency    Max Mul-Lag Diff

    1    9.7E-02   3.5E-01      10    -299.8472399018     -270.4452165234    -2.6134273716           0.320288
    2    8.8E-02   3.4E-01      10    -301.8907948620     -272.4887714836    -2.0435549602           0.316315
    3    9.5E-02   3.6E-01      10    -302.7321472144     -273.3301238360    -0.8413523524           0.192153
    4    8.6E-02   3.5E-01      10    -303.0984277569     -273.6964043784    -0.3662805425           0.142049
    5    8.1E-02   3.4E-01      10    -303.2259622260     -273.8239388476    -0.1275344691           0.124606
    6    7.2E-02   3.7E-01      10    -303.3197260350     -273.9177026566    -0.0937638090           0.125461
    7    6.3E-02   3.6E-01      10    -303.3809380603     -273.9789146818    -0.0612120253           0.116592
    8    7.9E-02   3.5E-01      10    -303.4408303656     -274.0388069872    -0.0598923053           0.107077
    9    6.4E-02   3.6E-01      10    -303.4985672503     -274.0965438718    -0.0577368847           0.102719
   10    7.9E-02   3.4E-01      10    -303.5656835587     -274.1636601803    -0.0671163084           0.075122
   11    9.0E-02   3.6E-01      10    -303.6169117243     -274.2148883459    -0.0512281656           0.060537
   12    1.0E-01   3.6E-01      10    -303.6482102760     -274.2461868976    -0.0312985517           0.051144
   13    8.2E-02   3.4E-01      10    -303.6612729981     -274.2592496197    -0.0130627221           0.055541
   14    8.0E-02   3.3E-01      10    -303.6710157118     -274.2689923333    -0.0097427137           0.044567
   15    6.9E-02   3.3E-01      10    -303.6786275446     -274.2766041661    -0.0076118328           0.045803
   16    7.5E-02   3.3E-01      10    -303.6881120596     -274.2860886812    -0.0094845150           0.047459
   17    6.6E-02   3.3E-01      10    -303.7021141575     -274.3000907790    -0.0140020979           0.047113
   18    7.5E-02   3.2E-01      10    -303.7190894292     -274.3170660507    -0.0169752717           0.038815
   19    7.5E-02   3.2E-01      10    -303.7309897431     -274.3289663647    -0.0119003139           0.063948
   20    7.4E-02   3.5E-01      10    -303.7352790425     -274.3332556640    -0.0042892994           0.043303
   21    7.8E-02   3.5E-01      10    -303.7365817715     -274.3345583931    -0.0013027290           0.048349
   22    8.1E-02   3.5E-01      10    -303.7368962445     -274.3348728661    -0.0003144730           0.044068
   23    7.6E-02   3.6E-01      10    -303.7368881049     -274.3348647265     0.0000081396           0.045587
   24    7.2E-02   6.5E-01      20    -303.7387831365     -274.3367597580    -0.0018950315           0.002628
   25    7.9E-02   6.5E-01      20    -303.7388363622     -274.3368129838    -0.0000532257           0.001223
   26    7.7E-02   6.4E-01      20    -303.7388793042     -274.3368559257    -0.0000429420           0.001171
   27    8.1E-02   6.5E-01      20    -303.7389178851     -274.3368945067    -0.0000385809           0.001152
   28    7.4E-02   6.6E-01      20    -303.7389574078     -274.3369340293    -0.0000395227           0.001158
   29    7.8E-02   6.6E-01      20    -303.7389974142     -274.3369740357    -0.0000400064           0.000920
   30    7.2E-02   6.6E-01      20    -303.7390374558     -274.3370140773    -0.0000400416           0.000842
   31    6.6E-02   6.5E-01      20    -303.7390776173     -274.3370542389    -0.0000401616           0.000860
   32    7.3E-02   6.5E-01      20    -303.7391126366     -274.3370892581    -0.0000350192           0.000808
   33    6.8E-02   9.7E-01      30    -303.7391502611     -274.3371268827    -0.0000376246           0.000453
   34    7.7E-02   1.2E+00      40    -303.7391836281     -274.3371602496    -0.0000333669           0.000094
   35    1.1E-01   1.2E+00      40    -303.7396270244     -274.3376036460    -0.0004433964           0.000099
   36    8.1E-02   1.3E+00      40    -303.7396756867     -274.3376523082    -0.0000486622           0.000089
   37    7.9E-02   3.0E-02      40    -303.7396774190     -274.3376540405    -0.0000017323           0.000089


  RESULTS OF THE OCCUPATION OPTIMIZATION
 ========================================

   OM     Occupation      Elag Diag

    1      2.0000000    -49.0624941
    2      1.9999588    -20.5251959
    3      1.9999295     -2.7584722
    4      1.9999256     -2.6958343
    5      1.9998755     -2.6723001
    6      1.9998621     -2.6646270
    7      1.9901325     -0.6803603
    8      1.9885740     -0.7197173
    9      1.9884436     -0.7081212
   10      1.4046430     -0.2871741
   11      0.5952295     -0.1462394
   12      0.0109450     -0.0111841
   13      0.0108294     -0.0111669
   14      0.0007029     -0.0012760
   15      0.0000001     -0.0000002
   16      0.0000001     -0.0000001
   17      0.0000002     -0.0000001
   18      0.0000001     -0.0000001
   19      0.0000000     -0.0000000
   20      0.0000000     -0.0000000
   21      0.0001275     -0.0001002
   22      0.0006114     -0.0011539
   23      0.0005966     -0.0011401
   24      0.0091646     -0.0097507
   25      0.0001378     -0.0004443
   26      0.0001244     -0.0004030
   27      0.0000742     -0.0002467
   28      0.0000704     -0.0002442
   29      0.0000412     -0.0010118
   30      0.0000000     -0.0000000

   RO Sum (  20) =   20.00

  ---------------
   Dipole Moment
  ---------------

      3.6056 Debye [   1.4186  (  -0.4229,  -0.0235,   1.3539) ]

 ----------------
  Final Energies  
 ----------------

  Final NOF Total Energy =     -274.3376540405 ( 9.E-05 , 0.E+00 )


  **************************************************
  *                                                *
  *       SINGLE-POINT DoNOF CALCULATION           *
  *                                                *
  *             FULL OPTIMIZATION                  *
  *                                                *
  *  FINAL RESULTS   FINAL RESULTS  FINAL RESULTS  *
  *                                                *
  **************************************************

  **************************************************
  *         No. EXTERNAL ITER =    37              *
  *         No. of TOTAL ITER =   600              *
  **************************************************

  Elapsed real time :     21.56  (Seconds)

 The execution finished at  9h 24min on the 11/21/2024
