 This is the serial version of the code

 The execution started at  9h 21min on the 11/21/2024

    ===========================================================
    !                                                         !
    !                        Do N O F                         !
    !                                                         !
    !  (Donostia Natural Orbital Functional Software Program) !
    !                                                         !
    !               COPYRIGHT by Mario Piris                  !
    !                                                         !
    !      Donostia International Physics Center (DIPC)       !
    !       University of the Basque Country (UPV/EHU)        !
    !       Basque Foundation for Science (IKERBASQUE)        !
    !                                                         !
    !          GNU General Public License version 3           !
    !                                                         !
    !                  VERSION: Mayo 2024                     !
    !                                                         !
    ===========================================================

 Run Title
 ---------
 p30-5 set                                                                       

 Basis Set
 ---------
 /home/ion/p30-5/inps/def2-svp/Pnof5/def2-svp.bas                                

 Atom      Charge                Coordinates (Bohr)
                           x             y             z
 BE          4.0        0.0000        0.0000        0.0000

 Atomic Basis Set
 ----------------
 The contracted primitive functions were unnormalized
 The contracted basis functions are now normalized to unity

  Shell Type  Primitive         Exponent  Contraction Coefficient

 BE        
 
      1   S       1           515.1861613    0.005837635441
      1   S       2            77.5110376    0.043234967111
      1   S       3            17.5524817    0.188026956444
      1   S       4             4.8028941    0.469576904234
      1   S       5             1.4516214    0.440951660947
 
      2   S       6             0.1328163    1.000000000000
 
      3   S       7             0.0458374    1.000000000000
 
      4   P       8             3.6316917   -0.045461968666
      4   P       9             0.7169569   -0.264276543343
      4   P      10             0.1954193   -0.804884200890
 
      5   P      11             0.0605155    1.000000000000

 Total Number of Basis Set Shells             =    5
 Total Number of Primitives                   =   11
 Number of Cartesian Gaussian Basis Functions =    9
 Number of Electrons                          =    4
 Charge of Molecule                           =    0
 Spin Multiplicity                            =    1
 Number of Occupied Orbitals (Alpha)          =    2
 Number of Occupied Orbitals (Beta )          =    2
 Total Number of Atoms                        =    1

 Input Run Options
 -----------------
 IRUNTYP = 1  MULT = 1  ICHARG =  0 IECP = 0  IEMOM = 1  UNITS = ANGS    

 Integral Options
 ----------------
 CUTOFF = 1.0E-09   ISCHWZ = 0   ERITYP = FULL

 Input NOF Options
 -----------------

 Type of calculation =    Coeff. Opt.:   (ICOEF)         1
 Use Softmax function for Occ. Opt.:     (ISOFTMAX)      1
 Type of Orb. Opt. = Orbital Rotations:  (IORBOPT)       4
 Maximum Number of Occ-Coef Outer Iter.: (MAXIT)      1000

 Natural Orbital Functional Selected:    (IPNOF)         5
 
 Restart calculation Option:             (RESTART)       F
 Restart Gamma Matrix from GCF file:     (INPUTGAMMA)    0
 Coefficient Matrix from GCF file:       (INPUTC)        0
 Diagonal Elements FMIUG from GCF file:  (INPUTFMIUG)    0
 Cartesian Coordinates from GCF file:    (INPUTCXYZ)     0
 Orthogonalize the initial Orbitals:     (ORTHO)         T

 Output Option:                          (NPRINT)        0
 Output the Coefficient Matrix:          (IWRITEC)       0
 Do a Mulliken Population Analysis:      (IMULPOP)       0
 Write Information into a WFN file:      (IAIMPAC)       1
 Write Information into a FCHK file:     (IFCHK)         1
 Write Information into a MLP file:      (MOLDEN)        1
 Create Ini. Cond. (ini.xyz) file:       (INICOND)       1
 Calculate IPs using Ext. Koopmans Theo: (IEKT)          0
 Write APSG expansion coefficient file:  (APSG)          F
 Output option for Lagrange Multipliers: (PRINTLAG)      F
 Diagonalize matrix of Lag. Multipliers: (DIAGLAG)       F

------------------------------------------------------------------------

 Orbital Space
 -------------

 Inactive Doubly occupied orbitals up to NO1  =    0
 No. considered Strongly Doubly occupied MOs  =    2
 No. considered Strongly Singly occupied MOs  =    0
 No. of Weakly occ. per St. Doubly occ.  MOs  =    3
 Dimension of the Active Nat. Orb. subspace   =    8
 Secondary Empty orbitals                     =    1

 1e- integrals
 -------------
 Time to do integrals =      0.00
 Guess for MOs = HCORE
         0 MOs were matched and         0 equalized to zero

 2e- integrals
 -------------
 DONTW option skips storage 2e- integrals on Unit 1
                 213 2e- integrals in     1 records
 Time to do integrals =      0.00

 Input for Coefficients is HCORE


  RESULTS OF OCCUPATION-COEFFICIENT OPTIMIZATION
 ================================================

  Ex It  Occ Time  Orb Time  Orb It   Electronic Energy     Total Energy   Energy Convergency    Max Mul-Lag Diff

    1    1.8E-03   1.7E-03      10     -14.5174982073      -14.5174982073    -0.0448095969           0.089184
    2    1.5E-03   1.5E-03      10     -14.5505422027      -14.5505422027    -0.0330439954           0.067705
    3    1.5E-03   1.5E-03      10     -14.5721786950      -14.5721786950    -0.0216364923           0.044378
    4    1.6E-03   1.6E-03      10     -14.5836240273      -14.5836240273    -0.0114453323           0.020348
    5    1.6E-03   1.5E-03      10     -14.5877151955      -14.5877151955    -0.0040911682           0.003478
    6    1.5E-03   1.5E-03      10     -14.5898463370      -14.5898463370    -0.0021311415           0.002893
    7    1.3E-03   1.3E-03      10     -14.5923649853      -14.5923649853    -0.0025186482           0.003002
    8    1.3E-03   1.4E-03      10     -14.5948095203      -14.5948095203    -0.0024445351           0.002568
    9    1.2E-03   1.3E-03      10     -14.5964448191      -14.5964448191    -0.0016352988           0.003163
   10    1.0E-03   1.4E-03      10     -14.5971145343      -14.5971145343    -0.0006697153           0.002719
   11    1.4E-03   1.6E-03      10     -14.5971671070      -14.5971671070    -0.0000525727           0.002843
   12    1.1E-03   2.9E-03      20     -14.5971872641      -14.5971872641    -0.0000201570           0.000965
   13    1.1E-03   4.2E-03      30     -14.5971890010      -14.5971890010    -0.0000017369           0.000207
   14    1.1E-03   5.5E-03      40     -14.5971891134      -14.5971891134    -0.0000001124           0.000037


  RESULTS OF THE OCCUPATION OPTIMIZATION
 ========================================

   OM     Occupation      Elag Diag

    1      1.9999877     -4.7117927
    2      1.7959064     -0.3104166
    3      0.0680402     -0.0162425
    4      0.0000023     -0.0000125
    5      0.0680320     -0.0162398
    6      0.0000083     -0.0000458
    7      0.0680214     -0.0162383
    8      0.0000018     -0.0000110

   RO Sum (   4) =    4.00

  ---------------
   Dipole Moment
  ---------------

      0.0002 Debye [   0.0001  (   0.0000,  -0.0001,   0.0001) ]

 ----------------
  Final Energies  
 ----------------

  Final NOF Total Energy =      -14.5971891134 ( 4.E-05 , 0.E+00 )


  **************************************************
  *                                                *
  *       SINGLE-POINT DoNOF CALCULATION           *
  *                                                *
  *             FULL OPTIMIZATION                  *
  *                                                *
  *  FINAL RESULTS   FINAL RESULTS  FINAL RESULTS  *
  *                                                *
  **************************************************

  **************************************************
  *         No. EXTERNAL ITER =    14              *
  *         No. of TOTAL ITER =   200              *
  **************************************************

  Elapsed real time :      0.05  (Seconds)

 The execution finished at  9h 21min on the 11/21/2024
