 This is the serial version of the code

 The execution started at  9h 24min on the 11/21/2024

    ===========================================================
    !                                                         !
    !                        Do N O F                         !
    !                                                         !
    !  (Donostia Natural Orbital Functional Software Program) !
    !                                                         !
    !               COPYRIGHT by Mario Piris                  !
    !                                                         !
    !      Donostia International Physics Center (DIPC)       !
    !       University of the Basque Country (UPV/EHU)        !
    !       Basque Foundation for Science (IKERBASQUE)        !
    !                                                         !
    !          GNU General Public License version 3           !
    !                                                         !
    !                  VERSION: Mayo 2024                     !
    !                                                         !
    ===========================================================

 Run Title
 ---------
 p30-5 set                                                                       

 Basis Set
 ---------
 /home/ion/p30-5/inps/def2-svp/Pnof5/def2-svp.bas                                

 Atom      Charge                Coordinates (Bohr)
                           x             y             z
 F           9.0        0.0000        0.0000        0.8649
 H           1.0        0.0000        0.0000       -0.8649

 Atomic Basis Set
 ----------------
 The contracted primitive functions were unnormalized
 The contracted basis functions are now normalized to unity

  Shell Type  Primitive         Exponent  Contraction Coefficient

 F         
 
      1   S       1          2894.8325990   -0.005349321176
      1   S       2           435.4193912   -0.039967734372
      1   S       3            98.8433289   -0.179412617888
      1   S       4            27.4851980   -0.468324686869
      1   S       5             8.5405498   -0.447241605328
 
      2   S       6             1.0654578    1.000000000000
 
      3   S       7             0.3324735    1.000000000000
 
      4   P       8            22.6966339   -0.064782148241
      4   P       9             4.9872339   -0.340357853553
      4   P      10             1.3491614   -0.734858153660
 
      5   P      11             0.3482988    1.000000000000
 
      6   D      12             1.4000000    1.000000000000

 H         
 
      7   S      13            13.0107010    0.033485484813
      7   S      14             1.9622572    0.234721870881
      7   S      15             0.4445380    0.813770285260
 
      8   S      16             0.1219496    1.000000000000
 
      9   P      17             0.8000000    1.000000000000

 Total Number of Basis Set Shells             =    9
 Total Number of Primitives                   =   17
 Number of Cartesian Gaussian Basis Functions =   20
 Number of Electrons                          =   10
 Charge of Molecule                           =    0
 Spin Multiplicity                            =    1
 Number of Occupied Orbitals (Alpha)          =    5
 Number of Occupied Orbitals (Beta )          =    5
 Total Number of Atoms                        =    2

 Input Run Options
 -----------------
 IRUNTYP = 1  MULT = 1  ICHARG =  0 IECP = 0  IEMOM = 1  UNITS = ANGS    

 Integral Options
 ----------------
 CUTOFF = 1.0E-09   ISCHWZ = 0   ERITYP = FULL

 Input NOF Options
 -----------------

 Type of calculation =    Coeff. Opt.:   (ICOEF)         1
 Use Softmax function for Occ. Opt.:     (ISOFTMAX)      1
 Type of Orb. Opt. = Orbital Rotations:  (IORBOPT)       4
 Maximum Number of Occ-Coef Outer Iter.: (MAXIT)      1000

 Natural Orbital Functional Selected:    (IPNOF)         5
 
 Restart calculation Option:             (RESTART)       F
 Restart Gamma Matrix from GCF file:     (INPUTGAMMA)    0
 Coefficient Matrix from GCF file:       (INPUTC)        0
 Diagonal Elements FMIUG from GCF file:  (INPUTFMIUG)    0
 Cartesian Coordinates from GCF file:    (INPUTCXYZ)     0
 Orthogonalize the initial Orbitals:     (ORTHO)         T

 Output Option:                          (NPRINT)        0
 Output the Coefficient Matrix:          (IWRITEC)       0
 Do a Mulliken Population Analysis:      (IMULPOP)       0
 Write Information into a WFN file:      (IAIMPAC)       1
 Write Information into a FCHK file:     (IFCHK)         1
 Write Information into a MLP file:      (MOLDEN)        1
 Create Ini. Cond. (ini.xyz) file:       (INICOND)       1
 Calculate IPs using Ext. Koopmans Theo: (IEKT)          0
 Write APSG expansion coefficient file:  (APSG)          F
 Output option for Lagrange Multipliers: (PRINTLAG)      F
 Diagonalize matrix of Lag. Multipliers: (DIAGLAG)       F

------------------------------------------------------------------------

 Orbital Space
 -------------

 Inactive Doubly occupied orbitals up to NO1  =    0
 No. considered Strongly Doubly occupied MOs  =    5
 No. considered Strongly Singly occupied MOs  =    0
 No. of Weakly occ. per St. Doubly occ.  MOs  =    3
 Dimension of the Active Nat. Orb. subspace   =   20
 Secondary Empty orbitals                     =    0

 1e- integrals
 -------------
 Time to do integrals =      0.00
 Guess for MOs = HCORE
        12 MOs were matched and         0 equalized to zero

 2e- integrals
 -------------
 DONTW option skips storage 2e- integrals on Unit 1
                5596 2e- integrals in     1 records
 Time to do integrals =      0.01

 Input for Coefficients is HCORE


  RESULTS OF OCCUPATION-COEFFICIENT OPTIMIZATION
 ================================================

  Ex It  Occ Time  Orb Time  Orb It   Electronic Energy     Total Energy   Energy Convergency    Max Mul-Lag Diff

    1    1.8E-02   3.0E-02      10    -100.3188365335      -95.1159890295    -1.9293976974           0.675764
    2    1.5E-02   2.9E-02      10    -101.4939148059      -96.2910673019    -1.1750782724           0.435148
    3    1.5E-02   3.0E-02      10    -102.9472760699      -97.7444285659    -1.4533612640           0.415957
    4    1.3E-02   3.0E-02      10    -104.2633277339      -99.0604802299    -1.3160516640           0.443379
    5    1.6E-02   3.0E-02      10    -104.9157184873      -99.7128709833    -0.6523907534           0.276105
    6    1.4E-02   3.0E-02      10    -105.1516070158      -99.9487595118    -0.2358885285           0.095135
    7    1.4E-02   3.0E-02      10    -105.1849583145      -99.9821108105    -0.0333512987           0.033436
    8    1.4E-02   2.9E-02      10    -105.1904823896      -99.9876348856    -0.0055240752           0.026313
    9    1.4E-02   3.0E-02      10    -105.1935640604      -99.9907165564    -0.0030816707           0.035945
   10    1.1E-02   3.0E-02      10    -105.1952226441      -99.9923751401    -0.0016585837           0.027615
   11    1.1E-02   2.4E-02      10    -105.1961310628      -99.9932835588    -0.0009084187           0.027284
   12    7.9E-03   3.0E-02      10    -105.1970128826      -99.9941653786    -0.0008818198           0.033116
   13    1.3E-02   3.0E-02      10    -105.1980722567      -99.9952247527    -0.0010593742           0.031671
   14    1.3E-02   2.9E-02      10    -105.1996653851      -99.9968178811    -0.0015931284           0.031512
   15    1.3E-02   3.0E-02      10    -105.2017739368      -99.9989264328    -0.0021085517           0.031359
   16    1.3E-02   3.0E-02      10    -105.2037858866     -100.0009383826    -0.0020119497           0.025749
   17    1.3E-02   2.8E-02      10    -105.2047772477     -100.0019297437    -0.0009913611           0.023699
   18    7.8E-03   3.0E-02      10    -105.2049169850     -100.0020694810    -0.0001397373           0.020504
   19    1.2E-02   2.8E-02      10    -105.2049822593     -100.0021347553    -0.0000652742           0.022769
   20    1.1E-02   2.8E-02      10    -105.2050437942     -100.0021962902    -0.0000615350           0.019050
   21    1.1E-02   3.1E-02      10    -105.2053088184     -100.0024613144    -0.0002650242           0.023721
   22    1.1E-02   2.9E-02      10    -105.2053452942     -100.0024977902    -0.0000364758           0.020657
   23    1.1E-02   2.9E-02      10    -105.2055166018     -100.0026690978    -0.0001713075           0.023478
   24    9.3E-03   2.0E-02      10    -105.2054726328     -100.0026251288     0.0000439690           0.020226
   25    7.6E-03   5.1E-02      20    -105.2058715895     -100.0030240855    -0.0003989568           0.001287
   26    9.8E-03   8.1E-02      30    -105.2058806549     -100.0030331509    -0.0000090654           0.000234
   27    1.0E-02   9.6E-02      40    -105.2058838080     -100.0030363040    -0.0000031531           0.000046


  RESULTS OF THE OCCUPATION OPTIMIZATION
 ========================================

   OM     Occupation      Elag Diag

    1      2.0000000    -26.2851183
    2      1.9937815     -0.9303067
    3      1.9929954     -0.8722387
    4      1.9929085     -0.8699732
    5      1.9807383     -0.9834045
    6      0.0177250     -0.0198767
    7      0.0004493     -0.0010635
    8      0.0004721     -0.0010750
    9      0.0005013     -0.0011978
   10      0.0000000     -0.0000000
   11      0.0002264     -0.0004263
   12      0.0060954     -0.0087524
   13      0.0060827     -0.0087495
   14      0.0056883     -0.0085684
   15      0.0000000     -0.0000000
   16      0.0013102     -0.0019891
   17      0.0005467     -0.0012077
   18      0.0004498     -0.0010641
   19      0.0000289     -0.0001010
   20      0.0000000     -0.0000003

   RO Sum (  10) =   10.00

  ---------------
   Dipole Moment
  ---------------

      1.9033 Debye [   0.7488  (  -0.0000,   0.0003,  -0.7488) ]

 ----------------
  Final Energies  
 ----------------

  Final NOF Total Energy =     -100.0030363040 ( 5.E-05 , 0.E+00 )


  **************************************************
  *                                                *
  *       SINGLE-POINT DoNOF CALCULATION           *
  *                                                *
  *             FULL OPTIMIZATION                  *
  *                                                *
  *  FINAL RESULTS   FINAL RESULTS  FINAL RESULTS  *
  *                                                *
  **************************************************

  **************************************************
  *         No. EXTERNAL ITER =    27              *
  *         No. of TOTAL ITER =   330              *
  **************************************************

  Elapsed real time :      1.27  (Seconds)

 The execution finished at  9h 24min on the 11/21/2024
