 This is the serial version of the code

 The execution started at  9h 25min on the 11/21/2024

    ===========================================================
    !                                                         !
    !                        Do N O F                         !
    !                                                         !
    !  (Donostia Natural Orbital Functional Software Program) !
    !                                                         !
    !               COPYRIGHT by Mario Piris                  !
    !                                                         !
    !      Donostia International Physics Center (DIPC)       !
    !       University of the Basque Country (UPV/EHU)        !
    !       Basque Foundation for Science (IKERBASQUE)        !
    !                                                         !
    !          GNU General Public License version 3           !
    !                                                         !
    !                  VERSION: Mayo 2024                     !
    !                                                         !
    ===========================================================

 Run Title
 ---------
 p30-5 set                                                                       

 Basis Set
 ---------
 /home/ion/p30-5/inps/def2-svp/Pnof5/def2-svp.bas                                

 Atom      Charge                Coordinates (Bohr)
                           x             y             z
 H           1.0       -0.5084       -2.9086        0.0000
 O           8.0       -1.5624       -0.4346        0.0000
 N           7.0        0.0647        1.2256        0.0000
 N           7.0        2.0061        2.1177        0.0000

 Atomic Basis Set
 ----------------
 The contracted primitive functions were unnormalized
 The contracted basis functions are now normalized to unity

  Shell Type  Primitive         Exponent  Contraction Coefficient

 H         
 
      1   S       1            13.0107010    0.033485484813
      1   S       2             1.9622572    0.234721870881
      1   S       3             0.4445380    0.813770285260
 
      2   S       4             0.1219496    1.000000000000
 
      3   P       5             0.8000000    1.000000000000

 O         
 
      4   S       6          2266.1767785   -0.005389350392
      4   S       7           340.8701019   -0.040234721389
      4   S       8            77.3631352   -0.180081842055
      4   S       9            21.4796449   -0.468288576577
      4   S      10             6.6589433   -0.446926171602
 
      5   S      11             0.8097598    1.000000000000
 
      6   S      12             0.2553077    1.000000000000
 
      7   P      13            17.7215043    0.062630248763
      7   P      14             3.8635505    0.333311384824
      7   P      15             1.0480921    0.741486383081
 
      8   P      16             0.2764154    1.000000000000
 
      9   D      17             1.2000000    1.000000000000

 N         
 
     10   S      18          1712.8415853   -0.005447799580
     10   S      19           257.6481268   -0.040627174632
     10   S      20            58.4582459   -0.181119622506
     10   S      21            16.1983679   -0.468439755632
     10   S      22             5.0052601   -0.446168462892
 
     11   S      23             0.5873186    1.000000000000
 
     12   S      24             0.1876459    1.000000000000
 
     13   P      25            13.5714702   -0.058848116970
     13   P      26             2.9257373   -0.320246247625
     13   P      27             0.7992775   -0.753282265204
 
     14   P      28             0.2195435    1.000000000000
 
     15   D      29             1.0000000    1.000000000000

 N         
 
     16   S      30          1712.8415853   -0.005447799580
     16   S      31           257.6481268   -0.040627174632
     16   S      32            58.4582459   -0.181119622506
     16   S      33            16.1983679   -0.468439755632
     16   S      34             5.0052601   -0.446168462892
 
     17   S      35             0.5873186    1.000000000000
 
     18   S      36             0.1876459    1.000000000000
 
     19   P      37            13.5714702   -0.058848116970
     19   P      38             2.9257373   -0.320246247625
     19   P      39             0.7992775   -0.753282265204
 
     20   P      40             0.2195435    1.000000000000
 
     21   D      41             1.0000000    1.000000000000

 Total Number of Basis Set Shells             =   21
 Total Number of Primitives                   =   41
 Number of Cartesian Gaussian Basis Functions =   50
 Number of Electrons                          =   23
 Charge of Molecule                           =    0
 Spin Multiplicity                            =    2
 Number of Occupied Orbitals (Alpha)          =   12
 Number of Occupied Orbitals (Beta )          =   11
 Total Number of Atoms                        =    4

 Input Run Options
 -----------------
 IRUNTYP = 1  MULT = 2  ICHARG =  0 IECP = 0  IEMOM = 1  UNITS = ANGS    

 Integral Options
 ----------------
 CUTOFF = 1.0E-09   ISCHWZ = 0   ERITYP = FULL

 Input NOF Options
 -----------------

 Type of calculation =    Coeff. Opt.:   (ICOEF)         1
 Use Softmax function for Occ. Opt.:     (ISOFTMAX)      1
 Type of Orb. Opt. = Orbital Rotations:  (IORBOPT)       4
 Maximum Number of Occ-Coef Outer Iter.: (MAXIT)      1000

 Natural Orbital Functional Selected:    (IPNOF)         5
 Spin-Multiplet, High-Spin State Option: (HighSpin)      F
 
 Restart calculation Option:             (RESTART)       F
 Restart Gamma Matrix from GCF file:     (INPUTGAMMA)    0
 Coefficient Matrix from GCF file:       (INPUTC)        0
 Diagonal Elements FMIUG from GCF file:  (INPUTFMIUG)    0
 Cartesian Coordinates from GCF file:    (INPUTCXYZ)     0
 Orthogonalize the initial Orbitals:     (ORTHO)         T

 Output Option:                          (NPRINT)        0
 Output the Coefficient Matrix:          (IWRITEC)       0
 Do a Mulliken Population Analysis:      (IMULPOP)       0
 Write Information into a WFN file:      (IAIMPAC)       1
 Write Information into a FCHK file:     (IFCHK)         1
 Write Information into a MLP file:      (MOLDEN)        1
 Create Ini. Cond. (ini.xyz) file:       (INICOND)       1
 Calculate IPs using Ext. Koopmans Theo: (IEKT)          0
 Write APSG expansion coefficient file:  (APSG)          F
 Output option for Lagrange Multipliers: (PRINTLAG)      F
 Diagonalize matrix of Lag. Multipliers: (DIAGLAG)       F

------------------------------------------------------------------------

 Orbital Space
 -------------

 Inactive Doubly occupied orbitals up to NO1  =    0
 No. considered Strongly Doubly occupied MOs  =   11
 No. considered Strongly Singly occupied MOs  =    1
 No. of Weakly occ. per St. Doubly occ.  MOs  =    3
 Dimension of the Active Nat. Orb. subspace   =   44
 Secondary Empty orbitals                     =    5

 1e- integrals
 -------------
 Time to do integrals =      0.00
 Guess for MOs = HCORE
         0 MOs were matched and         0 equalized to zero

 2e- integrals
 -------------
 DONTW option skips storage 2e- integrals on Unit 1
              411881 2e- integrals in     1 records
 Time to do integrals =      0.17

 Input for Coefficients is HCORE


  RESULTS OF OCCUPATION-COEFFICIENT OPTIMIZATION
 ================================================

  Ex It  Occ Time  Orb Time  Orb It   Electronic Energy     Total Energy   Energy Convergency    Max Mul-Lag Diff

    1    9.7E-01   3.4E+00      10    -242.2976576556     -176.6112763657    -8.3848257083           0.573544
    2    9.9E-01   3.4E+00      10    -246.0300854855     -180.3437041956    -3.7324278299           0.402981
    3    1.0E+00   3.4E+00      10    -248.2434232082     -182.5570419183    -2.2133377227           0.254969
    4    8.5E-01   3.3E+00      10    -249.0639773108     -183.3775960209    -0.8205541027           0.094430
    5    9.3E-01   3.4E+00      10    -249.3434622933     -183.6570810034    -0.2794849824           0.055432
    6    9.3E-01   3.4E+00      10    -249.4489372795     -183.7625559896    -0.1054749862           0.047231
    7    9.3E-01   3.4E+00      10    -249.5249234238     -183.8385421339    -0.0759861443           0.050489
    8    8.3E-01   3.4E+00      10    -249.5902085863     -183.9038272964    -0.0652851626           0.054589
    9    9.2E-01   3.4E+00      10    -249.6461712987     -183.9597900088    -0.0559627123           0.056194
   10    8.8E-01   3.4E+00      10    -249.6932663351     -184.0068850452    -0.0470950364           0.054537
   11    8.7E-01   3.3E+00      10    -249.7329773688     -184.0465960789    -0.0397110338           0.046319
   12    8.0E-01   3.4E+00      10    -249.7623182721     -184.0759369822    -0.0293409033           0.034344
   13    9.7E-01   3.4E+00      10    -249.7820682417     -184.0956869517    -0.0197499695           0.020491
   14    8.8E-01   3.4E+00      10    -249.7905756450     -184.1041943551    -0.0085074034           0.024933
   15    8.6E-01   3.3E+00      10    -249.7938246878     -184.1074433979    -0.0032490428           0.021884
   16    7.9E-01   3.4E+00      10    -249.7966792450     -184.1102979551    -0.0028545572           0.024141
   17    8.7E-01   3.4E+00      10    -249.7987875249     -184.1124062350    -0.0021082799           0.022539
   18    8.7E-01   3.4E+00      10    -249.8003005627     -184.1139192728    -0.0015130377           0.022086
   19    8.7E-01   3.4E+00      10    -249.8008240112     -184.1144427213    -0.0005234485           0.023474
   20    7.9E-01   3.3E+00      10    -249.8014332085     -184.1150519186    -0.0006091973           0.020883
   21    8.8E-01   3.4E+00      10    -249.8013177906     -184.1149365007     0.0001154179           0.024830
   22    8.6E-01   6.2E+00      20    -249.8039195929     -184.1175383030    -0.0026018023           0.001185
   23    8.7E-01   6.0E+00      20    -249.8039872304     -184.1176059405    -0.0000676375           0.000527
   24    8.5E-01   6.3E+00      20    -249.8040311486     -184.1176498587    -0.0000439181           0.000443
   25    8.5E-01   6.1E+00      20    -249.8040666304     -184.1176853405    -0.0000354818           0.000447
   26    8.4E-01   6.3E+00      20    -249.8040940539     -184.1177127640    -0.0000274235           0.000467
   27    8.6E-01   6.2E+00      20    -249.8041170214     -184.1177357315    -0.0000229675           0.000475
   28    8.6E-01   8.9E+00      30    -249.8041423917     -184.1177611017    -0.0000253703           0.000202
   29    8.6E-01   9.0E+00      30    -249.8041628168     -184.1177815269    -0.0000204251           0.000190
   30    7.9E-01   1.2E+01      40    -249.8041803583     -184.1177990684    -0.0000175415           0.000043
   31    8.7E-01   2.8E-01      40    -249.8041818735     -184.1178005836    -0.0000015153           0.000043


  RESULTS OF THE OCCUPATION OPTIMIZATION
 ========================================

   OM     Occupation      Elag Diag

    1      1.9999618    -20.6414115
    2      1.9999213    -15.7361549
    3      1.9999140    -15.8488774
    4      1.9964545     -0.8883886
    5      1.9942129     -1.4123533
    6      1.9930331     -0.8055743
    7      1.9927638     -0.7778201
    8      1.9925297     -0.7706070
    9      1.9879492     -1.2206410
   10      1.9437257     -0.6925208
   11      1.9421965     -0.6856493
   12      1.0000000     -0.1690715
   13      0.0000000     -0.0000000
   14      0.0004082     -0.0006124
   15      0.0002559     -0.0005568
   16      0.0063110     -0.0074279
   17      0.0061368     -0.0072966
   18      0.0005541     -0.0009747
   19      0.0004550     -0.0009931
   20      0.0000676     -0.0001130
   21      0.0000855     -0.0016553
   22      0.0000000     -0.0000005
   23      0.0000000     -0.0000000
   24      0.0000000     -0.0000000
   25      0.0544609     -0.0332076
   26      0.0009374     -0.0016536
   27      0.0004981     -0.0009486
   28      0.0006221     -0.0011753
   29      0.0058256     -0.0063534
   30      0.0006383     -0.0012749
   31      0.0031212     -0.0044372
   32      0.0000005     -0.0000104
   33      0.0000006     -0.0000136
   34      0.0000000     -0.0000000
   35      0.0578035     -0.0347881
   36      0.0014051     -0.0014354
   37      0.0108575     -0.0145212
   38      0.0006612     -0.0012467
   39      0.0004773     -0.0009285
   40      0.0005873     -0.0010259
   41      0.0046938     -0.0081055
   42      0.0003567     -0.0007429
   43      0.0000000     -0.0000002
   44      0.0000781     -0.0014979
   45      0.0000382     -0.0009425

   RO Sum (  23) =   23.00

  ---------------
   Dipole Moment
  ---------------

      2.3939 Debye [   0.9418  (   0.3365,   0.8797,   0.0007) ]

 ----------------
  Final Energies  
 ----------------

  Final NOF Total Energy =     -184.1178005836 ( 4.E-05 , 0.E+00 )


  **************************************************
  *                                                *
  *       SINGLE-POINT DoNOF CALCULATION           *
  *                                                *
  *             FULL OPTIMIZATION                  *
  *                                                *
  *  FINAL RESULTS   FINAL RESULTS  FINAL RESULTS  *
  *                                                *
  **************************************************

  **************************************************
  *         No. EXTERNAL ITER =    31              *
  *         No. of TOTAL ITER =   470              *
  **************************************************

  Elapsed real time :    166.62  (Seconds)

 The execution finished at  9h 28min on the 11/21/2024
