 This is the serial version of the code

 The execution started at  9h 26min on the 11/21/2024

    ===========================================================
    !                                                         !
    !                        Do N O F                         !
    !                                                         !
    !  (Donostia Natural Orbital Functional Software Program) !
    !                                                         !
    !               COPYRIGHT by Mario Piris                  !
    !                                                         !
    !      Donostia International Physics Center (DIPC)       !
    !       University of the Basque Country (UPV/EHU)        !
    !       Basque Foundation for Science (IKERBASQUE)        !
    !                                                         !
    !          GNU General Public License version 3           !
    !                                                         !
    !                  VERSION: Mayo 2024                     !
    !                                                         !
    ===========================================================

 Run Title
 ---------
 p30-5 set                                                                       

 Basis Set
 ---------
 /home/ion/p30-5/inps/def2-svp/Pnof5/def2-svp.bas                                

 Atom      Charge                Coordinates (Bohr)
                           x             y             z
 N           7.0        0.0000        0.0000       -1.0307
 N           7.0        0.0000        0.0000        1.0307

 Atomic Basis Set
 ----------------
 The contracted primitive functions were unnormalized
 The contracted basis functions are now normalized to unity

  Shell Type  Primitive         Exponent  Contraction Coefficient

 N         
 
      1   S       1          1712.8415853   -0.005447799580
      1   S       2           257.6481268   -0.040627174632
      1   S       3            58.4582459   -0.181119622506
      1   S       4            16.1983679   -0.468439755632
      1   S       5             5.0052601   -0.446168462892
 
      2   S       6             0.5873186    1.000000000000
 
      3   S       7             0.1876459    1.000000000000
 
      4   P       8            13.5714702   -0.058848116970
      4   P       9             2.9257373   -0.320246247625
      4   P      10             0.7992775   -0.753282265204
 
      5   P      11             0.2195435    1.000000000000
 
      6   D      12             1.0000000    1.000000000000

 N         
 
      7   S      13          1712.8415853   -0.005447799580
      7   S      14           257.6481268   -0.040627174632
      7   S      15            58.4582459   -0.181119622506
      7   S      16            16.1983679   -0.468439755632
      7   S      17             5.0052601   -0.446168462892
 
      8   S      18             0.5873186    1.000000000000
 
      9   S      19             0.1876459    1.000000000000
 
     10   P      20            13.5714702   -0.058848116970
     10   P      21             2.9257373   -0.320246247625
     10   P      22             0.7992775   -0.753282265204
 
     11   P      23             0.2195435    1.000000000000
 
     12   D      24             1.0000000    1.000000000000

 Total Number of Basis Set Shells             =   12
 Total Number of Primitives                   =   24
 Number of Cartesian Gaussian Basis Functions =   30
 Number of Electrons                          =   14
 Charge of Molecule                           =    0
 Spin Multiplicity                            =    1
 Number of Occupied Orbitals (Alpha)          =    7
 Number of Occupied Orbitals (Beta )          =    7
 Total Number of Atoms                        =    2

 Input Run Options
 -----------------
 IRUNTYP = 1  MULT = 1  ICHARG =  0 IECP = 0  IEMOM = 1  UNITS = ANGS    

 Integral Options
 ----------------
 CUTOFF = 1.0E-09   ISCHWZ = 0   ERITYP = FULL

 Input NOF Options
 -----------------

 Type of calculation =    Coeff. Opt.:   (ICOEF)         1
 Use Softmax function for Occ. Opt.:     (ISOFTMAX)      1
 Type of Orb. Opt. = Orbital Rotations:  (IORBOPT)       4
 Maximum Number of Occ-Coef Outer Iter.: (MAXIT)      1000

 Natural Orbital Functional Selected:    (IPNOF)         5
 
 Restart calculation Option:             (RESTART)       F
 Restart Gamma Matrix from GCF file:     (INPUTGAMMA)    0
 Coefficient Matrix from GCF file:       (INPUTC)        0
 Diagonal Elements FMIUG from GCF file:  (INPUTFMIUG)    0
 Cartesian Coordinates from GCF file:    (INPUTCXYZ)     0
 Orthogonalize the initial Orbitals:     (ORTHO)         T

 Output Option:                          (NPRINT)        0
 Output the Coefficient Matrix:          (IWRITEC)       0
 Do a Mulliken Population Analysis:      (IMULPOP)       0
 Write Information into a WFN file:      (IAIMPAC)       1
 Write Information into a FCHK file:     (IFCHK)         1
 Write Information into a MLP file:      (MOLDEN)        1
 Create Ini. Cond. (ini.xyz) file:       (INICOND)       1
 Calculate IPs using Ext. Koopmans Theo: (IEKT)          0
 Write APSG expansion coefficient file:  (APSG)          F
 Output option for Lagrange Multipliers: (PRINTLAG)      F
 Diagonalize matrix of Lag. Multipliers: (DIAGLAG)       F

------------------------------------------------------------------------

 Orbital Space
 -------------

 Inactive Doubly occupied orbitals up to NO1  =    0
 No. considered Strongly Doubly occupied MOs  =    7
 No. considered Strongly Singly occupied MOs  =    0
 No. of Weakly occ. per St. Doubly occ.  MOs  =    3
 Dimension of the Active Nat. Orb. subspace   =   28
 Secondary Empty orbitals                     =    2

 1e- integrals
 -------------
 Time to do integrals =      0.00
 Guess for MOs = HCORE
       268 MOs were matched and         0 equalized to zero

 2e- integrals
 -------------
 DONTW option skips storage 2e- integrals on Unit 1
               28696 2e- integrals in     1 records
 Time to do integrals =      0.02

 Input for Coefficients is HCORE


  RESULTS OF OCCUPATION-COEFFICIENT OPTIMIZATION
 ================================================

  Ex It  Occ Time  Orb Time  Orb It   Electronic Energy     Total Energy   Energy Convergency    Max Mul-Lag Diff

    1    5.9E-02   1.7E-01      10    -128.0780422783     -104.3080566041    -2.2933216876           0.594885
    2    7.7E-02   1.6E-01      10    -129.5159599850     -105.7459743108    -1.4379177067           0.472951
    3    6.7E-02   1.6E-01      10    -130.4356654553     -106.6656797812    -0.9197054704           0.531080
    4    6.3E-02   1.7E-01      10    -131.0667448149     -107.2967591407    -0.6310793595           0.577000
    5    5.9E-02   1.7E-01      10    -131.5543136381     -107.7843279639    -0.4875688232           0.547921
    6    5.4E-02   1.6E-01      10    -131.8988293419     -108.1288436677    -0.3445157038           0.437667
    7    6.0E-02   1.6E-01      10    -132.1752036390     -108.4052179648    -0.2763742971           0.281162
    8    6.4E-02   1.6E-01      10    -132.3759564630     -108.6059707888    -0.2007528241           0.198472
    9    6.0E-02   1.6E-01      10    -132.5054600901     -108.7354744159    -0.1295036270           0.175855
   10    5.0E-02   1.6E-01      10    -132.5831002171     -108.8131145430    -0.0776401271           0.147454
   11    7.2E-02   1.7E-01      10    -132.6394341832     -108.8694485090    -0.0563339661           0.118174
   12    6.2E-02   1.7E-01      10    -132.6804081747     -108.9104225005    -0.0409739915           0.083861
   13    5.4E-02   1.6E-01      10    -132.7051825545     -108.9351968803    -0.0247743798           0.043197
   14    5.7E-02   1.7E-01      10    -132.7153649199     -108.9453792458    -0.0101823654           0.017538
   15    5.0E-02   1.6E-01      10    -132.7186907534     -108.9487050792    -0.0033258335           0.017185
   16    5.4E-02   1.6E-01      10    -132.7214169267     -108.9514312525    -0.0027261733           0.016284
   17    5.3E-02   1.6E-01      10    -132.7234194999     -108.9534338258    -0.0020025732           0.019429
   18    5.4E-02   1.6E-01      10    -132.7253825056     -108.9553968314    -0.0019630056           0.014745
   19    5.5E-02   1.6E-01      10    -132.7266353571     -108.9566496829    -0.0012528515           0.016032
   20    4.9E-02   1.6E-01      10    -132.7280914115     -108.9581057373    -0.0014560544           0.016877
   21    4.8E-02   1.5E-01      10    -132.7293526877     -108.9593670136    -0.0012612762           0.015728
   22    5.0E-02   1.6E-01      10    -132.7304747289     -108.9604890547    -0.0011220411           0.016579
   23    5.1E-02   1.6E-01      10    -132.7309159730     -108.9609302989    -0.0004412442           0.016310
   24    4.8E-02   1.6E-01      10    -132.7312278361     -108.9612421620    -0.0003118631           0.015258
   25    4.9E-02   1.6E-01      10    -132.7312613376     -108.9612756634    -0.0000335015           0.015413
   26    4.9E-02   1.7E-01      10    -132.7313021756     -108.9613165014    -0.0000408380           0.014261
   27    4.9E-02   1.6E-01      10    -132.7312005686     -108.9612148944     0.0001016070           0.014179
   28    4.6E-02   3.1E-01      20    -132.7319314883     -108.9619458141    -0.0007309197           0.000981
   29    5.0E-02   2.9E-01      20    -132.7319367829     -108.9619511087    -0.0000052946           0.000418
   30    4.0E-02   4.4E-01      30    -132.7319404394     -108.9619547652    -0.0000036565           0.000162
   31    4.9E-02   4.1E-01      30    -132.7319435434     -108.9619578692    -0.0000031040           0.000160
   32    4.5E-02   5.4E-01      40    -132.7319458033     -108.9619601291    -0.0000022600           0.000034


  RESULTS OF THE OCCUPATION OPTIMIZATION
 ========================================

   OM     Occupation      Elag Diag

    1      1.9999221    -15.6710132
    2      1.9999220    -15.6710343
    3      1.9960614     -1.3908925
    4      1.9920634     -0.7403725
    5      1.9920623     -0.7403590
    6      1.9382454     -0.6321656
    7      1.9379584     -0.6316175
    8      0.0601344     -0.0333957
    9      0.0595634     -0.0331506
   10      0.0066374     -0.0069078
   11      0.0008397     -0.0013676
   12      0.0003900     -0.0008417
   13      0.0000777     -0.0014872
   14      0.0000001     -0.0000010
   15      0.0015768     -0.0014818
   16      0.0004840     -0.0006961
   17      0.0008397     -0.0013674
   18      0.0066361     -0.0069069
   19      0.0035192     -0.0065591
   20      0.0000003     -0.0000046
   21      0.0000001     -0.0000011
   22      0.0003303     -0.0004860
   23      0.0017072     -0.0016400
   24      0.0004607     -0.0008463
   25      0.0004608     -0.0008463
   26      0.0000294     -0.0000782
   27      0.0000000     -0.0000004
   28      0.0000778     -0.0014875

   RO Sum (  14) =   14.00

  ---------------
   Dipole Moment
  ---------------

      0.0027 Debye [   0.0011  (  -0.0010,  -0.0002,  -0.0001) ]

 ----------------
  Final Energies  
 ----------------

  Final NOF Total Energy =     -108.9619601291 ( 3.E-05 , 0.E+00 )


  **************************************************
  *                                                *
  *       SINGLE-POINT DoNOF CALCULATION           *
  *                                                *
  *             FULL OPTIMIZATION                  *
  *                                                *
  *  FINAL RESULTS   FINAL RESULTS  FINAL RESULTS  *
  *                                                *
  **************************************************

  **************************************************
  *         No. EXTERNAL ITER =    32              *
  *         No. of TOTAL ITER =   410              *
  **************************************************

  Elapsed real time :      8.26  (Seconds)

 The execution finished at  9h 26min on the 11/21/2024
