 This is the parallel version of the code
 This is the parallel version of the code
 This is the parallel version of the code
 This is the parallel version of the code
Master:    0

 The execution started at 17h  4min on the  1/30/2025

    ===========================================================
    !                                                         !
    !                        Do N O F                         !
    !                                                         !
    !  (Donostia Natural Orbital Functional Software Program) !
    !                                                         !
    !               COPYRIGHT by Mario Piris                  !
    !                                                         !
    !      Donostia International Physics Center (DIPC)       !
    !       University of the Basque Country (UPV/EHU)        !
    !       Basque Foundation for Science (IKERBASQUE)        !
    !                                                         !
    !          GNU General Public License version 3           !
    !                                                         !
    !                  VERSION: Mayo 2024                     !
    !                                                         !
    ===========================================================

 Run Title
 ---------
 p30-5 set                                                                       

 Basis Set
 ---------
 /beegfs_agamede/gscratch/povmieci/SCRATCH/94374/def2-svp.bas                    

 Atom      Charge                Coordinates (Bohr)
                           x             y             z
 C           6.0        0.0000        0.0000        0.0000
 CL         17.0        1.9529       -1.9529        1.9529
 CL         17.0       -1.9529        1.9529        1.9529
 CL         17.0       -1.9529       -1.9529       -1.9529
 CL         17.0        1.9529        1.9529       -1.9529

 Atomic Basis Set
 ----------------
 The contracted primitive functions were unnormalized
 The contracted basis functions are now normalized to unity

  Shell Type  Primitive         Exponent  Contraction Coefficient

 C         

      1   S       1          1238.4016938    0.005517365048
      1   S       2           186.2900499    0.041088828556
      1   S       3            42.2511763    0.182253821265
      1   S       4            11.6765579    0.468284594374
      1   S       5             3.5930506    0.445758173360

      2   S       6             0.4024515    1.000000000000

      3   S       7             0.1309018    1.000000000000

      4   P       8             9.4680971    0.056888332011
      4   P       9             2.0103545    0.312940593365
      4   P      10             0.5477100    0.760650165091

      5   P      11             0.1526861    1.000000000000

      6   D      12             0.8000000    1.000000000000

 CL        

      7   S      13         10449.8275660    0.005426595379
      7   S      14          1571.7365221    0.040626378129
      7   S      15           357.1206552    0.183597478529
      7   S      16           100.2518594    0.474389487682
      7   S      17            30.8127276    0.437351811041

      8   S      18            51.9237894   -0.092754154848
      8   S      19             5.7045761    0.563808255442
      8   S      20             2.3508377    0.503670446297

      9   S      21             0.4460512    1.000000000000

     10   S      22             0.1684886    1.000000000000

     11   P      23           307.6679057   -0.008879702559
     11   P      24            72.1020155   -0.064284071721
     11   P      25            22.5326803   -0.242887397360
     11   P      26             7.8991765   -0.483408363699
     11   P      27             2.8767268   -0.389525638755

     12   P      28             0.7745936    1.000000000000

     13   P      29             0.2103770    1.000000000000

     14   D      30             0.6500000    1.000000000000

 CL        

     15   S      31         10449.8275660    0.005426595379
     15   S      32          1571.7365221    0.040626378129
     15   S      33           357.1206552    0.183597478529
     15   S      34           100.2518594    0.474389487682
     15   S      35            30.8127276    0.437351811041

     16   S      36            51.9237894   -0.092754154848
     16   S      37             5.7045761    0.563808255442
     16   S      38             2.3508377    0.503670446297

     17   S      39             0.4460512    1.000000000000

     18   S      40             0.1684886    1.000000000000

     19   P      41           307.6679057   -0.008879702559
     19   P      42            72.1020155   -0.064284071721
     19   P      43            22.5326803   -0.242887397360
     19   P      44             7.8991765   -0.483408363699
     19   P      45             2.8767268   -0.389525638755

     20   P      46             0.7745936    1.000000000000

     21   P      47             0.2103770    1.000000000000

     22   D      48             0.6500000    1.000000000000

 CL        

     23   S      49         10449.8275660    0.005426595379
     23   S      50          1571.7365221    0.040626378129
     23   S      51           357.1206552    0.183597478529
     23   S      52           100.2518594    0.474389487682
     23   S      53            30.8127276    0.437351811041

     24   S      54            51.9237894   -0.092754154848
     24   S      55             5.7045761    0.563808255442
     24   S      56             2.3508377    0.503670446297

     25   S      57             0.4460512    1.000000000000

     26   S      58             0.1684886    1.000000000000

     27   P      59           307.6679057   -0.008879702559
     27   P      60            72.1020155   -0.064284071721
     27   P      61            22.5326803   -0.242887397360
     27   P      62             7.8991765   -0.483408363699
     27   P      63             2.8767268   -0.389525638755

     28   P      64             0.7745936    1.000000000000

     29   P      65             0.2103770    1.000000000000

     30   D      66             0.6500000    1.000000000000

 CL        

     31   S      67         10449.8275660    0.005426595379
     31   S      68          1571.7365221    0.040626378129
     31   S      69           357.1206552    0.183597478529
     31   S      70           100.2518594    0.474389487682
     31   S      71            30.8127276    0.437351811041

     32   S      72            51.9237894   -0.092754154848
     32   S      73             5.7045761    0.563808255442
     32   S      74             2.3508377    0.503670446297

     33   S      75             0.4460512    1.000000000000

     34   S      76             0.1684886    1.000000000000

     35   P      77           307.6679057   -0.008879702559
     35   P      78            72.1020155   -0.064284071721
     35   P      79            22.5326803   -0.242887397360
     35   P      80             7.8991765   -0.483408363699
     35   P      81             2.8767268   -0.389525638755

     36   P      82             0.7745936    1.000000000000

     37   P      83             0.2103770    1.000000000000

     38   D      84             0.6500000    1.000000000000

 Total Number of Basis Set Shells             =   38
 Total Number of Primitives                   =   84
 Number of Cartesian Gaussian Basis Functions =   91
 Number of Electrons                          =   74
 Charge of Molecule                           =    0
 Spin Multiplicity                            =    1
 Number of Occupied Orbitals (Alpha)          =   37
 Number of Occupied Orbitals (Beta )          =   37
 Total Number of Atoms                        =    5

 Input Run Options
 -----------------
 IRUNTYP = 1  MULT = 1  ICHARG =  0 IECP = 0  IEMOM = 1  UNITS = ANGS    

 Integral Options
 ----------------
 CUTOFF = 1.0E-09   ISCHWZ = 0   ERITYP = FULL

 Input NOF Options
 -----------------

 Type of calculation =    Coeff. Opt.:   (ICOEF)         1
 Trigonometric functions for Occ. Opt.:  (ISOFTMAX)      0
 Type of Orb. Opt. = Orbital Rotations:  (IORBOPT)       4
 Maximum Number of Occ-Coef Outer Iter.: (MAXIT)      1000

 Natural Orbital Functional Selected:    (IPNOF)         5

 Restart calculation Option:             (RESTART)       T
 Orthogonalize the initial Orbitals:     (ORTHO)         T

 Output Option:                          (NPRINT)        0
 Output the Coefficient Matrix:          (IWRITEC)       0
 Do a Mulliken Population Analysis:      (IMULPOP)       0
 Write Information into a WFN file:      (IAIMPAC)       1
 Write Information into a FCHK file:     (IFCHK)         1
 Write Information into a MLP file:      (MOLDEN)        1
 Create Ini. Cond. (ini.xyz) file:       (INICOND)       1
 Calculate IPs using Ext. Koopmans Theo: (IEKT)          0
 Write APSG expansion coefficient file:  (APSG)          F
 Output option for Lagrange Multipliers: (PRINTLAG)      F
 Diagonalize matrix of Lag. Multipliers: (DIAGLAG)       F

 Nuclear Coordinates from GCF file:
 ----------------------------------

 Atom      Charge                Coordinates (Bohr)
                           x             y             z
 C        6.00000        0.0000        0.0000        0.0000
 CL      17.00000        1.9529       -1.9529        1.9529
 CL      17.00000       -1.9529        1.9529        1.9529
 CL      17.00000       -1.9529       -1.9529       -1.9529
 CL      17.00000        1.9529        1.9529       -1.9529

------------------------------------------------------------------------

 Orbital Space
 -------------

 Inactive Doubly occupied orbitals up to NO1  =    0
 No. considered Strongly Doubly occupied MOs  =   37
 No. considered Strongly Singly occupied MOs  =    0
 No. of Weakly occ. per St. Doubly occ.  MOs  =    1
 Dimension of the Active Nat. Orb. subspace   =   74
 Secondary Empty orbitals                     =   17

 1e- integrals
 -------------
 Time to do integrals =      0.00
 Guess for MOs = HCORE
      6173 MOs were matched and        42 equalized to zero

 2e- integrals
 -------------
 DONTW option skips storage 2e- integrals on Unit 1
             5719476 2e- integrals in     1 records
 Time to do integrals =      0.59

 RHF SCF Calculation
 -------------------
 EXTRAP=T  DAMP=T  DIIS=T
 DMat Conv = 1.0E-05  Ener Tol = 1.0E-08
 Ener Conv = 1.0E-10  DMat Tol = 2.0E-05
 DIIS Conv = 1.0E-07  DMat Tol = 2.0E-05

 ITER      TOTAL ENERGY        E CHANGE     DEN. CHANGE    DIIS ERROR
   1    -1833.8172169600 -1833.8172169600  22.033147440   2.857872538
   2    -1863.2260200040   -29.4088030440   7.249856868   0.931690771
   3    -1874.5601484898   -11.3341284858   0.660012441   0.276554685
   4    -1874.8338567647    -0.2737082749   0.407496413   0.245611135
   5    -1875.2126232596    -0.3787664949   0.069505966   0.038993739
   6    -1875.2264743725    -0.0138511128   0.011308383   0.006957746
   7    -1875.2273791070    -0.0009047346   0.002790177   0.001243403
   8    -1875.2274348767    -0.0000557696   0.001058953   0.000419095
   9    -1875.2274373991    -0.0000025224   0.000094225   0.000064113
  10    -1875.2274374453    -0.0000000462   0.000012072   0.000011479
  11    -1875.2274374459    -0.0000000006   0.000001569   0.000001533

          -----------------
          DENSITY CONVERGED
          -----------------

 FINAL RHF ENERGY IS    -1875.2274374459 AFTER  11 ITERATIONS

         WAVEFUNCTION NORMALIZATION =       1.0000000000

                ONE ELECTRON ENERGY =   -3456.5117522750
                TWO ELECTRON ENERGY =    1146.7471328476
           NUCLEAR REPULSION ENERGY =     434.5371819815
                                      ------------------
                   RHF TOTAL ENERGY =   -1875.2274374459

 ELECTRON-ELECTRON POTENTIAL ENERGY =    1146.7471328476
  NUCLEUS-ELECTRON POTENTIAL ENERGY =   -5329.4365946817
   NUCLEUS-NUCLEUS POTENTIAL ENERGY =     434.5371819815
                                      ------------------
             TOTAL POTENTIAL ENERGY =   -3748.1522798527
               TOTAL KINETIC ENERGY =    1872.9248424068
                 VIRIAL RATIO (V/T) =       2.0012294113

 Distribution Full ERIs:

 Integrals:                           5719476
 Max size per slaves:                 1429870
 Max size in master:                  7149346

 No violations of the orthonormality


  RESULTS OF OCCUPATION-COEFFICIENT OPTIMIZATION
 ================================================

  Ex It  Occ Time  Orb Time  Orb It   Electronic Energy     Total Energy   Energy Convergency    Max Mul-Lag Diff

    1    1.8E+00   1.2E+01      10   -2309.8454830558    -1875.3083010743     0.0000000000           0.030322
    2    1.6E+00   3.1E+01      30   -2309.8737187244    -1875.3365367429    -0.0282356686           0.001824
    3    1.8E+00   3.2E+01      30   -2309.8855235496    -1875.3483415681    -0.0118048252           0.001062
    4    1.8E+00   3.2E+01      30   -2309.8916018714    -1875.3544198899    -0.0060783219           0.001047
    5    1.8E+00   3.2E+01      30   -2309.8962147499    -1875.3590327684    -0.0046128785           0.000942
    6    1.8E+00   2.9E+01      30   -2309.9000666877    -1875.3628847062    -0.0038519378           0.000879
    7    1.5E+00   3.0E+01      30   -2309.9033922360    -1875.3662102545    -0.0033255483           0.000876
    8    1.7E+00   3.1E+01      30   -2309.9061498495    -1875.3689678680    -0.0027576135           0.000893
    9    1.7E+00   3.1E+01      30   -2309.9083099222    -1875.3711279407    -0.0021600727           0.000893
   10    1.7E+00   3.1E+01      30   -2309.9099342350    -1875.3727522535    -0.0016243128           0.000914
   11    1.8E+00   3.1E+01      30   -2309.9110914930    -1875.3739095115    -0.0011572580           0.000917
   12    1.7E+00   3.1E+01      30   -2309.9118606556    -1875.3746786741    -0.0007691625           0.000925
   13    1.7E+00   3.1E+01      30   -2309.9123494639    -1875.3751674824    -0.0004888083           0.000887
   14    1.7E+00   3.1E+01      30   -2309.9126556178    -1875.3754736363    -0.0003061539           0.000889
   15    1.7E+00   3.1E+01      30   -2309.9128297621    -1875.3756477806    -0.0001741443           0.000903
   16    1.8E+00   3.2E+01      30   -2309.9129245124    -1875.3757425309    -0.0000947503           0.000875
   17    1.7E+00   3.2E+01      30   -2309.9129824065    -1875.3758004249    -0.0000578941           0.000884
   18    1.8E+00   4.4E+01      40   -2309.9130417205    -1875.3758597390    -0.0000593140           0.000188
   19    1.8E+00   5.1E+01      50   -2309.9130939114    -1875.3759119299    -0.0000521909           0.000030
   20    1.5E+00   5.6E+01      60   -2309.9131374823    -1875.3759555008    -0.0000435709           0.000022
   21    1.5E+00   6.7E+01      70   -2309.9131675689    -1875.3759855874    -0.0000300867           0.000021
   22    1.6E+00   7.7E+01      80   -2309.9131897032    -1875.3760077217    -0.0000221342           0.000017
   23    1.6E+00   9.1E+01      90   -2309.9132054270    -1875.3760234455    -0.0000157238           0.000012
   24    1.8E+00   1.0E+02     100   -2309.9132163423    -1875.3760343608    -0.0000109153           0.000008
   25    1.7E+00   1.0E+02     100   -2309.9132240006    -1875.3760420191    -0.0000076583           0.000006
   26    1.7E+00   1.0E+02     100   -2309.9132301423    -1875.3760481608    -0.0000061417           0.000002
   27    1.8E+00   1.0E+02     100   -2309.9132354669    -1875.3760534854    -0.0000053246           0.000001
   28    1.8E+00   9.8E+01     100   -2309.9132401561    -1875.3760581746    -0.0000046892           0.000001
   29    1.6E+00   9.4E+01     100   -2309.9132441530    -1875.3760621715    -0.0000039969           0.000001
   30    1.7E+00   1.0E+02     100   -2309.9132473533    -1875.3760653718    -0.0000032003           0.000000
   31    1.8E+00   1.0E+02     100   -2309.9132497253    -1875.3760677438    -0.0000023720           0.000000
   32    1.4E+00   1.0E+02     110   -2309.9132513686    -1875.3760693871    -0.0000016433           0.000000
   33    1.6E+00   1.1E+02     120   -2309.9132524491    -1875.3760704676    -0.0000010805           0.000000
   34    1.6E+00   1.2E+02     130   -2309.9132531139    -1875.3760711324    -0.0000006647           0.000000
   35    1.7E+00   1.3E+02     140   -2309.9132535123    -1875.3760715308    -0.0000003984           0.000000
   36    1.5E+00   1.4E+02     150   -2309.9132537428    -1875.3760717613    -0.0000002305           0.000000
   37    1.6E+00   8.9E-01     150   -2309.9132538175    -1875.3760718360    -0.0000000747           0.000009


  RESULTS OF THE OCCUPATION OPTIMIZATION
 ========================================

   OM     Occupation      Elag Diag

    1      2.0000000   -104.8451904
    2      2.0000000   -104.8452405
    3      2.0000000   -104.8452080
    4      2.0000000   -104.8452452
    5      1.9999784     -8.5902160
    6      1.9999781     -8.5996217
    7      1.9999776     -8.6219181
    8      1.9999774     -8.6276319
    9      1.9999770     -8.6439193
   10      1.9999770     -8.6452373
   11      1.9999769     -8.6463550
   12      1.9999769     -8.6487867
   13      1.9999767     -8.6540229
   14      1.9999766     -8.6582866
   15      1.9999761     -8.6784713
   16      1.9999759     -8.6848861
   17      1.9999680     -8.8764441
   18      1.9999680     -8.8765796
   19      1.9999680     -8.8776072
   20      1.9999680     -8.8781875
   21      1.9998103    -11.4700424
   22      1.9953077     -0.6997781
   23      1.9953067     -0.6996794
   24      1.9953044     -0.6994539
   25      1.9953038     -0.6994019
   26      1.9953022     -0.6992438
   27      1.9953020     -0.6992193
   28      1.9953014     -0.6991786
   29      1.9953013     -0.6991494
   30      1.9953011     -0.6991235
   31      1.9953010     -0.6991407
   32      1.9952996     -0.6989496
   33      1.9952992     -0.6988943
   34      1.9754806     -0.7646756
   35      1.9754799     -0.7646734
   36      1.9754769     -0.7646597
   37      1.9754761     -0.7646548
   38      0.0245239     -0.0180959
   39      0.0245231     -0.0180957
   40      0.0245201     -0.0180945
   41      0.0245194     -0.0180942
   42      0.0047008     -0.0046413
   43      0.0047004     -0.0046412
   44      0.0046990     -0.0046408
   45      0.0046989     -0.0046407
   46      0.0046987     -0.0046406
   47      0.0046986     -0.0046406
   48      0.0046980     -0.0046404
   49      0.0046978     -0.0046404
   50      0.0046962     -0.0046399
   51      0.0046956     -0.0046397
   52      0.0046933     -0.0046389
   53      0.0046923     -0.0046386
   54      0.0001897     -0.0027085
   55      0.0000320     -0.0003351
   56      0.0000320     -0.0003350
   57      0.0000320     -0.0003349
   58      0.0000320     -0.0003349
   59      0.0000241     -0.0002411
   60      0.0000239     -0.0002393
   61      0.0000234     -0.0002334
   62      0.0000233     -0.0002321
   63      0.0000231     -0.0002305
   64      0.0000231     -0.0002298
   65      0.0000230     -0.0002296
   66      0.0000230     -0.0002292
   67      0.0000226     -0.0002245
   68      0.0000224     -0.0002228
   69      0.0000219     -0.0002164
   70      0.0000216     -0.0002137
   71      0.0000000     -0.0000000
   72      0.0000000     -0.0000000
   73      0.0000000     -0.0000000
   74      0.0000000     -0.0000000

   RO Sum (  74) =   74.00

  ---------------
   Dipole Moment
  ---------------

      0.0001 Debye [   0.0000  (  -0.0000,   0.0000,   0.0000) ]

 ----------------
  Final Energies  
 ----------------

  Final NOF Total Energy =    -1875.3760718360 ( 9.E-06 , 0.E+00 )


  **************************************************
  *                                                *
  *       SINGLE-POINT DoNOF CALCULATION           *
  *                                                *
  *             FULL OPTIMIZATION                  *
  *                                                *
  *  FINAL RESULTS   FINAL RESULTS  FINAL RESULTS  *
  *                                                *
  **************************************************

  **************************************************
  *         No. EXTERNAL ITER =    37              *
  *         No. of TOTAL ITER =  2480              *
  **************************************************

  Elapsed real time :   2368.34  (Seconds)

 The execution finished at 17h 43min on the  1/30/2025
