 This is the serial version of the code

 The execution started at  9h 23min on the 11/21/2024

    ===========================================================
    !                                                         !
    !                        Do N O F                         !
    !                                                         !
    !  (Donostia Natural Orbital Functional Software Program) !
    !                                                         !
    !               COPYRIGHT by Mario Piris                  !
    !                                                         !
    !      Donostia International Physics Center (DIPC)       !
    !       University of the Basque Country (UPV/EHU)        !
    !       Basque Foundation for Science (IKERBASQUE)        !
    !                                                         !
    !          GNU General Public License version 3           !
    !                                                         !
    !                  VERSION: Mayo 2024                     !
    !                                                         !
    ===========================================================

 Run Title
 ---------
 p30-5 set                                                                       

 Basis Set
 ---------
 /home/ion/p30-5/inps/def2-svp/Pnof5/def2-svp.bas                                

 Atom      Charge                Coordinates (Bohr)
                           x             y             z
 HE          2.0        0.0000        0.0000       -1.5225
 HE          2.0        0.0000        0.0000        1.5225

 Atomic Basis Set
 ----------------
 The contracted primitive functions were unnormalized
 The contracted basis functions are now normalized to unity

  Shell Type  Primitive         Exponent  Contraction Coefficient

 HE        
 
      1   S       1            38.3549367    0.040183890352
      1   S       2             5.7689081    0.261391344439
      1   S       3             1.2399407    0.793039157864
 
      2   S       4             0.2975782    1.000000000000
 
      3   P       5             1.0000000    1.000000000000

 HE        
 
      4   S       6            38.3549367    0.040183890352
      4   S       7             5.7689081    0.261391344439
      4   S       8             1.2399407    0.793039157864
 
      5   S       9             0.2975782    1.000000000000
 
      6   P      10             1.0000000    1.000000000000

 Total Number of Basis Set Shells             =    6
 Total Number of Primitives                   =   10
 Number of Cartesian Gaussian Basis Functions =   10
 Number of Electrons                          =    3
 Charge of Molecule                           =    1
 Spin Multiplicity                            =    2
 Number of Occupied Orbitals (Alpha)          =    2
 Number of Occupied Orbitals (Beta )          =    1
 Total Number of Atoms                        =    2

 Input Run Options
 -----------------
 IRUNTYP = 1  MULT = 2  ICHARG =  1 IECP = 0  IEMOM = 1  UNITS = ANGS    

 Integral Options
 ----------------
 CUTOFF = 1.0E-09   ISCHWZ = 0   ERITYP = FULL

 Input NOF Options
 -----------------

 Type of calculation =    Coeff. Opt.:   (ICOEF)         1
 Use Softmax function for Occ. Opt.:     (ISOFTMAX)      1
 Type of Orb. Opt. = Orbital Rotations:  (IORBOPT)       4
 Maximum Number of Occ-Coef Outer Iter.: (MAXIT)      1000

 Natural Orbital Functional Selected:    (IPNOF)         5
 Spin-Multiplet, High-Spin State Option: (HighSpin)      F
 
 Restart calculation Option:             (RESTART)       F
 Restart Gamma Matrix from GCF file:     (INPUTGAMMA)    0
 Coefficient Matrix from GCF file:       (INPUTC)        0
 Diagonal Elements FMIUG from GCF file:  (INPUTFMIUG)    0
 Cartesian Coordinates from GCF file:    (INPUTCXYZ)     0
 Orthogonalize the initial Orbitals:     (ORTHO)         T

 Output Option:                          (NPRINT)        0
 Output the Coefficient Matrix:          (IWRITEC)       0
 Do a Mulliken Population Analysis:      (IMULPOP)       0
 Write Information into a WFN file:      (IAIMPAC)       1
 Write Information into a FCHK file:     (IFCHK)         1
 Write Information into a MLP file:      (MOLDEN)        1
 Create Ini. Cond. (ini.xyz) file:       (INICOND)       1
 Calculate IPs using Ext. Koopmans Theo: (IEKT)          0
 Write APSG expansion coefficient file:  (APSG)          F
 Output option for Lagrange Multipliers: (PRINTLAG)      F
 Diagonalize matrix of Lag. Multipliers: (DIAGLAG)       F

------------------------------------------------------------------------

 Orbital Space
 -------------

 Inactive Doubly occupied orbitals up to NO1  =    0
 No. considered Strongly Doubly occupied MOs  =    1
 No. considered Strongly Singly occupied MOs  =    1
 No. of Weakly occ. per St. Doubly occ.  MOs  =    8
 Dimension of the Active Nat. Orb. subspace   =    9
 Secondary Empty orbitals                     =    0

 1e- integrals
 -------------
 Time to do integrals =      0.00
 Guess for MOs = HCORE
        26 MOs were matched and         0 equalized to zero

 2e- integrals
 -------------
 DONTW option skips storage 2e- integrals on Unit 1
                 512 2e- integrals in     1 records
 Time to do integrals =      0.00

 Input for Coefficients is HCORE


  RESULTS OF OCCUPATION-COEFFICIENT OPTIMIZATION
 ================================================

  Ex It  Occ Time  Orb Time  Orb It   Electronic Energy     Total Energy   Energy Convergency    Max Mul-Lag Diff

    1    1.8E-03   2.2E-03      10      -6.1838959316       -4.8702351357    -0.0800638846           0.046165
    2    1.9E-03   2.1E-03      10      -6.1882443713       -4.8745835754    -0.0043484397           0.003809
    3    1.8E-03   2.1E-03      10      -6.1895241000       -4.8758633041    -0.0012797287           0.003767
    4    1.8E-03   2.1E-03      10      -6.1918840171       -4.8782232212    -0.0023599171           0.006539
    5    2.1E-03   2.2E-03      10      -6.1951354523       -4.8814746564    -0.0032514352           0.007019
    6    2.0E-03   2.1E-03      10      -6.1984038401       -4.8847430442    -0.0032683878           0.006199
    7    1.9E-03   2.1E-03      10      -6.2008648706       -4.8872040746    -0.0024610304           0.003939
    8    2.2E-03   2.1E-03      10      -6.2021953386       -4.8885345426    -0.0013304680           0.002146
    9    2.1E-03   1.9E-03      10      -6.2026886668       -4.8890278708    -0.0004933282           0.002892
   10    1.6E-03   1.9E-03      10      -6.2029306446       -4.8892698487    -0.0002419779           0.001535
   11    1.8E-03   2.2E-03      10      -6.2030474392       -4.8893866433    -0.0001167946           0.001678
   12    1.8E-03   2.1E-03      10      -6.2030722337       -4.8894114378    -0.0000247944           0.001799
   13    1.5E-03   4.0E-03      20      -6.2030894168       -4.8894286209    -0.0000171831           0.000469
   14    1.5E-03   5.8E-03      30      -6.2030918598       -4.8894310638    -0.0000024429           0.000128
   15    1.5E-03   7.6E-03      40      -6.2030924917       -4.8894316958    -0.0000006319           0.000025


  RESULTS OF THE OCCUPATION OPTIMIZATION
 ========================================

   OM     Occupation      Elag Diag

    1      1.9875553     -1.3295849
    2      1.0000000     -0.9295142
    3      0.0065115     -0.0104516
    4      0.0019218     -0.0035207
    5      0.0000153     -0.0000334
    6      0.0019179     -0.0035181
    7      0.0020488     -0.0036974
    8      0.0000084     -0.0000178
    9      0.0000083     -0.0000178
   10      0.0000127     -0.0000215

   RO Sum (   3) =    3.00

  ---------------
   Dipole Moment
  ---------------

      3.1388 Debye [   1.2349  (  -0.0000,   0.0000,  -1.2349) ]

 ----------------
  Final Energies  
 ----------------

  Final NOF Total Energy =       -4.8894316958 ( 2.E-05 , 0.E+00 )


  **************************************************
  *                                                *
  *       SINGLE-POINT DoNOF CALCULATION           *
  *                                                *
  *             FULL OPTIMIZATION                  *
  *                                                *
  *  FINAL RESULTS   FINAL RESULTS  FINAL RESULTS  *
  *                                                *
  **************************************************

  **************************************************
  *         No. EXTERNAL ITER =    15              *
  *         No. of TOTAL ITER =   210              *
  **************************************************

  Elapsed real time :      0.08  (Seconds)

 The execution finished at  9h 23min on the 11/21/2024
