 This is the parallel version of the code
 This is the parallel version of the code
 This is the parallel version of the code
 This is the parallel version of the code
 This is the parallel version of the code
 This is the parallel version of the code
 This is the parallel version of the code
 This is the parallel version of the code
 This is the parallel version of the code
 This is the parallel version of the code
 This is the parallel version of the code
 This is the parallel version of the code
Master:    0

 The execution started at 15h 25min on the  3/11/2025

    ===========================================================
    !                                                         !
    !                        Do N O F                         !
    !                                                         !
    !  (Donostia Natural Orbital Functional Software Program) !
    !                                                         !
    !               COPYRIGHT by Mario Piris                  !
    !                                                         !
    !      Donostia International Physics Center (DIPC)       !
    !       University of the Basque Country (UPV/EHU)        !
    !       Basque Foundation for Science (IKERBASQUE)        !
    !                                                         !
    !          GNU General Public License version 3           !
    !                                                         !
    !                  VERSION: Mayo 2024                     !
    !                                                         !
    ===========================================================

 Run Title
 ---------
 p30-5 set                                                                       

 Basis Set
 ---------
 /home/ion/p30-5/def2-qzvp/Pnof5/ncwo/def2-qzvp.bas                              

 Atom      Charge                Coordinates (Bohr)
                           x             y             z
 N           7.0        0.0000        0.0000        0.0000

 Atomic Basis Set
 ----------------
 The contracted primitive functions were unnormalized
 The contracted basis functions are now normalized to unity

  Shell Type  Primitive         Exponent  Contraction Coefficient

 N         
 
      1   S       1         90726.8892100    0.000070982346
      1   S       2         13590.5288010    0.000551712516
      1   S       3          3092.9883781    0.002893067845
      1   S       4           875.9987636    0.012111212150
      1   S       5           285.7446998    0.042834127812
      1   S       6           103.1191342    0.129198809022
      1   S       7            40.1285568    0.318818920022
      1   S       8            16.5280957    0.590844885361
 
      2   S       9            69.3909610    0.094659213180
      2   S      10            20.4282006    0.925496499302
 
      3   S      11             7.1292588    1.000000000000
 
      4   S      12             3.1324305    1.000000000000
 
      5   S      13             0.9875578    1.000000000000
 
      6   S      14             0.3876572    1.000000000000
 
      7   S      15             0.1490988    1.000000000000
 
      8   P      16           150.0574267   -0.002450051156
      8   P      17            35.4915995   -0.019486267495
      8   P      18            11.2478642   -0.090355519008
      8   P      19             4.0900305   -0.299446872557
      8   P      20             1.6220573   -0.696789730227
 
      9   P      21             0.6644226    1.000000000000
 
     10   P      22             0.2709977    1.000000000000
 
     11   P      23             0.1068875    1.000000000000
 
     12   D      24             2.8370000    1.000000000000
 
     13   D      25             0.9680000    1.000000000000
 
     14   D      26             0.3350000    1.000000000000
 
     15   F      27             2.0270000    1.000000000000
 
     16   F      28             0.6850000    1.000000000000
 
     17   G      29             1.4270000    1.000000000000

 Total Number of Basis Set Shells             =   17
 Total Number of Primitives                   =   29
 Number of Cartesian Gaussian Basis Functions =   72
 Number of Electrons                          =    7
 Charge of Molecule                           =    0
 Spin Multiplicity                            =    4
 Number of Occupied Orbitals (Alpha)          =    5
 Number of Occupied Orbitals (Beta )          =    2
 Total Number of Atoms                        =    1

 Input Run Options
 -----------------
 IRUNTYP = 1  MULT = 4  ICHARG =  0 IECP = 0  IEMOM = 1  UNITS = ANGS    

 Integral Options
 ----------------
 CUTOFF = 1.0E-09   ISCHWZ = 0   ERITYP = FULL

 Input NOF Options
 -----------------

 Type of calculation =    Coeff. Opt.:   (ICOEF)         1
 Use Softmax function for Occ. Opt.:     (ISOFTMAX)      1
 Type of Orb. Opt. = Orbital Rotations:  (IORBOPT)       4
 Maximum Number of Occ-Coef Outer Iter.: (MAXIT)      1000

 Natural Orbital Functional Selected:    (IPNOF)         5
 Spin-Multiplet, High-Spin State Option: (HighSpin)      F
 
 Restart calculation Option:             (RESTART)       T
 Orthogonalize the initial Orbitals:     (ORTHO)         T

 Output Option:                          (NPRINT)        0
 Output the Coefficient Matrix:          (IWRITEC)       0
 Do a Mulliken Population Analysis:      (IMULPOP)       0
 Write Information into a WFN file:      (IAIMPAC)       1
 Write Information into a FCHK file:     (IFCHK)         1
 Write Information into a MLP file:      (MOLDEN)        1
 Create Ini. Cond. (ini.xyz) file:       (INICOND)       1
 Calculate IPs using Ext. Koopmans Theo: (IEKT)          0
 Write APSG expansion coefficient file:  (APSG)          F
 Output option for Lagrange Multipliers: (PRINTLAG)      F
 Diagonalize matrix of Lag. Multipliers: (DIAGLAG)       F

 Nuclear Coordinates from GCF file:
 ----------------------------------

 Atom      Charge                Coordinates (Bohr)
                           x             y             z
 N        7.00000        0.0000        0.0000        0.0000

------------------------------------------------------------------------

 Orbital Space
 -------------

 Inactive Doubly occupied orbitals up to NO1  =    0
 No. considered Strongly Doubly occupied MOs  =    2
 No. considered Strongly Singly occupied MOs  =    3
 No. of Weakly occ. per St. Doubly occ.  MOs  =   18
 Dimension of the Active Nat. Orb. subspace   =   38
 Secondary Empty orbitals                     =   31

 1e- integrals
 -------------
 Time to do integrals =      0.00

 2e- integrals
 -------------
 DONTW option skips storage 2e- integrals on Unit 1
              453802 2e- integrals in     1 records
 Time to do integrals =      0.15

 Distribution Full ERIs:

 Integrals:                            453802
 Max size per slaves:                   37818
 Max size in master:                   491620

 No violations of the orthonormality


  RESULTS OF OCCUPATION-COEFFICIENT OPTIMIZATION
 ================================================

  Ex It  Occ Time  Orb Time  Orb It   Electronic Energy     Total Energy   Energy Convergency    Max Mul-Lag Diff

    1    1.1E-01   1.3E-01      10     -54.4123771490      -54.4123771490     0.0000000000           0.011815
    2    9.6E-02   4.1E-01      30     -54.4132934206      -54.4132934206    -0.0009162716           0.001374
    3    1.1E-01   3.6E-01      30     -54.4144162445      -54.4144162445    -0.0011228240           0.001345
    4    1.5E-01   3.6E-01      30     -54.4158637850      -54.4158637850    -0.0014475405           0.003064
    5    1.5E-01   3.7E-01      30     -54.4175340656      -54.4175340656    -0.0016702806           0.003106
    6    1.4E-01   3.8E-01      30     -54.4192194802      -54.4192194802    -0.0016854146           0.005929
    7    1.6E-01   3.7E-01      30     -54.4207386208      -54.4207386208    -0.0015191407           0.003767
    8    1.2E-01   3.7E-01      30     -54.4220430741      -54.4220430741    -0.0013044532           0.003418
    9    1.2E-01   3.7E-01      30     -54.4231045984      -54.4231045984    -0.0010615243           0.002075
   10    1.3E-01   3.7E-01      30     -54.4239187610      -54.4239187610    -0.0008141626           0.003906
   11    1.3E-01   4.1E-01      30     -54.4245504756      -54.4245504756    -0.0006317146           0.001714
   12    1.3E-01   3.6E-01      30     -54.4250095205      -54.4250095205    -0.0004590449           0.002261
   13    1.2E-01   3.6E-01      30     -54.4253170840      -54.4253170840    -0.0003075635           0.002845
   14    1.2E-01   3.6E-01      30     -54.4255190496      -54.4255190496    -0.0002019655           0.002766
   15    1.1E-01   3.8E-01      30     -54.4256484655      -54.4256484655    -0.0001294160           0.001758
   16    1.4E-01   3.7E-01      30     -54.4257392934      -54.4257392934    -0.0000908279           0.001601
   17    1.0E-01   3.7E-01      30     -54.4257913998      -54.4257913998    -0.0000521064           0.002695
   18    1.0E-01   3.7E-01      30     -54.4258135463      -54.4258135463    -0.0000221465           0.002197
   19    1.1E-01   4.8E-01      40     -54.4258222657      -54.4258222657    -0.0000087195           0.000713
   20    1.0E-01   6.3E-01      50     -54.4258228214      -54.4258228214    -0.0000005556           0.000486
   21    9.8E-02   7.0E-01      60     -54.4258229635      -54.4258229635    -0.0000001421           0.000401
   22    9.9E-02   8.5E-01      70     -54.4258239472      -54.4258239472    -0.0000009838           0.000235
   23    1.3E-01   9.2E-01      80     -54.4258242274      -54.4258242274    -0.0000002802           0.000180
   24    9.6E-02   1.0E+00      90     -54.4258243337      -54.4258243337    -0.0000001063           0.000132
   25    1.2E-01   1.2E+00     100     -54.4258244415      -54.4258244415    -0.0000001078           0.000077
   26    9.6E-02   4.8E-03     100     -54.4258244446      -54.4258244446    -0.0000000031           0.000077


  RESULTS OF THE OCCUPATION OPTIMIZATION
 ========================================

   OM     Occupation      Elag Diag

    1      1.9995008    -15.5616463
    2      1.9968923     -1.0353387
    3      1.0000000     -0.2840034
    4      1.0000000     -0.2840026
    5      1.0000000     -0.2840032
    6      0.0009190     -0.0013342
    7      0.0003037     -0.0082492
    8      0.0001456     -0.0002542
    9      0.0000623     -0.0011879
   10      0.0003101     -0.0005652
   11      0.0000000     -0.0000005
   12      0.0003101     -0.0005652
   13      0.0000002     -0.0000037
   14      0.0003191     -0.0005675
   15      0.0000062     -0.0004309
   16      0.0000232     -0.0000705
   17      0.0000622     -0.0011875
   18      0.0000231     -0.0000705
   19      0.0000000     -0.0000004
   20      0.0003106     -0.0005655
   21      0.0000000     -0.0000000
   22      0.0003187     -0.0005673
   23      0.0000006     -0.0000497
   24      0.0001437     -0.0002520
   25      0.0000000     -0.0000004
   26      0.0000231     -0.0000702
   27      0.0000000     -0.0000000
   28      0.0001447     -0.0002536
   29      0.0000003     -0.0000042
   30      0.0000231     -0.0000702
   31      0.0000005     -0.0000091
   32      0.0000121     -0.0000398
   33      0.0000004     -0.0000086
   34      0.0000231     -0.0000703
   35      0.0000004     -0.0000080
   36      0.0000231     -0.0000703
   37      0.0000623     -0.0011886
   38      0.0000231     -0.0000703
   39      0.0000000     -0.0000000
   40      0.0000120     -0.0000398
   41      0.0000000     -0.0000005

   RO Sum (   7) =    7.00

  ---------------
   Dipole Moment
  ---------------

      0.0007 Debye [   0.0003  (   0.0002,  -0.0000,  -0.0002) ]

 ----------------
  Final Energies  
 ----------------

  Final NOF Total Energy =      -54.4258244446 ( 8.E-05 , 0.E+00 )


  **************************************************
  *                                                *
  *       SINGLE-POINT DoNOF CALCULATION           *
  *                                                *
  *             FULL OPTIMIZATION                  *
  *                                                *
  *  FINAL RESULTS   FINAL RESULTS  FINAL RESULTS  *
  *                                                *
  **************************************************

  **************************************************
  *         No. EXTERNAL ITER =    26              *
  *         No. of TOTAL ITER =  1110              *
  **************************************************

  Elapsed real time :     15.61  (Seconds)

 The execution finished at 15h 25min on the  3/11/2025
