 This is the serial version of the code

 The execution started at 15h 36min on the 11/28/2024

    ===========================================================
    !                                                         !
    !                        Do N O F                         !
    !                                                         !
    !  (Donostia Natural Orbital Functional Software Program) !
    !                                                         !
    !               COPYRIGHT by Mario Piris                  !
    !                                                         !
    !      Donostia International Physics Center (DIPC)       !
    !       University of the Basque Country (UPV/EHU)        !
    !       Basque Foundation for Science (IKERBASQUE)        !
    !                                                         !
    !          GNU General Public License version 3           !
    !                                                         !
    !                  VERSION: Mayo 2024                     !
    !                                                         !
    ===========================================================

 Run Title
 ---------
 p30-5 set                                                                       

 Basis Set
 ---------
 /home/ion/p30-5/Results/def2-svp/Pnof5/def2-svp.bas                             

 Atom      Charge                Coordinates (Bohr)
                           x             y             z
 S          16.0        0.0000        0.0000        0.0000
 O           8.0        0.0000        2.6887        0.0000
 O           8.0        2.3285       -1.3443        0.0000
 O           8.0       -2.3285       -1.3443        0.0000

 Atomic Basis Set
 ----------------
 The contracted primitive functions were unnormalized
 The contracted basis functions are now normalized to unity

  Shell Type  Primitive         Exponent  Contraction Coefficient

 S         
 
      1   S       1          9184.9303010   -0.005472946613
      1   S       2          1381.5105503   -0.040954402155
      1   S       3           313.8714758   -0.184758289562
      1   S       4            88.0538706   -0.475672806440
      1   S       5            27.0399149   -0.434951535842
 
      2   S       6            45.6487313   -0.091904045809
      2   S       7             4.9664522    0.556987772145
      2   S       8             2.0116242    0.511154682985
 
      3   S       9             0.3566108    1.000000000000
 
      4   S      10             0.1350722    1.000000000000
 
      5   P      11           261.9823344   -0.009183054659
      5   P      12            61.3068947   -0.065902226526
      5   P      13            19.1037299   -0.245877845187
      5   P      14             6.6567720   -0.482314710760
      5   P      15             2.3959635   -0.389563143514
 
      6   P      16             0.6177616    1.000000000000
 
      7   P      17             0.1699338    1.000000000000
 
      8   D      18             0.5500000    1.000000000000

 O         
 
      9   S      19          2266.1767785   -0.005389350392
      9   S      20           340.8701019   -0.040234721389
      9   S      21            77.3631352   -0.180081842055
      9   S      22            21.4796449   -0.468288576577
      9   S      23             6.6589433   -0.446926171602
 
     10   S      24             0.8097598    1.000000000000
 
     11   S      25             0.2553077    1.000000000000
 
     12   P      26            17.7215043    0.062630248763
     12   P      27             3.8635505    0.333311384824
     12   P      28             1.0480921    0.741486383081
 
     13   P      29             0.2764154    1.000000000000
 
     14   D      30             1.2000000    1.000000000000

 O         
 
     15   S      31          2266.1767785   -0.005389350392
     15   S      32           340.8701019   -0.040234721389
     15   S      33            77.3631352   -0.180081842055
     15   S      34            21.4796449   -0.468288576577
     15   S      35             6.6589433   -0.446926171602
 
     16   S      36             0.8097598    1.000000000000
 
     17   S      37             0.2553077    1.000000000000
 
     18   P      38            17.7215043    0.062630248763
     18   P      39             3.8635505    0.333311384824
     18   P      40             1.0480921    0.741486383081
 
     19   P      41             0.2764154    1.000000000000
 
     20   D      42             1.2000000    1.000000000000

 O         
 
     21   S      43          2266.1767785   -0.005389350392
     21   S      44           340.8701019   -0.040234721389
     21   S      45            77.3631352   -0.180081842055
     21   S      46            21.4796449   -0.468288576577
     21   S      47             6.6589433   -0.446926171602
 
     22   S      48             0.8097598    1.000000000000
 
     23   S      49             0.2553077    1.000000000000
 
     24   P      50            17.7215043    0.062630248763
     24   P      51             3.8635505    0.333311384824
     24   P      52             1.0480921    0.741486383081
 
     25   P      53             0.2764154    1.000000000000
 
     26   D      54             1.2000000    1.000000000000

 Total Number of Basis Set Shells             =   26
 Total Number of Primitives                   =   54
 Number of Cartesian Gaussian Basis Functions =   64
 Number of Electrons                          =   40
 Charge of Molecule                           =    0
 Spin Multiplicity                            =    1
 Number of Occupied Orbitals (Alpha)          =   20
 Number of Occupied Orbitals (Beta )          =   20
 Total Number of Atoms                        =    4

 Input Run Options
 -----------------
 IRUNTYP = 1  MULT = 1  ICHARG =  0 IECP = 0  IEMOM = 1  UNITS = ANGS    

 Integral Options
 ----------------
 CUTOFF = 1.0E-09   ISCHWZ = 0   ERITYP = FULL

 Input NOF Options
 -----------------

 Type of calculation =    Coeff. Opt.:   (ICOEF)         1
 Use Softmax function for Occ. Opt.:     (ISOFTMAX)      1
 Type of Orb. Opt. = Orbital Rotations:  (IORBOPT)       4
 Maximum Number of Occ-Coef Outer Iter.: (MAXIT)      1000

 Natural Orbital Functional Selected:    (IPNOF)         5
 
 Restart calculation Option:             (RESTART)       T
 Orthogonalize the initial Orbitals:     (ORTHO)         T

 Output Option:                          (NPRINT)        0
 Output the Coefficient Matrix:          (IWRITEC)       0
 Do a Mulliken Population Analysis:      (IMULPOP)       0
 Write Information into a WFN file:      (IAIMPAC)       1
 Write Information into a FCHK file:     (IFCHK)         1
 Write Information into a MLP file:      (MOLDEN)        1
 Create Ini. Cond. (ini.xyz) file:       (INICOND)       1
 Calculate IPs using Ext. Koopmans Theo: (IEKT)          0
 Write APSG expansion coefficient file:  (APSG)          F
 Output option for Lagrange Multipliers: (PRINTLAG)      F
 Diagonalize matrix of Lag. Multipliers: (DIAGLAG)       F

 Nuclear Coordinates from GCF file:
 ----------------------------------

 Atom      Charge                Coordinates (Bohr)
                           x             y             z
 S       16.00000        0.0000        0.0000        0.0000
 O        8.00000        0.0000        2.6887        0.0000
 O        8.00000        2.3285       -1.3443        0.0000
 O        8.00000       -2.3285       -1.3443        0.0000

------------------------------------------------------------------------

 Orbital Space
 -------------

 Inactive Doubly occupied orbitals up to NO1  =    0
 No. considered Strongly Doubly occupied MOs  =   20
 No. considered Strongly Singly occupied MOs  =    0
 No. of Weakly occ. per St. Doubly occ.  MOs  =    2
 Dimension of the Active Nat. Orb. subspace   =   60
 Secondary Empty orbitals                     =    4

 1e- integrals
 -------------
 Time to do integrals =      0.00

 2e- integrals
 -------------
 DONTW option skips storage 2e- integrals on Unit 1
              959606 2e- integrals in     1 records
 Time to do integrals =      0.27

 Orthonormality violations:      54, Maximum Violation:  0.000003
 Orthogonalize the orbitals

 No violations of the orthonormality


  RESULTS OF OCCUPATION-COEFFICIENT OPTIMIZATION
 ================================================

  Ex It  Occ Time  Orb Time  Orb It   Electronic Energy     Total Energy   Energy Convergency    Max Mul-Lag Diff

    1    1.5E+00   7.1E+00      10    -805.8495524503     -621.7998653186    -0.0136181524           0.170030
    2    1.5E+00   7.0E+00      10    -805.8771710269     -621.8274838952    -0.0276185766           0.086480
    3    1.5E+00   7.0E+00      10    -805.8851504018     -621.8354632702    -0.0079793750           0.111875
    4    1.5E+00   7.0E+00      10    -805.8963028340     -621.8466157023    -0.0111524321           0.105049
    5    1.5E+00   7.0E+00      10    -805.9016472905     -621.8519601588    -0.0053444565           0.101764
    6    1.5E+00   7.0E+00      10    -805.9049747381     -621.8552876064    -0.0033274476           0.097893
    7    1.4E+00   7.0E+00      10    -805.9059649395     -621.8562778078    -0.0009902014           0.088532
    8    1.4E+00   7.0E+00      10    -805.9066988172     -621.8570116855    -0.0007338777           0.102289
    9    1.4E+00   7.1E+00      10    -805.9059237018     -621.8562365701     0.0007751154           0.114436
   10    1.4E+00   1.3E+01      20    -805.9165442902     -621.8668571586    -0.0106205885           0.004451
   11    1.4E+00   1.3E+01      20    -805.9165927845     -621.8669056528    -0.0000484942           0.002371
   12    1.4E+00   1.3E+01      20    -805.9166131874     -621.8669260557    -0.0000204029           0.002097
   13    1.4E+00   1.3E+01      20    -805.9166348419     -621.8669477102    -0.0000216545           0.002085
   14    1.4E+00   1.9E+01      30    -805.9166502759     -621.8669631442    -0.0000154340           0.000818
   15    1.4E+00   1.9E+01      30    -805.9166557802     -621.8669686485    -0.0000055043           0.000810
   16    1.4E+00   2.6E+01      40    -805.9166594458     -621.8669723141    -0.0000036656           0.000171
   17    1.5E+00   3.2E+01      50    -805.9166616845     -621.8669745528    -0.0000022386           0.000026


  RESULTS OF THE OCCUPATION OPTIMIZATION
 ========================================

   OM     Occupation      Elag Diag

    1      2.0000000    -92.2679909
    2      1.9999917     -7.0090746
    3      1.9999853     -7.4306298
    4      1.9999696     -7.8659977
    5      1.9999691     -7.8749643
    6      1.9999608    -20.6484953
    7      1.9999607    -20.6485314
    8      1.9999607    -20.6485609
    9      1.9923203     -0.8256777
   10      1.9923202     -0.8255900
   11      1.9923186     -0.8252781
   12      1.9923183     -0.8255174
   13      1.9923181     -0.8252859
   14      1.9923174     -0.8255786
   15      1.9866379     -0.9433606
   16      1.9866335     -0.9434418
   17      1.9866273     -0.9446832
   18      1.9866268     -0.9446520
   19      1.9866178     -0.9446032
   20      1.9866021     -0.9432469
   21      0.0124827     -0.0135297
   22      0.0124571     -0.0135175
   23      0.0124506     -0.0135101
   24      0.0124488     -0.0135096
   25      0.0124536     -0.0135129
   26      0.0124470     -0.0135056
   27      0.0069475     -0.0084949
   28      0.0069493     -0.0084938
   29      0.0069495     -0.0084952
   30      0.0007313     -0.0013521
   31      0.0007321     -0.0013523
   32      0.0069476     -0.0084945
   33      0.0000392     -0.0009660
   34      0.0000003     -0.0000042
   35      0.0000391     -0.0009656
   36      0.0000003     -0.0000017
   37      0.0000299     -0.0002861
   38      0.0000013     -0.0000039
   39      0.0000008     -0.0000026
   40      0.0000000      0.0000000
   41      0.0009152     -0.0014349
   42      0.0009251     -0.0014426
   43      0.0009226     -0.0014411
   44      0.0009239     -0.0014422
   45      0.0009129     -0.0014334
   46      0.0009151     -0.0014344
   47      0.0007350     -0.0013542
   48      0.0007326     -0.0013528
   49      0.0007322     -0.0013527
   50      0.0069501     -0.0084939
   51      0.0069477     -0.0084940
   52      0.0007320     -0.0013523
   53      0.0000002     -0.0000031
   54      0.0000390     -0.0009641
   55      0.0000001     -0.0000021
   56      0.0000306     -0.0002881
   57      0.0000005     -0.0000011
   58      0.0000134     -0.0001428
   59      0.0000076     -0.0000718
   60      0.0000000      0.0000000

   RO Sum (  40) =   40.00

  ---------------
   Dipole Moment
  ---------------

      0.0008 Debye [   0.0003  (  -0.0002,  -0.0002,  -0.0000) ]

 ----------------
  Final Energies  
 ----------------

  Final NOF Total Energy =     -621.8669745528 ( 3.E-05 , 0.E+00 )


  **************************************************
  *                                                *
  *       SINGLE-POINT DoNOF CALCULATION           *
  *                                                *
  *             FULL OPTIMIZATION                  *
  *                                                *
  *  FINAL RESULTS   FINAL RESULTS  FINAL RESULTS  *
  *                                                *
  **************************************************

  **************************************************
  *         No. EXTERNAL ITER =    17              *
  *         No. of TOTAL ITER =   320              *
  **************************************************

  Elapsed real time :    237.17  (Seconds)

 The execution finished at 15h 40min on the 11/28/2024
