 This is the parallel version of the code
 This is the parallel version of the code
 This is the parallel version of the code
 This is the parallel version of the code
Master:    0

 The execution started at 10h  5min on the 11/21/2024

    ===========================================================
    !                                                         !
    !                        Do N O F                         !
    !                                                         !
    !  (Donostia Natural Orbital Functional Software Program) !
    !                                                         !
    !               COPYRIGHT by Mario Piris                  !
    !                                                         !
    !      Donostia International Physics Center (DIPC)       !
    !       University of the Basque Country (UPV/EHU)        !
    !       Basque Foundation for Science (IKERBASQUE)        !
    !                                                         !
    !          GNU General Public License version 3           !
    !                                                         !
    !                  VERSION: Mayo 2024                     !
    !                                                         !
    ===========================================================

 Run Title
 ---------
 p30-5 set                                                                       

 Basis Set
 ---------
 /beegfs_agamede/gscratch/povmieci/SCRATCH/64752/def2-svp.bas                    

 Atom      Charge                Coordinates (Bohr)
                           x             y             z
 O           8.0        2.2193        0.3672        0.0000
 O           8.0        0.0000        1.0454        0.0000
 O           8.0       -1.7961       -1.3563        0.0000
 H           1.0       -3.3852       -0.4502        0.0000

 Atomic Basis Set
 ----------------
 The contracted primitive functions were unnormalized
 The contracted basis functions are now normalized to unity

  Shell Type  Primitive         Exponent  Contraction Coefficient

 O         

      1   S       1          2266.1767785   -0.005389350392
      1   S       2           340.8701019   -0.040234721389
      1   S       3            77.3631352   -0.180081842055
      1   S       4            21.4796449   -0.468288576577
      1   S       5             6.6589433   -0.446926171602

      2   S       6             0.8097598    1.000000000000

      3   S       7             0.2553077    1.000000000000

      4   P       8            17.7215043    0.062630248763
      4   P       9             3.8635505    0.333311384824
      4   P      10             1.0480921    0.741486383081

      5   P      11             0.2764154    1.000000000000

      6   D      12             1.2000000    1.000000000000

 O         

      7   S      13          2266.1767785   -0.005389350392
      7   S      14           340.8701019   -0.040234721389
      7   S      15            77.3631352   -0.180081842055
      7   S      16            21.4796449   -0.468288576577
      7   S      17             6.6589433   -0.446926171602

      8   S      18             0.8097598    1.000000000000

      9   S      19             0.2553077    1.000000000000

     10   P      20            17.7215043    0.062630248763
     10   P      21             3.8635505    0.333311384824
     10   P      22             1.0480921    0.741486383081

     11   P      23             0.2764154    1.000000000000

     12   D      24             1.2000000    1.000000000000

 O         

     13   S      25          2266.1767785   -0.005389350392
     13   S      26           340.8701019   -0.040234721389
     13   S      27            77.3631352   -0.180081842055
     13   S      28            21.4796449   -0.468288576577
     13   S      29             6.6589433   -0.446926171602

     14   S      30             0.8097598    1.000000000000

     15   S      31             0.2553077    1.000000000000

     16   P      32            17.7215043    0.062630248763
     16   P      33             3.8635505    0.333311384824
     16   P      34             1.0480921    0.741486383081

     17   P      35             0.2764154    1.000000000000

     18   D      36             1.2000000    1.000000000000

 H         

     19   S      37            13.0107010    0.033485484813
     19   S      38             1.9622572    0.234721870881
     19   S      39             0.4445380    0.813770285260

     20   S      40             0.1219496    1.000000000000

     21   P      41             0.8000000    1.000000000000

 Total Number of Basis Set Shells             =   21
 Total Number of Primitives                   =   41
 Number of Cartesian Gaussian Basis Functions =   50
 Number of Electrons                          =   25
 Charge of Molecule                           =    0
 Spin Multiplicity                            =    2
 Number of Occupied Orbitals (Alpha)          =   13
 Number of Occupied Orbitals (Beta )          =   12
 Total Number of Atoms                        =    4

 Input Run Options
 -----------------
 IRUNTYP = 1  MULT = 2  ICHARG =  0 IECP = 0  IEMOM = 1  UNITS = ANGS    

 Integral Options
 ----------------
 CUTOFF = 1.0E-09   ISCHWZ = 0   ERITYP = FULL

 Input NOF Options
 -----------------

 Type of calculation =    Coeff. Opt.:   (ICOEF)         1
 Use Softmax function for Occ. Opt.:     (ISOFTMAX)      1
 Type of Orb. Opt. = Orbital Rotations:  (IORBOPT)       4
 Maximum Number of Occ-Coef Outer Iter.: (MAXIT)      1000

 Natural Orbital Functional Selected:    (IPNOF)         5
 Spin-Multiplet, High-Spin State Option: (HighSpin)      F

 Restart calculation Option:             (RESTART)       F
 Restart Gamma Matrix from GCF file:     (INPUTGAMMA)    0
 Coefficient Matrix from GCF file:       (INPUTC)        0
 Diagonal Elements FMIUG from GCF file:  (INPUTFMIUG)    0
 Cartesian Coordinates from GCF file:    (INPUTCXYZ)     0
 Orthogonalize the initial Orbitals:     (ORTHO)         T

 Output Option:                          (NPRINT)        0
 Output the Coefficient Matrix:          (IWRITEC)       0
 Do a Mulliken Population Analysis:      (IMULPOP)       0
 Write Information into a WFN file:      (IAIMPAC)       1
 Write Information into a FCHK file:     (IFCHK)         1
 Write Information into a MLP file:      (MOLDEN)        1
 Create Ini. Cond. (ini.xyz) file:       (INICOND)       1
 Calculate IPs using Ext. Koopmans Theo: (IEKT)          0
 Write APSG expansion coefficient file:  (APSG)          F
 Output option for Lagrange Multipliers: (PRINTLAG)      F
 Diagonalize matrix of Lag. Multipliers: (DIAGLAG)       F

------------------------------------------------------------------------

 Orbital Space
 -------------

 Inactive Doubly occupied orbitals up to NO1  =    0
 No. considered Strongly Doubly occupied MOs  =   12
 No. considered Strongly Singly occupied MOs  =    1
 No. of Weakly occ. per St. Doubly occ.  MOs  =    3
 Dimension of the Active Nat. Orb. subspace   =   48
 Secondary Empty orbitals                     =    1

 1e- integrals
 -------------
 Time to do integrals =      0.00
 Guess for MOs = HCORE
         0 MOs were matched and         0 equalized to zero

 2e- integrals
 -------------
 DONTW option skips storage 2e- integrals on Unit 1
              403384 2e- integrals in     1 records
 Time to do integrals =      0.05

 Distribution Full ERIs:

 Integrals:                            403384
 Max size per slaves:                  100848
 Max size in master:                   504232

 Input for Coefficients is HCORE


  RESULTS OF OCCUPATION-COEFFICIENT OPTIMIZATION
 ================================================

  Ex It  Orb It    Electronic Energy     Total Energy   Energy Convergency    Max Mul-Lag Diff

    1      10      -289.1976023109     -217.6838875580   -10.2970363856           0.677014
    2      10      -293.5828141187     -222.0690993658    -4.3852118078           0.412837
    3      10      -295.2279668489     -223.7142520960    -1.6451527302           0.230923
    4      10      -295.7816921202     -224.2679773673    -0.5537252713           0.134753
    5      10      -295.9833179973     -224.4696032444    -0.2016258771           0.057380
    6      10      -296.1042505570     -224.5905358041    -0.1209325597           0.043572
    7      10      -296.2111228337     -224.6974080808    -0.1068722767           0.038794
    8      10      -296.2956310026     -224.7819162497    -0.0845081689           0.033616
    9      10      -296.3533515082     -224.8396367553    -0.0577205056           0.024218
   10      10      -296.3933342518     -224.8796194989    -0.0399827436           0.033204
   11      10      -296.4179211015     -224.9042063486    -0.0245868497           0.029892
   12      10      -296.4287494483     -224.9150346954    -0.0108283468           0.029237
   13      10      -296.4322936885     -224.9185789356    -0.0035442402           0.024162
   14      10      -296.4331067839     -224.9193920310    -0.0008130954           0.026116
   15      10      -296.4337169733     -224.9200022204    -0.0006101894           0.026604
   16      10      -296.4337347431     -224.9200199902    -0.0000177699           0.024989
   17      20      -296.4364655201     -224.9227507673    -0.0027307770           0.001177
   18      20      -296.4365094359     -224.9227946830    -0.0000439158           0.000542
   19      20      -296.4365411400     -224.9228263871    -0.0000317041           0.000480
   20      30      -296.4365809416     -224.9228661887    -0.0000398016           0.000225
   21      40      -296.4366261606     -224.9229114077    -0.0000452190           0.000101
   22      50      -296.4366726007     -224.9229578479    -0.0000464402           0.000078
   23      50      -296.4366734699     -224.9229587170    -0.0000008692           0.000079


  RESULTS OF THE OCCUPATION OPTIMIZATION
 ========================================

   OM     Occupation      Elag Diag

    1      1.9999632    -20.6878504
    2      1.9999622    -20.7327923
    3      1.9999617    -20.6415845
    4      1.9952837     -0.9572276
    5      1.9950650     -0.9345871
    6      1.9938520     -0.9052324
    7      1.9936903     -0.9002812
    8      1.9930561     -0.8366315
    9      1.9928632     -0.8262241
   10      1.9800386     -0.9303743
   11      1.9784871     -1.1157572
   12      1.8700583     -0.6375585
   13      1.0000000     -0.2911628
   14      0.1296645     -0.0690604
   15      0.0203155     -0.0236340
   16      0.0174985     -0.0182049
   17      0.0060947     -0.0077909
   18      0.0059663     -0.0077038
   19      0.0005611     -0.0011551
   20      0.0051598     -0.0069463
   21      0.0041295     -0.0056904
   22      0.0040215     -0.0056500
   23      0.0000000     -0.0000002
   24      0.0000000     -0.0000004
   25      0.0000000     -0.0000002
   26      0.0002566     -0.0003335
   27      0.0010180     -0.0018337
   28      0.0008746     -0.0014066
   29      0.0003877     -0.0007848
   30      0.0003349     -0.0006860
   31      0.0052748     -0.0070837
   32      0.0004834     -0.0009673
   33      0.0003123     -0.0006740
   34      0.0002497     -0.0005571
   35      0.0000003     -0.0000095
   36      0.0000377     -0.0009295
   37      0.0000004     -0.0000039
   38      0.0000207     -0.0000395
   39      0.0001795     -0.0003963
   40      0.0015883     -0.0023445
   41      0.0006545     -0.0012793
   42      0.0006428     -0.0012617
   43      0.0004738     -0.0008799
   44      0.0005048     -0.0009743
   45      0.0004931     -0.0010287
   46      0.0004451     -0.0009579
   47      0.0000380     -0.0009343
   48      0.0000001     -0.0000038
   49      0.0000364     -0.0009003

   RO Sum (  25) =   25.00

  ---------------
   Dipole Moment
  ---------------

      1.9163 Debye [   0.7539  (  -0.6987,   0.2833,   0.0001) ]

 ----------------
  Final Energies  
 ----------------

  Final NOF Total Energy =     -224.9229587170 ( 8.E-05 , 0.E+00 )


  **************************************************
  *                                                *
  *       SINGLE-POINT DoNOF CALCULATION           *
  *                                                *
  *             FULL OPTIMIZATION                  *
  *                                                *
  *  FINAL RESULTS   FINAL RESULTS  FINAL RESULTS  *
  *                                                *
  **************************************************

  **************************************************
  *         No. EXTERNAL ITER =    23              *
  *         No. of TOTAL ITER =   390              *
  **************************************************

  Elapsed real time :     28.45  (Seconds)
  Git sha : bcb372acca69df19ae91719c988dea244a3c3d1c                                                            

 The execution finished at 10h  5min on the 11/21/2024
