 This is the parallel version of the code
 This is the parallel version of the code
 This is the parallel version of the code
 This is the parallel version of the code
 This is the parallel version of the code
 This is the parallel version of the code
 This is the parallel version of the code
 This is the parallel version of the code
 This is the parallel version of the code
 This is the parallel version of the code
 This is the parallel version of the code
 This is the parallel version of the code
Master:    0

 The execution started at 15h 23min on the  3/11/2025

    ===========================================================
    !                                                         !
    !                        Do N O F                         !
    !                                                         !
    !  (Donostia Natural Orbital Functional Software Program) !
    !                                                         !
    !               COPYRIGHT by Mario Piris                  !
    !                                                         !
    !      Donostia International Physics Center (DIPC)       !
    !       University of the Basque Country (UPV/EHU)        !
    !       Basque Foundation for Science (IKERBASQUE)        !
    !                                                         !
    !          GNU General Public License version 3           !
    !                                                         !
    !                  VERSION: Mayo 2024                     !
    !                                                         !
    ===========================================================

 Run Title
 ---------
 p30-5 set                                                                       

 Basis Set
 ---------
 /home/ion/p30-5/def2-qzvp/Pnof5/ncwo/def2-qzvp.bas                              

 Atom      Charge                Coordinates (Bohr)
                           x             y             z
 O           8.0        0.0000        0.0000        0.0000

 Atomic Basis Set
 ----------------
 The contracted primitive functions were unnormalized
 The contracted basis functions are now normalized to unity

  Shell Type  Primitive         Exponent  Contraction Coefficient

 O         
 
      1   S       1        116506.4690800    0.000071987576
      1   S       2         17504.3497240    0.000557148772
      1   S       3          3993.4513230    0.002913003168
      1   S       4          1133.0063186    0.012172051077
      1   S       5           369.9956959    0.043003761827
      1   S       6           133.6207435    0.129647623897
      1   S       7            52.0356436    0.319696085629
      1   S       8            21.4619393    0.589314587967
 
      2   S       9            89.8350513    0.094848052763
      2   S      10            26.4280108    0.925363787917
 
      3   S      11             9.2822825    1.000000000000
 
      4   S      12             4.0947729    1.000000000000
 
      5   S      13             1.3255349    1.000000000000
 
      6   S      14             0.5187723    1.000000000000
 
      7   S      15             0.1977268    1.000000000000
 
      8   P      16           191.1525581    0.002535957414
      8   P      17            45.2333567    0.020233824294
      8   P      18            14.3534659    0.094518019998
      8   P      19             5.2422372    0.309154328074
      8   P      20             2.0792419    0.684689495338
 
      9   P      21             0.8428237    1.000000000000
 
     10   P      22             0.3361769    1.000000000000
 
     11   P      23             0.1286400    1.000000000000
 
     12   D      24             3.7750000    1.000000000000
 
     13   D      25             1.3000000    1.000000000000
 
     14   D      26             0.4440000    1.000000000000
 
     15   F      27             2.6660000    1.000000000000
 
     16   F      28             0.8590000    1.000000000000
 
     17   G      29             1.8460000    1.000000000000

 Total Number of Basis Set Shells             =   17
 Total Number of Primitives                   =   29
 Number of Cartesian Gaussian Basis Functions =   72
 Number of Electrons                          =    8
 Charge of Molecule                           =    0
 Spin Multiplicity                            =    3
 Number of Occupied Orbitals (Alpha)          =    5
 Number of Occupied Orbitals (Beta )          =    3
 Total Number of Atoms                        =    1

 Input Run Options
 -----------------
 IRUNTYP = 1  MULT = 3  ICHARG =  0 IECP = 0  IEMOM = 1  UNITS = ANGS    

 Integral Options
 ----------------
 CUTOFF = 1.0E-09   ISCHWZ = 0   ERITYP = FULL

 Input NOF Options
 -----------------

 Type of calculation =    Coeff. Opt.:   (ICOEF)         1
 Use Softmax function for Occ. Opt.:     (ISOFTMAX)      1
 Type of Orb. Opt. = Orbital Rotations:  (IORBOPT)       4
 Maximum Number of Occ-Coef Outer Iter.: (MAXIT)      1000

 Natural Orbital Functional Selected:    (IPNOF)         5
 Spin-Multiplet, High-Spin State Option: (HighSpin)      F
 
 Restart calculation Option:             (RESTART)       T
 Orthogonalize the initial Orbitals:     (ORTHO)         T

 Output Option:                          (NPRINT)        0
 Output the Coefficient Matrix:          (IWRITEC)       0
 Do a Mulliken Population Analysis:      (IMULPOP)       0
 Write Information into a WFN file:      (IAIMPAC)       1
 Write Information into a FCHK file:     (IFCHK)         1
 Write Information into a MLP file:      (MOLDEN)        1
 Create Ini. Cond. (ini.xyz) file:       (INICOND)       1
 Calculate IPs using Ext. Koopmans Theo: (IEKT)          0
 Write APSG expansion coefficient file:  (APSG)          F
 Output option for Lagrange Multipliers: (PRINTLAG)      F
 Diagonalize matrix of Lag. Multipliers: (DIAGLAG)       F

 Nuclear Coordinates from GCF file:
 ----------------------------------

 Atom      Charge                Coordinates (Bohr)
                           x             y             z
 O        8.00000        0.0000        0.0000        0.0000

------------------------------------------------------------------------

 Orbital Space
 -------------

 Inactive Doubly occupied orbitals up to NO1  =    0
 No. considered Strongly Doubly occupied MOs  =    3
 No. considered Strongly Singly occupied MOs  =    2
 No. of Weakly occ. per St. Doubly occ.  MOs  =   18
 Dimension of the Active Nat. Orb. subspace   =   57
 Secondary Empty orbitals                     =   13

 1e- integrals
 -------------
 Time to do integrals =      0.00

 2e- integrals
 -------------
 DONTW option skips storage 2e- integrals on Unit 1
              453802 2e- integrals in     1 records
 Time to do integrals =      0.13

 Distribution Full ERIs:

 Integrals:                            453802
 Max size per slaves:                   37818
 Max size in master:                   491620

 No violations of the orthonormality


  RESULTS OF OCCUPATION-COEFFICIENT OPTIMIZATION
 ================================================

  Ex It  Occ Time  Orb Time  Orb It   Electronic Energy     Total Energy   Energy Convergency    Max Mul-Lag Diff

    1    3.7E-01   1.5E-01      10     -74.8593097766      -74.8593097766     0.0000000000           0.010446
    2    1.5E-01   4.3E-01      30     -74.8602944294      -74.8602944294    -0.0009846528           0.000984
    3    2.3E-01   4.2E-01      30     -74.8612110970      -74.8612110970    -0.0009166676           0.002736
    4    3.4E-01   4.3E-01      30     -74.8624918814      -74.8624918814    -0.0012807844           0.003656
    5    2.9E-01   4.3E-01      30     -74.8639610648      -74.8639610648    -0.0014691833           0.003681
    6    4.8E-01   4.3E-01      30     -74.8653994326      -74.8653994326    -0.0014383679           0.002846
    7    3.6E-01   4.3E-01      30     -74.8666894376      -74.8666894376    -0.0012900050           0.002954
    8    2.7E-01   4.3E-01      30     -74.8677535681      -74.8677535681    -0.0010641305           0.003119
    9    2.6E-01   4.3E-01      30     -74.8685658892      -74.8685658892    -0.0008123211           0.002871
   10    2.9E-01   4.3E-01      30     -74.8691191848      -74.8691191848    -0.0005532956           0.005675
   11    1.9E-01   4.4E-01      30     -74.8694850863      -74.8694850863    -0.0003659015           0.004458
   12    2.4E-01   4.3E-01      30     -74.8697269028      -74.8697269028    -0.0002418166           0.003166
   13    2.5E-01   4.7E-01      30     -74.8698866841      -74.8698866841    -0.0001597812           0.003048
   14    1.9E-01   4.3E-01      30     -74.8699996744      -74.8699996744    -0.0001129903           0.003040
   15    2.4E-01   4.3E-01      30     -74.8700826436      -74.8700826436    -0.0000829692           0.002272
   16    1.9E-01   4.5E-01      30     -74.8701323948      -74.8701323948    -0.0000497513           0.002190
   17    2.2E-01   4.3E-01      30     -74.8701642858      -74.8701642858    -0.0000318910           0.003362
   18    1.7E-01   5.6E-01      40     -74.8701836123      -74.8701836123    -0.0000193265           0.000722
   19    1.7E-01   7.1E-01      50     -74.8701912435      -74.8701912435    -0.0000076312           0.000322
   20    3.1E-01   6.9E-01      50     -74.8701958371      -74.8701958371    -0.0000045936           0.000112
   21    1.5E-01   8.2E-01      60     -74.8701963379      -74.8701963379    -0.0000005008           0.000081
   22    1.5E-01   6.8E-03      60     -74.8701963432      -74.8701963432    -0.0000000053           0.000081


  RESULTS OF THE OCCUPATION OPTIMIZATION
 ========================================

   OM     Occupation      Elag Diag

    1      1.9997039    -20.6573486
    2      1.9912630     -0.9407592
    3      1.9912611     -0.9406555
    4      1.0000000     -0.3523310
    5      1.0000000     -0.3523310
    6      0.0007581     -0.0016204
    7      0.0007187     -0.0014852
    8      0.0001813     -0.0068819
    9      0.0000031     -0.0000168
   10      0.0007590     -0.0016260
   11      0.0000003     -0.0000116
   12      0.0001810     -0.0004555
   13      0.0058796     -0.0082079
   14      0.0000003     -0.0000157
   15      0.0058775     -0.0082078
   16      0.0000723     -0.0002208
   17      0.0000455     -0.0011480
   18      0.0001823     -0.0004569
   19      0.0001830     -0.0004576
   20      0.0000000     -0.0000000
   21      0.0000108     -0.0000498
   22      0.0001805     -0.0004554
   23      0.0000003     -0.0000101
   24      0.0007184     -0.0014851
   25      0.0000154     -0.0000745
   26      0.0000000     -0.0000002
   27      0.0000151     -0.0000743
   28      0.0000119     -0.0000532
   29      0.0000003     -0.0000129
   30      0.0000709     -0.0002197
   31      0.0000063     -0.0000301
   32      0.0000184     -0.0004883
   33      0.0000733     -0.0002215
   34      0.0007185     -0.0014852
   35      0.0000453     -0.0011464
   36      0.0000121     -0.0000534
   37      0.0000033     -0.0000169
   38      0.0000003     -0.0000237
   39      0.0000109     -0.0000498
   40      0.0000107     -0.0000497
   41      0.0000000     -0.0000001
   42      0.0000115     -0.0000456
   43      0.0000106     -0.0000496
   44      0.0000001     -0.0000007
   45      0.0000064     -0.0000281
   46      0.0000157     -0.0000748
   47      0.0000000     -0.0000000
   48      0.0007182     -0.0014850
   49      0.0000582     -0.0002258
   50      0.0000037     -0.0003821
   51      0.0000156     -0.0000750
   52      0.0000115     -0.0000516
   53      0.0000000     -0.0000002
   54      0.0000614     -0.0002259
   55      0.0000112     -0.0000466
   56      0.0000001     -0.0000046
   57      0.0000124     -0.0000536
   58      0.0000706     -0.0002195
   59      0.0000000     -0.0000001

   RO Sum (   8) =    8.00

  ---------------
   Dipole Moment
  ---------------

      0.0007 Debye [   0.0003  (   0.0002,  -0.0002,   0.0000) ]

 ----------------
  Final Energies  
 ----------------

  Final NOF Total Energy =      -74.8701963432 ( 8.E-05 , 0.E+00 )


  **************************************************
  *                                                *
  *       SINGLE-POINT DoNOF CALCULATION           *
  *                                                *
  *             FULL OPTIMIZATION                  *
  *                                                *
  *  FINAL RESULTS   FINAL RESULTS  FINAL RESULTS  *
  *                                                *
  **************************************************

  **************************************************
  *         No. EXTERNAL ITER =    22              *
  *         No. of TOTAL ITER =   750              *
  **************************************************

  Elapsed real time :     15.69  (Seconds)

 The execution finished at 15h 23min on the  3/11/2025
