 This is the parallel version of the code
 This is the parallel version of the code
 This is the parallel version of the code
 This is the parallel version of the code
Master:    0

 The execution started at 10h  5min on the 11/21/2024

    ===========================================================
    !                                                         !
    !                        Do N O F                         !
    !                                                         !
    !  (Donostia Natural Orbital Functional Software Program) !
    !                                                         !
    !               COPYRIGHT by Mario Piris                  !
    !                                                         !
    !      Donostia International Physics Center (DIPC)       !
    !       University of the Basque Country (UPV/EHU)        !
    !       Basque Foundation for Science (IKERBASQUE)        !
    !                                                         !
    !          GNU General Public License version 3           !
    !                                                         !
    !                  VERSION: Mayo 2024                     !
    !                                                         !
    ===========================================================

 Run Title
 ---------
 p30-5 set                                                                       

 Basis Set
 ---------
 /beegfs_agamede/gscratch/povmieci/SCRATCH/64751/def2-svp.bas                    

 Atom      Charge                Coordinates (Bohr)
                           x             y             z
 P          15.0        1.4690        1.4690        1.4690
 P          15.0       -1.4690       -1.4690        1.4690
 P          15.0       -1.4690        1.4690       -1.4690
 P          15.0        1.4690       -1.4690       -1.4690

 Atomic Basis Set
 ----------------
 The contracted primitive functions were unnormalized
 The contracted basis functions are now normalized to unity

  Shell Type  Primitive         Exponent  Contraction Coefficient

 P         

      1   S       1          8002.4795106    0.005525555279
      1   S       2          1203.6813590    0.041326367171
      1   S       3           273.4422703    0.186070058991
      1   S       4            76.6555415    0.477107006766
      1   S       5            23.5169274    0.432247688783

      2   S       6            39.7916834    0.090954145513
      2   S       7             4.2770343   -0.550855656186
      2   S       8             1.6940257   -0.518269979075

      3   S       9             0.2756767    1.000000000000

      4   S      10             0.1049559    1.000000000000

      5   P      11           219.5075582    0.009573910140
      5   P      12            51.2741550    0.067993851914
      5   P      13            15.9215959    0.249832097533
      5   P      14             5.5069913    0.481481790475
      5   P      15             1.9537719    0.388697985432

      6   P      16             0.4780340    1.000000000000

      7   P      17             0.1365795    1.000000000000

      8   D      18             0.4500000    1.000000000000

 P         

      9   S      19          8002.4795106    0.005525555279
      9   S      20          1203.6813590    0.041326367171
      9   S      21           273.4422703    0.186070058991
      9   S      22            76.6555415    0.477107006766
      9   S      23            23.5169274    0.432247688783

     10   S      24            39.7916834    0.090954145513
     10   S      25             4.2770343   -0.550855656186
     10   S      26             1.6940257   -0.518269979075

     11   S      27             0.2756767    1.000000000000

     12   S      28             0.1049559    1.000000000000

     13   P      29           219.5075582    0.009573910140
     13   P      30            51.2741550    0.067993851914
     13   P      31            15.9215959    0.249832097533
     13   P      32             5.5069913    0.481481790475
     13   P      33             1.9537719    0.388697985432

     14   P      34             0.4780340    1.000000000000

     15   P      35             0.1365795    1.000000000000

     16   D      36             0.4500000    1.000000000000

 P         

     17   S      37          8002.4795106    0.005525555279
     17   S      38          1203.6813590    0.041326367171
     17   S      39           273.4422703    0.186070058991
     17   S      40            76.6555415    0.477107006766
     17   S      41            23.5169274    0.432247688783

     18   S      42            39.7916834    0.090954145513
     18   S      43             4.2770343   -0.550855656186
     18   S      44             1.6940257   -0.518269979075

     19   S      45             0.2756767    1.000000000000

     20   S      46             0.1049559    1.000000000000

     21   P      47           219.5075582    0.009573910140
     21   P      48            51.2741550    0.067993851914
     21   P      49            15.9215959    0.249832097533
     21   P      50             5.5069913    0.481481790475
     21   P      51             1.9537719    0.388697985432

     22   P      52             0.4780340    1.000000000000

     23   P      53             0.1365795    1.000000000000

     24   D      54             0.4500000    1.000000000000

 P         

     25   S      55          8002.4795106    0.005525555279
     25   S      56          1203.6813590    0.041326367171
     25   S      57           273.4422703    0.186070058991
     25   S      58            76.6555415    0.477107006766
     25   S      59            23.5169274    0.432247688783

     26   S      60            39.7916834    0.090954145513
     26   S      61             4.2770343   -0.550855656186
     26   S      62             1.6940257   -0.518269979075

     27   S      63             0.2756767    1.000000000000

     28   S      64             0.1049559    1.000000000000

     29   P      65           219.5075582    0.009573910140
     29   P      66            51.2741550    0.067993851914
     29   P      67            15.9215959    0.249832097533
     29   P      68             5.5069913    0.481481790475
     29   P      69             1.9537719    0.388697985432

     30   P      70             0.4780340    1.000000000000

     31   P      71             0.1365795    1.000000000000

     32   D      72             0.4500000    1.000000000000

 Total Number of Basis Set Shells             =   32
 Total Number of Primitives                   =   72
 Number of Cartesian Gaussian Basis Functions =   76
 Number of Electrons                          =   60
 Charge of Molecule                           =    0
 Spin Multiplicity                            =    1
 Number of Occupied Orbitals (Alpha)          =   30
 Number of Occupied Orbitals (Beta )          =   30
 Total Number of Atoms                        =    4

 Input Run Options
 -----------------
 IRUNTYP = 1  MULT = 1  ICHARG =  0 IECP = 0  IEMOM = 1  UNITS = ANGS    

 Integral Options
 ----------------
 CUTOFF = 1.0E-09   ISCHWZ = 0   ERITYP = FULL

 Input NOF Options
 -----------------

 Type of calculation =    Coeff. Opt.:   (ICOEF)         1
 Use Softmax function for Occ. Opt.:     (ISOFTMAX)      1
 Type of Orb. Opt. = Orbital Rotations:  (IORBOPT)       4
 Maximum Number of Occ-Coef Outer Iter.: (MAXIT)      1000

 Natural Orbital Functional Selected:    (IPNOF)         5

 Restart calculation Option:             (RESTART)       F
 Restart Gamma Matrix from GCF file:     (INPUTGAMMA)    0
 Coefficient Matrix from GCF file:       (INPUTC)        0
 Diagonal Elements FMIUG from GCF file:  (INPUTFMIUG)    0
 Cartesian Coordinates from GCF file:    (INPUTCXYZ)     0
 Orthogonalize the initial Orbitals:     (ORTHO)         T

 Output Option:                          (NPRINT)        0
 Output the Coefficient Matrix:          (IWRITEC)       0
 Do a Mulliken Population Analysis:      (IMULPOP)       0
 Write Information into a WFN file:      (IAIMPAC)       1
 Write Information into a FCHK file:     (IFCHK)         1
 Write Information into a MLP file:      (MOLDEN)        1
 Create Ini. Cond. (ini.xyz) file:       (INICOND)       1
 Calculate IPs using Ext. Koopmans Theo: (IEKT)          0
 Write APSG expansion coefficient file:  (APSG)          F
 Output option for Lagrange Multipliers: (PRINTLAG)      F
 Diagonalize matrix of Lag. Multipliers: (DIAGLAG)       F

------------------------------------------------------------------------

 Orbital Space
 -------------

 Inactive Doubly occupied orbitals up to NO1  =    0
 No. considered Strongly Doubly occupied MOs  =   30
 No. considered Strongly Singly occupied MOs  =    0
 No. of Weakly occ. per St. Doubly occ.  MOs  =    1
 Dimension of the Active Nat. Orb. subspace   =   60
 Secondary Empty orbitals                     =   16

 1e- integrals
 -------------
 Time to do integrals =      0.00
 Guess for MOs = HCORE
      4539 MOs were matched and         0 equalized to zero

 2e- integrals
 -------------
 DONTW option skips storage 2e- integrals on Unit 1
             3194794 2e- integrals in     1 records
 Time to do integrals =      0.30

 Distribution Full ERIs:

 Integrals:                           3194794
 Max size per slaves:                  798700
 Max size in master:                  3993494

 Input for Coefficients is HCORE


  RESULTS OF OCCUPATION-COEFFICIENT OPTIMIZATION
 ================================================

  Ex It  Orb It    Electronic Energy     Total Energy   Energy Convergency    Max Mul-Lag Diff

    1      10     -1675.6240848451    -1350.7168593279   -11.0140257272           0.691386
    2      10     -1682.0154260164    -1357.1082004992    -6.3913411713           0.336537
    3      10     -1684.9340432809    -1360.0268177637    -2.9186172645           0.173875
    4      10     -1686.2208010995    -1361.3135755824    -1.2867578187           0.191417
    5      10     -1686.7362937271    -1361.8290682099    -0.5154926275           0.255064
    6      10     -1687.0703519822    -1362.1631264651    -0.3340582551           0.200379
    7      10     -1687.2766480275    -1362.3694225104    -0.2062960453           0.219198
    8      10     -1687.4265632780    -1362.5193377609    -0.1499152505           0.177847
    9      10     -1687.4873337206    -1362.5801082035    -0.0607704426           0.177251
   10      10     -1687.5098539080    -1362.6026283908    -0.0225201874           0.122899
   11      10     -1687.5200026773    -1362.6127771601    -0.0101487693           0.105758
   12      10     -1687.5228829646    -1362.6156574475    -0.0028802874           0.083761
   13      10     -1687.5252738768    -1362.6180483597    -0.0023909122           0.115464
   14      10     -1687.5278285291    -1362.6206030119    -0.0025546523           0.105675
   15      10     -1687.5279636523    -1362.6207381352    -0.0001351232           0.089659
   16      10     -1687.5246190584    -1362.6173935413     0.0033445939           0.088330
   17      20     -1687.5512716515    -1362.6440461343    -0.0266525931           0.004112
   18      20     -1687.5513521359    -1362.6441266187    -0.0000804844           0.003676
   19      20     -1687.5513964442    -1362.6441709271    -0.0000443084           0.003340
   20      20     -1687.5514421510    -1362.6442166339    -0.0000457068           0.003397
   21      20     -1687.5514958329    -1362.6442703157    -0.0000536819           0.003326
   22      20     -1687.5515649478    -1362.6443394306    -0.0000691149           0.003467
   23      20     -1687.5516471554    -1362.6444216382    -0.0000822076           0.002967
   24      20     -1687.5517385794    -1362.6445130623    -0.0000914241           0.002929
   25      20     -1687.5518318110    -1362.6446062939    -0.0000932316           0.003067
   26      20     -1687.5519161903    -1362.6446906731    -0.0000843793           0.003201
   27      20     -1687.5519895228    -1362.6447640057    -0.0000733326           0.003162
   28      20     -1687.5520530422    -1362.6448275251    -0.0000635194           0.003142
   29      20     -1687.5521092913    -1362.6448837741    -0.0000562490           0.002777
   30      20     -1687.5521680434    -1362.6449425262    -0.0000587521           0.002730
   31      20     -1687.5522377710    -1362.6450122538    -0.0000697276           0.002559
   32      20     -1687.5523265817    -1362.6451010645    -0.0000888107           0.002678
   33      20     -1687.5524457687    -1362.6452202515    -0.0001191870           0.002429
   34      20     -1687.5525940503    -1362.6453685332    -0.0001482817           0.002463
   35      20     -1687.5527581811    -1362.6455326640    -0.0001641308           0.002658
   36      20     -1687.5529206949    -1362.6456951777    -0.0001625137           0.002651
   37      20     -1687.5530680063    -1362.6458424891    -0.0001473114           0.002273
   38      20     -1687.5531886631    -1362.6459631459    -0.0001206568           0.002239
   39      20     -1687.5532752760    -1362.6460497588    -0.0000866129           0.002128
   40      20     -1687.5533294752    -1362.6461039580    -0.0000541992           0.002085
   41      20     -1687.5533621009    -1362.6461365837    -0.0000326257           0.002087
   42      20     -1687.5533828983    -1362.6461573811    -0.0000207974           0.002082
   43      20     -1687.5533975447    -1362.6461720275    -0.0000146464           0.002119
   44      20     -1687.5534077158    -1362.6461821987    -0.0000101712           0.002016
   45      20     -1687.5534175959    -1362.6461920787    -0.0000098800           0.002056
   46      20     -1687.5534261360    -1362.6462006189    -0.0000085402           0.002119
   47      20     -1687.5534371918    -1362.6462116747    -0.0000110558           0.002274
   48      20     -1687.5534474051    -1362.6462218879    -0.0000102133           0.002242
   49      20     -1687.5534601120    -1362.6462345948    -0.0000127069           0.002917
   50      20     -1687.5534740765    -1362.6462485593    -0.0000139645           0.002242
   51      20     -1687.5534918930    -1362.6462663759    -0.0000178166           0.002111
   52      20     -1687.5535163788    -1362.6462908617    -0.0000244858           0.002173
   53      20     -1687.5535494271    -1362.6463239099    -0.0000330483           0.002700
   54      20     -1687.5535925844    -1362.6463670673    -0.0000431573           0.002206
   55      20     -1687.5536458107    -1362.6464202936    -0.0000532263           0.003047
   56      20     -1687.5537139105    -1362.6464883933    -0.0000680998           0.002434
   57      20     -1687.5537902929    -1362.6465647758    -0.0000763824           0.002522
   58      20     -1687.5538669639    -1362.6466414467    -0.0000766710           0.003416
   59      20     -1687.5539434821    -1362.6467179649    -0.0000765182           0.004468
   60      20     -1687.5544101645    -1362.6471846474    -0.0004666824           0.002430
   61      20     -1687.5544916256    -1362.6472661084    -0.0000814610           0.002253
   62      20     -1687.5545474510    -1362.6473219339    -0.0000558254           0.002230
   63      20     -1687.5545879812    -1362.6473624640    -0.0000405302           0.002298
   64      20     -1687.5546143351    -1362.6473888180    -0.0000263540           0.002295
   65      20     -1687.5546283772    -1362.6474028600    -0.0000140420           0.002235
   66      20     -1687.5546360542    -1362.6474105370    -0.0000076770           0.002112
   67      20     -1687.5546394857    -1362.6474139685    -0.0000034315           0.002164
   68      20     -1687.5546415357    -1362.6474160185    -0.0000020500           0.002272
   69      30     -1687.5546558711    -1362.6474303539    -0.0000143354           0.000798
   70      40     -1687.5546595910    -1362.6474340738    -0.0000037199           0.000153
   71      50     -1687.5546606295    -1362.6474351123    -0.0000010385           0.000024


  RESULTS OF THE OCCUPATION OPTIMIZATION
 ========================================

   OM     Occupation      Elag Diag

    1      2.0000000    -79.9068223
    2      2.0000000    -79.5397357
    3      2.0000000    -79.4342604
    4      2.0000000    -79.9097755
    5      2.0000000     -5.5014562
    6      2.0000000     -5.5461388
    7      2.0000000     -5.5695931
    8      2.0000000     -5.7186344
    9      2.0000000     -5.9471806
   10      2.0000000     -6.0760572
   11      2.0000000     -5.9458021
   12      2.0000000     -5.8675291
   13      2.0000000     -6.1060219
   14      2.0000000     -5.8911876
   15      2.0000000     -6.0010350
   16      2.0000000     -6.1261362
   17      2.0000000     -5.9941932
   18      2.0000000     -6.1507160
   19      1.9999455     -6.8763005
   20      1.9999117     -6.7755553
   21      1.9956157     -0.6029210
   22      1.9956154     -0.6043163
   23      1.9949339     -0.5905181
   24      1.9939663     -0.6905249
   25      1.9864805     -0.5184135
   26      1.9797281     -0.5438545
   27      1.9788632     -0.5319433
   28      1.9786843     -0.5309741
   29      1.9785010     -0.5208351
   30      1.9782567     -0.5186368
   31      0.0217433     -0.0111719
   32      0.0214990     -0.0111138
   33      0.0213157     -0.0111944
   34      0.0211368     -0.0111449
   35      0.0202719     -0.0109497
   36      0.0135195     -0.0076021
   37      0.0060337     -0.0048159
   38      0.0050661     -0.0037479
   39      0.0043846     -0.0033438
   40      0.0043843     -0.0033441
   41      0.0000883     -0.0007108
   42      0.0000545     -0.0004560
   43      0.0000000     -0.0000013
   44      0.0000000     -0.0000008
   45      0.0000000     -0.0000011
   46      0.0000000     -0.0000011
   47      0.0000000     -0.0000008
   48      0.0000000     -0.0000011
   49      0.0000000     -0.0000008
   50      0.0000000     -0.0000010
   51      0.0000000     -0.0000010
   52      0.0000000     -0.0000008
   53      0.0000000     -0.0000007
   54      0.0000000     -0.0000004
   55      0.0000000     -0.0000004
   56      0.0000000     -0.0000004
   57      0.0000000     -0.0000000
   58      0.0000000     -0.0000000
   59      0.0000000     -0.0000000
   60      0.0000000     -0.0000000

   RO Sum (  60) =   60.00

  ---------------
   Dipole Moment
  ---------------

      0.1040 Debye [   0.0409  (  -0.0272,  -0.0147,   0.0268) ]

 ----------------
  Final Energies  
 ----------------

  Final NOF Total Energy =    -1362.6474351123 ( 2.E-05 , 0.E+00 )


  **************************************************
  *                                                *
  *       SINGLE-POINT DoNOF CALCULATION           *
  *                                                *
  *             FULL OPTIMIZATION                  *
  *                                                *
  *  FINAL RESULTS   FINAL RESULTS  FINAL RESULTS  *
  *                                                *
  **************************************************

  **************************************************
  *         No. EXTERNAL ITER =    71              *
  *         No. of TOTAL ITER =  1320              *
  **************************************************

  Elapsed real time :    874.08  (Seconds)
  Git sha : bcb372acca69df19ae91719c988dea244a3c3d1c                                                            

 The execution finished at 10h 20min on the 11/21/2024
