 This is the parallel version of the code
 This is the parallel version of the code
 This is the parallel version of the code
 This is the parallel version of the code
Master:    0

 The execution started at 10h  5min on the 11/21/2024

    ===========================================================
    !                                                         !
    !                        Do N O F                         !
    !                                                         !
    !  (Donostia Natural Orbital Functional Software Program) !
    !                                                         !
    !               COPYRIGHT by Mario Piris                  !
    !                                                         !
    !      Donostia International Physics Center (DIPC)       !
    !       University of the Basque Country (UPV/EHU)        !
    !       Basque Foundation for Science (IKERBASQUE)        !
    !                                                         !
    !          GNU General Public License version 3           !
    !                                                         !
    !                  VERSION: Mayo 2024                     !
    !                                                         !
    ===========================================================

 Run Title
 ---------
 p30-5 set                                                                       

 Basis Set
 ---------
 /beegfs_agamede/gscratch/povmieci/SCRATCH/64754/def2-svp.bas                    

 Atom      Charge                Coordinates (Bohr)
                           x             y             z
 S          16.0        0.0000        2.9335        1.7423
 S          16.0        0.0000        2.0192       -1.7423
 S          16.0        0.0000       -2.0192       -1.7423
 S          16.0        0.0000       -2.9335        1.7423

 Atomic Basis Set
 ----------------
 The contracted primitive functions were unnormalized
 The contracted basis functions are now normalized to unity

  Shell Type  Primitive         Exponent  Contraction Coefficient

 S         

      1   S       1          9184.9303010   -0.005472946613
      1   S       2          1381.5105503   -0.040954402155
      1   S       3           313.8714758   -0.184758289562
      1   S       4            88.0538706   -0.475672806440
      1   S       5            27.0399149   -0.434951535842

      2   S       6            45.6487313   -0.091904045809
      2   S       7             4.9664522    0.556987772145
      2   S       8             2.0116242    0.511154682985

      3   S       9             0.3566108    1.000000000000

      4   S      10             0.1350722    1.000000000000

      5   P      11           261.9823344   -0.009183054659
      5   P      12            61.3068947   -0.065902226526
      5   P      13            19.1037299   -0.245877845187
      5   P      14             6.6567720   -0.482314710760
      5   P      15             2.3959635   -0.389563143514

      6   P      16             0.6177616    1.000000000000

      7   P      17             0.1699338    1.000000000000

      8   D      18             0.5500000    1.000000000000

 S         

      9   S      19          9184.9303010   -0.005472946613
      9   S      20          1381.5105503   -0.040954402155
      9   S      21           313.8714758   -0.184758289562
      9   S      22            88.0538706   -0.475672806440
      9   S      23            27.0399149   -0.434951535842

     10   S      24            45.6487313   -0.091904045809
     10   S      25             4.9664522    0.556987772145
     10   S      26             2.0116242    0.511154682985

     11   S      27             0.3566108    1.000000000000

     12   S      28             0.1350722    1.000000000000

     13   P      29           261.9823344   -0.009183054659
     13   P      30            61.3068947   -0.065902226526
     13   P      31            19.1037299   -0.245877845187
     13   P      32             6.6567720   -0.482314710760
     13   P      33             2.3959635   -0.389563143514

     14   P      34             0.6177616    1.000000000000

     15   P      35             0.1699338    1.000000000000

     16   D      36             0.5500000    1.000000000000

 S         

     17   S      37          9184.9303010   -0.005472946613
     17   S      38          1381.5105503   -0.040954402155
     17   S      39           313.8714758   -0.184758289562
     17   S      40            88.0538706   -0.475672806440
     17   S      41            27.0399149   -0.434951535842

     18   S      42            45.6487313   -0.091904045809
     18   S      43             4.9664522    0.556987772145
     18   S      44             2.0116242    0.511154682985

     19   S      45             0.3566108    1.000000000000

     20   S      46             0.1350722    1.000000000000

     21   P      47           261.9823344   -0.009183054659
     21   P      48            61.3068947   -0.065902226526
     21   P      49            19.1037299   -0.245877845187
     21   P      50             6.6567720   -0.482314710760
     21   P      51             2.3959635   -0.389563143514

     22   P      52             0.6177616    1.000000000000

     23   P      53             0.1699338    1.000000000000

     24   D      54             0.5500000    1.000000000000

 S         

     25   S      55          9184.9303010   -0.005472946613
     25   S      56          1381.5105503   -0.040954402155
     25   S      57           313.8714758   -0.184758289562
     25   S      58            88.0538706   -0.475672806440
     25   S      59            27.0399149   -0.434951535842

     26   S      60            45.6487313   -0.091904045809
     26   S      61             4.9664522    0.556987772145
     26   S      62             2.0116242    0.511154682985

     27   S      63             0.3566108    1.000000000000

     28   S      64             0.1350722    1.000000000000

     29   P      65           261.9823344   -0.009183054659
     29   P      66            61.3068947   -0.065902226526
     29   P      67            19.1037299   -0.245877845187
     29   P      68             6.6567720   -0.482314710760
     29   P      69             2.3959635   -0.389563143514

     30   P      70             0.6177616    1.000000000000

     31   P      71             0.1699338    1.000000000000

     32   D      72             0.5500000    1.000000000000

 Total Number of Basis Set Shells             =   32
 Total Number of Primitives                   =   72
 Number of Cartesian Gaussian Basis Functions =   76
 Number of Electrons                          =   64
 Charge of Molecule                           =    0
 Spin Multiplicity                            =    1
 Number of Occupied Orbitals (Alpha)          =   32
 Number of Occupied Orbitals (Beta )          =   32
 Total Number of Atoms                        =    4

 Input Run Options
 -----------------
 IRUNTYP = 1  MULT = 1  ICHARG =  0 IECP = 0  IEMOM = 1  UNITS = ANGS    

 Integral Options
 ----------------
 CUTOFF = 1.0E-09   ISCHWZ = 0   ERITYP = FULL

 Input NOF Options
 -----------------

 Type of calculation =    Coeff. Opt.:   (ICOEF)         1
 Use Softmax function for Occ. Opt.:     (ISOFTMAX)      1
 Type of Orb. Opt. = Orbital Rotations:  (IORBOPT)       4
 Maximum Number of Occ-Coef Outer Iter.: (MAXIT)      1000

 Natural Orbital Functional Selected:    (IPNOF)         5

 Restart calculation Option:             (RESTART)       F
 Restart Gamma Matrix from GCF file:     (INPUTGAMMA)    0
 Coefficient Matrix from GCF file:       (INPUTC)        0
 Diagonal Elements FMIUG from GCF file:  (INPUTFMIUG)    0
 Cartesian Coordinates from GCF file:    (INPUTCXYZ)     0
 Orthogonalize the initial Orbitals:     (ORTHO)         T

 Output Option:                          (NPRINT)        0
 Output the Coefficient Matrix:          (IWRITEC)       0
 Do a Mulliken Population Analysis:      (IMULPOP)       0
 Write Information into a WFN file:      (IAIMPAC)       1
 Write Information into a FCHK file:     (IFCHK)         1
 Write Information into a MLP file:      (MOLDEN)        1
 Create Ini. Cond. (ini.xyz) file:       (INICOND)       1
 Calculate IPs using Ext. Koopmans Theo: (IEKT)          0
 Write APSG expansion coefficient file:  (APSG)          F
 Output option for Lagrange Multipliers: (PRINTLAG)      F
 Diagonalize matrix of Lag. Multipliers: (DIAGLAG)       F

------------------------------------------------------------------------

 Orbital Space
 -------------

 Inactive Doubly occupied orbitals up to NO1  =    0
 No. considered Strongly Doubly occupied MOs  =   32
 No. considered Strongly Singly occupied MOs  =    0
 No. of Weakly occ. per St. Doubly occ.  MOs  =    1
 Dimension of the Active Nat. Orb. subspace   =   64
 Secondary Empty orbitals                     =   12

 1e- integrals
 -------------
 Time to do integrals =      0.00
 Guess for MOs = HCORE
      1768 MOs were matched and         0 equalized to zero

 2e- integrals
 -------------
 DONTW option skips storage 2e- integrals on Unit 1
             1582680 2e- integrals in     1 records
 Time to do integrals =      0.27

 Distribution Full ERIs:

 Integrals:                           1582680
 Max size per slaves:                  395672
 Max size in master:                  1978352

 Input for Coefficients is HCORE


  RESULTS OF OCCUPATION-COEFFICIENT OPTIMIZATION
 ================================================

  Ex It  Orb It    Electronic Energy     Total Energy   Energy Convergency    Max Mul-Lag Diff

    1      10     -1909.9244017352    -1576.2247706975   -14.8736562443           0.812923
    2      10     -1918.0290051901    -1584.3293741525    -8.1046034549           0.375033
    3      10     -1920.8173070353    -1587.1176759977    -2.7883018452           0.365824
    4      10     -1921.8194579579    -1588.1198269203    -1.0021509226           0.185669
    5      10     -1922.3532975084    -1588.6536664707    -0.5338395504           0.266572
    6      10     -1922.6437842522    -1588.9441532145    -0.2904867438           0.305451
    7      10     -1922.8254426454    -1589.1258116077    -0.1816583932           0.239484
    8      10     -1922.9268327244    -1589.2272016867    -0.1013900790           0.181496
    9      10     -1923.0536163437    -1589.3539853061    -0.1267836194           0.223047
   10      10     -1923.1464630797    -1589.4468320420    -0.0928467360           0.215236
   11      10     -1923.2139261030    -1589.5142950654    -0.0674630233           0.165003
   12      10     -1923.2421122147    -1589.5424811771    -0.0281861117           0.186108
   13      10     -1923.2639951004    -1589.5643640628    -0.0218828857           0.141294
   14      10     -1923.2748875484    -1589.5752565108    -0.0108924480           0.109725
   15      10     -1923.2839441111    -1589.5843130735    -0.0090565627           0.134716
   16      10     -1923.2937539902    -1589.5941229525    -0.0098098791           0.131144
   17      10     -1923.2975714766    -1589.5979404389    -0.0038174864           0.149888
   18      10     -1923.3047660183    -1589.6051349806    -0.0071945417           0.146091
   19      10     -1923.3053821854    -1589.6057511477    -0.0006161671           0.193603
   20      20     -1923.3469746269    -1589.6473435892    -0.0415924415           0.006738
   21      20     -1923.3483047013    -1589.6486736637    -0.0013300745           0.006892
   22      20     -1923.3491993548    -1589.6495683171    -0.0008946535           0.007014
   23      20     -1923.3498529625    -1589.6502219248    -0.0006536077           0.005502
   24      20     -1923.3504224516    -1589.6507914139    -0.0005694891           0.005450
   25      20     -1923.3509917394    -1589.6513607018    -0.0005692879           0.005885
   26      20     -1923.3515691467    -1589.6519381091    -0.0005774073           0.005575
   27      20     -1923.3521186666    -1589.6524876290    -0.0005495199           0.006175
   28      20     -1923.3526172224    -1589.6529861847    -0.0004985558           0.005508
   29      20     -1923.3530522214    -1589.6534211837    -0.0004349990           0.004562
   30      20     -1923.3534036742    -1589.6537726365    -0.0003514528           0.006121
   31      20     -1923.3536825683    -1589.6540515306    -0.0002788941           0.004920
   32      20     -1923.3538957153    -1589.6542646776    -0.0002131470           0.006590
   33      20     -1923.3540714918    -1589.6544404541    -0.0001757765           0.004337
   34      20     -1923.3542068923    -1589.6545758546    -0.0001354005           0.003802
   35      20     -1923.3543124783    -1589.6546814406    -0.0001055860           0.004259
   36      20     -1923.3543823369    -1589.6547512992    -0.0000698586           0.003569
   37      30     -1923.3544416328    -1589.6548105952    -0.0000592959           0.001086
   38      40     -1923.3544544009    -1589.6548233632    -0.0000127680           0.000210
   39      50     -1923.3544546458    -1589.6548236082    -0.0000002450           0.000044


  RESULTS OF THE OCCUPATION OPTIMIZATION
 ========================================

   OM     Occupation      Elag Diag

    1      2.0000000     -7.6592297
    2      2.0000000     -6.4151383
    3      2.0000000     -7.0806989
    4      2.0000000     -7.6832674
    5      2.0000000    -81.8227726
    6      2.0000000    -86.1806069
    7      2.0000000    -84.2519447
    8      2.0000000     -6.7376000
    9      2.0000000    -84.9310498
   10      2.0000000     -0.8257974
   11      2.0000000     -7.4102916
   12      2.0000000     -6.6442004
   13      2.0000000     -7.4053877
   14      2.0000000     -7.3351072
   15      2.0000000     -6.8417155
   16      2.0000000     -6.7493359
   17      2.0000000     -7.1230061
   18      2.0000000    -14.4672048
   19      2.0000000    -17.5840913
   20      2.0000000    -15.7755007
   21      2.0000000     -1.2260026
   22      2.0000000     -1.5511135
   23      2.0000000    -12.9554874
   24      1.9944583     -0.6262508
   25      1.9943307     -0.4908826
   26      1.9943272     -0.6086465
   27      1.9933692     -0.5219504
   28      1.9910132     -0.8174981
   29      1.9900371     -0.6548869
   30      1.9879850     -0.6153439
   31      1.9878564     -0.7224449
   32      1.4534948     -0.2646103
   33      0.5465052     -0.1164261
   34      0.0121436     -0.0092802
   35      0.0120150     -0.0079822
   36      0.0099629     -0.0071773
   37      0.0089868     -0.0081103
   38      0.0066308     -0.0049148
   39      0.0056728     -0.0047111
   40      0.0056693     -0.0035864
   41      0.0055417     -0.0046790
   42      0.0000000     -0.0000138
   43      0.0000000     -0.0000023
   44      0.0000000     -0.0000010
   45      0.0000000     -0.0000008
   46      0.0000000     -0.0000003
   47      0.0000000     -0.0000000
   48      0.0000000     -0.0000000
   49      0.0000000     -0.0000000
   50      0.0000000     -0.0000000
   51      0.0000000     -0.0000000
   52      0.0000000     -0.0000000
   53      0.0000000     -0.0000000
   54      0.0000000     -0.0000000
   55      0.0000000     -0.0000000
   56      0.0000000     -0.0000000
   57      0.0000000     -0.0000000
   58      0.0000000     -0.0000000
   59      0.0000000     -0.0000000
   60      0.0000000     -0.0000000
   61      0.0000000     -0.0000000
   62      0.0000000     -0.0000000
   63      0.0000000     -0.0000000
   64      0.0000000     -0.0000000

   RO Sum (  64) =   64.00

  ---------------
   Dipole Moment
  ---------------

      0.5083 Debye [   0.2000  (   0.0001,   0.0287,  -0.1979) ]

 ----------------
  Final Energies  
 ----------------

  Final NOF Total Energy =    -1589.6548236082 ( 4.E-05 , 0.E+00 )


  **************************************************
  *                                                *
  *       SINGLE-POINT DoNOF CALCULATION           *
  *                                                *
  *             FULL OPTIMIZATION                  *
  *                                                *
  *  FINAL RESULTS   FINAL RESULTS  FINAL RESULTS  *
  *                                                *
  **************************************************

  **************************************************
  *         No. EXTERNAL ITER =    39              *
  *         No. of TOTAL ITER =   650              *
  **************************************************

  Elapsed real time :    276.54  (Seconds)
  Git sha : bcb372acca69df19ae91719c988dea244a3c3d1c                                                            

 The execution finished at 10h 10min on the 11/21/2024
