 This is the parallel version of the code
 This is the parallel version of the code
 This is the parallel version of the code
 This is the parallel version of the code
 This is the parallel version of the code
 This is the parallel version of the code
 This is the parallel version of the code
 This is the parallel version of the code
 This is the parallel version of the code
 This is the parallel version of the code
 This is the parallel version of the code
 This is the parallel version of the code
Master:    0

 The execution started at 15h 38min on the  3/11/2025

    ===========================================================
    !                                                         !
    !                        Do N O F                         !
    !                                                         !
    !  (Donostia Natural Orbital Functional Software Program) !
    !                                                         !
    !               COPYRIGHT by Mario Piris                  !
    !                                                         !
    !      Donostia International Physics Center (DIPC)       !
    !       University of the Basque Country (UPV/EHU)        !
    !       Basque Foundation for Science (IKERBASQUE)        !
    !                                                         !
    !          GNU General Public License version 3           !
    !                                                         !
    !                  VERSION: Mayo 2024                     !
    !                                                         !
    ===========================================================

 Run Title
 ---------
 p30-5 set                                                                       

 Basis Set
 ---------
 /home/ion/p30-5/def2-qzvp/Pnof5/ncwo/def2-qzvp.bas                              

 Atom      Charge                Coordinates (Bohr)
                           x             y             z
 F           9.0        0.0000        0.0000        0.0000

 Atomic Basis Set
 ----------------
 The contracted primitive functions were unnormalized
 The contracted basis functions are now normalized to unity

  Shell Type  Primitive         Exponent  Contraction Coefficient

 F         
 
      1   S       1        132535.9734500    0.000077991655
      1   S       2         19758.1125880    0.000610110499
      1   S       3          4485.1996947    0.003201264977
      1   S       4          1273.8151020    0.013260979519
      1   S       5           418.9383124    0.046071472261
      1   S       6           152.5572198    0.136167792948
      1   S       7            59.8215248    0.326765510155
      1   S       8            24.8190769    0.573746111915
 
      2   S       9           100.7444667    0.102589537845
      2   S      10            30.1037283    0.918646158514
 
      3   S      11            10.8142833    1.000000000000
 
      4   S      12             4.8172887    1.000000000000
 
      5   S      13             1.6559334    1.000000000000
 
      6   S      14             0.6489352    1.000000000000
 
      7   S      15             0.2477810    1.000000000000
 
      8   P      16           240.9665411    0.002580161562
      8   P      17            57.0206998    0.020680170596
      8   P      18            18.1269521    0.097152556343
      8   P      19             6.6457405    0.314685817921
      8   P      20             2.6375723    0.677445033362
 
      9   P      21             1.0638217    1.000000000000
 
     10   P      22             0.4193256    1.000000000000
 
     11   P      23             0.1574759    1.000000000000
 
     12   D      24             5.0140000    1.000000000000
 
     13   D      25             1.7250000    1.000000000000
 
     14   D      26             0.5860000    1.000000000000
 
     15   F      27             3.5620000    1.000000000000
 
     16   F      28             1.1480000    1.000000000000
 
     17   G      29             2.3760000    1.000000000000

 Total Number of Basis Set Shells             =   17
 Total Number of Primitives                   =   29
 Number of Cartesian Gaussian Basis Functions =   72
 Number of Electrons                          =    9
 Charge of Molecule                           =    0
 Spin Multiplicity                            =    2
 Number of Occupied Orbitals (Alpha)          =    5
 Number of Occupied Orbitals (Beta )          =    4
 Total Number of Atoms                        =    1

 Input Run Options
 -----------------
 IRUNTYP = 1  MULT = 2  ICHARG =  0 IECP = 0  IEMOM = 1  UNITS = ANGS    

 Integral Options
 ----------------
 CUTOFF = 1.0E-09   ISCHWZ = 0   ERITYP = FULL

 Input NOF Options
 -----------------

 Type of calculation =    Coeff. Opt.:   (ICOEF)         1
 Use Softmax function for Occ. Opt.:     (ISOFTMAX)      1
 Type of Orb. Opt. = Orbital Rotations:  (IORBOPT)       4
 Maximum Number of Occ-Coef Outer Iter.: (MAXIT)      1000

 Natural Orbital Functional Selected:    (IPNOF)         5
 Spin-Multiplet, High-Spin State Option: (HighSpin)      F
 
 Restart calculation Option:             (RESTART)       T
 Orthogonalize the initial Orbitals:     (ORTHO)         T

 Output Option:                          (NPRINT)        0
 Output the Coefficient Matrix:          (IWRITEC)       0
 Do a Mulliken Population Analysis:      (IMULPOP)       0
 Write Information into a WFN file:      (IAIMPAC)       1
 Write Information into a FCHK file:     (IFCHK)         1
 Write Information into a MLP file:      (MOLDEN)        1
 Create Ini. Cond. (ini.xyz) file:       (INICOND)       1
 Calculate IPs using Ext. Koopmans Theo: (IEKT)          0
 Write APSG expansion coefficient file:  (APSG)          F
 Output option for Lagrange Multipliers: (PRINTLAG)      F
 Diagonalize matrix of Lag. Multipliers: (DIAGLAG)       F

 Nuclear Coordinates from GCF file:
 ----------------------------------

 Atom      Charge                Coordinates (Bohr)
                           x             y             z
 F        9.00000        0.0000        0.0000        0.0000

------------------------------------------------------------------------

 Orbital Space
 -------------

 Inactive Doubly occupied orbitals up to NO1  =    0
 No. considered Strongly Doubly occupied MOs  =    4
 No. considered Strongly Singly occupied MOs  =    1
 No. of Weakly occ. per St. Doubly occ.  MOs  =   13
 Dimension of the Active Nat. Orb. subspace   =   56
 Secondary Empty orbitals                     =   15

 1e- integrals
 -------------
 Time to do integrals =      0.00

 2e- integrals
 -------------
 DONTW option skips storage 2e- integrals on Unit 1
              453802 2e- integrals in     1 records
 Time to do integrals =      0.15

 Distribution Full ERIs:

 Integrals:                            453802
 Max size per slaves:                   37818
 Max size in master:                   491620

 No violations of the orthonormality


  RESULTS OF OCCUPATION-COEFFICIENT OPTIMIZATION
 ================================================

  Ex It  Occ Time  Orb Time  Orb It   Electronic Energy     Total Energy   Energy Convergency    Max Mul-Lag Diff

    1    2.2E-01   1.7E-01      10     -99.4898682273      -99.4898682273     0.0000000000           0.000782
    2    1.4E-01   4.7E-01      30     -99.4901960256      -99.4901960256    -0.0003277983           0.002469
    3    2.2E-01   5.4E-01      30     -99.4903858137      -99.4903858137    -0.0001897881           0.002324
    4    2.3E-01   4.7E-01      30     -99.4905428008      -99.4905428008    -0.0001569871           0.002688
    5    2.3E-01   4.7E-01      30     -99.4906887228      -99.4906887228    -0.0001459220           0.002738
    6    2.1E-01   4.8E-01      30     -99.4908303039      -99.4908303039    -0.0001415811           0.003255
    7    2.4E-01   4.7E-01      30     -99.4909774282      -99.4909774282    -0.0001471243           0.005347
    8    2.1E-01   4.7E-01      30     -99.4911341345      -99.4911341345    -0.0001567062           0.001334
    9    2.1E-01   4.7E-01      30     -99.4912760349      -99.4912760349    -0.0001419004           0.003184
   10    2.4E-01   5.0E-01      30     -99.4913979983      -99.4913979983    -0.0001219635           0.003146
   11    1.8E-01   4.7E-01      30     -99.4914950818      -99.4914950818    -0.0000970834           0.004901
   12    3.7E-01   4.7E-01      30     -99.4915956193      -99.4915956193    -0.0001005375           0.003969
   13    2.3E-01   5.0E-01      30     -99.4916375973      -99.4916375973    -0.0000419780           0.003163
   14    2.2E-01   5.9E-01      30     -99.4916730676      -99.4916730676    -0.0000354703           0.003625
   15    2.0E-01   4.7E-01      30     -99.4917104128      -99.4917104128    -0.0000373452           0.003242
   16    2.0E-01   5.2E-01      30     -99.4917392833      -99.4917392833    -0.0000288705           0.003370
   17    1.9E-01   4.7E-01      30     -99.4917585582      -99.4917585582    -0.0000192749           0.003175
   18    1.9E-01   4.7E-01      30     -99.4917895909      -99.4917895909    -0.0000310327           0.003134
   19    2.0E-01   5.2E-01      30     -99.4918074136      -99.4918074136    -0.0000178227           0.004063
   20    1.6E-01   4.7E-01      30     -99.4918259564      -99.4918259564    -0.0000185428           0.004514
   21    1.7E-01   6.2E-01      40     -99.4918424031      -99.4918424031    -0.0000164467           0.000794
   22    1.9E-01   6.7E-01      40     -99.4918493880      -99.4918493880    -0.0000069849           0.000855
   23    1.6E-01   7.6E-01      50     -99.4918518336      -99.4918518336    -0.0000024456           0.000281
   24    1.4E-01   9.4E-01      60     -99.4918529971      -99.4918529971    -0.0000011636           0.000074
   25    1.7E-01   7.9E-03      60     -99.4918530027      -99.4918530027    -0.0000000056           0.000074


  RESULTS OF THE OCCUPATION OPTIMIZATION
 ========================================

   OM     Occupation      Elag Diag

    1      1.9997933    -26.3631186
    2      1.9922756     -1.0304858
    3      1.9922736     -1.0303022
    4      1.9922707     -1.0298397
    5      1.0000000     -0.4189144
    6      0.0056252     -0.0092623
    7      0.0000609     -0.0002557
    8      0.0000294     -0.0001682
    9      0.0000380     -0.0012303
   10      0.0008276     -0.0020134
   11      0.0007247     -0.0017306
   12      0.0056186     -0.0092565
   13      0.0000004     -0.0000165
   14      0.0007257     -0.0017319
   15      0.0056187     -0.0092570
   16      0.0008271     -0.0020115
   17      0.0000150     -0.0005050
   18      0.0003185     -0.0009654
   19      0.0008288     -0.0020136
   20      0.0007244     -0.0017303
   21      0.0000002     -0.0000091
   22      0.0000492     -0.0002216
   23      0.0000299     -0.0001691
   24      0.0000423     -0.0002044
   25      0.0000150     -0.0005047
   26      0.0000302     -0.0001700
   27      0.0000251     -0.0001529
   28      0.0000611     -0.0002559
   29      0.0000001     -0.0000087
   30      0.0000616     -0.0002571
   31      0.0000434     -0.0002066
   32      0.0003174     -0.0009636
   33      0.0000003     -0.0000182
   34      0.0000085     -0.0000491
   35      0.0000056     -0.0000368
   36      0.0000498     -0.0002214
   37      0.0001344     -0.0066122
   38      0.0000042     -0.0000271
   39      0.0000080     -0.0000485
   40      0.0000101     -0.0000610
   41      0.0000000     -0.0000002
   42      0.0000056     -0.0000372
   43      0.0000044     -0.0000292
   44      0.0000080     -0.0000486
   45      0.0000002     -0.0000139
   46      0.0000109     -0.0000618
   47      0.0000102     -0.0000610
   48      0.0000056     -0.0000368
   49      0.0000029     -0.0003775
   50      0.0000237     -0.0001484
   51      0.0000493     -0.0002212
   52      0.0000045     -0.0000303
   53      0.0000000     -0.0000002
   54      0.0000385     -0.0001973
   55      0.0003175     -0.0009634
   56      0.0000262     -0.0001560
   57      0.0000003     -0.0000138

   RO Sum (   9) =    9.00

  ---------------
   Dipole Moment
  ---------------

      0.0000 Debye [   0.0000  (  -0.0000,  -0.0000,   0.0000) ]

 ----------------
  Final Energies  
 ----------------

  Final NOF Total Energy =      -99.4918530027 ( 7.E-05 , 0.E+00 )


  **************************************************
  *                                                *
  *       SINGLE-POINT DoNOF CALCULATION           *
  *                                                *
  *             FULL OPTIMIZATION                  *
  *                                                *
  *  FINAL RESULTS   FINAL RESULTS  FINAL RESULTS  *
  *                                                *
  **************************************************

  **************************************************
  *         No. EXTERNAL ITER =    25              *
  *         No. of TOTAL ITER =   830              *
  **************************************************

  Elapsed real time :     17.89  (Seconds)

 The execution finished at 15h 38min on the  3/11/2025
