 This is the parallel version of the code
 This is the parallel version of the code
 This is the parallel version of the code
 This is the parallel version of the code
 This is the parallel version of the code
 This is the parallel version of the code
 This is the parallel version of the code
 This is the parallel version of the code
 This is the parallel version of the code
 This is the parallel version of the code
 This is the parallel version of the code
 This is the parallel version of the code
Master:    0

 The execution started at 15h 37min on the  3/17/2025

    ===========================================================
    !                                                         !
    !                        Do N O F                         !
    !                                                         !
    !  (Donostia Natural Orbital Functional Software Program) !
    !                                                         !
    !               COPYRIGHT by Mario Piris                  !
    !                                                         !
    !      Donostia International Physics Center (DIPC)       !
    !       University of the Basque Country (UPV/EHU)        !
    !       Basque Foundation for Science (IKERBASQUE)        !
    !                                                         !
    !          GNU General Public License version 3           !
    !                                                         !
    !                  VERSION: Mayo 2024                     !
    !                                                         !
    ===========================================================

 Run Title
 ---------
 p30-5 set                                                                       

 Basis Set
 ---------
 /home/ion/p30-5/def2-qzvp/Pnof5/ncwo/def2-qzvp.bas                              

 Atom      Charge                Coordinates (Bohr)
                           x             y             z
 F           9.0        0.0000        0.0000        0.0000

 Atomic Basis Set
 ----------------
 The contracted primitive functions were unnormalized
 The contracted basis functions are now normalized to unity

  Shell Type  Primitive         Exponent  Contraction Coefficient

 F         
 
      1   S       1        132535.9734500    0.000077991655
      1   S       2         19758.1125880    0.000610110499
      1   S       3          4485.1996947    0.003201264977
      1   S       4          1273.8151020    0.013260979519
      1   S       5           418.9383124    0.046071472261
      1   S       6           152.5572198    0.136167792948
      1   S       7            59.8215248    0.326765510155
      1   S       8            24.8190769    0.573746111915
 
      2   S       9           100.7444667    0.102589537845
      2   S      10            30.1037283    0.918646158514
 
      3   S      11            10.8142833    1.000000000000
 
      4   S      12             4.8172887    1.000000000000
 
      5   S      13             1.6559334    1.000000000000
 
      6   S      14             0.6489352    1.000000000000
 
      7   S      15             0.2477810    1.000000000000
 
      8   P      16           240.9665411    0.002580161562
      8   P      17            57.0206998    0.020680170596
      8   P      18            18.1269521    0.097152556343
      8   P      19             6.6457405    0.314685817921
      8   P      20             2.6375723    0.677445033362
 
      9   P      21             1.0638217    1.000000000000
 
     10   P      22             0.4193256    1.000000000000
 
     11   P      23             0.1574759    1.000000000000
 
     12   D      24             5.0140000    1.000000000000
 
     13   D      25             1.7250000    1.000000000000
 
     14   D      26             0.5860000    1.000000000000
 
     15   F      27             3.5620000    1.000000000000
 
     16   F      28             1.1480000    1.000000000000
 
     17   G      29             2.3760000    1.000000000000

 Total Number of Basis Set Shells             =   17
 Total Number of Primitives                   =   29
 Number of Cartesian Gaussian Basis Functions =   72
 Number of Electrons                          =    9
 Charge of Molecule                           =    0
 Spin Multiplicity                            =    2
 Number of Occupied Orbitals (Alpha)          =    5
 Number of Occupied Orbitals (Beta )          =    4
 Total Number of Atoms                        =    1

 Input Run Options
 -----------------
 IRUNTYP = 1  MULT = 2  ICHARG =  0 IECP = 0  IEMOM = 1  UNITS = ANGS    

 Integral Options
 ----------------
 CUTOFF = 1.0E-09   ISCHWZ = 0   ERITYP = FULL

 Input NOF Options
 -----------------

 Type of calculation =    Coeff. Opt.:   (ICOEF)         1
 Use Softmax function for Occ. Opt.:     (ISOFTMAX)      1
 Type of Orb. Opt. = Orbital Rotations:  (IORBOPT)       4
 Maximum Number of Occ-Coef Outer Iter.: (MAXIT)      1000

 Natural Orbital Functional Selected:    (IPNOF)         5
 Spin-Multiplet, High-Spin State Option: (HighSpin)      F
 
 Restart calculation Option:             (RESTART)       T
 Orthogonalize the initial Orbitals:     (ORTHO)         T

 Output Option:                          (NPRINT)        0
 Output the Coefficient Matrix:          (IWRITEC)       0
 Do a Mulliken Population Analysis:      (IMULPOP)       0
 Write Information into a WFN file:      (IAIMPAC)       1
 Write Information into a FCHK file:     (IFCHK)         1
 Write Information into a MLP file:      (MOLDEN)        1
 Create Ini. Cond. (ini.xyz) file:       (INICOND)       1
 Calculate IPs using Ext. Koopmans Theo: (IEKT)          0
 Write APSG expansion coefficient file:  (APSG)          F
 Output option for Lagrange Multipliers: (PRINTLAG)      F
 Diagonalize matrix of Lag. Multipliers: (DIAGLAG)       F

 Nuclear Coordinates from GCF file:
 ----------------------------------

 Atom      Charge                Coordinates (Bohr)
                           x             y             z
 F        9.00000        0.0000        0.0000        0.0000

------------------------------------------------------------------------

 Orbital Space
 -------------

 Inactive Doubly occupied orbitals up to NO1  =    0
 No. considered Strongly Doubly occupied MOs  =    4
 No. considered Strongly Singly occupied MOs  =    1
 No. of Weakly occ. per St. Doubly occ.  MOs  =   16
 Dimension of the Active Nat. Orb. subspace   =   68
 Secondary Empty orbitals                     =    3

 1e- integrals
 -------------
 Time to do integrals =      0.00

 2e- integrals
 -------------
 DONTW option skips storage 2e- integrals on Unit 1
              453802 2e- integrals in     1 records
 Time to do integrals =      0.15

 Distribution Full ERIs:

 Integrals:                            453802
 Max size per slaves:                   37818
 Max size in master:                   491620

 No violations of the orthonormality


  RESULTS OF OCCUPATION-COEFFICIENT OPTIMIZATION
 ================================================

  Ex It  Occ Time  Orb Time  Orb It   Electronic Energy     Total Energy   Energy Convergency    Max Mul-Lag Diff

    1    3.8E-01   1.7E-01      10     -99.4921010440      -99.4921010440     0.0000000000           0.000035


  RESULTS OF THE OCCUPATION OPTIMIZATION
 ========================================

   OM     Occupation      Elag Diag

    1      1.9997935    -26.3631217
    2      1.9922614     -1.0305597
    3      1.9922563     -1.0302875
    4      1.9922527     -1.0300989
    5      1.0000000     -0.4189288
    6      0.0000083     -0.0000487
    7      0.0000057     -0.0000366
    8      0.0000266     -0.0001572
    9      0.0000000     -0.0000000
   10      0.0003233     -0.0009680
   11      0.0000037     -0.0000214
   12      0.0056197     -0.0092527
   13      0.0000000     -0.0000002
   14      0.0056148     -0.0092480
   15      0.0000418     -0.0002021
   16      0.0008267     -0.0020064
   17      0.0000002     -0.0000077
   18      0.0000425     -0.0002034
   19      0.0056132     -0.0092473
   20      0.0007246     -0.0017266
   21      0.0000151     -0.0005070
   22      0.0007263     -0.0017278
   23      0.0000043     -0.0000273
   24      0.0000085     -0.0000506
   25      0.0000002     -0.0000125
   26      0.0000043     -0.0000278
   27      0.0003217     -0.0009669
   28      0.0000043     -0.0000280
   29      0.0000000     -0.0000002
   30      0.0000102     -0.0000605
   31      0.0000599     -0.0002519
   32      0.0000058     -0.0000356
   33      0.0000029     -0.0003773
   34      0.0008298     -0.0020124
   35      0.0000103     -0.0000611
   36      0.0000548     -0.0002235
   37      0.0000000     -0.0000002
   38      0.0000602     -0.0002525
   39      0.0000251     -0.0001514
   40      0.0000618     -0.0002561
   41      0.0000000      0.0000000
   42      0.0000248     -0.0001503
   43      0.0000314     -0.0001715
   44      0.0000420     -0.0002018
   45      0.0000001     -0.0000065
   46      0.0000041     -0.0000253
   47      0.0008305     -0.0020124
   48      0.0000279     -0.0001618
   49      0.0000002     -0.0000192
   50      0.0000317     -0.0001716
   51      0.0000083     -0.0000484
   52      0.0000040     -0.0000253
   53      0.0000150     -0.0005064
   54      0.0000057     -0.0000364
   55      0.0000550     -0.0002249
   56      0.0003161     -0.0009611
   57      0.0000002     -0.0000099
   58      0.0000549     -0.0002248
   59      0.0007268     -0.0017279
   60      0.0000040     -0.0000239
   61      0.0000002     -0.0000090
   62      0.0000037     -0.0000215
   63      0.0000019     -0.0000110
   64      0.0000098     -0.0000573
   65      0.0000380     -0.0012307
   66      0.0000027     -0.0000142
   67      0.0000041     -0.0000256
   68      0.0000019     -0.0000110
   69      0.0001343     -0.0066116

   RO Sum (   9) =    9.00

  ---------------
   Dipole Moment
  ---------------

      0.0002 Debye [   0.0001  (  -0.0000,  -0.0000,  -0.0000) ]

 ----------------
  Final Energies  
 ----------------

  Final NOF Total Energy =      -99.4921010440 ( 3.E-05 , 0.E+00 )


  **************************************************
  *                                                *
  *       SINGLE-POINT DoNOF CALCULATION           *
  *                                                *
  *             FULL OPTIMIZATION                  *
  *                                                *
  *  FINAL RESULTS   FINAL RESULTS  FINAL RESULTS  *
  *                                                *
  **************************************************

  **************************************************
  *         No. EXTERNAL ITER =     1              *
  *         No. of TOTAL ITER =    10              *
  **************************************************

  Elapsed real time :      0.91  (Seconds)

 The execution finished at 15h 37min on the  3/17/2025
