 This is the parallel version of the code
 This is the parallel version of the code
 This is the parallel version of the code
 This is the parallel version of the code
 This is the parallel version of the code
 This is the parallel version of the code
 This is the parallel version of the code
 This is the parallel version of the code
 This is the parallel version of the code
 This is the parallel version of the code
 This is the parallel version of the code
 This is the parallel version of the code
Master:    0

 The execution started at 15h 37min on the  3/11/2025

    ===========================================================
    !                                                         !
    !                        Do N O F                         !
    !                                                         !
    !  (Donostia Natural Orbital Functional Software Program) !
    !                                                         !
    !               COPYRIGHT by Mario Piris                  !
    !                                                         !
    !      Donostia International Physics Center (DIPC)       !
    !       University of the Basque Country (UPV/EHU)        !
    !       Basque Foundation for Science (IKERBASQUE)        !
    !                                                         !
    !          GNU General Public License version 3           !
    !                                                         !
    !                  VERSION: Mayo 2024                     !
    !                                                         !
    ===========================================================

 Run Title
 ---------
 p30-5 set                                                                       

 Basis Set
 ---------
 /home/ion/p30-5/def2-qzvp/Pnof5/ncwo/def2-qzvp.bas                              

 Atom      Charge                Coordinates (Bohr)
                           x             y             z
 F           9.0        0.0000        0.0000        0.0000

 Atomic Basis Set
 ----------------
 The contracted primitive functions were unnormalized
 The contracted basis functions are now normalized to unity

  Shell Type  Primitive         Exponent  Contraction Coefficient

 F         
 
      1   S       1        132535.9734500    0.000077991655
      1   S       2         19758.1125880    0.000610110499
      1   S       3          4485.1996947    0.003201264977
      1   S       4          1273.8151020    0.013260979519
      1   S       5           418.9383124    0.046071472261
      1   S       6           152.5572198    0.136167792948
      1   S       7            59.8215248    0.326765510155
      1   S       8            24.8190769    0.573746111915
 
      2   S       9           100.7444667    0.102589537845
      2   S      10            30.1037283    0.918646158514
 
      3   S      11            10.8142833    1.000000000000
 
      4   S      12             4.8172887    1.000000000000
 
      5   S      13             1.6559334    1.000000000000
 
      6   S      14             0.6489352    1.000000000000
 
      7   S      15             0.2477810    1.000000000000
 
      8   P      16           240.9665411    0.002580161562
      8   P      17            57.0206998    0.020680170596
      8   P      18            18.1269521    0.097152556343
      8   P      19             6.6457405    0.314685817921
      8   P      20             2.6375723    0.677445033362
 
      9   P      21             1.0638217    1.000000000000
 
     10   P      22             0.4193256    1.000000000000
 
     11   P      23             0.1574759    1.000000000000
 
     12   D      24             5.0140000    1.000000000000
 
     13   D      25             1.7250000    1.000000000000
 
     14   D      26             0.5860000    1.000000000000
 
     15   F      27             3.5620000    1.000000000000
 
     16   F      28             1.1480000    1.000000000000
 
     17   G      29             2.3760000    1.000000000000

 Total Number of Basis Set Shells             =   17
 Total Number of Primitives                   =   29
 Number of Cartesian Gaussian Basis Functions =   72
 Number of Electrons                          =    9
 Charge of Molecule                           =    0
 Spin Multiplicity                            =    2
 Number of Occupied Orbitals (Alpha)          =    5
 Number of Occupied Orbitals (Beta )          =    4
 Total Number of Atoms                        =    1

 Input Run Options
 -----------------
 IRUNTYP = 1  MULT = 2  ICHARG =  0 IECP = 0  IEMOM = 1  UNITS = ANGS    

 Integral Options
 ----------------
 CUTOFF = 1.0E-09   ISCHWZ = 0   ERITYP = FULL

 Input NOF Options
 -----------------

 Type of calculation =    Coeff. Opt.:   (ICOEF)         1
 Use Softmax function for Occ. Opt.:     (ISOFTMAX)      1
 Type of Orb. Opt. = Orbital Rotations:  (IORBOPT)       4
 Maximum Number of Occ-Coef Outer Iter.: (MAXIT)      1000

 Natural Orbital Functional Selected:    (IPNOF)         5
 Spin-Multiplet, High-Spin State Option: (HighSpin)      F
 
 Restart calculation Option:             (RESTART)       T
 Orthogonalize the initial Orbitals:     (ORTHO)         T

 Output Option:                          (NPRINT)        0
 Output the Coefficient Matrix:          (IWRITEC)       0
 Do a Mulliken Population Analysis:      (IMULPOP)       0
 Write Information into a WFN file:      (IAIMPAC)       1
 Write Information into a FCHK file:     (IFCHK)         1
 Write Information into a MLP file:      (MOLDEN)        1
 Create Ini. Cond. (ini.xyz) file:       (INICOND)       1
 Calculate IPs using Ext. Koopmans Theo: (IEKT)          0
 Write APSG expansion coefficient file:  (APSG)          F
 Output option for Lagrange Multipliers: (PRINTLAG)      F
 Diagonalize matrix of Lag. Multipliers: (DIAGLAG)       F

 Nuclear Coordinates from GCF file:
 ----------------------------------

 Atom      Charge                Coordinates (Bohr)
                           x             y             z
 F        9.00000        0.0000        0.0000        0.0000

------------------------------------------------------------------------

 Orbital Space
 -------------

 Inactive Doubly occupied orbitals up to NO1  =    0
 No. considered Strongly Doubly occupied MOs  =    4
 No. considered Strongly Singly occupied MOs  =    1
 No. of Weakly occ. per St. Doubly occ.  MOs  =   15
 Dimension of the Active Nat. Orb. subspace   =   64
 Secondary Empty orbitals                     =    7

 1e- integrals
 -------------
 Time to do integrals =      0.00

 2e- integrals
 -------------
 DONTW option skips storage 2e- integrals on Unit 1
              453802 2e- integrals in     1 records
 Time to do integrals =      0.15

 Distribution Full ERIs:

 Integrals:                            453802
 Max size per slaves:                   37818
 Max size in master:                   491620

 No violations of the orthonormality


  RESULTS OF OCCUPATION-COEFFICIENT OPTIMIZATION
 ================================================

  Ex It  Occ Time  Orb Time  Orb It   Electronic Energy     Total Energy   Energy Convergency    Max Mul-Lag Diff

    1    1.8E-01   1.7E-01      10     -99.4912864385      -99.4912864385     0.0000000000           0.000847
    2    1.7E-01   4.7E-01      30     -99.4913857179      -99.4913857179    -0.0000992794           0.004191
    3    2.8E-01   4.7E-01      30     -99.4914544724      -99.4914544724    -0.0000687545           0.003827
    4    2.8E-01   4.8E-01      30     -99.4915199732      -99.4915199732    -0.0000655009           0.004565
    5    3.1E-01   4.7E-01      30     -99.4915879746      -99.4915879746    -0.0000680014           0.004659
    6    2.3E-01   4.7E-01      30     -99.4916551865      -99.4916551865    -0.0000672119           0.004883
    7    3.0E-01   4.8E-01      30     -99.4917255737      -99.4917255737    -0.0000703872           0.002672
    8    2.1E-01   4.7E-01      30     -99.4917847346      -99.4917847346    -0.0000591609           0.005455
    9    2.1E-01   4.8E-01      30     -99.4918285507      -99.4918285507    -0.0000438160           0.004643
   10    2.1E-01   5.4E-01      30     -99.4918685582      -99.4918685582    -0.0000400075           0.004808
   11    2.7E-01   4.7E-01      30     -99.4919116664      -99.4919116664    -0.0000431083           0.005106
   12    2.0E-01   4.7E-01      30     -99.4919506767      -99.4919506767    -0.0000390102           0.005127
   13    2.7E-01   5.2E-01      30     -99.4919824961      -99.4919824961    -0.0000318195           0.004973
   14    2.0E-01   4.7E-01      30     -99.4920003097      -99.4920003097    -0.0000178136           0.004812
   15    2.7E-01   4.7E-01      30     -99.4920171936      -99.4920171936    -0.0000168839           0.005102
   16    2.0E-01   7.0E-01      40     -99.4920325474      -99.4920325474    -0.0000153538           0.000919
   17    1.7E-01   7.6E-01      50     -99.4920379423      -99.4920379423    -0.0000053949           0.000314
   18    1.7E-01   9.6E-01      60     -99.4920391096      -99.4920391096    -0.0000011672           0.000924
   19    1.8E-01   1.1E+00      70     -99.4920410433      -99.4920410433    -0.0000019337           0.000128
   20    1.7E-01   1.2E+00      80     -99.4920413529      -99.4920413529    -0.0000003096           0.000023
   21    1.7E-01   8.0E-03      80     -99.4920413593      -99.4920413593    -0.0000000064           0.000023


  RESULTS OF THE OCCUPATION OPTIMIZATION
 ========================================

   OM     Occupation      Elag Diag

    1      1.9997934    -26.3630113
    2      1.9922690     -1.0305906
    3      1.9922680     -1.0306302
    4      1.9922620     -1.0296746
    5      1.0000000     -0.4189128
    6      0.0000250     -0.0001512
    7      0.0000608     -0.0002549
    8      0.0056153     -0.0092505
    9      0.0000382     -0.0012341
   10      0.0056199     -0.0092541
   11      0.0007243     -0.0017274
   12      0.0008277     -0.0020115
   13      0.0000028     -0.0003770
   14      0.0008313     -0.0020156
   15      0.0056152     -0.0092507
   16      0.0007244     -0.0017274
   17      0.0000151     -0.0005068
   18      0.0007258     -0.0017294
   19      0.0008297     -0.0020132
   20      0.0003167     -0.0009623
   21      0.0000001     -0.0000057
   22      0.0000429     -0.0002047
   23      0.0000303     -0.0001692
   24      0.0000531     -0.0002224
   25      0.0000002     -0.0000115
   26      0.0000602     -0.0002535
   27      0.0000249     -0.0001510
   28      0.0000300     -0.0001687
   29      0.0000000     -0.0000002
   30      0.0003173     -0.0009636
   31      0.0000424     -0.0002029
   32      0.0000607     -0.0002547
   33      0.0000002     -0.0000095
   34      0.0000530     -0.0002225
   35      0.0000057     -0.0000369
   36      0.0000041     -0.0000258
   37      0.0001342     -0.0066103
   38      0.0000082     -0.0000489
   39      0.0000082     -0.0000486
   40      0.0000040     -0.0000251
   41      0.0000000     -0.0000001
   42      0.0000058     -0.0000369
   43      0.0000044     -0.0000282
   44      0.0000042     -0.0000279
   45      0.0000000     -0.0000002
   46      0.0000040     -0.0000257
   47      0.0000101     -0.0000605
   48      0.0000057     -0.0000369
   49      0.0000003     -0.0000191
   50      0.0000000     -0.0000021
   51      0.0000513     -0.0002209
   52      0.0000082     -0.0000487
   53      0.0000000     -0.0000002
   54      0.0000102     -0.0000609
   55      0.0003167     -0.0009624
   56      0.0000418     -0.0002020
   57      0.0000002     -0.0000114
   58      0.0000298     -0.0001685
   59      0.0000039     -0.0000252
   60      0.0000250     -0.0001511
   61      0.0000151     -0.0005067
   62      0.0000045     -0.0000285
   63      0.0000040     -0.0000252
   64      0.0000101     -0.0000604
   65      0.0000002     -0.0000094

   RO Sum (   9) =    9.00

  ---------------
   Dipole Moment
  ---------------

      0.0001 Debye [   0.0000  (   0.0000,  -0.0000,  -0.0000) ]

 ----------------
  Final Energies  
 ----------------

  Final NOF Total Energy =      -99.4920413593 ( 2.E-05 , 0.E+00 )


  **************************************************
  *                                                *
  *       SINGLE-POINT DoNOF CALCULATION           *
  *                                                *
  *             FULL OPTIMIZATION                  *
  *                                                *
  *  FINAL RESULTS   FINAL RESULTS  FINAL RESULTS  *
  *                                                *
  **************************************************

  **************************************************
  *         No. EXTERNAL ITER =    21              *
  *         No. of TOTAL ITER =   810              *
  **************************************************

  Elapsed real time :     16.64  (Seconds)

 The execution finished at 15h 38min on the  3/11/2025
