 This is the parallel version of the code
 This is the parallel version of the code
 This is the parallel version of the code
 This is the parallel version of the code
Master:    0

 The execution started at 10h  6min on the 11/21/2024

    ===========================================================
    !                                                         !
    !                        Do N O F                         !
    !                                                         !
    !  (Donostia Natural Orbital Functional Software Program) !
    !                                                         !
    !               COPYRIGHT by Mario Piris                  !
    !                                                         !
    !      Donostia International Physics Center (DIPC)       !
    !       University of the Basque Country (UPV/EHU)        !
    !       Basque Foundation for Science (IKERBASQUE)        !
    !                                                         !
    !          GNU General Public License version 3           !
    !                                                         !
    !                  VERSION: Mayo 2024                     !
    !                                                         !
    ===========================================================

 Run Title
 ---------
 p30-5 set                                                                       

 Basis Set
 ---------
 /beegfs_agamede/gscratch/povmieci/SCRATCH/64755/def2-svp.bas                    

 Atom      Charge                Coordinates (Bohr)
                           x             y             z
 C           6.0        0.0000        0.0000        1.1716
 C           6.0        0.0000        0.0000       -1.1716

 Atomic Basis Set
 ----------------
 The contracted primitive functions were unnormalized
 The contracted basis functions are now normalized to unity

  Shell Type  Primitive         Exponent  Contraction Coefficient

 C         

      1   S       1          1238.4016938    0.005517365048
      1   S       2           186.2900499    0.041088828556
      1   S       3            42.2511763    0.182253821265
      1   S       4            11.6765579    0.468284594374
      1   S       5             3.5930506    0.445758173360

      2   S       6             0.4024515    1.000000000000

      3   S       7             0.1309018    1.000000000000

      4   P       8             9.4680971    0.056888332011
      4   P       9             2.0103545    0.312940593365
      4   P      10             0.5477100    0.760650165091

      5   P      11             0.1526861    1.000000000000

      6   D      12             0.8000000    1.000000000000

 C         

      7   S      13          1238.4016938    0.005517365048
      7   S      14           186.2900499    0.041088828556
      7   S      15            42.2511763    0.182253821265
      7   S      16            11.6765579    0.468284594374
      7   S      17             3.5930506    0.445758173360

      8   S      18             0.4024515    1.000000000000

      9   S      19             0.1309018    1.000000000000

     10   P      20             9.4680971    0.056888332011
     10   P      21             2.0103545    0.312940593365
     10   P      22             0.5477100    0.760650165091

     11   P      23             0.1526861    1.000000000000

     12   D      24             0.8000000    1.000000000000

 Total Number of Basis Set Shells             =   12
 Total Number of Primitives                   =   24
 Number of Cartesian Gaussian Basis Functions =   30
 Number of Electrons                          =   12
 Charge of Molecule                           =    0
 Spin Multiplicity                            =    1
 Number of Occupied Orbitals (Alpha)          =    6
 Number of Occupied Orbitals (Beta )          =    6
 Total Number of Atoms                        =    2

 Input Run Options
 -----------------
 IRUNTYP = 1  MULT = 1  ICHARG =  0 IECP = 0  IEMOM = 1  UNITS = ANGS    

 Integral Options
 ----------------
 CUTOFF = 1.0E-09   ISCHWZ = 0   ERITYP = FULL

 Input NOF Options
 -----------------

 Type of calculation =    Coeff. Opt.:   (ICOEF)         1
 Use Softmax function for Occ. Opt.:     (ISOFTMAX)      1
 Type of Orb. Opt. = Orbital Rotations:  (IORBOPT)       4
 Maximum Number of Occ-Coef Outer Iter.: (MAXIT)      1000

 Natural Orbital Functional Selected:    (IPNOF)         5

 Restart calculation Option:             (RESTART)       F
 Restart Gamma Matrix from GCF file:     (INPUTGAMMA)    0
 Coefficient Matrix from GCF file:       (INPUTC)        0
 Diagonal Elements FMIUG from GCF file:  (INPUTFMIUG)    0
 Cartesian Coordinates from GCF file:    (INPUTCXYZ)     0
 Orthogonalize the initial Orbitals:     (ORTHO)         T

 Output Option:                          (NPRINT)        0
 Output the Coefficient Matrix:          (IWRITEC)       0
 Do a Mulliken Population Analysis:      (IMULPOP)       0
 Write Information into a WFN file:      (IAIMPAC)       1
 Write Information into a FCHK file:     (IFCHK)         1
 Write Information into a MLP file:      (MOLDEN)        1
 Create Ini. Cond. (ini.xyz) file:       (INICOND)       1
 Calculate IPs using Ext. Koopmans Theo: (IEKT)          0
 Write APSG expansion coefficient file:  (APSG)          F
 Output option for Lagrange Multipliers: (PRINTLAG)      F
 Diagonalize matrix of Lag. Multipliers: (DIAGLAG)       F

------------------------------------------------------------------------

 Orbital Space
 -------------

 Inactive Doubly occupied orbitals up to NO1  =    0
 No. considered Strongly Doubly occupied MOs  =    6
 No. considered Strongly Singly occupied MOs  =    0
 No. of Weakly occ. per St. Doubly occ.  MOs  =    4
 Dimension of the Active Nat. Orb. subspace   =   30
 Secondary Empty orbitals                     =    0

 1e- integrals
 -------------
 Time to do integrals =      0.00
 Guess for MOs = HCORE
       268 MOs were matched and         0 equalized to zero

 2e- integrals
 -------------
 DONTW option skips storage 2e- integrals on Unit 1
               28696 2e- integrals in     1 records
 Time to do integrals =      0.01

 Distribution Full ERIs:

 Integrals:                             28696
 Max size per slaves:                    7176
 Max size in master:                    35872

 Input for Coefficients is HCORE


  RESULTS OF OCCUPATION-COEFFICIENT OPTIMIZATION
 ================================================

  Ex It  Orb It    Electronic Energy     Total Energy   Energy Convergency    Max Mul-Lag Diff

    1      10       -88.8874807057      -73.5242702439    -1.9678718004           0.690690
    2      10       -89.9100667973      -74.5468563355    -1.0225860916           0.317695
    3      10       -90.4064962562      -75.0432857944    -0.4964294588           0.222969
    4      10       -90.6676054417      -75.3043949799    -0.2611091855           0.143938
    5      10       -90.7715808324      -75.4083703706    -0.1039753907           0.055828
    6      10       -90.7965673637      -75.4333569018    -0.0249865312           0.018896
    7      10       -90.8086212947      -75.4454108329    -0.0120539310           0.012984
    8      10       -90.8184248861      -75.4552144243    -0.0098035914           0.011158
    9      10       -90.8261774221      -75.4629669603    -0.0077525360           0.013284
   10      10       -90.8319420523      -75.4687315905    -0.0057646302           0.010710
   11      10       -90.8357912233      -75.4725807615    -0.0038491710           0.013156
   12      10       -90.8383638220      -75.4751533602    -0.0025725987           0.010498
   13      10       -90.8402466971      -75.4770362353    -0.0018828750           0.010976
   14      10       -90.8419092005      -75.4786987387    -0.0016625035           0.010939
   15      10       -90.8427761129      -75.4795656511    -0.0008669124           0.012321
   16      10       -90.8435277276      -75.4803172658    -0.0007516147           0.010736
   17      10       -90.8436515083      -75.4804410465    -0.0001237807           0.013822
   18      10       -90.8437444026      -75.4805339408    -0.0000928943           0.013794
   19      10       -90.8437862730      -75.4805758112    -0.0000418704           0.011527
   20      10       -90.8437403098      -75.4805298480     0.0000459632           0.011061
   21      20       -90.8443300730      -75.4811196111    -0.0005897632           0.000837
   22      20       -90.8443435338      -75.4811330720    -0.0000134609           0.000331
   23      20       -90.8443499939      -75.4811395321    -0.0000064601           0.000277
   24      30       -90.8443541256      -75.4811436638    -0.0000041317           0.000139
   25      40       -90.8443572382      -75.4811467763    -0.0000031125           0.000030


  RESULTS OF THE OCCUPATION OPTIMIZATION
 ========================================

   OM     Occupation      Elag Diag

    1      1.9997809    -11.3075976
    2      1.9997804    -11.3074911
    3      1.9966266     -1.0474922
    4      1.9324118     -0.4502106
    5      1.9305445     -0.4495945
    6      1.5397442     -0.4531445
    7      0.4601331     -0.1595966
    8      0.0666384     -0.0271256
    9      0.0640726     -0.0262048
   10      0.0020972     -0.0028976
   11      0.0000002     -0.0000038
   12      0.0000000     -0.0000001
   13      0.0000702     -0.0000646
   14      0.0025457     -0.0017059
   15      0.0025935     -0.0017441
   16      0.0009191     -0.0013426
   17      0.0000000     -0.0000001
   18      0.0000009     -0.0000125
   19      0.0000263     -0.0000320
   20      0.0001514     -0.0001356
   21      0.0005431     -0.0006081
   22      0.0001744     -0.0003015
   23      0.0000009     -0.0000098
   24      0.0000000     -0.0000000
   25      0.0000262     -0.0000295
   26      0.0001200     -0.0001593
   27      0.0003790     -0.0004276
   28      0.0001827     -0.0003139
   29      0.0002185     -0.0030701
   30      0.0002182     -0.0030651

   RO Sum (  12) =   12.00

  ---------------
   Dipole Moment
  ---------------

      0.0002 Debye [   0.0001  (   0.0000,  -0.0001,  -0.0000) ]

 ----------------
  Final Energies  
 ----------------

  Final NOF Total Energy =      -75.4811467763 ( 3.E-05 , 0.E+00 )


  **************************************************
  *                                                *
  *       SINGLE-POINT DoNOF CALCULATION           *
  *                                                *
  *             FULL OPTIMIZATION                  *
  *                                                *
  *  FINAL RESULTS   FINAL RESULTS  FINAL RESULTS  *
  *                                                *
  **************************************************

  **************************************************
  *         No. EXTERNAL ITER =    25              *
  *         No. of TOTAL ITER =   330              *
  **************************************************

  Elapsed real time :      1.88  (Seconds)
  Git sha : bcb372acca69df19ae91719c988dea244a3c3d1c                                                            

 The execution finished at 10h  6min on the 11/21/2024
