 This is the serial version of the code

 The execution started at  9h 35min on the 11/21/2024

    ===========================================================
    !                                                         !
    !                        Do N O F                         !
    !                                                         !
    !  (Donostia Natural Orbital Functional Software Program) !
    !                                                         !
    !               COPYRIGHT by Mario Piris                  !
    !                                                         !
    !      Donostia International Physics Center (DIPC)       !
    !       University of the Basque Country (UPV/EHU)        !
    !       Basque Foundation for Science (IKERBASQUE)        !
    !                                                         !
    !          GNU General Public License version 3           !
    !                                                         !
    !                  VERSION: Mayo 2024                     !
    !                                                         !
    ===========================================================

 Run Title
 ---------
 p30-5 set                                                                       

 Basis Set
 ---------
 /home/ion/p30-5/inps/def2-svp/gnof/def2-svp.bas                                 

 Atom      Charge                Coordinates (Bohr)
                           x             y             z
 CA         20.0        0.0000        0.0000       -1.6984
 O           8.0        0.0000        0.0000        1.6984

 Atomic Basis Set
 ----------------
 The contracted primitive functions were unnormalized
 The contracted basis functions are now normalized to unity

  Shell Type  Primitive         Exponent  Contraction Coefficient

 CA        
 
      1   S       1         35138.7139290    0.001804793258
      1   S       2          5276.4111348    0.013820434433
      1   S       3          1200.4692589    0.068347470739
      1   S       4           338.7181054    0.235857640075
      1   S       5           109.8538592    0.472631385247
      1   S       6            37.6088803    0.351692498575
 
      2   S       7            73.1079776   -0.102531311079
      2   S       8             8.2407706    0.609202407151
      2   S       9             3.2959813    0.464398802507
 
      3   S      10             5.2341801   -0.205301572010
      3   S      11             0.8418722    0.677915479198
      3   S      12             0.3651029    0.441009016342
 
      4   S      13             0.0512224    1.000000000000
 
      5   S      14             0.0198251    1.000000000000
 
      6   P      15           413.1131389    0.009884465709
      6   P      16            96.9357862    0.071628839504
      6   P      17            30.3721547    0.266899547729
      6   P      18            10.6847768    0.507697430817
      6   P      19             3.8821258    0.333840977912
 
      7   P      20             1.7993016    0.316604443154
      7   P      21             0.6918906    0.562979576248
      7   P      22             0.2636402    0.236757670930
 
      8   P      23             0.0749790    1.000000000000
 
      9   D      24             5.4979094    0.116004757206
      9   D      25             1.3177128    0.409686110613
      9   D      26             0.3218868    0.711310748747
 
     10   D      27             0.0705286    1.000000000000

 O         
 
     11   S      28          2266.1767785   -0.005389350392
     11   S      29           340.8701019   -0.040234721389
     11   S      30            77.3631352   -0.180081842055
     11   S      31            21.4796449   -0.468288576577
     11   S      32             6.6589433   -0.446926171602
 
     12   S      33             0.8097598    1.000000000000
 
     13   S      34             0.2553077    1.000000000000
 
     14   P      35            17.7215043    0.062630248763
     14   P      36             3.8635505    0.333311384824
     14   P      37             1.0480921    0.741486383081
 
     15   P      38             0.2764154    1.000000000000
 
     16   D      39             1.2000000    1.000000000000

 Total Number of Basis Set Shells             =   16
 Total Number of Primitives                   =   39
 Number of Cartesian Gaussian Basis Functions =   41
 Number of Electrons                          =   28
 Charge of Molecule                           =    0
 Spin Multiplicity                            =    1
 Number of Occupied Orbitals (Alpha)          =   14
 Number of Occupied Orbitals (Beta )          =   14
 Total Number of Atoms                        =    2

 Input Run Options
 -----------------
 IRUNTYP = 1  MULT = 1  ICHARG =  0 IECP = 0  IEMOM = 1  UNITS = ANGS    

 Integral Options
 ----------------
 CUTOFF = 1.0E-09   ISCHWZ = 0   ERITYP = FULL

 Input NOF Options
 -----------------

 Type of calculation =    Coeff. Opt.:   (ICOEF)         1
 Use Softmax function for Occ. Opt.:     (ISOFTMAX)      1
 Type of Orb. Opt. = Orbital Rotations:  (IORBOPT)       4
 Maximum Number of Occ-Coef Outer Iter.: (MAXIT)      1000

 Natural Orbital Functional Selected:    (IPNOF)         8
 
 Restart calculation Option:             (RESTART)       F
 Restart Gamma Matrix from GCF file:     (INPUTGAMMA)    0
 Coefficient Matrix from GCF file:       (INPUTC)        0
 Diagonal Elements FMIUG from GCF file:  (INPUTFMIUG)    0
 Cartesian Coordinates from GCF file:    (INPUTCXYZ)     0
 Orthogonalize the initial Orbitals:     (ORTHO)         T

 Output Option:                          (NPRINT)        0
 Output the Coefficient Matrix:          (IWRITEC)       0
 Do a Mulliken Population Analysis:      (IMULPOP)       0
 Write Information into a WFN file:      (IAIMPAC)       1
 Write Information into a FCHK file:     (IFCHK)         1
 Write Information into a MLP file:      (MOLDEN)        1
 Create Ini. Cond. (ini.xyz) file:       (INICOND)       1
 Calculate IPs using Ext. Koopmans Theo: (IEKT)          0
 Write APSG expansion coefficient file:  (APSG)          F
 Output option for Lagrange Multipliers: (PRINTLAG)      F
 Diagonalize matrix of Lag. Multipliers: (DIAGLAG)       F

------------------------------------------------------------------------

 Orbital Space
 -------------

 Inactive Doubly occupied orbitals up to NO1  =    0
 No. considered Strongly Doubly occupied MOs  =   14
 No. considered Strongly Singly occupied MOs  =    0
 No. of Weakly occ. per St. Doubly occ.  MOs  =    1
 Dimension of the Active Nat. Orb. subspace   =   28
 Secondary Empty orbitals                     =   13

 1e- integrals
 -------------
 Time to do integrals =      0.00
 Guess for MOs = HCORE
        75 MOs were matched and         0 equalized to zero

 2e- integrals
 -------------
 DONTW option skips storage 2e- integrals on Unit 1
               91410 2e- integrals in     1 records
 Time to do integrals =      0.15

 Input for Coefficients is HCORE


  RESULTS OF OCCUPATION-COEFFICIENT OPTIMIZATION
 ================================================

  Ex It  Occ Time  Orb Time  Orb It   Electronic Energy     Total Energy   Energy Convergency    Max Mul-Lag Diff

    1    1.4E-01   2.0E+00      10    -795.1011285225     -747.9966287909    -3.4746391682           0.536275
    2    1.2E-01   2.0E+00      10    -796.9273745888     -749.8228748573    -1.8262460664           0.365603
    3    1.6E-01   2.0E+00      10    -797.7623371663     -750.6578374347    -0.8349625774           0.293428
    4    1.4E-01   2.0E+00      10    -798.1594057314     -751.0549059999    -0.3970685651           0.219742
    5    1.3E-01   2.1E+00      10    -798.3731296916     -751.2686299601    -0.2137239602           0.215621
    6    1.3E-01   2.0E+00      10    -798.5299330380     -751.4254333065    -0.1568033464           0.178941
    7    1.2E-01   2.1E+00      10    -798.6288102648     -751.5243105333    -0.0988772268           0.204500
    8    1.3E-01   2.1E+00      10    -798.7077065530     -751.6032068215    -0.0788962882           0.217998
    9    1.2E-01   2.0E+00      10    -798.7449113883     -751.6404116568    -0.0372048353           0.238070
   10    1.3E-01   2.0E+00      10    -798.7689236844     -751.6644239529    -0.0240122961           0.225001
   11    1.2E-01   2.0E+00      10    -798.7892332276     -751.6847334961    -0.0203095432           0.225048
   12    1.3E-01   2.0E+00      10    -798.8037870141     -751.6992872825    -0.0145537864           0.230769
   13    1.2E-01   2.1E+00      10    -798.8088243130     -751.7043245814    -0.0050372989           0.223555
   14    1.3E-01   2.0E+00      10    -798.8181516724     -751.7136519409    -0.0093273594           0.167610
   15    1.3E-01   2.1E+00      10    -798.8196076582     -751.7151079267    -0.0014559858           0.199208
   16    1.3E-01   2.1E+00      10    -798.8253274190     -751.7208276875    -0.0057197608           0.122137
   17    1.3E-01   2.1E+00      10    -798.8271135220     -751.7226137905    -0.0017861031           0.180006
   18    1.3E-01   2.0E+00      10    -798.8298054838     -751.7253057523    -0.0026919618           0.129790
   19    1.3E-01   2.1E+00      10    -798.8303920966     -751.7258923651    -0.0005866128           0.105477
   20    1.2E-01   2.0E+00      10    -798.8298615351     -751.7253618036     0.0005305615           0.142273
   21    1.2E-01   3.8E+00      20    -798.8371403328     -751.7326406013    -0.0072787977           0.007290
   22    1.3E-01   3.8E+00      20    -798.8373124613     -751.7328127298    -0.0001721285           0.003387
   23    1.2E-01   3.8E+00      20    -798.8374170247     -751.7329172932    -0.0001045634           0.002987
   24    1.2E-01   5.5E+00      30    -798.8375372158     -751.7330374843    -0.0001201911           0.001308
   25    1.2E-01   7.2E+00      40    -798.8376556880     -751.7331559565    -0.0001184722           0.000257
   26    1.2E-01   7.4E+00      40    -798.8377338682     -751.7332341366    -0.0000781801           0.000257
   27    1.2E-01   7.3E+00      40    -798.8377756392     -751.7332759077    -0.0000417710           0.000257
   28    1.3E-01   8.9E+00      50    -798.8377931220     -751.7332933905    -0.0000174828           0.000037
   29    1.3E-01   1.7E-01      50    -798.8377934438     -751.7332937123    -0.0000003218           0.000037


  RESULTS OF THE OCCUPATION OPTIMIZATION
 ========================================

   OM     Occupation      Elag Diag

    1      2.0000000   -148.8437526
    2      2.0000000    -17.0037691
    3      1.9998835    -15.5396249
    4      1.9998811    -15.4667317
    5      1.9998695    -15.0490557
    6      1.9998669    -14.7355299
    7      1.9957125     -2.1077026
    8      1.9901560     -1.0617938
    9      1.9877009     -1.1197467
   10      1.9815341     -1.2242854
   11      1.9814376     -1.2239992
   12      1.9660878     -0.3905236
   13      1.9644983     -0.3157180
   14      1.9644698     -0.3157627
   15      0.0355302     -0.0385810
   16      0.0355017     -0.0386737
   17      0.0339122     -0.0446888
   18      0.0185624     -0.0286028
   19      0.0184659     -0.0285018
   20      0.0122991     -0.0182141
   21      0.0098440     -0.0227962
   22      0.0042875     -0.0104241
   23      0.0001331     -0.0021664
   24      0.0001305     -0.0021706
   25      0.0001189     -0.0020018
   26      0.0001165     -0.0019725
   27      0.0000000     -0.0000030
   28      0.0000000     -0.0000029

   RO Sum (  28) =   28.00

  ---------------
   Dipole Moment
  ---------------

      9.7242 Debye [   3.8258  (  -0.0043,   0.0001,  -3.8258) ]

 ----------------
  Final Energies  
 ----------------

  Final NOF Total Energy =     -751.7332937123 ( 4.E-05 , 0.E+00 )


  **************************************************
  *                                                *
  *       SINGLE-POINT DoNOF CALCULATION           *
  *                                                *
  *             FULL OPTIMIZATION                  *
  *                                                *
  *  FINAL RESULTS   FINAL RESULTS  FINAL RESULTS  *
  *                                                *
  **************************************************

  **************************************************
  *         No. EXTERNAL ITER =    29              *
  *         No. of TOTAL ITER =   510              *
  **************************************************

  Elapsed real time :     92.53  (Seconds)

 The execution finished at  9h 36min on the 11/21/2024
