 This is the parallel version of the code
 This is the parallel version of the code
 This is the parallel version of the code
 This is the parallel version of the code
 This is the parallel version of the code
 This is the parallel version of the code
 This is the parallel version of the code
 This is the parallel version of the code
 This is the parallel version of the code
 This is the parallel version of the code
 This is the parallel version of the code
 This is the parallel version of the code
Master:    0

 The execution started at 10h  1min on the  3/11/2025

    ===========================================================
    !                                                         !
    !                        Do N O F                         !
    !                                                         !
    !  (Donostia Natural Orbital Functional Software Program) !
    !                                                         !
    !               COPYRIGHT by Mario Piris                  !
    !                                                         !
    !      Donostia International Physics Center (DIPC)       !
    !       University of the Basque Country (UPV/EHU)        !
    !       Basque Foundation for Science (IKERBASQUE)        !
    !                                                         !
    !          GNU General Public License version 3           !
    !                                                         !
    !                  VERSION: Mayo 2024                     !
    !                                                         !
    ===========================================================

 Run Title
 ---------
 p30-5 set                                                                       

 Basis Set
 ---------
 /home/ion/p30-5/def2-qzvp/gnof/ncwo/def2-qzvp.bas                               

 Atom      Charge                Coordinates (Bohr)
                           x             y             z
 O           8.0        0.0000        0.0000        0.0000

 Atomic Basis Set
 ----------------
 The contracted primitive functions were unnormalized
 The contracted basis functions are now normalized to unity

  Shell Type  Primitive         Exponent  Contraction Coefficient

 O         
 
      1   S       1        116506.4690800    0.000071987576
      1   S       2         17504.3497240    0.000557148772
      1   S       3          3993.4513230    0.002913003168
      1   S       4          1133.0063186    0.012172051077
      1   S       5           369.9956959    0.043003761827
      1   S       6           133.6207435    0.129647623897
      1   S       7            52.0356436    0.319696085629
      1   S       8            21.4619393    0.589314587967
 
      2   S       9            89.8350513    0.094848052763
      2   S      10            26.4280108    0.925363787917
 
      3   S      11             9.2822825    1.000000000000
 
      4   S      12             4.0947729    1.000000000000
 
      5   S      13             1.3255349    1.000000000000
 
      6   S      14             0.5187723    1.000000000000
 
      7   S      15             0.1977268    1.000000000000
 
      8   P      16           191.1525581    0.002535957414
      8   P      17            45.2333567    0.020233824294
      8   P      18            14.3534659    0.094518019998
      8   P      19             5.2422372    0.309154328074
      8   P      20             2.0792419    0.684689495338
 
      9   P      21             0.8428237    1.000000000000
 
     10   P      22             0.3361769    1.000000000000
 
     11   P      23             0.1286400    1.000000000000
 
     12   D      24             3.7750000    1.000000000000
 
     13   D      25             1.3000000    1.000000000000
 
     14   D      26             0.4440000    1.000000000000
 
     15   F      27             2.6660000    1.000000000000
 
     16   F      28             0.8590000    1.000000000000
 
     17   G      29             1.8460000    1.000000000000

 Total Number of Basis Set Shells             =   17
 Total Number of Primitives                   =   29
 Number of Cartesian Gaussian Basis Functions =   72
 Number of Electrons                          =    8
 Charge of Molecule                           =    0
 Spin Multiplicity                            =    3
 Number of Occupied Orbitals (Alpha)          =    5
 Number of Occupied Orbitals (Beta )          =    3
 Total Number of Atoms                        =    1

 Input Run Options
 -----------------
 IRUNTYP = 1  MULT = 3  ICHARG =  0 IECP = 0  IEMOM = 1  UNITS = ANGS    

 Integral Options
 ----------------
 CUTOFF = 1.0E-09   ISCHWZ = 0   ERITYP = FULL

 Input NOF Options
 -----------------

 Type of calculation =    Coeff. Opt.:   (ICOEF)         1
 Use Softmax function for Occ. Opt.:     (ISOFTMAX)      1
 Type of Orb. Opt. = Orbital Rotations:  (IORBOPT)       4
 Maximum Number of Occ-Coef Outer Iter.: (MAXIT)      1000

 Natural Orbital Functional Selected:    (IPNOF)         8
 Spin-Multiplet, High-Spin State Option: (HighSpin)      F
 
 Restart calculation Option:             (RESTART)       T
 Orthogonalize the initial Orbitals:     (ORTHO)         T

 Output Option:                          (NPRINT)        0
 Output the Coefficient Matrix:          (IWRITEC)       0
 Do a Mulliken Population Analysis:      (IMULPOP)       0
 Write Information into a WFN file:      (IAIMPAC)       1
 Write Information into a FCHK file:     (IFCHK)         1
 Write Information into a MLP file:      (MOLDEN)        1
 Create Ini. Cond. (ini.xyz) file:       (INICOND)       1
 Calculate IPs using Ext. Koopmans Theo: (IEKT)          0
 Write APSG expansion coefficient file:  (APSG)          F
 Output option for Lagrange Multipliers: (PRINTLAG)      F
 Diagonalize matrix of Lag. Multipliers: (DIAGLAG)       F

 Nuclear Coordinates from GCF file:
 ----------------------------------

 Atom      Charge                Coordinates (Bohr)
                           x             y             z
 O        8.00000        0.0000        0.0000        0.0000

------------------------------------------------------------------------

 Orbital Space
 -------------

 Inactive Doubly occupied orbitals up to NO1  =    0
 No. considered Strongly Doubly occupied MOs  =    3
 No. considered Strongly Singly occupied MOs  =    2
 No. of Weakly occ. per St. Doubly occ.  MOs  =   12
 Dimension of the Active Nat. Orb. subspace   =   39
 Secondary Empty orbitals                     =   31

 1e- integrals
 -------------
 Time to do integrals =      0.00

 2e- integrals
 -------------
 DONTW option skips storage 2e- integrals on Unit 1
              453802 2e- integrals in     1 records
 Time to do integrals =      0.15

 Distribution Full ERIs:

 Integrals:                            453802
 Max size per slaves:                   37818
 Max size in master:                   491620

 No violations of the orthonormality


  RESULTS OF OCCUPATION-COEFFICIENT OPTIMIZATION
 ================================================

  Ex It  Occ Time  Orb Time  Orb It   Electronic Energy     Total Energy   Energy Convergency    Max Mul-Lag Diff

    1    1.3E-01   2.8E-01      10     -75.0057292452      -75.0057292452     0.0000000000           0.002271
    2    8.7E-02   8.2E-01      30     -75.0070751277      -75.0070751277    -0.0013458825           0.002233
    3    1.6E-01   7.6E-01      30     -75.0083735259      -75.0083735259    -0.0012983981           0.001613
    4    1.9E-01   7.6E-01      30     -75.0095779439      -75.0095779439    -0.0012044180           0.003499
    5    1.6E-01   8.0E-01      30     -75.0106349144      -75.0106349144    -0.0010569705           0.003770
    6    1.4E-01   7.6E-01      30     -75.0115197731      -75.0115197731    -0.0008848587           0.003749
    7    1.4E-01   8.1E-01      30     -75.0122783329      -75.0122783329    -0.0007585598           0.007660
    8    1.4E-01   7.6E-01      30     -75.0128776419      -75.0128776419    -0.0005993090           0.008018
    9    1.4E-01   7.7E-01      30     -75.0133275860      -75.0133275860    -0.0004499441           0.006425
   10    1.6E-01   7.7E-01      30     -75.0136310862      -75.0136310862    -0.0003035002           0.003078
   11    1.3E-01   7.6E-01      30     -75.0138189199      -75.0138189199    -0.0001878337           0.004080
   12    1.1E-01   8.1E-01      30     -75.0139181322      -75.0139181322    -0.0000992123           0.005499
   13    1.2E-01   7.6E-01      30     -75.0139840069      -75.0139840069    -0.0000658747           0.003118
   14    1.1E-01   7.6E-01      30     -75.0140190740      -75.0140190740    -0.0000350672           0.002710
   15    1.4E-01   7.8E-01      30     -75.0140465383      -75.0140465383    -0.0000274643           0.003963
   16    1.2E-01   9.9E-01      40     -75.0140699997      -75.0140699997    -0.0000234613           0.002049
   17    1.1E-01   1.3E+00      50     -75.0140849926      -75.0140849926    -0.0000149930           0.000757
   18    1.1E-01   1.3E+00      50     -75.0140770263      -75.0140770263     0.0000079664           0.002654
   19    9.8E-02   1.7E+00      70     -75.0141030804      -75.0141030804    -0.0000260541           0.000055
   20    1.1E-01   2.0E+00      80     -75.0141051143      -75.0141051143    -0.0000020339           0.000145
   21    1.1E-01   2.2E+00      90     -75.0141072557      -75.0141072557    -0.0000021414           0.000116
   22    1.0E-01   2.4E+00     100     -75.0141087667      -75.0141087667    -0.0000015110           0.000088
   23    1.3E-01   2.7E+00     110     -75.0141101412      -75.0141101412    -0.0000013745           0.000148
   24    1.1E-01   2.9E+00     120     -75.0141114562      -75.0141114562    -0.0000013150           0.000051
   25    1.1E-01   3.1E+00     130     -75.0141125442      -75.0141125442    -0.0000010879           0.000082
   26    1.3E-01   3.4E+00     140     -75.0141135827      -75.0141135827    -0.0000010385           0.000049
   27    1.1E-01   3.7E+00     150     -75.0141144544      -75.0141144544    -0.0000008717           0.000039
   28    1.1E-01   3.8E+00     160     -75.0141151518      -75.0141151518    -0.0000006974           0.000029
   29    1.4E-01   4.1E+00     170     -75.0141157077      -75.0141157077    -0.0000005559           0.000072
   30    1.0E-01   4.3E+00     180     -75.0141163269      -75.0141163269    -0.0000006193           0.000015
   31    1.0E-01   4.6E+00     190     -75.0141170516      -75.0141170516    -0.0000007247           0.000017
   32    1.0E-01   4.9E+00     200     -75.0141180848      -75.0141180848    -0.0000010332           0.000022
   33    1.1E-01   5.0E+00     210     -75.0141197939      -75.0141197939    -0.0000017091           0.000007
   34    1.0E-01   5.3E+00     220     -75.0141228172      -75.0141228172    -0.0000030233           0.000020
   35    1.1E-01   5.3E+00     220     -75.0141277527      -75.0141277527    -0.0000049355           0.000021
   36    1.1E-01   5.3E+00     220     -75.0141346575      -75.0141346575    -0.0000069048           0.000009
   37    1.1E-01   5.3E+00     220     -75.0141428931      -75.0141428931    -0.0000082355           0.000012
   38    1.4E-01   5.3E+00     220     -75.0141515227      -75.0141515227    -0.0000086296           0.000013
   39    1.1E-01   5.3E+00     220     -75.0141592822      -75.0141592822    -0.0000077595           0.000012
   40    1.1E-01   5.4E+00     220     -75.0141651863      -75.0141651863    -0.0000059042           0.000008
   41    1.1E-01   5.2E+00     220     -75.0141688217      -75.0141688217    -0.0000036354           0.000004
   42    1.1E-01   5.5E+00     230     -75.0141704835      -75.0141704835    -0.0000016618           0.000002
   43    1.1E-01   5.7E+00     240     -75.0141711010      -75.0141711010    -0.0000006174           0.000009
   44    1.1E-01   6.0E+00     250     -75.0141713569      -75.0141713569    -0.0000002559           0.000003
   45    1.0E-01   1.7E-02     250     -75.0141713919      -75.0141713919    -0.0000000350           0.000010


  RESULTS OF THE OCCUPATION OPTIMIZATION
 ========================================

   OM     Occupation      Elag Diag

    1      1.9998954    -20.7036479
    2      1.9778179     -0.7170491
    3      1.9772601     -1.1592920
    4      1.0000000     -0.3743691
    5      1.0000000     -0.3744015
    6      0.0027902     -0.0066532
    7      0.0041801     -0.0085219
    8      0.0000072     -0.0001614
    9      0.0028007     -0.0066733
   10      0.0006088     -0.0047787
   11      0.0000060     -0.0001346
   12      0.0081644     -0.0193369
   13      0.0046838     -0.0090980
   14      0.0000346     -0.0015896
   15      0.0035377     -0.0082160
   16      0.0108500     -0.0192919
   17      0.0000052     -0.0001151
   18      0.0002112     -0.0008698
   19      0.0001545     -0.0005789
   20      0.0000073     -0.0001608
   21      0.0018808     -0.0046184
   22      0.0003913     -0.0016862
   23      0.0000055     -0.0001219
   24      0.0001714     -0.0007295
   25      0.0002124     -0.0007737
   26      0.0000052     -0.0001141
   27      0.0000920     -0.0004661
   28      0.0002277     -0.0008341
   29      0.0000063     -0.0001446
   30      0.0006307     -0.0035213
   31      0.0001543     -0.0005785
   32      0.0000053     -0.0001171
   33      0.0019274     -0.0046182
   34      0.0002447     -0.0008774
   35      0.0000149     -0.0003331
   36      0.0003876     -0.0018647
   37      0.0002624     -0.0008933
   38      0.0000053     -0.0001181
   39      0.0001457     -0.0006731
   40      0.0002121     -0.0007728
   41      0.0000021     -0.0002546

   RO Sum (   8) =    8.00

  ---------------
   Dipole Moment
  ---------------

      0.0191 Debye [   0.0075  (  -0.0069,  -0.0004,   0.0030) ]

 ----------------
  Final Energies  
 ----------------

  Final NOF Total Energy =      -75.0141713919 ( 1.E-05 , 0.E+00 )


  **************************************************
  *                                                *
  *       SINGLE-POINT DoNOF CALCULATION           *
  *                                                *
  *             FULL OPTIMIZATION                  *
  *                                                *
  *  FINAL RESULTS   FINAL RESULTS  FINAL RESULTS  *
  *                                                *
  **************************************************

  **************************************************
  *         No. EXTERNAL ITER =    45              *
  *         No. of TOTAL ITER =  5400              *
  **************************************************

  Elapsed real time :    130.87  (Seconds)

 The execution finished at 10h  3min on the  3/11/2025
