 This is the parallel version of the code
 This is the parallel version of the code
 This is the parallel version of the code
 This is the parallel version of the code
 This is the parallel version of the code
 This is the parallel version of the code
 This is the parallel version of the code
 This is the parallel version of the code
 This is the parallel version of the code
 This is the parallel version of the code
 This is the parallel version of the code
 This is the parallel version of the code
Master:    0

 The execution started at 10h  4min on the  3/11/2025

    ===========================================================
    !                                                         !
    !                        Do N O F                         !
    !                                                         !
    !  (Donostia Natural Orbital Functional Software Program) !
    !                                                         !
    !               COPYRIGHT by Mario Piris                  !
    !                                                         !
    !      Donostia International Physics Center (DIPC)       !
    !       University of the Basque Country (UPV/EHU)        !
    !       Basque Foundation for Science (IKERBASQUE)        !
    !                                                         !
    !          GNU General Public License version 3           !
    !                                                         !
    !                  VERSION: Mayo 2024                     !
    !                                                         !
    ===========================================================

 Run Title
 ---------
 p30-5 set                                                                       

 Basis Set
 ---------
 /home/ion/p30-5/def2-qzvp/gnof/ncwo/def2-qzvp.bas                               

 Atom      Charge                Coordinates (Bohr)
                           x             y             z
 O           8.0        0.0000        0.0000        0.0000

 Atomic Basis Set
 ----------------
 The contracted primitive functions were unnormalized
 The contracted basis functions are now normalized to unity

  Shell Type  Primitive         Exponent  Contraction Coefficient

 O         
 
      1   S       1        116506.4690800    0.000071987576
      1   S       2         17504.3497240    0.000557148772
      1   S       3          3993.4513230    0.002913003168
      1   S       4          1133.0063186    0.012172051077
      1   S       5           369.9956959    0.043003761827
      1   S       6           133.6207435    0.129647623897
      1   S       7            52.0356436    0.319696085629
      1   S       8            21.4619393    0.589314587967
 
      2   S       9            89.8350513    0.094848052763
      2   S      10            26.4280108    0.925363787917
 
      3   S      11             9.2822825    1.000000000000
 
      4   S      12             4.0947729    1.000000000000
 
      5   S      13             1.3255349    1.000000000000
 
      6   S      14             0.5187723    1.000000000000
 
      7   S      15             0.1977268    1.000000000000
 
      8   P      16           191.1525581    0.002535957414
      8   P      17            45.2333567    0.020233824294
      8   P      18            14.3534659    0.094518019998
      8   P      19             5.2422372    0.309154328074
      8   P      20             2.0792419    0.684689495338
 
      9   P      21             0.8428237    1.000000000000
 
     10   P      22             0.3361769    1.000000000000
 
     11   P      23             0.1286400    1.000000000000
 
     12   D      24             3.7750000    1.000000000000
 
     13   D      25             1.3000000    1.000000000000
 
     14   D      26             0.4440000    1.000000000000
 
     15   F      27             2.6660000    1.000000000000
 
     16   F      28             0.8590000    1.000000000000
 
     17   G      29             1.8460000    1.000000000000

 Total Number of Basis Set Shells             =   17
 Total Number of Primitives                   =   29
 Number of Cartesian Gaussian Basis Functions =   72
 Number of Electrons                          =    8
 Charge of Molecule                           =    0
 Spin Multiplicity                            =    3
 Number of Occupied Orbitals (Alpha)          =    5
 Number of Occupied Orbitals (Beta )          =    3
 Total Number of Atoms                        =    1

 Input Run Options
 -----------------
 IRUNTYP = 1  MULT = 3  ICHARG =  0 IECP = 0  IEMOM = 1  UNITS = ANGS    

 Integral Options
 ----------------
 CUTOFF = 1.0E-09   ISCHWZ = 0   ERITYP = FULL

 Input NOF Options
 -----------------

 Type of calculation =    Coeff. Opt.:   (ICOEF)         1
 Use Softmax function for Occ. Opt.:     (ISOFTMAX)      1
 Type of Orb. Opt. = Orbital Rotations:  (IORBOPT)       4
 Maximum Number of Occ-Coef Outer Iter.: (MAXIT)      1000

 Natural Orbital Functional Selected:    (IPNOF)         8
 Spin-Multiplet, High-Spin State Option: (HighSpin)      F
 
 Restart calculation Option:             (RESTART)       T
 Orthogonalize the initial Orbitals:     (ORTHO)         T

 Output Option:                          (NPRINT)        0
 Output the Coefficient Matrix:          (IWRITEC)       0
 Do a Mulliken Population Analysis:      (IMULPOP)       0
 Write Information into a WFN file:      (IAIMPAC)       1
 Write Information into a FCHK file:     (IFCHK)         1
 Write Information into a MLP file:      (MOLDEN)        1
 Create Ini. Cond. (ini.xyz) file:       (INICOND)       1
 Calculate IPs using Ext. Koopmans Theo: (IEKT)          0
 Write APSG expansion coefficient file:  (APSG)          F
 Output option for Lagrange Multipliers: (PRINTLAG)      F
 Diagonalize matrix of Lag. Multipliers: (DIAGLAG)       F

 Nuclear Coordinates from GCF file:
 ----------------------------------

 Atom      Charge                Coordinates (Bohr)
                           x             y             z
 O        8.00000        0.0000        0.0000        0.0000

------------------------------------------------------------------------

 Orbital Space
 -------------

 Inactive Doubly occupied orbitals up to NO1  =    0
 No. considered Strongly Doubly occupied MOs  =    3
 No. considered Strongly Singly occupied MOs  =    2
 No. of Weakly occ. per St. Doubly occ.  MOs  =    8
 Dimension of the Active Nat. Orb. subspace   =   27
 Secondary Empty orbitals                     =   43

 1e- integrals
 -------------
 Time to do integrals =      0.00

 2e- integrals
 -------------
 DONTW option skips storage 2e- integrals on Unit 1
              453802 2e- integrals in     1 records
 Time to do integrals =      0.15

 Distribution Full ERIs:

 Integrals:                            453802
 Max size per slaves:                   37818
 Max size in master:                   491620

 No violations of the orthonormality


  RESULTS OF OCCUPATION-COEFFICIENT OPTIMIZATION
 ================================================

  Ex It  Occ Time  Orb Time  Orb It   Electronic Energy     Total Energy   Energy Convergency    Max Mul-Lag Diff

    1    8.1E-02   2.7E-01      10     -74.9858648855      -74.9858648855     0.0000000000           0.003631
    2    6.8E-02   7.5E-01      30     -74.9880664229      -74.9880664229    -0.0022015374           0.002482
    3    1.1E-01   7.1E-01      30     -74.9904420801      -74.9904420801    -0.0023756571           0.004962
    4    9.4E-02   7.1E-01      30     -74.9931490969      -74.9931490969    -0.0027070168           0.006880
    5    8.8E-02   7.6E-01      30     -74.9959661937      -74.9959661937    -0.0028170969           0.001495
    6    8.5E-02   7.1E-01      30     -74.9986071203      -74.9986071203    -0.0026409266           0.005992
    7    8.1E-02   7.1E-01      30     -75.0009477155      -75.0009477155    -0.0023405952           0.004445
    8    8.0E-02   7.6E-01      30     -75.0028101386      -75.0028101386    -0.0018624231           0.005449
    9    7.9E-02   7.1E-01      30     -75.0040878930      -75.0040878930    -0.0012777544           0.005616
   10    7.7E-02   7.1E-01      30     -75.0049856894      -75.0049856894    -0.0008977965           0.005162
   11    7.7E-02   7.6E-01      30     -75.0055158990      -75.0055158990    -0.0005302095           0.003986
   12    7.6E-02   7.1E-01      30     -75.0058926964      -75.0058926964    -0.0003767974           0.004597
   13    7.7E-02   7.1E-01      30     -75.0061594205      -75.0061594205    -0.0002667241           0.004615
   14    9.3E-02   7.4E-01      30     -75.0063786956      -75.0063786956    -0.0002192751           0.005733
   15    7.6E-02   7.1E-01      30     -75.0065619889      -75.0065619889    -0.0001832933           0.004853
   16    7.5E-02   7.8E-01      30     -75.0066990501      -75.0066990501    -0.0001370612           0.004818
   17    8.5E-02   7.0E-01      30     -75.0068192724      -75.0068192724    -0.0001202223           0.005181
   18    7.4E-02   7.1E-01      30     -75.0069049364      -75.0069049364    -0.0000856640           0.005391
   19    7.3E-02   7.6E-01      30     -75.0069649620      -75.0069649620    -0.0000600256           0.005096
   20    7.3E-02   7.1E-01      30     -75.0069785165      -75.0069785165    -0.0000135545           0.005087
   21    7.3E-02   7.2E-01      30     -75.0069845983      -75.0069845983    -0.0000060818           0.005566
   22    7.6E-02   1.0E+00      40     -75.0070061011      -75.0070061011    -0.0000215029           0.002381
   23    7.2E-02   1.2E+00      50     -75.0070144411      -75.0070144411    -0.0000083400           0.000855
   24    7.1E-02   1.5E+00      60     -75.0070051660      -75.0070051660     0.0000092751           0.001979
   25    6.1E-02   1.9E+00      80     -75.0070174623      -75.0070174623    -0.0000122963           0.000094
   26    7.1E-02   1.6E-02      80     -75.0070175036      -75.0070175036    -0.0000000413           0.000095


  RESULTS OF THE OCCUPATION OPTIMIZATION
 ========================================

   OM     Occupation      Elag Diag

    1      1.9998508    -20.7032421
    2      1.9795123     -1.2123655
    3      1.9767185     -0.6611912
    4      1.0000000     -0.3731082
    5      1.0000000     -0.3730893
    6      0.0045255     -0.0088425
    7      0.0028946     -0.0070431
    8      0.0000202     -0.0004672
    9      0.0021767     -0.0047279
   10      0.0029666     -0.0071980
   11      0.0000251     -0.0012818
   12      0.0045361     -0.0088510
   13      0.0081536     -0.0201518
   14      0.0000200     -0.0004673
   15      0.0107237     -0.0186508
   16      0.0031598     -0.0076640
   17      0.0000140     -0.0003253
   18      0.0002602     -0.0009350
   19      0.0006209     -0.0035906
   20      0.0000211     -0.0006508
   21      0.0005644     -0.0047106
   22      0.0019160     -0.0046553
   23      0.0000174     -0.0003865
   24      0.0002478     -0.0008901
   25      0.0003888     -0.0018542
   26      0.0000141     -0.0003282
   27      0.0002469     -0.0008876
   28      0.0003874     -0.0018484
   29      0.0000174     -0.0003858

   RO Sum (   8) =    8.00

  ---------------
   Dipole Moment
  ---------------

      0.0125 Debye [   0.0049  (  -0.0048,  -0.0000,   0.0010) ]

 ----------------
  Final Energies  
 ----------------

  Final NOF Total Energy =      -75.0070175036 ( 9.E-05 , 0.E+00 )


  **************************************************
  *                                                *
  *       SINGLE-POINT DoNOF CALCULATION           *
  *                                                *
  *             FULL OPTIMIZATION                  *
  *                                                *
  *  FINAL RESULTS   FINAL RESULTS  FINAL RESULTS  *
  *                                                *
  **************************************************

  **************************************************
  *         No. EXTERNAL ITER =    26              *
  *         No. of TOTAL ITER =   920              *
  **************************************************

  Elapsed real time :     22.57  (Seconds)

 The execution finished at 10h  4min on the  3/11/2025
