 This is the serial version of the code

 The execution started at 15h 49min on the 11/28/2024

    ===========================================================
    !                                                         !
    !                        Do N O F                         !
    !                                                         !
    !  (Donostia Natural Orbital Functional Software Program) !
    !                                                         !
    !               COPYRIGHT by Mario Piris                  !
    !                                                         !
    !      Donostia International Physics Center (DIPC)       !
    !       University of the Basque Country (UPV/EHU)        !
    !       Basque Foundation for Science (IKERBASQUE)        !
    !                                                         !
    !          GNU General Public License version 3           !
    !                                                         !
    !                  VERSION: Mayo 2024                     !
    !                                                         !
    ===========================================================

 Run Title
 ---------
 p30-5 set                                                                       

 Basis Set
 ---------
 /home/ion/p30-5/Results/def2-svp/gnof/def2-svp.bas                              

 Atom      Charge                Coordinates (Bohr)
                           x             y             z
 BE          4.0        1.3755       -1.3755        1.3755
 BE          4.0       -1.3755        1.3755        1.3755
 BE          4.0       -1.3755       -1.3755       -1.3755
 BE          4.0        1.3755        1.3755       -1.3755

 Atomic Basis Set
 ----------------
 The contracted primitive functions were unnormalized
 The contracted basis functions are now normalized to unity

  Shell Type  Primitive         Exponent  Contraction Coefficient

 BE        
 
      1   S       1           515.1861613    0.005837635441
      1   S       2            77.5110376    0.043234967111
      1   S       3            17.5524817    0.188026956444
      1   S       4             4.8028941    0.469576904234
      1   S       5             1.4516214    0.440951660947
 
      2   S       6             0.1328163    1.000000000000
 
      3   S       7             0.0458374    1.000000000000
 
      4   P       8             3.6316917   -0.045461968666
      4   P       9             0.7169569   -0.264276543343
      4   P      10             0.1954193   -0.804884200890
 
      5   P      11             0.0605155    1.000000000000

 BE        
 
      6   S      12           515.1861613    0.005837635441
      6   S      13            77.5110376    0.043234967111
      6   S      14            17.5524817    0.188026956444
      6   S      15             4.8028941    0.469576904234
      6   S      16             1.4516214    0.440951660947
 
      7   S      17             0.1328163    1.000000000000
 
      8   S      18             0.0458374    1.000000000000
 
      9   P      19             3.6316917   -0.045461968666
      9   P      20             0.7169569   -0.264276543343
      9   P      21             0.1954193   -0.804884200890
 
     10   P      22             0.0605155    1.000000000000

 BE        
 
     11   S      23           515.1861613    0.005837635441
     11   S      24            77.5110376    0.043234967111
     11   S      25            17.5524817    0.188026956444
     11   S      26             4.8028941    0.469576904234
     11   S      27             1.4516214    0.440951660947
 
     12   S      28             0.1328163    1.000000000000
 
     13   S      29             0.0458374    1.000000000000
 
     14   P      30             3.6316917   -0.045461968666
     14   P      31             0.7169569   -0.264276543343
     14   P      32             0.1954193   -0.804884200890
 
     15   P      33             0.0605155    1.000000000000

 BE        
 
     16   S      34           515.1861613    0.005837635441
     16   S      35            77.5110376    0.043234967111
     16   S      36            17.5524817    0.188026956444
     16   S      37             4.8028941    0.469576904234
     16   S      38             1.4516214    0.440951660947
 
     17   S      39             0.1328163    1.000000000000
 
     18   S      40             0.0458374    1.000000000000
 
     19   P      41             3.6316917   -0.045461968666
     19   P      42             0.7169569   -0.264276543343
     19   P      43             0.1954193   -0.804884200890
 
     20   P      44             0.0605155    1.000000000000

 Total Number of Basis Set Shells             =   20
 Total Number of Primitives                   =   44
 Number of Cartesian Gaussian Basis Functions =   36
 Number of Electrons                          =   16
 Charge of Molecule                           =    0
 Spin Multiplicity                            =    1
 Number of Occupied Orbitals (Alpha)          =    8
 Number of Occupied Orbitals (Beta )          =    8
 Total Number of Atoms                        =    4

 Input Run Options
 -----------------
 IRUNTYP = 1  MULT = 1  ICHARG =  0 IECP = 0  IEMOM = 1  UNITS = ANGS    

 Integral Options
 ----------------
 CUTOFF = 1.0E-09   ISCHWZ = 0   ERITYP = FULL

 Input NOF Options
 -----------------

 Type of calculation =    Coeff. Opt.:   (ICOEF)         1
 Use Softmax function for Occ. Opt.:     (ISOFTMAX)      1
 Type of Orb. Opt. = Orbital Rotations:  (IORBOPT)       4
 Maximum Number of Occ-Coef Outer Iter.: (MAXIT)      1000

 Natural Orbital Functional Selected:    (IPNOF)         8
 
 Restart calculation Option:             (RESTART)       T
 Orthogonalize the initial Orbitals:     (ORTHO)         T

 Output Option:                          (NPRINT)        0
 Output the Coefficient Matrix:          (IWRITEC)       0
 Do a Mulliken Population Analysis:      (IMULPOP)       0
 Write Information into a WFN file:      (IAIMPAC)       1
 Write Information into a FCHK file:     (IFCHK)         1
 Write Information into a MLP file:      (MOLDEN)        1
 Create Ini. Cond. (ini.xyz) file:       (INICOND)       1
 Calculate IPs using Ext. Koopmans Theo: (IEKT)          0
 Write APSG expansion coefficient file:  (APSG)          F
 Output option for Lagrange Multipliers: (PRINTLAG)      F
 Diagonalize matrix of Lag. Multipliers: (DIAGLAG)       F

 Nuclear Coordinates from GCF file:
 ----------------------------------

 Atom      Charge                Coordinates (Bohr)
                           x             y             z
 BE       4.00000        1.3755       -1.3755        1.3755
 BE       4.00000       -1.3755        1.3755        1.3755
 BE       4.00000       -1.3755       -1.3755       -1.3755
 BE       4.00000        1.3755        1.3755       -1.3755

------------------------------------------------------------------------

 Orbital Space
 -------------

 Inactive Doubly occupied orbitals up to NO1  =    0
 No. considered Strongly Doubly occupied MOs  =    8
 No. considered Strongly Singly occupied MOs  =    0
 No. of Weakly occ. per St. Doubly occ.  MOs  =    3
 Dimension of the Active Nat. Orb. subspace   =   32
 Secondary Empty orbitals                     =    4

 1e- integrals
 -------------
 Time to do integrals =      0.00

 2e- integrals
 -------------
 DONTW option skips storage 2e- integrals on Unit 1
              185346 2e- integrals in     1 records
 Time to do integrals =      0.09

 No violations of the orthonormality


  RESULTS OF OCCUPATION-COEFFICIENT OPTIMIZATION
 ================================================

  Ex It  Occ Time  Orb Time  Orb It   Electronic Energy     Total Energy   Energy Convergency    Max Mul-Lag Diff

    1    2.4E-01   1.5E+00      10     -83.0805086940      -58.4057146325    -0.0162687545           0.008047
    2    1.8E-01   1.6E+00      10     -83.0907266006      -58.4159325392    -0.0102179067           0.007835
    3    1.7E-01   1.5E+00      10     -83.0947812018      -58.4199871403    -0.0040546011           0.006563
    4    1.7E-01   1.5E+00      10     -83.0976382465      -58.4228441851    -0.0028570448           0.005285
    5    1.8E-01   1.5E+00      10     -83.0998883131      -58.4250942517    -0.0022500666           0.005427
    6    1.8E-01   1.5E+00      10     -83.1017963327      -58.4270022713    -0.0019080196           0.005533
    7    1.8E-01   1.5E+00      10     -83.1031884619      -58.4283944005    -0.0013921292           0.005296
    8    1.8E-01   1.5E+00      10     -83.1043954326      -58.4296013711    -0.0012069707           0.005682
    9    1.7E-01   1.5E+00      10     -83.1052238612      -58.4304297997    -0.0008284286           0.005027
   10    1.7E-01   1.5E+00      10     -83.1058957430      -58.4311016815    -0.0006718818           0.005201
   11    1.7E-01   1.5E+00      10     -83.1063782244      -58.4315841629    -0.0004824814           0.005918
   12    1.7E-01   1.6E+00      10     -83.1067915631      -58.4319975016    -0.0004133387           0.004844
   13    1.6E-01   1.5E+00      10     -83.1070287486      -58.4322346871    -0.0002371855           0.004477
   14    1.7E-01   1.5E+00      10     -83.1071807454      -58.4323866840    -0.0001519968           0.005083
   15    1.6E-01   1.6E+00      10     -83.1072790038      -58.4324849424    -0.0000982584           0.005526
   16    1.6E-01   2.8E+00      20     -83.1076805600      -58.4328864985    -0.0004015562           0.001249
   17    1.6E-01   2.9E+00      20     -83.1077064876      -58.4329124262    -0.0000259277           0.000911
   18    1.6E-01   4.1E+00      30     -83.1077209854      -58.4329269239    -0.0000144977           0.000246
   19    1.5E-01   5.4E+00      40     -83.1077233338      -58.4329292723    -0.0000023484           0.000048


  RESULTS OF THE OCCUPATION OPTIMIZATION
 ========================================

   OM     Occupation      Elag Diag

    1      1.9999646     -4.6926647
    2      1.9999397     -4.6916073
    3      1.9999215     -4.6915822
    4      1.9998897     -4.6914837
    5      1.9783018     -0.5635740
    6      1.9603533     -0.2841742
    7      1.9559166     -0.2839930
    8      1.9558997     -0.2837970
    9      0.0237081     -0.0144426
   10      0.0239035     -0.0146175
   11      0.0291721     -0.0163773
   12      0.0069526     -0.0062742
   13      0.0000559     -0.0002579
   14      0.0000572     -0.0002584
   15      0.0000488     -0.0002134
   16      0.0000165     -0.0000699
   17      0.0125801     -0.0087816
   18      0.0067979     -0.0048059
   19      0.0056643     -0.0040692
   20      0.0107517     -0.0097714
   21      0.0000517     -0.0002355
   22      0.0000148     -0.0000668
   23      0.0000089     -0.0000399
   24      0.0000103     -0.0000420
   25      0.0078120     -0.0052409
   26      0.0133820     -0.0088900
   27      0.0048103     -0.0034355
   28      0.0039939     -0.0036528
   29      0.0000027     -0.0000135
   30      0.0000064     -0.0000282
   31      0.0000026     -0.0000130
   32      0.0000087     -0.0000381

   RO Sum (  16) =   16.00

  ---------------
   Dipole Moment
  ---------------

      0.0162 Debye [   0.0064  (  -0.0064,   0.0000,   0.0001) ]

 ----------------
  Final Energies  
 ----------------

  Final NOF Total Energy =      -58.4329292723 ( 5.E-05 , 0.E+00 )


  **************************************************
  *                                                *
  *       SINGLE-POINT DoNOF CALCULATION           *
  *                                                *
  *             FULL OPTIMIZATION                  *
  *                                                *
  *  FINAL RESULTS   FINAL RESULTS  FINAL RESULTS  *
  *                                                *
  **************************************************

  **************************************************
  *         No. EXTERNAL ITER =    19              *
  *         No. of TOTAL ITER =   260              *
  **************************************************

  Elapsed real time :     41.95  (Seconds)

 The execution finished at 15h 50min on the 11/28/2024
