 This is the parallel version of the code
 This is the parallel version of the code
 This is the parallel version of the code
 This is the parallel version of the code
Master:    0

 The execution started at 16h 32min on the 11/21/2024

    ===========================================================
    !                                                         !
    !                        Do N O F                         !
    !                                                         !
    !  (Donostia Natural Orbital Functional Software Program) !
    !                                                         !
    !               COPYRIGHT by Mario Piris                  !
    !                                                         !
    !      Donostia International Physics Center (DIPC)       !
    !       University of the Basque Country (UPV/EHU)        !
    !       Basque Foundation for Science (IKERBASQUE)        !
    !                                                         !
    !          GNU General Public License version 3           !
    !                                                         !
    !                  VERSION: Mayo 2024                     !
    !                                                         !
    ===========================================================

 Run Title
 ---------
 p30-5 set                                                                       

 Basis Set
 ---------
 /beegfs_agamede/gscratch/povmieci/SCRATCH/64828/def2-svp.bas                    

 Atom      Charge                Coordinates (Bohr)
                           x             y             z
 C           6.0        0.0000        0.0000        0.0000
 CL         17.0        1.9529       -1.9529        1.9529
 CL         17.0       -1.9529        1.9529        1.9529
 CL         17.0       -1.9529       -1.9529       -1.9529
 CL         17.0        1.9529        1.9529       -1.9529

 Atomic Basis Set
 ----------------
 The contracted primitive functions were unnormalized
 The contracted basis functions are now normalized to unity

  Shell Type  Primitive         Exponent  Contraction Coefficient

 C         

      1   S       1          1238.4016938    0.005517365048
      1   S       2           186.2900499    0.041088828556
      1   S       3            42.2511763    0.182253821265
      1   S       4            11.6765579    0.468284594374
      1   S       5             3.5930506    0.445758173360

      2   S       6             0.4024515    1.000000000000

      3   S       7             0.1309018    1.000000000000

      4   P       8             9.4680971    0.056888332011
      4   P       9             2.0103545    0.312940593365
      4   P      10             0.5477100    0.760650165091

      5   P      11             0.1526861    1.000000000000

      6   D      12             0.8000000    1.000000000000

 CL        

      7   S      13         10449.8275660    0.005426595379
      7   S      14          1571.7365221    0.040626378129
      7   S      15           357.1206552    0.183597478529
      7   S      16           100.2518594    0.474389487682
      7   S      17            30.8127276    0.437351811041

      8   S      18            51.9237894   -0.092754154848
      8   S      19             5.7045761    0.563808255442
      8   S      20             2.3508377    0.503670446297

      9   S      21             0.4460512    1.000000000000

     10   S      22             0.1684886    1.000000000000

     11   P      23           307.6679057   -0.008879702559
     11   P      24            72.1020155   -0.064284071721
     11   P      25            22.5326803   -0.242887397360
     11   P      26             7.8991765   -0.483408363699
     11   P      27             2.8767268   -0.389525638755

     12   P      28             0.7745936    1.000000000000

     13   P      29             0.2103770    1.000000000000

     14   D      30             0.6500000    1.000000000000

 CL        

     15   S      31         10449.8275660    0.005426595379
     15   S      32          1571.7365221    0.040626378129
     15   S      33           357.1206552    0.183597478529
     15   S      34           100.2518594    0.474389487682
     15   S      35            30.8127276    0.437351811041

     16   S      36            51.9237894   -0.092754154848
     16   S      37             5.7045761    0.563808255442
     16   S      38             2.3508377    0.503670446297

     17   S      39             0.4460512    1.000000000000

     18   S      40             0.1684886    1.000000000000

     19   P      41           307.6679057   -0.008879702559
     19   P      42            72.1020155   -0.064284071721
     19   P      43            22.5326803   -0.242887397360
     19   P      44             7.8991765   -0.483408363699
     19   P      45             2.8767268   -0.389525638755

     20   P      46             0.7745936    1.000000000000

     21   P      47             0.2103770    1.000000000000

     22   D      48             0.6500000    1.000000000000

 CL        

     23   S      49         10449.8275660    0.005426595379
     23   S      50          1571.7365221    0.040626378129
     23   S      51           357.1206552    0.183597478529
     23   S      52           100.2518594    0.474389487682
     23   S      53            30.8127276    0.437351811041

     24   S      54            51.9237894   -0.092754154848
     24   S      55             5.7045761    0.563808255442
     24   S      56             2.3508377    0.503670446297

     25   S      57             0.4460512    1.000000000000

     26   S      58             0.1684886    1.000000000000

     27   P      59           307.6679057   -0.008879702559
     27   P      60            72.1020155   -0.064284071721
     27   P      61            22.5326803   -0.242887397360
     27   P      62             7.8991765   -0.483408363699
     27   P      63             2.8767268   -0.389525638755

     28   P      64             0.7745936    1.000000000000

     29   P      65             0.2103770    1.000000000000

     30   D      66             0.6500000    1.000000000000

 CL        

     31   S      67         10449.8275660    0.005426595379
     31   S      68          1571.7365221    0.040626378129
     31   S      69           357.1206552    0.183597478529
     31   S      70           100.2518594    0.474389487682
     31   S      71            30.8127276    0.437351811041

     32   S      72            51.9237894   -0.092754154848
     32   S      73             5.7045761    0.563808255442
     32   S      74             2.3508377    0.503670446297

     33   S      75             0.4460512    1.000000000000

     34   S      76             0.1684886    1.000000000000

     35   P      77           307.6679057   -0.008879702559
     35   P      78            72.1020155   -0.064284071721
     35   P      79            22.5326803   -0.242887397360
     35   P      80             7.8991765   -0.483408363699
     35   P      81             2.8767268   -0.389525638755

     36   P      82             0.7745936    1.000000000000

     37   P      83             0.2103770    1.000000000000

     38   D      84             0.6500000    1.000000000000

 Total Number of Basis Set Shells             =   38
 Total Number of Primitives                   =   84
 Number of Cartesian Gaussian Basis Functions =   91
 Number of Electrons                          =   74
 Charge of Molecule                           =    0
 Spin Multiplicity                            =    1
 Number of Occupied Orbitals (Alpha)          =   37
 Number of Occupied Orbitals (Beta )          =   37
 Total Number of Atoms                        =    5

 Input Run Options
 -----------------
 IRUNTYP = 1  MULT = 1  ICHARG =  0 IECP = 0  IEMOM = 1  UNITS = ANGS    

 Integral Options
 ----------------
 CUTOFF = 1.0E-09   ISCHWZ = 0   ERITYP = FULL

 Input NOF Options
 -----------------

 Type of calculation =    Coeff. Opt.:   (ICOEF)         1
 Use Softmax function for Occ. Opt.:     (ISOFTMAX)      1
 Type of Orb. Opt. = Orbital Rotations:  (IORBOPT)       4
 Maximum Number of Occ-Coef Outer Iter.: (MAXIT)      1000

 Natural Orbital Functional Selected:    (IPNOF)         8

 Restart calculation Option:             (RESTART)       F
 Restart Gamma Matrix from GCF file:     (INPUTGAMMA)    0
 Coefficient Matrix from GCF file:       (INPUTC)        0
 Diagonal Elements FMIUG from GCF file:  (INPUTFMIUG)    0
 Cartesian Coordinates from GCF file:    (INPUTCXYZ)     0
 Orthogonalize the initial Orbitals:     (ORTHO)         T

 Output Option:                          (NPRINT)        0
 Output the Coefficient Matrix:          (IWRITEC)       0
 Do a Mulliken Population Analysis:      (IMULPOP)       0
 Write Information into a WFN file:      (IAIMPAC)       1
 Write Information into a FCHK file:     (IFCHK)         1
 Write Information into a MLP file:      (MOLDEN)        1
 Create Ini. Cond. (ini.xyz) file:       (INICOND)       1
 Calculate IPs using Ext. Koopmans Theo: (IEKT)          0
 Write APSG expansion coefficient file:  (APSG)          F
 Output option for Lagrange Multipliers: (PRINTLAG)      F
 Diagonalize matrix of Lag. Multipliers: (DIAGLAG)       F

------------------------------------------------------------------------

 Orbital Space
 -------------

 Inactive Doubly occupied orbitals up to NO1  =    0
 No. considered Strongly Doubly occupied MOs  =   37
 No. considered Strongly Singly occupied MOs  =    0
 No. of Weakly occ. per St. Doubly occ.  MOs  =    1
 Dimension of the Active Nat. Orb. subspace   =   74
 Secondary Empty orbitals                     =   17

 1e- integrals
 -------------
 Time to do integrals =      0.00
 Guess for MOs = HCORE
      6173 MOs were matched and        42 equalized to zero

 2e- integrals
 -------------
 DONTW option skips storage 2e- integrals on Unit 1
             5719476 2e- integrals in     1 records
 Time to do integrals =      0.48

 Distribution Full ERIs:

 Integrals:                           5719476
 Max size per slaves:                 1429870
 Max size in master:                  7149346

 Input for Coefficients is HCORE


  RESULTS OF OCCUPATION-COEFFICIENT OPTIMIZATION
 ================================================

  Ex It  Orb It    Electronic Energy     Total Energy   Energy Convergency    Max Mul-Lag Diff

    1      10     -2292.4106676478    -1857.8734856663   -21.6383361753           0.933161
    2      10     -2303.0757548354    -1868.5385728539   -10.6650871876           0.518592
    3      10     -2307.5630722275    -1873.0258902460    -4.4873173921           0.320480
    4      10     -2309.1111778566    -1874.5739958751    -1.5481056291           0.188320
    5      10     -2309.6648483485    -1875.1276663670    -0.5536704919           0.168625
    6      10     -2310.0651692734    -1875.5279872919    -0.4003209250           0.159623
    7      10     -2310.2589461255    -1875.7217641440    -0.1937768521           0.180796
    8      10     -2310.3690229441    -1875.8318409626    -0.1100768186           0.174278
    9      10     -2310.4238128080    -1875.8866308265    -0.0547898639           0.173805
   10      10     -2310.4523040613    -1875.9151220798    -0.0284912533           0.144275
   11      10     -2310.4602400327    -1875.9230580512    -0.0079359714           0.129478
   12      10     -2310.4640705628    -1875.9268885813    -0.0038305301           0.180467
   13      10     -2310.4650506945    -1875.9278687130    -0.0009801317           0.158147
   14      10     -2310.4699821239    -1875.9328001424    -0.0049314294           0.178129
   15      10     -2310.4708707296    -1875.9336887481    -0.0008886057           0.136284
   16      10     -2310.4706848256    -1875.9335028441     0.0001859040           0.156708
   17      20     -2310.5090790263    -1875.9718970448    -0.0383942007           0.004997
   18      20     -2310.5094222898    -1875.9722403083    -0.0003432635           0.002782
   19      20     -2310.5096024232    -1875.9724204417    -0.0001801335           0.002705
   20      20     -2310.5097427165    -1875.9725607350    -0.0001402933           0.002592
   21      20     -2310.5098611966    -1875.9726792151    -0.0001184801           0.002468
   22      30     -2310.5100145508    -1875.9728325693    -0.0001533542           0.000924
   23      30     -2310.5101281197    -1875.9729461382    -0.0001135690           0.000879
   24      40     -2310.5102473618    -1875.9730653803    -0.0001192421           0.000187
   25      40     -2310.5103210509    -1875.9731390694    -0.0000736892           0.000182
   26      50     -2310.5103807053    -1875.9731987237    -0.0000596543           0.000054
   27      50     -2310.5103809002    -1875.9731989187    -0.0000001950           0.000055


  RESULTS OF THE OCCUPATION OPTIMIZATION
 ========================================

   OM     Occupation      Elag Diag

    1      1.9999974   -104.8672224
    2      1.9999973   -104.8672262
    3      1.9999973   -104.8671742
    4      1.9999972   -104.8672077
    5      1.9997588    -10.7992612
    6      1.9997559    -10.7664762
    7      1.9997542    -10.7768250
    8      1.9997498    -10.7700026
    9      1.9997439    -10.7772730
   10      1.9995801     -8.0794809
   11      1.9995777     -8.0792396
   12      1.9995773     -8.0769033
   13      1.9995772     -8.0829178
   14      1.9995758     -8.0807626
   15      1.9995752     -8.0773795
   16      1.9995010     -8.0819017
   17      1.9995008     -8.0795795
   18      1.9994892     -8.0840220
   19      1.9994886     -8.0828101
   20      1.9994734     -8.0842781
   21      1.9994634     -8.0835701
   22      1.9900869     -1.1356173
   23      1.9900595     -1.1319480
   24      1.9900561     -1.1338730
   25      1.9899669     -1.1325989
   26      1.9823620     -0.5199096
   27      1.9820902     -0.5214472
   28      1.9815228     -0.5220621
   29      1.9814302     -0.5228396
   30      1.9813995     -0.5274865
   31      1.9812671     -0.5208460
   32      1.9810932     -0.5240447
   33      1.9810366     -0.5222274
   34      1.9662696     -0.6947007
   35      1.9661890     -0.6934642
   36      1.9660557     -0.6921253
   37      1.9657419     -0.6873309
   38      0.0342581     -0.0490039
   39      0.0339443     -0.0488845
   40      0.0338110     -0.0488600
   41      0.0337304     -0.0490906
   42      0.0189634     -0.0214568
   43      0.0189068     -0.0216358
   44      0.0187329     -0.0214015
   45      0.0186005     -0.0206950
   46      0.0185698     -0.0204311
   47      0.0184772     -0.0199099
   48      0.0179098     -0.0190571
   49      0.0176380     -0.0185723
   50      0.0100331     -0.0228956
   51      0.0099439     -0.0227389
   52      0.0099405     -0.0227717
   53      0.0099131     -0.0226624
   54      0.0005366     -0.0047158
   55      0.0005266     -0.0046558
   56      0.0005114     -0.0044631
   57      0.0005108     -0.0044619
   58      0.0004992     -0.0043228
   59      0.0004990     -0.0043190
   60      0.0004248     -0.0036334
   61      0.0004242     -0.0035996
   62      0.0004228     -0.0035880
   63      0.0004227     -0.0036123
   64      0.0004223     -0.0036047
   65      0.0004199     -0.0035753
   66      0.0002561     -0.0027941
   67      0.0002502     -0.0027179
   68      0.0002458     -0.0026718
   69      0.0002441     -0.0026456
   70      0.0002412     -0.0026261
   71      0.0000028     -0.0002829
   72      0.0000027     -0.0002772
   73      0.0000027     -0.0002738
   74      0.0000026     -0.0002656

   RO Sum (  74) =   74.00

  ---------------
   Dipole Moment
  ---------------

      0.1143 Debye [   0.0450  (  -0.0327,   0.0119,  -0.0285) ]

 ----------------
  Final Energies  
 ----------------

  Final NOF Total Energy =    -1875.9731989187 ( 5.E-05 , 0.E+00 )


  **************************************************
  *                                                *
  *       SINGLE-POINT DoNOF CALCULATION           *
  *                                                *
  *             FULL OPTIMIZATION                  *
  *                                                *
  *  FINAL RESULTS   FINAL RESULTS  FINAL RESULTS  *
  *                                                *
  **************************************************

  **************************************************
  *         No. EXTERNAL ITER =    27              *
  *         No. of TOTAL ITER =   500              *
  **************************************************

  Elapsed real time :    667.00  (Seconds)
  Git sha : bcb372acca69df19ae91719c988dea244a3c3d1c                                                            

 The execution finished at 16h 44min on the 11/21/2024
