 This is the serial version of the code

 The execution started at  9h 37min on the 11/21/2024

    ===========================================================
    !                                                         !
    !                        Do N O F                         !
    !                                                         !
    !  (Donostia Natural Orbital Functional Software Program) !
    !                                                         !
    !               COPYRIGHT by Mario Piris                  !
    !                                                         !
    !      Donostia International Physics Center (DIPC)       !
    !       University of the Basque Country (UPV/EHU)        !
    !       Basque Foundation for Science (IKERBASQUE)        !
    !                                                         !
    !          GNU General Public License version 3           !
    !                                                         !
    !                  VERSION: Mayo 2024                     !
    !                                                         !
    ===========================================================

 Run Title
 ---------
 p30-5 set                                                                       

 Basis Set
 ---------
 /home/ion/p30-5/inps/def2-svp/gnof/def2-svp.bas                                 

 Atom      Charge                Coordinates (Bohr)
                           x             y             z
 N           7.0        0.0000        0.0000       -0.0400
 N           7.0        0.0000        0.0000       -2.1589
 O           8.0        0.0000        0.0000        2.1990

 Atomic Basis Set
 ----------------
 The contracted primitive functions were unnormalized
 The contracted basis functions are now normalized to unity

  Shell Type  Primitive         Exponent  Contraction Coefficient

 N         
 
      1   S       1          1712.8415853   -0.005447799580
      1   S       2           257.6481268   -0.040627174632
      1   S       3            58.4582459   -0.181119622506
      1   S       4            16.1983679   -0.468439755632
      1   S       5             5.0052601   -0.446168462892
 
      2   S       6             0.5873186    1.000000000000
 
      3   S       7             0.1876459    1.000000000000
 
      4   P       8            13.5714702   -0.058848116970
      4   P       9             2.9257373   -0.320246247625
      4   P      10             0.7992775   -0.753282265204
 
      5   P      11             0.2195435    1.000000000000
 
      6   D      12             1.0000000    1.000000000000

 N         
 
      7   S      13          1712.8415853   -0.005447799580
      7   S      14           257.6481268   -0.040627174632
      7   S      15            58.4582459   -0.181119622506
      7   S      16            16.1983679   -0.468439755632
      7   S      17             5.0052601   -0.446168462892
 
      8   S      18             0.5873186    1.000000000000
 
      9   S      19             0.1876459    1.000000000000
 
     10   P      20            13.5714702   -0.058848116970
     10   P      21             2.9257373   -0.320246247625
     10   P      22             0.7992775   -0.753282265204
 
     11   P      23             0.2195435    1.000000000000
 
     12   D      24             1.0000000    1.000000000000

 O         
 
     13   S      25          2266.1767785   -0.005389350392
     13   S      26           340.8701019   -0.040234721389
     13   S      27            77.3631352   -0.180081842055
     13   S      28            21.4796449   -0.468288576577
     13   S      29             6.6589433   -0.446926171602
 
     14   S      30             0.8097598    1.000000000000
 
     15   S      31             0.2553077    1.000000000000
 
     16   P      32            17.7215043    0.062630248763
     16   P      33             3.8635505    0.333311384824
     16   P      34             1.0480921    0.741486383081
 
     17   P      35             0.2764154    1.000000000000
 
     18   D      36             1.2000000    1.000000000000

 Total Number of Basis Set Shells             =   18
 Total Number of Primitives                   =   36
 Number of Cartesian Gaussian Basis Functions =   45
 Number of Electrons                          =   22
 Charge of Molecule                           =    0
 Spin Multiplicity                            =    1
 Number of Occupied Orbitals (Alpha)          =   11
 Number of Occupied Orbitals (Beta )          =   11
 Total Number of Atoms                        =    3

 Input Run Options
 -----------------
 IRUNTYP = 1  MULT = 1  ICHARG =  0 IECP = 0  IEMOM = 1  UNITS = ANGS    

 Integral Options
 ----------------
 CUTOFF = 1.0E-09   ISCHWZ = 0   ERITYP = FULL

 Input NOF Options
 -----------------

 Type of calculation =    Coeff. Opt.:   (ICOEF)         1
 Use Softmax function for Occ. Opt.:     (ISOFTMAX)      1
 Type of Orb. Opt. = Orbital Rotations:  (IORBOPT)       4
 Maximum Number of Occ-Coef Outer Iter.: (MAXIT)      1000

 Natural Orbital Functional Selected:    (IPNOF)         8
 
 Restart calculation Option:             (RESTART)       F
 Restart Gamma Matrix from GCF file:     (INPUTGAMMA)    0
 Coefficient Matrix from GCF file:       (INPUTC)        0
 Diagonal Elements FMIUG from GCF file:  (INPUTFMIUG)    0
 Cartesian Coordinates from GCF file:    (INPUTCXYZ)     0
 Orthogonalize the initial Orbitals:     (ORTHO)         T

 Output Option:                          (NPRINT)        0
 Output the Coefficient Matrix:          (IWRITEC)       0
 Do a Mulliken Population Analysis:      (IMULPOP)       0
 Write Information into a WFN file:      (IAIMPAC)       1
 Write Information into a FCHK file:     (IFCHK)         1
 Write Information into a MLP file:      (MOLDEN)        1
 Create Ini. Cond. (ini.xyz) file:       (INICOND)       1
 Calculate IPs using Ext. Koopmans Theo: (IEKT)          0
 Write APSG expansion coefficient file:  (APSG)          F
 Output option for Lagrange Multipliers: (PRINTLAG)      F
 Diagonalize matrix of Lag. Multipliers: (DIAGLAG)       F

------------------------------------------------------------------------

 Orbital Space
 -------------

 Inactive Doubly occupied orbitals up to NO1  =    0
 No. considered Strongly Doubly occupied MOs  =   11
 No. considered Strongly Singly occupied MOs  =    0
 No. of Weakly occ. per St. Doubly occ.  MOs  =    3
 Dimension of the Active Nat. Orb. subspace   =   44
 Secondary Empty orbitals                     =    1

 1e- integrals
 -------------
 Time to do integrals =      0.00
 Guess for MOs = HCORE
        81 MOs were matched and         0 equalized to zero

 2e- integrals
 -------------
 DONTW option skips storage 2e- integrals on Unit 1
              142528 2e- integrals in     1 records
 Time to do integrals =      0.10

 Input for Coefficients is HCORE


  RESULTS OF OCCUPATION-COEFFICIENT OPTIMIZATION
 ================================================

  Ex It  Occ Time  Orb Time  Orb It   Electronic Energy     Total Energy   Energy Convergency    Max Mul-Lag Diff

    1    4.9E-01   2.5E+00      10    -237.2372491115     -176.2501711325    -7.0519516094           0.512146
    2    5.4E-01   2.7E+00      10    -241.3503867084     -180.3633087294    -4.1131375969           0.394683
    3    3.8E-01   2.7E+00      10    -243.0287475474     -182.0416695684    -1.6783608390           0.303854
    4    3.7E-01   2.8E+00      10    -243.9113208887     -182.9242429097    -0.8825733413           0.254499
    5    3.8E-01   2.7E+00      10    -244.4400441387     -183.4529661598    -0.5287232501           0.281370
    6    3.7E-01   2.7E+00      10    -244.7067493450     -183.7196713660    -0.2667052062           0.261694
    7    3.5E-01   2.6E+00      10    -244.8318452855     -183.8447673065    -0.1250959406           0.218270
    8    3.8E-01   2.6E+00      10    -244.9180758426     -183.9309978636    -0.0862305571           0.175798
    9    3.4E-01   2.6E+00      10    -244.9831021601     -183.9960241811    -0.0650263175           0.132077
   10    3.4E-01   2.6E+00      10    -245.0288337094     -184.0417557304    -0.0457315493           0.087548
   11    3.4E-01   2.6E+00      10    -245.0559787938     -184.0689008148    -0.0271450843           0.045744
   12    3.3E-01   2.6E+00      10    -245.0675886987     -184.0805107197    -0.0116099049           0.021545
   13    3.3E-01   2.6E+00      10    -245.0712826014     -184.0842046224    -0.0036939026           0.021940
   14    3.3E-01   2.6E+00      10    -245.0730153995     -184.0859374205    -0.0017327982           0.020383
   15    3.3E-01   2.6E+00      10    -245.0741767096     -184.0870987306    -0.0011613101           0.026308
   16    3.2E-01   2.6E+00      10    -245.0748972567     -184.0878192777    -0.0007205471           0.023578
   17    3.3E-01   2.6E+00      10    -245.0752814415     -184.0882034625    -0.0003841848           0.021513
   18    3.3E-01   2.6E+00      10    -245.0758324839     -184.0887545050    -0.0005510424           0.024261
   19    3.2E-01   2.6E+00      10    -245.0756465028     -184.0885685238     0.0001859811           0.021144
   20    3.2E-01   4.7E+00      20    -245.0780225322     -184.0909445532    -0.0023760294           0.001366
   21    3.2E-01   4.7E+00      20    -245.0780780059     -184.0910000269    -0.0000554737           0.000555
   22    3.1E-01   4.7E+00      20    -245.0781269101     -184.0910489311    -0.0000489042           0.000453
   23    3.1E-01   4.7E+00      20    -245.0781745885     -184.0910966095    -0.0000476784           0.000492
   24    3.1E-01   4.8E+00      20    -245.0782226213     -184.0911446423    -0.0000480328           0.000463
   25    3.2E-01   4.7E+00      20    -245.0782708355     -184.0911928565    -0.0000482142           0.000468
   26    3.3E-01   4.7E+00      20    -245.0783221371     -184.0912441581    -0.0000513016           0.000464
   27    3.3E-01   4.7E+00      20    -245.0783763957     -184.0912984167    -0.0000542587           0.000451
   28    3.2E-01   4.7E+00      20    -245.0784333892     -184.0913554102    -0.0000569935           0.000439
   29    3.3E-01   4.7E+00      20    -245.0784938491     -184.0914158701    -0.0000604598           0.000415
   30    3.1E-01   4.7E+00      20    -245.0785574114     -184.0914794325    -0.0000635624           0.000478
   31    3.1E-01   4.7E+00      20    -245.0786234507     -184.0915454717    -0.0000660393           0.000448
   32    3.3E-01   4.7E+00      20    -245.0786907374     -184.0916127584    -0.0000672867           0.000469
   33    3.4E-01   4.8E+00      20    -245.0787575370     -184.0916795580    -0.0000667996           0.000421
   34    3.2E-01   4.8E+00      20    -245.0788223829     -184.0917444039    -0.0000648459           0.000437
   35    3.4E-01   4.7E+00      20    -245.0788837281     -184.0918057491    -0.0000613452           0.000458
   36    3.2E-01   4.7E+00      20    -245.0789378339     -184.0918598549    -0.0000541059           0.000458
   37    3.1E-01   4.7E+00      20    -245.0789824782     -184.0919044992    -0.0000446443           0.000463
   38    3.4E-01   4.7E+00      20    -245.0790176229     -184.0919396439    -0.0000351447           0.000481
   39    3.2E-01   4.7E+00      20    -245.0790438180     -184.0919658390    -0.0000261950           0.000434
   40    3.1E-01   4.7E+00      20    -245.0790647844     -184.0919868054    -0.0000209664           0.000467
   41    3.1E-01   4.7E+00      20    -245.0790823807     -184.0920044017    -0.0000175964           0.000425
   42    3.3E-01   4.7E+00      20    -245.0790974438     -184.0920194648    -0.0000150630           0.000406
   43    3.1E-01   6.9E+00      30    -245.0791127728     -184.0920347938    -0.0000153290           0.000220
   44    3.3E-01   6.9E+00      30    -245.0791231468     -184.0920451678    -0.0000103740           0.000206
   45    3.1E-01   9.0E+00      40    -245.0791316229     -184.0920536439    -0.0000084761           0.000046


  RESULTS OF THE OCCUPATION OPTIMIZATION
 ========================================

   OM     Occupation      Elag Diag

    1      1.9999780    -20.6768341
    2      1.9998800    -15.7725647
    3      1.9998791    -15.7699732
    4      1.9919820     -1.5355418
    5      1.9885938     -1.2441551
    6      1.9830930     -0.7938535
    7      1.9810320     -0.7009167
    8      1.9790989     -0.9454471
    9      1.9719103     -0.8002630
   10      1.9611978     -0.6070907
   11      1.9608297     -0.6075173
   12      0.0353887     -0.0555983
   13      0.0358142     -0.0560619
   14      0.0257463     -0.0488348
   15      0.0175233     -0.0323301
   16      0.0067225     -0.0117919
   17      0.0043714     -0.0096604
   18      0.0022764     -0.0061006
   19      0.0028815     -0.0075707
   20      0.0000483     -0.0007868
   21      0.0000609     -0.0010082
   22      0.0000131     -0.0002512
   23      0.0016568     -0.0040360
   24      0.0022055     -0.0043187
   25      0.0007646     -0.0023176
   26      0.0023022     -0.0053171
   27      0.0073093     -0.0119901
   28      0.0081066     -0.0190634
   29      0.0068238     -0.0172160
   30      0.0022387     -0.0075080
   31      0.0000422     -0.0006989
   32      0.0000473     -0.0007724
   33      0.0000074     -0.0001423
   34      0.0021249     -0.0042372
   35      0.0007824     -0.0021252
   36      0.0015788     -0.0044295
   37      0.0010757     -0.0032645
   38      0.0049362     -0.0106341
   39      0.0044290     -0.0094696
   40      0.0023061     -0.0053616
   41      0.0028978     -0.0075817
   42      0.0000305     -0.0005023
   43      0.0000118     -0.0001813
   44      0.0000015     -0.0000293

   RO Sum (  22) =   22.00

  ---------------
   Dipole Moment
  ---------------

      0.5914 Debye [   0.2327  (  -0.0011,  -0.0015,  -0.2327) ]

 ----------------
  Final Energies  
 ----------------

  Final NOF Total Energy =     -184.0920536439 ( 5.E-05 , 0.E+00 )


  **************************************************
  *                                                *
  *       SINGLE-POINT DoNOF CALCULATION           *
  *                                                *
  *             FULL OPTIMIZATION                  *
  *                                                *
  *  FINAL RESULTS   FINAL RESULTS  FINAL RESULTS  *
  *                                                *
  **************************************************

  **************************************************
  *         No. EXTERNAL ITER =    45              *
  *         No. of TOTAL ITER =   750              *
  **************************************************

  Elapsed real time :    196.61  (Seconds)

 The execution finished at  9h 40min on the 11/21/2024
