 This is the serial version of the code

 The execution started at 10h 43min on the 11/21/2024

    ===========================================================
    !                                                         !
    !                        Do N O F                         !
    !                                                         !
    !  (Donostia Natural Orbital Functional Software Program) !
    !                                                         !
    !               COPYRIGHT by Mario Piris                  !
    !                                                         !
    !      Donostia International Physics Center (DIPC)       !
    !       University of the Basque Country (UPV/EHU)        !
    !       Basque Foundation for Science (IKERBASQUE)        !
    !                                                         !
    !          GNU General Public License version 3           !
    !                                                         !
    !                  VERSION: Mayo 2024                     !
    !                                                         !
    ===========================================================

 Run Title
 ---------
 p30-5 set                                                                       

 Basis Set
 ---------
 /home/ion/p30-5/inps/def2-svp/gnof/from-pnof5/temp_G2RC_20_13/def2-svp.bas      

 Atom      Charge                Coordinates (Bohr)
                           x             y             z
 O           8.0        0.0000        0.0000       -0.7381
 H           1.0       -1.4401        0.0000        0.3691
 H           1.0        1.4401        0.0000        0.3691

 Atomic Basis Set
 ----------------
 The contracted primitive functions were unnormalized
 The contracted basis functions are now normalized to unity

  Shell Type  Primitive         Exponent  Contraction Coefficient

 O         
 
      1   S       1          2266.1767785   -0.005389350392
      1   S       2           340.8701019   -0.040234721389
      1   S       3            77.3631352   -0.180081842055
      1   S       4            21.4796449   -0.468288576577
      1   S       5             6.6589433   -0.446926171602
 
      2   S       6             0.8097598    1.000000000000
 
      3   S       7             0.2553077    1.000000000000
 
      4   P       8            17.7215043    0.062630248763
      4   P       9             3.8635505    0.333311384824
      4   P      10             1.0480921    0.741486383081
 
      5   P      11             0.2764154    1.000000000000
 
      6   D      12             1.2000000    1.000000000000

 H         
 
      7   S      13            13.0107010    0.033485484813
      7   S      14             1.9622572    0.234721870881
      7   S      15             0.4445380    0.813770285260
 
      8   S      16             0.1219496    1.000000000000
 
      9   P      17             0.8000000    1.000000000000

 H         
 
     10   S      18            13.0107010    0.033485484813
     10   S      19             1.9622572    0.234721870881
     10   S      20             0.4445380    0.813770285260
 
     11   S      21             0.1219496    1.000000000000
 
     12   P      22             0.8000000    1.000000000000

 Total Number of Basis Set Shells             =   12
 Total Number of Primitives                   =   22
 Number of Cartesian Gaussian Basis Functions =   25
 Number of Electrons                          =   10
 Charge of Molecule                           =    0
 Spin Multiplicity                            =    1
 Number of Occupied Orbitals (Alpha)          =    5
 Number of Occupied Orbitals (Beta )          =    5
 Total Number of Atoms                        =    3

 Input Run Options
 -----------------
 IRUNTYP = 1  MULT = 1  ICHARG =  0 IECP = 0  IEMOM = 1  UNITS = ANGS    

 Integral Options
 ----------------
 CUTOFF = 1.0E-09   ISCHWZ = 0   ERITYP = FULL

 Input NOF Options
 -----------------

 Type of calculation =    Coeff. Opt.:   (ICOEF)         1
 Use Softmax function for Occ. Opt.:     (ISOFTMAX)      1
 Type of Orb. Opt. = Orbital Rotations:  (IORBOPT)       4
 Maximum Number of Occ-Coef Outer Iter.: (MAXIT)      1000

 Natural Orbital Functional Selected:    (IPNOF)         8
 
 Restart calculation Option:             (RESTART)       T
 Orthogonalize the initial Orbitals:     (ORTHO)         T

 Output Option:                          (NPRINT)        0
 Output the Coefficient Matrix:          (IWRITEC)       0
 Do a Mulliken Population Analysis:      (IMULPOP)       0
 Write Information into a WFN file:      (IAIMPAC)       1
 Write Information into a FCHK file:     (IFCHK)         1
 Write Information into a MLP file:      (MOLDEN)        1
 Create Ini. Cond. (ini.xyz) file:       (INICOND)       1
 Calculate IPs using Ext. Koopmans Theo: (IEKT)          0
 Write APSG expansion coefficient file:  (APSG)          F
 Output option for Lagrange Multipliers: (PRINTLAG)      F
 Diagonalize matrix of Lag. Multipliers: (DIAGLAG)       F

 Nuclear Coordinates from GCF file:
 ----------------------------------

 Atom      Charge                Coordinates (Bohr)
                           x             y             z
 O        8.00000        0.0000        0.0000       -0.7381
 H        1.00000       -1.4401        0.0000        0.3691
 H        1.00000        1.4401        0.0000        0.3691

------------------------------------------------------------------------

 Orbital Space
 -------------

 Inactive Doubly occupied orbitals up to NO1  =    0
 No. considered Strongly Doubly occupied MOs  =    5
 No. considered Strongly Singly occupied MOs  =    0
 No. of Weakly occ. per St. Doubly occ.  MOs  =    4
 Dimension of the Active Nat. Orb. subspace   =   25
 Secondary Empty orbitals                     =    0

 1e- integrals
 -------------
 Time to do integrals =      0.00

 2e- integrals
 -------------
 DONTW option skips storage 2e- integrals on Unit 1
               25620 2e- integrals in     1 records
 Time to do integrals =      0.15

 No violations of the orthonormality


  RESULTS OF OCCUPATION-COEFFICIENT OPTIMIZATION
 ================================================

  Ex It  Occ Time  Orb Time  Orb It   Electronic Energy     Total Energy   Energy Convergency    Max Mul-Lag Diff

    1    3.4E-01   8.2E-01      10     -85.3346322816      -76.1795434397    -0.0136033554           0.026965
    2    7.6E-02   5.6E-01      10     -85.3413664712      -76.1862776292    -0.0067341896           0.024440
    3    8.4E-02   5.3E-01      10     -85.3457764548      -76.1906876128    -0.0044099836           0.027087
    4    9.3E-02   4.6E-01      10     -85.3490107677      -76.1939219258    -0.0032343129           0.017434
    5    8.8E-02   3.8E-01      10     -85.3506755629      -76.1955867209    -0.0016647952           0.025178
    6    6.4E-02   3.3E-01      10     -85.3515092541      -76.1964204121    -0.0008336912           0.020609
    7    4.4E-02   2.5E-01      10     -85.3524702683      -76.1973814263    -0.0009610142           0.023078
    8    5.0E-02   2.4E-01      10     -85.3530923074      -76.1980034654    -0.0006220391           0.021524
    9    4.2E-02   2.4E-01      10     -85.3533538700      -76.1982650280    -0.0002615626           0.019895
   10    4.0E-02   2.4E-01      10     -85.3536439619      -76.1985551199    -0.0002900919           0.019461
   11    3.9E-02   2.5E-01      10     -85.3538644073      -76.1987755653    -0.0002204454           0.018167
   12    3.9E-02   3.5E-01      10     -85.3540141667      -76.1989253247    -0.0001497594           0.021626
   13    4.1E-02   2.7E-01      10     -85.3540918575      -76.1990030156    -0.0000776908           0.019591
   14    4.3E-02   2.7E-01      10     -85.3543411170      -76.1992522750    -0.0002492595           0.017582
   15    4.3E-02   2.6E-01      10     -85.3543619000      -76.1992730580    -0.0000207830           0.017724
   16    3.9E-02   2.4E-01      10     -85.3544874853      -76.1993986433    -0.0001255853           0.016295
   17    3.9E-02   2.8E-01      10     -85.3545228498      -76.1994340079    -0.0000353646           0.019514
   18    4.0E-02   2.4E-01      10     -85.3545335311      -76.1994446891    -0.0000106812           0.019910
   19    3.9E-02   2.4E-01      10     -85.3543775181      -76.1992886762     0.0001560130           0.020478
   20    3.6E-02   5.4E-01      20     -85.3550411324      -76.1999522904    -0.0006636143           0.001036
   21    4.8E-02   8.4E-01      30     -85.3550478521      -76.1999590101    -0.0000067197           0.000197
   22    4.2E-02   9.4E-01      40     -85.3550545956      -76.1999657536    -0.0000067435           0.000039


  RESULTS OF THE OCCUPATION OPTIMIZATION
 ========================================

   OM     Occupation      Elag Diag

    1      1.9999804    -20.5835497
    2      1.9876885     -1.2259550
    3      1.9771672     -0.5323088
    4      1.9728133     -0.7321961
    5      1.9726570     -0.7328369
    6      0.0229050     -0.0326278
    7      0.0227693     -0.0325865
    8      0.0044181     -0.0084474
    9      0.0077132     -0.0182783
   10      0.0000003     -0.0000047
   11      0.0037532     -0.0075562
   12      0.0004611     -0.0011719
   13      0.0121697     -0.0167278
   14      0.0031677     -0.0079900
   15      0.0000090     -0.0001675
   16      0.0004085     -0.0009672
   17      0.0002735     -0.0007069
   18      0.0009511     -0.0018228
   19      0.0010354     -0.0033150
   20      0.0000004     -0.0000070
   21      0.0002763     -0.0006841
   22      0.0036828     -0.0075451
   23      0.0052939     -0.0094567
   24      0.0003951     -0.0011196
   25      0.0000100     -0.0001828

   RO Sum (  10) =   10.00

  ---------------
   Dipole Moment
  ---------------

      2.0172 Debye [   0.7936  (   0.0003,   0.0002,   0.7936) ]

 ----------------
  Final Energies  
 ----------------

  Final NOF Total Energy =      -76.1999657536 ( 4.E-05 , 0.E+00 )


  **************************************************
  *                                                *
  *       SINGLE-POINT DoNOF CALCULATION           *
  *                                                *
  *             FULL OPTIMIZATION                  *
  *                                                *
  *  FINAL RESULTS   FINAL RESULTS  FINAL RESULTS  *
  *                                                *
  **************************************************

  **************************************************
  *         No. EXTERNAL ITER =    22              *
  *         No. of TOTAL ITER =   280              *
  **************************************************

  Elapsed real time :     10.47  (Seconds)

 The execution finished at 10h 43min on the 11/21/2024
