 This is the parallel version of the code
 This is the parallel version of the code
 This is the parallel version of the code
 This is the parallel version of the code
 This is the parallel version of the code
 This is the parallel version of the code
 This is the parallel version of the code
 This is the parallel version of the code
Master:    0

 The execution started at 14h 35min on the  1/30/2025

    ===========================================================
    !                                                         !
    !                        Do N O F                         !
    !                                                         !
    !  (Donostia Natural Orbital Functional Software Program) !
    !                                                         !
    !               COPYRIGHT by Mario Piris                  !
    !                                                         !
    !      Donostia International Physics Center (DIPC)       !
    !       University of the Basque Country (UPV/EHU)        !
    !       Basque Foundation for Science (IKERBASQUE)        !
    !                                                         !
    !          GNU General Public License version 3           !
    !                                                         !
    !                  VERSION: Mayo 2024                     !
    !                                                         !
    ===========================================================

 Run Title
 ---------
 p30-5 set                                                                       

 Basis Set
 ---------
 /beegfs_agamede/gscratch/povmieci/SCRATCH/94195/def2-svp.bas                    

 Atom      Charge                Coordinates (Bohr)
                           x             y             z
 SI         14.0        0.0000        0.0000        0.0000
 CL         17.0        2.2347       -2.2347        2.2347
 CL         17.0       -2.2347        2.2347        2.2347
 CL         17.0       -2.2347       -2.2347       -2.2347
 CL         17.0        2.2347        2.2347       -2.2347

 Atomic Basis Set
 ----------------
 The contracted primitive functions were unnormalized
 The contracted basis functions are now normalized to unity

  Shell Type  Primitive         Exponent  Contraction Coefficient

 SI        

      1   S       1          6903.7118686    0.005584465887
      1   S       2          1038.4346419    0.041742284436
      1   S       3           235.8758148    0.187528023742
      1   S       4            66.0693852    0.478678596587
      1   S       5            20.2479458    0.429256952162

      2   S       6            34.3534817    0.089834899465
      2   S       7             3.6370788   -0.545685958777
      2   S       8             1.4002049   -0.524810829267

      3   S       9             0.2048441    1.000000000000

      4   S      10             0.0779941    1.000000000000

      5   P      11           179.8390737    0.010133498379
      5   P      12            41.9072588    0.071029041096
      5   P      13            12.9552944    0.255839142169
      5   P      14             4.4383267    0.481498047149
      5   P      15             1.5462248    0.385211960064

      6   P      16             0.3560761    1.000000000000

      7   P      17             0.1000851    1.000000000000

      8   D      18             0.3500000    1.000000000000

 CL        

      9   S      19         10449.8275660    0.005426595379
      9   S      20          1571.7365221    0.040626378129
      9   S      21           357.1206552    0.183597478529
      9   S      22           100.2518594    0.474389487682
      9   S      23            30.8127276    0.437351811041

     10   S      24            51.9237894   -0.092754154848
     10   S      25             5.7045761    0.563808255442
     10   S      26             2.3508377    0.503670446297

     11   S      27             0.4460512    1.000000000000

     12   S      28             0.1684886    1.000000000000

     13   P      29           307.6679057   -0.008879702559
     13   P      30            72.1020155   -0.064284071721
     13   P      31            22.5326803   -0.242887397360
     13   P      32             7.8991765   -0.483408363699
     13   P      33             2.8767268   -0.389525638755

     14   P      34             0.7745936    1.000000000000

     15   P      35             0.2103770    1.000000000000

     16   D      36             0.6500000    1.000000000000

 CL        

     17   S      37         10449.8275660    0.005426595379
     17   S      38          1571.7365221    0.040626378129
     17   S      39           357.1206552    0.183597478529
     17   S      40           100.2518594    0.474389487682
     17   S      41            30.8127276    0.437351811041

     18   S      42            51.9237894   -0.092754154848
     18   S      43             5.7045761    0.563808255442
     18   S      44             2.3508377    0.503670446297

     19   S      45             0.4460512    1.000000000000

     20   S      46             0.1684886    1.000000000000

     21   P      47           307.6679057   -0.008879702559
     21   P      48            72.1020155   -0.064284071721
     21   P      49            22.5326803   -0.242887397360
     21   P      50             7.8991765   -0.483408363699
     21   P      51             2.8767268   -0.389525638755

     22   P      52             0.7745936    1.000000000000

     23   P      53             0.2103770    1.000000000000

     24   D      54             0.6500000    1.000000000000

 CL        

     25   S      55         10449.8275660    0.005426595379
     25   S      56          1571.7365221    0.040626378129
     25   S      57           357.1206552    0.183597478529
     25   S      58           100.2518594    0.474389487682
     25   S      59            30.8127276    0.437351811041

     26   S      60            51.9237894   -0.092754154848
     26   S      61             5.7045761    0.563808255442
     26   S      62             2.3508377    0.503670446297

     27   S      63             0.4460512    1.000000000000

     28   S      64             0.1684886    1.000000000000

     29   P      65           307.6679057   -0.008879702559
     29   P      66            72.1020155   -0.064284071721
     29   P      67            22.5326803   -0.242887397360
     29   P      68             7.8991765   -0.483408363699
     29   P      69             2.8767268   -0.389525638755

     30   P      70             0.7745936    1.000000000000

     31   P      71             0.2103770    1.000000000000

     32   D      72             0.6500000    1.000000000000

 CL        

     33   S      73         10449.8275660    0.005426595379
     33   S      74          1571.7365221    0.040626378129
     33   S      75           357.1206552    0.183597478529
     33   S      76           100.2518594    0.474389487682
     33   S      77            30.8127276    0.437351811041

     34   S      78            51.9237894   -0.092754154848
     34   S      79             5.7045761    0.563808255442
     34   S      80             2.3508377    0.503670446297

     35   S      81             0.4460512    1.000000000000

     36   S      82             0.1684886    1.000000000000

     37   P      83           307.6679057   -0.008879702559
     37   P      84            72.1020155   -0.064284071721
     37   P      85            22.5326803   -0.242887397360
     37   P      86             7.8991765   -0.483408363699
     37   P      87             2.8767268   -0.389525638755

     38   P      88             0.7745936    1.000000000000

     39   P      89             0.2103770    1.000000000000

     40   D      90             0.6500000    1.000000000000

 Total Number of Basis Set Shells             =   40
 Total Number of Primitives                   =   90
 Number of Cartesian Gaussian Basis Functions =   95
 Number of Electrons                          =   82
 Charge of Molecule                           =    0
 Spin Multiplicity                            =    1
 Number of Occupied Orbitals (Alpha)          =   41
 Number of Occupied Orbitals (Beta )          =   41
 Total Number of Atoms                        =    5

 Input Run Options
 -----------------
 IRUNTYP = 1  MULT = 1  ICHARG =  0 IECP = 0  IEMOM = 1  UNITS = ANGS    

 Integral Options
 ----------------
 CUTOFF = 1.0E-09   ISCHWZ = 0   ERITYP = FULL

 Input NOF Options
 -----------------

 Type of calculation =    Coeff. Opt.:   (ICOEF)         1
 Trigonometric functions for Occ. Opt.:  (ISOFTMAX)      0
 Type of Orb. Opt. = Orbital Rotations:  (IORBOPT)       4
 Maximum Number of Occ-Coef Outer Iter.: (MAXIT)      1000

 Natural Orbital Functional Selected:    (IPNOF)         8

 Restart calculation Option:             (RESTART)       F
 Restart Gamma Matrix from GCF file:     (INPUTGAMMA)    0
 Coefficient Matrix from GCF file:       (INPUTC)        0
 Diagonal Elements FMIUG from GCF file:  (INPUTFMIUG)    0
 Cartesian Coordinates from GCF file:    (INPUTCXYZ)     0
 Orthogonalize the initial Orbitals:     (ORTHO)         T

 Output Option:                          (NPRINT)        0
 Output the Coefficient Matrix:          (IWRITEC)       0
 Do a Mulliken Population Analysis:      (IMULPOP)       0
 Write Information into a WFN file:      (IAIMPAC)       1
 Write Information into a FCHK file:     (IFCHK)         1
 Write Information into a MLP file:      (MOLDEN)        1
 Create Ini. Cond. (ini.xyz) file:       (INICOND)       1
 Calculate IPs using Ext. Koopmans Theo: (IEKT)          0
 Write APSG expansion coefficient file:  (APSG)          F
 Output option for Lagrange Multipliers: (PRINTLAG)      F
 Diagonalize matrix of Lag. Multipliers: (DIAGLAG)       F

------------------------------------------------------------------------

 Orbital Space
 -------------

 Inactive Doubly occupied orbitals up to NO1  =    0
 No. considered Strongly Doubly occupied MOs  =   41
 No. considered Strongly Singly occupied MOs  =    0
 No. of Weakly occ. per St. Doubly occ.  MOs  =    1
 Dimension of the Active Nat. Orb. subspace   =   82
 Secondary Empty orbitals                     =   13

 1e- integrals
 -------------
 Time to do integrals =      0.00
 Guess for MOs = HCORE
      6528 MOs were matched and        68 equalized to zero

 2e- integrals
 -------------
 DONTW option skips storage 2e- integrals on Unit 1
             6023933 2e- integrals in     1 records
 Time to do integrals =      0.57

 RHF SCF Calculation
 -------------------
 EXTRAP=T  DAMP=T  DIIS=T
 DMat Conv = 1.0E-05  Ener Tol = 1.0E-08
 Ener Conv = 1.0E-10  DMat Tol = 2.0E-05
 DIIS Conv = 1.0E-07  DMat Tol = 2.0E-05

 ITER      TOTAL ENERGY        E CHANGE     DEN. CHANGE    DIIS ERROR
   1    -2084.2527554935 -2084.2527554935  35.194173517   2.604357150
   2    -2118.4752359831   -34.2224804896   2.849984676   0.688310195
   3    -2125.8430970415    -7.3678610583   0.836422191   0.221806197
   4    -2126.3355616051    -0.4924645636   0.425560583   0.125554451
   5    -2126.4852766731    -0.1497150680   0.053948686   0.024631443
   6    -2126.4928298677    -0.0075531946   0.006830481   0.004691016
   7    -2126.4931678388    -0.0003379710   0.001453407   0.000812291
   8    -2126.4931879758    -0.0000201371   0.000274813   0.000237468
   9    -2126.4931892548    -0.0000012790   0.000167007   0.000045319
  10    -2126.4931893159    -0.0000000610   0.000024132   0.000008468
  11    -2126.4931893180    -0.0000000021   0.000007103   0.000001297

          -----------------
          DENSITY CONVERGED
          -----------------

 FINAL RHF ENERGY IS    -2126.4931893180 AFTER  11 ITERATIONS

         WAVEFUNCTION NORMALIZATION =       1.0000000000

                ONE ELECTRON ENERGY =   -3977.7288439938
                TWO ELECTRON ENERGY =    1330.9319270329
           NUCLEAR REPULSION ENERGY =     520.3037276429
                                      ------------------
                   RHF TOTAL ENERGY =   -2126.4931893180

 ELECTRON-ELECTRON POTENTIAL ENERGY =    1330.9319270329
  NUCLEUS-ELECTRON POTENTIAL ENERGY =   -6101.6400769994
   NUCLEUS-NUCLEUS POTENTIAL ENERGY =     520.3037276429
                                      ------------------
             TOTAL POTENTIAL ENERGY =   -4250.4044223236
               TOTAL KINETIC ENERGY =    2123.9112330056
                 VIRIAL RATIO (V/T) =       2.0012156611

 Distribution Full ERIs:

 Integrals:                           6023933
 Max size per slaves:                  752992
 Max size in master:                  6776925

 Input for Coefficients is RHF


  RESULTS OF OCCUPATION-COEFFICIENT OPTIMIZATION
 ================================================

  Ex It  Occ Time  Orb Time  Orb It   Electronic Energy     Total Energy   Energy Convergency    Max Mul-Lag Diff

    1    9.7E-01   1.4E+01      10   -2647.2491732961    -2126.9454456532    -0.0412856304           0.180757
    2    9.2E-01   1.4E+01      10   -2647.3785458547    -2127.0748182118    -0.1293725586           0.168178
    3    9.0E-01   1.4E+01      10   -2647.4106862724    -2127.1069586295    -0.0321404177           0.167960
    4    9.0E-01   1.4E+01      10   -2647.4464155797    -2127.1426879368    -0.0357293073           0.155648
    5    8.9E-01   1.4E+01      10   -2647.4546928844    -2127.1509652415    -0.0082773046           0.144634
    6    8.9E-01   1.4E+01      10   -2647.4623179194    -2127.1585902765    -0.0076250350           0.184173
    7    9.0E-01   1.4E+01      10   -2647.4673566929    -2127.1636290500    -0.0050387736           0.141300
    8    8.8E-01   1.4E+01      10   -2647.4764419890    -2127.1727143461    -0.0090852961           0.165255
    9    8.9E-01   1.4E+01      10   -2647.4758934919    -2127.1721658490     0.0005484971           0.181787
   10    8.8E-01   2.5E+01      20   -2647.5212352679    -2127.2175076250    -0.0453417760           0.005079
   11    8.7E-01   2.5E+01      20   -2647.5221271161    -2127.2183994732    -0.0008918482           0.002982
   12    8.8E-01   2.5E+01      20   -2647.5228195422    -2127.2190918992    -0.0006924261           0.002930
   13    8.6E-01   2.5E+01      20   -2647.5234687329    -2127.2197410900    -0.0006491908           0.002420
   14    8.7E-01   2.5E+01      20   -2647.5240568030    -2127.2203291601    -0.0005880701           0.002507
   15    8.7E-01   2.5E+01      20   -2647.5245921602    -2127.2208645173    -0.0005353572           0.002462
   16    8.7E-01   2.5E+01      20   -2647.5250560473    -2127.2213284044    -0.0004638871           0.002730
   17    8.7E-01   2.5E+01      20   -2647.5254567683    -2127.2217291254    -0.0004007209           0.002725
   18    8.7E-01   2.5E+01      20   -2647.5258149921    -2127.2220873492    -0.0003582239           0.002493
   19    8.7E-01   2.5E+01      20   -2647.5261162845    -2127.2223886416    -0.0003012924           0.003057
   20    8.8E-01   2.5E+01      20   -2647.5263766183    -2127.2226489754    -0.0002603338           0.002578
   21    8.7E-01   2.5E+01      20   -2647.5266056944    -2127.2228780515    -0.0002290761           0.002452
   22    8.7E-01   2.5E+01      20   -2647.5267954493    -2127.2230678064    -0.0001897549           0.002541
   23    8.7E-01   2.5E+01      20   -2647.5269685866    -2127.2232409437    -0.0001731373           0.002740
   24    8.8E-01   2.5E+01      20   -2647.5271357313    -2127.2234080884    -0.0001671447           0.002464
   25    8.7E-01   2.5E+01      20   -2647.5273110811    -2127.2235834381    -0.0001753497           0.002353
   26    8.7E-01   2.5E+01      20   -2647.5274873777    -2127.2237597348    -0.0001762966           0.002658
   27    8.7E-01   2.5E+01      20   -2647.5276618303    -2127.2239341874    -0.0001744526           0.002506
   28    8.7E-01   2.5E+01      20   -2647.5278346377    -2127.2241069948    -0.0001728074           0.002748
   29    8.7E-01   2.5E+01      20   -2647.5279878508    -2127.2242602078    -0.0001532130           0.002417
   30    8.7E-01   2.5E+01      20   -2647.5281204746    -2127.2243928317    -0.0001326239           0.002582
   31    8.7E-01   2.5E+01      20   -2647.5282302326    -2127.2245025897    -0.0001097579           0.002271
   32    8.7E-01   2.5E+01      20   -2647.5283132650    -2127.2245856221    -0.0000830324           0.002906
   33    8.7E-01   2.5E+01      20   -2647.5283945485    -2127.2246669056    -0.0000812835           0.002713
   34    8.6E-01   2.5E+01      20   -2647.5284607515    -2127.2247331085    -0.0000662030           0.002434
   35    8.7E-01   2.5E+01      20   -2647.5285262792    -2127.2247986363    -0.0000655277           0.002950
   36    8.6E-01   3.7E+01      30   -2647.5286322274    -2127.2249045844    -0.0001059482           0.000957
   37    8.6E-01   3.7E+01      30   -2647.5287083416    -2127.2249806987    -0.0000761143           0.000931
   38    8.7E-01   3.7E+01      30   -2647.5287689691    -2127.2250413262    -0.0000606275           0.000897
   39    8.6E-01   3.7E+01      30   -2647.5288220655    -2127.2250944226    -0.0000530963           0.000904
   40    8.8E-01   4.8E+01      40   -2647.5288759147    -2127.2251482718    -0.0000538492           0.000174
   41    8.7E-01   4.8E+01      40   -2647.5289152040    -2127.2251875611    -0.0000392893           0.000175
   42    8.7E-01   4.8E+01      40   -2647.5289518284    -2127.2252241854    -0.0000366244           0.000174
   43    8.6E-01   6.0E+01      50   -2647.5290012135    -2127.2252735706    -0.0000493851           0.000057
   44    8.7E-01   6.0E+01      50   -2647.5290473003    -2127.2253196574    -0.0000460868           0.000057
   45    8.7E-01   6.0E+01      50   -2647.5290884793    -2127.2253608364    -0.0000411790           0.000043
   46    9.9E-01   6.0E+01      50   -2647.5291196464    -2127.2253920035    -0.0000311671           0.000035
   47    8.7E-01   6.0E+01      50   -2647.5291436427    -2127.2254159998    -0.0000239963           0.000036
   48    8.7E-01   6.0E+01      50   -2647.5291604329    -2127.2254327900    -0.0000167902           0.000031
   49    8.7E-01   7.1E+01      60   -2647.5291733140    -2127.2254456711    -0.0000128811           0.000024
   50    8.7E-01   8.3E+01      70   -2647.5291797327    -2127.2254520898    -0.0000064187           0.000014
   51    8.6E-01   9.4E+01      80   -2647.5291839891    -2127.2254563462    -0.0000042564           0.000002
   52    8.7E-01   1.1E+02      90   -2647.5291851286    -2127.2254574857    -0.0000011395           0.000001
   53    8.6E-01   1.2E+02     100   -2647.5291854579    -2127.2254578149    -0.0000003292           0.000001
   54    8.6E-01   1.1E+00     100   -2647.5291855139    -2127.2254578710    -0.0000000561           0.000005


  RESULTS OF THE OCCUPATION OPTIMIZATION
 ========================================

   OM     Occupation      Elag Diag

    1      1.9999992   -104.8588374
    2      1.9999983   -104.8588775
    3      1.9999983   -104.8588762
    4      1.9999983   -104.8588641
    5      1.9999939    -68.9327187
    6      1.9997462    -10.6002413
    7      1.9997449    -10.5975849
    8      1.9997445    -10.5970755
    9      1.9997332    -10.5976742
   10      1.9995748     -8.0744442
   11      1.9995732     -8.0664713
   12      1.9995715     -8.0576476
   13      1.9995701     -8.0634511
   14      1.9995474     -7.9749544
   15      1.9995462     -7.9536402
   16      1.9995446     -7.9615224
   17      1.9995395     -7.9297261
   18      1.9995343     -7.9010589
   19      1.9995331     -7.8925293
   20      1.9994986     -7.7718729
   21      1.9994960     -7.7584123
   22      1.9994909     -7.7381860
   23      1.9989659     -4.3809650
   24      1.9989637     -4.3805428
   25      1.9985131     -4.3779901
   26      1.9899393     -1.1145142
   27      1.9899278     -1.1154983
   28      1.9899267     -1.1154902
   29      1.9899066     -1.1202669
   30      1.9807384     -0.5218437
   31      1.9806534     -0.5219727
   32      1.9806133     -0.5218867
   33      1.9801025     -0.5214502
   34      1.9800573     -0.5214710
   35      1.9800344     -0.5214118
   36      1.9787936     -0.5169808
   37      1.9787889     -0.5170575
   38      1.9705855     -0.6424072
   39      1.9704746     -0.6306666
   40      1.9704685     -0.6304448
   41      1.9702763     -0.6307254
   42      0.0297237     -0.0410105
   43      0.0295315     -0.0407697
   44      0.0295254     -0.0407586
   45      0.0294145     -0.0410829
   46      0.0212111     -0.0237473
   47      0.0212064     -0.0237622
   48      0.0199656     -0.0217047
   49      0.0199427     -0.0216093
   50      0.0198975     -0.0215935
   51      0.0193867     -0.0207217
   52      0.0193466     -0.0206876
   53      0.0192616     -0.0205513
   54      0.0100934     -0.0228260
   55      0.0100733     -0.0227883
   56      0.0100722     -0.0227904
   57      0.0100607     -0.0227920
   58      0.0014869     -0.0083463
   59      0.0010363     -0.0057046
   60      0.0010341     -0.0056897
   61      0.0005091     -0.0041250
   62      0.0005040     -0.0040875
   63      0.0005014     -0.0040688
   64      0.0004669     -0.0038620
   65      0.0004657     -0.0038530
   66      0.0004605     -0.0038404
   67      0.0004554     -0.0038161
   68      0.0004538     -0.0037893
   69      0.0004526     -0.0037926
   70      0.0004299     -0.0036329
   71      0.0004285     -0.0036377
   72      0.0004268     -0.0036187
   73      0.0004252     -0.0036009
   74      0.0002668     -0.0028686
   75      0.0002555     -0.0027625
   76      0.0002551     -0.0027572
   77      0.0002538     -0.0027433
   78      0.0000061     -0.0004378
   79      0.0000017     -0.0001770
   80      0.0000017     -0.0001770
   81      0.0000017     -0.0001769
   82      0.0000008     -0.0000757

   RO Sum (  82) =   82.00

  ---------------
   Dipole Moment
  ---------------

      0.1464 Debye [   0.0576  (   0.0377,  -0.0307,   0.0309) ]

 ----------------
  Final Energies  
 ----------------

  Final NOF Total Energy =    -2127.2254578710 ( 5.E-06 , 0.E+00 )


  **************************************************
  *                                                *
  *       SINGLE-POINT DoNOF CALCULATION           *
  *                                                *
  *             FULL OPTIMIZATION                  *
  *                                                *
  *  FINAL RESULTS   FINAL RESULTS  FINAL RESULTS  *
  *                                                *
  **************************************************

  **************************************************
  *         No. EXTERNAL ITER =    54              *
  *         No. of TOTAL ITER =  1650              *
  **************************************************

  Elapsed real time :   1949.37  (Seconds)

 The execution finished at 15h  7min on the  1/30/2025
