 This is the parallel version of the code
 This is the parallel version of the code
 This is the parallel version of the code
 This is the parallel version of the code
Master:    0

 The execution started at 16h 33min on the 11/21/2024

    ===========================================================
    !                                                         !
    !                        Do N O F                         !
    !                                                         !
    !  (Donostia Natural Orbital Functional Software Program) !
    !                                                         !
    !               COPYRIGHT by Mario Piris                  !
    !                                                         !
    !      Donostia International Physics Center (DIPC)       !
    !       University of the Basque Country (UPV/EHU)        !
    !       Basque Foundation for Science (IKERBASQUE)        !
    !                                                         !
    !          GNU General Public License version 3           !
    !                                                         !
    !                  VERSION: Mayo 2024                     !
    !                                                         !
    ===========================================================

 Run Title
 ---------
 p30-5 set                                                                       

 Basis Set
 ---------
 /beegfs_agamede/gscratch/povmieci/SCRATCH/64829/def2-svp.bas                    

 Atom      Charge                Coordinates (Bohr)
                           x             y             z
 SI         14.0        0.0000        0.0000        0.0000
 F           9.0        1.7200       -1.7200        1.7200
 F           9.0       -1.7200        1.7200        1.7200
 F           9.0       -1.7200       -1.7200       -1.7200
 F           9.0        1.7200        1.7200       -1.7200

 Atomic Basis Set
 ----------------
 The contracted primitive functions were unnormalized
 The contracted basis functions are now normalized to unity

  Shell Type  Primitive         Exponent  Contraction Coefficient

 SI        

      1   S       1          6903.7118686    0.005584465887
      1   S       2          1038.4346419    0.041742284436
      1   S       3           235.8758148    0.187528023742
      1   S       4            66.0693852    0.478678596587
      1   S       5            20.2479458    0.429256952162

      2   S       6            34.3534817    0.089834899465
      2   S       7             3.6370788   -0.545685958777
      2   S       8             1.4002049   -0.524810829267

      3   S       9             0.2048441    1.000000000000

      4   S      10             0.0779941    1.000000000000

      5   P      11           179.8390737    0.010133498379
      5   P      12            41.9072588    0.071029041096
      5   P      13            12.9552944    0.255839142169
      5   P      14             4.4383267    0.481498047149
      5   P      15             1.5462248    0.385211960064

      6   P      16             0.3560761    1.000000000000

      7   P      17             0.1000851    1.000000000000

      8   D      18             0.3500000    1.000000000000

 F         

      9   S      19          2894.8325990   -0.005349321176
      9   S      20           435.4193912   -0.039967734372
      9   S      21            98.8433289   -0.179412617888
      9   S      22            27.4851980   -0.468324686869
      9   S      23             8.5405498   -0.447241605328

     10   S      24             1.0654578    1.000000000000

     11   S      25             0.3324735    1.000000000000

     12   P      26            22.6966339   -0.064782148241
     12   P      27             4.9872339   -0.340357853553
     12   P      28             1.3491614   -0.734858153660

     13   P      29             0.3482988    1.000000000000

     14   D      30             1.4000000    1.000000000000

 F         

     15   S      31          2894.8325990   -0.005349321176
     15   S      32           435.4193912   -0.039967734372
     15   S      33            98.8433289   -0.179412617888
     15   S      34            27.4851980   -0.468324686869
     15   S      35             8.5405498   -0.447241605328

     16   S      36             1.0654578    1.000000000000

     17   S      37             0.3324735    1.000000000000

     18   P      38            22.6966339   -0.064782148241
     18   P      39             4.9872339   -0.340357853553
     18   P      40             1.3491614   -0.734858153660

     19   P      41             0.3482988    1.000000000000

     20   D      42             1.4000000    1.000000000000

 F         

     21   S      43          2894.8325990   -0.005349321176
     21   S      44           435.4193912   -0.039967734372
     21   S      45            98.8433289   -0.179412617888
     21   S      46            27.4851980   -0.468324686869
     21   S      47             8.5405498   -0.447241605328

     22   S      48             1.0654578    1.000000000000

     23   S      49             0.3324735    1.000000000000

     24   P      50            22.6966339   -0.064782148241
     24   P      51             4.9872339   -0.340357853553
     24   P      52             1.3491614   -0.734858153660

     25   P      53             0.3482988    1.000000000000

     26   D      54             1.4000000    1.000000000000

 F         

     27   S      55          2894.8325990   -0.005349321176
     27   S      56           435.4193912   -0.039967734372
     27   S      57            98.8433289   -0.179412617888
     27   S      58            27.4851980   -0.468324686869
     27   S      59             8.5405498   -0.447241605328

     28   S      60             1.0654578    1.000000000000

     29   S      61             0.3324735    1.000000000000

     30   P      62            22.6966339   -0.064782148241
     30   P      63             4.9872339   -0.340357853553
     30   P      64             1.3491614   -0.734858153660

     31   P      65             0.3482988    1.000000000000

     32   D      66             1.4000000    1.000000000000

 Total Number of Basis Set Shells             =   32
 Total Number of Primitives                   =   66
 Number of Cartesian Gaussian Basis Functions =   79
 Number of Electrons                          =   50
 Charge of Molecule                           =    0
 Spin Multiplicity                            =    1
 Number of Occupied Orbitals (Alpha)          =   25
 Number of Occupied Orbitals (Beta )          =   25
 Total Number of Atoms                        =    5

 Input Run Options
 -----------------
 IRUNTYP = 1  MULT = 1  ICHARG =  0 IECP = 0  IEMOM = 1  UNITS = ANGS    

 Integral Options
 ----------------
 CUTOFF = 1.0E-09   ISCHWZ = 0   ERITYP = FULL

 Input NOF Options
 -----------------

 Type of calculation =    Coeff. Opt.:   (ICOEF)         1
 Use Softmax function for Occ. Opt.:     (ISOFTMAX)      1
 Type of Orb. Opt. = Orbital Rotations:  (IORBOPT)       4
 Maximum Number of Occ-Coef Outer Iter.: (MAXIT)      1000

 Natural Orbital Functional Selected:    (IPNOF)         8

 Restart calculation Option:             (RESTART)       F
 Restart Gamma Matrix from GCF file:     (INPUTGAMMA)    0
 Coefficient Matrix from GCF file:       (INPUTC)        0
 Diagonal Elements FMIUG from GCF file:  (INPUTFMIUG)    0
 Cartesian Coordinates from GCF file:    (INPUTCXYZ)     0
 Orthogonalize the initial Orbitals:     (ORTHO)         T

 Output Option:                          (NPRINT)        0
 Output the Coefficient Matrix:          (IWRITEC)       0
 Do a Mulliken Population Analysis:      (IMULPOP)       0
 Write Information into a WFN file:      (IAIMPAC)       1
 Write Information into a FCHK file:     (IFCHK)         1
 Write Information into a MLP file:      (MOLDEN)        1
 Create Ini. Cond. (ini.xyz) file:       (INICOND)       1
 Calculate IPs using Ext. Koopmans Theo: (IEKT)          0
 Write APSG expansion coefficient file:  (APSG)          F
 Output option for Lagrange Multipliers: (PRINTLAG)      F
 Diagonalize matrix of Lag. Multipliers: (DIAGLAG)       F

------------------------------------------------------------------------

 Orbital Space
 -------------

 Inactive Doubly occupied orbitals up to NO1  =    0
 No. considered Strongly Doubly occupied MOs  =   25
 No. considered Strongly Singly occupied MOs  =    0
 No. of Weakly occ. per St. Doubly occ.  MOs  =    2
 Dimension of the Active Nat. Orb. subspace   =   75
 Secondary Empty orbitals                     =    4

 1e- integrals
 -------------
 Time to do integrals =      0.00
 Guess for MOs = HCORE
      4428 MOs were matched and         0 equalized to zero

 2e- integrals
 -------------
 DONTW option skips storage 2e- integrals on Unit 1
             3642295 2e- integrals in     1 records
 Time to do integrals =      0.25

 Distribution Full ERIs:

 Integrals:                           3642295
 Max size per slaves:                  910574
 Max size in master:                  4552869

 Input for Coefficients is HCORE


  RESULTS OF OCCUPATION-COEFFICIENT OPTIMIZATION
 ================================================

  Ex It  Orb It    Electronic Energy     Total Energy   Energy Convergency    Max Mul-Lag Diff

    1      10      -943.9531908114     -674.8817699343   -17.4115023489           0.884355
    2      10      -952.1152025133     -683.0437816362    -8.1620117019           0.557051
    3      10      -954.8702261735     -685.7988052965    -2.7550236603           0.309904
    4      10      -955.9039259088     -686.8325050317    -1.0336997353           0.201111
    5      10      -956.2952090081     -687.2237881310    -0.3912830993           0.129581
    6      10      -956.4519624462     -687.3805415691    -0.1567534381           0.085163
    7      10      -956.4984581556     -687.4270372785    -0.0464957094           0.100359
    8      10      -956.5095466146     -687.4381257375    -0.0110884590           0.085851
    9      10      -956.5149586567     -687.4435377796    -0.0054120421           0.087011
   10      10      -956.5190427064     -687.4476218293    -0.0040840497           0.078339
   11      10      -956.5214871457     -687.4500662687    -0.0024444394           0.075366
   12      10      -956.5234169333     -687.4519960562    -0.0019297875           0.077712
   13      10      -956.5250484753     -687.4536275982    -0.0016315421           0.086557
   14      10      -956.5258748480     -687.4544539709    -0.0008263727           0.084306
   15      10      -956.5260369386     -687.4546160615    -0.0001620906           0.083329
   16      10      -956.5266104774     -687.4551896003    -0.0005735388           0.078835
   17      10      -956.5263552905     -687.4549344135     0.0002551868           0.090880
   18      20      -956.5401251831     -687.4687043060    -0.0137698925           0.003337
   19      20      -956.5402040870     -687.4687832099    -0.0000789039           0.001591
   20      20      -956.5402491632     -687.4688282861    -0.0000450762           0.001564
   21      20      -956.5402848717     -687.4688639946    -0.0000357085           0.001764
   22      20      -956.5403154511     -687.4688945740    -0.0000305793           0.001669
   23      20      -956.5403433019     -687.4689224248    -0.0000278509           0.001617
   24      20      -956.5403689589     -687.4689480818    -0.0000256570           0.001520
   25      20      -956.5403935933     -687.4689727162    -0.0000246344           0.001616
   26      20      -956.5404193469     -687.4689984698    -0.0000257536           0.001775
   27      20      -956.5404482136     -687.4690273365    -0.0000288666           0.001511
   28      20      -956.5404867752     -687.4690658981    -0.0000385616           0.001593
   29      20      -956.5405613065     -687.4691404294    -0.0000745313           0.001693
   30      20      -956.5407194452     -687.4692985681    -0.0001581387           0.001435
   31      20      -956.5410024445     -687.4695815675    -0.0002829993           0.001544
   32      20      -956.5414071658     -687.4699862887    -0.0004047212           0.001432
   33      20      -956.5418854504     -687.4704645734    -0.0004782847           0.001712
   34      20      -956.5423620282     -687.4709411511    -0.0004765777           0.001878
   35      20      -956.5427779942     -687.4713571172    -0.0004159661           0.001715
   36      20      -956.5431288788     -687.4717080018    -0.0003508846           0.001518
   37      20      -956.5434186850     -687.4719978079    -0.0002898062           0.001597
   38      20      -956.5436502105     -687.4722293334    -0.0002315255           0.001682
   39      20      -956.5438297937     -687.4724089166    -0.0001795831           0.001640
   40      20      -956.5439732362     -687.4725523591    -0.0001434425           0.001636
   41      20      -956.5440914833     -687.4726706062    -0.0001182471           0.001535
   42      20      -956.5441931329     -687.4727722558    -0.0001016496           0.001662
   43      20      -956.5442730385     -687.4728521614    -0.0000799056           0.001786
   44      20      -956.5443324695     -687.4729115924    -0.0000594310           0.001675
   45      20      -956.5443754469     -687.4729545698    -0.0000429774           0.001691
   46      20      -956.5444069251     -687.4729860480    -0.0000314782           0.001952
   47      30      -956.5444388751     -687.4730179981    -0.0000319500           0.000642
   48      40      -956.5444555502     -687.4730346731    -0.0000166751           0.000125
   49      50      -956.5444681553     -687.4730472782    -0.0000126051           0.000020
   50      50      -956.5444689166     -687.4730480395    -0.0000007613           0.000028


  RESULTS OF THE OCCUPATION OPTIMIZATION
 ========================================

   OM     Occupation      Elag Diag

    1      1.9999981    -68.9712596
    2      1.9999689    -26.3907950
    3      1.9999655    -26.3899717
    4      1.9999652    -26.3905564
    5      1.9999585    -26.3900427
    6      1.9993687     -6.3015438
    7      1.9986295     -4.4138360
    8      1.9982173     -4.4124582
    9      1.9982060     -4.4125102
   10      1.9934274     -1.6186099
   11      1.9933264     -1.6161654
   12      1.9899185     -1.5905437
   13      1.9899117     -1.5907322
   14      1.9854795     -0.7575745
   15      1.9810459     -0.7500110
   16      1.9809472     -0.7517686
   17      1.9809239     -0.7529606
   18      1.9808573     -0.7522746
   19      1.9806586     -0.7526818
   20      1.9803225     -0.7540003
   21      1.9791281     -0.7466211
   22      1.9741531     -0.8465371
   23      1.9740294     -0.8555570
   24      1.9738717     -0.8818451
   25      1.9736558     -0.8807305
   26      0.0233992     -0.0433959
   27      0.0231408     -0.0429240
   28      0.0228874     -0.0419238
   29      0.0226444     -0.0408902
   30      0.0113183     -0.0195260
   31      0.0155025     -0.0236912
   32      0.0151137     -0.0231141
   33      0.0143955     -0.0223332
   34      0.0143863     -0.0222512
   35      0.0142858     -0.0221597
   36      0.0084123     -0.0219679
   37      0.0046277     -0.0101708
   38      0.0071734     -0.0224554
   39      0.0071741     -0.0224737
   40      0.0033983     -0.0095225
   41      0.0033627     -0.0095089
   42      0.0009159     -0.0059688
   43      0.0009062     -0.0059327
   44      0.0008949     -0.0059600
   45      0.0003164     -0.0025626
   46      0.0000300     -0.0007818
   47      0.0000225     -0.0005777
   48      0.0000252     -0.0006451
   49      0.0000217     -0.0005509
   50      0.0000008     -0.0000542
   51      0.0029450     -0.0082977
   52      0.0029875     -0.0083465
   53      0.0030833     -0.0084415
   54      0.0032024     -0.0085961
   55      0.0095536     -0.0172270
   56      0.0041750     -0.0095721
   57      0.0042277     -0.0096073
   58      0.0047471     -0.0101274
   59      0.0046898     -0.0100907
   60      0.0047671     -0.0100509
   61      0.0105418     -0.0187113
   62      0.0098928     -0.0239994
   63      0.0029149     -0.0089901
   64      0.0029074     -0.0089769
   65      0.0032753     -0.0094429
   66      0.0032099     -0.0093339
   67      0.0008780     -0.0058813
   68      0.0008765     -0.0058628
   69      0.0004756     -0.0030655
   70      0.0003149     -0.0025431
   71      0.0000114     -0.0002816
   72      0.0000123     -0.0002934
   73      0.0000093     -0.0002243
   74      0.0000094     -0.0002244
   75      0.0000010     -0.0000744

   RO Sum (  50) =   50.00

  ---------------
   Dipole Moment
  ---------------

      0.0503 Debye [   0.0198  (   0.0162,  -0.0020,  -0.0112) ]

 ----------------
  Final Energies  
 ----------------

  Final NOF Total Energy =     -687.4730480395 ( 3.E-05 , 0.E+00 )


  **************************************************
  *                                                *
  *       SINGLE-POINT DoNOF CALCULATION           *
  *                                                *
  *             FULL OPTIMIZATION                  *
  *                                                *
  *  FINAL RESULTS   FINAL RESULTS  FINAL RESULTS  *
  *                                                *
  **************************************************

  **************************************************
  *         No. EXTERNAL ITER =    50              *
  *         No. of TOTAL ITER =   920              *
  **************************************************

  Elapsed real time :    842.79  (Seconds)
  Git sha : bcb372acca69df19ae91719c988dea244a3c3d1c                                                            

 The execution finished at 16h 47min on the 11/21/2024
