 This is the parallel version of the code
 This is the parallel version of the code
 This is the parallel version of the code
 This is the parallel version of the code
 This is the parallel version of the code
 This is the parallel version of the code
 This is the parallel version of the code
 This is the parallel version of the code
 This is the parallel version of the code
 This is the parallel version of the code
 This is the parallel version of the code
 This is the parallel version of the code
 This is the parallel version of the code
 This is the parallel version of the code
 This is the parallel version of the code
 This is the parallel version of the code
 This is the parallel version of the code
 This is the parallel version of the code
 This is the parallel version of the code
 This is the parallel version of the code
 This is the parallel version of the code
 This is the parallel version of the code
 This is the parallel version of the code
 This is the parallel version of the code
Master:    0

 The execution started at 17h  8min on the  4/11/2025

    ===========================================================
    !                                                         !
    !                        Do N O F                         !
    !                                                         !
    !  (Donostia Natural Orbital Functional Software Program) !
    !                                                         !
    !               COPYRIGHT by Mario Piris                  !
    !                                                         !
    !      Donostia International Physics Center (DIPC)       !
    !       University of the Basque Country (UPV/EHU)        !
    !       Basque Foundation for Science (IKERBASQUE)        !
    !                                                         !
    !          GNU General Public License version 3           !
    !                                                         !
    !                  VERSION: November 2024                 !
    !                                                         !
    ===========================================================

 Run Title
 ---------
 p30-5 set                                                                       

 Basis Set
 ---------
 /gscratch/povmieci/SCRATCH/132464/def2-qzvp.bas                                 

 Atom      Charge                Coordinates (Bohr)
                           x             y             z
 SI         14.0        0.0000        0.0000        0.0000
 CL         17.0        2.2347       -2.2347        2.2347
 CL         17.0       -2.2347        2.2347        2.2347
 CL         17.0       -2.2347       -2.2347       -2.2347
 CL         17.0        2.2347        2.2347       -2.2347

 Atomic Basis Set
 ----------------
 The contracted primitive functions were unnormalized
 The contracted basis functions are now normalized to unity

  Shell Type  Primitive         Exponent  Contraction Coefficient

 SI        

      1   S       1        918070.6956500    0.000015164350
      1   S       2        137485.2538600    0.000117886427
      1   S       3         31287.7727140    0.000619706293
      1   S       4          8861.6105697    0.002609744936
      1   S       5          2890.6943156    0.009422545860
      1   S       6          1043.4063979    0.029933357272
      1   S       7           406.8016028    0.083569823387
      1   S       8           168.4836021    0.197339466916
      1   S       9            73.1856288    0.362800527037
      1   S      10            32.9984854    0.431342021378

      2   S      11           278.7875133    0.025131736656
      2   S      12            85.9102287    0.220626387338
      2   S      13            32.9926040    0.791695147327

      3   S      14            15.0336933    1.000000000000

      4   S      15             5.7257515    1.000000000000

      5   S      16             2.6146521    1.000000000000

      6   S      17             1.1757833    1.000000000000

      7   S      18             0.3543233    1.000000000000

      8   S      19             0.1624834    1.000000000000

      9   S      20             0.0683325    1.000000000000

     10   P      21          1775.8850516    0.000220716403
     10   P      22           420.8378685    0.001918226363
     10   P      23           136.4229024    0.010391248672
     10   P      24            51.7009917    0.040810497839
     10   P      25            21.5594560    0.121203363594
     10   P      26             9.5559200    0.259743211286
     10   P      27             4.3529819    0.385910217750
     10   P      28             2.0096964    0.359561845927

     11   P      29            46.4181538    0.043325011785
     11   P      30             1.9076418   -1.003170042390

     12   P      31             0.9233722    1.000000000000

     13   P      32             0.3451572    1.000000000000

     14   P      33             0.1365683    1.000000000000

     15   P      34             0.0529871    1.000000000000

     16   D      35             2.6450000    1.000000000000

     17   D      36             0.6080000    1.000000000000

     18   D      37             0.2720000    1.000000000000

     19   D      38             0.1130000    1.000000000000

     20   F      39             0.5410000    1.000000000000

     21   F      40             0.2120000    1.000000000000

     22   G      41             0.4610000    1.000000000000

 CL        

     23   S      42       1467459.0095000    0.000014169136
     23   S      43        219756.1643300    0.000110153736
     23   S      44         50010.7703010    0.000579085777
     23   S      45         14164.8239180    0.002439540929
     23   S      46          4620.7465525    0.008816310501
     23   S      47          1667.8991635    0.028087317597
     23   S      48           650.2919926    0.078954046111
     23   S      49           269.3803738    0.189251605011
     23   S      50           117.0675211    0.357824412790
     23   S      51            52.8117668    0.448692471574

     24   S      52           461.4276999    0.022704789950
     24   S      53           142.1266535    0.207769475034
     24   S      54            54.4378388    0.805043697576

     25   S      55            24.1607702    1.000000000000

     26   S      56             9.7083540    1.000000000000

     27   S      57             4.5640697    1.000000000000

     28   S      58             2.1194745    1.000000000000

     29   S      59             0.7572237    1.000000000000

     30   S      60             0.3374722    1.000000000000

     31   S      61             0.1386078    1.000000000000

     32   P      62          2501.9457890    0.000252084118
     32   P      63           592.8805928    0.002191975914
     32   P      64           192.1808919    0.011888157055
     32   P      65            72.8757105    0.046747712596
     32   P      66            30.4363584    0.137232458887
     32   P      67            13.4901789    0.285889489259
     32   P      68             6.1478071    0.398749388220
     32   P      69             2.8450945    0.300221633944

     33   P      70           105.3939794   -0.053935023265
     33   P      71             6.7369739    1.006978873524

     34   P      72             1.2421096    1.000000000000

     35   P      73             0.5566971    1.000000000000

     36   P      74             0.2338780    1.000000000000

     37   P      75             0.0931645    1.000000000000

     38   D      76             5.1910000    1.000000000000

     39   D      77             1.2760000    1.000000000000

     40   D      78             0.5830000    1.000000000000

     41   D      79             0.2430000    1.000000000000

     42   F      80             1.0890000    1.000000000000

     43   F      81             0.4230000    1.000000000000

     44   G      82             0.8270000    1.000000000000

 CL        

     45   S      83       1467459.0095000    0.000014169136
     45   S      84        219756.1643300    0.000110153736
     45   S      85         50010.7703010    0.000579085777
     45   S      86         14164.8239180    0.002439540929
     45   S      87          4620.7465525    0.008816310501
     45   S      88          1667.8991635    0.028087317597
     45   S      89           650.2919926    0.078954046111
     45   S      90           269.3803738    0.189251605011
     45   S      91           117.0675211    0.357824412790
     45   S      92            52.8117668    0.448692471574

     46   S      93           461.4276999    0.022704789950
     46   S      94           142.1266535    0.207769475034
     46   S      95            54.4378388    0.805043697576

     47   S      96            24.1607702    1.000000000000

     48   S      97             9.7083540    1.000000000000

     49   S      98             4.5640697    1.000000000000

     50   S      99             2.1194745    1.000000000000

     51   S     100             0.7572237    1.000000000000

     52   S     101             0.3374722    1.000000000000

     53   S     102             0.1386078    1.000000000000

     54   P     103          2501.9457890    0.000252084118
     54   P     104           592.8805928    0.002191975914
     54   P     105           192.1808919    0.011888157055
     54   P     106            72.8757105    0.046747712596
     54   P     107            30.4363584    0.137232458887
     54   P     108            13.4901789    0.285889489259
     54   P     109             6.1478071    0.398749388220
     54   P     110             2.8450945    0.300221633944

     55   P     111           105.3939794   -0.053935023265
     55   P     112             6.7369739    1.006978873524

     56   P     113             1.2421096    1.000000000000

     57   P     114             0.5566971    1.000000000000

     58   P     115             0.2338780    1.000000000000

     59   P     116             0.0931645    1.000000000000

     60   D     117             5.1910000    1.000000000000

     61   D     118             1.2760000    1.000000000000

     62   D     119             0.5830000    1.000000000000

     63   D     120             0.2430000    1.000000000000

     64   F     121             1.0890000    1.000000000000

     65   F     122             0.4230000    1.000000000000

     66   G     123             0.8270000    1.000000000000

 CL        

     67   S     124       1467459.0095000    0.000014169136
     67   S     125        219756.1643300    0.000110153736
     67   S     126         50010.7703010    0.000579085777
     67   S     127         14164.8239180    0.002439540929
     67   S     128          4620.7465525    0.008816310501
     67   S     129          1667.8991635    0.028087317597
     67   S     130           650.2919926    0.078954046111
     67   S     131           269.3803738    0.189251605011
     67   S     132           117.0675211    0.357824412790
     67   S     133            52.8117668    0.448692471574

     68   S     134           461.4276999    0.022704789950
     68   S     135           142.1266535    0.207769475034
     68   S     136            54.4378388    0.805043697576

     69   S     137            24.1607702    1.000000000000

     70   S     138             9.7083540    1.000000000000

     71   S     139             4.5640697    1.000000000000

     72   S     140             2.1194745    1.000000000000

     73   S     141             0.7572237    1.000000000000

     74   S     142             0.3374722    1.000000000000

     75   S     143             0.1386078    1.000000000000

     76   P     144          2501.9457890    0.000252084118
     76   P     145           592.8805928    0.002191975914
     76   P     146           192.1808919    0.011888157055
     76   P     147            72.8757105    0.046747712596
     76   P     148            30.4363584    0.137232458887
     76   P     149            13.4901789    0.285889489259
     76   P     150             6.1478071    0.398749388220
     76   P     151             2.8450945    0.300221633944

     77   P     152           105.3939794   -0.053935023265
     77   P     153             6.7369739    1.006978873524

     78   P     154             1.2421096    1.000000000000

     79   P     155             0.5566971    1.000000000000

     80   P     156             0.2338780    1.000000000000

     81   P     157             0.0931645    1.000000000000

     82   D     158             5.1910000    1.000000000000

     83   D     159             1.2760000    1.000000000000

     84   D     160             0.5830000    1.000000000000

     85   D     161             0.2430000    1.000000000000

     86   F     162             1.0890000    1.000000000000

     87   F     163             0.4230000    1.000000000000

     88   G     164             0.8270000    1.000000000000

 CL        

     89   S     165       1467459.0095000    0.000014169136
     89   S     166        219756.1643300    0.000110153736
     89   S     167         50010.7703010    0.000579085777
     89   S     168         14164.8239180    0.002439540929
     89   S     169          4620.7465525    0.008816310501
     89   S     170          1667.8991635    0.028087317597
     89   S     171           650.2919926    0.078954046111
     89   S     172           269.3803738    0.189251605011
     89   S     173           117.0675211    0.357824412790
     89   S     174            52.8117668    0.448692471574

     90   S     175           461.4276999    0.022704789950
     90   S     176           142.1266535    0.207769475034
     90   S     177            54.4378388    0.805043697576

     91   S     178            24.1607702    1.000000000000

     92   S     179             9.7083540    1.000000000000

     93   S     180             4.5640697    1.000000000000

     94   S     181             2.1194745    1.000000000000

     95   S     182             0.7572237    1.000000000000

     96   S     183             0.3374722    1.000000000000

     97   S     184             0.1386078    1.000000000000

     98   P     185          2501.9457890    0.000252084118
     98   P     186           592.8805928    0.002191975914
     98   P     187           192.1808919    0.011888157055
     98   P     188            72.8757105    0.046747712596
     98   P     189            30.4363584    0.137232458887
     98   P     190            13.4901789    0.285889489259
     98   P     191             6.1478071    0.398749388220
     98   P     192             2.8450945    0.300221633944

     99   P     193           105.3939794   -0.053935023265
     99   P     194             6.7369739    1.006978873524

    100   P     195             1.2421096    1.000000000000

    101   P     196             0.5566971    1.000000000000

    102   P     197             0.2338780    1.000000000000

    103   P     198             0.0931645    1.000000000000

    104   D     199             5.1910000    1.000000000000

    105   D     200             1.2760000    1.000000000000

    106   D     201             0.5830000    1.000000000000

    107   D     202             0.2430000    1.000000000000

    108   F     203             1.0890000    1.000000000000

    109   F     204             0.4230000    1.000000000000

    110   G     205             0.8270000    1.000000000000

 Total Number of Basis Set Shells             =  110
 Total Number of Primitives                   =  205
 Number of Cartesian Gaussian Basis Functions =  430
 Total Number of Auxiliary Basis Set Shells   =  205
 Number of Cart. Gaussian Auxiliary Set Func. = 1110
 Number of Electrons                          =   82
 Charge of Molecule                           =    0
 Spin Multiplicity                            =    1
 Number of Occupied Orbitals (Alpha)          =   41
 Number of Occupied Orbitals (Beta )          =   41
 Total Number of Atoms                        =    5

 Input Run Options
 -----------------
 IRUNTYP = 1  MULT = 1  ICHARG =  0 IECP = 0  IEMOM = 1  UNITS = ANGS    

 Integral Options
 ----------------
 CUTOFF = 1.0E-09   ISCHWZ = 0   ERITYP = RI     AUX = JKFIT

 Input NOF Options
 -----------------

 Type of calculation =    Coeff. Opt.:   (ICOEF)         1
 Trigonometric functions for Occ. Opt.:  (ISOFTMAX)      0
 Type of Orb. Opt. = Orbital Rotations:  (IORBOPT)       4
 Maximum Number of Occ-Coef Outer Iter.: (MAXIT)      1000

 Natural Orbital Functional Selected:    (IPNOF)         8

 Restart calculation Option:             (RESTART)       F
 Restart Gamma Matrix from GCF file:     (INPUTGAMMA)    0
 Coefficient Matrix from GCF file:       (INPUTC)        0
 Diagonal Elements FMIUG from GCF file:  (INPUTFMIUG)    0
 Cartesian Coordinates from GCF file:    (INPUTCXYZ)     0
 Orthogonalize the initial Orbitals:     (ORTHO)         T

 Output Option:                          (NPRINT)        0
 Output the Coefficient Matrix:          (IWRITEC)       0
 Do a Mulliken Population Analysis:      (IMULPOP)       0
 Write Information into a WFN file:      (IAIMPAC)       1
 Write Information into a FCHK file:     (IFCHK)         1
 Write Information into a MLP file:      (MOLDEN)        1
 Create Ini. Cond. (ini.xyz) file:       (INICOND)       1
 Calculate IPs using Ext. Koopmans Theo: (IEKT)          0
 Write APSG expansion coefficient file:  (APSG)          F
 Output option for Lagrange Multipliers: (PRINTLAG)      F
 Diagonalize matrix of Lag. Multipliers: (DIAGLAG)       F

------------------------------------------------------------------------

 Orbital Space
 -------------

 You are doing a perfect pairing calculation: NCWO=1

 Inactive Doubly occupied orbitals up to NO1  =    0
 No. considered Strongly Doubly occupied MOs  =   41
 No. considered Strongly Singly occupied MOs  =    0
 No. of Weakly occ. per St. Doubly occ.  MOs  =    1
 Dimension of the Active Nat. Orb. subspace   =   82
 Secondary Empty orbitals                     =  348

 1e- integrals
 -------------
 Time to do integrals =      0.01
 Guess for MOs = HCORE
    147441 MOs were matched and     19209 equalized to zero

 2e- integrals
 -------------
 DONTW option skips storage 2e- integrals on Unit 1
 RI Warning - Number of values truncated from metric:                   26
 Time to do integrals =    108.71

 Distribution b tensor:

 Elements:                          102858150
 Max size per slaves:                 4355255
 Max size in master:                  4262590

 Input for Coefficients is HCORE


  RESULTS OF OCCUPATION-COEFFICIENT OPTIMIZATION
 ================================================

  Ex It  Occ Time  Orb Time  Orb It   Electronic Energy     Total Energy   Energy Convergency    Max Mul-Lag Diff

    1    2.4E+00   4.5E+01      10   -2711.1067796792    -2190.8030520363  -309.1025501642          50.728851
    2    2.3E+00   4.5E+01      10   -2813.3166466465    -2293.0129190036  -102.2098669673          38.989793
    3    1.9E+00   4.6E+01      10   -2840.1158577435    -2319.8121301006   -26.7992110970          22.756312
    4    2.4E+00   4.5E+01      10   -2848.2124271060    -2327.9086994631    -8.0965693625           7.876281
    5    2.1E+00   4.6E+01      10   -2850.2904518412    -2329.9867241983    -2.0780247352           1.352185
    6    2.3E+00   4.5E+01      10   -2850.9134202697    -2330.6096926268    -0.6229684285           0.702321
    7    2.0E+00   4.5E+01      10   -2851.3049686721    -2331.0012410292    -0.3915484025           0.694617
    8    2.3E+00   4.4E+01      10   -2851.4766045218    -2331.1728768789    -0.1716358496           0.952194
    9    2.1E+00   4.6E+01      10   -2851.4867809501    -2331.1830533072    -0.0101764283           0.819492
   10    2.0E+00   4.4E+01      10   -2851.6158111946    -2331.3120835517    -0.1290302445           0.867112
   11    1.9E+00   4.6E+01      10   -2851.7218213402    -2331.4180936973    -0.1060101456           0.700059
   12    1.9E+00   4.4E+01      10   -2851.5328180374    -2331.2290903944     0.1890033028           0.777674
   13    1.7E+00   1.2E+02      30   -2853.2651993583    -2332.9614717153    -1.7323813209           0.038079
   14    2.3E+00   1.2E+02      30   -2853.3857982700    -2333.0820706271    -0.1205989118           0.033918
   15    1.9E+00   1.2E+02      30   -2853.4678773341    -2333.1641496912    -0.0820790641           0.039840
   16    2.2E+00   1.2E+02      30   -2853.5290312062    -2333.2253035633    -0.0611538722           0.040247
   17    1.9E+00   1.2E+02      30   -2853.5798226593    -2333.2760950164    -0.0507914531           0.036666
   18    1.9E+00   1.2E+02      30   -2853.6173628248    -2333.3136351819    -0.0375401655           0.032297
   19    2.3E+00   1.2E+02      30   -2853.6435085323    -2333.3397808894    -0.0261457075           0.025982
   20    2.2E+00   1.2E+02      30   -2853.6609109491    -2333.3571833062    -0.0174024168           0.019072
   21    2.0E+00   1.2E+02      30   -2853.6706272220    -2333.3668995791    -0.0097162729           0.012085
   22    1.9E+00   1.2E+02      30   -2853.6764779679    -2333.3727503250    -0.0058507460           0.011213
   23    2.3E+00   1.2E+02      30   -2853.6804226969    -2333.3766950540    -0.0039447289           0.010495
   24    2.2E+00   1.2E+02      30   -2853.6828737123    -2333.3791460694    -0.0024510154           0.012168
   25    1.9E+00   1.3E+02      30   -2853.6850187403    -2333.3812910974    -0.0021450280           0.011294
   26    1.9E+00   1.2E+02      30   -2853.6866808604    -2333.3829532175    -0.0016621201           0.010588
   27    1.9E+00   1.2E+02      30   -2853.6879294956    -2333.3842018527    -0.0012486352           0.009559
   28    2.2E+00   1.2E+02      30   -2853.6889285007    -2333.3852008578    -0.0009990051           0.012277
   29    1.9E+00   1.2E+02      30   -2853.6895862887    -2333.3858586458    -0.0006577880           0.009671
   30    1.9E+00   1.2E+02      30   -2853.6902929360    -2333.3865652931    -0.0007066473           0.010051
   31    1.9E+00   1.2E+02      30   -2853.6907164904    -2333.3869888475    -0.0004235544           0.009874
   32    1.9E+00   1.2E+02      30   -2853.6911643707    -2333.3874367278    -0.0004478803           0.012902
   33    2.2E+00   1.2E+02      30   -2853.6916049016    -2333.3878772587    -0.0004405309           0.010210
   34    1.8E+00   1.2E+02      30   -2853.6917018570    -2333.3879742141    -0.0000969554           0.011096
   35    1.8E+00   1.2E+02      30   -2853.6919813268    -2333.3882536839    -0.0002794699           0.011566
   36    2.2E+00   1.2E+02      30   -2853.6922221932    -2333.3884945503    -0.0002408664           0.010825
   37    2.2E+00   1.2E+02      30   -2853.6924837090    -2333.3887560661    -0.0002615158           0.009847
   38    2.2E+00   1.2E+02      30   -2853.6926681512    -2333.3889405083    -0.0001844422           0.010172
   39    1.8E+00   1.2E+02      30   -2853.6928537442    -2333.3891261013    -0.0001855931           0.009473
   40    1.9E+00   1.2E+02      30   -2853.6929681597    -2333.3892405168    -0.0001144154           0.008715
   41    1.9E+00   1.2E+02      30   -2853.6931105853    -2333.3893829424    -0.0001424257           0.009591
   42    1.8E+00   1.2E+02      30   -2853.6931774705    -2333.3894498276    -0.0000668852           0.009921
   43    2.2E+00   1.2E+02      30   -2853.6932647028    -2333.3895370599    -0.0000872323           0.008105
   44    1.8E+00   1.2E+02      30   -2853.6933180169    -2333.3895903740    -0.0000533142           0.012601
   45    1.9E+00   1.2E+02      30   -2853.6934118372    -2333.3896841943    -0.0000938203           0.011598
   46    1.9E+00   1.2E+02      30   -2853.6933879358    -2333.3896602929     0.0000239014           0.008006
   47    2.1E+00   2.0E+02      50   -2853.6939075613    -2333.3901799184    -0.0005196255           0.001367
   48    1.8E+00   2.3E+02      60   -2853.6939199143    -2333.3901922714    -0.0000123530           0.001553
   49    1.9E+00   2.7E+02      70   -2853.6939350245    -2333.3902073816    -0.0000151102           0.000825
   50    1.8E+00   3.1E+02      80   -2853.6939457604    -2333.3902181175    -0.0000107360           0.000815
   51    1.8E+00   3.5E+02      90   -2853.6939545283    -2333.3902268854    -0.0000087679           0.000632
   52    1.9E+00   3.9E+02     100   -2853.6939619141    -2333.3902342712    -0.0000073858           0.000592
   53    1.9E+00   4.4E+02     110   -2853.6939673173    -2333.3902396744    -0.0000054032           0.000563
   54    1.8E+00   4.8E+02     120   -2853.6939729032    -2333.3902452602    -0.0000055858           0.000455
   55    1.8E+00   5.2E+02     130   -2853.6939773525    -2333.3902497096    -0.0000044494           0.000530
   56    1.8E+00   5.5E+02     140   -2853.6939827368    -2333.3902550939    -0.0000053843           0.000419
   57    1.9E+00   6.0E+02     150   -2853.6939878027    -2333.3902601598    -0.0000050660           0.000399
   58    1.8E+00   6.4E+02     160   -2853.6939937140    -2333.3902660711    -0.0000059112           0.000368
   59    1.8E+00   6.9E+02     170   -2853.6940003415    -2333.3902726986    -0.0000066275           0.000351
   60    1.9E+00   7.3E+02     180   -2853.6940075725    -2333.3902799296    -0.0000072310           0.000310
   61    1.8E+00   7.4E+02     190   -2853.6940160490    -2333.3902884061    -0.0000084765           0.000270
   62    1.9E+00   8.0E+02     200   -2853.6940251321    -2333.3902974892    -0.0000090831           0.000287
   63    1.9E+00   8.3E+02     210   -2853.6940357862    -2333.3903081433    -0.0000106541           0.000211
   64    1.9E+00   8.7E+02     220   -2853.6940478588    -2333.3903202159    -0.0000120725           0.000232
   65    1.9E+00   9.5E+02     230   -2853.6940644301    -2333.3903367872    -0.0000165714           0.000218
   66    1.8E+00   9.9E+02     240   -2853.6940925117    -2333.3903648688    -0.0000280816           0.000170
   67    2.0E+00   1.1E+03     250   -2853.6941413873    -2333.3904137444    -0.0000488756           0.000157
   68    1.9E+00   1.1E+03     260   -2853.6941951243    -2333.3904674814    -0.0000537369           0.000178
   69    1.9E+00   1.1E+03     260   -2853.6942260232    -2333.3904983803    -0.0000308989           0.000145
   70    1.8E+00   1.1E+03     260   -2853.6942392128    -2333.3905115699    -0.0000131896           0.000101
   71    2.2E+00   1.2E+03     270   -2853.6942464627    -2333.3905188198    -0.0000072499           0.000128
   72    1.9E+00   1.2E+03     280   -2853.6942515268    -2333.3905238839    -0.0000050640           0.000111
   73    2.1E+00   1.3E+03     290   -2853.6942562599    -2333.3905286170    -0.0000047331           0.000101
   74    2.1E+00   1.3E+03     300   -2853.6942617316    -2333.3905340887    -0.0000054717           0.000076
   75    1.8E+00   1.4E+03     310   -2853.6942694500    -2333.3905418070    -0.0000077183           0.000088
   76    2.2E+00   1.4E+03     320   -2853.6942805963    -2333.3905529534    -0.0000111464           0.000084
   77    2.2E+00   1.5E+03     330   -2853.6942966756    -2333.3905690327    -0.0000160793           0.000097
   78    2.1E+00   1.5E+03     340   -2853.6943151475    -2333.3905875046    -0.0000184719           0.000074
   79    1.8E+00   1.5E+03     350   -2853.6943340476    -2333.3906064047    -0.0000189001           0.000099
   80    2.0E+00   1.5E+03     350   -2853.6943499189    -2333.3906222760    -0.0000158713           0.000086
   81    2.1E+00   1.5E+03     350   -2853.6943620110    -2333.3906343681    -0.0000120922           0.000094
   82    1.7E+00   1.5E+03     350   -2853.6943717423    -2333.3906440994    -0.0000097312           0.000097
   83    2.1E+00   1.6E+03     360   -2853.6943788468    -2333.3906512039    -0.0000071045           0.000087
   84    2.0E+00   1.6E+03     370   -2853.6943837460    -2333.3906561031    -0.0000048993           0.000086
   85    1.9E+00   1.6E+03     380   -2853.6943871666    -2333.3906595237    -0.0000034206           0.000077
   86    1.8E+00   1.6E+03     390   -2853.6943890515    -2333.3906614085    -0.0000018848           0.000072
   87    2.0E+00   1.7E+03     400   -2853.6943901021    -2333.3906624592    -0.0000010506           0.000067
   88    2.0E+00   1.7E+03     410   -2853.6943906014    -2333.3906629585    -0.0000004993           0.000065
   89    1.7E+00   2.8E+00     410   -2853.6943906536    -2333.3906630107    -0.0000000522           0.000065


  RESULTS OF THE OCCUPATION OPTIMIZATION
 ========================================

   OM     Occupation      Elag Diag

    1      1.9999872   -198.1574536
    2      1.9999729   -104.8219280
    3      1.9999657   -104.6772557
    4      1.9999643   -104.7240046
    5      1.9999345    -68.9590171
    6      1.9993491    -10.4674457
    7      1.9992917    -10.4222380
    8      1.9992684    -10.5702217
    9      1.9990543     -8.1939780
   10      1.9988163     -7.9888150
   11      1.9987954     -7.8751206
   12      1.9987625     -7.8311775
   13      1.9987414     -7.8865811
   14      1.9987199     -7.8092491
   15      1.9987143     -7.9753485
   16      1.9986978     -7.8784327
   17      1.9986652     -7.8192117
   18      1.9982908     -7.9761551
   19      1.9980758     -5.9034604
   20      1.9978787     -5.1467400
   21      1.9978707     -5.1499442
   22      1.9972682     -4.2003841
   23      1.9972531     -4.1394913
   24      1.9972409     -4.1367603
   25      1.9963020     -5.1449782
   26      1.9926665     -0.9531590
   27      1.9924161     -1.0085050
   28      1.9888328     -1.0864890
   29      1.9795676     -0.8741452
   30      1.9769774     -0.3507462
   31      1.9768783     -0.4293635
   32      1.9767767     -0.3366500
   33      1.9766083     -0.2903457
   34      1.9764442     -0.3507908
   35      1.9745313     -0.4983671
   36      1.9736323     -0.4033533
   37      1.9735800     -0.3952201
   38      1.0000000      0.0188301
   39      1.0000000     -0.0621714
   40      1.0000000     -0.0701553
   41      1.0000000     -0.1756839
   42      1.0000000     -0.1956425
   43      1.0000000     -0.0750793
   44      1.0000000     -0.0656169
   45      1.0000000      0.0121327
   46      0.0264200     -0.0419965
   47      0.0263677     -0.0392011
   48      0.0254687     -0.0348277
   49      0.0235558     -0.0295670
   50      0.0233917     -0.0278170
   51      0.0232233     -0.0285207
   52      0.0231217     -0.0284128
   53      0.0230226     -0.0287660
   54      0.0204324     -0.0458563
   55      0.0111672     -0.0276738
   56      0.0075839     -0.0300230
   57      0.0073335     -0.0302162
   58      0.0036980     -0.0590782
   59      0.0027591     -0.0226423
   60      0.0027469     -0.0220699
   61      0.0027318     -0.0294614
   62      0.0021293     -0.0360299
   63      0.0021213     -0.0359484
   64      0.0019242     -0.0193595
   65      0.0017092     -0.0280250
   66      0.0013348     -0.0197189
   67      0.0013022     -0.0189793
   68      0.0012857     -0.0215188
   69      0.0012801     -0.0213794
   70      0.0012586     -0.0198191
   71      0.0012375     -0.0197866
   72      0.0012046     -0.0204669
   73      0.0011837     -0.0204152
   74      0.0009457     -0.0241438
   75      0.0007316     -0.0153771
   76      0.0007083     -0.0158227
   77      0.0006509     -0.0153368
   78      0.0000655     -0.0073512
   79      0.0000357     -0.0048354
   80      0.0000343     -0.0046419
   81      0.0000271     -0.0037726
   82      0.0000128     -0.0033942

   RO Sum (  82) =   82.00

  ---------------
   Dipole Moment
  ---------------

      3.5895 Debye [   1.4122  (  -0.3913,  -0.9976,   0.9199) ]

 ----------------
  Final Energies  
 ----------------

  Final NOF Total Energy =    -2333.3906630107 ( 6.E-05 , 0.E+00 )


  **************************************************
  *                                                *
  *       SINGLE-POINT DoNOF CALCULATION           *
  *                                                *
  *             FULL OPTIMIZATION                  *
  *                                                *
  *  FINAL RESULTS   FINAL RESULTS  FINAL RESULTS  *
  *                                                *
  **************************************************

  **************************************************
  *         No. EXTERNAL ITER =    89              *
  *         No. of TOTAL ITER = 11630              *
  **************************************************

  Elapsed real time :  47371.13  (Seconds)

 The execution finished at  6h 18min on the  4/12/2025
