 This is the serial version of the code

 The execution started at  9h 34min on the 11/21/2024

    ===========================================================
    !                                                         !
    !                        Do N O F                         !
    !                                                         !
    !  (Donostia Natural Orbital Functional Software Program) !
    !                                                         !
    !               COPYRIGHT by Mario Piris                  !
    !                                                         !
    !      Donostia International Physics Center (DIPC)       !
    !       University of the Basque Country (UPV/EHU)        !
    !       Basque Foundation for Science (IKERBASQUE)        !
    !                                                         !
    !          GNU General Public License version 3           !
    !                                                         !
    !                  VERSION: Mayo 2024                     !
    !                                                         !
    ===========================================================

 Run Title
 ---------
 p30-5 set                                                                       

 Basis Set
 ---------
 /home/ion/p30-5/inps/def2-svp/gnof/def2-svp.bas                                 

 Atom      Charge                Coordinates (Bohr)
                           x             y             z
 HE          2.0        0.0000        0.0000        0.0000

 Atomic Basis Set
 ----------------
 The contracted primitive functions were unnormalized
 The contracted basis functions are now normalized to unity

  Shell Type  Primitive         Exponent  Contraction Coefficient

 HE        
 
      1   S       1            38.3549367    0.040183890352
      1   S       2             5.7689081    0.261391344439
      1   S       3             1.2399407    0.793039157864
 
      2   S       4             0.2975782    1.000000000000
 
      3   P       5             1.0000000    1.000000000000

 Total Number of Basis Set Shells             =    3
 Total Number of Primitives                   =    5
 Number of Cartesian Gaussian Basis Functions =    5
 Number of Electrons                          =    2
 Charge of Molecule                           =    0
 Spin Multiplicity                            =    1
 Number of Occupied Orbitals (Alpha)          =    1
 Number of Occupied Orbitals (Beta )          =    1
 Total Number of Atoms                        =    1

 Input Run Options
 -----------------
 IRUNTYP = 1  MULT = 1  ICHARG =  0 IECP = 0  IEMOM = 1  UNITS = ANGS    

 Integral Options
 ----------------
 CUTOFF = 1.0E-09   ISCHWZ = 0   ERITYP = FULL

 Input NOF Options
 -----------------

 Type of calculation =    Coeff. Opt.:   (ICOEF)         1
 Use Softmax function for Occ. Opt.:     (ISOFTMAX)      1
 Type of Orb. Opt. = Orbital Rotations:  (IORBOPT)       4
 Maximum Number of Occ-Coef Outer Iter.: (MAXIT)      1000

 Natural Orbital Functional Selected:    (IPNOF)         8
 
 Restart calculation Option:             (RESTART)       F
 Restart Gamma Matrix from GCF file:     (INPUTGAMMA)    0
 Coefficient Matrix from GCF file:       (INPUTC)        0
 Diagonal Elements FMIUG from GCF file:  (INPUTFMIUG)    0
 Cartesian Coordinates from GCF file:    (INPUTCXYZ)     0
 Orthogonalize the initial Orbitals:     (ORTHO)         T

 Output Option:                          (NPRINT)        0
 Output the Coefficient Matrix:          (IWRITEC)       0
 Do a Mulliken Population Analysis:      (IMULPOP)       0
 Write Information into a WFN file:      (IAIMPAC)       1
 Write Information into a FCHK file:     (IFCHK)         1
 Write Information into a MLP file:      (MOLDEN)        1
 Create Ini. Cond. (ini.xyz) file:       (INICOND)       1
 Calculate IPs using Ext. Koopmans Theo: (IEKT)          0
 Write APSG expansion coefficient file:  (APSG)          F
 Output option for Lagrange Multipliers: (PRINTLAG)      F
 Diagonalize matrix of Lag. Multipliers: (DIAGLAG)       F

------------------------------------------------------------------------

 Orbital Space
 -------------

 Inactive Doubly occupied orbitals up to NO1  =    0
 No. considered Strongly Doubly occupied MOs  =    1
 No. considered Strongly Singly occupied MOs  =    0
 No. of Weakly occ. per St. Doubly occ.  MOs  =    4
 Dimension of the Active Nat. Orb. subspace   =    5
 Secondary Empty orbitals                     =    0

 1e- integrals
 -------------
 Time to do integrals =      0.00
 Guess for MOs = HCORE
         0 MOs were matched and         0 equalized to zero

 2e- integrals
 -------------
 DONTW option skips storage 2e- integrals on Unit 1
                  33 2e- integrals in     1 records
 Time to do integrals =      0.00

 Input for Coefficients is HCORE


  RESULTS OF OCCUPATION-COEFFICIENT OPTIMIZATION
 ================================================

  Ex It  Occ Time  Orb Time  Orb It   Electronic Energy     Total Energy   Energy Convergency    Max Mul-Lag Diff

    1    6.2E-04   6.1E-04      10      -2.8564287144       -2.8564287144    -0.0877894688           0.179437
    2    4.9E-04   4.7E-04      10      -2.8857715666       -2.8857715666    -0.0293428522           0.034640
    3    4.6E-04   4.5E-04      10      -2.8869236306       -2.8869236306    -0.0011520639           0.002548
    4    4.6E-04   4.6E-04      10      -2.8869310189       -2.8869310189    -0.0000073883           0.000238
    5    4.3E-04   8.5E-04      20      -2.8869310559       -2.8869310559    -0.0000000370           0.000157
    6    3.9E-04   1.2E-03      30      -2.8869310725       -2.8869310725    -0.0000000167           0.000081


  RESULTS OF THE OCCUPATION OPTIMIZATION
 ========================================

   OM     Occupation      Elag Diag

    1      1.9845110     -0.9399678
    2      0.0083227     -0.0116320
    3      0.0023888     -0.0038927
    4      0.0023888     -0.0038927
    5      0.0023888     -0.0038927

   RO Sum (   2) =    2.00

  ---------------
   Dipole Moment
  ---------------

      0.0000 Debye [   0.0000  (   0.0000,   0.0000,   0.0000) ]

 ----------------
  Final Energies  
 ----------------

  Final NOF Total Energy =       -2.8869310725 ( 8.E-05 , 0.E+00 )


  **************************************************
  *                                                *
  *       SINGLE-POINT DoNOF CALCULATION           *
  *                                                *
  *             FULL OPTIMIZATION                  *
  *                                                *
  *  FINAL RESULTS   FINAL RESULTS  FINAL RESULTS  *
  *                                                *
  **************************************************

  **************************************************
  *         No. EXTERNAL ITER =     6              *
  *         No. of TOTAL ITER =    90              *
  **************************************************

  Elapsed real time :      0.01  (Seconds)

 The execution finished at  9h 34min on the 11/21/2024
