 This is the serial version of the code

 The execution started at 10h 43min on the 11/21/2024

    ===========================================================
    !                                                         !
    !                        Do N O F                         !
    !                                                         !
    !  (Donostia Natural Orbital Functional Software Program) !
    !                                                         !
    !               COPYRIGHT by Mario Piris                  !
    !                                                         !
    !      Donostia International Physics Center (DIPC)       !
    !       University of the Basque Country (UPV/EHU)        !
    !       Basque Foundation for Science (IKERBASQUE)        !
    !                                                         !
    !          GNU General Public License version 3           !
    !                                                         !
    !                  VERSION: Mayo 2024                     !
    !                                                         !
    ===========================================================

 Run Title
 ---------
 p30-5 set                                                                       

 Basis Set
 ---------
 /home/ion/p30-5/inps/def2-svp/gnof/from-pnof5/temp_n/def2-svp.bas               

 Atom      Charge                Coordinates (Bohr)
                           x             y             z
 N           7.0        0.0000        0.0000        0.0000

 Atomic Basis Set
 ----------------
 The contracted primitive functions were unnormalized
 The contracted basis functions are now normalized to unity

  Shell Type  Primitive         Exponent  Contraction Coefficient

 N         
 
      1   S       1          1712.8415853   -0.005447799580
      1   S       2           257.6481268   -0.040627174632
      1   S       3            58.4582459   -0.181119622506
      1   S       4            16.1983679   -0.468439755632
      1   S       5             5.0052601   -0.446168462892
 
      2   S       6             0.5873186    1.000000000000
 
      3   S       7             0.1876459    1.000000000000
 
      4   P       8            13.5714702   -0.058848116970
      4   P       9             2.9257373   -0.320246247625
      4   P      10             0.7992775   -0.753282265204
 
      5   P      11             0.2195435    1.000000000000
 
      6   D      12             1.0000000    1.000000000000

 Total Number of Basis Set Shells             =    6
 Total Number of Primitives                   =   12
 Number of Cartesian Gaussian Basis Functions =   15
 Number of Electrons                          =    7
 Charge of Molecule                           =    0
 Spin Multiplicity                            =    4
 Number of Occupied Orbitals (Alpha)          =    5
 Number of Occupied Orbitals (Beta )          =    2
 Total Number of Atoms                        =    1

 Input Run Options
 -----------------
 IRUNTYP = 1  MULT = 4  ICHARG =  0 IECP = 0  IEMOM = 1  UNITS = ANGS    

 Integral Options
 ----------------
 CUTOFF = 1.0E-09   ISCHWZ = 0   ERITYP = FULL

 Input NOF Options
 -----------------

 Type of calculation =    Coeff. Opt.:   (ICOEF)         1
 Use Softmax function for Occ. Opt.:     (ISOFTMAX)      1
 Type of Orb. Opt. = Orbital Rotations:  (IORBOPT)       4
 Maximum Number of Occ-Coef Outer Iter.: (MAXIT)      1000

 Natural Orbital Functional Selected:    (IPNOF)         8
 Spin-Multiplet, High-Spin State Option: (HighSpin)      F
 
 Restart calculation Option:             (RESTART)       T
 Orthogonalize the initial Orbitals:     (ORTHO)         T

 Output Option:                          (NPRINT)        0
 Output the Coefficient Matrix:          (IWRITEC)       0
 Do a Mulliken Population Analysis:      (IMULPOP)       0
 Write Information into a WFN file:      (IAIMPAC)       1
 Write Information into a FCHK file:     (IFCHK)         1
 Write Information into a MLP file:      (MOLDEN)        1
 Create Ini. Cond. (ini.xyz) file:       (INICOND)       1
 Calculate IPs using Ext. Koopmans Theo: (IEKT)          0
 Write APSG expansion coefficient file:  (APSG)          F
 Output option for Lagrange Multipliers: (PRINTLAG)      F
 Diagonalize matrix of Lag. Multipliers: (DIAGLAG)       F

 Nuclear Coordinates from GCF file:
 ----------------------------------

 Atom      Charge                Coordinates (Bohr)
                           x             y             z
 N        7.00000        0.0000        0.0000        0.0000

------------------------------------------------------------------------

 Orbital Space
 -------------

 Inactive Doubly occupied orbitals up to NO1  =    0
 No. considered Strongly Doubly occupied MOs  =    2
 No. considered Strongly Singly occupied MOs  =    3
 No. of Weakly occ. per St. Doubly occ.  MOs  =    5
 Dimension of the Active Nat. Orb. subspace   =   12
 Secondary Empty orbitals                     =    0

 1e- integrals
 -------------
 Time to do integrals =      0.00

 2e- integrals
 -------------
 DONTW option skips storage 2e- integrals on Unit 1
                1188 2e- integrals in     1 records
 Time to do integrals =      0.10

 No violations of the orthonormality


  RESULTS OF OCCUPATION-COEFFICIENT OPTIMIZATION
 ================================================

  Ex It  Occ Time  Orb Time  Orb It   Electronic Energy     Total Energy   Energy Convergency    Max Mul-Lag Diff

    1    1.8E-01   1.6E-01      10     -54.4075239362      -54.4075239362    -0.0033274729           0.018892
    2    7.9E-02   8.6E-02      10     -54.4098749197      -54.4098749197    -0.0023509835           0.010690
    3    2.3E-02   2.8E-02      10     -54.4111935263      -54.4111935263    -0.0013186065           0.013760
    4    2.5E-02   3.3E-02      10     -54.4122991700      -54.4122991700    -0.0011056438           0.012262
    5    9.1E-03   2.4E-02      10     -54.4131665138      -54.4131665138    -0.0008673437           0.010922
    6    8.6E-03   3.2E-02      10     -54.4139747848      -54.4139747848    -0.0008082710           0.014362
    7    8.1E-03   2.3E-02      10     -54.4147907187      -54.4147907187    -0.0008159339           0.010859
    8    1.1E-02   1.3E-02      10     -54.4154576678      -54.4154576678    -0.0006669491           0.015721
    9    9.9E-03   4.0E-02      10     -54.4160341130      -54.4160341130    -0.0005764452           0.010099
   10    3.8E-03   3.9E-02      10     -54.4164331676      -54.4164331676    -0.0003990546           0.014789
   11    9.5E-03   2.3E-02      10     -54.4166302818      -54.4166302818    -0.0001971143           0.012589
   12    3.8E-03   2.3E-02      10     -54.4167054854      -54.4167054854    -0.0000752036           0.014566
   13    9.5E-03   1.6E-02      10     -54.4167345413      -54.4167345413    -0.0000290559           0.013203
   14    9.7E-03   3.8E-02      20     -54.4168734202      -54.4168734202    -0.0001388789           0.003965
   15    2.2E-02   8.7E-02      30     -54.4168841006      -54.4168841006    -0.0000106804           0.000879
   16    7.6E-03   7.8E-02      40     -54.4168849694      -54.4168849694    -0.0000008688           0.000184
   17    3.2E-03   1.4E-01      50     -54.4168850765      -54.4168850765    -0.0000001071           0.000026


  RESULTS OF THE OCCUPATION OPTIMIZATION
 ========================================

   OM     Occupation      Elag Diag

    1      1.9997167    -15.6595200
    2      1.9726781     -0.9459557
    3      1.0000000     -0.2973741
    4      1.0000000     -0.2982302
    5      1.0000000     -0.2979010
    6      0.0087191     -0.0162906
    7      0.0000594     -0.0009705
    8      0.0053980     -0.0060634
    9      0.0000594     -0.0009701
   10      0.0054374     -0.0061143
   11      0.0000594     -0.0009706
   12      0.0054531     -0.0061300
   13      0.0000595     -0.0009711
   14      0.0023142     -0.0040034
   15      0.0000456     -0.0007728

   RO Sum (   7) =    7.00

  ---------------
   Dipole Moment
  ---------------

      0.0001 Debye [   0.0000  (   0.0000,   0.0000,   0.0000) ]

 ----------------
  Final Energies  
 ----------------

  Final NOF Total Energy =      -54.4168850765 ( 3.E-05 , 0.E+00 )


  **************************************************
  *                                                *
  *       SINGLE-POINT DoNOF CALCULATION           *
  *                                                *
  *             FULL OPTIMIZATION                  *
  *                                                *
  *  FINAL RESULTS   FINAL RESULTS  FINAL RESULTS  *
  *                                                *
  **************************************************

  **************************************************
  *         No. EXTERNAL ITER =    17              *
  *         No. of TOTAL ITER =   270              *
  **************************************************

  Elapsed real time :      1.42  (Seconds)

 The execution finished at 10h 43min on the 11/21/2024
