 This is the parallel version of the code
 This is the parallel version of the code
 This is the parallel version of the code
 This is the parallel version of the code
 This is the parallel version of the code
 This is the parallel version of the code
 This is the parallel version of the code
 This is the parallel version of the code
Master:    0

 The execution started at 17h  8min on the  3/ 6/2025

    ===========================================================
    !                                                         !
    !                        Do N O F                         !
    !                                                         !
    !  (Donostia Natural Orbital Functional Software Program) !
    !                                                         !
    !               COPYRIGHT by Mario Piris                  !
    !                                                         !
    !      Donostia International Physics Center (DIPC)       !
    !       University of the Basque Country (UPV/EHU)        !
    !       Basque Foundation for Science (IKERBASQUE)        !
    !                                                         !
    !          GNU General Public License version 3           !
    !                                                         !
    !                  VERSION: Mayo 2024                     !
    !                                                         !
    ===========================================================

 Run Title
 ---------
 p30-5 set                                                                       

 Basis Set
 ---------
 /beegfs_agamede/gscratch/povmieci/SCRATCH/105341/def2-qzvp.bas                  

 Atom      Charge                Coordinates (Bohr)
                           x             y             z
 O           8.0        0.0000        0.0000        0.7278
 H           1.0       -1.5365        0.0000       -0.3639
 H           1.0        1.5365        0.0000       -0.3639

 Atomic Basis Set
 ----------------
 The contracted primitive functions were unnormalized
 The contracted basis functions are now normalized to unity

  Shell Type  Primitive         Exponent  Contraction Coefficient

 O         

      1   S       1        116506.4690800    0.000071987576
      1   S       2         17504.3497240    0.000557148772
      1   S       3          3993.4513230    0.002913003168
      1   S       4          1133.0063186    0.012172051077
      1   S       5           369.9956959    0.043003761827
      1   S       6           133.6207435    0.129647623897
      1   S       7            52.0356436    0.319696085629
      1   S       8            21.4619393    0.589314587967

      2   S       9            89.8350513    0.094848052763
      2   S      10            26.4280108    0.925363787917

      3   S      11             9.2822825    1.000000000000

      4   S      12             4.0947729    1.000000000000

      5   S      13             1.3255349    1.000000000000

      6   S      14             0.5187723    1.000000000000

      7   S      15             0.1977268    1.000000000000

      8   P      16           191.1525581    0.002535957414
      8   P      17            45.2333567    0.020233824294
      8   P      18            14.3534659    0.094518019998
      8   P      19             5.2422372    0.309154328074
      8   P      20             2.0792419    0.684689495338

      9   P      21             0.8428237    1.000000000000

     10   P      22             0.3361769    1.000000000000

     11   P      23             0.1286400    1.000000000000

     12   D      24             3.7750000    1.000000000000

     13   D      25             1.3000000    1.000000000000

     14   D      26             0.4440000    1.000000000000

     15   F      27             2.6660000    1.000000000000

     16   F      28             0.8590000    1.000000000000

     17   G      29             1.8460000    1.000000000000

 H         

     18   S      30           190.6916900    0.005342636962
     18   S      31            28.6055320    0.041252338243
     18   S      32             6.5095943    0.210993525698
     18   S      33             1.8412455    0.812128545862

     19   S      34             0.5985373    1.000000000000

     20   S      35             0.2139762    1.000000000000

     21   S      36             0.0803163    1.000000000000

     22   P      37             2.2920000    1.000000000000

     23   P      38             0.8380000    1.000000000000

     24   P      39             0.2920000    1.000000000000

     25   D      40             2.0620000    1.000000000000

     26   D      41             0.6620000    1.000000000000

     27   F      42             1.3970000    1.000000000000

 H         

     28   S      43           190.6916900    0.005342636962
     28   S      44            28.6055320    0.041252338243
     28   S      45             6.5095943    0.210993525698
     28   S      46             1.8412455    0.812128545862

     29   S      47             0.5985373    1.000000000000

     30   S      48             0.2139762    1.000000000000

     31   S      49             0.0803163    1.000000000000

     32   P      50             2.2920000    1.000000000000

     33   P      51             0.8380000    1.000000000000

     34   P      52             0.2920000    1.000000000000

     35   D      53             2.0620000    1.000000000000

     36   D      54             0.6620000    1.000000000000

     37   F      55             1.3970000    1.000000000000

 Total Number of Basis Set Shells             =   37
 Total Number of Primitives                   =   55
 Number of Cartesian Gaussian Basis Functions =  142
 Number of Electrons                          =    9
 Charge of Molecule                           =    1
 Spin Multiplicity                            =    2
 Number of Occupied Orbitals (Alpha)          =    5
 Number of Occupied Orbitals (Beta )          =    4
 Total Number of Atoms                        =    3

 Input Run Options
 -----------------
 IRUNTYP = 1  MULT = 2  ICHARG =  1 IECP = 0  IEMOM = 1  UNITS = ANGS    

 Integral Options
 ----------------
 CUTOFF = 1.0E-09   ISCHWZ = 0   ERITYP = FULL

 Input NOF Options
 -----------------

 Type of calculation =    Coeff. Opt.:   (ICOEF)         1
 Trigonometric functions for Occ. Opt.:  (ISOFTMAX)      0
 Type of Orb. Opt. = Orbital Rotations:  (IORBOPT)       4
 Maximum Number of Occ-Coef Outer Iter.: (MAXIT)      1000

 Natural Orbital Functional Selected:    (IPNOF)         8
 Spin-Multiplet, High-Spin State Option: (HighSpin)      F

 Restart calculation Option:             (RESTART)       F
 Restart Gamma Matrix from GCF file:     (INPUTGAMMA)    0
 Coefficient Matrix from GCF file:       (INPUTC)        0
 Diagonal Elements FMIUG from GCF file:  (INPUTFMIUG)    0
 Cartesian Coordinates from GCF file:    (INPUTCXYZ)     0

 Hartree-Fock Calc. using ID Method:     (HFID)          T
 Threshold Energy Convergence=10**(-N):  (NTHRESHEID)    8
 Max. Number of External Iterations:     (MAXITID)      30
 Ion. Potentials by Koopmans Theorem:    (KOOPMANS)      0
 Orthogonalize the initial Orbitals:     (ORTHO)         T

 Output Option:                          (NPRINT)        0
 Output the Coefficient Matrix:          (IWRITEC)       0
 Do a Mulliken Population Analysis:      (IMULPOP)       0
 Write Information into a WFN file:      (IAIMPAC)       1
 Write Information into a FCHK file:     (IFCHK)         1
 Write Information into a MLP file:      (MOLDEN)        1
 Create Ini. Cond. (ini.xyz) file:       (INICOND)       1
 Calculate IPs using Ext. Koopmans Theo: (IEKT)          0
 Write APSG expansion coefficient file:  (APSG)          F
 Output option for Lagrange Multipliers: (PRINTLAG)      F
 Diagonalize matrix of Lag. Multipliers: (DIAGLAG)       F

------------------------------------------------------------------------

 Orbital Space
 -------------

 Inactive Doubly occupied orbitals up to NO1  =    0
 No. considered Strongly Doubly occupied MOs  =    4
 No. considered Strongly Singly occupied MOs  =    1
 No. of Weakly occ. per St. Doubly occ.  MOs  =   34
 Dimension of the Active Nat. Orb. subspace   =  140
 Secondary Empty orbitals                     =    1

 1e- integrals
 -------------
 Time to do integrals =      0.00
 Guess for MOs = HCORE
      2811 MOs were matched and      2800 equalized to zero

 Orthonormality violations:       9, Maximum Violation:  0.000003
 Orthogonalize the orbitals

 No violations of the orthonormality

 2e- integrals
 -------------
 DONTW option skips storage 2e- integrals on Unit 1
            24042391 2e- integrals in     1 records
 Time to do integrals =      0.86

 Distribution Full ERIs:

 Integrals:                          24042391
 Max size per slaves:                 3005300
 Max size in master:                 27047691


  HARTREE-FOCK 
 ==============

  ITER     ELECTRONIC ENERGY      TOTAL ENERGY   ENERGY CONVERGENCY    MAX MUL-LAG DIFF

    2.          137.242449         146.056619       186.49762180          48.089242
    3.           74.913701          83.727871       -62.32874795          39.917331
    4.          -61.035624         -52.221454      -135.94932530           4.784814
    5.          -71.452851         -62.638681       -10.41722673           1.687643
    6.          -76.063968         -67.249798        -4.61111735           1.233285
    7.          -78.689531         -69.875362        -2.62556332           0.775818
    8.          -80.267252         -71.453082        -1.57772088           0.537349
    9.          -81.237799         -72.423629        -0.97054624           0.589600
   10.          -81.891900         -73.077730        -0.65410162           0.329067
   11.          -82.315563         -73.501393        -0.42366284           0.301454
   12.          -82.737523         -73.923354        -0.42196045           0.267872
   13.          -83.050173         -74.236003        -0.31264911           0.226232
   14.          -83.286024         -74.471854        -0.23585110           0.187325
   15.          -83.473692         -74.659522        -0.18766791           0.162197
   16.          -83.622647         -74.808478        -0.14895590           0.144057
   17.          -83.743979         -74.929809        -0.12133132           0.127048
   18.          -83.836141         -75.021971        -0.09216207           0.116504
   19.          -83.910376         -75.096206        -0.07423482           0.100730
   20.          -83.971096         -75.156926        -0.06072057           0.089768
   21.          -84.018631         -75.204461        -0.04753482           0.082616
   22.          -84.056710         -75.242541        -0.03807937           0.080690
   23.          -84.087909         -75.273739        -0.03119845           0.077929
   24.          -84.116882         -75.302712        -0.02897316           0.085532
   25.          -84.139273         -75.325104        -0.02239132           0.074499
   26.          -84.159308         -75.345138        -0.02003467           0.092201
   27.          -84.175171         -75.361001        -0.01586263           0.071092
   28.          -84.188555         -75.374385        -0.01338393           0.070569
   29.          -84.200429         -75.386259        -0.01187453           0.070640
   30.          -84.210766         -75.396596        -0.01033659           0.067448


  RESULTS OF OCCUPATION-COEFFICIENT OPTIMIZATION
 ================================================

  Ex It  Occ Time  Orb Time  Orb It   Electronic Energy     Total Energy   Energy Convergency    Max Mul-Lag Diff

    1    9.7E+00   8.0E+00      10     -84.2904969730      -75.4763271646    -0.0439376440           1.239271
    2    8.8E+00   7.9E+00      10     -84.3558432096      -75.5416734011    -0.0653462366           0.644896
    3    8.7E+00   7.9E+00      10     -84.1233316001      -75.3091617917     0.2325116095           0.671611
    4    8.7E+00   1.5E+01      20     -84.5218105208      -75.7076407124    -0.3984789207           0.051595
    5    7.9E+00   1.5E+01      20     -84.5569572270      -75.7427874186    -0.0351467062           0.040864
    6    8.1E+00   1.5E+01      20     -84.5741427285      -75.7599729200    -0.0171855014           0.040351
    7    7.9E+00   1.4E+01      20     -84.5891436131      -75.7749738047    -0.0150008847           0.039187
    8    8.2E+00   1.5E+01      20     -84.6031011104      -75.7889313019    -0.0139574972           0.037274
    9    8.4E+00   1.5E+01      20     -84.6162288457      -75.8020590373    -0.0131277353           0.034275
   10    7.9E+00   1.5E+01      20     -84.6283245222      -75.8141547138    -0.0120956765           0.030493
   11    7.8E+00   1.5E+01      20     -84.6392475252      -75.8250777168    -0.0109230031           0.025894
   12    7.6E+00   1.4E+01      20     -84.6487674670      -75.8345976586    -0.0095199417           0.024889
   13    7.8E+00   1.5E+01      20     -84.6569759972      -75.8428061888    -0.0082085303           0.026299
   14    8.0E+00   1.5E+01      20     -84.6639644796      -75.8497946712    -0.0069884824           0.024943
   15    7.9E+00   1.4E+01      20     -84.6700078469      -75.8558380385    -0.0060433673           0.024665
   16    7.6E+00   1.5E+01      20     -84.6753344993      -75.8611646908    -0.0053266524           0.024039
   17    7.6E+00   1.5E+01      20     -84.6802455644      -75.8660757560    -0.0049110652           0.028593
   18    7.8E+00   1.5E+01      20     -84.6849331032      -75.8707632948    -0.0046875388           0.021794
   19    8.0E+00   1.4E+01      20     -84.6893542412      -75.8751844328    -0.0044211379           0.022817
   20    7.8E+00   1.5E+01      20     -84.6935009292      -75.8793311208    -0.0041466880           0.027436
   21    8.0E+00   1.5E+01      20     -84.6974146189      -75.8832448105    -0.0039136897           0.026111
   22    7.9E+00   1.5E+01      20     -84.7011363603      -75.8869665519    -0.0037217414           0.025719
   23    8.1E+00   1.5E+01      20     -84.7047174152      -75.8905476068    -0.0035810549           0.021763
   24    7.9E+00   1.5E+01      20     -84.7080060588      -75.8938362504    -0.0032886436           0.023363
   25    7.8E+00   1.4E+01      20     -84.7110433815      -75.8968735731    -0.0030373227           0.019118
   26    7.9E+00   1.5E+01      20     -84.7137986304      -75.8996288219    -0.0027552488           0.021342
   27    7.8E+00   1.5E+01      20     -84.7162548392      -75.9020850307    -0.0024562088           0.022528
   28    7.5E+00   1.5E+01      20     -84.7183526294      -75.9041828210    -0.0020977902           0.017581
   29    7.8E+00   1.5E+01      20     -84.7201255666      -75.9059557582    -0.0017729372           0.022325
   30    7.9E+00   1.5E+01      20     -84.7215206812      -75.9073508727    -0.0013951145           0.014897
   31    7.7E+00   1.5E+01      20     -84.7226313219      -75.9084615134    -0.0011106407           0.021153
   32    7.8E+00   1.5E+01      20     -84.7235532929      -75.9093834845    -0.0009219710           0.019092
   33    7.4E+00   1.5E+01      20     -84.7243318125      -75.9101620041    -0.0007785196           0.020130
   34    7.8E+00   1.5E+01      20     -84.7250222898      -75.9108524814    -0.0006904773           0.015401
   35    7.8E+00   1.5E+01      20     -84.7256239591      -75.9114541507    -0.0006016693           0.016151
   36    7.4E+00   1.5E+01      20     -84.7261679041      -75.9119980957    -0.0005439450           0.018689
   37    7.8E+00   1.5E+01      20     -84.7266984211      -75.9125286126    -0.0005305170           0.018692
   38    7.7E+00   1.5E+01      20     -84.7271548214      -75.9129850130    -0.0004564003           0.016710
   39    7.7E+00   1.5E+01      20     -84.7275875293      -75.9134177209    -0.0004327079           0.020425
   40    7.5E+00   1.5E+01      20     -84.7280009412      -75.9138311328    -0.0004134119           0.021172
   41    7.7E+00   1.5E+01      20     -84.7283974435      -75.9142276351    -0.0003965023           0.022240
   42    7.3E+00   1.5E+01      20     -84.7287643982      -75.9145945898    -0.0003669547           0.026831
   43    7.9E+00   1.5E+01      20     -84.7291124873      -75.9149426789    -0.0003480892           0.018465
   44    7.6E+00   1.4E+01      20     -84.7294137762      -75.9152439678    -0.0003012888           0.021548
   45    7.2E+00   1.4E+01      20     -84.7296954046      -75.9155255962    -0.0002816285           0.021147
   46    7.5E+00   1.4E+01      20     -84.7299453835      -75.9157755751    -0.0002499788           0.018313
   47    7.4E+00   1.4E+01      20     -84.7301884539      -75.9160186455    -0.0002430704           0.024786
   48    7.3E+00   1.5E+01      20     -84.7304250917      -75.9162552832    -0.0002366378           0.018438
   49    7.3E+00   1.5E+01      20     -84.7306690055      -75.9164991971    -0.0002439138           0.021699
   50    7.2E+00   1.5E+01      20     -84.7309200070      -75.9167501986    -0.0002510015           0.019948
   51    7.2E+00   1.4E+01      20     -84.7311859906      -75.9170161822    -0.0002659836           0.023369
   52    7.1E+00   1.4E+01      20     -84.7314338774      -75.9172640689    -0.0002478868           0.020964
   53    7.4E+00   1.5E+01      20     -84.7317097415      -75.9175399330    -0.0002758641           0.021991
   54    7.4E+00   1.4E+01      20     -84.7319765485      -75.9178067401    -0.0002668071           0.020751
   55    7.4E+00   1.5E+01      20     -84.7322478915      -75.9180780831    -0.0002713430           0.019029
   56    7.7E+00   1.5E+01      20     -84.7325088127      -75.9183390043    -0.0002609212           0.025112
   57    7.6E+00   1.5E+01      20     -84.7327827829      -75.9186129745    -0.0002739702           0.021253
   58    7.6E+00   1.5E+01      20     -84.7330652920      -75.9188954835    -0.0002825091           0.013246
   59    7.7E+00   1.5E+01      20     -84.7332888054      -75.9191189970    -0.0002235135           0.021680
   60    7.6E+00   1.5E+01      20     -84.7335480194      -75.9193782109    -0.0002592139           0.021092
   61    7.4E+00   1.5E+01      20     -84.7337658101      -75.9195960017    -0.0002177907           0.020819
   62    7.4E+00   1.5E+01      20     -84.7340078514      -75.9198380430    -0.0002420413           0.020681
   63    7.4E+00   1.5E+01      20     -84.7342081414      -75.9200383329    -0.0002002899           0.020960
   64    7.6E+00   1.5E+01      20     -84.7344422013      -75.9202723929    -0.0002340599           0.020751
   65    7.8E+00   1.5E+01      20     -84.7346316179      -75.9204618095    -0.0001894166           0.019699
   66    7.3E+00   1.5E+01      20     -84.7348249456      -75.9206551371    -0.0001933277           0.019637
   67    7.6E+00   1.5E+01      20     -84.7350023204      -75.9208325120    -0.0001773749           0.020362
   68    7.7E+00   1.5E+01      20     -84.7351860419      -75.9210162335    -0.0001837215           0.018685
   69    7.3E+00   1.5E+01      20     -84.7353744166      -75.9212046082    -0.0001883746           0.021430
   70    7.7E+00   1.5E+01      20     -84.7355593974      -75.9213895890    -0.0001849808           0.017890
   71    7.4E+00   1.5E+01      20     -84.7357185637      -75.9215487553    -0.0001591663           0.021862
   72    7.4E+00   1.5E+01      20     -84.7358782790      -75.9217084706    -0.0001597153           0.023527
   73    7.2E+00   1.5E+01      20     -84.7360352518      -75.9218654433    -0.0001569728           0.017812
   74    7.7E+00   1.5E+01      20     -84.7361695763      -75.9219997679    -0.0001343246           0.023023
   75    7.5E+00   1.4E+01      20     -84.7362856154      -75.9221158069    -0.0001160391           0.023455
   76    7.4E+00   1.5E+01      20     -84.7363996679      -75.9222298595    -0.0001140526           0.015895
   77    7.3E+00   1.5E+01      20     -84.7364772066      -75.9223073981    -0.0000775386           0.022694
   78    7.6E+00   1.5E+01      20     -84.7365531142      -75.9223833057    -0.0000759076           0.023187
   79    7.7E+00   1.5E+01      20     -84.7366108924      -75.9224410840    -0.0000577783           0.020678
   80    7.2E+00   1.4E+01      20     -84.7366675497      -75.9224977412    -0.0000566573           0.022503
   81    7.2E+00   2.1E+01      30     -84.7368612192      -75.9226914107    -0.0001936695           0.004321
   82    7.1E+00   2.1E+01      30     -84.7369349470      -75.9227651386    -0.0000737279           0.005201
   83    7.3E+00   2.1E+01      30     -84.7369955568      -75.9228257484    -0.0000606098           0.005170
   84    7.2E+00   2.1E+01      30     -84.7370446083      -75.9228747999    -0.0000490515           0.005278
   85    7.2E+00   2.1E+01      30     -84.7370890523      -75.9229192439    -0.0000444439           0.004602
   86    7.1E+00   2.1E+01      30     -84.7371258317      -75.9229560233    -0.0000367794           0.004812
   87    7.2E+00   2.1E+01      30     -84.7371568213      -75.9229870129    -0.0000309896           0.005152
   88    7.6E+00   2.1E+01      30     -84.7371786010      -75.9230087926    -0.0000217797           0.004922
   89    7.5E+00   2.1E+01      30     -84.7371953448      -75.9230255364    -0.0000167438           0.005058
   90    7.7E+00   2.1E+01      30     -84.7372236281      -75.9230538197    -0.0000282833           0.004714
   91    7.4E+00   2.1E+01      30     -84.7372453415      -75.9230755331    -0.0000217134           0.004748
   92    7.1E+00   2.8E+01      40     -84.7372792095      -75.9231094011    -0.0000338680           0.001131
   93    7.5E+00   2.8E+01      40     -84.7372863333      -75.9231165249    -0.0000071238           0.003196
   94    7.3E+00   3.5E+01      50     -84.7373227622      -75.9231529537    -0.0000364288           0.001777
   95    7.3E+00   3.5E+01      50     -84.7373183158      -75.9231485074     0.0000044463           0.003779
   96    7.7E+00   4.1E+01      60     -84.7373602679      -75.9231904594    -0.0000419520           0.000205
   97    7.6E+00   4.8E+01      70     -84.7373687089      -75.9231989004    -0.0000084410           0.000393
   98    7.6E+00   5.5E+01      80     -84.7373779223      -75.9232081139    -0.0000092135           0.000351
   99    7.2E+00   6.1E+01      90     -84.7373881109      -75.9232183025    -0.0000101885           0.000292
  100    7.7E+00   6.7E+01     100     -84.7373994342      -75.9232296258    -0.0000113233           0.000238
  101    7.3E+00   7.4E+01     110     -84.7374112917      -75.9232414832    -0.0000118575           0.000235
  102    7.1E+00   7.4E+01     110     -84.7374225087      -75.9232527003    -0.0000112170           0.000243
  103    7.6E+00   8.2E+01     120     -84.7374367197      -75.9232669113    -0.0000142110           0.000131
  104    7.4E+00   8.8E+01     130     -84.7374463805      -75.9232765721    -0.0000096608           0.000140
  105    7.4E+00   8.8E+01     130     -84.7374598838      -75.9232900753    -0.0000135032           0.000104
  106    7.6E+00   9.5E+01     140     -84.7374699558      -75.9233001474    -0.0000100721           0.000138
  107    7.5E+00   9.4E+01     140     -84.7374841981      -75.9233143897    -0.0000142422           0.000094
  108    7.1E+00   9.4E+01     140     -84.7374976431      -75.9233278347    -0.0000134450           0.000128
  109    7.2E+00   9.3E+01     140     -84.7375175165      -75.9233477081    -0.0000198734           0.000109
  110    7.1E+00   9.5E+01     140     -84.7375369538      -75.9233671453    -0.0000194373           0.000117
  111    7.5E+00   9.5E+01     140     -84.7375634816      -75.9233936732    -0.0000265279           0.000069
  112    7.5E+00   9.5E+01     140     -84.7375888810      -75.9234190726    -0.0000253994           0.000112
  113    7.6E+00   9.4E+01     140     -84.7376158627      -75.9234460543    -0.0000269817           0.000055
  114    7.5E+00   9.5E+01     140     -84.7376449838      -75.9234751754    -0.0000291211           0.000122
  115    7.4E+00   1.0E+02     150     -84.7376702202      -75.9235004118    -0.0000252364           0.000046
  116    7.4E+00   1.1E+02     160     -84.7376945906      -75.9235247822    -0.0000243704           0.000071
  117    7.2E+00   1.1E+02     170     -84.7377144090      -75.9235446006    -0.0000198184           0.000057
  118    7.5E+00   1.2E+02     180     -84.7377303778      -75.9235605694    -0.0000159688           0.000081
  119    7.5E+00   6.6E-01     180     -84.7377304224      -75.9235606140    -0.0000000446           0.000081


  RESULTS OF THE OCCUPATION OPTIMIZATION
 ========================================

   OM     Occupation      Elag Diag

    1      1.9999822    -21.1384013
    2      1.9839078     -1.6739729
    3      1.9734375     -1.2154690
    4      1.9719968     -1.2343259
    5      1.0000000     -0.5804325
    6      0.0000009     -0.0000050
    7      0.0000006     -0.0000040
    8      0.0000068     -0.0000479
    9      0.0000001     -0.0000002
   10      0.0000011     -0.0000065
   11      0.0000009     -0.0000057
   12      0.0000080     -0.0000458
   13      0.0000001     -0.0000004
   14      0.0000018     -0.0000131
   15      0.0000003     -0.0000014
   16      0.0000118     -0.0000668
   17      0.0000001     -0.0000004
   18      0.0000023     -0.0000219
   19      0.0000005     -0.0000027
   20      0.0000166     -0.0000992
   21      0.0000001     -0.0000002
   22      0.0000013     -0.0000083
   23      0.0000017     -0.0000144
   24      0.0000126     -0.0000713
   25      0.0000001     -0.0000002
   26      0.0000016     -0.0000121
   27      0.0000022     -0.0000202
   28      0.0000288     -0.0001808
   29      0.0000002     -0.0000005
   30      0.0000014     -0.0000103
   31      0.0000016     -0.0000110
   32      0.0000134     -0.0000751
   33      0.0000001     -0.0000008
   34      0.0000026     -0.0000218
   35      0.0000003     -0.0000006
   36      0.0000226     -0.0001492
   37      0.0000001     -0.0000004
   38      0.0000015     -0.0000143
   39      0.0000006     -0.0000036
   40      0.0000281     -0.0001614
   41      0.0000001     -0.0000005
   42      0.0000038     -0.0000207
   43      0.0000011     -0.0000075
   44      0.0000464     -0.0002324
   45      0.0000003     -0.0000025
   46      0.0000252     -0.0001685
   47      0.0000010     -0.0000073
   48      0.0000198     -0.0001262
   49      0.0000001     -0.0000001
   50      0.0000062     -0.0000426
   51      0.0000028     -0.0000197
   52      0.0000772     -0.0004112
   53      0.0000002     -0.0000020
   54      0.0000007     -0.0000045
   55      0.0000055     -0.0000433
   56      0.0000371     -0.0001954
   57      0.0000002     -0.0000012
   58      0.0000021     -0.0000196
   59      0.0000020     -0.0000163
   60      0.0000154     -0.0000816
   61      0.0000002     -0.0000006
   62      0.0000054     -0.0000382
   63      0.0000008     -0.0000053
   64      0.0000329     -0.0002172
   65      0.0000001     -0.0000002
   66      0.0000019     -0.0000146
   67      0.0000007     -0.0000045
   68      0.0000185     -0.0001192
   69      0.0000003     -0.0000036
   70      0.0000008     -0.0000051
   71      0.0000011     -0.0000077
   72      0.0000686     -0.0002919
   73      0.0000003     -0.0000025
   74      0.0000072     -0.0000474
   75      0.0000015     -0.0000107
   76      0.0000365     -0.0002035
   77      0.0000002     -0.0000018
   78      0.0000042     -0.0000331
   79      0.0000364     -0.0001885
   80      0.0001133     -0.0006240
   81      0.0000002     -0.0000009
   82      0.0000083     -0.0000485
   83      0.0000014     -0.0000127
   84      0.0000269     -0.0001600
   85      0.0000002     -0.0000013
   86      0.0000020     -0.0000152
   87      0.0002291     -0.0008606
   88      0.0002760     -0.0017040
   89      0.0000005     -0.0000050
   90      0.0000777     -0.0003434
   91      0.0000117     -0.0000704
   92      0.0001316     -0.0010821
   93      0.0000003     -0.0000036
   94      0.0001960     -0.0008158
   95      0.0011017     -0.0048854
   96      0.0002466     -0.0011141
   97      0.0000003     -0.0000030
   98      0.0000596     -0.0002586
   99      0.0009180     -0.0022026
  100      0.0000581     -0.0002561
  101      0.0000003     -0.0000033
  102      0.0000158     -0.0001152
  103      0.0000236     -0.0001368
  104      0.0000459     -0.0002661
  105      0.0000003     -0.0000026
  106      0.0001395     -0.0005910
  107      0.0000356     -0.0001883
  108      0.0000443     -0.0002367
  109      0.0000003     -0.0000052
  110      0.0000131     -0.0000677
  111      0.0000136     -0.0000951
  112      0.0000923     -0.0004869
  113      0.0000003     -0.0000031
  114      0.0005253     -0.0019587
  115      0.0001316     -0.0005896
  116      0.0002339     -0.0010788
  117      0.0000005     -0.0000061
  118      0.0000221     -0.0001364
  119      0.0044988     -0.0100809
  120      0.0000714     -0.0006960
  121      0.0000005     -0.0000175
  122      0.0014507     -0.0053512
  123      0.0002525     -0.0009226
  124      0.0009446     -0.0051670
  125      0.0000006     -0.0000065
  126      0.0001604     -0.0006113
  127      0.0003340     -0.0014405
  128      0.0063048     -0.0185544
  129      0.0000008     -0.0000119
  130      0.0026517     -0.0076752
  131      0.0002080     -0.0007781
  132      0.0044077     -0.0105772
  133      0.0000010     -0.0000885
  134      0.0225365     -0.0370806
  135      0.0181247     -0.0332990
  136      0.0017477     -0.0063105
  137      0.0000030     -0.0000537
  138      0.0000724     -0.0002986
  139      0.0006165     -0.0024717
  140      0.0008461     -0.0043294
  141      0.0000060     -0.0004501

   RO Sum (   9) =    9.00

  ---------------
   Dipole Moment
  ---------------

      2.3500 Debye [   0.9245  (  -0.0086,  -0.0017,  -0.9245) ]

 ----------------
  Final Energies  
 ----------------

         HF Total Energy =      -75.3965958843
  Final NOF Total Energy =      -75.9235606140 ( 8.E-05 , 0.E+00 )
      Correlation Energy =       -0.5269647296



  **************************************************
  *                                                *
  *       SINGLE-POINT DoNOF CALCULATION           *
  *                                                *
  *             FULL OPTIMIZATION                  *
  *                                                *
  *  FINAL RESULTS   FINAL RESULTS  FINAL RESULTS  *
  *                                                *
  **************************************************

  **************************************************
  *         No. EXTERNAL ITER =   119              *
  *         No. of TOTAL ITER =  5180              *
  **************************************************

  Elapsed real time :   5938.89  (Seconds)

 The execution finished at 18h 47min on the  3/ 6/2025
