 This is the serial version of the code

 The execution started at  9h 35min on the 11/21/2024

    ===========================================================
    !                                                         !
    !                        Do N O F                         !
    !                                                         !
    !  (Donostia Natural Orbital Functional Software Program) !
    !                                                         !
    !               COPYRIGHT by Mario Piris                  !
    !                                                         !
    !      Donostia International Physics Center (DIPC)       !
    !       University of the Basque Country (UPV/EHU)        !
    !       Basque Foundation for Science (IKERBASQUE)        !
    !                                                         !
    !          GNU General Public License version 3           !
    !                                                         !
    !                  VERSION: Mayo 2024                     !
    !                                                         !
    ===========================================================

 Run Title
 ---------
 p30-5 set                                                                       

 Basis Set
 ---------
 /home/ion/p30-5/inps/def2-svp/gnof/def2-svp.bas                                 

 Atom      Charge                Coordinates (Bohr)
                           x             y             z
 HE          2.0        0.0000        0.0000       -1.2687
 HE          2.0        0.0000        0.0000        1.2687

 Atomic Basis Set
 ----------------
 The contracted primitive functions were unnormalized
 The contracted basis functions are now normalized to unity

  Shell Type  Primitive         Exponent  Contraction Coefficient

 HE        
 
      1   S       1            38.3549367    0.040183890352
      1   S       2             5.7689081    0.261391344439
      1   S       3             1.2399407    0.793039157864
 
      2   S       4             0.2975782    1.000000000000
 
      3   P       5             1.0000000    1.000000000000

 HE        
 
      4   S       6            38.3549367    0.040183890352
      4   S       7             5.7689081    0.261391344439
      4   S       8             1.2399407    0.793039157864
 
      5   S       9             0.2975782    1.000000000000
 
      6   P      10             1.0000000    1.000000000000

 Total Number of Basis Set Shells             =    6
 Total Number of Primitives                   =   10
 Number of Cartesian Gaussian Basis Functions =   10
 Number of Electrons                          =    3
 Charge of Molecule                           =    1
 Spin Multiplicity                            =    2
 Number of Occupied Orbitals (Alpha)          =    2
 Number of Occupied Orbitals (Beta )          =    1
 Total Number of Atoms                        =    2

 Input Run Options
 -----------------
 IRUNTYP = 1  MULT = 2  ICHARG =  1 IECP = 0  IEMOM = 1  UNITS = ANGS    

 Integral Options
 ----------------
 CUTOFF = 1.0E-09   ISCHWZ = 0   ERITYP = FULL

 Input NOF Options
 -----------------

 Type of calculation =    Coeff. Opt.:   (ICOEF)         1
 Use Softmax function for Occ. Opt.:     (ISOFTMAX)      1
 Type of Orb. Opt. = Orbital Rotations:  (IORBOPT)       4
 Maximum Number of Occ-Coef Outer Iter.: (MAXIT)      1000

 Natural Orbital Functional Selected:    (IPNOF)         8
 Spin-Multiplet, High-Spin State Option: (HighSpin)      F
 
 Restart calculation Option:             (RESTART)       F
 Restart Gamma Matrix from GCF file:     (INPUTGAMMA)    0
 Coefficient Matrix from GCF file:       (INPUTC)        0
 Diagonal Elements FMIUG from GCF file:  (INPUTFMIUG)    0
 Cartesian Coordinates from GCF file:    (INPUTCXYZ)     0
 Orthogonalize the initial Orbitals:     (ORTHO)         T

 Output Option:                          (NPRINT)        0
 Output the Coefficient Matrix:          (IWRITEC)       0
 Do a Mulliken Population Analysis:      (IMULPOP)       0
 Write Information into a WFN file:      (IAIMPAC)       1
 Write Information into a FCHK file:     (IFCHK)         1
 Write Information into a MLP file:      (MOLDEN)        1
 Create Ini. Cond. (ini.xyz) file:       (INICOND)       1
 Calculate IPs using Ext. Koopmans Theo: (IEKT)          0
 Write APSG expansion coefficient file:  (APSG)          F
 Output option for Lagrange Multipliers: (PRINTLAG)      F
 Diagonalize matrix of Lag. Multipliers: (DIAGLAG)       F

------------------------------------------------------------------------

 Orbital Space
 -------------

 Inactive Doubly occupied orbitals up to NO1  =    0
 No. considered Strongly Doubly occupied MOs  =    1
 No. considered Strongly Singly occupied MOs  =    1
 No. of Weakly occ. per St. Doubly occ.  MOs  =    8
 Dimension of the Active Nat. Orb. subspace   =    9
 Secondary Empty orbitals                     =    0

 1e- integrals
 -------------
 Time to do integrals =      0.00
 Guess for MOs = HCORE
        26 MOs were matched and         0 equalized to zero

 2e- integrals
 -------------
 DONTW option skips storage 2e- integrals on Unit 1
                 512 2e- integrals in     1 records
 Time to do integrals =      0.00

 Input for Coefficients is HCORE


  RESULTS OF OCCUPATION-COEFFICIENT OPTIMIZATION
 ================================================

  Ex It  Occ Time  Orb Time  Orb It   Electronic Energy     Total Energy   Energy Convergency    Max Mul-Lag Diff

    1    2.1E-03   3.5E-03      10      -6.5029810080       -4.9265880451    -0.0835729277           0.079964
    2    1.7E-03   3.5E-03      10      -6.5105198816       -4.9341269186    -0.0075388736           0.009097
    3    1.6E-03   3.5E-03      10      -6.5109470380       -4.9345540751    -0.0004271564           0.002497
    4    1.5E-03   3.5E-03      10      -6.5109687818       -4.9345758188    -0.0000217438           0.001566
    5    1.6E-03   6.6E-03      20      -6.5109826395       -4.9345896766    -0.0000138578           0.000452
    6    1.4E-03   9.7E-03      30      -6.5109836263       -4.9345906633    -0.0000009867           0.000125
    7    1.3E-03   1.3E-02      40      -6.5109837094       -4.9345907465    -0.0000000831           0.000024


  RESULTS OF THE OCCUPATION OPTIMIZATION
 ========================================

   OM     Occupation      Elag Diag

    1      1.9801760     -1.5465413
    2      1.0000000     -0.7861158
    3      0.0077443     -0.0101578
    4      0.0029711     -0.0042084
    5      0.0024510     -0.0035162
    6      0.0018513     -0.0028106
    7      0.0018513     -0.0028106
    8      0.0012040     -0.0019696
    9      0.0012040     -0.0019696
   10      0.0005470     -0.0010751

   RO Sum (   3) =    3.00

  ---------------
   Dipole Moment
  ---------------

      0.0004 Debye [   0.0002  (   0.0000,  -0.0000,   0.0002) ]

 ----------------
  Final Energies  
 ----------------

  Final NOF Total Energy =       -4.9345907465 ( 2.E-05 , 0.E+00 )


  **************************************************
  *                                                *
  *       SINGLE-POINT DoNOF CALCULATION           *
  *                                                *
  *             FULL OPTIMIZATION                  *
  *                                                *
  *  FINAL RESULTS   FINAL RESULTS  FINAL RESULTS  *
  *                                                *
  **************************************************

  **************************************************
  *         No. EXTERNAL ITER =     7              *
  *         No. of TOTAL ITER =   130              *
  **************************************************

  Elapsed real time :      0.06  (Seconds)

 The execution finished at  9h 35min on the 11/21/2024
