 This is the serial version of the code

 The execution started at 15h 11min on the 11/28/2024

    ===========================================================
    !                                                         !
    !                        Do N O F                         !
    !                                                         !
    !  (Donostia Natural Orbital Functional Software Program) !
    !                                                         !
    !               COPYRIGHT by Mario Piris                  !
    !                                                         !
    !      Donostia International Physics Center (DIPC)       !
    !       University of the Basque Country (UPV/EHU)        !
    !       Basque Foundation for Science (IKERBASQUE)        !
    !                                                         !
    !          GNU General Public License version 3           !
    !                                                         !
    !                  VERSION: Mayo 2024                     !
    !                                                         !
    ===========================================================

 Run Title
 ---------
 p30-5 set                                                                       

 Basis Set
 ---------
 /home/ion/p30-5/Results/def2-svp/gnof/def2-svp.bas                              

 Atom      Charge                Coordinates (Bohr)
                           x             y             z
 N           7.0        0.0000        0.0000        0.6122
 O           8.0        0.0000        2.0810       -0.2678
 O           8.0        0.0000       -2.0810       -0.2678

 Atomic Basis Set
 ----------------
 The contracted primitive functions were unnormalized
 The contracted basis functions are now normalized to unity

  Shell Type  Primitive         Exponent  Contraction Coefficient

 N         
 
      1   S       1          1712.8415853   -0.005447799580
      1   S       2           257.6481268   -0.040627174632
      1   S       3            58.4582459   -0.181119622506
      1   S       4            16.1983679   -0.468439755632
      1   S       5             5.0052601   -0.446168462892
 
      2   S       6             0.5873186    1.000000000000
 
      3   S       7             0.1876459    1.000000000000
 
      4   P       8            13.5714702   -0.058848116970
      4   P       9             2.9257373   -0.320246247625
      4   P      10             0.7992775   -0.753282265204
 
      5   P      11             0.2195435    1.000000000000
 
      6   D      12             1.0000000    1.000000000000

 O         
 
      7   S      13          2266.1767785   -0.005389350392
      7   S      14           340.8701019   -0.040234721389
      7   S      15            77.3631352   -0.180081842055
      7   S      16            21.4796449   -0.468288576577
      7   S      17             6.6589433   -0.446926171602
 
      8   S      18             0.8097598    1.000000000000
 
      9   S      19             0.2553077    1.000000000000
 
     10   P      20            17.7215043    0.062630248763
     10   P      21             3.8635505    0.333311384824
     10   P      22             1.0480921    0.741486383081
 
     11   P      23             0.2764154    1.000000000000
 
     12   D      24             1.2000000    1.000000000000

 O         
 
     13   S      25          2266.1767785   -0.005389350392
     13   S      26           340.8701019   -0.040234721389
     13   S      27            77.3631352   -0.180081842055
     13   S      28            21.4796449   -0.468288576577
     13   S      29             6.6589433   -0.446926171602
 
     14   S      30             0.8097598    1.000000000000
 
     15   S      31             0.2553077    1.000000000000
 
     16   P      32            17.7215043    0.062630248763
     16   P      33             3.8635505    0.333311384824
     16   P      34             1.0480921    0.741486383081
 
     17   P      35             0.2764154    1.000000000000
 
     18   D      36             1.2000000    1.000000000000

 Total Number of Basis Set Shells             =   18
 Total Number of Primitives                   =   36
 Number of Cartesian Gaussian Basis Functions =   45
 Number of Electrons                          =   23
 Charge of Molecule                           =    0
 Spin Multiplicity                            =    2
 Number of Occupied Orbitals (Alpha)          =   12
 Number of Occupied Orbitals (Beta )          =   11
 Total Number of Atoms                        =    3

 Input Run Options
 -----------------
 IRUNTYP = 1  MULT = 2  ICHARG =  0 IECP = 0  IEMOM = 1  UNITS = ANGS    

 Integral Options
 ----------------
 CUTOFF = 1.0E-09   ISCHWZ = 0   ERITYP = FULL

 Input NOF Options
 -----------------

 Type of calculation =    Coeff. Opt.:   (ICOEF)         1
 Use Softmax function for Occ. Opt.:     (ISOFTMAX)      1
 Type of Orb. Opt. = Orbital Rotations:  (IORBOPT)       4
 Maximum Number of Occ-Coef Outer Iter.: (MAXIT)      1000

 Natural Orbital Functional Selected:    (IPNOF)         8
 Spin-Multiplet, High-Spin State Option: (HighSpin)      F
 
 Restart calculation Option:             (RESTART)       T
 Orthogonalize the initial Orbitals:     (ORTHO)         T

 Output Option:                          (NPRINT)        0
 Output the Coefficient Matrix:          (IWRITEC)       0
 Do a Mulliken Population Analysis:      (IMULPOP)       0
 Write Information into a WFN file:      (IAIMPAC)       1
 Write Information into a FCHK file:     (IFCHK)         1
 Write Information into a MLP file:      (MOLDEN)        1
 Create Ini. Cond. (ini.xyz) file:       (INICOND)       1
 Calculate IPs using Ext. Koopmans Theo: (IEKT)          0
 Write APSG expansion coefficient file:  (APSG)          F
 Output option for Lagrange Multipliers: (PRINTLAG)      F
 Diagonalize matrix of Lag. Multipliers: (DIAGLAG)       F

 Nuclear Coordinates from GCF file:
 ----------------------------------

 Atom      Charge                Coordinates (Bohr)
                           x             y             z
 N        7.00000        0.0000        0.0000        0.6122
 O        8.00000        0.0000        2.0810       -0.2678
 O        8.00000        0.0000       -2.0810       -0.2678

------------------------------------------------------------------------

 Orbital Space
 -------------

 Inactive Doubly occupied orbitals up to NO1  =    0
 No. considered Strongly Doubly occupied MOs  =   11
 No. considered Strongly Singly occupied MOs  =    1
 No. of Weakly occ. per St. Doubly occ.  MOs  =    3
 Dimension of the Active Nat. Orb. subspace   =   44
 Secondary Empty orbitals                     =    0

 1e- integrals
 -------------
 Time to do integrals =      0.00

 2e- integrals
 -------------
 DONTW option skips storage 2e- integrals on Unit 1
              243692 2e- integrals in     1 records
 Time to do integrals =      0.07

 No violations of the orthonormality


  RESULTS OF OCCUPATION-COEFFICIENT OPTIMIZATION
 ================================================

  Ex It  Occ Time  Orb Time  Orb It   Electronic Energy     Total Energy   Energy Convergency    Max Mul-Lag Diff

    1    3.5E-01   2.8E+00      10    -269.3340483377     -204.3877581189    -0.0302436943           0.038476
    2    3.1E-01   2.8E+00      10    -269.3480897418     -204.4017995231    -0.0140414042           0.025514
    3    3.1E-01   2.8E+00      10    -269.3533642509     -204.4070740322    -0.0052745091           0.031181
    4    3.2E-01   2.8E+00      10    -269.3569901334     -204.4106999147    -0.0036258825           0.020117
    5    3.1E-01   2.8E+00      10    -269.3585149765     -204.4122247577    -0.0015248430           0.026698
    6    3.1E-01   2.8E+00      10    -269.3598986885     -204.4136084697    -0.0013837120           0.021097
    7    3.1E-01   2.8E+00      10    -269.3605316177     -204.4142413990    -0.0006329292           0.027305
    8    3.0E-01   2.8E+00      10    -269.3610506867     -204.4147604679    -0.0005190690           0.021606
    9    3.1E-01   2.8E+00      10    -269.3611613757     -204.4148711569    -0.0001106890           0.023067
   10    3.0E-01   2.8E+00      10    -269.3614916307     -204.4152014120    -0.0003302550           0.023666
   11    3.0E-01   2.8E+00      10    -269.3615562030     -204.4152659842    -0.0000645722           0.024940
   12    2.9E-01   2.8E+00      10    -269.3617278057     -204.4154375870    -0.0001716027           0.025017
   13    3.0E-01   2.8E+00      10    -269.3618099206     -204.4155197019    -0.0000821149           0.025523
   14    2.9E-01   2.8E+00      10    -269.3617170263     -204.4154268075     0.0000928943           0.025864
   15    2.9E-01   5.1E+00      20    -269.3641305562     -204.4178403375    -0.0024135299           0.001286
   16    2.9E-01   5.1E+00      20    -269.3641452988     -204.4178550801    -0.0000147426           0.000557
   17    2.8E-01   7.4E+00      30    -269.3641565839     -204.4178663651    -0.0000112851           0.000211
   18    2.8E-01   7.4E+00      30    -269.3641659573     -204.4178757386    -0.0000093735           0.000215
   19    2.9E-01   7.4E+00      30    -269.3641773659     -204.4178871472    -0.0000114086           0.000220
   20    2.9E-01   7.4E+00      30    -269.3641925753     -204.4179023566    -0.0000152094           0.000226
   21    2.9E-01   7.4E+00      30    -269.3642153108     -204.4179250920    -0.0000227355           0.000222
   22    2.9E-01   7.4E+00      30    -269.3642488972     -204.4179586785    -0.0000335864           0.000233
   23    2.9E-01   7.4E+00      30    -269.3642962770     -204.4180060582    -0.0000473798           0.000230
   24    2.9E-01   7.4E+00      30    -269.3643611478     -204.4180709290    -0.0000648708           0.000231
   25    2.9E-01   7.4E+00      30    -269.3644426720     -204.4181524532    -0.0000815242           0.000230
   26    2.9E-01   7.4E+00      30    -269.3645331985     -204.4182429798    -0.0000905265           0.000225
   27    3.0E-01   7.4E+00      30    -269.3646300015     -204.4183397828    -0.0000968030           0.000222
   28    2.9E-01   7.4E+00      30    -269.3647294619     -204.4184392432    -0.0000994604           0.000228
   29    2.9E-01   7.4E+00      30    -269.3648278445     -204.4185376257    -0.0000983825           0.000227
   30    2.9E-01   7.4E+00      30    -269.3649232112     -204.4186329924    -0.0000953667           0.000224
   31    2.9E-01   7.4E+00      30    -269.3650145701     -204.4187243514    -0.0000913589           0.000232
   32    2.9E-01   7.6E+00      30    -269.3651002182     -204.4188099994    -0.0000856480           0.000212
   33    3.1E-01   7.5E+00      30    -269.3651812387     -204.4188910199    -0.0000810205           0.000209
   34    2.9E-01   7.4E+00      30    -269.3652569644     -204.4189667457    -0.0000757258           0.000209
   35    2.9E-01   7.4E+00      30    -269.3653251226     -204.4190349039    -0.0000681582           0.000205
   36    2.9E-01   7.4E+00      30    -269.3653836859     -204.4190934671    -0.0000585632           0.000207
   37    2.9E-01   7.4E+00      30    -269.3654327948     -204.4191425761    -0.0000491089           0.000206
   38    2.9E-01   7.4E+00      30    -269.3654733077     -204.4191830890    -0.0000405129           0.000203
   39    2.9E-01   7.4E+00      30    -269.3655086597     -204.4192184410    -0.0000353520           0.000198
   40    2.9E-01   7.4E+00      30    -269.3655425352     -204.4192523164    -0.0000338754           0.000206
   41    2.9E-01   7.4E+00      30    -269.3655760129     -204.4192857941    -0.0000334777           0.000204
   42    2.9E-01   7.4E+00      30    -269.3656086600     -204.4193184412    -0.0000326471           0.000207
   43    2.9E-01   7.4E+00      30    -269.3656396625     -204.4193494437    -0.0000310024           0.000205
   44    2.8E-01   7.4E+00      30    -269.3656674947     -204.4193772760    -0.0000278323           0.000200
   45    2.9E-01   7.4E+00      30    -269.3656915600     -204.4194013413    -0.0000240653           0.000197
   46    2.9E-01   7.4E+00      30    -269.3657110059     -204.4194207872    -0.0000194459           0.000203
   47    2.9E-01   9.7E+00      40    -269.3657278819     -204.4194376631    -0.0000168760           0.000045
   48    2.9E-01   2.4E-01      40    -269.3657288304     -204.4194386117    -0.0000009485           0.000049


  RESULTS OF THE OCCUPATION OPTIMIZATION
 ========================================

   OM     Occupation      Elag Diag

    1      1.9999561    -20.7055787
    2      1.9999303    -19.2099101
    3      1.9998911    -17.3580170
    4      1.9911696     -1.5922939
    5      1.9881217     -1.4001974
    6      1.9829565     -0.8914358
    7      1.9817176     -0.7369087
    8      1.9789157     -0.6918546
    9      1.9723595     -0.9960350
   10      1.9703019     -0.6984119
   11      1.9607513     -0.6051699
   12      1.0000000     -0.2770441
   13      0.0365441     -0.0635219
   14      0.0262773     -0.0465133
   15      0.0246709     -0.0467462
   16      0.0098091     -0.0139772
   17      0.0038267     -0.0086910
   18      0.0092121     -0.0200594
   19      0.0025348     -0.0067625
   20      0.0026858     -0.0070297
   21      0.0000439     -0.0007678
   22      0.0000025     -0.0000476
   23      0.0000162     -0.0003217
   24      0.0008084     -0.0025532
   25      0.0023034     -0.0061434
   26      0.0009842     -0.0028423
   27      0.0062894     -0.0088720
   28      0.0066843     -0.0107489
   29      0.0040663     -0.0086994
   30      0.0026310     -0.0070377
   31      0.0018183     -0.0062052
   32      0.0000521     -0.0009155
   33      0.0000391     -0.0007401
   34      0.0000021     -0.0000420
   35      0.0018962     -0.0049349
   36      0.0011175     -0.0030220
   37      0.0019854     -0.0055399
   38      0.0049857     -0.0094719
   39      0.0077714     -0.0130732
   40      0.0037651     -0.0079316
   41      0.0067125     -0.0192898
   42      0.0043263     -0.0114628
   43      0.0000129     -0.0002163
   44      0.0000281     -0.0005226
   45      0.0000256     -0.0005131

   RO Sum (  23) =   23.00

  ---------------
   Dipole Moment
  ---------------

      0.6940 Debye [   0.2730  (  -0.0001,  -0.0420,   0.2698) ]

 ----------------
  Final Energies  
 ----------------

  Final NOF Total Energy =     -204.4194386117 ( 5.E-05 , 0.E+00 )


  **************************************************
  *                                                *
  *       SINGLE-POINT DoNOF CALCULATION           *
  *                                                *
  *             FULL OPTIMIZATION                  *
  *                                                *
  *  FINAL RESULTS   FINAL RESULTS  FINAL RESULTS  *
  *                                                *
  **************************************************

  **************************************************
  *         No. EXTERNAL ITER =    48              *
  *         No. of TOTAL ITER =  1160              *
  **************************************************

  Elapsed real time :    296.00  (Seconds)

 The execution finished at 15h 16min on the 11/28/2024
