 This is the parallel version of the code
 This is the parallel version of the code
 This is the parallel version of the code
 This is the parallel version of the code
 This is the parallel version of the code
 This is the parallel version of the code
 This is the parallel version of the code
 This is the parallel version of the code
 This is the parallel version of the code
 This is the parallel version of the code
 This is the parallel version of the code
 This is the parallel version of the code
Master:    0

 The execution started at 13h  1min on the  3/11/2025

    ===========================================================
    !                                                         !
    !                        Do N O F                         !
    !                                                         !
    !  (Donostia Natural Orbital Functional Software Program) !
    !                                                         !
    !               COPYRIGHT by Mario Piris                  !
    !                                                         !
    !      Donostia International Physics Center (DIPC)       !
    !       University of the Basque Country (UPV/EHU)        !
    !       Basque Foundation for Science (IKERBASQUE)        !
    !                                                         !
    !          GNU General Public License version 3           !
    !                                                         !
    !                  VERSION: Mayo 2024                     !
    !                                                         !
    ===========================================================

 Run Title
 ---------
 p30-5 set                                                                       

 Basis Set
 ---------
 /home/ion/p30-5/def2-qzvp/gnof/ncwo/def2-qzvp.bas                               

 Atom      Charge                Coordinates (Bohr)
                           x             y             z
 B           5.0        0.0000        0.0000        0.0000

 Atomic Basis Set
 ----------------
 The contracted primitive functions were unnormalized
 The contracted basis functions are now normalized to unity

  Shell Type  Primitive         Exponent  Contraction Coefficient

 B         
 
      1   S       1         46447.6670560    0.000071244570
      1   S       2          6957.6889042    0.000553732977
      1   S       3          1583.4428403    0.002903604343
      1   S       4           448.4660101    0.012151666193
      1   S       5           146.2863926    0.042943093068
      1   S       6            52.7843861    0.129198179137
      1   S       7            20.5193962    0.317718956371
      1   S       8             8.4185659    0.592268754201
 
      2   S       9            36.5100183    0.092825555605
      2   S      10            10.5418540    0.927500724382
 
      3   S      11             3.6004091    1.000000000000
 
      4   S      12             1.5617024    1.000000000000
 
      5   S      13             0.4499737    1.000000000000
 
      6   S      14             0.1807523    1.000000000000
 
      7   S      15             0.0715967    1.000000000000
 
      8   P      16            72.2404628    0.002368670850
      8   P      17            16.8077072    0.018820922799
      8   P      18             5.2259411    0.084786548708
      8   P      19             1.8508351    0.285544938393
      8   P      20             0.7220678    0.716140791451
 
      9   P      21             0.2949102    1.000000000000
 
     10   P      22             0.1220114    1.000000000000
 
     11   P      23             0.0498654    1.000000000000
 
     12   D      24             1.1100000    1.000000000000
 
     13   D      25             0.4020000    1.000000000000
 
     14   D      26             0.1450000    1.000000000000
 
     15   F      27             0.8820000    1.000000000000
 
     16   F      28             0.3110000    1.000000000000
 
     17   G      29             0.6730000    1.000000000000

 Total Number of Basis Set Shells             =   17
 Total Number of Primitives                   =   29
 Number of Cartesian Gaussian Basis Functions =   72
 Number of Electrons                          =    5
 Charge of Molecule                           =    0
 Spin Multiplicity                            =    2
 Number of Occupied Orbitals (Alpha)          =    3
 Number of Occupied Orbitals (Beta )          =    2
 Total Number of Atoms                        =    1

 Input Run Options
 -----------------
 IRUNTYP = 1  MULT = 2  ICHARG =  0 IECP = 0  IEMOM = 1  UNITS = ANGS    

 Integral Options
 ----------------
 CUTOFF = 1.0E-09   ISCHWZ = 0   ERITYP = FULL

 Input NOF Options
 -----------------

 Type of calculation =    Coeff. Opt.:   (ICOEF)         1
 Use Softmax function for Occ. Opt.:     (ISOFTMAX)      1
 Type of Orb. Opt. = Orbital Rotations:  (IORBOPT)       4
 Maximum Number of Occ-Coef Outer Iter.: (MAXIT)      1000

 Natural Orbital Functional Selected:    (IPNOF)         8
 Spin-Multiplet, High-Spin State Option: (HighSpin)      F
 
 Restart calculation Option:             (RESTART)       T
 Orthogonalize the initial Orbitals:     (ORTHO)         T

 Output Option:                          (NPRINT)        0
 Output the Coefficient Matrix:          (IWRITEC)       0
 Do a Mulliken Population Analysis:      (IMULPOP)       0
 Write Information into a WFN file:      (IAIMPAC)       1
 Write Information into a FCHK file:     (IFCHK)         1
 Write Information into a MLP file:      (MOLDEN)        1
 Create Ini. Cond. (ini.xyz) file:       (INICOND)       1
 Calculate IPs using Ext. Koopmans Theo: (IEKT)          0
 Write APSG expansion coefficient file:  (APSG)          F
 Output option for Lagrange Multipliers: (PRINTLAG)      F
 Diagonalize matrix of Lag. Multipliers: (DIAGLAG)       F

 Nuclear Coordinates from GCF file:
 ----------------------------------

 Atom      Charge                Coordinates (Bohr)
                           x             y             z
 B        5.00000        0.0000        0.0000        0.0000

------------------------------------------------------------------------

 Orbital Space
 -------------

 Inactive Doubly occupied orbitals up to NO1  =    0
 No. considered Strongly Doubly occupied MOs  =    2
 No. considered Strongly Singly occupied MOs  =    1
 No. of Weakly occ. per St. Doubly occ.  MOs  =   23
 Dimension of the Active Nat. Orb. subspace   =   48
 Secondary Empty orbitals                     =   23

 1e- integrals
 -------------
 Time to do integrals =      0.00

 2e- integrals
 -------------
 DONTW option skips storage 2e- integrals on Unit 1
              453802 2e- integrals in     1 records
 Time to do integrals =      0.15

 Distribution Full ERIs:

 Integrals:                            453802
 Max size per slaves:                   37818
 Max size in master:                   491620

 No violations of the orthonormality


  RESULTS OF OCCUPATION-COEFFICIENT OPTIMIZATION
 ================================================

  Ex It  Occ Time  Orb Time  Orb It   Electronic Energy     Total Energy   Energy Convergency    Max Mul-Lag Diff

    1    2.6E-01   2.8E-01      10     -24.5927298354      -24.5927298354     0.0000000000           0.007547
    2    1.2E-01   6.6E-01      30     -24.5950484194      -24.5950484194    -0.0023185840           0.002122
    3    2.5E-01   6.7E-01      30     -24.5988256309      -24.5988256309    -0.0037772115           0.001922
    4    3.4E-01   6.8E-01      30     -24.6034762339      -24.6034762339    -0.0046506030           0.001463
    5    3.1E-01   6.7E-01      30     -24.6076527886      -24.6076527886    -0.0041765548           0.001333
    6    2.7E-01   7.2E-01      30     -24.6108763437      -24.6108763437    -0.0032235551           0.002655
    7    2.7E-01   6.7E-01      30     -24.6131949374      -24.6131949374    -0.0023185937           0.003638
    8    2.5E-01   7.1E-01      30     -24.6147505616      -24.6147505616    -0.0015556242           0.001733
    9    2.4E-01   6.7E-01      30     -24.6157321651      -24.6157321651    -0.0009816035           0.002462
   10    2.0E-01   6.7E-01      30     -24.6163773967      -24.6163773967    -0.0006452316           0.002174
   11    2.1E-01   7.1E-01      30     -24.6168420581      -24.6168420581    -0.0004646615           0.003590
   12    2.0E-01   6.6E-01      30     -24.6172140995      -24.6172140995    -0.0003720413           0.002693
   13    2.0E-01   6.9E-01      30     -24.6175325486      -24.6175325486    -0.0003184491           0.001307
   14    2.2E-01   6.7E-01      30     -24.6178637101      -24.6178637101    -0.0003311614           0.001242
   15    2.0E-01   6.6E-01      30     -24.6182149240      -24.6182149240    -0.0003512140           0.001225
   16    2.0E-01   7.2E-01      30     -24.6185581244      -24.6185581244    -0.0003432003           0.001459
   17    2.0E-01   6.6E-01      30     -24.6188555749      -24.6188555749    -0.0002974505           0.001612
   18    1.7E-01   6.7E-01      30     -24.6190863743      -24.6190863743    -0.0002307994           0.002131
   19    2.2E-01   6.6E-01      30     -24.6192607590      -24.6192607590    -0.0001743847           0.001772
   20    1.8E-01   6.6E-01      30     -24.6193875478      -24.6193875478    -0.0001267888           0.001658
   21    1.8E-01   7.1E-01      30     -24.6194668917      -24.6194668917    -0.0000793439           0.001366
   22    1.8E-01   6.6E-01      30     -24.6195148227      -24.6195148227    -0.0000479310           0.001532
   23    1.5E-01   6.6E-01      30     -24.6195386309      -24.6195386309    -0.0000238082           0.001432
   24    1.8E-01   9.1E-01      40     -24.6195487309      -24.6195487309    -0.0000101000           0.000527
   25    1.4E-01   1.1E+00      50     -24.6195515168      -24.6195515168    -0.0000027860           0.000387
   26    1.5E-01   1.4E+00      60     -24.6195515739      -24.6195515739    -0.0000000571           0.000623
   27    1.2E-01   1.7E+00      80     -24.6195537258      -24.6195537258    -0.0000021519           0.000030
   28    1.3E-01   1.4E-02      80     -24.6195537443      -24.6195537443    -0.0000000185           0.000029


  RESULTS OF THE OCCUPATION OPTIMIZATION
 ========================================

   OM     Occupation      Elag Diag

    1      1.9995321     -7.6988284
    2      1.9560185     -0.5136208
    3      1.0000000     -0.1660495
    4      0.0000242     -0.0000485
    5      0.0000023     -0.0000214
    6      0.0000655     -0.0001167
    7      0.0000031     -0.0000548
    8      0.0000650     -0.0001151
    9      0.0000060     -0.0000570
   10      0.0004003     -0.0007867
   11      0.0000047     -0.0000475
   12      0.0000551     -0.0000929
   13      0.0000015     -0.0000148
   14      0.0000642     -0.0001173
   15      0.0000019     -0.0000558
   16      0.0059672     -0.0086258
   17      0.0000023     -0.0000212
   18      0.0006701     -0.0012064
   19      0.0000028     -0.0000264
   20      0.0000676     -0.0001106
   21      0.0000025     -0.0000226
   22      0.0000669     -0.0001110
   23      0.0000041     -0.0000395
   24      0.0010340     -0.0012444
   25      0.0000026     -0.0000256
   26      0.0010342     -0.0012444
   27      0.0000050     -0.0000478
   28      0.0001116     -0.0001834
   29      0.0000022     -0.0000203
   30      0.0000946     -0.0001540
   31      0.0000050     -0.0000447
   32      0.0141783     -0.0109897
   33      0.0000028     -0.0000262
   34      0.0002679     -0.0003280
   35      0.0000022     -0.0000211
   36      0.0000944     -0.0001540
   37      0.0000027     -0.0000257
   38      0.0002693     -0.0003288
   39      0.0003853     -0.0052254
   40      0.0006706     -0.0012063
   41      0.0000039     -0.0000383
   42      0.0000545     -0.0000925
   43      0.0000019     -0.0000269
   44      0.0141781     -0.0109895
   45      0.0000149     -0.0003987
   46      0.0014596     -0.0017585
   47      0.0000058     -0.0000556
   48      0.0030886     -0.0037492
   49      0.0000023     -0.0000214

   RO Sum (   5) =    5.00

  ---------------
   Dipole Moment
  ---------------

      0.0003 Debye [   0.0001  (   0.0001,  -0.0001,   0.0000) ]

 ----------------
  Final Energies  
 ----------------

  Final NOF Total Energy =      -24.6195537443 ( 3.E-05 , 0.E+00 )


  **************************************************
  *                                                *
  *       SINGLE-POINT DoNOF CALCULATION           *
  *                                                *
  *             FULL OPTIMIZATION                  *
  *                                                *
  *  FINAL RESULTS   FINAL RESULTS  FINAL RESULTS  *
  *                                                *
  **************************************************

  **************************************************
  *         No. EXTERNAL ITER =    28              *
  *         No. of TOTAL ITER =   980              *
  **************************************************

  Elapsed real time :     26.32  (Seconds)

 The execution finished at 13h  2min on the  3/11/2025
