 This is the parallel version of the code
 This is the parallel version of the code
 This is the parallel version of the code
 This is the parallel version of the code
Master:    0

 The execution started at 11h 11min on the 11/21/2024

    ===========================================================
    !                                                         !
    !                        Do N O F                         !
    !                                                         !
    !  (Donostia Natural Orbital Functional Software Program) !
    !                                                         !
    !               COPYRIGHT by Mario Piris                  !
    !                                                         !
    !      Donostia International Physics Center (DIPC)       !
    !       University of the Basque Country (UPV/EHU)        !
    !       Basque Foundation for Science (IKERBASQUE)        !
    !                                                         !
    !          GNU General Public License version 3           !
    !                                                         !
    !                  VERSION: Mayo 2024                     !
    !                                                         !
    ===========================================================

 Run Title
 ---------
 p30-5 set                                                                       

 Basis Set
 ---------
 /beegfs_agamede/gscratch/povmieci/SCRATCH/64775/def2-svp.bas                    

 Atom      Charge                Coordinates (Bohr)
                           x             y             z
 S          16.0        0.0000        0.0000        0.0000
 O           8.0        0.0000        2.6887        0.0000
 O           8.0        2.3285       -1.3443        0.0000
 O           8.0       -2.3285       -1.3443        0.0000

 Atomic Basis Set
 ----------------
 The contracted primitive functions were unnormalized
 The contracted basis functions are now normalized to unity

  Shell Type  Primitive         Exponent  Contraction Coefficient

 S         

      1   S       1          9184.9303010   -0.005472946613
      1   S       2          1381.5105503   -0.040954402155
      1   S       3           313.8714758   -0.184758289562
      1   S       4            88.0538706   -0.475672806440
      1   S       5            27.0399149   -0.434951535842

      2   S       6            45.6487313   -0.091904045809
      2   S       7             4.9664522    0.556987772145
      2   S       8             2.0116242    0.511154682985

      3   S       9             0.3566108    1.000000000000

      4   S      10             0.1350722    1.000000000000

      5   P      11           261.9823344   -0.009183054659
      5   P      12            61.3068947   -0.065902226526
      5   P      13            19.1037299   -0.245877845187
      5   P      14             6.6567720   -0.482314710760
      5   P      15             2.3959635   -0.389563143514

      6   P      16             0.6177616    1.000000000000

      7   P      17             0.1699338    1.000000000000

      8   D      18             0.5500000    1.000000000000

 O         

      9   S      19          2266.1767785   -0.005389350392
      9   S      20           340.8701019   -0.040234721389
      9   S      21            77.3631352   -0.180081842055
      9   S      22            21.4796449   -0.468288576577
      9   S      23             6.6589433   -0.446926171602

     10   S      24             0.8097598    1.000000000000

     11   S      25             0.2553077    1.000000000000

     12   P      26            17.7215043    0.062630248763
     12   P      27             3.8635505    0.333311384824
     12   P      28             1.0480921    0.741486383081

     13   P      29             0.2764154    1.000000000000

     14   D      30             1.2000000    1.000000000000

 O         

     15   S      31          2266.1767785   -0.005389350392
     15   S      32           340.8701019   -0.040234721389
     15   S      33            77.3631352   -0.180081842055
     15   S      34            21.4796449   -0.468288576577
     15   S      35             6.6589433   -0.446926171602

     16   S      36             0.8097598    1.000000000000

     17   S      37             0.2553077    1.000000000000

     18   P      38            17.7215043    0.062630248763
     18   P      39             3.8635505    0.333311384824
     18   P      40             1.0480921    0.741486383081

     19   P      41             0.2764154    1.000000000000

     20   D      42             1.2000000    1.000000000000

 O         

     21   S      43          2266.1767785   -0.005389350392
     21   S      44           340.8701019   -0.040234721389
     21   S      45            77.3631352   -0.180081842055
     21   S      46            21.4796449   -0.468288576577
     21   S      47             6.6589433   -0.446926171602

     22   S      48             0.8097598    1.000000000000

     23   S      49             0.2553077    1.000000000000

     24   P      50            17.7215043    0.062630248763
     24   P      51             3.8635505    0.333311384824
     24   P      52             1.0480921    0.741486383081

     25   P      53             0.2764154    1.000000000000

     26   D      54             1.2000000    1.000000000000

 Total Number of Basis Set Shells             =   26
 Total Number of Primitives                   =   54
 Number of Cartesian Gaussian Basis Functions =   64
 Number of Electrons                          =   40
 Charge of Molecule                           =    0
 Spin Multiplicity                            =    1
 Number of Occupied Orbitals (Alpha)          =   20
 Number of Occupied Orbitals (Beta )          =   20
 Total Number of Atoms                        =    4

 Input Run Options
 -----------------
 IRUNTYP = 1  MULT = 1  ICHARG =  0 IECP = 0  IEMOM = 1  UNITS = ANGS    

 Integral Options
 ----------------
 CUTOFF = 1.0E-09   ISCHWZ = 0   ERITYP = FULL

 Input NOF Options
 -----------------

 Type of calculation =    Coeff. Opt.:   (ICOEF)         1
 Use Softmax function for Occ. Opt.:     (ISOFTMAX)      1
 Type of Orb. Opt. = Orbital Rotations:  (IORBOPT)       4
 Maximum Number of Occ-Coef Outer Iter.: (MAXIT)      1000

 Natural Orbital Functional Selected:    (IPNOF)         8

 Restart calculation Option:             (RESTART)       F
 Restart Gamma Matrix from GCF file:     (INPUTGAMMA)    0
 Coefficient Matrix from GCF file:       (INPUTC)        0
 Diagonal Elements FMIUG from GCF file:  (INPUTFMIUG)    0
 Cartesian Coordinates from GCF file:    (INPUTCXYZ)     0
 Orthogonalize the initial Orbitals:     (ORTHO)         T

 Output Option:                          (NPRINT)        0
 Output the Coefficient Matrix:          (IWRITEC)       0
 Do a Mulliken Population Analysis:      (IMULPOP)       0
 Write Information into a WFN file:      (IAIMPAC)       1
 Write Information into a FCHK file:     (IFCHK)         1
 Write Information into a MLP file:      (MOLDEN)        1
 Create Ini. Cond. (ini.xyz) file:       (INICOND)       1
 Calculate IPs using Ext. Koopmans Theo: (IEKT)          0
 Write APSG expansion coefficient file:  (APSG)          F
 Output option for Lagrange Multipliers: (PRINTLAG)      F
 Diagonalize matrix of Lag. Multipliers: (DIAGLAG)       F

------------------------------------------------------------------------

 Orbital Space
 -------------

 Inactive Doubly occupied orbitals up to NO1  =    0
 No. considered Strongly Doubly occupied MOs  =   20
 No. considered Strongly Singly occupied MOs  =    0
 No. of Weakly occ. per St. Doubly occ.  MOs  =    2
 Dimension of the Active Nat. Orb. subspace   =   60
 Secondary Empty orbitals                     =    4

 1e- integrals
 -------------
 Time to do integrals =      0.00
 Guess for MOs = HCORE
       602 MOs were matched and       119 equalized to zero

 2e- integrals
 -------------
 DONTW option skips storage 2e- integrals on Unit 1
              959606 2e- integrals in     1 records
 Time to do integrals =      0.12

 Distribution Full ERIs:

 Integrals:                            959606
 Max size per slaves:                  239902
 Max size in master:                  1199508

 Input for Coefficients is HCORE


  RESULTS OF OCCUPATION-COEFFICIENT OPTIMIZATION
 ================================================

  Ex It  Orb It    Electronic Energy     Total Energy   Energy Convergency    Max Mul-Lag Diff

    1      10      -791.9097187628     -607.8600316311    -9.9906176971           1.213175
    2      10      -799.7482159000     -615.6985287683    -7.8384971372           0.647877
    3      10      -803.4956797607     -619.4459926291    -3.7474638608           0.361159
    4      10      -805.0782324507     -621.0285453191    -1.5825526900           0.327236
    5      10      -805.8777995959     -621.8281124642    -0.7995671452           0.203986
    6      10      -806.1534494187     -622.1037622870    -0.2756498228           0.123318
    7      10      -806.2594034919     -622.2097163602    -0.1059540732           0.129315
    8      10      -806.3271818889     -622.2774947572    -0.0677783969           0.124296
    9      10      -806.3861066433     -622.3364195116    -0.0589247544           0.135266
   10      10      -806.4318732219     -622.3821860902    -0.0457665786           0.123388
   11      10      -806.4611598939     -622.4114727622    -0.0292866720           0.119492
   12      10      -806.4752637111     -622.4255765794    -0.0141038172           0.117297
   13      10      -806.4803520602     -622.4306649285    -0.0050883491           0.120817
   14      10      -806.4823692129     -622.4326820812    -0.0020171527           0.100856
   15      10      -806.4837883043     -622.4341011726    -0.0014190913           0.100851
   16      10      -806.4835963157     -622.4339091840     0.0001919886           0.097072
   17      20      -806.4941563198     -622.4444691881    -0.0105600041           0.004575
   18      20      -806.4943607798     -622.4446736481    -0.0002044600           0.002141
   19      20      -806.4944987080     -622.4448115763    -0.0001379282           0.002200
   20      20      -806.4946125096     -622.4449253779    -0.0001138016           0.002072
   21      20      -806.4947129017     -622.4450257700    -0.0001003922           0.001955
   22      20      -806.4948032081     -622.4451160764    -0.0000903064           0.002305
   23      20      -806.4948876623     -622.4452005306    -0.0000844541           0.002067
   24      20      -806.4949651630     -622.4452780313    -0.0000775007           0.001990
   25      20      -806.4950377974     -622.4453506657    -0.0000726345           0.001870
   26      20      -806.4951011399     -622.4454140082    -0.0000633424           0.002040
   27      20      -806.4951534484     -622.4454663167    -0.0000523085           0.002130
   28      20      -806.4951944910     -622.4455073593    -0.0000410426           0.002264
   29      20      -806.4952222481     -622.4455351164    -0.0000277571           0.002526
   30      20      -806.4952411286     -622.4455539969    -0.0000188805           0.002295
   31      20      -806.4952527786     -622.4455656469    -0.0000116500           0.002503
   32      20      -806.4952600658     -622.4455729341    -0.0000072871           0.002465
   33      30      -806.4952706888     -622.4455835571    -0.0000106230           0.000835
   34      40      -806.4952750232     -622.4455878915    -0.0000043344           0.000162
   35      50      -806.4952772857     -622.4455901540    -0.0000022625           0.000026


  RESULTS OF THE OCCUPATION OPTIMIZATION
 ========================================

   OM     Occupation      Elag Diag

    1      1.9999983    -92.2724826
    2      1.9999381    -20.6756429
    3      1.9999343    -20.6764721
    4      1.9999339    -20.6745745
    5      1.9996813     -9.2563810
    6      1.9993558     -6.9468922
    7      1.9992303     -6.9463186
    8      1.9992038     -6.9462147
    9      1.9907743     -1.4125985
   10      1.9900348     -1.3947609
   11      1.9899166     -1.4082532
   12      1.9832497     -0.6876259
   13      1.9811517     -0.7916551
   14      1.9782372     -0.6966795
   15      1.9778456     -0.7703637
   16      1.9768566     -0.6549960
   17      1.9688546     -0.7288250
   18      1.9687206     -0.7290026
   19      1.9673513     -0.7284104
   20      1.9665667     -0.7375199
   21      0.0306786     -0.0525615
   22      0.0298569     -0.0510121
   23      0.0283593     -0.0480571
   24      0.0284725     -0.0496129
   25      0.0179009     -0.0252387
   26      0.0183103     -0.0290456
   27      0.0167410     -0.0251791
   28      0.0051998     -0.0104241
   29      0.0108247     -0.0192058
   30      0.0069961     -0.0199886
   31      0.0027981     -0.0073668
   32      0.0063353     -0.0164092
   33      0.0003869     -0.0034419
   34      0.0003638     -0.0031875
   35      0.0003992     -0.0035790
   36      0.0001675     -0.0017792
   37      0.0000335     -0.0006751
   38      0.0000334     -0.0006893
   39      0.0000359     -0.0007385
   40      0.0000014     -0.0001241
   41      0.0027547     -0.0064457
   42      0.0027918     -0.0065929
   43      0.0029201     -0.0068193
   44      0.0026728     -0.0066803
   45      0.0052426     -0.0088106
   46      0.0038442     -0.0078676
   47      0.0050218     -0.0089746
   48      0.0136485     -0.0228973
   49      0.0059256     -0.0099697
   50      0.0030874     -0.0087565
   51      0.0071671     -0.0201676
   52      0.0028904     -0.0076072
   53      0.0004093     -0.0036589
   54      0.0004059     -0.0036245
   55      0.0002450     -0.0021482
   56      0.0001512     -0.0015612
   57      0.0000326     -0.0006730
   58      0.0000323     -0.0006464
   59      0.0000260     -0.0005304
   60      0.0000004     -0.0000371

   RO Sum (  40) =   40.00

  ---------------
   Dipole Moment
  ---------------

      0.1090 Debye [   0.0429  (  -0.0352,  -0.0244,  -0.0019) ]

 ----------------
  Final Energies  
 ----------------

  Final NOF Total Energy =     -622.4455901540 ( 3.E-05 , 0.E+00 )


  **************************************************
  *                                                *
  *       SINGLE-POINT DoNOF CALCULATION           *
  *                                                *
  *             FULL OPTIMIZATION                  *
  *                                                *
  *  FINAL RESULTS   FINAL RESULTS  FINAL RESULTS  *
  *                                                *
  **************************************************

  **************************************************
  *         No. EXTERNAL ITER =    35              *
  *         No. of TOTAL ITER =   600              *
  **************************************************

  Elapsed real time :    172.31  (Seconds)
  Git sha : bcb372acca69df19ae91719c988dea244a3c3d1c                                                            

 The execution finished at 11h 14min on the 11/21/2024
