 This is the parallel version of the code
 This is the parallel version of the code
 This is the parallel version of the code
 This is the parallel version of the code
 This is the parallel version of the code
 This is the parallel version of the code
 This is the parallel version of the code
 This is the parallel version of the code
 This is the parallel version of the code
 This is the parallel version of the code
 This is the parallel version of the code
 This is the parallel version of the code
Master:    0

 The execution started at 12h 59min on the  3/11/2025

    ===========================================================
    !                                                         !
    !                        Do N O F                         !
    !                                                         !
    !  (Donostia Natural Orbital Functional Software Program) !
    !                                                         !
    !               COPYRIGHT by Mario Piris                  !
    !                                                         !
    !      Donostia International Physics Center (DIPC)       !
    !       University of the Basque Country (UPV/EHU)        !
    !       Basque Foundation for Science (IKERBASQUE)        !
    !                                                         !
    !          GNU General Public License version 3           !
    !                                                         !
    !                  VERSION: Mayo 2024                     !
    !                                                         !
    ===========================================================

 Run Title
 ---------
 p30-5 set                                                                       

 Basis Set
 ---------
 /home/ion/p30-5/def2-qzvp/gnof/ncwo/def2-qzvp.bas                               

 Atom      Charge                Coordinates (Bohr)
                           x             y             z
 AL         13.0        0.0000        0.0000        0.0000

 Atomic Basis Set
 ----------------
 The contracted primitive functions were unnormalized
 The contracted basis functions are now normalized to unity

  Shell Type  Primitive         Exponent  Contraction Coefficient

 AL        
 
      1   S       1        754550.7826500    0.000015814418
      1   S       2        112999.3892200    0.000122934973
      1   S       3         25715.8317590    0.000646202967
      1   S       4          7283.6030283    0.002720596424
      1   S       5          2376.0008796    0.009816450258
      1   S       6           857.6546809    0.031128400577
      1   S       7           334.3892260    0.086538965525
      1   S       8           138.4850473    0.202480274742
      1   S       9            60.1503688    0.365768990292
      1   S      10            27.1276109    0.420291612075
 
      2   S      11           225.3650007    0.026544334234
      2   S      12            69.3419681    0.228562803676
      2   S      13            26.6193357    0.783590224227
 
      3   S      14            12.3494207    1.000000000000
 
      4   S      15             4.5878786    1.000000000000
 
      5   S      16             2.0571338    1.000000000000
 
      6   S      17             0.9086455    1.000000000000
 
      7   S      18             0.2422699    1.000000000000
 
      8   S      19             0.1124814    1.000000000000
 
      9   S      20             0.0481565    1.000000000000
 
     10   P      21          1489.6119522    0.000222862648
     10   P      22           353.0139927    0.001933825596
     10   P      23           114.4076407    0.010429504902
     10   P      24            43.3121861    0.040721867216
     10   P      25            18.0273222    0.120315211217
     10   P      26             7.9675432    0.256979176629
     10   P      27             3.6090400    0.382649289221
     10   P      28             1.6456082    0.369364237546
 
     11   P      29            34.7311875    0.029768514948
     11   P      30             1.2553084   -1.001988172804
 
     12   P      31             0.7363553    1.000000000000
 
     13   P      32             0.2468647    1.000000000000
 
     14   P      33             0.0948220    1.000000000000
 
     15   P      34             0.0362142    1.000000000000
 
     16   D      35             1.9700000    1.000000000000
 
     17   D      36             0.4370000    1.000000000000
 
     18   D      37             0.1950000    1.000000000000
 
     19   D      38             0.0800000    1.000000000000
 
     20   F      39             0.4010000    1.000000000000
 
     21   F      40             0.1540000    1.000000000000
 
     22   G      41             0.3570000    1.000000000000

 Total Number of Basis Set Shells             =   22
 Total Number of Primitives                   =   41
 Number of Cartesian Gaussian Basis Functions =   86
 Number of Electrons                          =   13
 Charge of Molecule                           =    0
 Spin Multiplicity                            =    2
 Number of Occupied Orbitals (Alpha)          =    7
 Number of Occupied Orbitals (Beta )          =    6
 Total Number of Atoms                        =    1

 Input Run Options
 -----------------
 IRUNTYP = 1  MULT = 2  ICHARG =  0 IECP = 0  IEMOM = 1  UNITS = ANGS    

 Integral Options
 ----------------
 CUTOFF = 1.0E-09   ISCHWZ = 0   ERITYP = FULL

 Input NOF Options
 -----------------

 Type of calculation =    Coeff. Opt.:   (ICOEF)         1
 Use Softmax function for Occ. Opt.:     (ISOFTMAX)      1
 Type of Orb. Opt. = Orbital Rotations:  (IORBOPT)       4
 Maximum Number of Occ-Coef Outer Iter.: (MAXIT)      1000

 Natural Orbital Functional Selected:    (IPNOF)         8
 Spin-Multiplet, High-Spin State Option: (HighSpin)      F
 
 Restart calculation Option:             (RESTART)       T
 Orthogonalize the initial Orbitals:     (ORTHO)         T

 Output Option:                          (NPRINT)        0
 Output the Coefficient Matrix:          (IWRITEC)       0
 Do a Mulliken Population Analysis:      (IMULPOP)       0
 Write Information into a WFN file:      (IAIMPAC)       1
 Write Information into a FCHK file:     (IFCHK)         1
 Write Information into a MLP file:      (MOLDEN)        1
 Create Ini. Cond. (ini.xyz) file:       (INICOND)       1
 Calculate IPs using Ext. Koopmans Theo: (IEKT)          0
 Write APSG expansion coefficient file:  (APSG)          F
 Output option for Lagrange Multipliers: (PRINTLAG)      F
 Diagonalize matrix of Lag. Multipliers: (DIAGLAG)       F

 Nuclear Coordinates from GCF file:
 ----------------------------------

 Atom      Charge                Coordinates (Bohr)
                           x             y             z
 AL      13.00000        0.0000        0.0000        0.0000

------------------------------------------------------------------------

 Orbital Space
 -------------

 Your NCWO =   14 exceeds the maximum possible value

 Inactive Doubly occupied orbitals up to NO1  =    0
 No. considered Strongly Doubly occupied MOs  =    6
 No. considered Strongly Singly occupied MOs  =    1
 No. of Weakly occ. per St. Doubly occ.  MOs  =   13
 Dimension of the Active Nat. Orb. subspace   =   84
 Secondary Empty orbitals                     =    1

 1e- integrals
 -------------
 Time to do integrals =      0.00

 2e- integrals
 -------------
 DONTW option skips storage 2e- integrals on Unit 1
              923959 2e- integrals in     1 records
 Time to do integrals =      0.38

 Distribution Full ERIs:

 Integrals:                            923959
 Max size per slaves:                   76998
 Max size in master:                  1000957

 No violations of the orthonormality


  RESULTS OF OCCUPATION-COEFFICIENT OPTIMIZATION
 ================================================

  Ex It  Occ Time  Orb Time  Orb It   Electronic Energy     Total Energy   Energy Convergency    Max Mul-Lag Diff

    1    4.8E-01   7.9E-01      10    -242.1407560943     -242.1407560943     0.0000000000           0.000070


  RESULTS OF THE OCCUPATION OPTIMIZATION
 ========================================

   OM     Occupation      Elag Diag

    1      1.9999993    -58.5633420
    2      1.9998399     -4.9377507
    3      1.9989695     -3.2489538
    4      1.9960394     -3.2449866
    5      1.9909885     -3.2374192
    6      1.9728647     -0.4075361
    7      1.0000000     -0.1100032
    8      0.0001161     -0.0002432
    9      0.0000003     -0.0000014
   10      0.0000021     -0.0000094
   11      0.0000096     -0.0000362
   12      0.0000006     -0.0000065
   13      0.0000000     -0.0000000
   14      0.0000673     -0.0001636
   15      0.0000011     -0.0000053
   16      0.0000074     -0.0000612
   17      0.0000060     -0.0000222
   18      0.0000100     -0.0000396
   19      0.0000000     -0.0000000
   20      0.0006365     -0.0013703
   21      0.0000009     -0.0000047
   22      0.0000047     -0.0000919
   23      0.0000045     -0.0000414
   24      0.0000005     -0.0000022
   25      0.0000000     -0.0000002
   26      0.0021310     -0.0067035
   27      0.0000006     -0.0000028
   28      0.0000201     -0.0005795
   29      0.0000515     -0.0001820
   30      0.0000048     -0.0000195
   31      0.0000000     -0.0000001
   32      0.0002318     -0.0004884
   33      0.0000014     -0.0000059
   34      0.0000028     -0.0000113
   35      0.0000133     -0.0000526
   36      0.0000041     -0.0001216
   37      0.0000000     -0.0000001
   38      0.0002124     -0.0004247
   39      0.0010254     -0.0062991
   40      0.0000034     -0.0000151
   41      0.0001214     -0.0005382
   42      0.0000012     -0.0000055
   43      0.0000000     -0.0000002
   44      0.0005197     -0.0011117
   45      0.0000024     -0.0000104
   46      0.0000089     -0.0000357
   47      0.0001116     -0.0004764
   48      0.0000020     -0.0000399
   49      0.0000000     -0.0000002
   50      0.0020589     -0.0067640
   51      0.0000068     -0.0000301
   52      0.0000077     -0.0000328
   53      0.0000126     -0.0000463
   54      0.0000118     -0.0000468
   55      0.0000000     -0.0000002
   56      0.0005181     -0.0011079
   57      0.0000037     -0.0000150
   58      0.0003039     -0.0018979
   59      0.0000446     -0.0001539
   60      0.0000253     -0.0001129
   61      0.0000001     -0.0000006
   62      0.0021650     -0.0068128
   63      0.0000181     -0.0000808
   64      0.0020475     -0.0096741
   65      0.0000459     -0.0001566
   66      0.0000101     -0.0000399
   67      0.0000000     -0.0000003
   68      0.0022195     -0.0067966
   69      0.0000167     -0.0000778
   70      0.0014787     -0.0082295
   71      0.0000494     -0.0001893
   72      0.0000086     -0.0003792
   73      0.0000001     -0.0000006
   74      0.0078818     -0.0180910
   75      0.0043164     -0.0293665
   76      0.0000374     -0.0001587
   77      0.0001043     -0.0014075
   78      0.0000577     -0.0011967
   79      0.0000001     -0.0000006
   80      0.0083772     -0.0178425
   81      0.0036176     -0.0197772
   82      0.0000361     -0.0001634
   83      0.0004559     -0.0063101
   84      0.0000234     -0.0001450
   85      0.0000002     -0.0000016

   RO Sum (  13) =   13.00

  ---------------
   Dipole Moment
  ---------------

      0.0085 Debye [   0.0033  (   0.0023,   0.0024,   0.0002) ]

 ----------------
  Final Energies  
 ----------------

  Final NOF Total Energy =     -242.1407560943 ( 7.E-05 , 0.E+00 )


  **************************************************
  *                                                *
  *       SINGLE-POINT DoNOF CALCULATION           *
  *                                                *
  *             FULL OPTIMIZATION                  *
  *                                                *
  *  FINAL RESULTS   FINAL RESULTS  FINAL RESULTS  *
  *                                                *
  **************************************************

  **************************************************
  *         No. EXTERNAL ITER =     1              *
  *         No. of TOTAL ITER =    10              *
  **************************************************

  Elapsed real time :      2.08  (Seconds)

 The execution finished at 12h 59min on the  3/11/2025
