 This is the parallel version of the code
 This is the parallel version of the code
 This is the parallel version of the code
 This is the parallel version of the code
Master:    0

 The execution started at 11h 12min on the 11/21/2024

    ===========================================================
    !                                                         !
    !                        Do N O F                         !
    !                                                         !
    !  (Donostia Natural Orbital Functional Software Program) !
    !                                                         !
    !               COPYRIGHT by Mario Piris                  !
    !                                                         !
    !      Donostia International Physics Center (DIPC)       !
    !       University of the Basque Country (UPV/EHU)        !
    !       Basque Foundation for Science (IKERBASQUE)        !
    !                                                         !
    !          GNU General Public License version 3           !
    !                                                         !
    !                  VERSION: Mayo 2024                     !
    !                                                         !
    ===========================================================

 Run Title
 ---------
 p30-5 set                                                                       

 Basis Set
 ---------
 /beegfs_agamede/gscratch/povmieci/SCRATCH/64781/def2-svp.bas                    

 Atom      Charge                Coordinates (Bohr)
                           x             y             z
 S          16.0        0.0000        2.9335        1.7423
 S          16.0        0.0000        2.0192       -1.7423
 S          16.0        0.0000       -2.0192       -1.7423
 S          16.0        0.0000       -2.9335        1.7423

 Atomic Basis Set
 ----------------
 The contracted primitive functions were unnormalized
 The contracted basis functions are now normalized to unity

  Shell Type  Primitive         Exponent  Contraction Coefficient

 S         

      1   S       1          9184.9303010   -0.005472946613
      1   S       2          1381.5105503   -0.040954402155
      1   S       3           313.8714758   -0.184758289562
      1   S       4            88.0538706   -0.475672806440
      1   S       5            27.0399149   -0.434951535842

      2   S       6            45.6487313   -0.091904045809
      2   S       7             4.9664522    0.556987772145
      2   S       8             2.0116242    0.511154682985

      3   S       9             0.3566108    1.000000000000

      4   S      10             0.1350722    1.000000000000

      5   P      11           261.9823344   -0.009183054659
      5   P      12            61.3068947   -0.065902226526
      5   P      13            19.1037299   -0.245877845187
      5   P      14             6.6567720   -0.482314710760
      5   P      15             2.3959635   -0.389563143514

      6   P      16             0.6177616    1.000000000000

      7   P      17             0.1699338    1.000000000000

      8   D      18             0.5500000    1.000000000000

 S         

      9   S      19          9184.9303010   -0.005472946613
      9   S      20          1381.5105503   -0.040954402155
      9   S      21           313.8714758   -0.184758289562
      9   S      22            88.0538706   -0.475672806440
      9   S      23            27.0399149   -0.434951535842

     10   S      24            45.6487313   -0.091904045809
     10   S      25             4.9664522    0.556987772145
     10   S      26             2.0116242    0.511154682985

     11   S      27             0.3566108    1.000000000000

     12   S      28             0.1350722    1.000000000000

     13   P      29           261.9823344   -0.009183054659
     13   P      30            61.3068947   -0.065902226526
     13   P      31            19.1037299   -0.245877845187
     13   P      32             6.6567720   -0.482314710760
     13   P      33             2.3959635   -0.389563143514

     14   P      34             0.6177616    1.000000000000

     15   P      35             0.1699338    1.000000000000

     16   D      36             0.5500000    1.000000000000

 S         

     17   S      37          9184.9303010   -0.005472946613
     17   S      38          1381.5105503   -0.040954402155
     17   S      39           313.8714758   -0.184758289562
     17   S      40            88.0538706   -0.475672806440
     17   S      41            27.0399149   -0.434951535842

     18   S      42            45.6487313   -0.091904045809
     18   S      43             4.9664522    0.556987772145
     18   S      44             2.0116242    0.511154682985

     19   S      45             0.3566108    1.000000000000

     20   S      46             0.1350722    1.000000000000

     21   P      47           261.9823344   -0.009183054659
     21   P      48            61.3068947   -0.065902226526
     21   P      49            19.1037299   -0.245877845187
     21   P      50             6.6567720   -0.482314710760
     21   P      51             2.3959635   -0.389563143514

     22   P      52             0.6177616    1.000000000000

     23   P      53             0.1699338    1.000000000000

     24   D      54             0.5500000    1.000000000000

 S         

     25   S      55          9184.9303010   -0.005472946613
     25   S      56          1381.5105503   -0.040954402155
     25   S      57           313.8714758   -0.184758289562
     25   S      58            88.0538706   -0.475672806440
     25   S      59            27.0399149   -0.434951535842

     26   S      60            45.6487313   -0.091904045809
     26   S      61             4.9664522    0.556987772145
     26   S      62             2.0116242    0.511154682985

     27   S      63             0.3566108    1.000000000000

     28   S      64             0.1350722    1.000000000000

     29   P      65           261.9823344   -0.009183054659
     29   P      66            61.3068947   -0.065902226526
     29   P      67            19.1037299   -0.245877845187
     29   P      68             6.6567720   -0.482314710760
     29   P      69             2.3959635   -0.389563143514

     30   P      70             0.6177616    1.000000000000

     31   P      71             0.1699338    1.000000000000

     32   D      72             0.5500000    1.000000000000

 Total Number of Basis Set Shells             =   32
 Total Number of Primitives                   =   72
 Number of Cartesian Gaussian Basis Functions =   76
 Number of Electrons                          =   64
 Charge of Molecule                           =    0
 Spin Multiplicity                            =    1
 Number of Occupied Orbitals (Alpha)          =   32
 Number of Occupied Orbitals (Beta )          =   32
 Total Number of Atoms                        =    4

 Input Run Options
 -----------------
 IRUNTYP = 1  MULT = 1  ICHARG =  0 IECP = 0  IEMOM = 1  UNITS = ANGS    

 Integral Options
 ----------------
 CUTOFF = 1.0E-09   ISCHWZ = 0   ERITYP = FULL

 Input NOF Options
 -----------------

 Type of calculation =    Coeff. Opt.:   (ICOEF)         1
 Use Softmax function for Occ. Opt.:     (ISOFTMAX)      1
 Type of Orb. Opt. = Orbital Rotations:  (IORBOPT)       4
 Maximum Number of Occ-Coef Outer Iter.: (MAXIT)      1000

 Natural Orbital Functional Selected:    (IPNOF)         8

 Restart calculation Option:             (RESTART)       F
 Restart Gamma Matrix from GCF file:     (INPUTGAMMA)    0
 Coefficient Matrix from GCF file:       (INPUTC)        0
 Diagonal Elements FMIUG from GCF file:  (INPUTFMIUG)    0
 Cartesian Coordinates from GCF file:    (INPUTCXYZ)     0
 Orthogonalize the initial Orbitals:     (ORTHO)         T

 Output Option:                          (NPRINT)        0
 Output the Coefficient Matrix:          (IWRITEC)       0
 Do a Mulliken Population Analysis:      (IMULPOP)       0
 Write Information into a WFN file:      (IAIMPAC)       1
 Write Information into a FCHK file:     (IFCHK)         1
 Write Information into a MLP file:      (MOLDEN)        1
 Create Ini. Cond. (ini.xyz) file:       (INICOND)       1
 Calculate IPs using Ext. Koopmans Theo: (IEKT)          0
 Write APSG expansion coefficient file:  (APSG)          F
 Output option for Lagrange Multipliers: (PRINTLAG)      F
 Diagonalize matrix of Lag. Multipliers: (DIAGLAG)       F

------------------------------------------------------------------------

 Orbital Space
 -------------

 Inactive Doubly occupied orbitals up to NO1  =    0
 No. considered Strongly Doubly occupied MOs  =   32
 No. considered Strongly Singly occupied MOs  =    0
 No. of Weakly occ. per St. Doubly occ.  MOs  =    1
 Dimension of the Active Nat. Orb. subspace   =   64
 Secondary Empty orbitals                     =   12

 1e- integrals
 -------------
 Time to do integrals =      0.00
 Guess for MOs = HCORE
      1768 MOs were matched and         0 equalized to zero

 2e- integrals
 -------------
 DONTW option skips storage 2e- integrals on Unit 1
             1582680 2e- integrals in     1 records
 Time to do integrals =      0.25

 Distribution Full ERIs:

 Integrals:                           1582680
 Max size per slaves:                  395672
 Max size in master:                  1978352

 Input for Coefficients is HCORE


  RESULTS OF OCCUPATION-COEFFICIENT OPTIMIZATION
 ================================================

  Ex It  Orb It    Electronic Energy     Total Energy   Energy Convergency    Max Mul-Lag Diff

    1      10     -1909.4059030919    -1575.7062720542   -14.0915116884           0.909322
    2      10     -1918.2922937389    -1584.5926627012    -8.8863906469           0.625545
    3      10     -1921.8052646264    -1588.1056335887    -3.5129708876           0.365742
    4      10     -1923.0710980658    -1589.3714670281    -1.2658334394           0.183571
    5      10     -1923.4282047603    -1589.7285737226    -0.3571066945           0.150072
    6      10     -1923.5741708995    -1589.8745398619    -0.1459661392           0.286766
    7      10     -1923.6800313502    -1589.9804003125    -0.1058604507           0.135067
    8      10     -1923.7450046393    -1590.0453736016    -0.0649732891           0.137568
    9      10     -1923.7936399011    -1590.0940088634    -0.0486352618           0.167768
   10      10     -1923.8169858592    -1590.1173548216    -0.0233459582           0.127223
   11      10     -1923.8271097197    -1590.1274786820    -0.0101238604           0.118472
   12      10     -1923.8321758591    -1590.1325448214    -0.0050661394           0.148098
   13      10     -1923.8400190203    -1590.1403879826    -0.0078431612           0.128563
   14      10     -1923.8389673191    -1590.1393362814     0.0010517012           0.132920
   15      20     -1923.8647931115    -1590.1651620738    -0.0258257924           0.004371
   16      20     -1923.8654032839    -1590.1657722462    -0.0006101724           0.002342
   17      20     -1923.8659028693    -1590.1662718317    -0.0004995854           0.002290
   18      20     -1923.8663830147    -1590.1667519770    -0.0004801453           0.002276
   19      20     -1923.8668478949    -1590.1672168572    -0.0004648802           0.002178
   20      20     -1923.8672908005    -1590.1676597628    -0.0004429056           0.002138
   21      20     -1923.8677094618    -1590.1680784241    -0.0004186613           0.002041
   22      20     -1923.8680938235    -1590.1684627858    -0.0003843617           0.002070
   23      20     -1923.8684446932    -1590.1688136555    -0.0003508697           0.002026
   24      20     -1923.8687601459    -1590.1691291083    -0.0003154527           0.002233
   25      20     -1923.8690460958    -1590.1694150581    -0.0002859499           0.002193
   26      20     -1923.8693078648    -1590.1696768271    -0.0002617690           0.002116
   27      20     -1923.8695558333    -1590.1699247956    -0.0002479685           0.002265
   28      20     -1923.8697820765    -1590.1701510389    -0.0002262433           0.002164
   29      20     -1923.8699839213    -1590.1703528837    -0.0002018448           0.001971
   30      30     -1923.8702457143    -1590.1706146766    -0.0002617929           0.000781
   31      30     -1923.8704279866    -1590.1707969489    -0.0001822723           0.000782
   32      30     -1923.8705505804    -1590.1709195428    -0.0001225939           0.000793
   33      30     -1923.8706302013    -1590.1709991637    -0.0000796209           0.000787
   34      40     -1923.8707254738    -1590.1710944361    -0.0000952724           0.000271
   35      50     -1923.8708177116    -1590.1711866739    -0.0000922378           0.000266
   36      60     -1923.8709076515    -1590.1712766138    -0.0000899399           0.000248
   37      70     -1923.8709997578    -1590.1713687202    -0.0000921063           0.000215
   38      80     -1923.8710822206    -1590.1714511829    -0.0000824628           0.000169
   39      90     -1923.8711467485    -1590.1715157108    -0.0000645279           0.000124
   40     100     -1923.8711951125    -1590.1715640748    -0.0000483641           0.000073
   41     100     -1923.8711958056    -1590.1715647680    -0.0000006931           0.000074


  RESULTS OF THE OCCUPATION OPTIMIZATION
 ========================================

   OM     Occupation      Elag Diag

    1      2.0000000    -91.9961304
    2      2.0000000    -92.0168822
    3      2.0000000    -92.0439538
    4      1.9999978    -92.0182270
    5      1.9997826     -9.0232324
    6      1.9997763     -9.0303132
    7      1.9997750     -9.0336994
    8      1.9997686     -9.0277681
    9      1.9996022     -6.7251748
   10      1.9996013     -6.7249319
   11      1.9995657     -6.7075840
   12      1.9995652     -6.7077952
   13      1.9995551     -6.7090911
   14      1.9995421     -6.7108985
   15      1.9995354     -6.7124816
   16      1.9995347     -6.7063046
   17      1.9995253     -6.7240136
   18      1.9994753     -6.7120493
   19      1.9993919     -6.7324788
   20      1.9993796     -6.7190870
   21      1.9897918     -0.9779819
   22      1.9896092     -0.9782082
   23      1.9892094     -0.9226624
   24      1.9889242     -0.9192090
   25      1.9815100     -0.4990820
   26      1.9813960     -0.4987774
   27      1.9798632     -0.4639836
   28      1.9787084     -0.4517493
   29      1.9680041     -0.5693537
   30      1.9677371     -0.5727895
   31      1.9635710     -0.4994616
   32      1.9576550     -0.3172276
   33      0.0423450     -0.0592045
   34      0.0364290     -0.0523315
   35      0.0322629     -0.0450563
   36      0.0319959     -0.0448885
   37      0.0212916     -0.0221293
   38      0.0201368     -0.0198365
   39      0.0186040     -0.0182650
   40      0.0184900     -0.0181427
   41      0.0110758     -0.0214793
   42      0.0107906     -0.0211085
   43      0.0103908     -0.0205632
   44      0.0102082     -0.0203247
   45      0.0006204     -0.0043891
   46      0.0006081     -0.0042279
   47      0.0005247     -0.0036836
   48      0.0004747     -0.0033028
   49      0.0004653     -0.0032459
   50      0.0004646     -0.0032382
   51      0.0004579     -0.0031866
   52      0.0004449     -0.0031035
   53      0.0004348     -0.0030367
   54      0.0004343     -0.0030316
   55      0.0003987     -0.0027841
   56      0.0003978     -0.0027807
   57      0.0002314     -0.0021008
   58      0.0002250     -0.0020478
   59      0.0002237     -0.0020298
   60      0.0002174     -0.0019907
   61      0.0000022     -0.0001934
   62      0.0000000     -0.0000113
   63      0.0000000     -0.0000000
   64      0.0000000     -0.0000000

   RO Sum (  64) =   64.00

  ---------------
   Dipole Moment
  ---------------

      1.6691 Debye [   0.6567  (  -0.0078,  -0.0197,  -0.6563) ]

 ----------------
  Final Energies  
 ----------------

  Final NOF Total Energy =    -1590.1715647680 ( 7.E-05 , 0.E+00 )


  **************************************************
  *                                                *
  *       SINGLE-POINT DoNOF CALCULATION           *
  *                                                *
  *             FULL OPTIMIZATION                  *
  *                                                *
  *  FINAL RESULTS   FINAL RESULTS  FINAL RESULTS  *
  *                                                *
  **************************************************

  **************************************************
  *         No. EXTERNAL ITER =    41              *
  *         No. of TOTAL ITER =  1150              *
  **************************************************

  Elapsed real time :    386.56  (Seconds)
  Git sha : bcb372acca69df19ae91719c988dea244a3c3d1c                                                            

 The execution finished at 11h 19min on the 11/21/2024
