 This is the parallel version of the code
 This is the parallel version of the code
 This is the parallel version of the code
 This is the parallel version of the code
 This is the parallel version of the code
 This is the parallel version of the code
 This is the parallel version of the code
 This is the parallel version of the code
 This is the parallel version of the code
 This is the parallel version of the code
 This is the parallel version of the code
 This is the parallel version of the code
Master:    0

 The execution started at 15h 18min on the  3/17/2025

    ===========================================================
    !                                                         !
    !                        Do N O F                         !
    !                                                         !
    !  (Donostia Natural Orbital Functional Software Program) !
    !                                                         !
    !               COPYRIGHT by Mario Piris                  !
    !                                                         !
    !      Donostia International Physics Center (DIPC)       !
    !       University of the Basque Country (UPV/EHU)        !
    !       Basque Foundation for Science (IKERBASQUE)        !
    !                                                         !
    !          GNU General Public License version 3           !
    !                                                         !
    !                  VERSION: Mayo 2024                     !
    !                                                         !
    ===========================================================

 Run Title
 ---------
 p30-5 set                                                                       

 Basis Set
 ---------
 /home/ion/p30-5/def2-qzvp/gnof/ncwo/def2-qzvp.bas                               

 Atom      Charge                Coordinates (Bohr)
                           x             y             z
 F           9.0        0.0000        0.0000        0.0000

 Atomic Basis Set
 ----------------
 The contracted primitive functions were unnormalized
 The contracted basis functions are now normalized to unity

  Shell Type  Primitive         Exponent  Contraction Coefficient

 F         
 
      1   S       1        132535.9734500    0.000077991655
      1   S       2         19758.1125880    0.000610110499
      1   S       3          4485.1996947    0.003201264977
      1   S       4          1273.8151020    0.013260979519
      1   S       5           418.9383124    0.046071472261
      1   S       6           152.5572198    0.136167792948
      1   S       7            59.8215248    0.326765510155
      1   S       8            24.8190769    0.573746111915
 
      2   S       9           100.7444667    0.102589537845
      2   S      10            30.1037283    0.918646158514
 
      3   S      11            10.8142833    1.000000000000
 
      4   S      12             4.8172887    1.000000000000
 
      5   S      13             1.6559334    1.000000000000
 
      6   S      14             0.6489352    1.000000000000
 
      7   S      15             0.2477810    1.000000000000
 
      8   P      16           240.9665411    0.002580161562
      8   P      17            57.0206998    0.020680170596
      8   P      18            18.1269521    0.097152556343
      8   P      19             6.6457405    0.314685817921
      8   P      20             2.6375723    0.677445033362
 
      9   P      21             1.0638217    1.000000000000
 
     10   P      22             0.4193256    1.000000000000
 
     11   P      23             0.1574759    1.000000000000
 
     12   D      24             5.0140000    1.000000000000
 
     13   D      25             1.7250000    1.000000000000
 
     14   D      26             0.5860000    1.000000000000
 
     15   F      27             3.5620000    1.000000000000
 
     16   F      28             1.1480000    1.000000000000
 
     17   G      29             2.3760000    1.000000000000

 Total Number of Basis Set Shells             =   17
 Total Number of Primitives                   =   29
 Number of Cartesian Gaussian Basis Functions =   72
 Number of Electrons                          =    9
 Charge of Molecule                           =    0
 Spin Multiplicity                            =    2
 Number of Occupied Orbitals (Alpha)          =    5
 Number of Occupied Orbitals (Beta )          =    4
 Total Number of Atoms                        =    1

 Input Run Options
 -----------------
 IRUNTYP = 1  MULT = 2  ICHARG =  0 IECP = 0  IEMOM = 1  UNITS = ANGS    

 Integral Options
 ----------------
 CUTOFF = 1.0E-09   ISCHWZ = 0   ERITYP = FULL

 Input NOF Options
 -----------------

 Type of calculation =    Coeff. Opt.:   (ICOEF)         1
 Use Softmax function for Occ. Opt.:     (ISOFTMAX)      1
 Type of Orb. Opt. = Orbital Rotations:  (IORBOPT)       4
 Maximum Number of Occ-Coef Outer Iter.: (MAXIT)      1000

 Natural Orbital Functional Selected:    (IPNOF)         8
 Spin-Multiplet, High-Spin State Option: (HighSpin)      F
 
 Restart calculation Option:             (RESTART)       T
 Orthogonalize the initial Orbitals:     (ORTHO)         T

 Output Option:                          (NPRINT)        0
 Output the Coefficient Matrix:          (IWRITEC)       0
 Do a Mulliken Population Analysis:      (IMULPOP)       0
 Write Information into a WFN file:      (IAIMPAC)       1
 Write Information into a FCHK file:     (IFCHK)         1
 Write Information into a MLP file:      (MOLDEN)        1
 Create Ini. Cond. (ini.xyz) file:       (INICOND)       1
 Calculate IPs using Ext. Koopmans Theo: (IEKT)          0
 Write APSG expansion coefficient file:  (APSG)          F
 Output option for Lagrange Multipliers: (PRINTLAG)      F
 Diagonalize matrix of Lag. Multipliers: (DIAGLAG)       F

 Nuclear Coordinates from GCF file:
 ----------------------------------

 Atom      Charge                Coordinates (Bohr)
                           x             y             z
 F        9.00000        0.0000        0.0000        0.0000

------------------------------------------------------------------------

 Orbital Space
 -------------

 Inactive Doubly occupied orbitals up to NO1  =    0
 No. considered Strongly Doubly occupied MOs  =    4
 No. considered Strongly Singly occupied MOs  =    1
 No. of Weakly occ. per St. Doubly occ.  MOs  =   16
 Dimension of the Active Nat. Orb. subspace   =   68
 Secondary Empty orbitals                     =    3

 1e- integrals
 -------------
 Time to do integrals =      0.00

 2e- integrals
 -------------
 DONTW option skips storage 2e- integrals on Unit 1
              453802 2e- integrals in     1 records
 Time to do integrals =      0.15

 Distribution Full ERIs:

 Integrals:                            453802
 Max size per slaves:                   37818
 Max size in master:                   491620

 No violations of the orthonormality


  RESULTS OF OCCUPATION-COEFFICIENT OPTIMIZATION
 ================================================

  Ex It  Occ Time  Orb Time  Orb It   Electronic Energy     Total Energy   Energy Convergency    Max Mul-Lag Diff

    1    2.7E-01   3.5E-01      10     -99.6782476619      -99.6782476619     0.0000000000           0.000041


  RESULTS OF THE OCCUPATION OPTIMIZATION
 ========================================

   OM     Occupation      Elag Diag

    1      1.9999689    -26.4290757
    2      1.9961384     -1.6150848
    3      1.9767647     -0.7489550
    4      1.9754306     -0.7494212
    5      1.0000000     -0.4449201
    6      0.0034981     -0.0091791
    7      0.0000450     -0.0002738
    8      0.0000392     -0.0002682
    9      0.0000001     -0.0000013
   10      0.0006802     -0.0030324
   11      0.0000258     -0.0002280
   12      0.0009332     -0.0039311
   13      0.0000014     -0.0000464
   14      0.0086563     -0.0186522
   15      0.0002786     -0.0011800
   16      0.0003699     -0.0013498
   17      0.0000018     -0.0000587
   18      0.0027984     -0.0074231
   19      0.0077528     -0.0178842
   20      0.0009212     -0.0067452
   21      0.0000086     -0.0006292
   22      0.0037752     -0.0098894
   23      0.0002071     -0.0009118
   24      0.0001234     -0.0006497
   25      0.0000011     -0.0000406
   26      0.0000266     -0.0001896
   27      0.0027117     -0.0074395
   28      0.0003956     -0.0014382
   29      0.0000054     -0.0001511
   30      0.0001965     -0.0008331
   31      0.0001568     -0.0007577
   32      0.0000462     -0.0002951
   33      0.0000004     -0.0000325
   34      0.0044088     -0.0100780
   35      0.0000745     -0.0004506
   36      0.0001141     -0.0021634
   37      0.0000011     -0.0000281
   38      0.0001914     -0.0008274
   39      0.0001822     -0.0008347
   40      0.0000441     -0.0003559
   41      0.0000001     -0.0000015
   42      0.0001874     -0.0007914
   43      0.0027527     -0.0074851
   44      0.0006282     -0.0028087
   45      0.0000018     -0.0000599
   46      0.0000233     -0.0001798
   47      0.0083036     -0.0220937
   48      0.0000407     -0.0002789
   49      0.0000002     -0.0000064
   50      0.0000268     -0.0001962
   51      0.0001900     -0.0008258
   52      0.0000462     -0.0002940
   53      0.0000009     -0.0000235
   54      0.0000244     -0.0001688
   55      0.0002802     -0.0011874
   56      0.0000401     -0.0002659
   57      0.0000005     -0.0000134
   58      0.0000227     -0.0001713
   59      0.0002221     -0.0009493
   60      0.0000429     -0.0003413
   61      0.0000013     -0.0001337
   62      0.0000264     -0.0001932
   63      0.0000255     -0.0001869
   64      0.0000410     -0.0002778
   65      0.0000014     -0.0000489
   66      0.0000269     -0.0002019
   67      0.0000267     -0.0002045
   68      0.0000358     -0.0002908
   69      0.0000048     -0.0001231

   RO Sum (   9) =    9.00

  ---------------
   Dipole Moment
  ---------------

      0.0002 Debye [   0.0001  (   0.0001,   0.0000,   0.0000) ]

 ----------------
  Final Energies  
 ----------------

  Final NOF Total Energy =      -99.6782476619 ( 4.E-05 , 0.E+00 )


  **************************************************
  *                                                *
  *       SINGLE-POINT DoNOF CALCULATION           *
  *                                                *
  *             FULL OPTIMIZATION                  *
  *                                                *
  *  FINAL RESULTS   FINAL RESULTS  FINAL RESULTS  *
  *                                                *
  **************************************************

  **************************************************
  *         No. EXTERNAL ITER =     1              *
  *         No. of TOTAL ITER =    10              *
  **************************************************

  Elapsed real time :      0.98  (Seconds)

 The execution finished at 15h 18min on the  3/17/2025
