 This is the parallel version of the code
 This is the parallel version of the code
 This is the parallel version of the code
 This is the parallel version of the code
 This is the parallel version of the code
 This is the parallel version of the code
 This is the parallel version of the code
 This is the parallel version of the code
 This is the parallel version of the code
 This is the parallel version of the code
 This is the parallel version of the code
 This is the parallel version of the code
Master:    0

 The execution started at 14h 46min on the  3/11/2025

    ===========================================================
    !                                                         !
    !                        Do N O F                         !
    !                                                         !
    !  (Donostia Natural Orbital Functional Software Program) !
    !                                                         !
    !               COPYRIGHT by Mario Piris                  !
    !                                                         !
    !      Donostia International Physics Center (DIPC)       !
    !       University of the Basque Country (UPV/EHU)        !
    !       Basque Foundation for Science (IKERBASQUE)        !
    !                                                         !
    !          GNU General Public License version 3           !
    !                                                         !
    !                  VERSION: Mayo 2024                     !
    !                                                         !
    ===========================================================

 Run Title
 ---------
 p30-5 set                                                                       

 Basis Set
 ---------
 /home/ion/p30-5/def2-qzvp/gnof/ncwo/def2-qzvp.bas                               

 Atom      Charge                Coordinates (Bohr)
                           x             y             z
 O           8.0        0.0000        0.0000        0.0000

 Atomic Basis Set
 ----------------
 The contracted primitive functions were unnormalized
 The contracted basis functions are now normalized to unity

  Shell Type  Primitive         Exponent  Contraction Coefficient

 O         
 
      1   S       1        116506.4690800    0.000071987576
      1   S       2         17504.3497240    0.000557148772
      1   S       3          3993.4513230    0.002913003168
      1   S       4          1133.0063186    0.012172051077
      1   S       5           369.9956959    0.043003761827
      1   S       6           133.6207435    0.129647623897
      1   S       7            52.0356436    0.319696085629
      1   S       8            21.4619393    0.589314587967
 
      2   S       9            89.8350513    0.094848052763
      2   S      10            26.4280108    0.925363787917
 
      3   S      11             9.2822825    1.000000000000
 
      4   S      12             4.0947729    1.000000000000
 
      5   S      13             1.3255349    1.000000000000
 
      6   S      14             0.5187723    1.000000000000
 
      7   S      15             0.1977268    1.000000000000
 
      8   P      16           191.1525581    0.002535957414
      8   P      17            45.2333567    0.020233824294
      8   P      18            14.3534659    0.094518019998
      8   P      19             5.2422372    0.309154328074
      8   P      20             2.0792419    0.684689495338
 
      9   P      21             0.8428237    1.000000000000
 
     10   P      22             0.3361769    1.000000000000
 
     11   P      23             0.1286400    1.000000000000
 
     12   D      24             3.7750000    1.000000000000
 
     13   D      25             1.3000000    1.000000000000
 
     14   D      26             0.4440000    1.000000000000
 
     15   F      27             2.6660000    1.000000000000
 
     16   F      28             0.8590000    1.000000000000
 
     17   G      29             1.8460000    1.000000000000

 Total Number of Basis Set Shells             =   17
 Total Number of Primitives                   =   29
 Number of Cartesian Gaussian Basis Functions =   72
 Number of Electrons                          =    8
 Charge of Molecule                           =    0
 Spin Multiplicity                            =    3
 Number of Occupied Orbitals (Alpha)          =    5
 Number of Occupied Orbitals (Beta )          =    3
 Total Number of Atoms                        =    1

 Input Run Options
 -----------------
 IRUNTYP = 1  MULT = 3  ICHARG =  0 IECP = 0  IEMOM = 1  UNITS = ANGS    

 Integral Options
 ----------------
 CUTOFF = 1.0E-09   ISCHWZ = 0   ERITYP = FULL

 Input NOF Options
 -----------------

 Type of calculation =    Coeff. Opt.:   (ICOEF)         1
 Use Softmax function for Occ. Opt.:     (ISOFTMAX)      1
 Type of Orb. Opt. = Orbital Rotations:  (IORBOPT)       4
 Maximum Number of Occ-Coef Outer Iter.: (MAXIT)      1000

 Natural Orbital Functional Selected:    (IPNOF)         8
 Spin-Multiplet, High-Spin State Option: (HighSpin)      F
 
 Restart calculation Option:             (RESTART)       F
 Restart Gamma Matrix from GCF file:     (INPUTGAMMA)    0
 Coefficient Matrix from GCF file:       (INPUTC)        0
 Diagonal Elements FMIUG from GCF file:  (INPUTFMIUG)    0
 Cartesian Coordinates from GCF file:    (INPUTCXYZ)     0

 Hartree-Fock Calc. using ID Method:     (HFID)          T
 Threshold Energy Convergence=10**(-N):  (NTHRESHEID)    8
 Max. Number of External Iterations:     (MAXITID)     100
 Ion. Potentials by Koopmans Theorem:    (KOOPMANS)      0
 Orthogonalize the initial Orbitals:     (ORTHO)         T

 Output Option:                          (NPRINT)        0
 Output the Coefficient Matrix:          (IWRITEC)       0
 Do a Mulliken Population Analysis:      (IMULPOP)       0
 Write Information into a WFN file:      (IAIMPAC)       1
 Write Information into a FCHK file:     (IFCHK)         1
 Write Information into a MLP file:      (MOLDEN)        1
 Create Ini. Cond. (ini.xyz) file:       (INICOND)       1
 Calculate IPs using Ext. Koopmans Theo: (IEKT)          0
 Write APSG expansion coefficient file:  (APSG)          F
 Output option for Lagrange Multipliers: (PRINTLAG)      F
 Diagonalize matrix of Lag. Multipliers: (DIAGLAG)       F

------------------------------------------------------------------------

 Orbital Space
 -------------

 Inactive Doubly occupied orbitals up to NO1  =    0
 No. considered Strongly Doubly occupied MOs  =    3
 No. considered Strongly Singly occupied MOs  =    2
 No. of Weakly occ. per St. Doubly occ.  MOs  =   22
 Dimension of the Active Nat. Orb. subspace   =   69
 Secondary Empty orbitals                     =    1

 1e- integrals
 -------------
 Time to do integrals =      0.00
 Guess for MOs = HCORE
       333 MOs were matched and         7 equalized to zero

 No violations of the orthonormality

 2e- integrals
 -------------
 DONTW option skips storage 2e- integrals on Unit 1
              453802 2e- integrals in     1 records
 Time to do integrals =      0.15

 Distribution Full ERIs:

 Integrals:                            453802
 Max size per slaves:                   37818
 Max size in master:                   491620


  HARTREE-FOCK 
 ==============

  ITER     ELECTRONIC ENERGY      TOTAL ENERGY   ENERGY CONVERGENCY    MAX MUL-LAG DIFF

    2.          131.617428         131.617428       172.87235710          45.922660
    3.           38.468590          38.468590       -93.14883787          19.571447
    4.           57.461725          57.461725        18.99313482          22.090797
    5.           -9.603283          -9.603283       -67.06500844          33.233529
    6.          300.780855         300.780855       310.38413866          72.984978
    7.          -27.452673         -27.452673      -328.23352884           8.395023
    8.          -50.689236         -50.689236       -23.23656217           6.419627
    9.          -62.641194         -62.641194       -11.95195822           4.035984
   10.          -67.108691         -67.108691        -4.46749748           1.554339
   11.          -68.896545         -68.896545        -1.78785405           0.772261
   12.          -69.705298         -69.705298        -0.80875291           0.674088
   13.          -70.472674         -70.472674        -0.76737611           0.566512
   14.          -71.104193         -71.104193        -0.63151887           0.523465
   15.          -71.488087         -71.488087        -0.38389369           0.439047
   16.          -71.843180         -71.843180        -0.35509286           0.415383
   17.          -72.192780         -72.192780        -0.34960006           0.352447
   18.          -72.499233         -72.499233        -0.30645351           0.305481
   19.          -72.755120         -72.755120        -0.25588660           0.253930
   20.          -72.959770         -72.959770        -0.20465027           0.225984
   21.          -73.074337         -73.074337        -0.11456667           0.211472
   22.          -73.232345         -73.232345        -0.15800829           0.178811
   23.          -73.323377         -73.323377        -0.09103215           0.170476
   24.          -73.438255         -73.438255        -0.11487739           0.145080
   25.          -73.535748         -73.535748        -0.09749368           0.129852
   26.          -73.610811         -73.610811        -0.07506303           0.125903
   27.          -73.682746         -73.682746        -0.07193493           0.121828
   28.          -73.726765         -73.726765        -0.04401915           0.115308
   29.          -73.779857         -73.779857        -0.05309160           0.111413
   30.          -73.825082         -73.825082        -0.04522447           0.101637
   31.          -73.864933         -73.864933        -0.03985178           0.099660
   32.          -73.901289         -73.901289        -0.03635539           0.093107
   33.          -73.929745         -73.929745        -0.02845658           0.087746
   34.          -73.958616         -73.958616        -0.02887108           0.081427
   35.          -73.983266         -73.983266        -0.02464966           0.078449
   36.          -74.003935         -74.003935        -0.02066859           0.075004
   37.          -74.018421         -74.018421        -0.01448601           0.075541
   38.          -74.037259         -74.037259        -0.01883799           0.072322
   39.          -74.054724         -74.054724        -0.01746562           0.069989
   40.          -74.065934         -74.065934        -0.01120957           0.069496
   41.          -74.076548         -74.076548        -0.01061399           0.070065
   42.          -74.086980         -74.086980        -0.01043212           0.067937
   43.          -74.096506         -74.096506        -0.00952592           0.083530
   44.          -74.106186         -74.106186        -0.00967983           0.069866
   45.          -74.115471         -74.115471        -0.00928520           0.071051
   46.          -74.125279         -74.125279        -0.00980845           0.068816
   47.          -74.139272         -74.139272        -0.01399239           0.074098
   48.          -74.148429         -74.148429        -0.00915717           0.068603
   49.          -74.158791         -74.158791        -0.01036258           0.076319
   50.          -74.168409         -74.168409        -0.00961729           0.082261
   51.          -74.179909         -74.179909        -0.01149980           0.071667
   52.          -74.189892         -74.189892        -0.00998387           0.077490
   53.          -74.200248         -74.200248        -0.01035551           0.110317
   54.          -74.212653         -74.212653        -0.01240560           0.093105
   55.          -74.222623         -74.222623        -0.00996951           0.108439
   56.          -74.234133         -74.234133        -0.01150951           0.086952
   57.          -74.246316         -74.246316        -0.01218314           0.113096
   58.          -74.257109         -74.257109        -0.01079298           0.118270
   59.          -74.267936         -74.267936        -0.01082715           0.137915
   60.          -74.281774         -74.281774        -0.01383858           0.104403
   61.          -74.294786         -74.294786        -0.01301156           0.106095
   62.          -74.306649         -74.306649        -0.01186343           0.148931
   63.          -74.326505         -74.326505        -0.01985592           0.121719
   64.          -74.341208         -74.341208        -0.01470272           0.171057
   65.          -74.354492         -74.354492        -0.01328375           0.126932
   66.          -74.368770         -74.368770        -0.01427859           0.145766
   67.          -74.383484         -74.383484        -0.01471339           0.149036
   68.          -74.402646         -74.402646        -0.01916194           0.159180
   69.          -74.415917         -74.415917        -0.01327132           0.149806
   70.          -74.429836         -74.429836        -0.01391881           0.154725
   71.          -74.445420         -74.445420        -0.01558402           0.167793
   72.          -74.459353         -74.459353        -0.01393341           0.119889
   73.          -74.473717         -74.473717        -0.01436367           0.184071
   74.          -74.486263         -74.486263        -0.01254598           0.167453
   75.          -74.498964         -74.498964        -0.01270141           0.138164
   76.          -74.516444         -74.516444        -0.01747925           0.137818
   77.          -74.528693         -74.528693        -0.01224916           0.130096
   78.          -74.541474         -74.541474        -0.01278104           0.168649
   79.          -74.555290         -74.555290        -0.01381639           0.148598
   80.          -74.568203         -74.568203        -0.01291300           0.147402
   81.          -74.580950         -74.580950        -0.01274723           0.138533
   82.          -74.590219         -74.590219        -0.00926859           0.102423
   83.          -74.602499         -74.602499        -0.01227982           0.125942
   84.          -74.611298         -74.611298        -0.00879942           0.189693
   85.          -74.623678         -74.623678        -0.01238025           0.120807
   86.          -74.635536         -74.635536        -0.01185786           0.144848
   87.          -74.644814         -74.644814        -0.00927809           0.132683
   88.          -74.652371         -74.652371        -0.00755706           0.138613
   89.          -74.660848         -74.660848        -0.00847617           0.151629
   90.          -74.666790         -74.666790        -0.00594286           0.098336
   91.          -74.672807         -74.672807        -0.00601688           0.150815
   92.          -74.681832         -74.681832        -0.00902443           0.125282
   93.          -74.688090         -74.688090        -0.00625806           0.129048
   94.          -74.696961         -74.696961        -0.00887068           0.113913
   95.          -74.702247         -74.702247        -0.00528671           0.122289
   96.          -74.707325         -74.707325        -0.00507744           0.107145
   97.          -74.714571         -74.714571        -0.00724598           0.094567
   98.          -74.720562         -74.720562        -0.00599120           0.115504
   99.          -74.727074         -74.727074        -0.00651256           0.092139
  100.          -74.731685         -74.731685        -0.00461069           0.081800


  RESULTS OF OCCUPATION-COEFFICIENT OPTIMIZATION
 ================================================

  Ex It  Occ Time  Orb Time  Orb It   Electronic Energy     Total Energy   Energy Convergency    Max Mul-Lag Diff

    1    4.4E-01   3.0E-01      10     -74.8218610263      -74.8218610263    -0.0469147882           0.167225
    2    7.1E-01   3.2E-01      10     -74.8636828203      -74.8636828203    -0.0418217940           0.298982
    3    7.3E-01   3.0E-01      10     -74.8710781344      -74.8710781344    -0.0073953141           0.569871
    4    7.2E-01   3.5E-01      10     -74.8674016116      -74.8674016116     0.0036765228           0.315640
    5    8.8E-01   5.5E-01      20     -74.9656114242      -74.9656114242    -0.0982098126           0.049243
    6    5.6E-01   6.0E-01      20     -74.9794372000      -74.9794372000    -0.0138257758           0.037769
    7    6.4E-01   5.5E-01      20     -74.9858546562      -74.9858546562    -0.0064174563           0.025706
    8    4.8E-01   5.9E-01      20     -74.9900234364      -74.9900234364    -0.0041687802           0.019899
    9    5.0E-01   5.5E-01      20     -74.9927224263      -74.9927224263    -0.0026989899           0.024478
   10    4.6E-01   6.0E-01      20     -74.9949295614      -74.9949295614    -0.0022071351           0.014570
   11    5.3E-01   5.5E-01      20     -74.9967307442      -74.9967307442    -0.0018011828           0.016952
   12    5.5E-01   6.0E-01      20     -74.9984113729      -74.9984113729    -0.0016806286           0.018504
   13    5.1E-01   5.5E-01      20     -74.9999731486      -74.9999731486    -0.0015617757           0.019872
   14    4.7E-01   6.1E-01      20     -75.0013456188      -75.0013456188    -0.0013724702           0.010815
   15    4.5E-01   5.5E-01      20     -75.0024727496      -75.0024727496    -0.0011271308           0.008551
   16    4.8E-01   6.0E-01      20     -75.0033454467      -75.0033454467    -0.0008726971           0.011522
   17    4.9E-01   5.5E-01      20     -75.0039604542      -75.0039604542    -0.0006150074           0.025285
   18    4.7E-01   5.7E-01      20     -75.0044538554      -75.0044538554    -0.0004934013           0.016796
   19    5.0E-01   5.5E-01      20     -75.0049099132      -75.0049099132    -0.0004560577           0.011088
   20    4.2E-01   5.5E-01      20     -75.0053089790      -75.0053089790    -0.0003990659           0.008253
   21    4.0E-01   5.6E-01      20     -75.0056531665      -75.0056531665    -0.0003441874           0.010127
   22    4.5E-01   5.5E-01      20     -75.0059443109      -75.0059443109    -0.0002911444           0.013142
   23    3.9E-01   6.4E-01      20     -75.0062137721      -75.0062137721    -0.0002694613           0.012462
   24    4.5E-01   5.6E-01      20     -75.0064641452      -75.0064641452    -0.0002503731           0.007063
   25    3.6E-01   6.0E-01      20     -75.0066646519      -75.0066646519    -0.0002005066           0.014431
   26    5.1E-01   5.5E-01      20     -75.0068594787      -75.0068594787    -0.0001948269           0.011093
   27    3.5E-01   5.5E-01      20     -75.0070127023      -75.0070127023    -0.0001532235           0.008615
   28    5.0E-01   5.5E-01      20     -75.0071429321      -75.0071429321    -0.0001302298           0.010011
   29    3.5E-01   5.5E-01      20     -75.0072479569      -75.0072479569    -0.0001050249           0.006073
   30    4.4E-01   5.7E-01      20     -75.0073242554      -75.0073242554    -0.0000762984           0.014236
   31    3.3E-01   5.5E-01      20     -75.0073925038      -75.0073925038    -0.0000682484           0.011776
   32    4.6E-01   6.0E-01      20     -75.0074622565      -75.0074622565    -0.0000697527           0.008899
   33    4.5E-01   5.5E-01      20     -75.0075190355      -75.0075190355    -0.0000567790           0.014352
   34    4.5E-01   6.0E-01      20     -75.0075906404      -75.0075906404    -0.0000716049           0.011406
   35    4.4E-01   5.5E-01      20     -75.0076759867      -75.0076759867    -0.0000853463           0.008730
   36    4.3E-01   5.5E-01      20     -75.0077690759      -75.0077690759    -0.0000930891           0.013078
   37    4.7E-01   5.5E-01      20     -75.0078780753      -75.0078780753    -0.0001089994           0.012310
   38    4.4E-01   5.5E-01      20     -75.0079981055      -75.0079981055    -0.0001200302           0.007489
   39    4.4E-01   5.6E-01      20     -75.0081164446      -75.0081164446    -0.0001183392           0.009619
   40    4.3E-01   5.5E-01      20     -75.0082423516      -75.0082423516    -0.0001259069           0.012206
   41    3.8E-01   6.1E-01      20     -75.0083727373      -75.0083727373    -0.0001303857           0.008219
   42    4.3E-01   5.6E-01      20     -75.0084852919      -75.0084852919    -0.0001125546           0.006513
   43    4.4E-01   6.1E-01      20     -75.0085831487      -75.0085831487    -0.0000978569           0.006895
   44    3.4E-01   5.5E-01      20     -75.0086607237      -75.0086607237    -0.0000775750           0.008291
   45    4.5E-01   5.6E-01      20     -75.0087173329      -75.0087173329    -0.0000566091           0.009844
   46    3.8E-01   5.5E-01      20     -75.0087667236      -75.0087667236    -0.0000493907           0.008534
   47    4.4E-01   5.5E-01      20     -75.0088144713      -75.0088144713    -0.0000477477           0.006899
   48    3.3E-01   6.1E-01      20     -75.0088415116      -75.0088415116    -0.0000270403           0.011566
   49    4.4E-01   5.5E-01      20     -75.0088779836      -75.0088779836    -0.0000364721           0.010514
   50    3.0E-01   5.9E-01      20     -75.0089273529      -75.0089273529    -0.0000493692           0.006300
   51    3.6E-01   5.6E-01      20     -75.0089731555      -75.0089731555    -0.0000458026           0.005434
   52    3.4E-01   5.5E-01      20     -75.0090140763      -75.0090140763    -0.0000409209           0.006450
   53    3.3E-01   5.9E-01      20     -75.0090591097      -75.0090591097    -0.0000450333           0.006321
   54    3.3E-01   5.5E-01      20     -75.0090940527      -75.0090940527    -0.0000349430           0.008276
   55    3.3E-01   6.0E-01      20     -75.0091390158      -75.0091390158    -0.0000449631           0.007431
   56    3.5E-01   5.6E-01      20     -75.0091818826      -75.0091818826    -0.0000428668           0.006616
   57    3.3E-01   5.6E-01      20     -75.0092175362      -75.0092175362    -0.0000356536           0.006704
   58    3.3E-01   5.9E-01      20     -75.0092452729      -75.0092452729    -0.0000277367           0.008900
   59    3.3E-01   5.5E-01      20     -75.0092929811      -75.0092929811    -0.0000477083           0.007373
   60    3.2E-01   6.0E-01      20     -75.0093345675      -75.0093345675    -0.0000415863           0.007205
   61    3.3E-01   5.5E-01      20     -75.0093842394      -75.0093842394    -0.0000496719           0.006877
   62    3.3E-01   5.5E-01      20     -75.0094394660      -75.0094394660    -0.0000552266           0.007796
   63    3.3E-01   6.2E-01      20     -75.0094954935      -75.0094954935    -0.0000560275           0.008505
   64    3.4E-01   5.5E-01      20     -75.0095517082      -75.0095517082    -0.0000562147           0.006407
   65    3.3E-01   6.4E-01      20     -75.0095965641      -75.0095965641    -0.0000448559           0.007897
   66    3.3E-01   5.5E-01      20     -75.0096396491      -75.0096396491    -0.0000430849           0.008629
   67    3.3E-01   5.5E-01      20     -75.0096747335      -75.0096747335    -0.0000350844           0.010642
   68    3.3E-01   5.7E-01      20     -75.0097095069      -75.0097095069    -0.0000347734           0.008680
   69    3.3E-01   5.5E-01      20     -75.0097435134      -75.0097435134    -0.0000340064           0.009397
   70    3.2E-01   6.0E-01      20     -75.0097781560      -75.0097781560    -0.0000346426           0.007494
   71    3.3E-01   5.5E-01      20     -75.0098123909      -75.0098123909    -0.0000342349           0.009210
   72    3.2E-01   5.5E-01      20     -75.0098477013      -75.0098477013    -0.0000353104           0.008939
   73    3.4E-01   5.8E-01      20     -75.0098804793      -75.0098804793    -0.0000327781           0.009732
   74    3.2E-01   5.5E-01      20     -75.0099149552      -75.0099149552    -0.0000344758           0.009884
   75    3.3E-01   6.0E-01      20     -75.0099554834      -75.0099554834    -0.0000405282           0.009319
   76    3.2E-01   5.5E-01      20     -75.0099924417      -75.0099924417    -0.0000369584           0.008825
   77    3.3E-01   5.5E-01      20     -75.0100321980      -75.0100321980    -0.0000397562           0.009735
   78    3.4E-01   5.8E-01      20     -75.0100691907      -75.0100691907    -0.0000369927           0.009673
   79    3.0E-01   5.5E-01      20     -75.0101036127      -75.0101036127    -0.0000344220           0.008537
   80    3.0E-01   5.9E-01      20     -75.0101322590      -75.0101322590    -0.0000286463           0.008755
   81    3.2E-01   5.5E-01      20     -75.0101584173      -75.0101584173    -0.0000261582           0.009564
   82    3.0E-01   5.5E-01      20     -75.0101808485      -75.0101808485    -0.0000224312           0.009198
   83    3.0E-01   6.0E-01      20     -75.0102036683      -75.0102036683    -0.0000228198           0.009763
   84    3.0E-01   5.5E-01      20     -75.0102242058      -75.0102242058    -0.0000205375           0.008912
   85    2.9E-01   5.5E-01      20     -75.0102403066      -75.0102403066    -0.0000161009           0.009197
   86    3.2E-01   5.5E-01      20     -75.0102615324      -75.0102615324    -0.0000212258           0.009912
   87    3.3E-01   5.5E-01      20     -75.0102827679      -75.0102827679    -0.0000212355           0.009185
   88    2.8E-01   6.0E-01      20     -75.0103004795      -75.0103004795    -0.0000177116           0.009861
   89    3.4E-01   5.5E-01      20     -75.0103243656      -75.0103243656    -0.0000238861           0.010180
   90    3.0E-01   5.5E-01      20     -75.0103529524      -75.0103529524    -0.0000285868           0.010402
   91    3.4E-01   5.6E-01      20     -75.0103832930      -75.0103832930    -0.0000303406           0.010724
   92    3.4E-01   5.5E-01      20     -75.0104164620      -75.0104164620    -0.0000331690           0.011542
   93    3.3E-01   6.0E-01      20     -75.0104556212      -75.0104556212    -0.0000391591           0.010724
   94    3.3E-01   5.5E-01      20     -75.0104933702      -75.0104933702    -0.0000377491           0.010745
   95    3.3E-01   5.5E-01      20     -75.0105313492      -75.0105313492    -0.0000379790           0.010241
   96    3.6E-01   5.5E-01      20     -75.0105719933      -75.0105719933    -0.0000406442           0.009041
   97    3.4E-01   5.5E-01      20     -75.0106069610      -75.0106069610    -0.0000349676           0.010173
   98    3.3E-01   6.0E-01      20     -75.0106387392      -75.0106387392    -0.0000317782           0.011040
   99    3.2E-01   5.5E-01      20     -75.0106710092      -75.0106710092    -0.0000322700           0.010590
  100    3.3E-01   5.5E-01      20     -75.0107002014      -75.0107002014    -0.0000291922           0.011732
  101    3.3E-01   5.6E-01      20     -75.0107269420      -75.0107269420    -0.0000267406           0.010220
  102    3.1E-01   8.1E-01      30     -75.0107761900      -75.0107761900    -0.0000492480           0.003752
  103    3.1E-01   8.6E-01      30     -75.0108083725      -75.0108083725    -0.0000321825           0.003475
  104    3.4E-01   8.0E-01      30     -75.0108356640      -75.0108356640    -0.0000272915           0.003491
  105    2.9E-01   8.6E-01      30     -75.0108578792      -75.0108578792    -0.0000222152           0.003509
  106    3.0E-01   1.1E+00      40     -75.0108794265      -75.0108794265    -0.0000215473           0.000658
  107    3.6E-01   1.1E+00      40     -75.0108948070      -75.0108948070    -0.0000153805           0.000618
  108    3.0E-01   1.1E+00      40     -75.0109079142      -75.0109079142    -0.0000131072           0.000653
  109    2.8E-01   1.1E+00      40     -75.0109194965      -75.0109194965    -0.0000115823           0.000653
  110    2.8E-01   1.1E+00      40     -75.0109304595      -75.0109304595    -0.0000109630           0.000658
  111    2.8E-01   1.1E+00      40     -75.0109406470      -75.0109406470    -0.0000101875           0.000633
  112    3.1E-01   1.3E+00      50     -75.0109510481      -75.0109510481    -0.0000104012           0.000095
  113    2.8E-01   1.6E+00      60     -75.0109607182      -75.0109607182    -0.0000096701           0.000439
  114    2.7E-01   1.6E+00      60     -75.0109487644      -75.0109487644     0.0000119538           0.001773
  115    2.8E-01   1.9E+00      70     -75.0109738715      -75.0109738715    -0.0000251071           0.000226
  116    2.3E-01   2.1E+00      80     -75.0109760806      -75.0109760806    -0.0000022091           0.000227
  117    2.7E-01   2.4E+00      90     -75.0109786902      -75.0109786902    -0.0000026096           0.000195
  118    2.3E-01   2.7E+00     100     -75.0109806035      -75.0109806035    -0.0000019133           0.000170
  119    2.9E-01   2.9E+00     110     -75.0109825665      -75.0109825665    -0.0000019630           0.000152
  120    2.1E-01   3.1E+00     120     -75.0109838693      -75.0109838693    -0.0000013028           0.000131
  121    2.6E-01   3.5E+00     130     -75.0109854360      -75.0109854360    -0.0000015667           0.000116
  122    2.6E-01   3.7E+00     140     -75.0109869101      -75.0109869101    -0.0000014740           0.000102
  123    2.6E-01   3.9E+00     150     -75.0109887051      -75.0109887051    -0.0000017951           0.000091
  124    2.7E-01   4.2E+00     160     -75.0109910208      -75.0109910208    -0.0000023157           0.000078
  125    2.7E-01   4.4E+00     170     -75.0109938997      -75.0109938997    -0.0000028789           0.000068
  126    2.8E-01   4.7E+00     180     -75.0109973766      -75.0109973766    -0.0000034769           0.000058
  127    2.8E-01   4.9E+00     190     -75.0110013906      -75.0110013906    -0.0000040140           0.000050
  128    2.8E-01   5.3E+00     200     -75.0110057167      -75.0110057167    -0.0000043261           0.000041
  129    2.8E-01   5.5E+00     210     -75.0110098852      -75.0110098852    -0.0000041686           0.000038
  130    2.8E-01   5.8E+00     220     -75.0110132229      -75.0110132229    -0.0000033377           0.000031
  131    2.8E-01   6.0E+00     230     -75.0110151872      -75.0110151872    -0.0000019643           0.000029
  132    2.8E-01   6.2E+00     240     -75.0110158823      -75.0110158823    -0.0000006951           0.000025
  133    2.1E-01   1.9E-02     240     -75.0110159248      -75.0110159248    -0.0000000425           0.000025


  RESULTS OF THE OCCUPATION OPTIMIZATION
 ========================================

   OM     Occupation      Elag Diag

    1      1.9999476    -20.7020320
    2      1.9925158     -1.2789920
    3      1.9670739     -0.6007006
    4      1.0000000     -0.3729078
    5      1.0000000     -0.3729117
    6      0.0000246     -0.0001491
    7      0.0007467     -0.0024482
    8      0.0000044     -0.0000887
    9      0.0000220     -0.0001343
   10      0.0007345     -0.0024267
   11      0.0000010     -0.0000253
   12      0.0034986     -0.0073804
   13      0.0001309     -0.0019920
   14      0.0000053     -0.0001108
   15      0.0000279     -0.0001594
   16      0.0002259     -0.0006316
   17      0.0000001     -0.0000048
   18      0.0026209     -0.0062463
   19      0.0002259     -0.0006316
   20      0.0000057     -0.0001160
   21      0.0034996     -0.0074038
   22      0.0003293     -0.0009134
   23      0.0000044     -0.0000887
   24      0.0000223     -0.0001279
   25      0.0002981     -0.0008048
   26      0.0000010     -0.0000251
   27      0.0069070     -0.0159361
   28      0.0000705     -0.0002756
   29      0.0000044     -0.0000902
   30      0.0029808     -0.0070769
   31      0.0003059     -0.0008460
   32      0.0000053     -0.0001106
   33      0.0000241     -0.0001506
   34      0.0001868     -0.0006054
   35      0.0000044     -0.0000902
   36      0.0000273     -0.0001562
   37      0.0011033     -0.0065171
   38      0.0000000     -0.0000006
   39      0.0000283     -0.0001661
   40      0.0003394     -0.0009180
   41      0.0000007     -0.0000170
   42      0.0016918     -0.0040902
   43      0.0003534     -0.0009559
   44      0.0000006     -0.0000129
   45      0.0071061     -0.0143774
   46      0.0002850     -0.0008621
   47      0.0000000     -0.0000005
   48      0.0000255     -0.0001462
   49      0.0002894     -0.0008069
   50      0.0000011     -0.0000326
   51      0.0016930     -0.0040956
   52      0.0000409     -0.0002395
   53      0.0000099     -0.0005868
   54      0.0000255     -0.0001460
   55      0.0000740     -0.0002838
   56      0.0000004     -0.0000284
   57      0.0000223     -0.0001279
   58      0.0001862     -0.0006040
   59      0.0000009     -0.0000202
   60      0.0000246     -0.0001493
   61      0.0010651     -0.0033166
   62      0.0000007     -0.0000169
   63      0.0026275     -0.0062543
   64      0.0000381     -0.0002241
   65      0.0000015     -0.0001267
   66      0.0000260     -0.0001581
   67      0.0003397     -0.0009192
   68      0.0000005     -0.0000119
   69      0.0000004     -0.0000016
   70      0.0001151     -0.0004538
   71      0.0000001     -0.0000006

   RO Sum (   8) =    8.00

  ---------------
   Dipole Moment
  ---------------

      0.0002 Debye [   0.0001  (  -0.0001,  -0.0000,  -0.0000) ]

 ----------------
  Final Energies  
 ----------------

         HF Total Energy =      -74.7316851000
  Final NOF Total Energy =      -75.0110159248 ( 2.E-05 , 0.E+00 )
      Correlation Energy =       -0.2793308248



  **************************************************
  *                                                *
  *       SINGLE-POINT DoNOF CALCULATION           *
  *                                                *
  *             FULL OPTIMIZATION                  *
  *                                                *
  *  FINAL RESULTS   FINAL RESULTS  FINAL RESULTS  *
  *                                                *
  **************************************************

  **************************************************
  *         No. EXTERNAL ITER =   133              *
  *         No. of TOTAL ITER =  5540              *
  **************************************************

  Elapsed real time :    289.59  (Seconds)

 The execution finished at 14h 51min on the  3/11/2025
