 This is the parallel version of the code
 This is the parallel version of the code
 This is the parallel version of the code
 This is the parallel version of the code
 This is the parallel version of the code
 This is the parallel version of the code
 This is the parallel version of the code
 This is the parallel version of the code
Master:    0

 The execution started at 11h 15min on the 11/21/2024

    ===========================================================
    !                                                         !
    !                        Do N O F                         !
    !                                                         !
    !  (Donostia Natural Orbital Functional Software Program) !
    !                                                         !
    !               COPYRIGHT by Mario Piris                  !
    !                                                         !
    !      Donostia International Physics Center (DIPC)       !
    !       University of the Basque Country (UPV/EHU)        !
    !       Basque Foundation for Science (IKERBASQUE)        !
    !                                                         !
    !          GNU General Public License version 3           !
    !                                                         !
    !                  VERSION: Mayo 2024                     !
    !                                                         !
    ===========================================================

 Run Title
 ---------
 p30-5 set                                                                       

 Basis Set
 ---------
 /beegfs_agamede/gscratch/povmieci/SCRATCH/64788/def2-svp.bas                    

 Atom      Charge                Coordinates (Bohr)
                           x             y             z
 F           9.0        1.7025        1.7025        1.7025
 SI         14.0        0.0000        0.0000        0.0000
 F           9.0       -1.7025       -1.7025        1.7025
 F           9.0       -1.7025        1.7025       -1.7025
 F           9.0        1.7025       -1.7025       -1.7025

 Atomic Basis Set
 ----------------
 The contracted primitive functions were unnormalized
 The contracted basis functions are now normalized to unity

  Shell Type  Primitive         Exponent  Contraction Coefficient

 F         

      1   S       1          2894.8325990   -0.005349321176
      1   S       2           435.4193912   -0.039967734372
      1   S       3            98.8433289   -0.179412617888
      1   S       4            27.4851980   -0.468324686869
      1   S       5             8.5405498   -0.447241605328

      2   S       6             1.0654578    1.000000000000

      3   S       7             0.3324735    1.000000000000

      4   P       8            22.6966339   -0.064782148241
      4   P       9             4.9872339   -0.340357853553
      4   P      10             1.3491614   -0.734858153660

      5   P      11             0.3482988    1.000000000000

      6   D      12             1.4000000    1.000000000000

 SI        

      7   S      13          6903.7118686    0.005584465887
      7   S      14          1038.4346419    0.041742284436
      7   S      15           235.8758148    0.187528023742
      7   S      16            66.0693852    0.478678596587
      7   S      17            20.2479458    0.429256952162

      8   S      18            34.3534817    0.089834899465
      8   S      19             3.6370788   -0.545685958777
      8   S      20             1.4002049   -0.524810829267

      9   S      21             0.2048441    1.000000000000

     10   S      22             0.0779941    1.000000000000

     11   P      23           179.8390737    0.010133498379
     11   P      24            41.9072588    0.071029041096
     11   P      25            12.9552944    0.255839142169
     11   P      26             4.4383267    0.481498047149
     11   P      27             1.5462248    0.385211960064

     12   P      28             0.3560761    1.000000000000

     13   P      29             0.1000851    1.000000000000

     14   D      30             0.3500000    1.000000000000

 F         

     15   S      31          2894.8325990   -0.005349321176
     15   S      32           435.4193912   -0.039967734372
     15   S      33            98.8433289   -0.179412617888
     15   S      34            27.4851980   -0.468324686869
     15   S      35             8.5405498   -0.447241605328

     16   S      36             1.0654578    1.000000000000

     17   S      37             0.3324735    1.000000000000

     18   P      38            22.6966339   -0.064782148241
     18   P      39             4.9872339   -0.340357853553
     18   P      40             1.3491614   -0.734858153660

     19   P      41             0.3482988    1.000000000000

     20   D      42             1.4000000    1.000000000000

 F         

     21   S      43          2894.8325990   -0.005349321176
     21   S      44           435.4193912   -0.039967734372
     21   S      45            98.8433289   -0.179412617888
     21   S      46            27.4851980   -0.468324686869
     21   S      47             8.5405498   -0.447241605328

     22   S      48             1.0654578    1.000000000000

     23   S      49             0.3324735    1.000000000000

     24   P      50            22.6966339   -0.064782148241
     24   P      51             4.9872339   -0.340357853553
     24   P      52             1.3491614   -0.734858153660

     25   P      53             0.3482988    1.000000000000

     26   D      54             1.4000000    1.000000000000

 F         

     27   S      55          2894.8325990   -0.005349321176
     27   S      56           435.4193912   -0.039967734372
     27   S      57            98.8433289   -0.179412617888
     27   S      58            27.4851980   -0.468324686869
     27   S      59             8.5405498   -0.447241605328

     28   S      60             1.0654578    1.000000000000

     29   S      61             0.3324735    1.000000000000

     30   P      62            22.6966339   -0.064782148241
     30   P      63             4.9872339   -0.340357853553
     30   P      64             1.3491614   -0.734858153660

     31   P      65             0.3482988    1.000000000000

     32   D      66             1.4000000    1.000000000000

 Total Number of Basis Set Shells             =   32
 Total Number of Primitives                   =   66
 Number of Cartesian Gaussian Basis Functions =   79
 Number of Electrons                          =   50
 Charge of Molecule                           =    0
 Spin Multiplicity                            =    1
 Number of Occupied Orbitals (Alpha)          =   25
 Number of Occupied Orbitals (Beta )          =   25
 Total Number of Atoms                        =    5

 Input Run Options
 -----------------
 IRUNTYP = 1  MULT = 1  ICHARG =  0 IECP = 0  IEMOM = 1  UNITS = ANGS    

 Integral Options
 ----------------
 CUTOFF = 1.0E-09   ISCHWZ = 0   ERITYP = FULL

 Input NOF Options
 -----------------

 Type of calculation =    Coeff. Opt.:   (ICOEF)         1
 Use Softmax function for Occ. Opt.:     (ISOFTMAX)      1
 Type of Orb. Opt. = Orbital Rotations:  (IORBOPT)       4
 Maximum Number of Occ-Coef Outer Iter.: (MAXIT)      1000

 Natural Orbital Functional Selected:    (IPNOF)         8

 Restart calculation Option:             (RESTART)       F
 Restart Gamma Matrix from GCF file:     (INPUTGAMMA)    0
 Coefficient Matrix from GCF file:       (INPUTC)        0
 Diagonal Elements FMIUG from GCF file:  (INPUTFMIUG)    0
 Cartesian Coordinates from GCF file:    (INPUTCXYZ)     0
 Orthogonalize the initial Orbitals:     (ORTHO)         T

 Output Option:                          (NPRINT)        0
 Output the Coefficient Matrix:          (IWRITEC)       0
 Do a Mulliken Population Analysis:      (IMULPOP)       0
 Write Information into a WFN file:      (IAIMPAC)       1
 Write Information into a FCHK file:     (IFCHK)         1
 Write Information into a MLP file:      (MOLDEN)        1
 Create Ini. Cond. (ini.xyz) file:       (INICOND)       1
 Calculate IPs using Ext. Koopmans Theo: (IEKT)          0
 Write APSG expansion coefficient file:  (APSG)          F
 Output option for Lagrange Multipliers: (PRINTLAG)      F
 Diagonalize matrix of Lag. Multipliers: (DIAGLAG)       F

------------------------------------------------------------------------

 Orbital Space
 -------------

 Inactive Doubly occupied orbitals up to NO1  =    0
 No. considered Strongly Doubly occupied MOs  =   25
 No. considered Strongly Singly occupied MOs  =    0
 No. of Weakly occ. per St. Doubly occ.  MOs  =    2
 Dimension of the Active Nat. Orb. subspace   =   75
 Secondary Empty orbitals                     =    4

 1e- integrals
 -------------
 Time to do integrals =      0.00
 Guess for MOs = HCORE
      4429 MOs were matched and       101 equalized to zero

 2e- integrals
 -------------
 DONTW option skips storage 2e- integrals on Unit 1
             3703711 2e- integrals in     1 records
 Time to do integrals =      0.25

 Distribution Full ERIs:

 Integrals:                           3703711
 Max size per slaves:                  462964
 Max size in master:                  4166675

 Input for Coefficients is HCORE


  RESULTS OF OCCUPATION-COEFFICIENT OPTIMIZATION
 ================================================

  Ex It  Orb It    Electronic Energy     Total Energy   Energy Convergency    Max Mul-Lag Diff

    1      10      -945.5671576917     -673.7220804589   -16.2173056071           0.904054
    2      10      -954.7082966582     -682.8632194254    -9.1411389665           0.450089
    3      10      -957.6676264780     -685.8225492453    -2.9593298199           0.296253
    4      10      -958.4149724118     -686.5698951791    -0.7473459338           0.348357
    5      10      -958.7845181810     -686.9394409482    -0.3695457692           0.325120
    6      10      -958.9916726685     -687.1465954358    -0.2071544875           0.275499
    7      10      -959.1201065624     -687.2750293296    -0.1284338938           0.218380
    8      10      -959.2066852317     -687.3616079989    -0.0865786693           0.155654
    9      10      -959.2606525118     -687.4155752791    -0.0539672802           0.085293
   10      10      -959.2857283958     -687.4406511630    -0.0250758840           0.079754
   11      10      -959.2927196253     -687.4476423926    -0.0069912295           0.093175
   12      10      -959.2960976862     -687.4510204534    -0.0033780608           0.088839
   13      10      -959.2962040291     -687.4511267963    -0.0001063429           0.097620
   14      20      -959.3132640942     -687.4681868614    -0.0170600651           0.003997
   15      20      -959.3137329888     -687.4686557560    -0.0004688946           0.001663
   16      20      -959.3141090608     -687.4690318280    -0.0003760720           0.001538
   17      20      -959.3144364737     -687.4693592409    -0.0003274129           0.001715
   18      20      -959.3147345894     -687.4696573567    -0.0002981157           0.001842
   19      20      -959.3150258923     -687.4699486595    -0.0002913028           0.001712
   20      20      -959.3153018037     -687.4702245709    -0.0002759114           0.001688
   21      20      -959.3155574776     -687.4704802448    -0.0002556739           0.001663
   22      20      -959.3157882676     -687.4707110348    -0.0002307900           0.001593
   23      20      -959.3159936701     -687.4709164373    -0.0002054025           0.001533
   24      20      -959.3161768274     -687.4710995946    -0.0001831573           0.001490
   25      20      -959.3163408016     -687.4712635688    -0.0001639742           0.001714
   26      20      -959.3164859213     -687.4714086886    -0.0001451198           0.001647
   27      20      -959.3166083615     -687.4715311287    -0.0001224401           0.002034
   28      20      -959.3167109987     -687.4716337659    -0.0001026372           0.001721
   29      20      -959.3167953624     -687.4717181296    -0.0000843637           0.001625
   30      20      -959.3168634096     -687.4717861768    -0.0000680472           0.001815
   31      20      -959.3169195040     -687.4718422712    -0.0000560944           0.001536
   32      20      -959.3169634292     -687.4718861964    -0.0000439252           0.001688
   33      20      -959.3170029385     -687.4719257057    -0.0000395093           0.001631
   34      20      -959.3170386055     -687.4719613728    -0.0000356670           0.001860
   35      20      -959.3170701677     -687.4719929349    -0.0000315622           0.001854
   36      30      -959.3171164313     -687.4720391986    -0.0000462636           0.000614
   37      30      -959.3171537090     -687.4720764762    -0.0000372776           0.000601
   38      30      -959.3171860689     -687.4721088361    -0.0000323599           0.000601
   39      30      -959.3172131382     -687.4721359055    -0.0000270693           0.000586
   40      30      -959.3172364381     -687.4721592054    -0.0000232999           0.000595
   41      30      -959.3172572949     -687.4721800622    -0.0000208568           0.000604
   42      30      -959.3172750333     -687.4721978005    -0.0000177383           0.000618
   43      30      -959.3172895151     -687.4722122823    -0.0000144819           0.000590
   44      30      -959.3173006657     -687.4722234329    -0.0000111506           0.000588
   45      30      -959.3173091061     -687.4722318734    -0.0000084404           0.000583
   46      40      -959.3173180081     -687.4722407753    -0.0000089020           0.000120
   47      50      -959.3173244998     -687.4722472671    -0.0000064917           0.000020


  RESULTS OF THE OCCUPATION OPTIMIZATION
 ========================================

   OM     Occupation      Elag Diag

    1      2.0000000    -68.9629185
    2      1.9999771    -26.3896845
    3      1.9999678    -26.3897432
    4      1.9999632    -26.3894213
    5      1.9999500    -26.3895315
    6      1.9993758     -6.2958773
    7      1.9986310     -4.4081097
    8      1.9982111     -4.4067487
    9      1.9982059     -4.4066355
   10      1.9933964     -1.6217410
   11      1.9932908     -1.6195299
   12      1.9899063     -1.5921899
   13      1.9898258     -1.5915043
   14      1.9854648     -0.7597549
   15      1.9813115     -0.7524276
   16      1.9808650     -0.7550424
   17      1.9806193     -0.7548271
   18      1.9805780     -0.7546290
   19      1.9805460     -0.7551417
   20      1.9804809     -0.7571340
   21      1.9793640     -0.7484168
   22      1.9745335     -0.8500381
   23      1.9742337     -0.8558739
   24      1.9741510     -0.8863756
   25      1.9741294     -0.8882104
   26      0.0228913     -0.0428230
   27      0.0030182     -0.0084317
   28      0.0226972     -0.0417934
   29      0.0221621     -0.0401769
   30      0.0109851     -0.0190758
   31      0.0147685     -0.0231010
   32      0.0152729     -0.0233897
   33      0.0150228     -0.0230346
   34      0.0149702     -0.0229724
   35      0.0143044     -0.0223080
   36      0.0084878     -0.0220732
   37      0.0046093     -0.0102167
   38      0.0071637     -0.0224200
   39      0.0071726     -0.0224497
   40      0.0032786     -0.0094586
   41      0.0034095     -0.0095870
   42      0.0009124     -0.0059578
   43      0.0009062     -0.0059367
   44      0.0008981     -0.0059835
   45      0.0003148     -0.0025420
   46      0.0000299     -0.0007824
   47      0.0000120     -0.0002894
   48      0.0000230     -0.0005834
   49      0.0000099     -0.0002304
   50      0.0000000     -0.0000001
   51      0.0029792     -0.0083847
   52      0.0228308     -0.0426317
   53      0.0030691     -0.0084652
   54      0.0033043     -0.0087402
   55      0.0096509     -0.0173420
   56      0.0047506     -0.0100710
   57      0.0041811     -0.0095832
   58      0.0043992     -0.0098241
   59      0.0044105     -0.0098251
   60      0.0048306     -0.0102548
   61      0.0102007     -0.0182087
   62      0.0099258     -0.0240495
   63      0.0030104     -0.0091121
   64      0.0029211     -0.0090141
   65      0.0034306     -0.0095754
   66      0.0031941     -0.0093244
   67      0.0008817     -0.0059039
   68      0.0008827     -0.0059016
   69      0.0004709     -0.0030449
   70      0.0003094     -0.0025186
   71      0.0000201     -0.0005279
   72      0.0000248     -0.0006364
   73      0.0000092     -0.0002221
   74      0.0000131     -0.0003056
   75      0.0000000     -0.0000000

   RO Sum (  50) =   50.00

  ---------------
   Dipole Moment
  ---------------

      0.0469 Debye [   0.0185  (  -0.0063,  -0.0150,  -0.0087) ]

 ----------------
  Final Energies  
 ----------------

  Final NOF Total Energy =     -687.4722472671 ( 2.E-05 , 0.E+00 )


  **************************************************
  *                                                *
  *       SINGLE-POINT DoNOF CALCULATION           *
  *                                                *
  *             FULL OPTIMIZATION                  *
  *                                                *
  *  FINAL RESULTS   FINAL RESULTS  FINAL RESULTS  *
  *                                                *
  **************************************************

  **************************************************
  *         No. EXTERNAL ITER =    47              *
  *         No. of TOTAL ITER =   960              *
  **************************************************

  Elapsed real time :    487.34  (Seconds)
  Git sha : bcb372acca69df19ae91719c988dea244a3c3d1c                                                            

 The execution finished at 11h 23min on the 11/21/2024
