 This is the parallel version of the code
 This is the parallel version of the code
 This is the parallel version of the code
 This is the parallel version of the code
Master:    0

 The execution started at 11h 12min on the 11/21/2024

    ===========================================================
    !                                                         !
    !                        Do N O F                         !
    !                                                         !
    !  (Donostia Natural Orbital Functional Software Program) !
    !                                                         !
    !               COPYRIGHT by Mario Piris                  !
    !                                                         !
    !      Donostia International Physics Center (DIPC)       !
    !       University of the Basque Country (UPV/EHU)        !
    !       Basque Foundation for Science (IKERBASQUE)        !
    !                                                         !
    !          GNU General Public License version 3           !
    !                                                         !
    !                  VERSION: Mayo 2024                     !
    !                                                         !
    ===========================================================

 Run Title
 ---------
 p30-5 set                                                                       

 Basis Set
 ---------
 /beegfs_agamede/gscratch/povmieci/SCRATCH/64779/def2-svp.bas                    

 Atom      Charge                Coordinates (Bohr)
                           x             y             z
 P          15.0        1.4690        1.4690        1.4690
 P          15.0       -1.4690       -1.4690        1.4690
 P          15.0       -1.4690        1.4690       -1.4690
 P          15.0        1.4690       -1.4690       -1.4690

 Atomic Basis Set
 ----------------
 The contracted primitive functions were unnormalized
 The contracted basis functions are now normalized to unity

  Shell Type  Primitive         Exponent  Contraction Coefficient

 P         

      1   S       1          8002.4795106    0.005525555279
      1   S       2          1203.6813590    0.041326367171
      1   S       3           273.4422703    0.186070058991
      1   S       4            76.6555415    0.477107006766
      1   S       5            23.5169274    0.432247688783

      2   S       6            39.7916834    0.090954145513
      2   S       7             4.2770343   -0.550855656186
      2   S       8             1.6940257   -0.518269979075

      3   S       9             0.2756767    1.000000000000

      4   S      10             0.1049559    1.000000000000

      5   P      11           219.5075582    0.009573910140
      5   P      12            51.2741550    0.067993851914
      5   P      13            15.9215959    0.249832097533
      5   P      14             5.5069913    0.481481790475
      5   P      15             1.9537719    0.388697985432

      6   P      16             0.4780340    1.000000000000

      7   P      17             0.1365795    1.000000000000

      8   D      18             0.4500000    1.000000000000

 P         

      9   S      19          8002.4795106    0.005525555279
      9   S      20          1203.6813590    0.041326367171
      9   S      21           273.4422703    0.186070058991
      9   S      22            76.6555415    0.477107006766
      9   S      23            23.5169274    0.432247688783

     10   S      24            39.7916834    0.090954145513
     10   S      25             4.2770343   -0.550855656186
     10   S      26             1.6940257   -0.518269979075

     11   S      27             0.2756767    1.000000000000

     12   S      28             0.1049559    1.000000000000

     13   P      29           219.5075582    0.009573910140
     13   P      30            51.2741550    0.067993851914
     13   P      31            15.9215959    0.249832097533
     13   P      32             5.5069913    0.481481790475
     13   P      33             1.9537719    0.388697985432

     14   P      34             0.4780340    1.000000000000

     15   P      35             0.1365795    1.000000000000

     16   D      36             0.4500000    1.000000000000

 P         

     17   S      37          8002.4795106    0.005525555279
     17   S      38          1203.6813590    0.041326367171
     17   S      39           273.4422703    0.186070058991
     17   S      40            76.6555415    0.477107006766
     17   S      41            23.5169274    0.432247688783

     18   S      42            39.7916834    0.090954145513
     18   S      43             4.2770343   -0.550855656186
     18   S      44             1.6940257   -0.518269979075

     19   S      45             0.2756767    1.000000000000

     20   S      46             0.1049559    1.000000000000

     21   P      47           219.5075582    0.009573910140
     21   P      48            51.2741550    0.067993851914
     21   P      49            15.9215959    0.249832097533
     21   P      50             5.5069913    0.481481790475
     21   P      51             1.9537719    0.388697985432

     22   P      52             0.4780340    1.000000000000

     23   P      53             0.1365795    1.000000000000

     24   D      54             0.4500000    1.000000000000

 P         

     25   S      55          8002.4795106    0.005525555279
     25   S      56          1203.6813590    0.041326367171
     25   S      57           273.4422703    0.186070058991
     25   S      58            76.6555415    0.477107006766
     25   S      59            23.5169274    0.432247688783

     26   S      60            39.7916834    0.090954145513
     26   S      61             4.2770343   -0.550855656186
     26   S      62             1.6940257   -0.518269979075

     27   S      63             0.2756767    1.000000000000

     28   S      64             0.1049559    1.000000000000

     29   P      65           219.5075582    0.009573910140
     29   P      66            51.2741550    0.067993851914
     29   P      67            15.9215959    0.249832097533
     29   P      68             5.5069913    0.481481790475
     29   P      69             1.9537719    0.388697985432

     30   P      70             0.4780340    1.000000000000

     31   P      71             0.1365795    1.000000000000

     32   D      72             0.4500000    1.000000000000

 Total Number of Basis Set Shells             =   32
 Total Number of Primitives                   =   72
 Number of Cartesian Gaussian Basis Functions =   76
 Number of Electrons                          =   60
 Charge of Molecule                           =    0
 Spin Multiplicity                            =    1
 Number of Occupied Orbitals (Alpha)          =   30
 Number of Occupied Orbitals (Beta )          =   30
 Total Number of Atoms                        =    4

 Input Run Options
 -----------------
 IRUNTYP = 1  MULT = 1  ICHARG =  0 IECP = 0  IEMOM = 1  UNITS = ANGS    

 Integral Options
 ----------------
 CUTOFF = 1.0E-09   ISCHWZ = 0   ERITYP = FULL

 Input NOF Options
 -----------------

 Type of calculation =    Coeff. Opt.:   (ICOEF)         1
 Use Softmax function for Occ. Opt.:     (ISOFTMAX)      1
 Type of Orb. Opt. = Orbital Rotations:  (IORBOPT)       4
 Maximum Number of Occ-Coef Outer Iter.: (MAXIT)      1000

 Natural Orbital Functional Selected:    (IPNOF)         8

 Restart calculation Option:             (RESTART)       F
 Restart Gamma Matrix from GCF file:     (INPUTGAMMA)    0
 Coefficient Matrix from GCF file:       (INPUTC)        0
 Diagonal Elements FMIUG from GCF file:  (INPUTFMIUG)    0
 Cartesian Coordinates from GCF file:    (INPUTCXYZ)     0
 Orthogonalize the initial Orbitals:     (ORTHO)         T

 Output Option:                          (NPRINT)        0
 Output the Coefficient Matrix:          (IWRITEC)       0
 Do a Mulliken Population Analysis:      (IMULPOP)       0
 Write Information into a WFN file:      (IAIMPAC)       1
 Write Information into a FCHK file:     (IFCHK)         1
 Write Information into a MLP file:      (MOLDEN)        1
 Create Ini. Cond. (ini.xyz) file:       (INICOND)       1
 Calculate IPs using Ext. Koopmans Theo: (IEKT)          0
 Write APSG expansion coefficient file:  (APSG)          F
 Output option for Lagrange Multipliers: (PRINTLAG)      F
 Diagonalize matrix of Lag. Multipliers: (DIAGLAG)       F

------------------------------------------------------------------------

 Orbital Space
 -------------

 Inactive Doubly occupied orbitals up to NO1  =    0
 No. considered Strongly Doubly occupied MOs  =   30
 No. considered Strongly Singly occupied MOs  =    0
 No. of Weakly occ. per St. Doubly occ.  MOs  =    1
 Dimension of the Active Nat. Orb. subspace   =   60
 Secondary Empty orbitals                     =   16

 1e- integrals
 -------------
 Time to do integrals =      0.00
 Guess for MOs = HCORE
      4539 MOs were matched and         0 equalized to zero

 2e- integrals
 -------------
 DONTW option skips storage 2e- integrals on Unit 1
             3194794 2e- integrals in     1 records
 Time to do integrals =      0.29

 Distribution Full ERIs:

 Integrals:                           3194794
 Max size per slaves:                  798700
 Max size in master:                  3993494

 Input for Coefficients is HCORE


  RESULTS OF OCCUPATION-COEFFICIENT OPTIMIZATION
 ================================================

  Ex It  Orb It    Electronic Energy     Total Energy   Energy Convergency    Max Mul-Lag Diff

    1      10     -1675.5764184349    -1350.6691929177   -10.8973613317           0.678650
    2      10     -1682.6342457568    -1357.7270202397    -7.0578273220           0.441055
    3      10     -1685.9391151219    -1361.0318896048    -3.3048693651           0.271641
    4      10     -1687.0090631658    -1362.1018376486    -1.0699480438           0.189010
    5      10     -1687.4138059661    -1362.5065804490    -0.4047428004           0.127550
    6      10     -1687.6655817001    -1362.7583561829    -0.2517757340           0.206438
    7      10     -1687.8055454115    -1362.8983198943    -0.1399637114           0.131370
    8      10     -1687.8820405961    -1362.9748150790    -0.0764951847           0.130538
    9      10     -1687.9288823587    -1363.0216568416    -0.0468417626           0.157382
   10      10     -1687.9595540264    -1363.0523285092    -0.0306716676           0.126282
   11      10     -1687.9755017621    -1363.0682762450    -0.0159477358           0.111754
   12      10     -1687.9837425421    -1363.0765170250    -0.0082407800           0.113255
   13      10     -1687.9873380577    -1363.0801125405    -0.0035955155           0.102268
   14      10     -1687.9932927808    -1363.0860672636    -0.0059547231           0.101962
   15      10     -1687.9945041398    -1363.0872786227    -0.0012113591           0.109295
   16      10     -1687.9962833234    -1363.0890578062    -0.0017791835           0.111383
   17      10     -1687.9976039595    -1363.0903784423    -0.0013206361           0.105338
   18      10     -1687.9980702146    -1363.0908446974    -0.0004662551           0.099255
   19      10     -1687.9980702230    -1363.0908447058    -0.0000000084           0.097523
   20      20     -1688.0197349366    -1363.1125094194    -0.0216647136           0.003897
   21      20     -1688.0198615541    -1363.1126360369    -0.0001266175           0.002158
   22      20     -1688.0199339576    -1363.1127084404    -0.0000724035           0.001963
   23      20     -1688.0199928267    -1363.1127673096    -0.0000588692           0.002090
   24      20     -1688.0200394609    -1363.1128139438    -0.0000466342           0.001819
   25      20     -1688.0200755301    -1363.1128500130    -0.0000360692           0.001839
   26      20     -1688.0201019961    -1363.1128764789    -0.0000264659           0.002067
   27      20     -1688.0201210567    -1363.1128955395    -0.0000190606           0.001860
   28      20     -1688.0201338985    -1363.1129083814    -0.0000128418           0.001849
   29      30     -1688.0201508915    -1363.1129253744    -0.0000169930           0.000679
   30      40     -1688.0201558525    -1363.1129303353    -0.0000049609           0.000132
   31      50     -1688.0201585098    -1363.1129329927    -0.0000026574           0.000022


  RESULTS OF THE OCCUPATION OPTIMIZATION
 ========================================

   OM     Occupation      Elag Diag

    1      2.0000000    -79.9720747
    2      2.0000000    -79.9719522
    3      1.9999983    -79.9719576
    4      1.9999982    -79.9719533
    5      1.9998224     -7.5209501
    6      1.9998159     -7.5211835
    7      1.9997499     -7.5205240
    8      1.9997498     -7.5211882
    9      1.9995630     -5.4186541
   10      1.9995623     -5.4183863
   11      1.9995537     -5.4191233
   12      1.9995524     -5.4191378
   13      1.9995282     -5.4185047
   14      1.9995281     -5.4187895
   15      1.9994649     -5.4186415
   16      1.9994645     -5.4189942
   17      1.9993652     -5.4179332
   18      1.9993647     -5.4180303
   19      1.9993646     -5.4180499
   20      1.9991867     -5.4196682
   21      1.9882838     -0.7760383
   22      1.9882831     -0.7759905
   23      1.9882810     -0.7759935
   24      1.9882653     -0.7759164
   25      1.9645733     -0.4321625
   26      1.9645648     -0.4320862
   27      1.9645509     -0.4320131
   28      1.9645465     -0.4320729
   29      1.9645429     -0.4320801
   30      1.9645347     -0.4319739
   31      0.0354653     -0.0393356
   32      0.0354571     -0.0393334
   33      0.0354535     -0.0393333
   34      0.0354491     -0.0393323
   35      0.0354352     -0.0393256
   36      0.0354267     -0.0393268
   37      0.0117347     -0.0196881
   38      0.0117190     -0.0196807
   39      0.0117169     -0.0196796
   40      0.0117162     -0.0196795
   41      0.0008133     -0.0046525
   42      0.0006354     -0.0035445
   43      0.0006353     -0.0035438
   44      0.0006348     -0.0035420
   45      0.0005355     -0.0029985
   46      0.0005351     -0.0029972
   47      0.0004719     -0.0026214
   48      0.0004718     -0.0026204
   49      0.0004476     -0.0025092
   50      0.0004463     -0.0025070
   51      0.0004377     -0.0025058
   52      0.0004370     -0.0024451
   53      0.0002502     -0.0018919
   54      0.0002501     -0.0018932
   55      0.0001841     -0.0013609
   56      0.0001776     -0.0013283
   57      0.0000018     -0.0001401
   58      0.0000017     -0.0001356
   59      0.0000000     -0.0000000
   60      0.0000000     -0.0000000

   RO Sum (  60) =   60.00

  ---------------
   Dipole Moment
  ---------------

      0.0049 Debye [   0.0019  (  -0.0011,  -0.0011,   0.0011) ]

 ----------------
  Final Energies  
 ----------------

  Final NOF Total Energy =    -1363.1129329927 ( 2.E-05 , 0.E+00 )


  **************************************************
  *                                                *
  *       SINGLE-POINT DoNOF CALCULATION           *
  *                                                *
  *             FULL OPTIMIZATION                  *
  *                                                *
  *  FINAL RESULTS   FINAL RESULTS  FINAL RESULTS  *
  *                                                *
  **************************************************

  **************************************************
  *         No. EXTERNAL ITER =    31              *
  *         No. of TOTAL ITER =   490              *
  **************************************************

  Elapsed real time :    348.34  (Seconds)
  Git sha : bcb372acca69df19ae91719c988dea244a3c3d1c                                                            

 The execution finished at 11h 18min on the 11/21/2024
