 This is the parallel version of the code
 This is the parallel version of the code
 This is the parallel version of the code
 This is the parallel version of the code
 This is the parallel version of the code
 This is the parallel version of the code
 This is the parallel version of the code
 This is the parallel version of the code
 This is the parallel version of the code
 This is the parallel version of the code
 This is the parallel version of the code
 This is the parallel version of the code
Master:    0

 The execution started at 15h 40min on the  3/11/2025

    ===========================================================
    !                                                         !
    !                        Do N O F                         !
    !                                                         !
    !  (Donostia Natural Orbital Functional Software Program) !
    !                                                         !
    !               COPYRIGHT by Mario Piris                  !
    !                                                         !
    !      Donostia International Physics Center (DIPC)       !
    !       University of the Basque Country (UPV/EHU)        !
    !       Basque Foundation for Science (IKERBASQUE)        !
    !                                                         !
    !          GNU General Public License version 3           !
    !                                                         !
    !                  VERSION: Mayo 2024                     !
    !                                                         !
    ===========================================================

 Run Title
 ---------
 p30-5 set                                                                       

 Basis Set
 ---------
 /home/ion/p30-5/def2-qzvp/pnof7/ncwo/def2-qzvp.bas                              

 Atom      Charge                Coordinates (Bohr)
                           x             y             z
 O           8.0        0.0000        0.0000        0.0000

 Atomic Basis Set
 ----------------
 The contracted primitive functions were unnormalized
 The contracted basis functions are now normalized to unity

  Shell Type  Primitive         Exponent  Contraction Coefficient

 O         
 
      1   S       1        116506.4690800    0.000071987576
      1   S       2         17504.3497240    0.000557148772
      1   S       3          3993.4513230    0.002913003168
      1   S       4          1133.0063186    0.012172051077
      1   S       5           369.9956959    0.043003761827
      1   S       6           133.6207435    0.129647623897
      1   S       7            52.0356436    0.319696085629
      1   S       8            21.4619393    0.589314587967
 
      2   S       9            89.8350513    0.094848052763
      2   S      10            26.4280108    0.925363787917
 
      3   S      11             9.2822825    1.000000000000
 
      4   S      12             4.0947729    1.000000000000
 
      5   S      13             1.3255349    1.000000000000
 
      6   S      14             0.5187723    1.000000000000
 
      7   S      15             0.1977268    1.000000000000
 
      8   P      16           191.1525581    0.002535957414
      8   P      17            45.2333567    0.020233824294
      8   P      18            14.3534659    0.094518019998
      8   P      19             5.2422372    0.309154328074
      8   P      20             2.0792419    0.684689495338
 
      9   P      21             0.8428237    1.000000000000
 
     10   P      22             0.3361769    1.000000000000
 
     11   P      23             0.1286400    1.000000000000
 
     12   D      24             3.7750000    1.000000000000
 
     13   D      25             1.3000000    1.000000000000
 
     14   D      26             0.4440000    1.000000000000
 
     15   F      27             2.6660000    1.000000000000
 
     16   F      28             0.8590000    1.000000000000
 
     17   G      29             1.8460000    1.000000000000

 Total Number of Basis Set Shells             =   17
 Total Number of Primitives                   =   29
 Number of Cartesian Gaussian Basis Functions =   72
 Number of Electrons                          =    8
 Charge of Molecule                           =    0
 Spin Multiplicity                            =    3
 Number of Occupied Orbitals (Alpha)          =    5
 Number of Occupied Orbitals (Beta )          =    3
 Total Number of Atoms                        =    1

 Input Run Options
 -----------------
 IRUNTYP = 1  MULT = 3  ICHARG =  0 IECP = 0  IEMOM = 1  UNITS = ANGS    

 Integral Options
 ----------------
 CUTOFF = 1.0E-09   ISCHWZ = 0   ERITYP = FULL

 Input NOF Options
 -----------------

 Type of calculation =    Coeff. Opt.:   (ICOEF)         1
 Use Softmax function for Occ. Opt.:     (ISOFTMAX)      1
 Type of Orb. Opt. = Orbital Rotations:  (IORBOPT)       4
 Maximum Number of Occ-Coef Outer Iter.: (MAXIT)      1000

 Natural Orbital Functional Selected:    (IPNOF)         7
 Spin-Multiplet, High-Spin State Option: (HighSpin)      F
 
 Restart calculation Option:             (RESTART)       T
 Orthogonalize the initial Orbitals:     (ORTHO)         T

 Output Option:                          (NPRINT)        0
 Output the Coefficient Matrix:          (IWRITEC)       0
 Do a Mulliken Population Analysis:      (IMULPOP)       0
 Write Information into a WFN file:      (IAIMPAC)       1
 Write Information into a FCHK file:     (IFCHK)         1
 Write Information into a MLP file:      (MOLDEN)        1
 Create Ini. Cond. (ini.xyz) file:       (INICOND)       1
 Calculate IPs using Ext. Koopmans Theo: (IEKT)          0
 Write APSG expansion coefficient file:  (APSG)          F
 Output option for Lagrange Multipliers: (PRINTLAG)      F
 Diagonalize matrix of Lag. Multipliers: (DIAGLAG)       F

 Nuclear Coordinates from GCF file:
 ----------------------------------

 Atom      Charge                Coordinates (Bohr)
                           x             y             z
 O        8.00000        0.0000        0.0000        0.0000

------------------------------------------------------------------------

 Orbital Space
 -------------

 Inactive Doubly occupied orbitals up to NO1  =    0
 No. considered Strongly Doubly occupied MOs  =    3
 No. considered Strongly Singly occupied MOs  =    2
 No. of Weakly occ. per St. Doubly occ.  MOs  =   12
 Dimension of the Active Nat. Orb. subspace   =   39
 Secondary Empty orbitals                     =   31

 1e- integrals
 -------------
 Time to do integrals =      0.00

 2e- integrals
 -------------
 DONTW option skips storage 2e- integrals on Unit 1
              453802 2e- integrals in     1 records
 Time to do integrals =      0.22

 Distribution Full ERIs:

 Integrals:                            453802
 Max size per slaves:                   37818
 Max size in master:                   491620

 No violations of the orthonormality


  RESULTS OF OCCUPATION-COEFFICIENT OPTIMIZATION
 ================================================

  Ex It  Occ Time  Orb Time  Orb It   Electronic Energy     Total Energy   Energy Convergency    Max Mul-Lag Diff

    1    2.2E-01   3.5E-01      10     -74.9097002632      -74.9097002632     0.0000000000           0.042580
    2    1.6E-01   1.0E+00      30     -74.9185381594      -74.9185381594    -0.0088378962           0.003815
    3    2.4E-01   9.6E-01      30     -74.9261608216      -74.9261608216    -0.0076226622           0.005983
    4    2.6E-01   9.6E-01      30     -74.9331734552      -74.9331734552    -0.0070126337           0.005401
    5    2.1E-01   9.6E-01      30     -74.9399066576      -74.9399066576    -0.0067332024           0.005346
    6    2.0E-01   9.4E-01      30     -74.9459234485      -74.9459234485    -0.0060167908           0.009706
    7    2.0E-01   9.6E-01      30     -74.9508205034      -74.9508205034    -0.0048970549           0.007723
    8    1.8E-01   5.8E-01      30     -74.9543166970      -74.9543166970    -0.0034961936           0.005700
    9    1.3E-01   5.2E-01      30     -74.9566948935      -74.9566948935    -0.0023781965           0.007617
   10    1.2E-01   5.2E-01      30     -74.9581958063      -74.9581958063    -0.0015009128           0.006991
   11    1.2E-01   5.2E-01      30     -74.9590205619      -74.9590205619    -0.0008247556           0.005928
   12    1.2E-01   5.7E-01      30     -74.9594555971      -74.9594555971    -0.0004350352           0.002735
   13    1.1E-01   5.2E-01      30     -74.9597003606      -74.9597003606    -0.0002447634           0.003947
   14    1.1E-01   5.2E-01      30     -74.9598450459      -74.9598450459    -0.0001446853           0.003731
   15    1.1E-01   5.8E-01      30     -74.9599320241      -74.9599320241    -0.0000869782           0.003156
   16    1.1E-01   5.2E-01      30     -74.9599854216      -74.9599854216    -0.0000533975           0.003172
   17    1.1E-01   5.2E-01      30     -74.9600195263      -74.9600195263    -0.0000341048           0.003644
   18    1.1E-01   5.2E-01      30     -74.9600430854      -74.9600430854    -0.0000235590           0.004007
   19    1.5E-01   5.5E-01      30     -74.9600616961      -74.9600616961    -0.0000186107           0.004672
   20    1.1E-01   5.2E-01      30     -74.9600793725      -74.9600793725    -0.0000176765           0.004640
   21    1.1E-01   5.3E-01      30     -74.9600985323      -74.9600985323    -0.0000191598           0.004227
   22    1.1E-01   5.8E-01      30     -74.9601195422      -74.9601195422    -0.0000210099           0.004459
   23    1.1E-01   5.2E-01      30     -74.9601441300      -74.9601441300    -0.0000245878           0.004881
   24    1.1E-01   5.3E-01      30     -74.9601731539      -74.9601731539    -0.0000290239           0.004822
   25    1.1E-01   5.5E-01      30     -74.9602064309      -74.9602064309    -0.0000332770           0.004767
   26    1.3E-01   5.4E-01      30     -74.9602441013      -74.9602441013    -0.0000376704           0.004852
   27    1.1E-01   5.3E-01      30     -74.9602845275      -74.9602845275    -0.0000404263           0.005138
   28    1.1E-01   5.3E-01      30     -74.9603251405      -74.9603251405    -0.0000406130           0.004695
   29    1.1E-01   5.8E-01      30     -74.9603637522      -74.9603637522    -0.0000386116           0.004982
   30    1.1E-01   5.3E-01      30     -74.9603956783      -74.9603956783    -0.0000319262           0.004960
   31    1.1E-01   5.3E-01      30     -74.9604205399      -74.9604205399    -0.0000248615           0.005277
   32    1.1E-01   5.8E-01      30     -74.9604369190      -74.9604369190    -0.0000163792           0.005319
   33    1.3E-01   5.3E-01      30     -74.9604459671      -74.9604459671    -0.0000090481           0.005131
   34    1.0E-01   5.3E-01      30     -74.9604495946      -74.9604495946    -0.0000036275           0.005249
   35    1.0E-01   5.3E-01      30     -74.9604516250      -74.9604516250    -0.0000020304           0.004855
   36    1.0E-01   7.5E-01      40     -74.9604539522      -74.9604539522    -0.0000023272           0.000967
   37    1.0E-01   8.6E-01      50     -74.9604542778      -74.9604542778    -0.0000003256           0.000210
   38    1.0E-01   1.1E+00      60     -74.9604506027      -74.9604506027     0.0000036751           0.001297
   39    9.0E-02   1.3E+00      80     -74.9604546452      -74.9604546452    -0.0000040425           0.000104
   40    9.9E-02   1.6E+00      90     -74.9604546840      -74.9604546840    -0.0000000388           0.000181
   41    8.5E-02   1.9E+00     110     -74.9604547765      -74.9604547765    -0.0000000925           0.000013


  RESULTS OF THE OCCUPATION OPTIMIZATION
 ========================================

   OM     Occupation      Elag Diag

    1      1.9995514    -20.6747616
    2      1.9677776     -0.8949891
    3      1.9675764     -1.0035155
    4      1.0000000     -0.3852335
    5      1.0000000     -0.3852815
    6      0.0008101     -0.0015277
    7      0.0041735     -0.0052035
    8      0.0000038     -0.0001011
    9      0.0039646     -0.0049851
   10      0.0001788     -0.0005278
   11      0.0000718     -0.0017006
   12      0.0161313     -0.0144355
   13      0.0046777     -0.0053360
   14      0.0002409     -0.0079796
   15      0.0030691     -0.0043020
   16      0.0181990     -0.0156756
   17      0.0000010     -0.0001158
   18      0.0001170     -0.0003631
   19      0.0001783     -0.0004913
   20      0.0000026     -0.0000935
   21      0.0030669     -0.0042967
   22      0.0035210     -0.0047672
   23      0.0000087     -0.0005206
   24      0.0001272     -0.0003909
   25      0.0002606     -0.0006225
   26      0.0000023     -0.0000598
   27      0.0001830     -0.0005120
   28      0.0001713     -0.0004885
   29      0.0000020     -0.0000495
   30      0.0001308     -0.0003977
   31      0.0001122     -0.0003549
   32      0.0000024     -0.0000626
   33      0.0044611     -0.0051140
   34      0.0002997     -0.0007798
   35      0.0000720     -0.0017071
   36      0.0002837     -0.0006947
   37      0.0002998     -0.0007799
   38      0.0000373     -0.0009091
   39      0.0000789     -0.0002726
   40      0.0001507     -0.0004425
   41      0.0000037     -0.0000997

   RO Sum (   8) =    8.00

  ---------------
   Dipole Moment
  ---------------

      0.0051 Debye [   0.0020  (  -0.0017,  -0.0006,   0.0007) ]

 ----------------
  Final Energies  
 ----------------

  Final NOF Total Energy =      -74.9604547765 ( 1.E-05 , 0.E+00 )


  **************************************************
  *                                                *
  *       SINGLE-POINT DoNOF CALCULATION           *
  *                                                *
  *             FULL OPTIMIZATION                  *
  *                                                *
  *  FINAL RESULTS   FINAL RESULTS  FINAL RESULTS  *
  *                                                *
  **************************************************

  **************************************************
  *         No. EXTERNAL ITER =    41              *
  *         No. of TOTAL ITER =  1460              *
  **************************************************

  Elapsed real time :     34.47  (Seconds)

 The execution finished at 15h 41min on the  3/11/2025
