 This is the serial version of the code

 The execution started at 15h 44min on the 11/21/2024

    ===========================================================
    !                                                         !
    !                        Do N O F                         !
    !                                                         !
    !  (Donostia Natural Orbital Functional Software Program) !
    !                                                         !
    !               COPYRIGHT by Mario Piris                  !
    !                                                         !
    !      Donostia International Physics Center (DIPC)       !
    !       University of the Basque Country (UPV/EHU)        !
    !       Basque Foundation for Science (IKERBASQUE)        !
    !                                                         !
    !          GNU General Public License version 3           !
    !                                                         !
    !                  VERSION: Mayo 2024                     !
    !                                                         !
    ===========================================================

 Run Title
 ---------
 p30-5 set                                                                       

 Basis Set
 ---------
 /home/ion/p30-5/inps/def2-svp/pnof7/def2-svp.bas                                

 Atom      Charge                Coordinates (Bohr)
                           x             y             z
 MG         12.0        0.0000        0.0000        1.6325
 O           8.0        0.0000        0.0000       -1.6325

 Atomic Basis Set
 ----------------
 The contracted primitive functions were unnormalized
 The contracted basis functions are now normalized to unity

  Shell Type  Primitive         Exponent  Contraction Coefficient

 MG        
 
      1   S       1          4953.8339196   -0.005730348253
      1   S       2           745.1804415   -0.042769871122
      1   S       3           169.2160497   -0.191096515460
      1   S       4            47.3006720   -0.482411503269
      1   S       5            14.4613370   -0.422007266852
 
      2   S       6            24.7681748    0.087115605721
      2   S       7             2.4940945   -0.546373693218
      2   S       8             0.8780758   -0.529320757859
 
      3   S       9             0.0872128    1.000000000000
 
      4   S      10             0.0335993    1.000000000000
 
      5   P      11            98.0530105   -0.014480564601
      5   P      12            22.5869323   -0.095495750787
      5   P      13             6.8391510   -0.307876726509
      5   P      14             2.2332844   -0.499362928859
      5   P      15             0.7160660   -0.315034762129
 
      6   P      16             0.1891480    1.000000000000
 
      7   P      17             0.0537688    1.000000000000
 
      8   D      18             0.1010000    1.000000000000

 O         
 
      9   S      19          2266.1767785   -0.005389350392
      9   S      20           340.8701019   -0.040234721389
      9   S      21            77.3631352   -0.180081842055
      9   S      22            21.4796449   -0.468288576577
      9   S      23             6.6589433   -0.446926171602
 
     10   S      24             0.8097598    1.000000000000
 
     11   S      25             0.2553077    1.000000000000
 
     12   P      26            17.7215043    0.062630248763
     12   P      27             3.8635505    0.333311384824
     12   P      28             1.0480921    0.741486383081
 
     13   P      29             0.2764154    1.000000000000
 
     14   D      30             1.2000000    1.000000000000

 Total Number of Basis Set Shells             =   14
 Total Number of Primitives                   =   30
 Number of Cartesian Gaussian Basis Functions =   34
 Number of Electrons                          =   20
 Charge of Molecule                           =    0
 Spin Multiplicity                            =    1
 Number of Occupied Orbitals (Alpha)          =   10
 Number of Occupied Orbitals (Beta )          =   10
 Total Number of Atoms                        =    2

 Input Run Options
 -----------------
 IRUNTYP = 1  MULT = 1  ICHARG =  0 IECP = 0  IEMOM = 1  UNITS = ANGS    

 Integral Options
 ----------------
 CUTOFF = 1.0E-09   ISCHWZ = 0   ERITYP = FULL

 Input NOF Options
 -----------------

 Type of calculation =    Coeff. Opt.:   (ICOEF)         1
 Use Softmax function for Occ. Opt.:     (ISOFTMAX)      1
 Type of Orb. Opt. = Orbital Rotations:  (IORBOPT)       4
 Maximum Number of Occ-Coef Outer Iter.: (MAXIT)      1000

 Natural Orbital Functional Selected:    (IPNOF)         7
 
 Restart calculation Option:             (RESTART)       F
 Restart Gamma Matrix from GCF file:     (INPUTGAMMA)    0
 Coefficient Matrix from GCF file:       (INPUTC)        0
 Diagonal Elements FMIUG from GCF file:  (INPUTFMIUG)    0
 Cartesian Coordinates from GCF file:    (INPUTCXYZ)     0
 Orthogonalize the initial Orbitals:     (ORTHO)         T

 Output Option:                          (NPRINT)        0
 Output the Coefficient Matrix:          (IWRITEC)       0
 Do a Mulliken Population Analysis:      (IMULPOP)       0
 Write Information into a WFN file:      (IAIMPAC)       1
 Write Information into a FCHK file:     (IFCHK)         1
 Write Information into a MLP file:      (MOLDEN)        1
 Create Ini. Cond. (ini.xyz) file:       (INICOND)       1
 Calculate IPs using Ext. Koopmans Theo: (IEKT)          0
 Write APSG expansion coefficient file:  (APSG)          F
 Output option for Lagrange Multipliers: (PRINTLAG)      F
 Diagonalize matrix of Lag. Multipliers: (DIAGLAG)       F

------------------------------------------------------------------------

 Orbital Space
 -------------

 Inactive Doubly occupied orbitals up to NO1  =    0
 No. considered Strongly Doubly occupied MOs  =   10
 No. considered Strongly Singly occupied MOs  =    0
 No. of Weakly occ. per St. Doubly occ.  MOs  =    2
 Dimension of the Active Nat. Orb. subspace   =   30
 Secondary Empty orbitals                     =    4

 1e- integrals
 -------------
 Time to do integrals =      0.00
 Guess for MOs = HCORE
        40 MOs were matched and         0 equalized to zero

 2e- integrals
 -------------
 DONTW option skips storage 2e- integrals on Unit 1
               46062 2e- integrals in     1 records
 Time to do integrals =      0.05

 Input for Coefficients is HCORE


  RESULTS OF OCCUPATION-COEFFICIENT OPTIMIZATION
 ================================================

  Ex It  Occ Time  Orb Time  Orb It   Electronic Energy     Total Energy   Energy Convergency    Max Mul-Lag Diff

    1    9.2E-02   5.2E-01      10    -299.8189354970     -270.4169121186    -2.5812385743           0.370244
    2    1.1E-01   5.4E-01      10    -301.9237322324     -272.5217088539    -2.1047967354           0.343793
    3    9.2E-02   5.3E-01      10    -302.9463639368     -273.5443405584    -1.0226317045           0.205111
    4    1.1E-01   5.3E-01      10    -303.3987180622     -273.9966946838    -0.4523541254           0.087668
    5    1.0E-01   5.2E-01      10    -303.5932944025     -274.1912710240    -0.1945763403           0.080555
    6    8.7E-02   5.3E-01      10    -303.6686891390     -274.2666657605    -0.0753947365           0.044090
    7    9.0E-02   5.3E-01      10    -303.7128300217     -274.3108066433    -0.0441408828           0.039856
    8    8.1E-02   5.2E-01      10    -303.7503063147     -274.3482829362    -0.0374762929           0.052276
    9    8.7E-02   5.2E-01      10    -303.7730085809     -274.3709852025    -0.0227022663           0.041158
   10    8.8E-02   5.2E-01      10    -303.7805598483     -274.3785364698    -0.0075512673           0.045910
   11    7.4E-02   5.3E-01      10    -303.7821139119     -274.3800905334    -0.0015540636           0.064878
   12    8.4E-02   5.1E-01      10    -303.7825410715     -274.3805176930    -0.0004271596           0.058013
   13    8.3E-02   5.2E-01      10    -303.7829676897     -274.3809443112    -0.0004266182           0.067433
   14    7.1E-02   5.2E-01      10    -303.7829273097     -274.3809039312     0.0000403800           0.047006
   15    7.9E-02   9.6E-01      20    -303.7848023478     -274.3827789694    -0.0018750382           0.002271
   16    8.3E-02   9.7E-01      20    -303.7849313931     -274.3829080147    -0.0001290453           0.001132
   17    8.3E-02   9.7E-01      20    -303.7850914394     -274.3830680609    -0.0001600462           0.000999
   18    8.2E-02   9.6E-01      20    -303.7852811781     -274.3832577997    -0.0001897387           0.000896
   19    8.3E-02   9.7E-01      20    -303.7854697742     -274.3834463958    -0.0001885961           0.000941
   20    7.4E-02   8.9E-01      20    -303.7856481870     -274.3836248086    -0.0001784128           0.000951
   21    7.5E-02   8.9E-01      20    -303.7858284750     -274.3838050966    -0.0001802880           0.000853
   22    7.5E-02   9.3E-01      20    -303.7859948808     -274.3839715024    -0.0001664058           0.000913
   23    8.0E-02   9.7E-01      20    -303.7861378427     -274.3841144643    -0.0001429619           0.000895
   24    8.2E-02   9.7E-01      20    -303.7862604864     -274.3842371079    -0.0001226436           0.000921
   25    7.4E-02   9.7E-01      20    -303.7863829147     -274.3843595362    -0.0001224283           0.000861
   26    8.1E-02   9.6E-01      20    -303.7865168728     -274.3844934944    -0.0001339581           0.000873
   27    7.9E-02   9.7E-01      20    -303.7866318513     -274.3846084729    -0.0001149785           0.000917
   28    7.6E-02   9.6E-01      20    -303.7867415641     -274.3847181857    -0.0001097128           0.000871
   29    7.9E-02   9.7E-01      20    -303.7868627937     -274.3848394153    -0.0001212296           0.000858
   30    7.9E-02   9.7E-01      20    -303.7869906035     -274.3849672251    -0.0001278098           0.000854
   31    8.3E-02   9.8E-01      20    -303.7871305573     -274.3851071789    -0.0001399538           0.000879
   32    7.1E-02   9.7E-01      20    -303.7872614356     -274.3852380572    -0.0001308783           0.000912
   33    8.0E-02   9.6E-01      20    -303.7873924465     -274.3853690680    -0.0001310108           0.000838
   34    7.8E-02   9.5E-01      20    -303.7875249346     -274.3855015562    -0.0001324881           0.000918
   35    8.2E-02   9.7E-01      20    -303.7876643470     -274.3856409685    -0.0001394124           0.000889
   36    7.7E-02   9.7E-01      20    -303.7877954870     -274.3857721086    -0.0001311401           0.000957
   37    7.1E-02   9.7E-01      20    -303.7879083131     -274.3858849346    -0.0001128260           0.000926
   38    6.3E-02   9.6E-01      20    -303.7880199898     -274.3859966114    -0.0001116768           0.000900
   39    6.9E-02   9.6E-01      20    -303.7881181258     -274.3860947474    -0.0000981360           0.000933
   40    7.7E-02   8.9E-01      20    -303.7882171608     -274.3861937824    -0.0000990350           0.000942
   41    6.7E-02   8.9E-01      20    -303.7883028452     -274.3862794667    -0.0000856844           0.000958
   42    7.0E-02   9.4E-01      20    -303.7883824737     -274.3863590952    -0.0000796285           0.000938
   43    7.7E-02   9.7E-01      20    -303.7884504315     -274.3864270531    -0.0000679579           0.000930
   44    6.8E-02   9.8E-01      20    -303.7885163646     -274.3864929862    -0.0000659331           0.000919
   45    6.9E-02   9.7E-01      20    -303.7885752449     -274.3865518665    -0.0000588803           0.000951
   46    7.9E-02   9.7E-01      20    -303.7886287950     -274.3866054165    -0.0000535500           0.000848
   47    7.9E-02   9.7E-01      20    -303.7886749830     -274.3866516046    -0.0000461881           0.000893
   48    8.1E-02   9.7E-01      20    -303.7887139232     -274.3866905447    -0.0000389401           0.000927
   49    7.8E-02   9.7E-01      20    -303.7887491944     -274.3867258160    -0.0000352712           0.000877
   50    7.8E-02   9.7E-01      20    -303.7887816949     -274.3867583165    -0.0000325005           0.000903
   51    6.4E-02   9.9E-01      20    -303.7888109951     -274.3867876166    -0.0000293001           0.000990
   52    7.8E-02   9.8E-01      20    -303.7888358548     -274.3868124763    -0.0000248597           0.000927
   53    7.0E-02   9.8E-01      20    -303.7888564128     -274.3868330344    -0.0000205580           0.000951
   54    7.7E-02   9.5E-01      20    -303.7888733009     -274.3868499225    -0.0000168881           0.000892
   55    7.9E-02   9.7E-01      20    -303.7888880362     -274.3868646578    -0.0000147353           0.000843
   56    7.8E-02   9.8E-01      20    -303.7889006184     -274.3868772399    -0.0000125821           0.000837
   57    7.7E-02   9.6E-01      20    -303.7889111316     -274.3868877531    -0.0000105132           0.000810
   58    7.8E-02   9.7E-01      20    -303.7889204009     -274.3868970224    -0.0000092693           0.000814
   59    7.8E-02   9.5E-01      20    -303.7889287619     -274.3869053835    -0.0000083610           0.000817
   60    7.1E-02   8.8E-01      20    -303.7889359661     -274.3869125877    -0.0000072042           0.000833
   61    7.1E-02   8.8E-01      20    -303.7889417165     -274.3869183381    -0.0000057504           0.000880
   62    7.2E-02   9.6E-01      20    -303.7889468152     -274.3869234368    -0.0000050987           0.000850
   63    7.9E-02   9.6E-01      20    -303.7889510172     -274.3869276388    -0.0000042020           0.000869
   64    7.8E-02   9.7E-01      20    -303.7889542120     -274.3869308336    -0.0000031948           0.000849
   65    7.8E-02   9.5E-01      20    -303.7889567305     -274.3869333521    -0.0000025185           0.000922
   66    7.6E-02   1.4E+00      30    -303.7889597654     -274.3869363870    -0.0000030349           0.000413
   67    7.7E-02   1.8E+00      40    -303.7889623538     -274.3869389753    -0.0000025884           0.000083


  RESULTS OF THE OCCUPATION OPTIMIZATION
 ========================================

   OM     Occupation      Elag Diag

    1      1.9999999    -49.0556145
    2      1.9999047    -20.5356208
    3      1.9997398     -2.8853141
    4      1.9995667     -2.6318354
    5      1.9995517     -2.6214026
    6      1.9995483     -2.6231619
    7      1.9784988     -0.7253338
    8      1.9730392     -0.7344856
    9      1.9730336     -0.7344175
   10      1.0397964     -0.2348913
   11      0.0001151     -0.0001739
   12      0.0021776     -0.0033126
   13      0.0247831     -0.0187315
   14      0.0052831     -0.0055859
   15      0.0004153     -0.0011716
   16      0.0004045     -0.0011386
   17      0.0000329     -0.0001161
   18      0.0000997     -0.0003589
   19      0.0000009     -0.0000188
   20      0.0000001     -0.0000028
   21      0.9600884     -0.2205542
   22      0.0247888     -0.0187323
   23      0.0021777     -0.0033129
   24      0.0162181     -0.0132232
   25      0.0000364     -0.0001239
   26      0.0000438     -0.0001515
   27      0.0004004     -0.0011261
   28      0.0001604     -0.0006521
   29      0.0000944     -0.0019896
   30      0.0000000     -0.0000020

   RO Sum (  20) =   20.00

  ---------------
   Dipole Moment
  ---------------

      2.5700 Debye [   1.0111  (  -0.0603,   0.0272,   1.0090) ]

 ----------------
  Final Energies  
 ----------------

  Final NOF Total Energy =     -274.3869389753 ( 8.E-05 , 0.E+00 )


  **************************************************
  *                                                *
  *       SINGLE-POINT DoNOF CALCULATION           *
  *                                                *
  *             FULL OPTIMIZATION                  *
  *                                                *
  *  FINAL RESULTS   FINAL RESULTS  FINAL RESULTS  *
  *                                                *
  **************************************************

  **************************************************
  *         No. EXTERNAL ITER =    67              *
  *         No. of TOTAL ITER =  1230              *
  **************************************************

  Elapsed real time :     64.81  (Seconds)

 The execution finished at 15h 45min on the 11/21/2024
