 This is the parallel version of the code
 This is the parallel version of the code
 This is the parallel version of the code
 This is the parallel version of the code
 This is the parallel version of the code
 This is the parallel version of the code
 This is the parallel version of the code
 This is the parallel version of the code
 This is the parallel version of the code
 This is the parallel version of the code
 This is the parallel version of the code
 This is the parallel version of the code
Master:    0

 The execution started at 15h 41min on the  3/11/2025

    ===========================================================
    !                                                         !
    !                        Do N O F                         !
    !                                                         !
    !  (Donostia Natural Orbital Functional Software Program) !
    !                                                         !
    !               COPYRIGHT by Mario Piris                  !
    !                                                         !
    !      Donostia International Physics Center (DIPC)       !
    !       University of the Basque Country (UPV/EHU)        !
    !       Basque Foundation for Science (IKERBASQUE)        !
    !                                                         !
    !          GNU General Public License version 3           !
    !                                                         !
    !                  VERSION: Mayo 2024                     !
    !                                                         !
    ===========================================================

 Run Title
 ---------
 p30-5 set                                                                       

 Basis Set
 ---------
 /home/ion/p30-5/def2-qzvp/pnof7/ncwo/def2-qzvp.bas                              

 Atom      Charge                Coordinates (Bohr)
                           x             y             z
 O           8.0        0.0000        0.0000        0.0000

 Atomic Basis Set
 ----------------
 The contracted primitive functions were unnormalized
 The contracted basis functions are now normalized to unity

  Shell Type  Primitive         Exponent  Contraction Coefficient

 O         
 
      1   S       1        116506.4690800    0.000071987576
      1   S       2         17504.3497240    0.000557148772
      1   S       3          3993.4513230    0.002913003168
      1   S       4          1133.0063186    0.012172051077
      1   S       5           369.9956959    0.043003761827
      1   S       6           133.6207435    0.129647623897
      1   S       7            52.0356436    0.319696085629
      1   S       8            21.4619393    0.589314587967
 
      2   S       9            89.8350513    0.094848052763
      2   S      10            26.4280108    0.925363787917
 
      3   S      11             9.2822825    1.000000000000
 
      4   S      12             4.0947729    1.000000000000
 
      5   S      13             1.3255349    1.000000000000
 
      6   S      14             0.5187723    1.000000000000
 
      7   S      15             0.1977268    1.000000000000
 
      8   P      16           191.1525581    0.002535957414
      8   P      17            45.2333567    0.020233824294
      8   P      18            14.3534659    0.094518019998
      8   P      19             5.2422372    0.309154328074
      8   P      20             2.0792419    0.684689495338
 
      9   P      21             0.8428237    1.000000000000
 
     10   P      22             0.3361769    1.000000000000
 
     11   P      23             0.1286400    1.000000000000
 
     12   D      24             3.7750000    1.000000000000
 
     13   D      25             1.3000000    1.000000000000
 
     14   D      26             0.4440000    1.000000000000
 
     15   F      27             2.6660000    1.000000000000
 
     16   F      28             0.8590000    1.000000000000
 
     17   G      29             1.8460000    1.000000000000

 Total Number of Basis Set Shells             =   17
 Total Number of Primitives                   =   29
 Number of Cartesian Gaussian Basis Functions =   72
 Number of Electrons                          =    8
 Charge of Molecule                           =    0
 Spin Multiplicity                            =    3
 Number of Occupied Orbitals (Alpha)          =    5
 Number of Occupied Orbitals (Beta )          =    3
 Total Number of Atoms                        =    1

 Input Run Options
 -----------------
 IRUNTYP = 1  MULT = 3  ICHARG =  0 IECP = 0  IEMOM = 1  UNITS = ANGS    

 Integral Options
 ----------------
 CUTOFF = 1.0E-09   ISCHWZ = 0   ERITYP = FULL

 Input NOF Options
 -----------------

 Type of calculation =    Coeff. Opt.:   (ICOEF)         1
 Use Softmax function for Occ. Opt.:     (ISOFTMAX)      1
 Type of Orb. Opt. = Orbital Rotations:  (IORBOPT)       4
 Maximum Number of Occ-Coef Outer Iter.: (MAXIT)      1000

 Natural Orbital Functional Selected:    (IPNOF)         7
 Spin-Multiplet, High-Spin State Option: (HighSpin)      F
 
 Restart calculation Option:             (RESTART)       T
 Orthogonalize the initial Orbitals:     (ORTHO)         T

 Output Option:                          (NPRINT)        0
 Output the Coefficient Matrix:          (IWRITEC)       0
 Do a Mulliken Population Analysis:      (IMULPOP)       0
 Write Information into a WFN file:      (IAIMPAC)       1
 Write Information into a FCHK file:     (IFCHK)         1
 Write Information into a MLP file:      (MOLDEN)        1
 Create Ini. Cond. (ini.xyz) file:       (INICOND)       1
 Calculate IPs using Ext. Koopmans Theo: (IEKT)          0
 Write APSG expansion coefficient file:  (APSG)          F
 Output option for Lagrange Multipliers: (PRINTLAG)      F
 Diagonalize matrix of Lag. Multipliers: (DIAGLAG)       F

 Nuclear Coordinates from GCF file:
 ----------------------------------

 Atom      Charge                Coordinates (Bohr)
                           x             y             z
 O        8.00000        0.0000        0.0000        0.0000

------------------------------------------------------------------------

 Orbital Space
 -------------

 Inactive Doubly occupied orbitals up to NO1  =    0
 No. considered Strongly Doubly occupied MOs  =    3
 No. considered Strongly Singly occupied MOs  =    2
 No. of Weakly occ. per St. Doubly occ.  MOs  =    8
 Dimension of the Active Nat. Orb. subspace   =   27
 Secondary Empty orbitals                     =   43

 1e- integrals
 -------------
 Time to do integrals =      0.00

 2e- integrals
 -------------
 DONTW option skips storage 2e- integrals on Unit 1
              453802 2e- integrals in     1 records
 Time to do integrals =      0.13

 Distribution Full ERIs:

 Integrals:                            453802
 Max size per slaves:                   37818
 Max size in master:                   491620

 No violations of the orthonormality


  RESULTS OF OCCUPATION-COEFFICIENT OPTIMIZATION
 ================================================

  Ex It  Occ Time  Orb Time  Orb It   Electronic Energy     Total Energy   Energy Convergency    Max Mul-Lag Diff

    1    8.7E-02   1.8E-01      10     -74.8969110685      -74.8969110685     0.0000000000           0.042547
    2    6.8E-02   4.9E-01      30     -74.9057085690      -74.9057085690    -0.0087975006           0.004000
    3    9.5E-02   5.5E-01      30     -74.9135179137      -74.9135179137    -0.0078093447           0.005173
    4    8.7E-02   4.9E-01      30     -74.9209589902      -74.9209589902    -0.0074410765           0.005533
    5    8.4E-02   4.9E-01      30     -74.9284751645      -74.9284751645    -0.0075161743           0.005359
    6    7.7E-02   4.9E-01      30     -74.9355956863      -74.9355956863    -0.0071205217           0.006623
    7    7.6E-02   5.5E-01      30     -74.9417087897      -74.9417087897    -0.0061131035           0.003863
    8    7.5E-02   4.9E-01      30     -74.9465357803      -74.9465357803    -0.0048269906           0.002866
    9    7.5E-02   4.9E-01      30     -74.9499678645      -74.9499678645    -0.0034320843           0.004345
   10    7.6E-02   4.9E-01      30     -74.9521728740      -74.9521728740    -0.0022050095           0.005063
   11    7.6E-02   5.8E-01      30     -74.9534611842      -74.9534611842    -0.0012883101           0.004871
   12    7.5E-02   4.9E-01      30     -74.9541836945      -74.9541836945    -0.0007225103           0.005623
   13    7.5E-02   4.9E-01      30     -74.9546361509      -74.9546361509    -0.0004524564           0.007101
   14    7.5E-02   4.9E-01      30     -74.9549483286      -74.9549483286    -0.0003121776           0.004581
   15    7.4E-02   5.4E-01      30     -74.9551540771      -74.9551540771    -0.0002057486           0.006367
   16    7.2E-02   4.9E-01      30     -74.9552957503      -74.9552957503    -0.0001416732           0.005362
   17    7.2E-02   4.9E-01      30     -74.9553973096      -74.9553973096    -0.0001015593           0.005068
   18    7.2E-02   4.9E-01      30     -74.9554657754      -74.9554657754    -0.0000684658           0.004842
   19    8.0E-02   5.6E-01      30     -74.9555084570      -74.9555084570    -0.0000426816           0.004576
   20    7.1E-02   4.9E-01      30     -74.9555342548      -74.9555342548    -0.0000257978           0.004596
   21    7.1E-02   4.9E-01      30     -74.9555466332      -74.9555466332    -0.0000123784           0.005027
   22    7.1E-02   7.0E-01      40     -74.9555557551      -74.9555557551    -0.0000091219           0.001305
   23    8.0E-02   7.9E-01      50     -74.9555566920      -74.9555566920    -0.0000009370           0.000438
   24    7.0E-02   9.6E-01      60     -74.9555434818      -74.9555434818     0.0000132102           0.001545
   25    5.9E-02   1.3E+00      80     -74.9555597959      -74.9555597959    -0.0000163141           0.000114
   26    6.9E-02   1.5E+00      90     -74.9555597984      -74.9555597984    -0.0000000025           0.000201
   27    5.9E-02   1.7E+00     110     -74.9555601946      -74.9555601946    -0.0000003962           0.000007
   28    8.6E-02   1.4E-02     110     -74.9555602028      -74.9555602028    -0.0000000083           0.000007


  RESULTS OF THE OCCUPATION OPTIMIZATION
 ========================================

   OM     Occupation      Elag Diag

    1      1.9995355    -20.6744483
    2      1.9685014     -1.0258855
    3      1.9683439     -0.8695684
    4      1.0000000     -0.3842140
    5      1.0000000     -0.3841684
    6      0.0039668     -0.0051744
    7      0.0029316     -0.0043159
    8      0.0000739     -0.0017361
    9      0.0001731     -0.0005285
   10      0.0044863     -0.0051839
   11      0.0000740     -0.0017376
   12      0.0039955     -0.0051936
   13      0.0156345     -0.0141158
   14      0.0002387     -0.0079745
   15      0.0189108     -0.0160633
   16      0.0044816     -0.0051727
   17      0.0000055     -0.0004894
   18      0.0002943     -0.0007665
   19      0.0002596     -0.0006865
   20      0.0000066     -0.0002028
   21      0.0038540     -0.0051076
   22      0.0029315     -0.0043159
   23      0.0000082     -0.0002059
   24      0.0002945     -0.0007665
   25      0.0005132     -0.0012211
   26      0.0000080     -0.0002041
   27      0.0001671     -0.0004784
   28      0.0002604     -0.0006899
   29      0.0000496     -0.0011787

   RO Sum (   8) =    8.00

  ---------------
   Dipole Moment
  ---------------

      0.0169 Debye [   0.0067  (  -0.0059,   0.0001,   0.0031) ]

 ----------------
  Final Energies  
 ----------------

  Final NOF Total Energy =      -74.9555602028 ( 7.E-06 , 0.E+00 )


  **************************************************
  *                                                *
  *       SINGLE-POINT DoNOF CALCULATION           *
  *                                                *
  *             FULL OPTIMIZATION                  *
  *                                                *
  *  FINAL RESULTS   FINAL RESULTS  FINAL RESULTS  *
  *                                                *
  **************************************************

  **************************************************
  *         No. EXTERNAL ITER =    28              *
  *         No. of TOTAL ITER =  1150              *
  **************************************************

  Elapsed real time :     19.58  (Seconds)

 The execution finished at 15h 41min on the  3/11/2025
