 This is the serial version of the code

 The execution started at 15h 50min on the 11/21/2024

    ===========================================================
    !                                                         !
    !                        Do N O F                         !
    !                                                         !
    !  (Donostia Natural Orbital Functional Software Program) !
    !                                                         !
    !               COPYRIGHT by Mario Piris                  !
    !                                                         !
    !      Donostia International Physics Center (DIPC)       !
    !       University of the Basque Country (UPV/EHU)        !
    !       Basque Foundation for Science (IKERBASQUE)        !
    !                                                         !
    !          GNU General Public License version 3           !
    !                                                         !
    !                  VERSION: Mayo 2024                     !
    !                                                         !
    ===========================================================

 Run Title
 ---------
 p30-5 set                                                                       

 Basis Set
 ---------
 /home/ion/p30-5/inps/def2-svp/pnof7/def2-svp.bas                                

 Atom      Charge                Coordinates (Bohr)
                           x             y             z
 H           1.0        0.0000        0.0000       -2.9672
 F           9.0        0.0000        0.0000        0.0849
 F           9.0        0.0000        0.0000        2.8823

 Atomic Basis Set
 ----------------
 The contracted primitive functions were unnormalized
 The contracted basis functions are now normalized to unity

  Shell Type  Primitive         Exponent  Contraction Coefficient

 H         
 
      1   S       1            13.0107010    0.033485484813
      1   S       2             1.9622572    0.234721870881
      1   S       3             0.4445380    0.813770285260
 
      2   S       4             0.1219496    1.000000000000
 
      3   P       5             0.8000000    1.000000000000

 F         
 
      4   S       6          2894.8325990   -0.005349321176
      4   S       7           435.4193912   -0.039967734372
      4   S       8            98.8433289   -0.179412617888
      4   S       9            27.4851980   -0.468324686869
      4   S      10             8.5405498   -0.447241605328
 
      5   S      11             1.0654578    1.000000000000
 
      6   S      12             0.3324735    1.000000000000
 
      7   P      13            22.6966339   -0.064782148241
      7   P      14             4.9872339   -0.340357853553
      7   P      15             1.3491614   -0.734858153660
 
      8   P      16             0.3482988    1.000000000000
 
      9   D      17             1.4000000    1.000000000000

 F         
 
     10   S      18          2894.8325990   -0.005349321176
     10   S      19           435.4193912   -0.039967734372
     10   S      20            98.8433289   -0.179412617888
     10   S      21            27.4851980   -0.468324686869
     10   S      22             8.5405498   -0.447241605328
 
     11   S      23             1.0654578    1.000000000000
 
     12   S      24             0.3324735    1.000000000000
 
     13   P      25            22.6966339   -0.064782148241
     13   P      26             4.9872339   -0.340357853553
     13   P      27             1.3491614   -0.734858153660
 
     14   P      28             0.3482988    1.000000000000
 
     15   D      29             1.4000000    1.000000000000

 Total Number of Basis Set Shells             =   15
 Total Number of Primitives                   =   29
 Number of Cartesian Gaussian Basis Functions =   35
 Number of Electrons                          =   19
 Charge of Molecule                           =    0
 Spin Multiplicity                            =    2
 Number of Occupied Orbitals (Alpha)          =   10
 Number of Occupied Orbitals (Beta )          =    9
 Total Number of Atoms                        =    3

 Input Run Options
 -----------------
 IRUNTYP = 1  MULT = 2  ICHARG =  0 IECP = 0  IEMOM = 1  UNITS = ANGS    

 Integral Options
 ----------------
 CUTOFF = 1.0E-09   ISCHWZ = 0   ERITYP = FULL

 Input NOF Options
 -----------------

 Type of calculation =    Coeff. Opt.:   (ICOEF)         1
 Use Softmax function for Occ. Opt.:     (ISOFTMAX)      1
 Type of Orb. Opt. = Orbital Rotations:  (IORBOPT)       4
 Maximum Number of Occ-Coef Outer Iter.: (MAXIT)      1000

 Natural Orbital Functional Selected:    (IPNOF)         7
 Spin-Multiplet, High-Spin State Option: (HighSpin)      F
 
 Restart calculation Option:             (RESTART)       F
 Restart Gamma Matrix from GCF file:     (INPUTGAMMA)    0
 Coefficient Matrix from GCF file:       (INPUTC)        0
 Diagonal Elements FMIUG from GCF file:  (INPUTFMIUG)    0
 Cartesian Coordinates from GCF file:    (INPUTCXYZ)     0
 Orthogonalize the initial Orbitals:     (ORTHO)         T

 Output Option:                          (NPRINT)        0
 Output the Coefficient Matrix:          (IWRITEC)       0
 Do a Mulliken Population Analysis:      (IMULPOP)       0
 Write Information into a WFN file:      (IAIMPAC)       1
 Write Information into a FCHK file:     (IFCHK)         1
 Write Information into a MLP file:      (MOLDEN)        1
 Create Ini. Cond. (ini.xyz) file:       (INICOND)       1
 Calculate IPs using Ext. Koopmans Theo: (IEKT)          0
 Write APSG expansion coefficient file:  (APSG)          F
 Output option for Lagrange Multipliers: (PRINTLAG)      F
 Diagonalize matrix of Lag. Multipliers: (DIAGLAG)       F

------------------------------------------------------------------------

 Orbital Space
 -------------

 Inactive Doubly occupied orbitals up to NO1  =    0
 No. considered Strongly Doubly occupied MOs  =    9
 No. considered Strongly Singly occupied MOs  =    1
 No. of Weakly occ. per St. Doubly occ.  MOs  =    2
 Dimension of the Active Nat. Orb. subspace   =   27
 Secondary Empty orbitals                     =    7

 1e- integrals
 -------------
 Time to do integrals =      0.00
 Guess for MOs = HCORE
        42 MOs were matched and         0 equalized to zero

 2e- integrals
 -------------
 DONTW option skips storage 2e- integrals on Unit 1
               51433 2e- integrals in     1 records
 Time to do integrals =      0.05

 Input for Coefficients is HCORE


  RESULTS OF OCCUPATION-COEFFICIENT OPTIMIZATION
 ================================================

  Ex It  Occ Time  Orb Time  Orb It   Electronic Energy     Total Energy   Energy Convergency    Max Mul-Lag Diff

    1    9.9E-02   5.3E-01      10    -225.8657831938     -192.4234806639    -6.6374479182           0.810415
    2    7.8E-02   5.3E-01      10    -229.8265726978     -196.3842701679    -3.9607895040           0.581887
    3    8.2E-02   5.4E-01      10    -231.5783363451     -198.1360338153    -1.7517636474           0.366424
    4    8.3E-02   5.3E-01      10    -232.2228625224     -198.7805599925    -0.6445261772           0.218262
    5    7.8E-02   5.4E-01      10    -232.4459988446     -199.0036963147    -0.2231363222           0.123484
    6    7.9E-02   5.3E-01      10    -232.5371752712     -199.0948727414    -0.0911764267           0.060450
    7    8.2E-02   5.3E-01      10    -232.5997033739     -199.1574008441    -0.0625281027           0.028587
    8    8.0E-02   5.3E-01      10    -232.6308454649     -199.1885429350    -0.0311420910           0.032859
    9    7.4E-02   5.3E-01      10    -232.6423453666     -199.2000428368    -0.0114999017           0.028939
   10    7.9E-02   5.3E-01      10    -232.6483345042     -199.2060319744    -0.0059891376           0.035524
   11    8.0E-02   5.2E-01      10    -232.6511083691     -199.2088058393    -0.0027738649           0.025440
   12    7.9E-02   5.2E-01      10    -232.6516102271     -199.2093076972    -0.0005018579           0.027328
   13    7.7E-02   5.2E-01      10    -232.6517253804     -199.2094228505    -0.0001151533           0.025485
   14    6.8E-02   5.2E-01      10    -232.6516419774     -199.2093394475     0.0000834030           0.025634
   15    7.2E-02   9.8E-01      20    -232.6530253237     -199.2107227939    -0.0013833463           0.001570
   16    7.6E-02   1.4E+00      30    -232.6530447778     -199.2107422479    -0.0000194541           0.000285
   17    7.3E-02   1.4E+00      30    -232.6530619415     -199.2107594116    -0.0000171637           0.000263
   18    7.3E-02   1.4E+00      30    -232.6530865981     -199.2107840683    -0.0000246567           0.000258
   19    7.6E-02   1.4E+00      30    -232.6531201806     -199.2108176507    -0.0000335824           0.000269
   20    7.3E-02   1.4E+00      30    -232.6531638554     -199.2108613255    -0.0000436748           0.000245
   21    7.6E-02   1.4E+00      30    -232.6532066808     -199.2109041510    -0.0000428254           0.000259
   22    7.6E-02   1.4E+00      30    -232.6532434657     -199.2109409358    -0.0000367848           0.000243
   23    7.5E-02   1.9E+00      40    -232.6532722770     -199.2109697472    -0.0000288113           0.000054
   24    7.4E-02   4.1E-02      40    -232.6532730745     -199.2109705447    -0.0000007975           0.000056


  RESULTS OF THE OCCUPATION OPTIMIZATION
 ========================================

   OM     Occupation      Elag Diag

    1      1.9999584    -26.3719067
    2      1.9999567    -26.3903263
    3      1.9891978     -1.0304588
    4      1.9890970     -1.0200998
    5      1.9890897     -1.0045757
    6      1.9890821     -1.0043110
    7      1.9890507     -1.0001090
    8      1.9890499     -1.0142756
    9      1.7613093     -0.7471770
   10      1.0000000     -0.2732934
   11      0.0005683     -0.0008826
   12      0.0014126     -0.0027942
   13      0.0095024     -0.0114654
   14      0.0094729     -0.0114558
   15      0.0014440     -0.0028438
   16      0.0014100     -0.0027856
   17      0.0013970     -0.0027639
   18      0.0000047     -0.0001081
   19      0.0000377     -0.0009807
   20      0.2381224     -0.1379442
   21      0.0095375     -0.0115658
   22      0.0014468     -0.0028489
   23      0.0014450     -0.0028440
   24      0.0094662     -0.0114505
   25      0.0094930     -0.0115479
   26      0.0094052     -0.0115085
   27      0.0000387     -0.0010106
   28      0.0000039     -0.0000921

   RO Sum (  19) =   19.00

  ---------------
   Dipole Moment
  ---------------

      1.0228 Debye [   0.4024  (   0.0002,  -0.0002,  -0.4024) ]

 ----------------
  Final Energies  
 ----------------

  Final NOF Total Energy =     -199.2109705447 ( 6.E-05 , 0.E+00 )


  **************************************************
  *                                                *
  *       SINGLE-POINT DoNOF CALCULATION           *
  *                                                *
  *             FULL OPTIMIZATION                  *
  *                                                *
  *  FINAL RESULTS   FINAL RESULTS  FINAL RESULTS  *
  *                                                *
  **************************************************

  **************************************************
  *         No. EXTERNAL ITER =    24              *
  *         No. of TOTAL ITER =   450              *
  **************************************************

  Elapsed real time :     22.08  (Seconds)

 The execution finished at 15h 51min on the 11/21/2024
