 This is the serial version of the code

 The execution started at 17h  2min on the 11/21/2024

    ===========================================================
    !                                                         !
    !                        Do N O F                         !
    !                                                         !
    !  (Donostia Natural Orbital Functional Software Program) !
    !                                                         !
    !               COPYRIGHT by Mario Piris                  !
    !                                                         !
    !      Donostia International Physics Center (DIPC)       !
    !       University of the Basque Country (UPV/EHU)        !
    !       Basque Foundation for Science (IKERBASQUE)        !
    !                                                         !
    !          GNU General Public License version 3           !
    !                                                         !
    !                  VERSION: Mayo 2024                     !
    !                                                         !
    ===========================================================

 Run Title
 ---------
 p30-5 set                                                                       

 Basis Set
 ---------
 /home/ion/p30-5/inps/def2-svp/pnof7/def2-svp.bas                                

 Atom      Charge                Coordinates (Bohr)
                           x             y             z
 O           8.0        0.0000        0.0000        0.9155
 H           1.0        0.0000        0.0000       -0.9155

 Atomic Basis Set
 ----------------
 The contracted primitive functions were unnormalized
 The contracted basis functions are now normalized to unity

  Shell Type  Primitive         Exponent  Contraction Coefficient

 O         
 
      1   S       1          2266.1767785   -0.005389350392
      1   S       2           340.8701019   -0.040234721389
      1   S       3            77.3631352   -0.180081842055
      1   S       4            21.4796449   -0.468288576577
      1   S       5             6.6589433   -0.446926171602
 
      2   S       6             0.8097598    1.000000000000
 
      3   S       7             0.2553077    1.000000000000
 
      4   P       8            17.7215043    0.062630248763
      4   P       9             3.8635505    0.333311384824
      4   P      10             1.0480921    0.741486383081
 
      5   P      11             0.2764154    1.000000000000
 
      6   D      12             1.2000000    1.000000000000

 H         
 
      7   S      13            13.0107010    0.033485484813
      7   S      14             1.9622572    0.234721870881
      7   S      15             0.4445380    0.813770285260
 
      8   S      16             0.1219496    1.000000000000
 
      9   P      17             0.8000000    1.000000000000

 Total Number of Basis Set Shells             =    9
 Total Number of Primitives                   =   17
 Number of Cartesian Gaussian Basis Functions =   20
 Number of Electrons                          =    9
 Charge of Molecule                           =    0
 Spin Multiplicity                            =    2
 Number of Occupied Orbitals (Alpha)          =    5
 Number of Occupied Orbitals (Beta )          =    4
 Total Number of Atoms                        =    2

 Input Run Options
 -----------------
 IRUNTYP = 1  MULT = 2  ICHARG =  0 IECP = 0  IEMOM = 1  UNITS = ANGS    

 Integral Options
 ----------------
 CUTOFF = 1.0E-09   ISCHWZ = 0   ERITYP = FULL

 Input NOF Options
 -----------------

 Type of calculation =    Coeff. Opt.:   (ICOEF)         1
 Use Softmax function for Occ. Opt.:     (ISOFTMAX)      1
 Type of Orb. Opt. = Orbital Rotations:  (IORBOPT)       4
 Maximum Number of Occ-Coef Outer Iter.: (MAXIT)      1000

 Natural Orbital Functional Selected:    (IPNOF)         7
 Spin-Multiplet, High-Spin State Option: (HighSpin)      F
 
 Restart calculation Option:             (RESTART)       F
 Restart Gamma Matrix from GCF file:     (INPUTGAMMA)    0
 Coefficient Matrix from GCF file:       (INPUTC)        0
 Diagonal Elements FMIUG from GCF file:  (INPUTFMIUG)    0
 Cartesian Coordinates from GCF file:    (INPUTCXYZ)     0
 Orthogonalize the initial Orbitals:     (ORTHO)         T

 Output Option:                          (NPRINT)        0
 Output the Coefficient Matrix:          (IWRITEC)       0
 Do a Mulliken Population Analysis:      (IMULPOP)       0
 Write Information into a WFN file:      (IAIMPAC)       1
 Write Information into a FCHK file:     (IFCHK)         1
 Write Information into a MLP file:      (MOLDEN)        1
 Create Ini. Cond. (ini.xyz) file:       (INICOND)       1
 Calculate IPs using Ext. Koopmans Theo: (IEKT)          0
 Write APSG expansion coefficient file:  (APSG)          F
 Output option for Lagrange Multipliers: (PRINTLAG)      F
 Diagonalize matrix of Lag. Multipliers: (DIAGLAG)       F

------------------------------------------------------------------------

 Orbital Space
 -------------

 Inactive Doubly occupied orbitals up to NO1  =    0
 No. considered Strongly Doubly occupied MOs  =    4
 No. considered Strongly Singly occupied MOs  =    1
 No. of Weakly occ. per St. Doubly occ.  MOs  =    3
 Dimension of the Active Nat. Orb. subspace   =   16
 Secondary Empty orbitals                     =    3

 1e- integrals
 -------------
 Time to do integrals =      0.00
 Guess for MOs = HCORE
        12 MOs were matched and         0 equalized to zero

 2e- integrals
 -------------
 DONTW option skips storage 2e- integrals on Unit 1
                5596 2e- integrals in     1 records
 Time to do integrals =      0.01

 Input for Coefficients is HCORE


  RESULTS OF OCCUPATION-COEFFICIENT OPTIMIZATION
 ================================================

  Ex It  Occ Time  Orb Time  Orb It   Electronic Energy     Total Energy   Energy Convergency    Max Mul-Lag Diff

    1    1.2E-02   4.0E-02      10     -76.7452790792      -72.3759602389    -2.3051512324           0.542926
    2    1.3E-02   4.0E-02      10     -77.9683517468      -73.5990329065    -1.2230726676           0.378872
    3    1.1E-02   4.0E-02      10     -78.7989713355      -74.4296524952    -0.8306195887           0.372430
    4    1.1E-02   4.1E-02      10     -79.2572943836      -74.8879755433    -0.4583230481           0.296355
    5    1.0E-02   4.1E-02      10     -79.5272226690      -75.1579038287    -0.2699282854           0.200133
    6    1.0E-02   3.1E-02      10     -79.6811096735      -75.3117908332    -0.1538870046           0.132171
    7    1.0E-02   4.0E-02      10     -79.7459462435      -75.3766274032    -0.0648365700           0.077785
    8    1.0E-02   4.0E-02      10     -79.7713259912      -75.4020071509    -0.0253797477           0.028706
    9    1.0E-02   4.0E-02      10     -79.7807503314      -75.4114314911    -0.0094243402           0.015400
   10    1.0E-02   4.0E-02      10     -79.7856539498      -75.4163351095    -0.0049036184           0.020851
   11    9.4E-03   3.6E-02      10     -79.7892501925      -75.4199313521    -0.0035962426           0.015247
   12    6.2E-03   4.1E-02      10     -79.7919478190      -75.4226289787    -0.0026976266           0.022221
   13    9.9E-03   4.0E-02      10     -79.7937578946      -75.4244390543    -0.0018100756           0.015153
   14    9.7E-03   4.0E-02      10     -79.7949482919      -75.4256294516    -0.0011903974           0.019325
   15    9.9E-03   4.0E-02      10     -79.7957518394      -75.4264329991    -0.0008035475           0.015987
   16    9.9E-03   4.0E-02      10     -79.7961854253      -75.4268665849    -0.0004335858           0.016080
   17    6.6E-03   3.5E-02      10     -79.7965873368      -75.4272684965    -0.0004019115           0.022911
   18    8.6E-03   4.1E-02      10     -79.7968648401      -75.4275459998    -0.0002775033           0.017340
   19    8.5E-03   4.1E-02      10     -79.7972043217      -75.4278854814    -0.0003394816           0.015873
   20    8.5E-03   4.1E-02      10     -79.7971448431      -75.4278260028     0.0000594786           0.018132
   21    7.4E-03   6.8E-02      20     -79.7976263438      -75.4283075035    -0.0004815007           0.001048
   22    7.5E-03   1.1E-01      30     -79.7976486133      -75.4283297730    -0.0000222695           0.000198
   23    8.5E-03   1.3E-01      40     -79.7976522479      -75.4283334076    -0.0000036346           0.000041


  RESULTS OF THE OCCUPATION OPTIMIZATION
 ========================================

   OM     Occupation      Elag Diag

    1      1.9999071    -20.6088411
    2      1.9809733     -0.8229351
    3      1.9809621     -0.8224379
    4      1.9621083     -0.8878961
    5      1.0000000     -0.3467972
    6      0.0327173     -0.0274454
    7      0.0139844     -0.0124350
    8      0.0139578     -0.0124245
    9      0.0000050     -0.0000968
   10      0.0020590     -0.0032607
   11      0.0032353     -0.0042587
   12      0.0032567     -0.0042678
   13      0.0000854     -0.0017972
   14      0.0031154     -0.0041864
   15      0.0018182     -0.0029233
   16      0.0018122     -0.0029202
   17      0.0000025     -0.0000525

   RO Sum (   9) =    9.00

  ---------------
   Dipole Moment
  ---------------

      1.7968 Debye [   0.7069  (  -0.0000,  -0.0000,  -0.7069) ]

 ----------------
  Final Energies  
 ----------------

  Final NOF Total Energy =      -75.4283334076 ( 4.E-05 , 0.E+00 )


  **************************************************
  *                                                *
  *       SINGLE-POINT DoNOF CALCULATION           *
  *                                                *
  *             FULL OPTIMIZATION                  *
  *                                                *
  *  FINAL RESULTS   FINAL RESULTS  FINAL RESULTS  *
  *                                                *
  **************************************************

  **************************************************
  *         No. EXTERNAL ITER =    23              *
  *         No. of TOTAL ITER =   290              *
  **************************************************

  Elapsed real time :      1.34  (Seconds)

 The execution finished at 17h  2min on the 11/21/2024
