 This is the serial version of the code

 The execution started at 17h 39min on the  2/20/2025

    ===========================================================
    !                                                         !
    !                        Do N O F                         !
    !                                                         !
    !  (Donostia Natural Orbital Functional Software Program) !
    !                                                         !
    !               COPYRIGHT by Mario Piris                  !
    !                                                         !
    !      Donostia International Physics Center (DIPC)       !
    !       University of the Basque Country (UPV/EHU)        !
    !       Basque Foundation for Science (IKERBASQUE)        !
    !                                                         !
    !          GNU General Public License version 3           !
    !                                                         !
    !                  VERSION: Mayo 2024                     !
    !                                                         !
    ===========================================================

 Run Title
 ---------
 p30-5 set                                                                       

 Basis Set
 ---------
 /home/ion/p30-5/Results/def2-svp/new-january/DC13-pnof7/def2-svp.bas            

 Atom      Charge                Coordinates (Bohr)
                           x             y             z
 BE          4.0        1.3755       -1.3755        1.3755
 BE          4.0       -1.3755        1.3755        1.3755
 BE          4.0       -1.3755       -1.3755       -1.3755
 BE          4.0        1.3755        1.3755       -1.3755

 Atomic Basis Set
 ----------------
 The contracted primitive functions were unnormalized
 The contracted basis functions are now normalized to unity

  Shell Type  Primitive         Exponent  Contraction Coefficient

 BE        
 
      1   S       1           515.1861613    0.005837635441
      1   S       2            77.5110376    0.043234967111
      1   S       3            17.5524817    0.188026956444
      1   S       4             4.8028941    0.469576904234
      1   S       5             1.4516214    0.440951660947
 
      2   S       6             0.1328163    1.000000000000
 
      3   S       7             0.0458374    1.000000000000
 
      4   P       8             3.6316917   -0.045461968666
      4   P       9             0.7169569   -0.264276543343
      4   P      10             0.1954193   -0.804884200890
 
      5   P      11             0.0605155    1.000000000000

 BE        
 
      6   S      12           515.1861613    0.005837635441
      6   S      13            77.5110376    0.043234967111
      6   S      14            17.5524817    0.188026956444
      6   S      15             4.8028941    0.469576904234
      6   S      16             1.4516214    0.440951660947
 
      7   S      17             0.1328163    1.000000000000
 
      8   S      18             0.0458374    1.000000000000
 
      9   P      19             3.6316917   -0.045461968666
      9   P      20             0.7169569   -0.264276543343
      9   P      21             0.1954193   -0.804884200890
 
     10   P      22             0.0605155    1.000000000000

 BE        
 
     11   S      23           515.1861613    0.005837635441
     11   S      24            77.5110376    0.043234967111
     11   S      25            17.5524817    0.188026956444
     11   S      26             4.8028941    0.469576904234
     11   S      27             1.4516214    0.440951660947
 
     12   S      28             0.1328163    1.000000000000
 
     13   S      29             0.0458374    1.000000000000
 
     14   P      30             3.6316917   -0.045461968666
     14   P      31             0.7169569   -0.264276543343
     14   P      32             0.1954193   -0.804884200890
 
     15   P      33             0.0605155    1.000000000000

 BE        
 
     16   S      34           515.1861613    0.005837635441
     16   S      35            77.5110376    0.043234967111
     16   S      36            17.5524817    0.188026956444
     16   S      37             4.8028941    0.469576904234
     16   S      38             1.4516214    0.440951660947
 
     17   S      39             0.1328163    1.000000000000
 
     18   S      40             0.0458374    1.000000000000
 
     19   P      41             3.6316917   -0.045461968666
     19   P      42             0.7169569   -0.264276543343
     19   P      43             0.1954193   -0.804884200890
 
     20   P      44             0.0605155    1.000000000000

 Total Number of Basis Set Shells             =   20
 Total Number of Primitives                   =   44
 Number of Cartesian Gaussian Basis Functions =   36
 Number of Electrons                          =   16
 Charge of Molecule                           =    0
 Spin Multiplicity                            =    1
 Number of Occupied Orbitals (Alpha)          =    8
 Number of Occupied Orbitals (Beta )          =    8
 Total Number of Atoms                        =    4

 Input Run Options
 -----------------
 IRUNTYP = 1  MULT = 1  ICHARG =  0 IECP = 0  IEMOM = 1  UNITS = ANGS    

 Integral Options
 ----------------
 CUTOFF = 1.0E-09   ISCHWZ = 0   ERITYP = FULL

 Input NOF Options
 -----------------

 Type of calculation =    Coeff. Opt.:   (ICOEF)         1
 Use Softmax function for Occ. Opt.:     (ISOFTMAX)      1
 Type of Orb. Opt. = Orbital Rotations:  (IORBOPT)       4
 Maximum Number of Occ-Coef Outer Iter.: (MAXIT)      1000

 Natural Orbital Functional Selected:    (IPNOF)         7
 
 Restart calculation Option:             (RESTART)       T
 Orthogonalize the initial Orbitals:     (ORTHO)         T

 Output Option:                          (NPRINT)        0
 Output the Coefficient Matrix:          (IWRITEC)       0
 Do a Mulliken Population Analysis:      (IMULPOP)       0
 Write Information into a WFN file:      (IAIMPAC)       1
 Write Information into a FCHK file:     (IFCHK)         1
 Write Information into a MLP file:      (MOLDEN)        1
 Create Ini. Cond. (ini.xyz) file:       (INICOND)       1
 Calculate IPs using Ext. Koopmans Theo: (IEKT)          0
 Write APSG expansion coefficient file:  (APSG)          F
 Output option for Lagrange Multipliers: (PRINTLAG)      F
 Diagonalize matrix of Lag. Multipliers: (DIAGLAG)       F

 Nuclear Coordinates from GCF file:
 ----------------------------------

 Atom      Charge                Coordinates (Bohr)
                           x             y             z
 BE       4.00000        1.3755       -1.3755        1.3755
 BE       4.00000       -1.3755        1.3755        1.3755
 BE       4.00000       -1.3755       -1.3755       -1.3755
 BE       4.00000        1.3755        1.3755       -1.3755

------------------------------------------------------------------------

 Orbital Space
 -------------

 Inactive Doubly occupied orbitals up to NO1  =    0
 No. considered Strongly Doubly occupied MOs  =    8
 No. considered Strongly Singly occupied MOs  =    0
 No. of Weakly occ. per St. Doubly occ.  MOs  =    3
 Dimension of the Active Nat. Orb. subspace   =   32
 Secondary Empty orbitals                     =    4

 1e- integrals
 -------------
 Time to do integrals =      0.00

 2e- integrals
 -------------
 DONTW option skips storage 2e- integrals on Unit 1
              185346 2e- integrals in     1 records
 Time to do integrals =      0.09

 No violations of the orthonormality


  RESULTS OF OCCUPATION-COEFFICIENT OPTIMIZATION
 ================================================

  Ex It  Occ Time  Orb Time  Orb It   Electronic Energy     Total Energy   Energy Convergency    Max Mul-Lag Diff

    1    1.5E-01   7.9E-01      10     -83.0816089692      -58.4068149078    -0.0129343027           0.005569
    2    1.6E-01   7.9E-01      10     -83.0883212504      -58.4135271889    -0.0067122811           0.004177
    3    1.6E-01   7.9E-01      10     -83.0904412568      -58.4156471954    -0.0021200065           0.006017
    4    1.5E-01   7.9E-01      10     -83.0920528663      -58.4172588049    -0.0016116095           0.004585
    5    1.5E-01   7.9E-01      10     -83.0929678877      -58.4181738263    -0.0009150214           0.005091
    6    1.5E-01   7.9E-01      10     -83.0936073649      -58.4188133034    -0.0006394771           0.005375
    7    1.5E-01   7.9E-01      10     -83.0938787271      -58.4190846656    -0.0002713622           0.005851
    8    1.5E-01   7.9E-01      10     -83.0940110493      -58.4192169878    -0.0001323222           0.006422
    9    1.4E-01   7.9E-01      10     -83.0940958395      -58.4193017780    -0.0000847902           0.005269
   10    1.4E-01   7.9E-01      10     -83.0941069217      -58.4193128602    -0.0000110822           0.006023
   11    1.4E-01   7.9E-01      10     -83.0941523371      -58.4193582757    -0.0000454154           0.005761
   12    1.4E-01   7.9E-01      10     -83.0941418098      -58.4193477484     0.0000105273           0.004725
   13    1.4E-01   1.5E+00      20     -83.0945381111      -58.4197440496    -0.0003963012           0.000234
   14    1.4E-01   2.1E+00      30     -83.0945816140      -58.4197875526    -0.0000435030           0.000162
   15    1.4E-01   2.1E+00      30     -83.0946485287      -58.4198544672    -0.0000669147           0.000226
   16    1.4E-01   2.1E+00      30     -83.0947561023      -58.4199620408    -0.0001075736           0.000260
   17    1.4E-01   2.1E+00      30     -83.0949108147      -58.4201167533    -0.0001547124           0.000335
   18    1.5E-01   2.1E+00      30     -83.0951404104      -58.4203463489    -0.0002295957           0.000400
   19    1.4E-01   2.1E+00      30     -83.0954757513      -58.4206816899    -0.0003353409           0.000504
   20    1.4E-01   2.1E+00      30     -83.0959483995      -58.4211543380    -0.0004726481           0.000635
   21    1.4E-01   2.1E+00      30     -83.0965581688      -58.4217641073    -0.0006097693           0.000757
   22    1.4E-01   2.1E+00      30     -83.0972804316      -58.4224863702    -0.0007222629           0.000853
   23    1.4E-01   2.1E+00      30     -83.0980483160      -58.4232542546    -0.0007678844           0.000873
   24    1.4E-01   2.1E+00      30     -83.0987795989      -58.4239855374    -0.0007312828           0.000812
   25    1.4E-01   2.1E+00      30     -83.0994155230      -58.4246214616    -0.0006359242           0.000702
   26    1.4E-01   2.1E+00      30     -83.0998971014      -58.4251030400    -0.0004815784           0.000548
   27    1.4E-01   2.1E+00      30     -83.1002000544      -58.4254059930    -0.0003029530           0.000360
   28    1.4E-01   2.1E+00      30     -83.1003472816      -58.4255532202    -0.0001472272           0.000172
   29    1.5E-01   2.1E+00      30     -83.1003964109      -58.4256023494    -0.0000491292           0.000040
   30    1.5E-01   6.5E-02      30     -83.1004002416      -58.4256061802    -0.0000038308           0.000085


  RESULTS OF THE OCCUPATION OPTIMIZATION
 ========================================

   OM     Occupation      Elag Diag

    1      1.9998679     -4.6946926
    2      1.9998609     -4.6945657
    3      1.9998556     -4.6947775
    4      1.9998504     -4.6896355
    5      1.9464591     -0.5753789
    6      1.5922987     -0.2700535
    7      1.5617979     -0.2673916
    8      1.4488026     -0.2465352
    9      0.5183823     -0.0949326
   10      0.1783010     -0.0382029
   11      0.1999995     -0.0416549
   12      0.0182769     -0.0071741
   13      0.0000332     -0.0001265
   14      0.0000698     -0.0002666
   15      0.0000663     -0.0002510
   16      0.0000358     -0.0001383
   17      0.0159113     -0.0050194
   18      0.1445390     -0.0318789
   19      0.0136336     -0.0043169
   20      0.0169596     -0.0067120
   21      0.0000771     -0.0002891
   22      0.0000370     -0.0001420
   23      0.0000345     -0.0001319
   24      0.0000668     -0.0002546
   25      0.0169038     -0.0053696
   26      0.1153621     -0.0260180
   27      0.1940682     -0.0411746
   28      0.0183045     -0.0071177
   29      0.0000393     -0.0001467
   30      0.0000376     -0.0001445
   31      0.0000384     -0.0001471
   32      0.0000294     -0.0001158

   RO Sum (  16) =   16.00

  ---------------
   Dipole Moment
  ---------------

      0.6037 Debye [   0.2375  (  -0.0670,   0.2184,  -0.0648) ]

 ----------------
  Final Energies  
 ----------------

  Final NOF Total Energy =      -58.4256061802 ( 8.E-05 , 0.E+00 )


  **************************************************
  *                                                *
  *       SINGLE-POINT DoNOF CALCULATION           *
  *                                                *
  *             FULL OPTIMIZATION                  *
  *                                                *
  *  FINAL RESULTS   FINAL RESULTS  FINAL RESULTS  *
  *                                                *
  **************************************************

  **************************************************
  *         No. EXTERNAL ITER =    30              *
  *         No. of TOTAL ITER =   650              *
  **************************************************

  Elapsed real time :     49.32  (Seconds)

 The execution finished at 17h 40min on the  2/20/2025
