 This is the serial version of the code

 The execution started at 11h 46min on the 11/21/2024

    ===========================================================
    !                                                         !
    !                        Do N O F                         !
    !                                                         !
    !  (Donostia Natural Orbital Functional Software Program) !
    !                                                         !
    !               COPYRIGHT by Mario Piris                  !
    !                                                         !
    !      Donostia International Physics Center (DIPC)       !
    !       University of the Basque Country (UPV/EHU)        !
    !       Basque Foundation for Science (IKERBASQUE)        !
    !                                                         !
    !          GNU General Public License version 3           !
    !                                                         !
    !                  VERSION: Mayo 2024                     !
    !                                                         !
    ===========================================================

 Run Title
 ---------
 p30-5 set                                                                       

 Basis Set
 ---------
 /home/ion/p30-5/inps/def2-svp/pnof7/def2-svp.bas                                

 Atom      Charge                Coordinates (Bohr)
                           x             y             z
 O           8.0        0.0000        0.0000       -0.7381
 H           1.0       -1.4401        0.0000        0.3691
 H           1.0        1.4401        0.0000        0.3691

 Atomic Basis Set
 ----------------
 The contracted primitive functions were unnormalized
 The contracted basis functions are now normalized to unity

  Shell Type  Primitive         Exponent  Contraction Coefficient

 O         
 
      1   S       1          2266.1767785   -0.005389350392
      1   S       2           340.8701019   -0.040234721389
      1   S       3            77.3631352   -0.180081842055
      1   S       4            21.4796449   -0.468288576577
      1   S       5             6.6589433   -0.446926171602
 
      2   S       6             0.8097598    1.000000000000
 
      3   S       7             0.2553077    1.000000000000
 
      4   P       8            17.7215043    0.062630248763
      4   P       9             3.8635505    0.333311384824
      4   P      10             1.0480921    0.741486383081
 
      5   P      11             0.2764154    1.000000000000
 
      6   D      12             1.2000000    1.000000000000

 H         
 
      7   S      13            13.0107010    0.033485484813
      7   S      14             1.9622572    0.234721870881
      7   S      15             0.4445380    0.813770285260
 
      8   S      16             0.1219496    1.000000000000
 
      9   P      17             0.8000000    1.000000000000

 H         
 
     10   S      18            13.0107010    0.033485484813
     10   S      19             1.9622572    0.234721870881
     10   S      20             0.4445380    0.813770285260
 
     11   S      21             0.1219496    1.000000000000
 
     12   P      22             0.8000000    1.000000000000

 Total Number of Basis Set Shells             =   12
 Total Number of Primitives                   =   22
 Number of Cartesian Gaussian Basis Functions =   25
 Number of Electrons                          =   10
 Charge of Molecule                           =    0
 Spin Multiplicity                            =    1
 Number of Occupied Orbitals (Alpha)          =    5
 Number of Occupied Orbitals (Beta )          =    5
 Total Number of Atoms                        =    3

 Input Run Options
 -----------------
 IRUNTYP = 1  MULT = 1  ICHARG =  0 IECP = 0  IEMOM = 1  UNITS = ANGS    

 Integral Options
 ----------------
 CUTOFF = 1.0E-09   ISCHWZ = 0   ERITYP = FULL

 Input NOF Options
 -----------------

 Type of calculation =    Coeff. Opt.:   (ICOEF)         1
 Use Softmax function for Occ. Opt.:     (ISOFTMAX)      1
 Type of Orb. Opt. = Orbital Rotations:  (IORBOPT)       4
 Maximum Number of Occ-Coef Outer Iter.: (MAXIT)      1000

 Natural Orbital Functional Selected:    (IPNOF)         7
 
 Restart calculation Option:             (RESTART)       T
 Orthogonalize the initial Orbitals:     (ORTHO)         T

 Output Option:                          (NPRINT)        0
 Output the Coefficient Matrix:          (IWRITEC)       0
 Do a Mulliken Population Analysis:      (IMULPOP)       0
 Write Information into a WFN file:      (IAIMPAC)       1
 Write Information into a FCHK file:     (IFCHK)         1
 Write Information into a MLP file:      (MOLDEN)        1
 Create Ini. Cond. (ini.xyz) file:       (INICOND)       1
 Calculate IPs using Ext. Koopmans Theo: (IEKT)          0
 Write APSG expansion coefficient file:  (APSG)          F
 Output option for Lagrange Multipliers: (PRINTLAG)      F
 Diagonalize matrix of Lag. Multipliers: (DIAGLAG)       F

 Nuclear Coordinates from GCF file:
 ----------------------------------

 Atom      Charge                Coordinates (Bohr)
                           x             y             z
 O        8.00000        0.0000        0.0000       -0.7381
 H        1.00000       -1.4401        0.0000        0.3691
 H        1.00000        1.4401        0.0000        0.3691

------------------------------------------------------------------------

 Orbital Space
 -------------

 Inactive Doubly occupied orbitals up to NO1  =    0
 No. considered Strongly Doubly occupied MOs  =    5
 No. considered Strongly Singly occupied MOs  =    0
 No. of Weakly occ. per St. Doubly occ.  MOs  =    4
 Dimension of the Active Nat. Orb. subspace   =   25
 Secondary Empty orbitals                     =    0

 1e- integrals
 -------------
 Time to do integrals =      0.00

 2e- integrals
 -------------
 DONTW option skips storage 2e- integrals on Unit 1
               25620 2e- integrals in     1 records
 Time to do integrals =      0.01

 No violations of the orthonormality


  RESULTS OF OCCUPATION-COEFFICIENT OPTIMIZATION
 ================================================

  Ex It  Occ Time  Orb Time  Orb It   Electronic Energy     Total Energy   Energy Convergency    Max Mul-Lag Diff

    1    4.5E-02   1.6E-01      10     -85.2148766406      -76.0597877987     0.0000000000           0.001359
    2    3.3E-02   4.0E-01      30     -85.2155183232      -76.0604294812    -0.0006416825           0.000176
    3    3.9E-02   4.1E-01      30     -85.2156593161      -76.0605704741    -0.0001409929           0.000196
    4    4.0E-02   4.1E-01      30     -85.2156834953      -76.0605946533    -0.0000241792           0.000187
    5    3.6E-02   4.0E-01      30     -85.2156917601      -76.0606029182    -0.0000082649           0.000180
    6    3.4E-02   5.4E-01      40     -85.2156970654      -76.0606082235    -0.0000053053           0.000040


  RESULTS OF THE OCCUPATION OPTIMIZATION
 ========================================

   OM     Occupation      Elag Diag

    1      1.9999242    -20.5591215
    2      1.9878244     -0.7594493
    3      1.9867068     -0.7121187
    4      1.9703401     -0.8562898
    5      1.9702457     -0.8560176
    6      0.0250145     -0.0221990
    7      0.0248859     -0.0221282
    8      0.0007383     -0.0013493
    9      0.0109614     -0.0108361
   10      0.0000003     -0.0000065
   11      0.0010516     -0.0015091
   12      0.0027185     -0.0033402
   13      0.0115564     -0.0110705
   14      0.0005170     -0.0009686
   15      0.0000019     -0.0000378
   16      0.0009819     -0.0014053
   17      0.0010516     -0.0015138
   18      0.0004796     -0.0009189
   19      0.0004987     -0.0009469
   20      0.0000003     -0.0000059
   21      0.0027063     -0.0033298
   22      0.0010039     -0.0014294
   23      0.0005189     -0.0009704
   24      0.0001984     -0.0002995
   25      0.0000732     -0.0016014

   RO Sum (  10) =   10.00

  ---------------
   Dipole Moment
  ---------------

      2.0303 Debye [   0.7988  (   0.0003,  -0.0003,   0.7988) ]

 ----------------
  Final Energies  
 ----------------

  Final NOF Total Energy =      -76.0606082235 ( 4.E-05 , 0.E+00 )


  **************************************************
  *                                                *
  *       SINGLE-POINT DoNOF CALCULATION           *
  *                                                *
  *             FULL OPTIMIZATION                  *
  *                                                *
  *  FINAL RESULTS   FINAL RESULTS  FINAL RESULTS  *
  *                                                *
  **************************************************

  **************************************************
  *         No. EXTERNAL ITER =     6              *
  *         No. of TOTAL ITER =   170              *
  **************************************************

  Elapsed real time :      2.60  (Seconds)

 The execution finished at 11h 46min on the 11/21/2024
