 This is the parallel version of the code
 This is the parallel version of the code
 This is the parallel version of the code
 This is the parallel version of the code
 This is the parallel version of the code
 This is the parallel version of the code
 This is the parallel version of the code
 This is the parallel version of the code
Master:    0

 The execution started at 15h 37min on the  1/30/2025

    ===========================================================
    !                                                         !
    !                        Do N O F                         !
    !                                                         !
    !  (Donostia Natural Orbital Functional Software Program) !
    !                                                         !
    !               COPYRIGHT by Mario Piris                  !
    !                                                         !
    !      Donostia International Physics Center (DIPC)       !
    !       University of the Basque Country (UPV/EHU)        !
    !       Basque Foundation for Science (IKERBASQUE)        !
    !                                                         !
    !          GNU General Public License version 3           !
    !                                                         !
    !                  VERSION: Mayo 2024                     !
    !                                                         !
    ===========================================================

 Run Title
 ---------
 p30-5 set                                                                       

 Basis Set
 ---------
 /beegfs_agamede/gscratch/povmieci/SCRATCH/94212/def2-svp.bas                    

 Atom      Charge                Coordinates (Bohr)
                           x             y             z
 C           6.0        0.0000        0.0000        0.0000
 CL         17.0        1.9529       -1.9529        1.9529
 CL         17.0       -1.9529        1.9529        1.9529
 CL         17.0       -1.9529       -1.9529       -1.9529
 CL         17.0        1.9529        1.9529       -1.9529

 Atomic Basis Set
 ----------------
 The contracted primitive functions were unnormalized
 The contracted basis functions are now normalized to unity

  Shell Type  Primitive         Exponent  Contraction Coefficient

 C         

      1   S       1          1238.4016938    0.005517365048
      1   S       2           186.2900499    0.041088828556
      1   S       3            42.2511763    0.182253821265
      1   S       4            11.6765579    0.468284594374
      1   S       5             3.5930506    0.445758173360

      2   S       6             0.4024515    1.000000000000

      3   S       7             0.1309018    1.000000000000

      4   P       8             9.4680971    0.056888332011
      4   P       9             2.0103545    0.312940593365
      4   P      10             0.5477100    0.760650165091

      5   P      11             0.1526861    1.000000000000

      6   D      12             0.8000000    1.000000000000

 CL        

      7   S      13         10449.8275660    0.005426595379
      7   S      14          1571.7365221    0.040626378129
      7   S      15           357.1206552    0.183597478529
      7   S      16           100.2518594    0.474389487682
      7   S      17            30.8127276    0.437351811041

      8   S      18            51.9237894   -0.092754154848
      8   S      19             5.7045761    0.563808255442
      8   S      20             2.3508377    0.503670446297

      9   S      21             0.4460512    1.000000000000

     10   S      22             0.1684886    1.000000000000

     11   P      23           307.6679057   -0.008879702559
     11   P      24            72.1020155   -0.064284071721
     11   P      25            22.5326803   -0.242887397360
     11   P      26             7.8991765   -0.483408363699
     11   P      27             2.8767268   -0.389525638755

     12   P      28             0.7745936    1.000000000000

     13   P      29             0.2103770    1.000000000000

     14   D      30             0.6500000    1.000000000000

 CL        

     15   S      31         10449.8275660    0.005426595379
     15   S      32          1571.7365221    0.040626378129
     15   S      33           357.1206552    0.183597478529
     15   S      34           100.2518594    0.474389487682
     15   S      35            30.8127276    0.437351811041

     16   S      36            51.9237894   -0.092754154848
     16   S      37             5.7045761    0.563808255442
     16   S      38             2.3508377    0.503670446297

     17   S      39             0.4460512    1.000000000000

     18   S      40             0.1684886    1.000000000000

     19   P      41           307.6679057   -0.008879702559
     19   P      42            72.1020155   -0.064284071721
     19   P      43            22.5326803   -0.242887397360
     19   P      44             7.8991765   -0.483408363699
     19   P      45             2.8767268   -0.389525638755

     20   P      46             0.7745936    1.000000000000

     21   P      47             0.2103770    1.000000000000

     22   D      48             0.6500000    1.000000000000

 CL        

     23   S      49         10449.8275660    0.005426595379
     23   S      50          1571.7365221    0.040626378129
     23   S      51           357.1206552    0.183597478529
     23   S      52           100.2518594    0.474389487682
     23   S      53            30.8127276    0.437351811041

     24   S      54            51.9237894   -0.092754154848
     24   S      55             5.7045761    0.563808255442
     24   S      56             2.3508377    0.503670446297

     25   S      57             0.4460512    1.000000000000

     26   S      58             0.1684886    1.000000000000

     27   P      59           307.6679057   -0.008879702559
     27   P      60            72.1020155   -0.064284071721
     27   P      61            22.5326803   -0.242887397360
     27   P      62             7.8991765   -0.483408363699
     27   P      63             2.8767268   -0.389525638755

     28   P      64             0.7745936    1.000000000000

     29   P      65             0.2103770    1.000000000000

     30   D      66             0.6500000    1.000000000000

 CL        

     31   S      67         10449.8275660    0.005426595379
     31   S      68          1571.7365221    0.040626378129
     31   S      69           357.1206552    0.183597478529
     31   S      70           100.2518594    0.474389487682
     31   S      71            30.8127276    0.437351811041

     32   S      72            51.9237894   -0.092754154848
     32   S      73             5.7045761    0.563808255442
     32   S      74             2.3508377    0.503670446297

     33   S      75             0.4460512    1.000000000000

     34   S      76             0.1684886    1.000000000000

     35   P      77           307.6679057   -0.008879702559
     35   P      78            72.1020155   -0.064284071721
     35   P      79            22.5326803   -0.242887397360
     35   P      80             7.8991765   -0.483408363699
     35   P      81             2.8767268   -0.389525638755

     36   P      82             0.7745936    1.000000000000

     37   P      83             0.2103770    1.000000000000

     38   D      84             0.6500000    1.000000000000

 Total Number of Basis Set Shells             =   38
 Total Number of Primitives                   =   84
 Number of Cartesian Gaussian Basis Functions =   91
 Number of Electrons                          =   74
 Charge of Molecule                           =    0
 Spin Multiplicity                            =    1
 Number of Occupied Orbitals (Alpha)          =   37
 Number of Occupied Orbitals (Beta )          =   37
 Total Number of Atoms                        =    5

 Input Run Options
 -----------------
 IRUNTYP = 1  MULT = 1  ICHARG =  0 IECP = 0  IEMOM = 1  UNITS = ANGS    

 Integral Options
 ----------------
 CUTOFF = 1.0E-09   ISCHWZ = 0   ERITYP = FULL

 Input NOF Options
 -----------------

 Type of calculation =    Coeff. Opt.:   (ICOEF)         1
 Trigonometric functions for Occ. Opt.:  (ISOFTMAX)      0
 Type of Orb. Opt. = Orbital Rotations:  (IORBOPT)       4
 Maximum Number of Occ-Coef Outer Iter.: (MAXIT)      1000

 Natural Orbital Functional Selected:    (IPNOF)         7

 Restart calculation Option:             (RESTART)       T
 Orthogonalize the initial Orbitals:     (ORTHO)         T

 Output Option:                          (NPRINT)        0
 Output the Coefficient Matrix:          (IWRITEC)       0
 Do a Mulliken Population Analysis:      (IMULPOP)       0
 Write Information into a WFN file:      (IAIMPAC)       1
 Write Information into a FCHK file:     (IFCHK)         1
 Write Information into a MLP file:      (MOLDEN)        1
 Create Ini. Cond. (ini.xyz) file:       (INICOND)       1
 Calculate IPs using Ext. Koopmans Theo: (IEKT)          0
 Write APSG expansion coefficient file:  (APSG)          F
 Output option for Lagrange Multipliers: (PRINTLAG)      F
 Diagonalize matrix of Lag. Multipliers: (DIAGLAG)       F

 Nuclear Coordinates from GCF file:
 ----------------------------------

 Atom      Charge                Coordinates (Bohr)
                           x             y             z
 C        6.00000        0.0000        0.0000        0.0000
 CL      17.00000        1.9529       -1.9529        1.9529
 CL      17.00000       -1.9529        1.9529        1.9529
 CL      17.00000       -1.9529       -1.9529       -1.9529
 CL      17.00000        1.9529        1.9529       -1.9529

------------------------------------------------------------------------

 Orbital Space
 -------------

 Inactive Doubly occupied orbitals up to NO1  =    0
 No. considered Strongly Doubly occupied MOs  =   37
 No. considered Strongly Singly occupied MOs  =    0
 No. of Weakly occ. per St. Doubly occ.  MOs  =    1
 Dimension of the Active Nat. Orb. subspace   =   74
 Secondary Empty orbitals                     =   17

 1e- integrals
 -------------
 Time to do integrals =      0.00
 Guess for MOs = HCORE
      6173 MOs were matched and        42 equalized to zero

 2e- integrals
 -------------
 DONTW option skips storage 2e- integrals on Unit 1
             5719476 2e- integrals in     1 records
 Time to do integrals =      0.76

 RHF SCF Calculation
 -------------------
 EXTRAP=T  DAMP=T  DIIS=T
 DMat Conv = 1.0E-05  Ener Tol = 1.0E-08
 Ener Conv = 1.0E-10  DMat Tol = 2.0E-05
 DIIS Conv = 1.0E-07  DMat Tol = 2.0E-05

 ITER      TOTAL ENERGY        E CHANGE     DEN. CHANGE    DIIS ERROR
   1    -1833.8172169600 -1833.8172169600  22.033147440   2.857872538
   2    -1863.2260200040   -29.4088030440   7.249856868   0.931690771
   3    -1874.5601484898   -11.3341284858   0.660012441   0.276554685
   4    -1874.8338567647    -0.2737082749   0.407496413   0.245611135
   5    -1875.2126232596    -0.3787664949   0.069505966   0.038993739
   6    -1875.2264743725    -0.0138511128   0.011308383   0.006957746
   7    -1875.2273791070    -0.0009047346   0.002790177   0.001243403
   8    -1875.2274348767    -0.0000557696   0.001058953   0.000419095
   9    -1875.2274373991    -0.0000025224   0.000094225   0.000064113
  10    -1875.2274374453    -0.0000000462   0.000012072   0.000011479
  11    -1875.2274374459    -0.0000000006   0.000001569   0.000001533

          -----------------
          DENSITY CONVERGED
          -----------------

 FINAL RHF ENERGY IS    -1875.2274374459 AFTER  11 ITERATIONS

         WAVEFUNCTION NORMALIZATION =       1.0000000000

                ONE ELECTRON ENERGY =   -3456.5117522750
                TWO ELECTRON ENERGY =    1146.7471328476
           NUCLEAR REPULSION ENERGY =     434.5371819815
                                      ------------------
                   RHF TOTAL ENERGY =   -1875.2274374459

 ELECTRON-ELECTRON POTENTIAL ENERGY =    1146.7471328476
  NUCLEUS-ELECTRON POTENTIAL ENERGY =   -5329.4365946817
   NUCLEUS-NUCLEUS POTENTIAL ENERGY =     434.5371819815
                                      ------------------
             TOTAL POTENTIAL ENERGY =   -3748.1522798527
               TOTAL KINETIC ENERGY =    1872.9248424068
                 VIRIAL RATIO (V/T) =       2.0012294113

 Distribution Full ERIs:

 Integrals:                           5719476
 Max size per slaves:                  714936
 Max size in master:                  6434412

 No violations of the orthonormality


  RESULTS OF OCCUPATION-COEFFICIENT OPTIMIZATION
 ================================================

  Ex It  Occ Time  Orb Time  Orb It   Electronic Energy     Total Energy   Energy Convergency    Max Mul-Lag Diff

    1    1.2E+00   9.8E+00      10   -2309.8742795062    -1875.3370975247     0.0000000000           0.030020
    2    1.0E+00   2.6E+01      30   -2309.9087204476    -1875.3715384661    -0.0344409415           0.002516
    3    1.2E+00   2.5E+01      30   -2309.9253173850    -1875.3881354035    -0.0165969374           0.001154
    4    9.8E-01   2.5E+01      30   -2309.9335588200    -1875.3963768385    -0.0082414350           0.000997
    5    1.1E+00   2.7E+01      30   -2309.9386207691    -1875.4014387876    -0.0050619491           0.000923
    6    1.1E+00   2.7E+01      30   -2309.9425142683    -1875.4053322868    -0.0038934992           0.000888
    7    1.1E+00   2.7E+01      30   -2309.9460063787    -1875.4088243972    -0.0034921104           0.000910
    8    1.1E+00   2.6E+01      30   -2309.9491755130    -1875.4119935315    -0.0031691343           0.000889
    9    1.1E+00   2.6E+01      30   -2309.9518254109    -1875.4146434294    -0.0026498979           0.000874
   10    1.0E+00   2.6E+01      30   -2309.9539702717    -1875.4167882902    -0.0021448608           0.000891
   11    1.0E+00   2.7E+01      30   -2309.9555731751    -1875.4183911936    -0.0016029034           0.000880
   12    1.1E+00   2.7E+01      30   -2309.9566695478    -1875.4194875663    -0.0010963727           0.000869
   13    1.1E+00   2.7E+01      30   -2309.9573484204    -1875.4201664389    -0.0006788726           0.000915
   14    1.1E+00   2.7E+01      30   -2309.9577410288    -1875.4205590473    -0.0003926084           0.000871
   15    1.1E+00   2.6E+01      30   -2309.9579817650    -1875.4207997835    -0.0002407362           0.000898
   16    9.4E-01   2.6E+01      30   -2309.9581666497    -1875.4209846682    -0.0001848847           0.000890
   17    1.1E+00   2.7E+01      30   -2309.9583416616    -1875.4211596801    -0.0001750119           0.000888
   18    1.1E+00   2.7E+01      30   -2309.9585079166    -1875.4213259351    -0.0001662551           0.000897
   19    1.1E+00   2.7E+01      30   -2309.9586482304    -1875.4214662489    -0.0001403137           0.000893
   20    1.1E+00   2.7E+01      30   -2309.9587546665    -1875.4215726850    -0.0001064362           0.000884
   21    1.1E+00   2.6E+01      30   -2309.9588289498    -1875.4216469683    -0.0000742833           0.000879
   22    1.1E+00   2.7E+01      30   -2309.9588908875    -1875.4217089059    -0.0000619376           0.000887
   23    1.1E+00   2.6E+01      30   -2309.9589431533    -1875.4217611718    -0.0000522658           0.000877
   24    1.1E+00   3.4E+01      40   -2309.9590073190    -1875.4218253375    -0.0000641657           0.000175
   25    1.1E+00   3.3E+01      40   -2309.9590605361    -1875.4218785546    -0.0000532171           0.000175
   26    9.2E-01   3.4E+01      40   -2309.9591070828    -1875.4219251013    -0.0000465467           0.000175
   27    1.1E+00   4.3E+01      50   -2309.9591518265    -1875.4219698450    -0.0000447437           0.000028
   28    1.0E+00   5.1E+01      60   -2309.9591876305    -1875.4220056490    -0.0000358040           0.000015
   29    1.0E+00   5.8E+01      70   -2309.9592123197    -1875.4220303382    -0.0000246891           0.000011
   30    1.1E+00   6.8E+01      80   -2309.9592261930    -1875.4220442115    -0.0000138733           0.000005
   31    1.0E+00   7.4E+01      90   -2309.9592326843    -1875.4220507028    -0.0000064913           0.000003
   32    1.0E+00   8.1E-01      90   -2309.9592327285    -1875.4220507470    -0.0000000442           0.000008


  RESULTS OF THE OCCUPATION OPTIMIZATION
 ========================================

   OM     Occupation      Elag Diag

    1      1.9999998   -104.8426189
    2      1.9999998   -104.8426302
    3      1.9999998   -104.8426329
    4      1.9999998   -104.8426328
    5      1.9999400     -8.6523668
    6      1.9999397     -8.6564809
    7      1.9999395     -8.6618847
    8      1.9999395     -8.6620179
    9      1.9999395     -8.6625136
   10      1.9999394     -8.6626638
   11      1.9999394     -8.6630258
   12      1.9999394     -8.6645391
   13      1.9999394     -8.6634596
   14      1.9999394     -8.6635192
   15      1.9999392     -8.6684240
   16      1.9999391     -8.6704523
   17      1.9999268     -8.8024640
   18      1.9999268     -8.8018754
   19      1.9999268     -8.8017949
   20      1.9999268     -8.8017538
   21      1.9997066    -11.4514544
   22      1.9926573     -0.7145350
   23      1.9926566     -0.7148163
   24      1.9926539     -0.7149146
   25      1.9926519     -0.7148304
   26      1.9926514     -0.7147554
   27      1.9926507     -0.7144897
   28      1.9926493     -0.7144745
   29      1.9926487     -0.7145356
   30      1.9926466     -0.7142096
   31      1.9926460     -0.7141904
   32      1.9926456     -0.7140801
   33      1.9926439     -0.7141136
   34      1.9467988     -0.7162611
   35      1.9467849     -0.7162345
   36      1.9467698     -0.7161972
   37      1.9467626     -0.7161848
   38      0.0532374     -0.0316636
   39      0.0532302     -0.0316606
   40      0.0532151     -0.0316559
   41      0.0532012     -0.0316513
   42      0.0073561     -0.0060180
   43      0.0073544     -0.0060172
   44      0.0073540     -0.0060170
   45      0.0073534     -0.0060167
   46      0.0073513     -0.0060165
   47      0.0073507     -0.0060161
   48      0.0073493     -0.0060154
   49      0.0073486     -0.0060158
   50      0.0073481     -0.0060157
   51      0.0073461     -0.0060151
   52      0.0073434     -0.0060138
   53      0.0073427     -0.0060133
   54      0.0002934     -0.0037966
   55      0.0000732     -0.0006735
   56      0.0000732     -0.0006734
   57      0.0000732     -0.0006733
   58      0.0000732     -0.0006733
   59      0.0000609     -0.0005468
   60      0.0000608     -0.0005458
   61      0.0000606     -0.0005437
   62      0.0000606     -0.0005436
   63      0.0000606     -0.0005436
   64      0.0000606     -0.0005434
   65      0.0000606     -0.0005433
   66      0.0000605     -0.0005431
   67      0.0000605     -0.0005429
   68      0.0000605     -0.0005427
   69      0.0000603     -0.0005402
   70      0.0000600     -0.0005379
   71      0.0000002     -0.0000143
   72      0.0000002     -0.0000142
   73      0.0000002     -0.0000135
   74      0.0000002     -0.0000135

   RO Sum (  74) =   74.00

  ---------------
   Dipole Moment
  ---------------

      0.0000 Debye [   0.0000  (   0.0000,  -0.0000,  -0.0000) ]

 ----------------
  Final Energies  
 ----------------

  Final NOF Total Energy =    -1875.4220507470 ( 8.E-06 , 0.E+00 )


  **************************************************
  *                                                *
  *       SINGLE-POINT DoNOF CALCULATION           *
  *                                                *
  *             FULL OPTIMIZATION                  *
  *                                                *
  *  FINAL RESULTS   FINAL RESULTS  FINAL RESULTS  *
  *                                                *
  **************************************************

  **************************************************
  *         No. EXTERNAL ITER =    32              *
  *         No. of TOTAL ITER =  1230              *
  **************************************************

  Elapsed real time :   1023.44  (Seconds)

 The execution finished at 15h 54min on the  1/30/2025
