 This is the serial version of the code

 The execution started at 17h 41min on the 11/21/2024

    ===========================================================
    !                                                         !
    !                        Do N O F                         !
    !                                                         !
    !  (Donostia Natural Orbital Functional Software Program) !
    !                                                         !
    !               COPYRIGHT by Mario Piris                  !
    !                                                         !
    !      Donostia International Physics Center (DIPC)       !
    !       University of the Basque Country (UPV/EHU)        !
    !       Basque Foundation for Science (IKERBASQUE)        !
    !                                                         !
    !          GNU General Public License version 3           !
    !                                                         !
    !                  VERSION: Mayo 2024                     !
    !                                                         !
    ===========================================================

 Run Title
 ---------
 p30-5 set                                                                       

 Basis Set
 ---------
 /home/ion/p30-5/inps/def2-svp/pnof7/def2-svp.bas                                

 Atom      Charge                Coordinates (Bohr)
                           x             y             z
 N           7.0        0.0000        0.0000       -1.0307
 N           7.0        0.0000        0.0000        1.0307

 Atomic Basis Set
 ----------------
 The contracted primitive functions were unnormalized
 The contracted basis functions are now normalized to unity

  Shell Type  Primitive         Exponent  Contraction Coefficient

 N         
 
      1   S       1          1712.8415853   -0.005447799580
      1   S       2           257.6481268   -0.040627174632
      1   S       3            58.4582459   -0.181119622506
      1   S       4            16.1983679   -0.468439755632
      1   S       5             5.0052601   -0.446168462892
 
      2   S       6             0.5873186    1.000000000000
 
      3   S       7             0.1876459    1.000000000000
 
      4   P       8            13.5714702   -0.058848116970
      4   P       9             2.9257373   -0.320246247625
      4   P      10             0.7992775   -0.753282265204
 
      5   P      11             0.2195435    1.000000000000
 
      6   D      12             1.0000000    1.000000000000

 N         
 
      7   S      13          1712.8415853   -0.005447799580
      7   S      14           257.6481268   -0.040627174632
      7   S      15            58.4582459   -0.181119622506
      7   S      16            16.1983679   -0.468439755632
      7   S      17             5.0052601   -0.446168462892
 
      8   S      18             0.5873186    1.000000000000
 
      9   S      19             0.1876459    1.000000000000
 
     10   P      20            13.5714702   -0.058848116970
     10   P      21             2.9257373   -0.320246247625
     10   P      22             0.7992775   -0.753282265204
 
     11   P      23             0.2195435    1.000000000000
 
     12   D      24             1.0000000    1.000000000000

 Total Number of Basis Set Shells             =   12
 Total Number of Primitives                   =   24
 Number of Cartesian Gaussian Basis Functions =   30
 Number of Electrons                          =   14
 Charge of Molecule                           =    0
 Spin Multiplicity                            =    1
 Number of Occupied Orbitals (Alpha)          =    7
 Number of Occupied Orbitals (Beta )          =    7
 Total Number of Atoms                        =    2

 Input Run Options
 -----------------
 IRUNTYP = 1  MULT = 1  ICHARG =  0 IECP = 0  IEMOM = 1  UNITS = ANGS    

 Integral Options
 ----------------
 CUTOFF = 1.0E-09   ISCHWZ = 0   ERITYP = FULL

 Input NOF Options
 -----------------

 Type of calculation =    Coeff. Opt.:   (ICOEF)         1
 Use Softmax function for Occ. Opt.:     (ISOFTMAX)      1
 Type of Orb. Opt. = Orbital Rotations:  (IORBOPT)       4
 Maximum Number of Occ-Coef Outer Iter.: (MAXIT)      1000

 Natural Orbital Functional Selected:    (IPNOF)         7
 
 Restart calculation Option:             (RESTART)       F
 Restart Gamma Matrix from GCF file:     (INPUTGAMMA)    0
 Coefficient Matrix from GCF file:       (INPUTC)        0
 Diagonal Elements FMIUG from GCF file:  (INPUTFMIUG)    0
 Cartesian Coordinates from GCF file:    (INPUTCXYZ)     0
 Orthogonalize the initial Orbitals:     (ORTHO)         T

 Output Option:                          (NPRINT)        0
 Output the Coefficient Matrix:          (IWRITEC)       0
 Do a Mulliken Population Analysis:      (IMULPOP)       0
 Write Information into a WFN file:      (IAIMPAC)       1
 Write Information into a FCHK file:     (IFCHK)         1
 Write Information into a MLP file:      (MOLDEN)        1
 Create Ini. Cond. (ini.xyz) file:       (INICOND)       1
 Calculate IPs using Ext. Koopmans Theo: (IEKT)          0
 Write APSG expansion coefficient file:  (APSG)          F
 Output option for Lagrange Multipliers: (PRINTLAG)      F
 Diagonalize matrix of Lag. Multipliers: (DIAGLAG)       F

------------------------------------------------------------------------

 Orbital Space
 -------------

 Inactive Doubly occupied orbitals up to NO1  =    0
 No. considered Strongly Doubly occupied MOs  =    7
 No. considered Strongly Singly occupied MOs  =    0
 No. of Weakly occ. per St. Doubly occ.  MOs  =    3
 Dimension of the Active Nat. Orb. subspace   =   28
 Secondary Empty orbitals                     =    2

 1e- integrals
 -------------
 Time to do integrals =      0.00
 Guess for MOs = HCORE
       268 MOs were matched and         0 equalized to zero

 2e- integrals
 -------------
 DONTW option skips storage 2e- integrals on Unit 1
               28696 2e- integrals in     1 records
 Time to do integrals =      0.02

 Input for Coefficients is HCORE


  RESULTS OF OCCUPATION-COEFFICIENT OPTIMIZATION
 ================================================

  Ex It  Occ Time  Orb Time  Orb It   Electronic Energy     Total Energy   Energy Convergency    Max Mul-Lag Diff

    1    5.6E-02   2.5E-01      10    -128.1371722130     -104.3671865389    -2.3333571418           0.586534
    2    8.3E-02   2.5E-01      10    -130.0185087898     -106.2485231156    -1.8813365768           0.289462
    3    6.2E-02   2.5E-01      10    -130.9068277639     -107.1368420897    -0.8883189740           0.315744
    4    5.9E-02   2.2E-01      10    -131.5331587358     -107.7631730617    -0.6263309720           0.330045
    5    5.6E-02   2.2E-01      10    -131.9245222920     -108.1545366179    -0.3913635562           0.273917
    6    5.4E-02   2.2E-01      10    -132.1580588223     -108.3880731482    -0.2335365303           0.192746
    7    5.4E-02   2.2E-01      10    -132.3187075697     -108.5487218955    -0.1606487474           0.102254
    8    5.6E-02   2.2E-01      10    -132.4612873445     -108.6913016703    -0.1425797748           0.097981
    9    5.6E-02   2.3E-01      10    -132.5869249962     -108.8169393220    -0.1256376517           0.115903
   10    5.3E-02   2.3E-01      10    -132.6708342043     -108.9008485301    -0.0839092081           0.101976
   11    5.3E-02   2.3E-01      10    -132.7208300595     -108.9508443854    -0.0499958553           0.075233
   12    4.6E-02   2.4E-01      10    -132.7504342233     -108.9804485492    -0.0296041638           0.046341
   13    5.6E-02   2.5E-01      10    -132.7661270767     -108.9961414025    -0.0156928533           0.018303
   14    5.5E-02   2.4E-01      10    -132.7719236652     -109.0019379910    -0.0057965885           0.017526
   15    4.4E-02   2.4E-01      10    -132.7745900759     -109.0046044017    -0.0026664107           0.017445
   16    5.3E-02   2.5E-01      10    -132.7757956202     -109.0058099460    -0.0012055443           0.014305
   17    5.6E-02   2.5E-01      10    -132.7762376577     -109.0062519836    -0.0004420376           0.016658
   18    5.2E-02   2.5E-01      10    -132.7764255026     -109.0064398284    -0.0001878448           0.016396
   19    5.2E-02   2.5E-01      10    -132.7765883945     -109.0066027203    -0.0001628919           0.020091
   20    5.2E-02   2.4E-01      10    -132.7766640087     -109.0066783345    -0.0000756142           0.017363
   21    5.0E-02   2.5E-01      10    -132.7767579835     -109.0067723093    -0.0000939747           0.021193
   22    5.2E-02   2.4E-01      10    -132.7768770186     -109.0068913444    -0.0001190352           0.015100
   23    5.1E-02   2.5E-01      10    -132.7766863352     -109.0067006611     0.0001906834           0.017833
   24    4.8E-02   4.5E-01      20    -132.7775603831     -109.0075747090    -0.0008740479           0.000855
   25    4.8E-02   6.3E-01      30    -132.7775716403     -109.0075859661    -0.0000112571           0.000176
   26    4.7E-02   8.7E-01      40    -132.7775798224     -109.0075941482    -0.0000081821           0.000032


  RESULTS OF THE OCCUPATION OPTIMIZATION
 ========================================

   OM     Occupation      Elag Diag

    1      1.9998504    -15.6603888
    2      1.9998497    -15.6604238
    3      1.9866549     -1.3854219
    4      1.9817073     -0.7481369
    5      1.9816925     -0.7480687
    6      1.8822789     -0.6330479
    7      1.8810642     -0.6327859
    8      0.1176471     -0.0580000
    9      0.1163156     -0.0574380
   10      0.0146446     -0.0107071
   11      0.0019315     -0.0024716
   12      0.0095312     -0.0132485
   13      0.0001357     -0.0023279
   14      0.0000096     -0.0001599
   15      0.0009520     -0.0013408
   16      0.0003110     -0.0005206
   17      0.0017191     -0.0021403
   18      0.0017232     -0.0021439
   19      0.0019097     -0.0030571
   20      0.0000037     -0.0000623
   21      0.0000039     -0.0000636
   22      0.0003366     -0.0005223
   23      0.0010945     -0.0015112
   24      0.0019438     -0.0024792
   25      0.0146380     -0.0107012
   26      0.0019042     -0.0030563
   27      0.0000110     -0.0001742
   28      0.0001362     -0.0023320

   RO Sum (  14) =   14.00

  ---------------
   Dipole Moment
  ---------------

      0.0004 Debye [   0.0002  (   0.0000,  -0.0002,   0.0001) ]

 ----------------
  Final Energies  
 ----------------

  Final NOF Total Energy =     -109.0075941482 ( 3.E-05 , 0.E+00 )


  **************************************************
  *                                                *
  *       SINGLE-POINT DoNOF CALCULATION           *
  *                                                *
  *             FULL OPTIMIZATION                  *
  *                                                *
  *  FINAL RESULTS   FINAL RESULTS  FINAL RESULTS  *
  *                                                *
  **************************************************

  **************************************************
  *         No. EXTERNAL ITER =    26              *
  *         No. of TOTAL ITER =   320              *
  **************************************************

  Elapsed real time :      8.92  (Seconds)

 The execution finished at 17h 41min on the 11/21/2024
