 This is the serial version of the code

 The execution started at 11h 44min on the 11/21/2024

    ===========================================================
    !                                                         !
    !                        Do N O F                         !
    !                                                         !
    !  (Donostia Natural Orbital Functional Software Program) !
    !                                                         !
    !               COPYRIGHT by Mario Piris                  !
    !                                                         !
    !      Donostia International Physics Center (DIPC)       !
    !       University of the Basque Country (UPV/EHU)        !
    !       Basque Foundation for Science (IKERBASQUE)        !
    !                                                         !
    !          GNU General Public License version 3           !
    !                                                         !
    !                  VERSION: Mayo 2024                     !
    !                                                         !
    ===========================================================

 Run Title
 ---------
 p30-5 set                                                                       

 Basis Set
 ---------
 /home/ion/p30-5/inps/def2-svp/pnof7/def2-svp.bas                                

 Atom      Charge                Coordinates (Bohr)
                           x             y             z
 MG         12.0        0.0000        0.0000        0.0000

 Atomic Basis Set
 ----------------
 The contracted primitive functions were unnormalized
 The contracted basis functions are now normalized to unity

  Shell Type  Primitive         Exponent  Contraction Coefficient

 MG        
 
      1   S       1          4953.8339196   -0.005730348253
      1   S       2           745.1804415   -0.042769871122
      1   S       3           169.2160497   -0.191096515460
      1   S       4            47.3006720   -0.482411503269
      1   S       5            14.4613370   -0.422007266852
 
      2   S       6            24.7681748    0.087115605721
      2   S       7             2.4940945   -0.546373693218
      2   S       8             0.8780758   -0.529320757859
 
      3   S       9             0.0872128    1.000000000000
 
      4   S      10             0.0335993    1.000000000000
 
      5   P      11            98.0530105   -0.014480564601
      5   P      12            22.5869323   -0.095495750787
      5   P      13             6.8391510   -0.307876726509
      5   P      14             2.2332844   -0.499362928859
      5   P      15             0.7160660   -0.315034762129
 
      6   P      16             0.1891480    1.000000000000
 
      7   P      17             0.0537688    1.000000000000
 
      8   D      18             0.1010000    1.000000000000

 Total Number of Basis Set Shells             =    8
 Total Number of Primitives                   =   18
 Number of Cartesian Gaussian Basis Functions =   19
 Number of Electrons                          =   12
 Charge of Molecule                           =    0
 Spin Multiplicity                            =    1
 Number of Occupied Orbitals (Alpha)          =    6
 Number of Occupied Orbitals (Beta )          =    6
 Total Number of Atoms                        =    1

 Input Run Options
 -----------------
 IRUNTYP = 1  MULT = 1  ICHARG =  0 IECP = 0  IEMOM = 1  UNITS = ANGS    

 Integral Options
 ----------------
 CUTOFF = 1.0E-09   ISCHWZ = 0   ERITYP = FULL

 Input NOF Options
 -----------------

 Type of calculation =    Coeff. Opt.:   (ICOEF)         1
 Use Softmax function for Occ. Opt.:     (ISOFTMAX)      1
 Type of Orb. Opt. = Orbital Rotations:  (IORBOPT)       4
 Maximum Number of Occ-Coef Outer Iter.: (MAXIT)      1000

 Natural Orbital Functional Selected:    (IPNOF)         7
 
 Restart calculation Option:             (RESTART)       T
 Orthogonalize the initial Orbitals:     (ORTHO)         T

 Output Option:                          (NPRINT)        0
 Output the Coefficient Matrix:          (IWRITEC)       0
 Do a Mulliken Population Analysis:      (IMULPOP)       0
 Write Information into a WFN file:      (IAIMPAC)       1
 Write Information into a FCHK file:     (IFCHK)         1
 Write Information into a MLP file:      (MOLDEN)        1
 Create Ini. Cond. (ini.xyz) file:       (INICOND)       1
 Calculate IPs using Ext. Koopmans Theo: (IEKT)          0
 Write APSG expansion coefficient file:  (APSG)          F
 Output option for Lagrange Multipliers: (PRINTLAG)      F
 Diagonalize matrix of Lag. Multipliers: (DIAGLAG)       F

 Nuclear Coordinates from GCF file:
 ----------------------------------

 Atom      Charge                Coordinates (Bohr)
                           x             y             z
 MG      12.00000        0.0000        0.0000        0.0000

------------------------------------------------------------------------

 Orbital Space
 -------------

 Inactive Doubly occupied orbitals up to NO1  =    0
 No. considered Strongly Doubly occupied MOs  =    6
 No. considered Strongly Singly occupied MOs  =    0
 No. of Weakly occ. per St. Doubly occ.  MOs  =    2
 Dimension of the Active Nat. Orb. subspace   =   18
 Secondary Empty orbitals                     =    1

 1e- integrals
 -------------
 Time to do integrals =      0.00

 2e- integrals
 -------------
 DONTW option skips storage 2e- integrals on Unit 1
                2863 2e- integrals in     1 records
 Time to do integrals =      0.01

 No violations of the orthonormality


  RESULTS OF OCCUPATION-COEFFICIENT OPTIMIZATION
 ================================================

  Ex It  Occ Time  Orb Time  Orb It   Electronic Energy     Total Energy   Energy Convergency    Max Mul-Lag Diff

    1    1.2E-02   2.5E-02      10    -199.5606020282     -199.5606020282     0.0000000000           0.001153
    2    5.6E-03   7.2E-02      30    -199.5606767720     -199.5606767720    -0.0000747439           0.000414
    3    6.3E-03   6.9E-02      30    -199.5607063981     -199.5607063981    -0.0000296261           0.000361
    4    6.0E-03   7.9E-02      40    -199.5607250407     -199.5607250407    -0.0000186426           0.000086
    5    5.9E-03   1.7E-03      40    -199.5607254140     -199.5607254140    -0.0000003733           0.000086


  RESULTS OF THE OCCUPATION OPTIMIZATION
 ========================================

   OM     Occupation      Elag Diag

    1      1.9999999    -49.0388865
    2      1.9998026     -2.5667442
    3      1.9997927     -2.7222136
    4      1.9997739     -2.7632460
    5      1.9996381     -2.6013302
    6      1.8642825     -0.2557164
    7      0.0681193     -0.0141124
    8      0.0003617     -0.0010187
    9      0.0002088     -0.0006094
   10      0.0000192     -0.0000585
   11      0.0000204     -0.0000580
   12      0.0000001     -0.0000022
   13      0.0675982     -0.0140084
   14      0.0000001     -0.0000032
   15      0.0000173     -0.0000550
   16      0.0001880     -0.0005383
   17      0.0001770     -0.0004747
   18      0.0000000     -0.0000012

   RO Sum (  12) =   12.00

  ---------------
   Dipole Moment
  ---------------

      0.0045 Debye [   0.0018  (   0.0016,  -0.0002,  -0.0008) ]

 ----------------
  Final Energies  
 ----------------

  Final NOF Total Energy =     -199.5607254140 ( 9.E-05 , 0.E+00 )


  **************************************************
  *                                                *
  *       SINGLE-POINT DoNOF CALCULATION           *
  *                                                *
  *             FULL OPTIMIZATION                  *
  *                                                *
  *  FINAL RESULTS   FINAL RESULTS  FINAL RESULTS  *
  *                                                *
  **************************************************

  **************************************************
  *         No. EXTERNAL ITER =     5              *
  *         No. of TOTAL ITER =   150              *
  **************************************************

  Elapsed real time :      0.30  (Seconds)

 The execution finished at 11h 44min on the 11/21/2024
