 This is the serial version of the code

 The execution started at 15h 42min on the 11/21/2024

    ===========================================================
    !                                                         !
    !                        Do N O F                         !
    !                                                         !
    !  (Donostia Natural Orbital Functional Software Program) !
    !                                                         !
    !               COPYRIGHT by Mario Piris                  !
    !                                                         !
    !      Donostia International Physics Center (DIPC)       !
    !       University of the Basque Country (UPV/EHU)        !
    !       Basque Foundation for Science (IKERBASQUE)        !
    !                                                         !
    !          GNU General Public License version 3           !
    !                                                         !
    !                  VERSION: Mayo 2024                     !
    !                                                         !
    ===========================================================

 Run Title
 ---------
 p30-5 set                                                                       

 Basis Set
 ---------
 /home/ion/p30-5/inps/def2-svp/pnof7/def2-svp.bas                                

 Atom      Charge                Coordinates (Bohr)
                           x             y             z
 S          16.0        0.0000        0.0000        0.0000

 Atomic Basis Set
 ----------------
 The contracted primitive functions were unnormalized
 The contracted basis functions are now normalized to unity

  Shell Type  Primitive         Exponent  Contraction Coefficient

 S         
 
      1   S       1          9184.9303010   -0.005472946613
      1   S       2          1381.5105503   -0.040954402155
      1   S       3           313.8714758   -0.184758289562
      1   S       4            88.0538706   -0.475672806440
      1   S       5            27.0399149   -0.434951535842
 
      2   S       6            45.6487313   -0.091904045809
      2   S       7             4.9664522    0.556987772145
      2   S       8             2.0116242    0.511154682985
 
      3   S       9             0.3566108    1.000000000000
 
      4   S      10             0.1350722    1.000000000000
 
      5   P      11           261.9823344   -0.009183054659
      5   P      12            61.3068947   -0.065902226526
      5   P      13            19.1037299   -0.245877845187
      5   P      14             6.6567720   -0.482314710760
      5   P      15             2.3959635   -0.389563143514
 
      6   P      16             0.6177616    1.000000000000
 
      7   P      17             0.1699338    1.000000000000
 
      8   D      18             0.5500000    1.000000000000

 Total Number of Basis Set Shells             =    8
 Total Number of Primitives                   =   18
 Number of Cartesian Gaussian Basis Functions =   19
 Number of Electrons                          =   16
 Charge of Molecule                           =    0
 Spin Multiplicity                            =    3
 Number of Occupied Orbitals (Alpha)          =    9
 Number of Occupied Orbitals (Beta )          =    7
 Total Number of Atoms                        =    1

 Input Run Options
 -----------------
 IRUNTYP = 1  MULT = 3  ICHARG =  0 IECP = 0  IEMOM = 1  UNITS = ANGS    

 Integral Options
 ----------------
 CUTOFF = 1.0E-09   ISCHWZ = 0   ERITYP = FULL

 Input NOF Options
 -----------------

 Type of calculation =    Coeff. Opt.:   (ICOEF)         1
 Use Softmax function for Occ. Opt.:     (ISOFTMAX)      1
 Type of Orb. Opt. = Orbital Rotations:  (IORBOPT)       4
 Maximum Number of Occ-Coef Outer Iter.: (MAXIT)      1000

 Natural Orbital Functional Selected:    (IPNOF)         7
 Spin-Multiplet, High-Spin State Option: (HighSpin)      F
 
 Restart calculation Option:             (RESTART)       T
 Orthogonalize the initial Orbitals:     (ORTHO)         T

 Output Option:                          (NPRINT)        0
 Output the Coefficient Matrix:          (IWRITEC)       0
 Do a Mulliken Population Analysis:      (IMULPOP)       0
 Write Information into a WFN file:      (IAIMPAC)       1
 Write Information into a FCHK file:     (IFCHK)         1
 Write Information into a MLP file:      (MOLDEN)        1
 Create Ini. Cond. (ini.xyz) file:       (INICOND)       1
 Calculate IPs using Ext. Koopmans Theo: (IEKT)          0
 Write APSG expansion coefficient file:  (APSG)          F
 Output option for Lagrange Multipliers: (PRINTLAG)      F
 Diagonalize matrix of Lag. Multipliers: (DIAGLAG)       F

 Nuclear Coordinates from GCF file:
 ----------------------------------

 Atom      Charge                Coordinates (Bohr)
                           x             y             z
 S       16.00000        0.0000        0.0000        0.0000

------------------------------------------------------------------------

 Orbital Space
 -------------

 Inactive Doubly occupied orbitals up to NO1  =    0
 No. considered Strongly Doubly occupied MOs  =    7
 No. considered Strongly Singly occupied MOs  =    2
 No. of Weakly occ. per St. Doubly occ.  MOs  =    1
 Dimension of the Active Nat. Orb. subspace   =   14
 Secondary Empty orbitals                     =    3

 1e- integrals
 -------------
 Time to do integrals =      0.00

 2e- integrals
 -------------
 DONTW option skips storage 2e- integrals on Unit 1
                2863 2e- integrals in     1 records
 Time to do integrals =      0.01

 No violations of the orthonormality


  RESULTS OF OCCUPATION-COEFFICIENT OPTIMIZATION
 ================================================

  Ex It  Occ Time  Orb Time  Orb It   Electronic Energy     Total Energy   Energy Convergency    Max Mul-Lag Diff

    1    7.7E-03   3.2E-02      10    -397.4090366674     -397.4090366674     0.0000000000           0.001502
    2    5.6E-03   8.7E-02      30    -397.4092135532     -397.4092135532    -0.0001768858           0.000734
    3    5.5E-03   1.1E-01      40    -397.4094540818     -397.4094540818    -0.0002405287           0.000155
    4    5.6E-03   1.4E-01      50    -397.4096915169     -397.4096915169    -0.0002374351           0.000094
    5    6.0E-03   2.2E-03      50    -397.4096929245     -397.4096929245    -0.0000014076           0.000094


  RESULTS OF THE OCCUPATION OPTIMIZATION
 ========================================

   OM     Occupation      Elag Diag

    1      2.0000000    -91.9662976
    2      1.9999207     -6.6736084
    3      1.9998213     -7.4444215
    4      1.9998148     -7.4495115
    5      1.9998068     -7.4560219
    6      1.9821257     -0.6477670
    7      1.9820893     -0.6320142
    8      1.0000000     -0.2458734
    9      1.0000000     -0.2454249
   10      0.0179107     -0.0090147
   11      0.0178743     -0.0089259
   12      0.0001932     -0.0014116
   13      0.0001852     -0.0013545
   14      0.0001787     -0.0013067
   15      0.0000793     -0.0004821
   16      0.0000000     -0.0000053

   RO Sum (  16) =   16.00

  ---------------
   Dipole Moment
  ---------------

      0.0335 Debye [   0.0132  (  -0.0049,  -0.0038,   0.0116) ]

 ----------------
  Final Energies  
 ----------------

  Final NOF Total Energy =     -397.4096929245 ( 9.E-05 , 0.E+00 )


  **************************************************
  *                                                *
  *       SINGLE-POINT DoNOF CALCULATION           *
  *                                                *
  *             FULL OPTIMIZATION                  *
  *                                                *
  *  FINAL RESULTS   FINAL RESULTS  FINAL RESULTS  *
  *                                                *
  **************************************************

  **************************************************
  *         No. EXTERNAL ITER =     5              *
  *         No. of TOTAL ITER =   180              *
  **************************************************

  Elapsed real time :      0.42  (Seconds)

 The execution finished at 15h 42min on the 11/21/2024
