 This is the serial version of the code

 The execution started at 15h 42min on the 11/21/2024

    ===========================================================
    !                                                         !
    !                        Do N O F                         !
    !                                                         !
    !  (Donostia Natural Orbital Functional Software Program) !
    !                                                         !
    !               COPYRIGHT by Mario Piris                  !
    !                                                         !
    !      Donostia International Physics Center (DIPC)       !
    !       University of the Basque Country (UPV/EHU)        !
    !       Basque Foundation for Science (IKERBASQUE)        !
    !                                                         !
    !          GNU General Public License version 3           !
    !                                                         !
    !                  VERSION: Mayo 2024                     !
    !                                                         !
    ===========================================================

 Run Title
 ---------
 p30-5 set                                                                       

 Basis Set
 ---------
 /home/ion/p30-5/inps/def2-svp/pnof7/def2-svp.bas                                

 Atom      Charge                Coordinates (Bohr)
                           x             y             z
 SI         14.0        0.0000        0.0000        0.0000

 Atomic Basis Set
 ----------------
 The contracted primitive functions were unnormalized
 The contracted basis functions are now normalized to unity

  Shell Type  Primitive         Exponent  Contraction Coefficient

 SI        
 
      1   S       1          6903.7118686    0.005584465887
      1   S       2          1038.4346419    0.041742284436
      1   S       3           235.8758148    0.187528023742
      1   S       4            66.0693852    0.478678596587
      1   S       5            20.2479458    0.429256952162
 
      2   S       6            34.3534817    0.089834899465
      2   S       7             3.6370788   -0.545685958777
      2   S       8             1.4002049   -0.524810829267
 
      3   S       9             0.2048441    1.000000000000
 
      4   S      10             0.0779941    1.000000000000
 
      5   P      11           179.8390737    0.010133498379
      5   P      12            41.9072588    0.071029041096
      5   P      13            12.9552944    0.255839142169
      5   P      14             4.4383267    0.481498047149
      5   P      15             1.5462248    0.385211960064
 
      6   P      16             0.3560761    1.000000000000
 
      7   P      17             0.1000851    1.000000000000
 
      8   D      18             0.3500000    1.000000000000

 Total Number of Basis Set Shells             =    8
 Total Number of Primitives                   =   18
 Number of Cartesian Gaussian Basis Functions =   19
 Number of Electrons                          =   14
 Charge of Molecule                           =    0
 Spin Multiplicity                            =    3
 Number of Occupied Orbitals (Alpha)          =    8
 Number of Occupied Orbitals (Beta )          =    6
 Total Number of Atoms                        =    1

 Input Run Options
 -----------------
 IRUNTYP = 1  MULT = 3  ICHARG =  0 IECP = 0  IEMOM = 1  UNITS = ANGS    

 Integral Options
 ----------------
 CUTOFF = 1.0E-09   ISCHWZ = 0   ERITYP = FULL

 Input NOF Options
 -----------------

 Type of calculation =    Coeff. Opt.:   (ICOEF)         1
 Use Softmax function for Occ. Opt.:     (ISOFTMAX)      1
 Type of Orb. Opt. = Orbital Rotations:  (IORBOPT)       4
 Maximum Number of Occ-Coef Outer Iter.: (MAXIT)      1000

 Natural Orbital Functional Selected:    (IPNOF)         7
 Spin-Multiplet, High-Spin State Option: (HighSpin)      F
 
 Restart calculation Option:             (RESTART)       T
 Orthogonalize the initial Orbitals:     (ORTHO)         T

 Output Option:                          (NPRINT)        0
 Output the Coefficient Matrix:          (IWRITEC)       0
 Do a Mulliken Population Analysis:      (IMULPOP)       0
 Write Information into a WFN file:      (IAIMPAC)       1
 Write Information into a FCHK file:     (IFCHK)         1
 Write Information into a MLP file:      (MOLDEN)        1
 Create Ini. Cond. (ini.xyz) file:       (INICOND)       1
 Calculate IPs using Ext. Koopmans Theo: (IEKT)          0
 Write APSG expansion coefficient file:  (APSG)          F
 Output option for Lagrange Multipliers: (PRINTLAG)      F
 Diagonalize matrix of Lag. Multipliers: (DIAGLAG)       F

 Nuclear Coordinates from GCF file:
 ----------------------------------

 Atom      Charge                Coordinates (Bohr)
                           x             y             z
 SI      14.00000        0.0000        0.0000        0.0000

------------------------------------------------------------------------

 Orbital Space
 -------------

 Inactive Doubly occupied orbitals up to NO1  =    0
 No. considered Strongly Doubly occupied MOs  =    6
 No. considered Strongly Singly occupied MOs  =    2
 No. of Weakly occ. per St. Doubly occ.  MOs  =    1
 Dimension of the Active Nat. Orb. subspace   =   12
 Secondary Empty orbitals                     =    5

 1e- integrals
 -------------
 Time to do integrals =      0.00

 2e- integrals
 -------------
 DONTW option skips storage 2e- integrals on Unit 1
                2863 2e- integrals in     1 records
 Time to do integrals =      0.01

 No violations of the orthonormality


  RESULTS OF OCCUPATION-COEFFICIENT OPTIMIZATION
 ================================================

  Ex It  Occ Time  Orb Time  Orb It   Electronic Energy     Total Energy   Energy Convergency    Max Mul-Lag Diff

    1    5.5E-03   2.8E-02      10    -288.8126777044     -288.8126777044     0.0000000000           0.004714
    2    5.2E-03   7.9E-02      30    -288.8136894793     -288.8136894793    -0.0010117749           0.002010
    3    6.7E-03   7.9E-02      30    -288.8143088172     -288.8143088172    -0.0006193378           0.000506
    4    6.2E-03   6.9E-02      30    -288.8146809853     -288.8146809853    -0.0003721681           0.000513
    5    5.3E-03   7.9E-02      30    -288.8147080333     -288.8147080333    -0.0000270480           0.000509
    6    5.4E-03   1.0E-01      40    -288.8147430087     -288.8147430087    -0.0000349754           0.000117
    7    5.2E-03   1.2E-01      50    -288.8147870393     -288.8147870393    -0.0000440306           0.000061
    8    5.5E-03   2.0E-03      50    -288.8147879052     -288.8147879052    -0.0000008659           0.000063


  RESULTS OF THE OCCUPATION OPTIMIZATION
 ========================================

   OM     Occupation      Elag Diag

    1      1.9999995    -68.7812251
    2      1.9998242     -4.2568782
    3      1.9996854     -4.8778314
    4      1.9996851     -4.8793474
    5      1.9996847     -4.8789915
    6      1.8416669     -0.5331587
    7      1.0000000     -0.1605237
    8      1.0000000     -0.1604809
    9      0.1583331     -0.0482102
   10      0.0003153     -0.0015419
   11      0.0003149     -0.0015409
   12      0.0003146     -0.0015395
   13      0.0001758     -0.0006746
   14      0.0000005     -0.0000360

   RO Sum (  14) =   14.00

  ---------------
   Dipole Moment
  ---------------

      0.0040 Debye [   0.0016  (   0.0007,  -0.0013,  -0.0006) ]

 ----------------
  Final Energies  
 ----------------

  Final NOF Total Energy =     -288.8147879052 ( 6.E-05 , 0.E+00 )


  **************************************************
  *                                                *
  *       SINGLE-POINT DoNOF CALCULATION           *
  *                                                *
  *             FULL OPTIMIZATION                  *
  *                                                *
  *  FINAL RESULTS   FINAL RESULTS  FINAL RESULTS  *
  *                                                *
  **************************************************

  **************************************************
  *         No. EXTERNAL ITER =     8              *
  *         No. of TOTAL ITER =   270              *
  **************************************************

  Elapsed real time :      0.62  (Seconds)

 The execution finished at 15h 42min on the 11/21/2024
