 This is the parallel version of the code
 This is the parallel version of the code
 This is the parallel version of the code
 This is the parallel version of the code
Master:    0

 The execution started at 11h 52min on the 11/21/2024

    ===========================================================
    !                                                         !
    !                        Do N O F                         !
    !                                                         !
    !  (Donostia Natural Orbital Functional Software Program) !
    !                                                         !
    !               COPYRIGHT by Mario Piris                  !
    !                                                         !
    !      Donostia International Physics Center (DIPC)       !
    !       University of the Basque Country (UPV/EHU)        !
    !       Basque Foundation for Science (IKERBASQUE)        !
    !                                                         !
    !          GNU General Public License version 3           !
    !                                                         !
    !                  VERSION: Mayo 2024                     !
    !                                                         !
    ===========================================================

 Run Title
 ---------
 p30-5 set                                                                       

 Basis Set
 ---------
 /beegfs_agamede/gscratch/povmieci/SCRATCH/64806/def2-svp.bas                    

 Atom      Charge                Coordinates (Bohr)
                           x             y             z
 O           8.0        0.0000        0.0000        0.8338
 O           8.0        0.0000        2.0457       -0.4169
 O           8.0        0.0000       -2.0457       -0.4169

 Atomic Basis Set
 ----------------
 The contracted primitive functions were unnormalized
 The contracted basis functions are now normalized to unity

  Shell Type  Primitive         Exponent  Contraction Coefficient

 O         

      1   S       1          2266.1767785   -0.005389350392
      1   S       2           340.8701019   -0.040234721389
      1   S       3            77.3631352   -0.180081842055
      1   S       4            21.4796449   -0.468288576577
      1   S       5             6.6589433   -0.446926171602

      2   S       6             0.8097598    1.000000000000

      3   S       7             0.2553077    1.000000000000

      4   P       8            17.7215043    0.062630248763
      4   P       9             3.8635505    0.333311384824
      4   P      10             1.0480921    0.741486383081

      5   P      11             0.2764154    1.000000000000

      6   D      12             1.2000000    1.000000000000

 O         

      7   S      13          2266.1767785   -0.005389350392
      7   S      14           340.8701019   -0.040234721389
      7   S      15            77.3631352   -0.180081842055
      7   S      16            21.4796449   -0.468288576577
      7   S      17             6.6589433   -0.446926171602

      8   S      18             0.8097598    1.000000000000

      9   S      19             0.2553077    1.000000000000

     10   P      20            17.7215043    0.062630248763
     10   P      21             3.8635505    0.333311384824
     10   P      22             1.0480921    0.741486383081

     11   P      23             0.2764154    1.000000000000

     12   D      24             1.2000000    1.000000000000

 O         

     13   S      25          2266.1767785   -0.005389350392
     13   S      26           340.8701019   -0.040234721389
     13   S      27            77.3631352   -0.180081842055
     13   S      28            21.4796449   -0.468288576577
     13   S      29             6.6589433   -0.446926171602

     14   S      30             0.8097598    1.000000000000

     15   S      31             0.2553077    1.000000000000

     16   P      32            17.7215043    0.062630248763
     16   P      33             3.8635505    0.333311384824
     16   P      34             1.0480921    0.741486383081

     17   P      35             0.2764154    1.000000000000

     18   D      36             1.2000000    1.000000000000

 Total Number of Basis Set Shells             =   18
 Total Number of Primitives                   =   36
 Number of Cartesian Gaussian Basis Functions =   45
 Number of Electrons                          =   24
 Charge of Molecule                           =    0
 Spin Multiplicity                            =    1
 Number of Occupied Orbitals (Alpha)          =   12
 Number of Occupied Orbitals (Beta )          =   12
 Total Number of Atoms                        =    3

 Input Run Options
 -----------------
 IRUNTYP = 1  MULT = 1  ICHARG =  0 IECP = 0  IEMOM = 1  UNITS = ANGS    

 Integral Options
 ----------------
 CUTOFF = 1.0E-09   ISCHWZ = 0   ERITYP = FULL

 Input NOF Options
 -----------------

 Type of calculation =    Coeff. Opt.:   (ICOEF)         1
 Use Softmax function for Occ. Opt.:     (ISOFTMAX)      1
 Type of Orb. Opt. = Orbital Rotations:  (IORBOPT)       4
 Maximum Number of Occ-Coef Outer Iter.: (MAXIT)      1000

 Natural Orbital Functional Selected:    (IPNOF)         7

 Restart calculation Option:             (RESTART)       T
 Orthogonalize the initial Orbitals:     (ORTHO)         T

 Output Option:                          (NPRINT)        0
 Output the Coefficient Matrix:          (IWRITEC)       0
 Do a Mulliken Population Analysis:      (IMULPOP)       0
 Write Information into a WFN file:      (IAIMPAC)       1
 Write Information into a FCHK file:     (IFCHK)         1
 Write Information into a MLP file:      (MOLDEN)        1
 Create Ini. Cond. (ini.xyz) file:       (INICOND)       1
 Calculate IPs using Ext. Koopmans Theo: (IEKT)          0
 Write APSG expansion coefficient file:  (APSG)          F
 Output option for Lagrange Multipliers: (PRINTLAG)      F
 Diagonalize matrix of Lag. Multipliers: (DIAGLAG)       F

 Nuclear Coordinates from GCF file:
 ----------------------------------

 Atom      Charge                Coordinates (Bohr)
                           x             y             z
 O        8.00000        0.0000        0.0000        0.8338
 O        8.00000        0.0000        2.0457       -0.4169
 O        8.00000        0.0000       -2.0457       -0.4169

------------------------------------------------------------------------

 Orbital Space
 -------------

 Inactive Doubly occupied orbitals up to NO1  =    0
 No. considered Strongly Doubly occupied MOs  =   12
 No. considered Strongly Singly occupied MOs  =    0
 No. of Weakly occ. per St. Doubly occ.  MOs  =    2
 Dimension of the Active Nat. Orb. subspace   =   36
 Secondary Empty orbitals                     =    9

 1e- integrals
 -------------
 Time to do integrals =      0.00

 2e- integrals
 -------------
 DONTW option skips storage 2e- integrals on Unit 1
              243177 2e- integrals in     1 records
 Time to do integrals =      0.03

 Distribution Full ERIs:

 Integrals:                            243177
 Max size per slaves:                   60796
 Max size in master:                   303973

 No violations of the orthonormality


  RESULTS OF OCCUPATION-COEFFICIENT OPTIMIZATION
 ================================================

  Ex It  Orb It    Electronic Energy     Total Energy   Energy Convergency    Max Mul-Lag Diff

    1      10      -293.4075091112     -224.3804739495    -0.0006876241           0.033737
    2      10      -293.4128281231     -224.3857929614    -0.0053190119           0.020798
    3      10      -293.4123613866     -224.3853262249     0.0004667365           0.024758
    4      20      -293.4150873045     -224.3880521429    -0.0027259179           0.001431
    5      20      -293.4152691820     -224.3882340203    -0.0001818775           0.000495
    6      20      -293.4154272095     -224.3883920479    -0.0001580276           0.000450
    7      30      -293.4156318698     -224.3885967081    -0.0002046603           0.000240
    8      30      -293.4158054270     -224.3887702653    -0.0001735571           0.000250
    9      30      -293.4159422674     -224.3889071057    -0.0001368405           0.000235
   10      40      -293.4160602193     -224.3890250576    -0.0001179519           0.000184
   11      40      -293.4161208479     -224.3890856862    -0.0000606286           0.000114
   12      50      -293.4161532267     -224.3891180650    -0.0000323788           0.000040
   13      50      -293.4161537875     -224.3891186258    -0.0000005608           0.000041


  RESULTS OF THE OCCUPATION OPTIMIZATION
 ========================================

   OM     Occupation      Elag Diag

    1      1.9999124    -20.6942488
    2      1.9999109    -20.6943965
    3      1.9999056    -20.7851300
    4      1.9873059     -1.0393653
    5      1.9864038     -0.9837613
    6      1.9863296     -0.9775239
    7      1.9860964     -0.9528104
    8      1.9860268     -1.0000167
    9      1.9859809     -0.9462818
   10      1.9379018     -0.9327497
   11      1.9376754     -0.9300064
   12      1.4167034     -0.4596066
   13      0.5828191     -0.2255898
   14      0.0606371     -0.0480021
   15      0.0017047     -0.0026810
   16      0.0121644     -0.0114791
   17      0.0118722     -0.0101526
   18      0.0120344     -0.0114074
   19      0.0119687     -0.0114509
   20      0.0017525     -0.0029337
   21      0.0015797     -0.0024768
   22      0.0000855     -0.0018406
   23      0.0000117     -0.0002260
   24      0.0000096     -0.0001978
   25      0.0004775     -0.0006200
   26      0.0016875     -0.0026445
   27      0.0603936     -0.0479744
   28      0.0018547     -0.0030350
   29      0.0021010     -0.0029230
   30      0.0018692     -0.0030629
   31      0.0017017     -0.0028724
   32      0.0118437     -0.0113741
   33      0.0111143     -0.0100045
   34      0.0000088     -0.0001839
   35      0.0000774     -0.0016451
   36      0.0000781     -0.0016500

   RO Sum (  24) =   24.00

  ---------------
   Dipole Moment
  ---------------

      0.0384 Debye [   0.0151  (  -0.0011,   0.0011,   0.0150) ]

 ----------------
  Final Energies  
 ----------------

  Final NOF Total Energy =     -224.3891186258 ( 4.E-05 , 0.E+00 )


  **************************************************
  *                                                *
  *       SINGLE-POINT DoNOF CALCULATION           *
  *                                                *
  *             FULL OPTIMIZATION                  *
  *                                                *
  *  FINAL RESULTS   FINAL RESULTS  FINAL RESULTS  *
  *                                                *
  **************************************************

  **************************************************
  *         No. EXTERNAL ITER =    13              *
  *         No. of TOTAL ITER =   360              *
  **************************************************

  Elapsed real time :     10.10  (Seconds)
  Git sha : bcb372acca69df19ae91719c988dea244a3c3d1c                                                            

 The execution finished at 11h 52min on the 11/21/2024
