 This is the parallel version of the code
 This is the parallel version of the code
 This is the parallel version of the code
 This is the parallel version of the code
 This is the parallel version of the code
 This is the parallel version of the code
 This is the parallel version of the code
 This is the parallel version of the code
 This is the parallel version of the code
 This is the parallel version of the code
 This is the parallel version of the code
 This is the parallel version of the code
Master:    0

 The execution started at 17h  0min on the  3/11/2025

    ===========================================================
    !                                                         !
    !                        Do N O F                         !
    !                                                         !
    !  (Donostia Natural Orbital Functional Software Program) !
    !                                                         !
    !               COPYRIGHT by Mario Piris                  !
    !                                                         !
    !      Donostia International Physics Center (DIPC)       !
    !       University of the Basque Country (UPV/EHU)        !
    !       Basque Foundation for Science (IKERBASQUE)        !
    !                                                         !
    !          GNU General Public License version 3           !
    !                                                         !
    !                  VERSION: Mayo 2024                     !
    !                                                         !
    ===========================================================

 Run Title
 ---------
 p30-5 set                                                                       

 Basis Set
 ---------
 /home/ion/p30-5/def2-qzvp/pnof7/ncwo/def2-qzvp.bas                              

 Atom      Charge                Coordinates (Bohr)
                           x             y             z
 B           5.0        0.0000        0.0000        0.0000

 Atomic Basis Set
 ----------------
 The contracted primitive functions were unnormalized
 The contracted basis functions are now normalized to unity

  Shell Type  Primitive         Exponent  Contraction Coefficient

 B         
 
      1   S       1         46447.6670560    0.000071244570
      1   S       2          6957.6889042    0.000553732977
      1   S       3          1583.4428403    0.002903604343
      1   S       4           448.4660101    0.012151666193
      1   S       5           146.2863926    0.042943093068
      1   S       6            52.7843861    0.129198179137
      1   S       7            20.5193962    0.317718956371
      1   S       8             8.4185659    0.592268754201
 
      2   S       9            36.5100183    0.092825555605
      2   S      10            10.5418540    0.927500724382
 
      3   S      11             3.6004091    1.000000000000
 
      4   S      12             1.5617024    1.000000000000
 
      5   S      13             0.4499737    1.000000000000
 
      6   S      14             0.1807523    1.000000000000
 
      7   S      15             0.0715967    1.000000000000
 
      8   P      16            72.2404628    0.002368670850
      8   P      17            16.8077072    0.018820922799
      8   P      18             5.2259411    0.084786548708
      8   P      19             1.8508351    0.285544938393
      8   P      20             0.7220678    0.716140791451
 
      9   P      21             0.2949102    1.000000000000
 
     10   P      22             0.1220114    1.000000000000
 
     11   P      23             0.0498654    1.000000000000
 
     12   D      24             1.1100000    1.000000000000
 
     13   D      25             0.4020000    1.000000000000
 
     14   D      26             0.1450000    1.000000000000
 
     15   F      27             0.8820000    1.000000000000
 
     16   F      28             0.3110000    1.000000000000
 
     17   G      29             0.6730000    1.000000000000

 Total Number of Basis Set Shells             =   17
 Total Number of Primitives                   =   29
 Number of Cartesian Gaussian Basis Functions =   72
 Number of Electrons                          =    5
 Charge of Molecule                           =    0
 Spin Multiplicity                            =    2
 Number of Occupied Orbitals (Alpha)          =    3
 Number of Occupied Orbitals (Beta )          =    2
 Total Number of Atoms                        =    1

 Input Run Options
 -----------------
 IRUNTYP = 1  MULT = 2  ICHARG =  0 IECP = 0  IEMOM = 1  UNITS = ANGS    

 Integral Options
 ----------------
 CUTOFF = 1.0E-09   ISCHWZ = 0   ERITYP = FULL

 Input NOF Options
 -----------------

 Type of calculation =    Coeff. Opt.:   (ICOEF)         1
 Use Softmax function for Occ. Opt.:     (ISOFTMAX)      1
 Type of Orb. Opt. = Orbital Rotations:  (IORBOPT)       4
 Maximum Number of Occ-Coef Outer Iter.: (MAXIT)      1000

 Natural Orbital Functional Selected:    (IPNOF)         7
 Spin-Multiplet, High-Spin State Option: (HighSpin)      F
 
 Restart calculation Option:             (RESTART)       T
 Orthogonalize the initial Orbitals:     (ORTHO)         T

 Output Option:                          (NPRINT)        0
 Output the Coefficient Matrix:          (IWRITEC)       0
 Do a Mulliken Population Analysis:      (IMULPOP)       0
 Write Information into a WFN file:      (IAIMPAC)       1
 Write Information into a FCHK file:     (IFCHK)         1
 Write Information into a MLP file:      (MOLDEN)        1
 Create Ini. Cond. (ini.xyz) file:       (INICOND)       1
 Calculate IPs using Ext. Koopmans Theo: (IEKT)          0
 Write APSG expansion coefficient file:  (APSG)          F
 Output option for Lagrange Multipliers: (PRINTLAG)      F
 Diagonalize matrix of Lag. Multipliers: (DIAGLAG)       F

 Nuclear Coordinates from GCF file:
 ----------------------------------

 Atom      Charge                Coordinates (Bohr)
                           x             y             z
 B        5.00000        0.0000        0.0000        0.0000

------------------------------------------------------------------------

 Orbital Space
 -------------

 Inactive Doubly occupied orbitals up to NO1  =    0
 No. considered Strongly Doubly occupied MOs  =    2
 No. considered Strongly Singly occupied MOs  =    1
 No. of Weakly occ. per St. Doubly occ.  MOs  =   23
 Dimension of the Active Nat. Orb. subspace   =   48
 Secondary Empty orbitals                     =   23

 1e- integrals
 -------------
 Time to do integrals =      0.00

 2e- integrals
 -------------
 DONTW option skips storage 2e- integrals on Unit 1
              453802 2e- integrals in     1 records
 Time to do integrals =      0.15

 Distribution Full ERIs:

 Integrals:                            453802
 Max size per slaves:                   37818
 Max size in master:                   491620

 No violations of the orthonormality


  RESULTS OF OCCUPATION-COEFFICIENT OPTIMIZATION
 ================================================

  Ex It  Occ Time  Orb Time  Orb It   Electronic Energy     Total Energy   Energy Convergency    Max Mul-Lag Diff

    1    2.4E-01   1.7E-01      10     -24.5923089802      -24.5923089802     0.0000000000           0.019840
    2    1.2E-01   4.7E-01      30     -24.5948010030      -24.5948010030    -0.0024920228           0.001711
    3    2.3E-01   4.7E-01      30     -24.5977844609      -24.5977844609    -0.0029834580           0.001254
    4    2.4E-01   5.5E-01      30     -24.6020825693      -24.6020825693    -0.0042981084           0.001679
    5    2.2E-01   4.7E-01      30     -24.6069880374      -24.6069880374    -0.0049054681           0.001921
    6    2.3E-01   4.7E-01      30     -24.6115761053      -24.6115761053    -0.0045880679           0.002034
    7    2.1E-01   5.2E-01      30     -24.6154997561      -24.6154997561    -0.0039236508           0.001980
    8    2.2E-01   4.8E-01      30     -24.6189764399      -24.6189764399    -0.0034766838           0.001659
    9    2.2E-01   4.7E-01      30     -24.6220316326      -24.6220316326    -0.0030551927           0.002628
   10    1.8E-01   4.8E-01      30     -24.6245854629      -24.6245854629    -0.0025538303           0.003465
   11    2.2E-01   4.7E-01      30     -24.6265909440      -24.6265909440    -0.0020054811           0.003876
   12    1.8E-01   4.7E-01      30     -24.6282036008      -24.6282036008    -0.0016126568           0.003772
   13    1.9E-01   4.7E-01      30     -24.6294919662      -24.6294919662    -0.0012883654           0.003337
   14    1.9E-01   5.2E-01      30     -24.6304904605      -24.6304904605    -0.0009984943           0.002620
   15    1.7E-01   4.7E-01      30     -24.6311871912      -24.6311871912    -0.0006967307           0.001720
   16    1.8E-01   4.7E-01      30     -24.6315986973      -24.6315986973    -0.0004115061           0.001182
   17    1.8E-01   5.2E-01      30     -24.6317685270      -24.6317685270    -0.0001698296           0.001130
   18    1.8E-01   4.7E-01      30     -24.6318359576      -24.6318359576    -0.0000674306           0.001238
   19    1.8E-01   4.7E-01      30     -24.6318722381      -24.6318722381    -0.0000362805           0.001192
   20    1.7E-01   4.7E-01      30     -24.6318885586      -24.6318885586    -0.0000163205           0.001108
   21    1.8E-01   6.4E-01      40     -24.6319003300      -24.6319003300    -0.0000117714           0.000693
   22    1.7E-01   7.6E-01      50     -24.6319060022      -24.6319060022    -0.0000056722           0.000822
   23    1.4E-01   9.6E-01      60     -24.6319112700      -24.6319112700    -0.0000052678           0.000541
   24    1.5E-01   1.0E+00      70     -24.6319145216      -24.6319145216    -0.0000032516           0.000478
   25    1.5E-01   1.2E+00      80     -24.6319155223      -24.6319155223    -0.0000010007           0.000387
   26    1.2E-01   1.4E+00      90     -24.6319170266      -24.6319170266    -0.0000015043           0.000256
   27    1.7E-01   1.5E+00     100     -24.6319175979      -24.6319175979    -0.0000005714           0.000199
   28    1.2E-01   1.7E+00     110     -24.6319178560      -24.6319178560    -0.0000002580           0.000129
   29    1.2E-01   1.8E+00     120     -24.6319178778      -24.6319178778    -0.0000000218           0.000146
   30    1.2E-01   2.0E+00     130     -24.6319179446      -24.6319179446    -0.0000000668           0.000119
   31    1.2E-01   2.1E+00     140     -24.6319179679      -24.6319179679    -0.0000000233           0.000112
   32    1.2E-01   2.3E+00     150     -24.6319180160      -24.6319180160    -0.0000000481           0.000070


  RESULTS OF THE OCCUPATION OPTIMIZATION
 ========================================

   OM     Occupation      Elag Diag

    1      1.9985519     -7.6773450
    2      1.7969180     -0.5024746
    3      1.0000000     -0.1775258
    4      0.0000148     -0.0000296
    5      0.0000021     -0.0000200
    6      0.0000265     -0.0000415
    7      0.0000216     -0.0005247
    8      0.0000274     -0.0000422
    9      0.0001896     -0.0016585
   10      0.0001325     -0.0001464
   11      0.0000035     -0.0000335
   12      0.0000107     -0.0000208
   13      0.0000021     -0.0000203
   14      0.0000119     -0.0000234
   15      0.0000023     -0.0000231
   16      0.0952486     -0.0312200
   17      0.0000029     -0.0000307
   18      0.0014969     -0.0010878
   19      0.0000240     -0.0002111
   20      0.0000120     -0.0000235
   21      0.0000025     -0.0000239
   22      0.0001008     -0.0001128
   23      0.0000242     -0.0002117
   24      0.0014946     -0.0010869
   25      0.0000046     -0.0000435
   26      0.0000265     -0.0000402
   27      0.0000045     -0.0000432
   28      0.0000602     -0.0000673
   29      0.0000030     -0.0000291
   30      0.0000600     -0.0000666
   31      0.0000037     -0.0000352
   32      0.0952518     -0.0312210
   33      0.0000033     -0.0000358
   34      0.0000778     -0.0001002
   35      0.0000033     -0.0001061
   36      0.0000106     -0.0000207
   37      0.0000032     -0.0000337
   38      0.0000606     -0.0000689
   39      0.0008018     -0.0095930
   40      0.0000598     -0.0000696
   41      0.0000021     -0.0000205
   42      0.0001002     -0.0001127
   43      0.0000009     -0.0000246
   44      0.0044574     -0.0026517
   45      0.0001895     -0.0016582
   46      0.0015040     -0.0009839
   47      0.0001501     -0.0013696
   48      0.0028365     -0.0020407
   49      0.0000033     -0.0000336

   RO Sum (   5) =    5.00

  ---------------
   Dipole Moment
  ---------------

      0.0012 Debye [   0.0005  (  -0.0004,   0.0002,  -0.0001) ]

 ----------------
  Final Energies  
 ----------------

  Final NOF Total Energy =      -24.6319180160 ( 7.E-05 , 0.E+00 )


  **************************************************
  *                                                *
  *       SINGLE-POINT DoNOF CALCULATION           *
  *                                                *
  *             FULL OPTIMIZATION                  *
  *                                                *
  *  FINAL RESULTS   FINAL RESULTS  FINAL RESULTS  *
  *                                                *
  **************************************************

  **************************************************
  *         No. EXTERNAL ITER =    32              *
  *         No. of TOTAL ITER =  1720              *
  **************************************************

  Elapsed real time :     32.69  (Seconds)

 The execution finished at 17h  0min on the  3/11/2025
