 This is the parallel version of the code
 This is the parallel version of the code
 This is the parallel version of the code
 This is the parallel version of the code
 This is the parallel version of the code
 This is the parallel version of the code
 This is the parallel version of the code
 This is the parallel version of the code
 This is the parallel version of the code
 This is the parallel version of the code
 This is the parallel version of the code
 This is the parallel version of the code
Master:    0

 The execution started at 16h 22min on the  3/11/2025

    ===========================================================
    !                                                         !
    !                        Do N O F                         !
    !                                                         !
    !  (Donostia Natural Orbital Functional Software Program) !
    !                                                         !
    !               COPYRIGHT by Mario Piris                  !
    !                                                         !
    !      Donostia International Physics Center (DIPC)       !
    !       University of the Basque Country (UPV/EHU)        !
    !       Basque Foundation for Science (IKERBASQUE)        !
    !                                                         !
    !          GNU General Public License version 3           !
    !                                                         !
    !                  VERSION: Mayo 2024                     !
    !                                                         !
    ===========================================================

 Run Title
 ---------
 p30-5 set                                                                       

 Basis Set
 ---------
 /home/ion/p30-5/def2-qzvp/pnof7/ncwo/def2-qzvp.bas                              

 Atom      Charge                Coordinates (Bohr)
                           x             y             z
 SI         14.0        0.0000        0.0000        0.0000

 Atomic Basis Set
 ----------------
 The contracted primitive functions were unnormalized
 The contracted basis functions are now normalized to unity

  Shell Type  Primitive         Exponent  Contraction Coefficient

 SI        
 
      1   S       1        918070.6956500    0.000015164350
      1   S       2        137485.2538600    0.000117886427
      1   S       3         31287.7727140    0.000619706293
      1   S       4          8861.6105697    0.002609744936
      1   S       5          2890.6943156    0.009422545860
      1   S       6          1043.4063979    0.029933357272
      1   S       7           406.8016028    0.083569823387
      1   S       8           168.4836021    0.197339466916
      1   S       9            73.1856288    0.362800527037
      1   S      10            32.9984854    0.431342021378
 
      2   S      11           278.7875133    0.025131736656
      2   S      12            85.9102287    0.220626387338
      2   S      13            32.9926040    0.791695147327
 
      3   S      14            15.0336933    1.000000000000
 
      4   S      15             5.7257515    1.000000000000
 
      5   S      16             2.6146521    1.000000000000
 
      6   S      17             1.1757833    1.000000000000
 
      7   S      18             0.3543233    1.000000000000
 
      8   S      19             0.1624834    1.000000000000
 
      9   S      20             0.0683325    1.000000000000
 
     10   P      21          1775.8850516    0.000220716403
     10   P      22           420.8378685    0.001918226363
     10   P      23           136.4229024    0.010391248672
     10   P      24            51.7009917    0.040810497839
     10   P      25            21.5594560    0.121203363594
     10   P      26             9.5559200    0.259743211286
     10   P      27             4.3529819    0.385910217750
     10   P      28             2.0096964    0.359561845927
 
     11   P      29            46.4181538    0.043325011785
     11   P      30             1.9076418   -1.003170042390
 
     12   P      31             0.9233722    1.000000000000
 
     13   P      32             0.3451572    1.000000000000
 
     14   P      33             0.1365683    1.000000000000
 
     15   P      34             0.0529871    1.000000000000
 
     16   D      35             2.6450000    1.000000000000
 
     17   D      36             0.6080000    1.000000000000
 
     18   D      37             0.2720000    1.000000000000
 
     19   D      38             0.1130000    1.000000000000
 
     20   F      39             0.5410000    1.000000000000
 
     21   F      40             0.2120000    1.000000000000
 
     22   G      41             0.4610000    1.000000000000

 Total Number of Basis Set Shells             =   22
 Total Number of Primitives                   =   41
 Number of Cartesian Gaussian Basis Functions =   86
 Number of Electrons                          =   14
 Charge of Molecule                           =    0
 Spin Multiplicity                            =    3
 Number of Occupied Orbitals (Alpha)          =    8
 Number of Occupied Orbitals (Beta )          =    6
 Total Number of Atoms                        =    1

 Input Run Options
 -----------------
 IRUNTYP = 1  MULT = 3  ICHARG =  0 IECP = 0  IEMOM = 1  UNITS = ANGS    

 Integral Options
 ----------------
 CUTOFF = 1.0E-09   ISCHWZ = 0   ERITYP = FULL

 Input NOF Options
 -----------------

 Type of calculation =    Coeff. Opt.:   (ICOEF)         1
 Use Softmax function for Occ. Opt.:     (ISOFTMAX)      1
 Type of Orb. Opt. = Orbital Rotations:  (IORBOPT)       4
 Maximum Number of Occ-Coef Outer Iter.: (MAXIT)      1000

 Natural Orbital Functional Selected:    (IPNOF)         7
 Spin-Multiplet, High-Spin State Option: (HighSpin)      F
 
 Restart calculation Option:             (RESTART)       T
 Orthogonalize the initial Orbitals:     (ORTHO)         T

 Output Option:                          (NPRINT)        0
 Output the Coefficient Matrix:          (IWRITEC)       0
 Do a Mulliken Population Analysis:      (IMULPOP)       0
 Write Information into a WFN file:      (IAIMPAC)       1
 Write Information into a FCHK file:     (IFCHK)         1
 Write Information into a MLP file:      (MOLDEN)        1
 Create Ini. Cond. (ini.xyz) file:       (INICOND)       1
 Calculate IPs using Ext. Koopmans Theo: (IEKT)          0
 Write APSG expansion coefficient file:  (APSG)          F
 Output option for Lagrange Multipliers: (PRINTLAG)      F
 Diagonalize matrix of Lag. Multipliers: (DIAGLAG)       F

 Nuclear Coordinates from GCF file:
 ----------------------------------

 Atom      Charge                Coordinates (Bohr)
                           x             y             z
 SI      14.00000        0.0000        0.0000        0.0000

------------------------------------------------------------------------

 Orbital Space
 -------------

 Inactive Doubly occupied orbitals up to NO1  =    0
 No. considered Strongly Doubly occupied MOs  =    6
 No. considered Strongly Singly occupied MOs  =    2
 No. of Weakly occ. per St. Doubly occ.  MOs  =   13
 Dimension of the Active Nat. Orb. subspace   =   84
 Secondary Empty orbitals                     =    0

 1e- integrals
 -------------
 Time to do integrals =      0.00

 2e- integrals
 -------------
 DONTW option skips storage 2e- integrals on Unit 1
              924078 2e- integrals in     1 records
 Time to do integrals =      0.37

 Distribution Full ERIs:

 Integrals:                            924078
 Max size per slaves:                   77008
 Max size in master:                  1001086

 No violations of the orthonormality


  RESULTS OF OCCUPATION-COEFFICIENT OPTIMIZATION
 ================================================

  Ex It  Occ Time  Orb Time  Orb It   Electronic Energy     Total Energy   Energy Convergency    Max Mul-Lag Diff

    1    1.4E+00   5.0E-01      10    -288.8902910194     -288.8902910194     0.0000000000           0.049794
    2    4.6E-01   1.4E+00      30    -288.8974909811     -288.8974909811    -0.0071999617           0.187664
    3    1.3E+00   1.4E+00      30    -288.9181729798     -288.9181729798    -0.0206819987           0.008132
    4    1.4E+00   1.4E+00      30    -288.9379153656     -288.9379153656    -0.0197423858           0.010646
    5    1.2E+00   1.4E+00      30    -288.9558768855     -288.9558768855    -0.0179615199           0.012679
    6    8.4E-01   1.4E+00      30    -288.9697702808     -288.9697702808    -0.0138933953           0.013182
    7    8.4E-01   1.4E+00      30    -288.9797469057     -288.9797469057    -0.0099766248           0.011732
    8    7.9E-01   1.4E+00      30    -288.9865979012     -288.9865979012    -0.0068509955           0.008163
    9    1.0E+00   1.4E+00      30    -288.9907283334     -288.9907283334    -0.0041304322           0.004484
   10    7.0E-01   1.5E+00      30    -288.9928679462     -288.9928679462    -0.0021396128           0.004708
   11    8.2E-01   1.5E+00      30    -288.9941609528     -288.9941609528    -0.0012930066           0.002794
   12    7.8E-01   1.5E+00      30    -288.9950273260     -288.9950273260    -0.0008663732           0.005292
   13    6.5E-01   1.4E+00      30    -288.9956341366     -288.9956341366    -0.0006068105           0.003254
   14    8.9E-01   1.4E+00      30    -288.9960044723     -288.9960044723    -0.0003703357           0.004007
   15    5.7E-01   1.4E+00      30    -288.9962753248     -288.9962753248    -0.0002708525           0.003525
   16    5.8E-01   1.4E+00      30    -288.9964615914     -288.9964615914    -0.0001862665           0.003401
   17    5.8E-01   1.4E+00      30    -288.9966197708     -288.9966197708    -0.0001581794           0.003471
   18    5.9E-01   1.4E+00      30    -288.9967501998     -288.9967501998    -0.0001304291           0.004315
   19    6.6E-01   1.4E+00      30    -288.9968591929     -288.9968591929    -0.0001089930           0.004136
   20    6.5E-01   1.4E+00      30    -288.9969449420     -288.9969449420    -0.0000857492           0.003909
   21    5.4E-01   1.4E+00      30    -288.9970064964     -288.9970064964    -0.0000615544           0.003858
   22    7.8E-01   1.4E+00      30    -288.9970517887     -288.9970517887    -0.0000452922           0.004011
   23    5.4E-01   1.4E+00      30    -288.9970802543     -288.9970802543    -0.0000284656           0.003802
   24    5.3E-01   1.4E+00      30    -288.9971011537     -288.9971011537    -0.0000208994           0.003706
   25    5.3E-01   1.4E+00      30    -288.9971178340     -288.9971178340    -0.0000166803           0.004009
   26    8.0E-01   1.4E+00      30    -288.9971349044     -288.9971349044    -0.0000170704           0.003819
   27    4.8E-01   1.4E+00      30    -288.9971448342     -288.9971448342    -0.0000099298           0.003661
   28    4.3E-01   1.9E+00      40    -288.9971558115     -288.9971558115    -0.0000109773           0.000799
   29    4.4E-01   2.3E+00      50    -288.9971655254     -288.9971655254    -0.0000097139           0.000113
   30    4.5E-01   2.7E+00      60    -288.9971764619     -288.9971764619    -0.0000109365           0.000036
   31    5.0E-01   3.2E+00      70    -288.9971878321     -288.9971878321    -0.0000113702           0.000048
   32    5.3E-01   3.2E+00      70    -288.9971999056     -288.9971999056    -0.0000120735           0.000042
   33    4.4E-01   3.2E+00      70    -288.9972085342     -288.9972085342    -0.0000086286           0.000031
   34    5.8E-01   3.2E+00      70    -288.9972196562     -288.9972196562    -0.0000111220           0.000055
   35    4.9E-01   3.2E+00      70    -288.9972304744     -288.9972304744    -0.0000108182           0.000048
   36    5.0E-01   3.2E+00      70    -288.9972426426     -288.9972426426    -0.0000121682           0.000051
   37    5.0E-01   3.2E+00      70    -288.9972552712     -288.9972552712    -0.0000126286           0.000049
   38    5.1E-01   3.2E+00      70    -288.9972663745     -288.9972663745    -0.0000111033           0.000073
   39    5.2E-01   3.2E+00      70    -288.9972748708     -288.9972748708    -0.0000084963           0.000065
   40    5.3E-01   3.2E+00      70    -288.9972816674     -288.9972816674    -0.0000067966           0.000042
   41    4.4E-01   3.7E+00      80    -288.9972856075     -288.9972856075    -0.0000039401           0.000020
   42    5.2E-01   3.7E+00      80    -288.9972892925     -288.9972892925    -0.0000036849           0.000044
   43    4.5E-01   4.1E+00      90    -288.9972911239     -288.9972911239    -0.0000018314           0.000039
   44    4.2E-01   4.5E+00     100    -288.9972920508     -288.9972920508    -0.0000009269           0.000023
   45    5.2E-01   4.9E+00     110    -288.9972940850     -288.9972940850    -0.0000020342           0.000009
   46    4.2E-01   3.2E-02     110    -288.9972941676     -288.9972941676    -0.0000000826           0.000009


  RESULTS OF THE OCCUPATION OPTIMIZATION
 ========================================

   OM     Occupation      Elag Diag

    1      1.9999538    -68.6790115
    2      1.9987156     -4.8670387
    3      1.9984982     -4.7990785
    4      1.9984688     -4.7955043
    5      1.9980326     -4.5680943
    6      1.8309422     -0.5442722
    7      1.0000000     -0.1704334
    8      1.0000000     -0.1704478
    9      0.0007743     -0.0005696
   10      0.0002011     -0.0012554
   11      0.0010566     -0.0066782
   12      0.0010761     -0.0067636
   13      0.0010168     -0.0064600
   14      0.0000014     -0.0002831
   15      0.0001784     -0.0001733
   16      0.0002773     -0.0016874
   17      0.0002319     -0.0014918
   18      0.0002298     -0.0014860
   19      0.0000299     -0.0001928
   20      0.0000000     -0.0000006
   21      0.0005223     -0.0004439
   22      0.0011432     -0.0069600
   23      0.0000081     -0.0000464
   24      0.0000123     -0.0000720
   25      0.0000092     -0.0000696
   26      0.0000000     -0.0000001
   27      0.0043475     -0.0022396
   28      0.0000175     -0.0001006
   29      0.0000331     -0.0001959
   30      0.0000276     -0.0001760
   31      0.0001995     -0.0013391
   32      0.0000000     -0.0000002
   33      0.1253997     -0.0392985
   34      0.0002203     -0.0013525
   35      0.0000203     -0.0001333
   36      0.0000097     -0.0000553
   37      0.0000025     -0.0000161
   38      0.0000000     -0.0000004
   39      0.0027145     -0.0014398
   40      0.0000050     -0.0000287
   41      0.0000074     -0.0000444
   42      0.0000031     -0.0000178
   43      0.0000033     -0.0000196
   44      0.0000000     -0.0000000
   45      0.0043104     -0.0022498
   46      0.0000093     -0.0000526
   47      0.0000095     -0.0000558
   48      0.0000052     -0.0000287
   49      0.0000050     -0.0000298
   50      0.0000000     -0.0000000
   51      0.0125460     -0.0063726
   52      0.0000134     -0.0000762
   53      0.0000110     -0.0000642
   54      0.0000171     -0.0001228
   55      0.0000001     -0.0000026
   56      0.0000000     -0.0000002
   57      0.0123476     -0.0062871
   58      0.0000005     -0.0000026
   59      0.0000158     -0.0000926
   60      0.0000080     -0.0000487
   61      0.0000023     -0.0000146
   62      0.0000000     -0.0000000
   63      0.0005243     -0.0004456
   64      0.0000416     -0.0002700
   65      0.0000148     -0.0000955
   66      0.0001049     -0.0006873
   67      0.0000005     -0.0000043
   68      0.0000000     -0.0000001
   69      0.0043124     -0.0022325
   70      0.0000099     -0.0000545
   71      0.0000031     -0.0000180
   72      0.0000024     -0.0000141
   73      0.0000004     -0.0000032
   74      0.0000000     -0.0000000
   75      0.0007995     -0.0005889
   76      0.0000279     -0.0001803
   77      0.0001092     -0.0007143
   78      0.0000013     -0.0000100
   79      0.0000002     -0.0000012
   80      0.0000000     -0.0000000
   81      0.0002811     -0.0002366
   82      0.0000004     -0.0000029
   83      0.0000105     -0.0000615
   84      0.0000043     -0.0000255
   85      0.0000145     -0.0000918
   86      0.0000447     -0.0057988

   RO Sum (  14) =   14.00

  ---------------
   Dipole Moment
  ---------------

      0.0098 Debye [   0.0039  (   0.0015,  -0.0019,  -0.0030) ]

 ----------------
  Final Energies  
 ----------------

  Final NOF Total Energy =     -288.9972941676 ( 9.E-06 , 0.E+00 )


  **************************************************
  *                                                *
  *       SINGLE-POINT DoNOF CALCULATION           *
  *                                                *
  *             FULL OPTIMIZATION                  *
  *                                                *
  *  FINAL RESULTS   FINAL RESULTS  FINAL RESULTS  *
  *                                                *
  **************************************************

  **************************************************
  *         No. EXTERNAL ITER =    46              *
  *         No. of TOTAL ITER =  2210              *
  **************************************************

  Elapsed real time :    128.66  (Seconds)

 The execution finished at 16h 24min on the  3/11/2025
