 This is the parallel version of the code
 This is the parallel version of the code
 This is the parallel version of the code
 This is the parallel version of the code
Master:    0

 The execution started at 11h 51min on the 11/21/2024

    ===========================================================
    !                                                         !
    !                        Do N O F                         !
    !                                                         !
    !  (Donostia Natural Orbital Functional Software Program) !
    !                                                         !
    !               COPYRIGHT by Mario Piris                  !
    !                                                         !
    !      Donostia International Physics Center (DIPC)       !
    !       University of the Basque Country (UPV/EHU)        !
    !       Basque Foundation for Science (IKERBASQUE)        !
    !                                                         !
    !          GNU General Public License version 3           !
    !                                                         !
    !                  VERSION: Mayo 2024                     !
    !                                                         !
    ===========================================================

 Run Title
 ---------
 p30-5 set                                                                       

 Basis Set
 ---------
 /beegfs_agamede/gscratch/povmieci/SCRATCH/64797/def2-svp.bas                    

 Atom      Charge                Coordinates (Bohr)
                           x             y             z
 O           8.0        2.1617        0.1424        0.0000
 O           8.0        0.0000        1.0903        0.0000
 O           8.0       -2.0449       -0.9333        0.0000
 H           1.0       -0.9347       -2.3951        0.0000

 Atomic Basis Set
 ----------------
 The contracted primitive functions were unnormalized
 The contracted basis functions are now normalized to unity

  Shell Type  Primitive         Exponent  Contraction Coefficient

 O         

      1   S       1          2266.1767785   -0.005389350392
      1   S       2           340.8701019   -0.040234721389
      1   S       3            77.3631352   -0.180081842055
      1   S       4            21.4796449   -0.468288576577
      1   S       5             6.6589433   -0.446926171602

      2   S       6             0.8097598    1.000000000000

      3   S       7             0.2553077    1.000000000000

      4   P       8            17.7215043    0.062630248763
      4   P       9             3.8635505    0.333311384824
      4   P      10             1.0480921    0.741486383081

      5   P      11             0.2764154    1.000000000000

      6   D      12             1.2000000    1.000000000000

 O         

      7   S      13          2266.1767785   -0.005389350392
      7   S      14           340.8701019   -0.040234721389
      7   S      15            77.3631352   -0.180081842055
      7   S      16            21.4796449   -0.468288576577
      7   S      17             6.6589433   -0.446926171602

      8   S      18             0.8097598    1.000000000000

      9   S      19             0.2553077    1.000000000000

     10   P      20            17.7215043    0.062630248763
     10   P      21             3.8635505    0.333311384824
     10   P      22             1.0480921    0.741486383081

     11   P      23             0.2764154    1.000000000000

     12   D      24             1.2000000    1.000000000000

 O         

     13   S      25          2266.1767785   -0.005389350392
     13   S      26           340.8701019   -0.040234721389
     13   S      27            77.3631352   -0.180081842055
     13   S      28            21.4796449   -0.468288576577
     13   S      29             6.6589433   -0.446926171602

     14   S      30             0.8097598    1.000000000000

     15   S      31             0.2553077    1.000000000000

     16   P      32            17.7215043    0.062630248763
     16   P      33             3.8635505    0.333311384824
     16   P      34             1.0480921    0.741486383081

     17   P      35             0.2764154    1.000000000000

     18   D      36             1.2000000    1.000000000000

 H         

     19   S      37            13.0107010    0.033485484813
     19   S      38             1.9622572    0.234721870881
     19   S      39             0.4445380    0.813770285260

     20   S      40             0.1219496    1.000000000000

     21   P      41             0.8000000    1.000000000000

 Total Number of Basis Set Shells             =   21
 Total Number of Primitives                   =   41
 Number of Cartesian Gaussian Basis Functions =   50
 Number of Electrons                          =   25
 Charge of Molecule                           =    0
 Spin Multiplicity                            =    2
 Number of Occupied Orbitals (Alpha)          =   13
 Number of Occupied Orbitals (Beta )          =   12
 Total Number of Atoms                        =    4

 Input Run Options
 -----------------
 IRUNTYP = 1  MULT = 2  ICHARG =  0 IECP = 0  IEMOM = 1  UNITS = ANGS    

 Integral Options
 ----------------
 CUTOFF = 1.0E-09   ISCHWZ = 0   ERITYP = FULL

 Input NOF Options
 -----------------

 Type of calculation =    Coeff. Opt.:   (ICOEF)         1
 Use Softmax function for Occ. Opt.:     (ISOFTMAX)      1
 Type of Orb. Opt. = Orbital Rotations:  (IORBOPT)       4
 Maximum Number of Occ-Coef Outer Iter.: (MAXIT)      1000

 Natural Orbital Functional Selected:    (IPNOF)         7
 Spin-Multiplet, High-Spin State Option: (HighSpin)      F

 Restart calculation Option:             (RESTART)       T
 Orthogonalize the initial Orbitals:     (ORTHO)         T

 Output Option:                          (NPRINT)        0
 Output the Coefficient Matrix:          (IWRITEC)       0
 Do a Mulliken Population Analysis:      (IMULPOP)       0
 Write Information into a WFN file:      (IAIMPAC)       1
 Write Information into a FCHK file:     (IFCHK)         1
 Write Information into a MLP file:      (MOLDEN)        1
 Create Ini. Cond. (ini.xyz) file:       (INICOND)       1
 Calculate IPs using Ext. Koopmans Theo: (IEKT)          0
 Write APSG expansion coefficient file:  (APSG)          F
 Output option for Lagrange Multipliers: (PRINTLAG)      F
 Diagonalize matrix of Lag. Multipliers: (DIAGLAG)       F

 Nuclear Coordinates from GCF file:
 ----------------------------------

 Atom      Charge                Coordinates (Bohr)
                           x             y             z
 O        8.00000        2.1617        0.1424        0.0000
 O        8.00000        0.0000        1.0903        0.0000
 O        8.00000       -2.0449       -0.9333        0.0000
 H        1.00000       -0.9347       -2.3951        0.0000

------------------------------------------------------------------------

 Orbital Space
 -------------

 Inactive Doubly occupied orbitals up to NO1  =    0
 No. considered Strongly Doubly occupied MOs  =   12
 No. considered Strongly Singly occupied MOs  =    1
 No. of Weakly occ. per St. Doubly occ.  MOs  =    3
 Dimension of the Active Nat. Orb. subspace   =   48
 Secondary Empty orbitals                     =    1

 1e- integrals
 -------------
 Time to do integrals =      0.00

 2e- integrals
 -------------
 DONTW option skips storage 2e- integrals on Unit 1
              409815 2e- integrals in     1 records
 Time to do integrals =      0.06

 Distribution Full ERIs:

 Integrals:                            409815
 Max size per slaves:                  102454
 Max size in master:                   512269

 No violations of the orthonormality


  RESULTS OF OCCUPATION-COEFFICIENT OPTIMIZATION
 ================================================

  Ex It  Orb It    Electronic Energy     Total Energy   Energy Convergency    Max Mul-Lag Diff

    1      10      -297.7055604118     -225.0318980347    -0.0021263991           0.033262
    2      10      -297.7118532270     -225.0381908499    -0.0062928152           0.019388
    3      10      -297.7115440157     -225.0378816387     0.0003092113           0.030284
    4      20      -297.7145650323     -225.0409026553    -0.0030210166           0.001141
    5      20      -297.7147802978     -225.0411179207    -0.0002152655           0.000556
    6      20      -297.7149538146     -225.0412914376    -0.0001735168           0.000436
    7      20      -297.7150968534     -225.0414344764    -0.0001430388           0.000478
    8      20      -297.7152145982     -225.0415522211    -0.0001177448           0.000487
    9      20      -297.7153107599     -225.0416483828    -0.0000961617           0.000461
   10      20      -297.7153853328     -225.0417229557    -0.0000745729           0.000499
   11      30      -297.7154565009     -225.0417941238    -0.0000711681           0.000208
   12      30      -297.7154959578     -225.0418335808    -0.0000394570           0.000206
   13      40      -297.7155257643     -225.0418633872    -0.0000298064           0.000044
   14      40      -297.7155268830     -225.0418645059    -0.0000011187           0.000045


  RESULTS OF THE OCCUPATION OPTIMIZATION
 ========================================

   OM     Occupation      Elag Diag

    1      1.9999189    -20.6409245
    2      1.9999173    -20.6836225
    3      1.9999086    -20.7375201
    4      1.9854925     -0.8646119
    5      1.9854155     -0.8619968
    6      1.9852075     -1.0493264
    7      1.9840041     -1.0057923
    8      1.9833488     -0.9437193
    9      1.9827028     -0.9407320
   10      1.9676661     -0.9215021
   11      1.9385567     -0.9552324
   12      1.7891939     -0.6487840
   13      1.0000000     -0.3175860
   14      0.0002735     -0.0004863
   15      0.0588668     -0.0479894
   16      0.0014200     -0.0023554
   17      0.0019606     -0.0027628
   18      0.0026466     -0.0034728
   19      0.0024663     -0.0033297
   20      0.0120075     -0.0099463
   21      0.0016393     -0.0025890
   22      0.0111288     -0.0108508
   23      0.0000858     -0.0018108
   24      0.0000005     -0.0000110
   25      0.0000037     -0.0000764
   26      0.0002393     -0.0004694
   27      0.0021006     -0.0032045
   28      0.0025305     -0.0036075
   29      0.0138775     -0.0104114
   30      0.0016953     -0.0027279
   31      0.0119664     -0.0111683
   32      0.0011264     -0.0018409
   33      0.0111867     -0.0108851
   34      0.0016144     -0.0025677
   35      0.0000035     -0.0000664
   36      0.0000011     -0.0000222
   37      0.0000016     -0.0000323
   38      0.2102933     -0.1028440
   39      0.0004759     -0.0010496
   40      0.0283835     -0.0252382
   41      0.0014591     -0.0022150
   42      0.0123092     -0.0110409
   43      0.0015632     -0.0026066
   44      0.0016586     -0.0025255
   45      0.0017584     -0.0027031
   46      0.0017643     -0.0027048
   47      0.0000021     -0.0000435
   48      0.0000811     -0.0017011
   49      0.0000759     -0.0016214

   RO Sum (  25) =   25.00

  ---------------
   Dipole Moment
  ---------------

      1.5353 Debye [   0.6041  (   0.1755,  -0.5780,  -0.0005) ]

 ----------------
  Final Energies  
 ----------------

  Final NOF Total Energy =     -225.0418645059 ( 4.E-05 , 0.E+00 )


  **************************************************
  *                                                *
  *       SINGLE-POINT DoNOF CALCULATION           *
  *                                                *
  *             FULL OPTIMIZATION                  *
  *                                                *
  *  FINAL RESULTS   FINAL RESULTS  FINAL RESULTS  *
  *                                                *
  **************************************************

  **************************************************
  *         No. EXTERNAL ITER =    14              *
  *         No. of TOTAL ITER =   310              *
  **************************************************

  Elapsed real time :     27.88  (Seconds)
  Git sha : bcb372acca69df19ae91719c988dea244a3c3d1c                                                            

 The execution finished at 11h 52min on the 11/21/2024
