 This is the parallel version of the code
 This is the parallel version of the code
 This is the parallel version of the code
 This is the parallel version of the code
Master:    0

 The execution started at 11h 52min on the 11/21/2024

    ===========================================================
    !                                                         !
    !                        Do N O F                         !
    !                                                         !
    !  (Donostia Natural Orbital Functional Software Program) !
    !                                                         !
    !               COPYRIGHT by Mario Piris                  !
    !                                                         !
    !      Donostia International Physics Center (DIPC)       !
    !       University of the Basque Country (UPV/EHU)        !
    !       Basque Foundation for Science (IKERBASQUE)        !
    !                                                         !
    !          GNU General Public License version 3           !
    !                                                         !
    !                  VERSION: Mayo 2024                     !
    !                                                         !
    ===========================================================

 Run Title
 ---------
 p30-5 set                                                                       

 Basis Set
 ---------
 /beegfs_agamede/gscratch/povmieci/SCRATCH/64801/def2-svp.bas                    

 Atom      Charge                Coordinates (Bohr)
                           x             y             z
 S          16.0        0.0000        2.9335        1.7423
 S          16.0        0.0000        2.0192       -1.7423
 S          16.0        0.0000       -2.0192       -1.7423
 S          16.0        0.0000       -2.9335        1.7423

 Atomic Basis Set
 ----------------
 The contracted primitive functions were unnormalized
 The contracted basis functions are now normalized to unity

  Shell Type  Primitive         Exponent  Contraction Coefficient

 S         

      1   S       1          9184.9303010   -0.005472946613
      1   S       2          1381.5105503   -0.040954402155
      1   S       3           313.8714758   -0.184758289562
      1   S       4            88.0538706   -0.475672806440
      1   S       5            27.0399149   -0.434951535842

      2   S       6            45.6487313   -0.091904045809
      2   S       7             4.9664522    0.556987772145
      2   S       8             2.0116242    0.511154682985

      3   S       9             0.3566108    1.000000000000

      4   S      10             0.1350722    1.000000000000

      5   P      11           261.9823344   -0.009183054659
      5   P      12            61.3068947   -0.065902226526
      5   P      13            19.1037299   -0.245877845187
      5   P      14             6.6567720   -0.482314710760
      5   P      15             2.3959635   -0.389563143514

      6   P      16             0.6177616    1.000000000000

      7   P      17             0.1699338    1.000000000000

      8   D      18             0.5500000    1.000000000000

 S         

      9   S      19          9184.9303010   -0.005472946613
      9   S      20          1381.5105503   -0.040954402155
      9   S      21           313.8714758   -0.184758289562
      9   S      22            88.0538706   -0.475672806440
      9   S      23            27.0399149   -0.434951535842

     10   S      24            45.6487313   -0.091904045809
     10   S      25             4.9664522    0.556987772145
     10   S      26             2.0116242    0.511154682985

     11   S      27             0.3566108    1.000000000000

     12   S      28             0.1350722    1.000000000000

     13   P      29           261.9823344   -0.009183054659
     13   P      30            61.3068947   -0.065902226526
     13   P      31            19.1037299   -0.245877845187
     13   P      32             6.6567720   -0.482314710760
     13   P      33             2.3959635   -0.389563143514

     14   P      34             0.6177616    1.000000000000

     15   P      35             0.1699338    1.000000000000

     16   D      36             0.5500000    1.000000000000

 S         

     17   S      37          9184.9303010   -0.005472946613
     17   S      38          1381.5105503   -0.040954402155
     17   S      39           313.8714758   -0.184758289562
     17   S      40            88.0538706   -0.475672806440
     17   S      41            27.0399149   -0.434951535842

     18   S      42            45.6487313   -0.091904045809
     18   S      43             4.9664522    0.556987772145
     18   S      44             2.0116242    0.511154682985

     19   S      45             0.3566108    1.000000000000

     20   S      46             0.1350722    1.000000000000

     21   P      47           261.9823344   -0.009183054659
     21   P      48            61.3068947   -0.065902226526
     21   P      49            19.1037299   -0.245877845187
     21   P      50             6.6567720   -0.482314710760
     21   P      51             2.3959635   -0.389563143514

     22   P      52             0.6177616    1.000000000000

     23   P      53             0.1699338    1.000000000000

     24   D      54             0.5500000    1.000000000000

 S         

     25   S      55          9184.9303010   -0.005472946613
     25   S      56          1381.5105503   -0.040954402155
     25   S      57           313.8714758   -0.184758289562
     25   S      58            88.0538706   -0.475672806440
     25   S      59            27.0399149   -0.434951535842

     26   S      60            45.6487313   -0.091904045809
     26   S      61             4.9664522    0.556987772145
     26   S      62             2.0116242    0.511154682985

     27   S      63             0.3566108    1.000000000000

     28   S      64             0.1350722    1.000000000000

     29   P      65           261.9823344   -0.009183054659
     29   P      66            61.3068947   -0.065902226526
     29   P      67            19.1037299   -0.245877845187
     29   P      68             6.6567720   -0.482314710760
     29   P      69             2.3959635   -0.389563143514

     30   P      70             0.6177616    1.000000000000

     31   P      71             0.1699338    1.000000000000

     32   D      72             0.5500000    1.000000000000

 Total Number of Basis Set Shells             =   32
 Total Number of Primitives                   =   72
 Number of Cartesian Gaussian Basis Functions =   76
 Number of Electrons                          =   64
 Charge of Molecule                           =    0
 Spin Multiplicity                            =    1
 Number of Occupied Orbitals (Alpha)          =   32
 Number of Occupied Orbitals (Beta )          =   32
 Total Number of Atoms                        =    4

 Input Run Options
 -----------------
 IRUNTYP = 1  MULT = 1  ICHARG =  0 IECP = 0  IEMOM = 1  UNITS = ANGS    

 Integral Options
 ----------------
 CUTOFF = 1.0E-09   ISCHWZ = 0   ERITYP = FULL

 Input NOF Options
 -----------------

 Type of calculation =    Coeff. Opt.:   (ICOEF)         1
 Use Softmax function for Occ. Opt.:     (ISOFTMAX)      1
 Type of Orb. Opt. = Orbital Rotations:  (IORBOPT)       4
 Maximum Number of Occ-Coef Outer Iter.: (MAXIT)      1000

 Natural Orbital Functional Selected:    (IPNOF)         7

 Restart calculation Option:             (RESTART)       T
 Orthogonalize the initial Orbitals:     (ORTHO)         T

 Output Option:                          (NPRINT)        0
 Output the Coefficient Matrix:          (IWRITEC)       0
 Do a Mulliken Population Analysis:      (IMULPOP)       0
 Write Information into a WFN file:      (IAIMPAC)       1
 Write Information into a FCHK file:     (IFCHK)         1
 Write Information into a MLP file:      (MOLDEN)        1
 Create Ini. Cond. (ini.xyz) file:       (INICOND)       1
 Calculate IPs using Ext. Koopmans Theo: (IEKT)          0
 Write APSG expansion coefficient file:  (APSG)          F
 Output option for Lagrange Multipliers: (PRINTLAG)      F
 Diagonalize matrix of Lag. Multipliers: (DIAGLAG)       F

 Nuclear Coordinates from GCF file:
 ----------------------------------

 Atom      Charge                Coordinates (Bohr)
                           x             y             z
 S       16.00000        0.0000        2.9335        1.7423
 S       16.00000        0.0000        2.0192       -1.7423
 S       16.00000        0.0000       -2.0192       -1.7423
 S       16.00000        0.0000       -2.9335        1.7423

------------------------------------------------------------------------

 Orbital Space
 -------------

 Inactive Doubly occupied orbitals up to NO1  =    0
 No. considered Strongly Doubly occupied MOs  =   32
 No. considered Strongly Singly occupied MOs  =    0
 No. of Weakly occ. per St. Doubly occ.  MOs  =    1
 Dimension of the Active Nat. Orb. subspace   =   64
 Secondary Empty orbitals                     =   12

 1e- integrals
 -------------
 Time to do integrals =      0.00

 2e- integrals
 -------------
 DONTW option skips storage 2e- integrals on Unit 1
             1582680 2e- integrals in     1 records
 Time to do integrals =      0.33

 Distribution Full ERIs:

 Integrals:                           1582680
 Max size per slaves:                  395672
 Max size in master:                  1978352

 No violations of the orthonormality


  RESULTS OF OCCUPATION-COEFFICIENT OPTIMIZATION
 ================================================

  Ex It  Orb It    Electronic Energy     Total Energy   Energy Convergency    Max Mul-Lag Diff

    1      10     -1923.3938515217    -1589.6942204840     0.0000000000           0.002558
    2      20     -1923.4275367618    -1589.7279057241    -0.0336852401           0.006021
    3      20     -1923.4338193364    -1589.7341882987    -0.0062825746           0.004844
    4      20     -1923.4380506924    -1589.7384196547    -0.0042313560           0.004922
    5      20     -1923.4410263778    -1589.7413953401    -0.0029756854           0.004150
    6      20     -1923.4430575801    -1589.7434265425    -0.0020312023           0.003791
    7      20     -1923.4445157369    -1589.7448846993    -0.0014581568           0.004005
    8      20     -1923.4456988893    -1589.7460678517    -0.0011831524           0.003498
    9      20     -1923.4468301568    -1589.7471991191    -0.0011312675           0.002689
   10      20     -1923.4479533491    -1589.7483223114    -0.0011231923           0.002448
   11      20     -1923.4490952780    -1589.7494642403    -0.0011419289           0.002494
   12      20     -1923.4502247252    -1589.7505936876    -0.0011294472           0.002276
   13      20     -1923.4512811390    -1589.7516501013    -0.0010564137           0.002062
   14      20     -1923.4522170485    -1589.7525860109    -0.0009359096           0.002143
   15      20     -1923.4529865488    -1589.7533555112    -0.0007695003           0.002066
   16      20     -1923.4535856055    -1589.7539545678    -0.0005990567           0.002146
   17      20     -1923.4540491815    -1589.7544181439    -0.0004635760           0.002208
   18      20     -1923.4544248879    -1589.7547938502    -0.0003757063           0.002274
   19      20     -1923.4547452859    -1589.7551142483    -0.0003203980           0.002386
   20      20     -1923.4550155943    -1589.7553845567    -0.0002703084           0.002548
   21      20     -1923.4552678762    -1589.7556368386    -0.0002522819           0.002303
   22      20     -1923.4555091731    -1589.7558781354    -0.0002412969           0.002378
   23      20     -1923.4557633916    -1589.7561323539    -0.0002542185           0.002229
   24      20     -1923.4560224929    -1589.7563914553    -0.0002591013           0.002289
   25      20     -1923.4562725826    -1589.7566415449    -0.0002500897           0.002339
   26      20     -1923.4564952674    -1589.7568642298    -0.0002226848           0.002246
   27      20     -1923.4566798486    -1589.7570488109    -0.0001845811           0.002396
   28      20     -1923.4568227864    -1589.7571917488    -0.0001429379           0.002051
   29      20     -1923.4569246154    -1589.7572935777    -0.0001018290           0.002473
   30      20     -1923.4569938201    -1589.7573627824    -0.0000692047           0.002261
   31      20     -1923.4570405318    -1589.7574094942    -0.0000467117           0.002302
   32      20     -1923.4570642045    -1589.7574331668    -0.0000236726           0.002238
   33      30     -1923.4570919902    -1589.7574609526    -0.0000277858           0.000829
   34      30     -1923.4570985511    -1589.7574675134    -0.0000065609           0.000775
   35      30     -1923.4571054460    -1589.7574744083    -0.0000068949           0.000804
   36      40     -1923.4571118785    -1589.7574808409    -0.0000064326           0.000150
   37      50     -1923.4571151909    -1589.7574841533    -0.0000033124           0.000024


  RESULTS OF THE OCCUPATION OPTIMIZATION
 ========================================

   OM     Occupation      Elag Diag

    1      1.9999999    -91.9806067
    2      1.9999999    -91.9803731
    3      1.9999998    -91.9795878
    4      1.9999997    -91.9799496
    5      1.9999098     -7.1905961
    6      1.9999075     -7.1025399
    7      1.9998944     -7.1713221
    8      1.9998875     -7.1767095
    9      1.9998838     -7.2481182
   10      1.9998792     -7.2543816
   11      1.9998764     -7.3001554
   12      1.9998762     -7.2575731
   13      1.9998735     -7.3177094
   14      1.9998699     -7.3135817
   15      1.9998666     -7.3591820
   16      1.9998616     -7.3827413
   17      1.9998576     -7.3657561
   18      1.9998538     -7.3587371
   19      1.9998494     -7.2886206
   20      1.9998386     -7.2969743
   21      1.9910348     -1.0307951
   22      1.9909444     -0.9722760
   23      1.9892906     -0.9562622
   24      1.9853076     -0.5572146
   25      1.9849738     -0.6920097
   26      1.9831777     -0.4555336
   27      1.9780061     -0.4984749
   28      1.9751161     -0.4920838
   29      1.9447011     -0.5705107
   30      1.9317957     -0.5428016
   31      1.8787692     -0.4644904
   32      1.2731388     -0.2573026
   33      0.7268612     -0.1603791
   34      0.1212308     -0.0403640
   35      0.0682043     -0.0269422
   36      0.0552989     -0.0233560
   37      0.0248839     -0.0083794
   38      0.0219939     -0.0074438
   39      0.0168223     -0.0075336
   40      0.0150262     -0.0080982
   41      0.0146924     -0.0077584
   42      0.0107094     -0.0061437
   43      0.0090556     -0.0051883
   44      0.0089652     -0.0059163
   45      0.0001614     -0.0011881
   46      0.0001506     -0.0011152
   47      0.0001462     -0.0010979
   48      0.0001424     -0.0010767
   49      0.0001384     -0.0010507
   50      0.0001334     -0.0010119
   51      0.0001301     -0.0009768
   52      0.0001265     -0.0009477
   53      0.0001238     -0.0009378
   54      0.0001236     -0.0009441
   55      0.0001208     -0.0008845
   56      0.0001162     -0.0008467
   57      0.0001125     -0.0008256
   58      0.0001056     -0.0007702
   59      0.0000925     -0.0006711
   60      0.0000902     -0.0006632
   61      0.0000003     -0.0000207
   62      0.0000002     -0.0000167
   63      0.0000001     -0.0000130
   64      0.0000001     -0.0000121

   RO Sum (  64) =   64.00

  ---------------
   Dipole Moment
  ---------------

      0.7013 Debye [   0.2759  (   0.0072,  -0.0861,  -0.2620) ]

 ----------------
  Final Energies  
 ----------------

  Final NOF Total Energy =    -1589.7574841533 ( 2.E-05 , 0.E+00 )


  **************************************************
  *                                                *
  *       SINGLE-POINT DoNOF CALCULATION           *
  *                                                *
  *             FULL OPTIMIZATION                  *
  *                                                *
  *  FINAL RESULTS   FINAL RESULTS  FINAL RESULTS  *
  *                                                *
  **************************************************

  **************************************************
  *         No. EXTERNAL ITER =    37              *
  *         No. of TOTAL ITER =   810              *
  **************************************************

  Elapsed real time :    408.25  (Seconds)
  Git sha : bcb372acca69df19ae91719c988dea244a3c3d1c                                                            

 The execution finished at 11h 58min on the 11/21/2024
