 This is the parallel version of the code
 This is the parallel version of the code
 This is the parallel version of the code
 This is the parallel version of the code
Master:    0

 The execution started at 11h 51min on the 11/21/2024

    ===========================================================
    !                                                         !
    !                        Do N O F                         !
    !                                                         !
    !  (Donostia Natural Orbital Functional Software Program) !
    !                                                         !
    !               COPYRIGHT by Mario Piris                  !
    !                                                         !
    !      Donostia International Physics Center (DIPC)       !
    !       University of the Basque Country (UPV/EHU)        !
    !       Basque Foundation for Science (IKERBASQUE)        !
    !                                                         !
    !          GNU General Public License version 3           !
    !                                                         !
    !                  VERSION: Mayo 2024                     !
    !                                                         !
    ===========================================================

 Run Title
 ---------
 p30-5 set                                                                       

 Basis Set
 ---------
 /beegfs_agamede/gscratch/povmieci/SCRATCH/64793/def2-svp.bas                    

 Atom      Charge                Coordinates (Bohr)
                           x             y             z
 H           1.0        2.0390       -2.6112        0.0000
 N           7.0        0.1772       -2.1352        0.0000
 N           7.0        0.0000        0.2099        0.0000
 N           7.0       -0.4685        2.2983        0.0000

 Atomic Basis Set
 ----------------
 The contracted primitive functions were unnormalized
 The contracted basis functions are now normalized to unity

  Shell Type  Primitive         Exponent  Contraction Coefficient

 H         

      1   S       1            13.0107010    0.033485484813
      1   S       2             1.9622572    0.234721870881
      1   S       3             0.4445380    0.813770285260

      2   S       4             0.1219496    1.000000000000

      3   P       5             0.8000000    1.000000000000

 N         

      4   S       6          1712.8415853   -0.005447799580
      4   S       7           257.6481268   -0.040627174632
      4   S       8            58.4582459   -0.181119622506
      4   S       9            16.1983679   -0.468439755632
      4   S      10             5.0052601   -0.446168462892

      5   S      11             0.5873186    1.000000000000

      6   S      12             0.1876459    1.000000000000

      7   P      13            13.5714702   -0.058848116970
      7   P      14             2.9257373   -0.320246247625
      7   P      15             0.7992775   -0.753282265204

      8   P      16             0.2195435    1.000000000000

      9   D      17             1.0000000    1.000000000000

 N         

     10   S      18          1712.8415853   -0.005447799580
     10   S      19           257.6481268   -0.040627174632
     10   S      20            58.4582459   -0.181119622506
     10   S      21            16.1983679   -0.468439755632
     10   S      22             5.0052601   -0.446168462892

     11   S      23             0.5873186    1.000000000000

     12   S      24             0.1876459    1.000000000000

     13   P      25            13.5714702   -0.058848116970
     13   P      26             2.9257373   -0.320246247625
     13   P      27             0.7992775   -0.753282265204

     14   P      28             0.2195435    1.000000000000

     15   D      29             1.0000000    1.000000000000

 N         

     16   S      30          1712.8415853   -0.005447799580
     16   S      31           257.6481268   -0.040627174632
     16   S      32            58.4582459   -0.181119622506
     16   S      33            16.1983679   -0.468439755632
     16   S      34             5.0052601   -0.446168462892

     17   S      35             0.5873186    1.000000000000

     18   S      36             0.1876459    1.000000000000

     19   P      37            13.5714702   -0.058848116970
     19   P      38             2.9257373   -0.320246247625
     19   P      39             0.7992775   -0.753282265204

     20   P      40             0.2195435    1.000000000000

     21   D      41             1.0000000    1.000000000000

 Total Number of Basis Set Shells             =   21
 Total Number of Primitives                   =   41
 Number of Cartesian Gaussian Basis Functions =   50
 Number of Electrons                          =   22
 Charge of Molecule                           =    0
 Spin Multiplicity                            =    1
 Number of Occupied Orbitals (Alpha)          =   11
 Number of Occupied Orbitals (Beta )          =   11
 Total Number of Atoms                        =    4

 Input Run Options
 -----------------
 IRUNTYP = 1  MULT = 1  ICHARG =  0 IECP = 0  IEMOM = 1  UNITS = ANGS    

 Integral Options
 ----------------
 CUTOFF = 1.0E-09   ISCHWZ = 0   ERITYP = FULL

 Input NOF Options
 -----------------

 Type of calculation =    Coeff. Opt.:   (ICOEF)         1
 Use Softmax function for Occ. Opt.:     (ISOFTMAX)      1
 Type of Orb. Opt. = Orbital Rotations:  (IORBOPT)       4
 Maximum Number of Occ-Coef Outer Iter.: (MAXIT)      1000

 Natural Orbital Functional Selected:    (IPNOF)         7

 Restart calculation Option:             (RESTART)       T
 Orthogonalize the initial Orbitals:     (ORTHO)         T

 Output Option:                          (NPRINT)        0
 Output the Coefficient Matrix:          (IWRITEC)       0
 Do a Mulliken Population Analysis:      (IMULPOP)       0
 Write Information into a WFN file:      (IAIMPAC)       1
 Write Information into a FCHK file:     (IFCHK)         1
 Write Information into a MLP file:      (MOLDEN)        1
 Create Ini. Cond. (ini.xyz) file:       (INICOND)       1
 Calculate IPs using Ext. Koopmans Theo: (IEKT)          0
 Write APSG expansion coefficient file:  (APSG)          F
 Output option for Lagrange Multipliers: (PRINTLAG)      F
 Diagonalize matrix of Lag. Multipliers: (DIAGLAG)       F

 Nuclear Coordinates from GCF file:
 ----------------------------------

 Atom      Charge                Coordinates (Bohr)
                           x             y             z
 H        1.00000        2.0390       -2.6112        0.0000
 N        7.00000        0.1772       -2.1352        0.0000
 N        7.00000        0.0000        0.2099        0.0000
 N        7.00000       -0.4685        2.2983        0.0000

------------------------------------------------------------------------

 Orbital Space
 -------------

 Inactive Doubly occupied orbitals up to NO1  =    0
 No. considered Strongly Doubly occupied MOs  =   11
 No. considered Strongly Singly occupied MOs  =    0
 No. of Weakly occ. per St. Doubly occ.  MOs  =    3
 Dimension of the Active Nat. Orb. subspace   =   44
 Secondary Empty orbitals                     =    6

 1e- integrals
 -------------
 Time to do integrals =      0.00

 2e- integrals
 -------------
 DONTW option skips storage 2e- integrals on Unit 1
              412612 2e- integrals in     1 records
 Time to do integrals =      0.06

 Distribution Full ERIs:

 Integrals:                            412612
 Max size per slaves:                  103154
 Max size in master:                   515766

 No violations of the orthonormality


  RESULTS OF OCCUPATION-COEFFICIENT OPTIMIZATION
 ================================================

  Ex It  Orb It    Electronic Energy     Total Energy   Energy Convergency    Max Mul-Lag Diff

    1      10      -225.4029250050     -163.8123388341     0.0000000000           0.008460
    2      20      -225.4266719818     -163.8360858108    -0.0237469767           0.002894
    3      20      -225.4353299120     -163.8447437411    -0.0086579302           0.003846
    4      20      -225.4431701933     -163.8525840223    -0.0078402812           0.004667
    5      20      -225.4510238396     -163.8604376687    -0.0078536464           0.005331
    6      20      -225.4589430727     -163.8683569018    -0.0079192331           0.005669
    7      20      -225.4669174754     -163.8763313045    -0.0079744027           0.005414
    8      20      -225.4746610764     -163.8840749055    -0.0077436010           0.004789
    9      20      -225.4818597945     -163.8912736235    -0.0071987180           0.004367
   10      20      -225.4885056590     -163.8979194880    -0.0066458645           0.003487
   11      20      -225.4944762377     -163.9038900668    -0.0059705788           0.002462
   12      20      -225.4995487180     -163.9089625471    -0.0050724803           0.002543
   13      20      -225.5037741031     -163.9131879321    -0.0042253850           0.002686
   14      20      -225.5074016917     -163.9168155208    -0.0036275886           0.002619
   15      20      -225.5106130894     -163.9200269185    -0.0032113977           0.002609
   16      20      -225.5135229948     -163.9229368238    -0.0029099054           0.002788
   17      20      -225.5162189239     -163.9256327530    -0.0026959291           0.002883
   18      20      -225.5187525185     -163.9281663475    -0.0025335946           0.002872
   19      20      -225.5210899966     -163.9305038257    -0.0023374781           0.002712
   20      20      -225.5231820088     -163.9325958379    -0.0020920122           0.002413
   21      20      -225.5249999533     -163.9344137823    -0.0018179445           0.002007
   22      20      -225.5265203604     -163.9359341895    -0.0015204072           0.001518
   23      20      -225.5277269156     -163.9371407447    -0.0012065552           0.001187
   24      20      -225.5286529743     -163.9380668034    -0.0009260587           0.001112
   25      20      -225.5293567587     -163.9387705877    -0.0007037843           0.000990
   26      20      -225.5299146068     -163.9393284359    -0.0005578482           0.000827
   27      20      -225.5303628679     -163.9397766970    -0.0004482611           0.000788
   28      20      -225.5307278699     -163.9401416989    -0.0003650020           0.000799
   29      20      -225.5310253844     -163.9404392135    -0.0002975146           0.000784
   30      20      -225.5312679087     -163.9406817378    -0.0002425243           0.000746
   31      20      -225.5314742892     -163.9408881182    -0.0002063805           0.000684
   32      20      -225.5316557620     -163.9410695911    -0.0001814729           0.000600
   33      20      -225.5318123409     -163.9412261700    -0.0001565789           0.000496
   34      20      -225.5319439555     -163.9413577846    -0.0001316145           0.000389
   35      20      -225.5320464880     -163.9414603170    -0.0001025325           0.000379
   36      20      -225.5321205775     -163.9415344066    -0.0000740895           0.000393
   37      20      -225.5321688604     -163.9415826894    -0.0000482829           0.000412
   38      20      -225.5322013651     -163.9416151942    -0.0000325047           0.000394
   39      20      -225.5322266103     -163.9416404394    -0.0000252452           0.000379
   40      20      -225.5322496372     -163.9416634663    -0.0000230269           0.000394
   41      20      -225.5322787461     -163.9416925752    -0.0000291089           0.000387
   42      20      -225.5323204961     -163.9417343252    -0.0000417500           0.000385
   43      20      -225.5323695128     -163.9417833418    -0.0000490167           0.000372
   44      20      -225.5324182249     -163.9418320540    -0.0000487122           0.000377
   45      20      -225.5324559759     -163.9418698050    -0.0000377510           0.000375
   46      20      -225.5324811082     -163.9418949372    -0.0000251322           0.000380
   47      30      -225.5324997803     -163.9419136094    -0.0000186721           0.000168
   48      40      -225.5325134145     -163.9419272435    -0.0000136341           0.000036
   49      40      -225.5325145682     -163.9419283973    -0.0000011538           0.000035


  RESULTS OF THE OCCUPATION OPTIMIZATION
 ========================================

   OM     Occupation      Elag Diag

    1      1.9998436    -15.6437583
    2      1.9998407    -15.6184816
    3      1.9998303    -15.7369573
    4      1.9840981     -1.3429570
    5      1.9823515     -0.6961574
    6      1.9818570     -0.6998759
    7      1.9803468     -0.7555285
    8      1.9782482     -1.2064335
    9      1.9697893     -0.8652795
   10      1.8482351     -0.5966088
   11      1.7774205     -0.4146554
   12      0.0018508     -0.0014457
   13      0.0003979     -0.0005089
   14      0.0250825     -0.0204476
   15      0.0019860     -0.0031301
   16      0.0016945     -0.0022717
   17      0.0025203     -0.0024878
   18      0.0140522     -0.0094783
   19      0.0017708     -0.0030226
   20      0.0000050     -0.0000824
   21      0.0001487     -0.0025589
   22      0.0000051     -0.0000829
   23      0.0004320     -0.0005886
   24      0.0021837     -0.0020144
   25      0.0018915     -0.0026101
   26      0.0190622     -0.0210675
   27      0.0013442     -0.0018595
   28      0.0136333     -0.0062612
   29      0.0017336     -0.0022147
   30      0.0013747     -0.0025697
   31      0.0000075     -0.0001291
   32      0.0000041     -0.0000664
   33      0.0000070     -0.0001204
   34      0.2202968     -0.0731681
   35      0.1491832     -0.0685649
   36      0.0032366     -0.0038363
   37      0.0007036     -0.0014517
   38      0.0166145     -0.0111517
   39      0.0019894     -0.0020165
   40      0.0018627     -0.0022956
   41      0.0127565     -0.0161867
   42      0.0001572     -0.0027143
   43      0.0000065     -0.0001062
   44      0.0001443     -0.0024613

   RO Sum (  22) =   22.00

  ---------------
   Dipole Moment
  ---------------

      1.9501 Debye [   0.7672  (   0.7352,  -0.2195,   0.0005) ]

 ----------------
  Final Energies  
 ----------------

  Final NOF Total Energy =     -163.9419283973 ( 4.E-05 , 0.E+00 )


  **************************************************
  *                                                *
  *       SINGLE-POINT DoNOF CALCULATION           *
  *                                                *
  *             FULL OPTIMIZATION                  *
  *                                                *
  *  FINAL RESULTS   FINAL RESULTS  FINAL RESULTS  *
  *                                                *
  **************************************************

  **************************************************
  *         No. EXTERNAL ITER =    49              *
  *         No. of TOTAL ITER =  1020              *
  **************************************************

  Elapsed real time :     89.81  (Seconds)
  Git sha : bcb372acca69df19ae91719c988dea244a3c3d1c                                                            

 The execution finished at 11h 52min on the 11/21/2024
