 This is the parallel version of the code
 This is the parallel version of the code
 This is the parallel version of the code
 This is the parallel version of the code
 This is the parallel version of the code
 This is the parallel version of the code
 This is the parallel version of the code
 This is the parallel version of the code
Master:    0

 The execution started at 12h 29min on the 12/23/2024

    ===========================================================
    !                                                         !
    !                        Do N O F                         !
    !                                                         !
    !  (Donostia Natural Orbital Functional Software Program) !
    !                                                         !
    !               COPYRIGHT by Mario Piris                  !
    !                                                         !
    !      Donostia International Physics Center (DIPC)       !
    !       University of the Basque Country (UPV/EHU)        !
    !       Basque Foundation for Science (IKERBASQUE)        !
    !                                                         !
    !          GNU General Public License version 3           !
    !                                                         !
    !                  VERSION: Mayo 2024                     !
    !                                                         !
    ===========================================================

 Run Title
 ---------
 p30-5 set                                                                       

 Basis Set
 ---------
 /beegfs_agamede/gscratch/povmieci/SCRATCH/80426/def2-svp.bas                    

 Atom      Charge                Coordinates (Bohr)
                           x             y             z
 H           1.0        2.7927        3.8300       -2.7929
 H           1.0       -1.4345        0.4342        5.5385
 C           6.0       -3.2627       -2.5064       -1.5663
 B           5.0        2.1455       -0.8880       -2.2459
 H           1.0       -4.3023       -3.9363       -0.4893
 P          15.0        0.0611       -3.8247       -2.2233
 O           8.0        0.4117        0.5811        5.5685
 CL         17.0        4.4136        3.9252        2.5796
 AL         13.0        1.3371        1.4019        1.9753
 P          15.0        3.0834        1.7252       -4.4267
 B           5.0       -3.0235        0.0444       -0.2764
 H           1.0        1.1151       -0.9762        6.2546
 F           9.0        0.6194        2.1790       -6.2128
 P          15.0       -2.6749        3.0018        1.0504
 H           1.0       -4.1318       -2.3423       -3.4436
 P          15.0        2.8501       -2.6488        0.7101

 Atomic Basis Set
 ----------------
 The contracted primitive functions were unnormalized
 The contracted basis functions are now normalized to unity

  Shell Type  Primitive         Exponent  Contraction Coefficient

 H         

      1   S       1            13.0107010    0.033485484813
      1   S       2             1.9622572    0.234721870881
      1   S       3             0.4445380    0.813770285260

      2   S       4             0.1219496    1.000000000000

      3   P       5             0.8000000    1.000000000000

 H         

      4   S       6            13.0107010    0.033485484813
      4   S       7             1.9622572    0.234721870881
      4   S       8             0.4445380    0.813770285260

      5   S       9             0.1219496    1.000000000000

      6   P      10             0.8000000    1.000000000000

 C         

      7   S      11          1238.4016938    0.005517365048
      7   S      12           186.2900499    0.041088828556
      7   S      13            42.2511763    0.182253821265
      7   S      14            11.6765579    0.468284594374
      7   S      15             3.5930506    0.445758173360

      8   S      16             0.4024515    1.000000000000

      9   S      17             0.1309018    1.000000000000

     10   P      18             9.4680971    0.056888332011
     10   P      19             2.0103545    0.312940593365
     10   P      20             0.5477100    0.760650165091

     11   P      21             0.1526861    1.000000000000

     12   D      22             0.8000000    1.000000000000

 B         

     13   S      23           839.3183009   -0.005628883598
     13   S      24           126.2646484   -0.041832794610
     13   S      25            28.6206008   -0.184174881258
     13   S      26             7.8793723   -0.468396550281
     13   S      27             2.4088857   -0.444579308833

     14   S      28             0.2510511    1.000000000000

     15   S      29             0.0836489    1.000000000000

     16   P      30             6.0332224   -0.054032500323
     16   P      31             1.2499158   -0.301940343932
     16   P      32             0.3387168   -0.771707916582

     17   P      33             0.0964156    1.000000000000

     18   D      34             0.5000000    1.000000000000

 H         

     19   S      35            13.0107010    0.033485484813
     19   S      36             1.9622572    0.234721870881
     19   S      37             0.4445380    0.813770285260

     20   S      38             0.1219496    1.000000000000

     21   P      39             0.8000000    1.000000000000

 P         

     22   S      40          8002.4795106    0.005525555279
     22   S      41          1203.6813590    0.041326367171
     22   S      42           273.4422703    0.186070058991
     22   S      43            76.6555415    0.477107006766
     22   S      44            23.5169274    0.432247688783

     23   S      45            39.7916834    0.090954145513
     23   S      46             4.2770343   -0.550855656186
     23   S      47             1.6940257   -0.518269979075

     24   S      48             0.2756767    1.000000000000

     25   S      49             0.1049559    1.000000000000

     26   P      50           219.5075582    0.009573910140
     26   P      51            51.2741550    0.067993851914
     26   P      52            15.9215959    0.249832097533
     26   P      53             5.5069913    0.481481790475
     26   P      54             1.9537719    0.388697985432

     27   P      55             0.4780340    1.000000000000

     28   P      56             0.1365795    1.000000000000

     29   D      57             0.4500000    1.000000000000

 O         

     30   S      58          2266.1767785   -0.005389350392
     30   S      59           340.8701019   -0.040234721389
     30   S      60            77.3631352   -0.180081842055
     30   S      61            21.4796449   -0.468288576577
     30   S      62             6.6589433   -0.446926171602

     31   S      63             0.8097598    1.000000000000

     32   S      64             0.2553077    1.000000000000

     33   P      65            17.7215043    0.062630248763
     33   P      66             3.8635505    0.333311384824
     33   P      67             1.0480921    0.741486383081

     34   P      68             0.2764154    1.000000000000

     35   D      69             1.2000000    1.000000000000

 CL        

     36   S      70         10449.8275660    0.005426595379
     36   S      71          1571.7365221    0.040626378129
     36   S      72           357.1206552    0.183597478529
     36   S      73           100.2518594    0.474389487682
     36   S      74            30.8127276    0.437351811041

     37   S      75            51.9237894   -0.092754154848
     37   S      76             5.7045761    0.563808255442
     37   S      77             2.3508377    0.503670446297

     38   S      78             0.4460512    1.000000000000

     39   S      79             0.1684886    1.000000000000

     40   P      80           307.6679057   -0.008879702559
     40   P      81            72.1020155   -0.064284071721
     40   P      82            22.5326803   -0.242887397360
     40   P      83             7.8991765   -0.483408363699
     40   P      84             2.8767268   -0.389525638755

     41   P      85             0.7745936    1.000000000000

     42   P      86             0.2103770    1.000000000000

     43   D      87             0.6500000    1.000000000000

 AL        

     44   S      88          5887.5727030    0.005651978962
     44   S      89           885.6122600    0.042218253427
     44   S      90           201.1360490    0.189187196726
     44   S      91            56.2849747    0.480435911881
     44   S      92            17.2295512    0.425872684294

     45   S      93            29.3402499    0.088568603239
     45   S      94             3.0439630   -0.543157066723
     45   S      95             1.1285540   -0.529385510294

     46   S      96             0.1423418    1.000000000000

     47   S      97             0.0544002    1.000000000000

     48   P      98           145.1191881    0.010726377859
     48   P      99            33.7178948    0.074103623546
     48   P     100            10.3698631    0.261296213060
     48   P     101             3.5135616    0.480201235327
     48   P     102             1.1980050    0.384382240624

     49   P     103             0.2658301    1.000000000000

     50   P     104             0.0710034    1.000000000000

     51   D     105             0.3000000    1.000000000000

 P         

     52   S     106          8002.4795106    0.005525555279
     52   S     107          1203.6813590    0.041326367171
     52   S     108           273.4422703    0.186070058991
     52   S     109            76.6555415    0.477107006766
     52   S     110            23.5169274    0.432247688783

     53   S     111            39.7916834    0.090954145513
     53   S     112             4.2770343   -0.550855656186
     53   S     113             1.6940257   -0.518269979075

     54   S     114             0.2756767    1.000000000000

     55   S     115             0.1049559    1.000000000000

     56   P     116           219.5075582    0.009573910140
     56   P     117            51.2741550    0.067993851914
     56   P     118            15.9215959    0.249832097533
     56   P     119             5.5069913    0.481481790475
     56   P     120             1.9537719    0.388697985432

     57   P     121             0.4780340    1.000000000000

     58   P     122             0.1365795    1.000000000000

     59   D     123             0.4500000    1.000000000000

 B         

     60   S     124           839.3183009   -0.005628883598
     60   S     125           126.2646484   -0.041832794610
     60   S     126            28.6206008   -0.184174881258
     60   S     127             7.8793723   -0.468396550281
     60   S     128             2.4088857   -0.444579308833

     61   S     129             0.2510511    1.000000000000

     62   S     130             0.0836489    1.000000000000

     63   P     131             6.0332224   -0.054032500323
     63   P     132             1.2499158   -0.301940343932
     63   P     133             0.3387168   -0.771707916582

     64   P     134             0.0964156    1.000000000000

     65   D     135             0.5000000    1.000000000000

 H         

     66   S     136            13.0107010    0.033485484813
     66   S     137             1.9622572    0.234721870881
     66   S     138             0.4445380    0.813770285260

     67   S     139             0.1219496    1.000000000000

     68   P     140             0.8000000    1.000000000000

 F         

     69   S     141          2894.8325990   -0.005349321176
     69   S     142           435.4193912   -0.039967734372
     69   S     143            98.8433289   -0.179412617888
     69   S     144            27.4851980   -0.468324686869
     69   S     145             8.5405498   -0.447241605328

     70   S     146             1.0654578    1.000000000000

     71   S     147             0.3324735    1.000000000000

     72   P     148            22.6966339   -0.064782148241
     72   P     149             4.9872339   -0.340357853553
     72   P     150             1.3491614   -0.734858153660

     73   P     151             0.3482988    1.000000000000

     74   D     152             1.4000000    1.000000000000

 P         

     75   S     153          8002.4795106    0.005525555279
     75   S     154          1203.6813590    0.041326367171
     75   S     155           273.4422703    0.186070058991
     75   S     156            76.6555415    0.477107006766
     75   S     157            23.5169274    0.432247688783

     76   S     158            39.7916834    0.090954145513
     76   S     159             4.2770343   -0.550855656186
     76   S     160             1.6940257   -0.518269979075

     77   S     161             0.2756767    1.000000000000

     78   S     162             0.1049559    1.000000000000

     79   P     163           219.5075582    0.009573910140
     79   P     164            51.2741550    0.067993851914
     79   P     165            15.9215959    0.249832097533
     79   P     166             5.5069913    0.481481790475
     79   P     167             1.9537719    0.388697985432

     80   P     168             0.4780340    1.000000000000

     81   P     169             0.1365795    1.000000000000

     82   D     170             0.4500000    1.000000000000

 H         

     83   S     171            13.0107010    0.033485484813
     83   S     172             1.9622572    0.234721870881
     83   S     173             0.4445380    0.813770285260

     84   S     174             0.1219496    1.000000000000

     85   P     175             0.8000000    1.000000000000

 P         

     86   S     176          8002.4795106    0.005525555279
     86   S     177          1203.6813590    0.041326367171
     86   S     178           273.4422703    0.186070058991
     86   S     179            76.6555415    0.477107006766
     86   S     180            23.5169274    0.432247688783

     87   S     181            39.7916834    0.090954145513
     87   S     182             4.2770343   -0.550855656186
     87   S     183             1.6940257   -0.518269979075

     88   S     184             0.2756767    1.000000000000

     89   S     185             0.1049559    1.000000000000

     90   P     186           219.5075582    0.009573910140
     90   P     187            51.2741550    0.067993851914
     90   P     188            15.9215959    0.249832097533
     90   P     189             5.5069913    0.481481790475
     90   P     190             1.9537719    0.388697985432

     91   P     191             0.4780340    1.000000000000

     92   P     192             0.1365795    1.000000000000

     93   D     193             0.4500000    1.000000000000

 Total Number of Basis Set Shells             =   93
 Total Number of Primitives                   =  193
 Number of Cartesian Gaussian Basis Functions =  214
 Number of Electrons                          =  128
 Charge of Molecule                           =    0
 Spin Multiplicity                            =    1
 Number of Occupied Orbitals (Alpha)          =   64
 Number of Occupied Orbitals (Beta )          =   64
 Total Number of Atoms                        =   16

 Input Run Options
 -----------------
 IRUNTYP = 1  MULT = 1  ICHARG =  0 IECP = 0  IEMOM = 1  UNITS = ANGS    

 Integral Options
 ----------------
 CUTOFF = 1.0E-09   ISCHWZ = 1   ERITYP = FULL

 Input NOF Options
 -----------------

 Type of calculation =    Coeff. Opt.:   (ICOEF)         1
 Trigonometric functions for Occ. Opt.:  (ISOFTMAX)      0
 Type of Orb. Opt. = Orbital Rotations:  (IORBOPT)       4
 Maximum Number of Occ-Coef Outer Iter.: (MAXIT)      1000

 Natural Orbital Functional Selected:    (IPNOF)         8

 Restart calculation Option:             (RESTART)       T
 Orthogonalize the initial Orbitals:     (ORTHO)         T

 Output Option:                          (NPRINT)        0
 Output the Coefficient Matrix:          (IWRITEC)       0
 Do a Mulliken Population Analysis:      (IMULPOP)       0
 Write Information into a WFN file:      (IAIMPAC)       1
 Write Information into a FCHK file:     (IFCHK)         1
 Write Information into a MLP file:      (MOLDEN)        1
 Create Ini. Cond. (ini.xyz) file:       (INICOND)       1
 Calculate IPs using Ext. Koopmans Theo: (IEKT)          0
 Write APSG expansion coefficient file:  (APSG)          F
 Output option for Lagrange Multipliers: (PRINTLAG)      F
 Diagonalize matrix of Lag. Multipliers: (DIAGLAG)       F

 Nuclear Coordinates from GCF file:
 ----------------------------------

 Atom      Charge                Coordinates (Bohr)
                           x             y             z
 H        1.00000        2.7927        3.8300       -2.7929
 H        1.00000       -1.4345        0.4342        5.5385
 C        6.00000       -3.2627       -2.5064       -1.5663
 B        5.00000        2.1455       -0.8880       -2.2459
 H        1.00000       -4.3023       -3.9363       -0.4893
 P       15.00000        0.0611       -3.8247       -2.2233
 O        8.00000        0.4117        0.5811        5.5685
 CL      17.00000        4.4136        3.9252        2.5796
 AL      13.00000        1.3371        1.4019        1.9753
 P       15.00000        3.0834        1.7252       -4.4267
 B        5.00000       -3.0235        0.0444       -0.2764
 H        1.00000        1.1151       -0.9762        6.2546
 F        9.00000        0.6194        2.1790       -6.2128
 P       15.00000       -2.6749        3.0018        1.0504
 H        1.00000       -4.1318       -2.3423       -3.4436
 P       15.00000        2.8501       -2.6488        0.7101

------------------------------------------------------------------------

 Orbital Space
 -------------

 Inactive Doubly occupied orbitals up to NO1  =    0
 No. considered Strongly Doubly occupied MOs  =   64
 No. considered Strongly Singly occupied MOs  =    0
 No. of Weakly occ. per St. Doubly occ.  MOs  =    2
 Dimension of the Active Nat. Orb. subspace   =  192
 Secondary Empty orbitals                     =   22

 1e- integrals
 -------------
 Time to do integrals =      0.01
 Guess for MOs = HCORE
        13 MOs were matched and         0 equalized to zero

 2e- integrals
 -------------
 DONTW option skips storage 2e- integrals on Unit 1
           125224433 2e- integrals in     1 records
 Time to do integrals =     10.14

 RHF SCF Calculation
 -------------------
 EXTRAP=T  DAMP=T  DIIS=T
 DMat Conv = 1.0E-05  Ener Tol = 1.0E-08
 Ener Conv = 1.0E-10  DMat Tol = 2.0E-05
 DIIS Conv = 1.0E-07  DMat Tol = 2.0E-05

 ITER      TOTAL ENERGY        E CHANGE     DEN. CHANGE    DIIS ERROR
   1    -2196.0839801822 -2196.0839801822  70.705508290   1.464855708
   2    -2003.0666975286   193.0172826536  39.467260854   1.471439541
   3    -2239.8318068566  -236.7651093280   0.003710680   0.557059672
   4    -2239.8526942126    -0.0208873559   0.068181061   0.556934297
   5    -2240.1928339403    -0.3401397277   0.088702236   0.554889426
   6    -2240.5475016365    -0.3546676962   0.114175913   0.552756631
   7    -2240.9230638607    -0.3755622242   0.143941490   0.550506050
   8    -2241.3288989337    -0.4058350729   0.190597101   0.548096597
   9    -2241.7774113892    -0.4485124556   0.282037057   0.545475622
  10    -2242.2798438339    -0.5024324447   0.357889128   0.542594790
  11    -2242.8326516254    -0.5528077915   0.367610610   0.539466248
  12    -2243.4010151412    -0.5683635158   0.291841476   0.536239703
  13    -2243.9308580051    -0.5298428639   0.306565150   0.533167684
  14    -2244.4516262200    -0.5207682149   0.250865741   0.530052058
  15    -2244.8831609530    -0.4315347330   0.270902553   0.527404584
  16    -2245.4057205928    -0.5225596398   0.251245334   0.524170902
  17    -2245.8598653474    -0.4541447546   0.304845126   0.521394246
  18    -2246.4100952172    -0.5502298698   0.284179247   0.518107957
  19    -2246.9319526063    -0.5218573891   0.301060823   0.515070810
  20    -2247.4955537713    -0.5636011650   0.292298418   0.511862148
  21    -2248.0503706473    -0.5548168760   0.311107736   0.508757272
  22    -2248.6189692039    -0.5685985566   0.323771875   0.505609615
  23    -2249.1873502329    -0.5683810291   0.337070524   0.502472529
  24    -2249.7587126462    -0.5713624132   0.350926156   0.504522535
  25    -2250.3361475517    -0.5774349055   0.364941131   0.507698392
  26    -2250.9229122397    -0.5867646880   0.378343684   0.510640611
  27    -2251.5226230132    -0.5997107735   0.389856977   0.513319604
  28    -2252.1394329326    -0.6168099194   0.397559179   0.515684805
  29    -2252.7782451594    -0.6388122268   0.398838017   0.517660009
  30    -2253.4450410690    -0.6667959096   0.390594747   0.519134812
  31    -2254.1474804397    -0.7024393707   0.369869852   0.521260699
  32    -2254.8960757263    -0.7485952866   0.335014353   0.527619313
  33    -2255.7064561566    -0.8103804303   0.287433528   0.533874317
  34    -2256.6032302365    -0.8967740799   0.350237822   0.540153309
  35    -2257.6231383252    -1.0199080887   0.435612538   0.545958270
  36    -2258.7982134471    -1.1750751219   0.500960770   0.548796558
  37    -2260.0749541347    -1.2767406876   0.458086463   0.543990075
  38    -2261.2652966724    -1.1903425377   0.368142213   0.531066918
  39    -2262.3685532423    -1.1032565700   0.282914873   0.514379842
  40    -2263.3691861204    -1.0006328780  18.984368262   0.499924744
  41    -2111.8543458313   151.5148402891  17.458397843   1.283416671
  42    -2253.8039234207  -141.9495775894   6.265162770   0.810425919
  43    -2316.8911807103   -63.0872572896   5.345108048   0.640646393
  44    -2291.4017077282    25.4894729821   5.347991322   0.640340027
  45    -2323.5848844004   -32.1831766722   2.400630657   0.348153315
  46    -2327.7710753597    -4.1861909593   0.411238086   0.074684259
  47    -2328.0569182332    -0.2858428735   0.142252588   0.034011614
  48    -2328.1231123987    -0.0661941655   0.021693895   0.012757666
  49    -2328.1279368803    -0.0048244817   0.012515836   0.003190839
  50    -2328.1288091000    -0.0008722197   0.005073443   0.000900658
  51    -2328.1289520755    -0.0001429755   0.002489653   0.000478958
  52    -2328.1289897411    -0.0000376656   0.001420654   0.000209479
  53    -2328.1289988210    -0.0000090799   0.000672928   0.000102255
  54    -2328.1290007622    -0.0000019412   0.000279108   0.000032722
  55    -2328.1290010624    -0.0000003002   0.000106288   0.000013191
  56    -2328.1290011084    -0.0000000460   0.000022081   0.000004087
  57    -2328.1290011125    -0.0000000041   0.000007787   0.000001904

          -----------------
          DENSITY CONVERGED
          -----------------

 FINAL RHF ENERGY IS    -2328.1290011125 AFTER  57 ITERATIONS

         WAVEFUNCTION NORMALIZATION =       1.0000000000

                ONE ELECTRON ENERGY =   -5624.9892273911
                TWO ELECTRON ENERGY =    2092.3438226645
           NUCLEAR REPULSION ENERGY =    1204.5164036141
                                      ------------------
                   RHF TOTAL ENERGY =   -2328.1290011125

 ELECTRON-ELECTRON POTENTIAL ENERGY =    2092.3438226645
  NUCLEUS-ELECTRON POTENTIAL ENERGY =   -7948.9064096341
   NUCLEUS-NUCLEUS POTENTIAL ENERGY =    1204.5164036141
                                      ------------------
             TOTAL POTENTIAL ENERGY =   -4652.0461833554
               TOTAL KINETIC ENERGY =    2323.9171822429
                 VIRIAL RATIO (V/T) =       2.0018123791

 Distribution Full ERIs:

 Integrals:                         125224433
 Max size per slaves:                15653056
 Max size in master:                140877489

 No violations of the orthonormality


  RESULTS OF OCCUPATION-COEFFICIENT OPTIMIZATION
 ================================================

  Ex It  Orb It    Electronic Energy     Total Energy   Energy Convergency    Max Mul-Lag Diff

    1      10     -3534.3514681568    -2329.8350645427     0.0000000000           0.000031


  RESULTS OF THE OCCUPATION OPTIMIZATION
 ========================================

   OM     Occupation      Elag Diag

    1      1.9999995   -104.0133943
    2      1.9999991    -80.7475959
    3      1.9999990    -79.9548368
    4      1.9999990    -79.9545220
    5      1.9999988    -73.3180790
    6      1.9999985    -65.1802893
    7      1.9999826    -23.5373845
    8      1.9999824    -23.5137740
    9      1.9999360    -10.8830765
   10      1.9999313    -10.9204575
   11      1.9998790     -7.7581151
   12      1.9998707     -7.7295018
   13      1.9998621     -7.7503151
   14      1.9998463     -7.6835006
   15      1.9998459     -7.7101466
   16      1.9998379     -7.6776834
   17      1.9998369     -7.6769134
   18      1.9998315     -7.7201550
   19      1.9998281     -7.6576040
   20      1.9995680     -5.4004359
   21      1.9995637     -5.3976157
   22      1.9995263     -5.4020684
   23      1.9995047     -5.3881000
   24      1.9994725     -5.3800471
   25      1.9994066     -5.3632023
   26      1.9993667     -5.3328543
   27      1.9993628     -5.3585052
   28      1.9993587     -5.3278545
   29      1.9993567     -5.3513998
   30      1.9993359     -5.3241164
   31      1.9992163     -5.3235540
   32      1.9987159     -4.2675147
   33      1.9984017     -3.8734511
   34      1.9983829     -3.7841423
   35      1.9972397     -3.2611290
   36      1.9935067     -1.5658330
   37      1.9881881     -1.3461930
   38      1.9848373     -0.6955460
   39      1.9841096     -0.8044950
   40      1.9838705     -1.0585299
   41      1.9836698     -0.8020569
   42      1.9808854     -0.7906116
   43      1.9806377     -0.6932019
   44      1.9777170     -0.7210943
   45      1.9775439     -0.7483191
   46      1.9757975     -0.7100675
   47      1.9751886     -0.6964408
   48      1.9748283     -0.4780666
   49      1.9746720     -0.7239459
   50      1.9741762     -0.4759150
   51      1.9740083     -0.8573988
   52      1.9737376     -0.8550403
   53      1.9727673     -0.5475423
   54      1.9710065     -0.5629173
   55      1.9707110     -0.5121161
   56      1.9696060     -0.5296948
   57      1.9693817     -0.4336062
   58      1.9691342     -0.4799098
   59      1.9688707     -0.7124256
   60      1.9686910     -0.4791173
   61      1.9676647     -0.5141444
   62      1.9676014     -0.4255724
   63      1.9654252     -0.3781394
   64      1.9652208     -0.4318161
   65      0.0300677     -0.0368219
   66      0.0279952     -0.0279791
   67      0.0264991     -0.0301973
   68      0.0273070     -0.0352277
   69      0.0237822     -0.0286770
   70      0.0280689     -0.0477836
   71      0.0245470     -0.0287515
   72      0.0242737     -0.0262478
   73      0.0249636     -0.0289494
   74      0.0218878     -0.0278461
   75      0.0214792     -0.0306934
   76      0.0213646     -0.0274560
   77      0.0222774     -0.0330628
   78      0.0222946     -0.0335356
   79      0.0141892     -0.0177689
   80      0.0203785     -0.0295887
   81      0.0148329     -0.0186828
   82      0.0196318     -0.0230824
   83      0.0191451     -0.0230559
   84      0.0168508     -0.0236152
   85      0.0150374     -0.0208959
   86      0.0151427     -0.0227275
   87      0.0066319     -0.0126623
   88      0.0069878     -0.0142247
   89      0.0087127     -0.0203083
   90      0.0085951     -0.0164384
   91      0.0107445     -0.0247348
   92      0.0078770     -0.0181364
   93      0.0032293     -0.0093296
   94      0.0017541     -0.0079362
   95      0.0009188     -0.0051198
   96      0.0007019     -0.0036060
   97      0.0006856     -0.0036526
   98      0.0003415     -0.0020252
   99      0.0004002     -0.0023577
  100      0.0003505     -0.0020789
  101      0.0003790     -0.0022071
  102      0.0004275     -0.0025244
  103      0.0004059     -0.0023689
  104      0.0003122     -0.0019303
  105      0.0003062     -0.0018413
  106      0.0003070     -0.0018943
  107      0.0003076     -0.0018992
  108      0.0002472     -0.0015143
  109      0.0002519     -0.0015164
  110      0.0000906     -0.0007268
  111      0.0000877     -0.0007118
  112      0.0000903     -0.0007176
  113      0.0000910     -0.0007243
  114      0.0000893     -0.0007122
  115      0.0000790     -0.0006252
  116      0.0000811     -0.0006609
  117      0.0000584     -0.0004633
  118      0.0000649     -0.0005236
  119      0.0000363     -0.0003956
  120      0.0000326     -0.0003423
  121      0.0000094     -0.0001905
  122      0.0000085     -0.0001702
  123      0.0000009     -0.0000556
  124      0.0000007     -0.0000486
  125      0.0000006     -0.0000425
  126      0.0000006     -0.0000434
  127      0.0000006     -0.0000415
  128      0.0000002     -0.0000251
  129      0.0047115     -0.0067786
  130      0.0065797     -0.0080196
  131      0.0058994     -0.0080594
  132      0.0050283     -0.0077029
  133      0.0075269     -0.0099086
  134      0.0030604     -0.0076834
  135      0.0063188     -0.0082426
  136      0.0063446     -0.0076154
  137      0.0054304     -0.0072843
  138      0.0074012     -0.0103228
  139      0.0075143     -0.0117324
  140      0.0058681     -0.0083308
  141      0.0039850     -0.0082098
  142      0.0036971     -0.0082557
  143      0.0116346     -0.0150584
  144      0.0049495     -0.0093737
  145      0.0103388     -0.0136892
  146      0.0051797     -0.0074589
  147      0.0050574     -0.0077288
  148      0.0056053     -0.0088490
  149      0.0072456     -0.0145290
  150      0.0042196     -0.0091346
  151      0.0124827     -0.0199133
  152      0.0093424     -0.0154604
  153      0.0074168     -0.0128907
  154      0.0072954     -0.0109494
  155      0.0044182     -0.0095296
  156      0.0039348     -0.0094996
  157      0.0032640     -0.0093669
  158      0.0010062     -0.0052262
  159      0.0006983     -0.0034848
  160      0.0008964     -0.0050223
  161      0.0005985     -0.0031780
  162      0.0004422     -0.0026532
  163      0.0002639     -0.0016609
  164      0.0002928     -0.0017924
  165      0.0002623     -0.0016619
  166      0.0002097     -0.0012477
  167      0.0002275     -0.0013913
  168      0.0002812     -0.0017245
  169      0.0002213     -0.0013826
  170      0.0001883     -0.0011455
  171      0.0001660     -0.0010033
  172      0.0001891     -0.0011734
  173      0.0001801     -0.0011019
  174      0.0000813     -0.0006441
  175      0.0000808     -0.0006506
  176      0.0000728     -0.0005829
  177      0.0000711     -0.0005639
  178      0.0000647     -0.0005087
  179      0.0000747     -0.0005976
  180      0.0000568     -0.0004625
  181      0.0000709     -0.0005592
  182      0.0000561     -0.0004554
  183      0.0000324     -0.0003474
  184      0.0000315     -0.0003392
  185      0.0000082     -0.0001677
  186      0.0000089     -0.0001841
  187      0.0000006     -0.0000419
  188      0.0000005     -0.0000370
  189      0.0000004     -0.0000335
  190      0.0000004     -0.0000309
  191      0.0000003     -0.0000242
  192      0.0000002     -0.0000227

   RO Sum ( 128) =  128.00

  ---------------
   Dipole Moment
  ---------------

      6.1867 Debye [   2.4340  (  -0.9526,  -1.2825,   1.8364) ]

 ----------------
  Final Energies  
 ----------------

  Final NOF Total Energy =    -2329.8350645427 ( 3.E-05 , 0.E+00 )


  **************************************************
  *                                                *
  *       SINGLE-POINT DoNOF CALCULATION           *
  *                                                *
  *             FULL OPTIMIZATION                  *
  *                                                *
  *  FINAL RESULTS   FINAL RESULTS  FINAL RESULTS  *
  *                                                *
  **************************************************

  **************************************************
  *         No. EXTERNAL ITER =     1              *
  *         No. of TOTAL ITER =    10              *
  **************************************************

  Elapsed real time :    745.01  (Seconds)
  Git sha : bcb372acca69df19ae91719c988dea244a3c3d1c                                                            

 The execution finished at 12h 42min on the 12/23/2024
