 This is the parallel version of the code
 This is the parallel version of the code
 This is the parallel version of the code
 This is the parallel version of the code
 This is the parallel version of the code
 This is the parallel version of the code
 This is the parallel version of the code
 This is the parallel version of the code
 This is the parallel version of the code
 This is the parallel version of the code
 This is the parallel version of the code
 This is the parallel version of the code
Master:    0

 The execution started at 12h 27min on the 12/23/2024

    ===========================================================
    !                                                         !
    !                        Do N O F                         !
    !                                                         !
    !  (Donostia Natural Orbital Functional Software Program) !
    !                                                         !
    !               COPYRIGHT by Mario Piris                  !
    !                                                         !
    !      Donostia International Physics Center (DIPC)       !
    !       University of the Basque Country (UPV/EHU)        !
    !       Basque Foundation for Science (IKERBASQUE)        !
    !                                                         !
    !          GNU General Public License version 3           !
    !                                                         !
    !                  VERSION: Mayo 2024                     !
    !                                                         !
    ===========================================================

 Run Title
 ---------
 p30-5 set                                                                       

 Basis Set
 ---------
 /beegfs_agamede/gscratch/povmieci/SCRATCH/80395/def2-svp.bas                    

 Atom      Charge                Coordinates (Bohr)
                           x             y             z
 O           8.0       -1.8833        2.5301       -3.9861
 AL         13.0        3.2770       -0.0863        3.6769
 SI         14.0       -1.1661       -0.3204        1.6906
 H           1.0       -5.4685        4.5727       -0.5293
 LI          3.0        0.9716        0.6675       -3.2596
 H           1.0       -2.7182        3.2956       -5.4169
 CL         17.0        2.8541       -3.2543       -3.7920
 AL         13.0       -3.0970        2.7893       -0.8382
 H           1.0        2.3407       -3.8775       -1.2854
 H           1.0       -1.3681       -5.3399        1.8588
 B           5.0        0.3224       -3.8977        2.3360
 H           1.0       -0.7022        4.7318        0.8380
 H           1.0        1.0911       -4.0845        4.4961
 B           5.0        0.6416        2.8573        1.4250
 H           1.0        2.2012       -4.3609        0.9842
 H           1.0        2.7036        3.7772        1.8018

 Atomic Basis Set
 ----------------
 The contracted primitive functions were unnormalized
 The contracted basis functions are now normalized to unity

  Shell Type  Primitive         Exponent  Contraction Coefficient

 O         

      1   S       1          2266.1767785   -0.005389350392
      1   S       2           340.8701019   -0.040234721389
      1   S       3            77.3631352   -0.180081842055
      1   S       4            21.4796449   -0.468288576577
      1   S       5             6.6589433   -0.446926171602

      2   S       6             0.8097598    1.000000000000

      3   S       7             0.2553077    1.000000000000

      4   P       8            17.7215043    0.062630248763
      4   P       9             3.8635505    0.333311384824
      4   P      10             1.0480921    0.741486383081

      5   P      11             0.2764154    1.000000000000

      6   D      12             1.2000000    1.000000000000

 AL        

      7   S      13          5887.5727030    0.005651978962
      7   S      14           885.6122600    0.042218253427
      7   S      15           201.1360490    0.189187196726
      7   S      16            56.2849747    0.480435911881
      7   S      17            17.2295512    0.425872684294

      8   S      18            29.3402499    0.088568603239
      8   S      19             3.0439630   -0.543157066723
      8   S      20             1.1285540   -0.529385510294

      9   S      21             0.1423418    1.000000000000

     10   S      22             0.0544002    1.000000000000

     11   P      23           145.1191881    0.010726377859
     11   P      24            33.7178948    0.074103623546
     11   P      25            10.3698631    0.261296213060
     11   P      26             3.5135616    0.480201235327
     11   P      27             1.1980050    0.384382240624

     12   P      28             0.2658301    1.000000000000

     13   P      29             0.0710034    1.000000000000

     14   D      30             0.3000000    1.000000000000

 SI        

     15   S      31          6903.7118686    0.005584465887
     15   S      32          1038.4346419    0.041742284436
     15   S      33           235.8758148    0.187528023742
     15   S      34            66.0693852    0.478678596587
     15   S      35            20.2479458    0.429256952162

     16   S      36            34.3534817    0.089834899465
     16   S      37             3.6370788   -0.545685958777
     16   S      38             1.4002049   -0.524810829267

     17   S      39             0.2048441    1.000000000000

     18   S      40             0.0779941    1.000000000000

     19   P      41           179.8390737    0.010133498379
     19   P      42            41.9072588    0.071029041096
     19   P      43            12.9552944    0.255839142169
     19   P      44             4.4383267    0.481498047149
     19   P      45             1.5462248    0.385211960064

     20   P      46             0.3560761    1.000000000000

     21   P      47             0.1000851    1.000000000000

     22   D      48             0.3500000    1.000000000000

 H         

     23   S      49            13.0107010    0.033485484813
     23   S      50             1.9622572    0.234721870881
     23   S      51             0.4445380    0.813770285260

     24   S      52             0.1219496    1.000000000000

     25   P      53             0.8000000    1.000000000000

 LI        

     26   S      54           266.2778552    0.006354286535
     26   S      55            40.0697834    0.046734889363
     26   S      56             9.0559944    0.198387923560
     26   S      57             2.4503009    0.475753833454
     26   S      58             0.7220957    0.427014289368

     27   S      59             0.0528109    1.000000000000

     28   S      60             0.0209609    1.000000000000

     29   P      61             1.4500000    0.224912327222
     29   P      62             0.3000000    0.869730577039

     30   P      63             0.0820000    1.000000000000

 H         

     31   S      64            13.0107010    0.033485484813
     31   S      65             1.9622572    0.234721870881
     31   S      66             0.4445380    0.813770285260

     32   S      67             0.1219496    1.000000000000

     33   P      68             0.8000000    1.000000000000

 CL        

     34   S      69         10449.8275660    0.005426595379
     34   S      70          1571.7365221    0.040626378129
     34   S      71           357.1206552    0.183597478529
     34   S      72           100.2518594    0.474389487682
     34   S      73            30.8127276    0.437351811041

     35   S      74            51.9237894   -0.092754154848
     35   S      75             5.7045761    0.563808255442
     35   S      76             2.3508377    0.503670446297

     36   S      77             0.4460512    1.000000000000

     37   S      78             0.1684886    1.000000000000

     38   P      79           307.6679057   -0.008879702559
     38   P      80            72.1020155   -0.064284071721
     38   P      81            22.5326803   -0.242887397360
     38   P      82             7.8991765   -0.483408363699
     38   P      83             2.8767268   -0.389525638755

     39   P      84             0.7745936    1.000000000000

     40   P      85             0.2103770    1.000000000000

     41   D      86             0.6500000    1.000000000000

 AL        

     42   S      87          5887.5727030    0.005651978962
     42   S      88           885.6122600    0.042218253427
     42   S      89           201.1360490    0.189187196726
     42   S      90            56.2849747    0.480435911881
     42   S      91            17.2295512    0.425872684294

     43   S      92            29.3402499    0.088568603239
     43   S      93             3.0439630   -0.543157066723
     43   S      94             1.1285540   -0.529385510294

     44   S      95             0.1423418    1.000000000000

     45   S      96             0.0544002    1.000000000000

     46   P      97           145.1191881    0.010726377859
     46   P      98            33.7178948    0.074103623546
     46   P      99            10.3698631    0.261296213060
     46   P     100             3.5135616    0.480201235327
     46   P     101             1.1980050    0.384382240624

     47   P     102             0.2658301    1.000000000000

     48   P     103             0.0710034    1.000000000000

     49   D     104             0.3000000    1.000000000000

 H         

     50   S     105            13.0107010    0.033485484813
     50   S     106             1.9622572    0.234721870881
     50   S     107             0.4445380    0.813770285260

     51   S     108             0.1219496    1.000000000000

     52   P     109             0.8000000    1.000000000000

 H         

     53   S     110            13.0107010    0.033485484813
     53   S     111             1.9622572    0.234721870881
     53   S     112             0.4445380    0.813770285260

     54   S     113             0.1219496    1.000000000000

     55   P     114             0.8000000    1.000000000000

 B         

     56   S     115           839.3183009   -0.005628883598
     56   S     116           126.2646484   -0.041832794610
     56   S     117            28.6206008   -0.184174881258
     56   S     118             7.8793723   -0.468396550281
     56   S     119             2.4088857   -0.444579308833

     57   S     120             0.2510511    1.000000000000

     58   S     121             0.0836489    1.000000000000

     59   P     122             6.0332224   -0.054032500323
     59   P     123             1.2499158   -0.301940343932
     59   P     124             0.3387168   -0.771707916582

     60   P     125             0.0964156    1.000000000000

     61   D     126             0.5000000    1.000000000000

 H         

     62   S     127            13.0107010    0.033485484813
     62   S     128             1.9622572    0.234721870881
     62   S     129             0.4445380    0.813770285260

     63   S     130             0.1219496    1.000000000000

     64   P     131             0.8000000    1.000000000000

 H         

     65   S     132            13.0107010    0.033485484813
     65   S     133             1.9622572    0.234721870881
     65   S     134             0.4445380    0.813770285260

     66   S     135             0.1219496    1.000000000000

     67   P     136             0.8000000    1.000000000000

 B         

     68   S     137           839.3183009   -0.005628883598
     68   S     138           126.2646484   -0.041832794610
     68   S     139            28.6206008   -0.184174881258
     68   S     140             7.8793723   -0.468396550281
     68   S     141             2.4088857   -0.444579308833

     69   S     142             0.2510511    1.000000000000

     70   S     143             0.0836489    1.000000000000

     71   P     144             6.0332224   -0.054032500323
     71   P     145             1.2499158   -0.301940343932
     71   P     146             0.3387168   -0.771707916582

     72   P     147             0.0964156    1.000000000000

     73   D     148             0.5000000    1.000000000000

 H         

     74   S     149            13.0107010    0.033485484813
     74   S     150             1.9622572    0.234721870881
     74   S     151             0.4445380    0.813770285260

     75   S     152             0.1219496    1.000000000000

     76   P     153             0.8000000    1.000000000000

 H         

     77   S     154            13.0107010    0.033485484813
     77   S     155             1.9622572    0.234721870881
     77   S     156             0.4445380    0.813770285260

     78   S     157             0.1219496    1.000000000000

     79   P     158             0.8000000    1.000000000000

 Total Number of Basis Set Shells             =   79
 Total Number of Primitives                   =  158
 Number of Cartesian Gaussian Basis Functions =  170
 Number of Electrons                          =   86
 Charge of Molecule                           =    0
 Spin Multiplicity                            =    1
 Number of Occupied Orbitals (Alpha)          =   43
 Number of Occupied Orbitals (Beta )          =   43
 Total Number of Atoms                        =   16

 Input Run Options
 -----------------
 IRUNTYP = 1  MULT = 1  ICHARG =  0 IECP = 0  IEMOM = 1  UNITS = ANGS    

 Integral Options
 ----------------
 CUTOFF = 1.0E-09   ISCHWZ = 1   ERITYP = FULL

 Input NOF Options
 -----------------

 Type of calculation =    Coeff. Opt.:   (ICOEF)         1
 Trigonometric functions for Occ. Opt.:  (ISOFTMAX)      0
 Type of Orb. Opt. = Orbital Rotations:  (IORBOPT)       4
 Maximum Number of Occ-Coef Outer Iter.: (MAXIT)      1000

 Natural Orbital Functional Selected:    (IPNOF)         8

 Restart calculation Option:             (RESTART)       T
 Orthogonalize the initial Orbitals:     (ORTHO)         T

 Output Option:                          (NPRINT)        0
 Output the Coefficient Matrix:          (IWRITEC)       0
 Do a Mulliken Population Analysis:      (IMULPOP)       0
 Write Information into a WFN file:      (IAIMPAC)       1
 Write Information into a FCHK file:     (IFCHK)         1
 Write Information into a MLP file:      (MOLDEN)        1
 Create Ini. Cond. (ini.xyz) file:       (INICOND)       1
 Calculate IPs using Ext. Koopmans Theo: (IEKT)          0
 Write APSG expansion coefficient file:  (APSG)          F
 Output option for Lagrange Multipliers: (PRINTLAG)      F
 Diagonalize matrix of Lag. Multipliers: (DIAGLAG)       F

 Nuclear Coordinates from GCF file:
 ----------------------------------

 Atom      Charge                Coordinates (Bohr)
                           x             y             z
 O        8.00000       -1.8833        2.5301       -3.9861
 AL      13.00000        3.2770       -0.0863        3.6769
 SI      14.00000       -1.1661       -0.3204        1.6906
 H        1.00000       -5.4685        4.5727       -0.5293
 LI       3.00000        0.9716        0.6675       -3.2596
 H        1.00000       -2.7182        3.2956       -5.4169
 CL      17.00000        2.8541       -3.2543       -3.7920
 AL      13.00000       -3.0970        2.7893       -0.8382
 H        1.00000        2.3407       -3.8775       -1.2854
 H        1.00000       -1.3681       -5.3399        1.8588
 B        5.00000        0.3224       -3.8977        2.3360
 H        1.00000       -0.7022        4.7318        0.8380
 H        1.00000        1.0911       -4.0845        4.4961
 B        5.00000        0.6416        2.8573        1.4250
 H        1.00000        2.2012       -4.3609        0.9842
 H        1.00000        2.7036        3.7772        1.8018

------------------------------------------------------------------------

 Orbital Space
 -------------

 Inactive Doubly occupied orbitals up to NO1  =    0
 No. considered Strongly Doubly occupied MOs  =   43
 No. considered Strongly Singly occupied MOs  =    0
 No. of Weakly occ. per St. Doubly occ.  MOs  =    2
 Dimension of the Active Nat. Orb. subspace   =  129
 Secondary Empty orbitals                     =   41

 1e- integrals
 -------------
 Time to do integrals =      0.01
 Guess for MOs = HCORE
         9 MOs were matched and         1 equalized to zero

 2e- integrals
 -------------
 DONTW option skips storage 2e- integrals on Unit 1
            62249334 2e- integrals in     1 records
 Time to do integrals =      5.17

 RHF SCF Calculation
 -------------------
 EXTRAP=T  DAMP=T  DIIS=T
 DMat Conv = 1.0E-05  Ener Tol = 1.0E-08
 Ener Conv = 1.0E-10  DMat Tol = 2.0E-05
 DIIS Conv = 1.0E-07  DMat Tol = 2.0E-05

 ITER      TOTAL ENERGY        E CHANGE     DEN. CHANGE    DIIS ERROR
   1    -1306.2706852634 -1306.2706852634 108.011889382   1.499810402
   2    -1213.5052505970    92.7654346664 112.534880872   1.622285792
   3    -1334.5249397037  -121.0196891067   0.026664429   0.585636202
   4    -1334.5781629501    -0.0532232464   0.380807247   0.586005926
   5    -1335.3244110423    -0.7462480922   0.302149842   0.589951860
   6    -1335.9353397569    -0.6109287146   0.326397287   0.591290965
   7    -1336.6990706569    -0.7637309000   0.219736757   0.590673554
   8    -1337.3605666571    -0.6614960002   0.199983698   0.588587893
   9    -1338.1677070357    -0.8071403786   0.215061629   0.584952674
  10    -1338.9406115607    -0.7729045249   0.212757743   0.580980883
  11    -1339.6893304181    -0.7487188574   0.199907507   0.577094665
  12    -1340.4384827303    -0.7491523122   0.157529892   0.573519091
  13    -1341.1120401793    -0.6735574490   0.185596052   0.570859589
  14    -1341.8345769829    -0.7225368035   0.179874209   0.568869707
  15    -1342.4560158079    -0.6214388250   0.234722038   0.568004792
  16    -1343.1861309882    -0.7301151803   0.224508124   0.567999821
  17    -1343.8349550150    -0.6488240268   0.267354373   0.568779774
  18    -1344.5835419007    -0.7485868856   0.245034599   0.570365111
  19    -1345.2768160913    -0.6932741906   0.253922121   0.572223575
  20    -1346.0339279799    -0.7571118885   0.218290926   0.574370435
  21    -1346.7457367245    -0.7118087447   0.207337931   0.576156323
  22    -1347.5013075358    -0.7555708113   0.173362733   0.577379870
  23    -1348.2034549990    -0.7021474632   0.196296977   0.577409087
  24    -1348.9474631515    -0.7440081525   0.220287210   0.575705752
  25    -1349.6200089339    -0.6725457823   0.237469684   0.581566065
  26    -1350.2308924508    -0.6108835170   0.248656162   0.586200453
  27    -1350.7921919904    -0.5612995396   0.254665841   0.587480170
  28    -1351.3146533263    -0.5224613359   0.256366865   0.585860422
  29    -1351.8071032633    -0.4924499369   0.254525970   0.581686766
  30    -1352.2772284362    -0.4701251729   0.273311155   0.575189708
  31    -1352.7760969961    -0.4988685599   0.263918728   0.565522386
  32    -1353.2678630926    -0.4917660965   0.257592488   0.553108695
  33    -1353.7807689140    -0.5129058215   0.237666305   0.537057464
  34    -1354.3225322966    -0.5417633826   0.207228843   0.516644136
  35    -1354.9340041147    -0.6114718181  40.652321299   0.492199203
  36    -1268.2204773498    86.7135267650  30.728296783   0.784210605
  37    -1326.3393738959   -58.1188965462   8.761185706   0.536509496
  38    -1365.9692731613   -39.6298992654   1.092512961   0.322185380
  39    -1367.5806273396    -1.6113541783   0.248993182   0.154164633
  40    -1368.0503034360    -0.4696760964   0.093203576   0.071320837
  41    -1368.1498025018    -0.0994990658   0.056870554   0.009076511
  42    -1368.1545240041    -0.0047215024   0.015282616   0.002961538
  43    -1368.1550605708    -0.0005365666   0.011645538   0.001154575
  44    -1368.1551487823    -0.0000882116   0.003658801   0.000476410
  45    -1368.1551590223    -0.0000102400   0.000706600   0.000254907
  46    -1368.1551607700    -0.0000017477   0.000405346   0.000111117
  47    -1368.1551611388    -0.0000003688   0.000102502   0.000032873
  48    -1368.1551611840    -0.0000000452   0.000042581   0.000009991
  49    -1368.1551611900    -0.0000000060   0.000017295   0.000002998
  50    -1368.1551611907    -0.0000000008   0.000006465   0.000001327

          -----------------
          DENSITY CONVERGED
          -----------------

 FINAL RHF ENERGY IS    -1368.1551611907 AFTER  50 ITERATIONS

         WAVEFUNCTION NORMALIZATION =       1.0000000000

                ONE ELECTRON ENERGY =   -2974.6891652506
                TWO ELECTRON ENERGY =    1064.6159236894
           NUCLEAR REPULSION ENERGY =     541.9180803704
                                      ------------------
                   RHF TOTAL ENERGY =   -1368.1551611907

 ELECTRON-ELECTRON POTENTIAL ENERGY =    1064.6159236894
  NUCLEUS-ELECTRON POTENTIAL ENERGY =   -4340.3163795149
   NUCLEUS-NUCLEUS POTENTIAL ENERGY =     541.9180803704
                                      ------------------
             TOTAL POTENTIAL ENERGY =   -2733.7823754551
               TOTAL KINETIC ENERGY =    1365.6272142644
                 VIRIAL RATIO (V/T) =       2.0018511252

 Distribution Full ERIs:

 Integrals:                          62249334
 Max size per slaves:                 5187446
 Max size in master:                 67436780

 No violations of the orthonormality


  RESULTS OF OCCUPATION-COEFFICIENT OPTIMIZATION
 ================================================

  Ex It  Orb It    Electronic Energy     Total Energy   Energy Convergency    Max Mul-Lag Diff

    1      10     -1911.0932816369    -1369.1752012664     0.0000000000           0.000044


  RESULTS OF THE OCCUPATION OPTIMIZATION
 ========================================

   OM     Occupation      Elag Diag

    1      1.9999994   -104.8502875
    2      1.9999983    -63.6229354
    3      1.9999982    -62.9741135
    4      1.9999979    -59.1618798
    5      1.9999786    -20.6114716
    6      1.9999430    -10.5884943
    7      1.9998946     -7.9252848
    8      1.9998773     -7.9136153
    9      1.9998658     -7.6093139
   10      1.9998366     -7.3947613
   11      1.9998302     -7.3331624
   12      1.9998231     -7.2928380
   13      1.9996279     -4.8120822
   14      1.9996071     -4.5869242
   15      1.9995828     -4.6363205
   16      1.9992560     -3.6594808
   17      1.9992556     -3.6392469
   18      1.9992137     -3.6171755
   19      1.9989934     -3.5115490
   20      1.9989411     -3.4938960
   21      1.9986259     -3.2999036
   22      1.9983094     -3.0571643
   23      1.9980725     -2.9715491
   24      1.9979131     -2.9742800
   25      1.9864447     -1.2152134
   26      1.9847221     -1.1202953
   27      1.9818090     -0.6863896
   28      1.9775611     -0.5893557
   29      1.9767992     -0.5750297
   30      1.9764862     -0.5333157
   31      1.9757052     -0.5407509
   32      1.9750521     -0.5389109
   33      1.9748644     -0.6061806
   34      1.9745953     -0.6765234
   35      1.9741058     -0.4909458
   36      1.9738546     -0.8003418
   37      1.9737971     -0.6223770
   38      1.9731516     -0.4703624
   39      1.9724861     -0.4913291
   40      1.9712232     -0.4900100
   41      1.9681379     -0.5174014
   42      1.9635773     -0.3203866
   43      1.9611635     -0.3531900
   44      0.0191885     -0.0170832
   45      0.0069900     -0.0072570
   46      0.0218521     -0.0281658
   47      0.0240630     -0.0265170
   48      0.0220320     -0.0214263
   49      0.0216167     -0.0257625
   50      0.0162969     -0.0181089
   51      0.0219744     -0.0322110
   52      0.0147366     -0.0159661
   53      0.0215523     -0.0318147
   54      0.0205882     -0.0216277
   55      0.0145048     -0.0198207
   56      0.0124705     -0.0160273
   57      0.0176329     -0.0220815
   58      0.0172261     -0.0222744
   59      0.0119259     -0.0154689
   60      0.0131151     -0.0174785
   61      0.0070473     -0.0128431
   62      0.0101407     -0.0211675
   63      0.0012274     -0.0051753
   64      0.0011006     -0.0046563
   65      0.0011605     -0.0048806
   66      0.0007372     -0.0032618
   67      0.0005582     -0.0023688
   68      0.0005831     -0.0023913
   69      0.0004452     -0.0018666
   70      0.0003828     -0.0016561
   71      0.0004234     -0.0018842
   72      0.0002211     -0.0011712
   73      0.0002025     -0.0010654
   74      0.0001785     -0.0009831
   75      0.0000877     -0.0006848
   76      0.0000902     -0.0006947
   77      0.0000840     -0.0006631
   78      0.0000606     -0.0004784
   79      0.0000702     -0.0005940
   80      0.0000550     -0.0004597
   81      0.0000277     -0.0003077
   82      0.0000109     -0.0002053
   83      0.0000011     -0.0000642
   84      0.0000009     -0.0000586
   85      0.0000009     -0.0000553
   86      0.0000003     -0.0000323
   87      0.0196480     -0.0167242
   88      0.0294327     -0.0257235
   89      0.0100100     -0.0128374
   90      0.0047138     -0.0060253
   91      0.0054819     -0.0061875
   92      0.0052317     -0.0074151
   93      0.0099060     -0.0122341
   94      0.0041711     -0.0084938
   95      0.0111576     -0.0135145
   96      0.0038524     -0.0081127
   97      0.0045474     -0.0059776
   98      0.0104430     -0.0141275
   99      0.0118242     -0.0150783
  100      0.0058809     -0.0098459
  101      0.0059747     -0.0105903
  102      0.0105130     -0.0144606
  103      0.0050760     -0.0095495
  104      0.0082307     -0.0186900
  105      0.0034146     -0.0082706
  106      0.0008595     -0.0038408
  107      0.0008269     -0.0035404
  108      0.0005301     -0.0021745
  109      0.0006369     -0.0025340
  110      0.0005007     -0.0020344
  111      0.0004235     -0.0018584
  112      0.0003411     -0.0014874
  113      0.0003616     -0.0015977
  114      0.0003206     -0.0014212
  115      0.0001961     -0.0010304
  116      0.0001904     -0.0010049
  117      0.0001936     -0.0010377
  118      0.0000892     -0.0006830
  119      0.0000796     -0.0006134
  120      0.0000795     -0.0006039
  121      0.0000737     -0.0005841
  122      0.0000526     -0.0004334
  123      0.0000504     -0.0004241
  124      0.0000293     -0.0003306
  125      0.0000104     -0.0001959
  126      0.0000010     -0.0000595
  127      0.0000009     -0.0000549
  128      0.0000008     -0.0000510
  129      0.0000003     -0.0000296

   RO Sum (  86) =   86.00

  ---------------
   Dipole Moment
  ---------------

      4.7882 Debye [   1.8838  (   0.0396,   1.0919,  -1.5346) ]

 ----------------
  Final Energies  
 ----------------

  Final NOF Total Energy =    -1369.1752012664 ( 4.E-05 , 0.E+00 )


  **************************************************
  *                                                *
  *       SINGLE-POINT DoNOF CALCULATION           *
  *                                                *
  *             FULL OPTIMIZATION                  *
  *                                                *
  *  FINAL RESULTS   FINAL RESULTS  FINAL RESULTS  *
  *                                                *
  **************************************************

  **************************************************
  *         No. EXTERNAL ITER =     1              *
  *         No. of TOTAL ITER =    10              *
  **************************************************

  Elapsed real time :    174.86  (Seconds)
  Git sha : bcb372acca69df19ae91719c988dea244a3c3d1c                                                            

 The execution finished at 12h 30min on the 12/23/2024
