 This is the parallel version of the code
 This is the parallel version of the code
 This is the parallel version of the code
 This is the parallel version of the code
 This is the parallel version of the code
 This is the parallel version of the code
 This is the parallel version of the code
 This is the parallel version of the code
Master:    0

 The execution started at 13h  3min on the 12/23/2024

    ===========================================================
    !                                                         !
    !                        Do N O F                         !
    !                                                         !
    !  (Donostia Natural Orbital Functional Software Program) !
    !                                                         !
    !               COPYRIGHT by Mario Piris                  !
    !                                                         !
    !      Donostia International Physics Center (DIPC)       !
    !       University of the Basque Country (UPV/EHU)        !
    !       Basque Foundation for Science (IKERBASQUE)        !
    !                                                         !
    !          GNU General Public License version 3           !
    !                                                         !
    !                  VERSION: Mayo 2024                     !
    !                                                         !
    ===========================================================

 Run Title
 ---------
 p30-5 set                                                                       

 Basis Set
 ---------
 /beegfs_agamede/gscratch/povmieci/SCRATCH/80596/def2-svp.bas                    

 Atom      Charge                Coordinates (Bohr)
                           x             y             z
 H           1.0       -2.2264        4.3691       -1.2985
 AL         13.0       -0.4866        2.1101       -0.4447
 SI         14.0        3.4899        2.1363       -4.1795
 B           5.0       -2.4081       -1.5399        2.0985
 N           7.0       -1.0352       -1.5562       -0.5921
 SI         14.0        4.3907       -1.2115       -0.8415
 O           8.0       -1.4895        1.1702        2.8553
 H           1.0        0.5690        1.5677       -4.2529
 N           7.0        3.0479        2.0844       -0.5266
 H           1.0        4.2059        3.2552        0.4669
 H           1.0        1.3248       -4.5796       -0.1298
 H           1.0       -2.5990        2.0981        3.9696
 H           1.0       -4.6733       -1.5688        1.8314
 N           7.0        1.4342       -2.7366       -0.6629
 F           9.0       -1.4374       -3.3211        3.7294
 H           1.0       -2.1070       -2.2773       -2.0226

 Atomic Basis Set
 ----------------
 The contracted primitive functions were unnormalized
 The contracted basis functions are now normalized to unity

  Shell Type  Primitive         Exponent  Contraction Coefficient

 H         

      1   S       1            13.0107010    0.033485484813
      1   S       2             1.9622572    0.234721870881
      1   S       3             0.4445380    0.813770285260

      2   S       4             0.1219496    1.000000000000

      3   P       5             0.8000000    1.000000000000

 AL        

      4   S       6          5887.5727030    0.005651978962
      4   S       7           885.6122600    0.042218253427
      4   S       8           201.1360490    0.189187196726
      4   S       9            56.2849747    0.480435911881
      4   S      10            17.2295512    0.425872684294

      5   S      11            29.3402499    0.088568603239
      5   S      12             3.0439630   -0.543157066723
      5   S      13             1.1285540   -0.529385510294

      6   S      14             0.1423418    1.000000000000

      7   S      15             0.0544002    1.000000000000

      8   P      16           145.1191881    0.010726377859
      8   P      17            33.7178948    0.074103623546
      8   P      18            10.3698631    0.261296213060
      8   P      19             3.5135616    0.480201235327
      8   P      20             1.1980050    0.384382240624

      9   P      21             0.2658301    1.000000000000

     10   P      22             0.0710034    1.000000000000

     11   D      23             0.3000000    1.000000000000

 SI        

     12   S      24          6903.7118686    0.005584465887
     12   S      25          1038.4346419    0.041742284436
     12   S      26           235.8758148    0.187528023742
     12   S      27            66.0693852    0.478678596587
     12   S      28            20.2479458    0.429256952162

     13   S      29            34.3534817    0.089834899465
     13   S      30             3.6370788   -0.545685958777
     13   S      31             1.4002049   -0.524810829267

     14   S      32             0.2048441    1.000000000000

     15   S      33             0.0779941    1.000000000000

     16   P      34           179.8390737    0.010133498379
     16   P      35            41.9072588    0.071029041096
     16   P      36            12.9552944    0.255839142169
     16   P      37             4.4383267    0.481498047149
     16   P      38             1.5462248    0.385211960064

     17   P      39             0.3560761    1.000000000000

     18   P      40             0.1000851    1.000000000000

     19   D      41             0.3500000    1.000000000000

 B         

     20   S      42           839.3183009   -0.005628883598
     20   S      43           126.2646484   -0.041832794610
     20   S      44            28.6206008   -0.184174881258
     20   S      45             7.8793723   -0.468396550281
     20   S      46             2.4088857   -0.444579308833

     21   S      47             0.2510511    1.000000000000

     22   S      48             0.0836489    1.000000000000

     23   P      49             6.0332224   -0.054032500323
     23   P      50             1.2499158   -0.301940343932
     23   P      51             0.3387168   -0.771707916582

     24   P      52             0.0964156    1.000000000000

     25   D      53             0.5000000    1.000000000000

 N         

     26   S      54          1712.8415853   -0.005447799580
     26   S      55           257.6481268   -0.040627174632
     26   S      56            58.4582459   -0.181119622506
     26   S      57            16.1983679   -0.468439755632
     26   S      58             5.0052601   -0.446168462892

     27   S      59             0.5873186    1.000000000000

     28   S      60             0.1876459    1.000000000000

     29   P      61            13.5714702   -0.058848116970
     29   P      62             2.9257373   -0.320246247625
     29   P      63             0.7992775   -0.753282265204

     30   P      64             0.2195435    1.000000000000

     31   D      65             1.0000000    1.000000000000

 SI        

     32   S      66          6903.7118686    0.005584465887
     32   S      67          1038.4346419    0.041742284436
     32   S      68           235.8758148    0.187528023742
     32   S      69            66.0693852    0.478678596587
     32   S      70            20.2479458    0.429256952162

     33   S      71            34.3534817    0.089834899465
     33   S      72             3.6370788   -0.545685958777
     33   S      73             1.4002049   -0.524810829267

     34   S      74             0.2048441    1.000000000000

     35   S      75             0.0779941    1.000000000000

     36   P      76           179.8390737    0.010133498379
     36   P      77            41.9072588    0.071029041096
     36   P      78            12.9552944    0.255839142169
     36   P      79             4.4383267    0.481498047149
     36   P      80             1.5462248    0.385211960064

     37   P      81             0.3560761    1.000000000000

     38   P      82             0.1000851    1.000000000000

     39   D      83             0.3500000    1.000000000000

 O         

     40   S      84          2266.1767785   -0.005389350392
     40   S      85           340.8701019   -0.040234721389
     40   S      86            77.3631352   -0.180081842055
     40   S      87            21.4796449   -0.468288576577
     40   S      88             6.6589433   -0.446926171602

     41   S      89             0.8097598    1.000000000000

     42   S      90             0.2553077    1.000000000000

     43   P      91            17.7215043    0.062630248763
     43   P      92             3.8635505    0.333311384824
     43   P      93             1.0480921    0.741486383081

     44   P      94             0.2764154    1.000000000000

     45   D      95             1.2000000    1.000000000000

 H         

     46   S      96            13.0107010    0.033485484813
     46   S      97             1.9622572    0.234721870881
     46   S      98             0.4445380    0.813770285260

     47   S      99             0.1219496    1.000000000000

     48   P     100             0.8000000    1.000000000000

 N         

     49   S     101          1712.8415853   -0.005447799580
     49   S     102           257.6481268   -0.040627174632
     49   S     103            58.4582459   -0.181119622506
     49   S     104            16.1983679   -0.468439755632
     49   S     105             5.0052601   -0.446168462892

     50   S     106             0.5873186    1.000000000000

     51   S     107             0.1876459    1.000000000000

     52   P     108            13.5714702   -0.058848116970
     52   P     109             2.9257373   -0.320246247625
     52   P     110             0.7992775   -0.753282265204

     53   P     111             0.2195435    1.000000000000

     54   D     112             1.0000000    1.000000000000

 H         

     55   S     113            13.0107010    0.033485484813
     55   S     114             1.9622572    0.234721870881
     55   S     115             0.4445380    0.813770285260

     56   S     116             0.1219496    1.000000000000

     57   P     117             0.8000000    1.000000000000

 H         

     58   S     118            13.0107010    0.033485484813
     58   S     119             1.9622572    0.234721870881
     58   S     120             0.4445380    0.813770285260

     59   S     121             0.1219496    1.000000000000

     60   P     122             0.8000000    1.000000000000

 H         

     61   S     123            13.0107010    0.033485484813
     61   S     124             1.9622572    0.234721870881
     61   S     125             0.4445380    0.813770285260

     62   S     126             0.1219496    1.000000000000

     63   P     127             0.8000000    1.000000000000

 H         

     64   S     128            13.0107010    0.033485484813
     64   S     129             1.9622572    0.234721870881
     64   S     130             0.4445380    0.813770285260

     65   S     131             0.1219496    1.000000000000

     66   P     132             0.8000000    1.000000000000

 N         

     67   S     133          1712.8415853   -0.005447799580
     67   S     134           257.6481268   -0.040627174632
     67   S     135            58.4582459   -0.181119622506
     67   S     136            16.1983679   -0.468439755632
     67   S     137             5.0052601   -0.446168462892

     68   S     138             0.5873186    1.000000000000

     69   S     139             0.1876459    1.000000000000

     70   P     140            13.5714702   -0.058848116970
     70   P     141             2.9257373   -0.320246247625
     70   P     142             0.7992775   -0.753282265204

     71   P     143             0.2195435    1.000000000000

     72   D     144             1.0000000    1.000000000000

 F         

     73   S     145          2894.8325990   -0.005349321176
     73   S     146           435.4193912   -0.039967734372
     73   S     147            98.8433289   -0.179412617888
     73   S     148            27.4851980   -0.468324686869
     73   S     149             8.5405498   -0.447241605328

     74   S     150             1.0654578    1.000000000000

     75   S     151             0.3324735    1.000000000000

     76   P     152            22.6966339   -0.064782148241
     76   P     153             4.9872339   -0.340357853553
     76   P     154             1.3491614   -0.734858153660

     77   P     155             0.3482988    1.000000000000

     78   D     156             1.4000000    1.000000000000

 H         

     79   S     157            13.0107010    0.033485484813
     79   S     158             1.9622572    0.234721870881
     79   S     159             0.4445380    0.813770285260

     80   S     160             0.1219496    1.000000000000

     81   P     161             0.8000000    1.000000000000

 Total Number of Basis Set Shells             =   81
 Total Number of Primitives                   =  161
 Number of Cartesian Gaussian Basis Functions =  182
 Number of Electrons                          =   91
 Charge of Molecule                           =    0
 Spin Multiplicity                            =    2
 Number of Occupied Orbitals (Alpha)          =   46
 Number of Occupied Orbitals (Beta )          =   45
 Total Number of Atoms                        =   16

 Input Run Options
 -----------------
 IRUNTYP = 1  MULT = 2  ICHARG =  0 IECP = 0  IEMOM = 1  UNITS = ANGS    

 Integral Options
 ----------------
 CUTOFF = 1.0E-09   ISCHWZ = 1   ERITYP = FULL

 Input NOF Options
 -----------------

 Type of calculation =    Coeff. Opt.:   (ICOEF)         1
 Trigonometric functions for Occ. Opt.:  (ISOFTMAX)      0
 Type of Orb. Opt. = Orbital Rotations:  (IORBOPT)       4
 Maximum Number of Occ-Coef Outer Iter.: (MAXIT)      1000

 Natural Orbital Functional Selected:    (IPNOF)         8
 Spin-Multiplet, High-Spin State Option: (HighSpin)      F

 Restart calculation Option:             (RESTART)       T
 Orthogonalize the initial Orbitals:     (ORTHO)         T

 Output Option:                          (NPRINT)        0
 Output the Coefficient Matrix:          (IWRITEC)       0
 Do a Mulliken Population Analysis:      (IMULPOP)       0
 Write Information into a WFN file:      (IAIMPAC)       1
 Write Information into a FCHK file:     (IFCHK)         1
 Write Information into a MLP file:      (MOLDEN)        1
 Create Ini. Cond. (ini.xyz) file:       (INICOND)       1
 Calculate IPs using Ext. Koopmans Theo: (IEKT)          0
 Write APSG expansion coefficient file:  (APSG)          F
 Output option for Lagrange Multipliers: (PRINTLAG)      F
 Diagonalize matrix of Lag. Multipliers: (DIAGLAG)       F

 Nuclear Coordinates from GCF file:
 ----------------------------------

 Atom      Charge                Coordinates (Bohr)
                           x             y             z
 H        1.00000       -2.2264        4.3691       -1.2985
 AL      13.00000       -0.4866        2.1101       -0.4447
 SI      14.00000        3.4899        2.1363       -4.1795
 B        5.00000       -2.4081       -1.5399        2.0985
 N        7.00000       -1.0352       -1.5562       -0.5921
 SI      14.00000        4.3907       -1.2115       -0.8415
 O        8.00000       -1.4895        1.1702        2.8553
 H        1.00000        0.5690        1.5677       -4.2529
 N        7.00000        3.0479        2.0844       -0.5266
 H        1.00000        4.2059        3.2552        0.4669
 H        1.00000        1.3248       -4.5796       -0.1298
 H        1.00000       -2.5990        2.0981        3.9696
 H        1.00000       -4.6733       -1.5688        1.8314
 N        7.00000        1.4342       -2.7366       -0.6629
 F        9.00000       -1.4374       -3.3211        3.7294
 H        1.00000       -2.1070       -2.2773       -2.0226

------------------------------------------------------------------------

 Orbital Space
 -------------

 Inactive Doubly occupied orbitals up to NO1  =    0
 No. considered Strongly Doubly occupied MOs  =   45
 No. considered Strongly Singly occupied MOs  =    1
 No. of Weakly occ. per St. Doubly occ.  MOs  =    3
 Dimension of the Active Nat. Orb. subspace   =  180
 Secondary Empty orbitals                     =    1

 1e- integrals
 -------------
 Time to do integrals =      0.01
 Guess for MOs = HCORE
        15 MOs were matched and         1 equalized to zero

 2e- integrals
 -------------
 DONTW option skips storage 2e- integrals on Unit 1
            87963741 2e- integrals in     1 records
 Time to do integrals =      6.66

 ROHF SCF Calculation
 --------------------
 EXTRAP=T  DAMP=T  DIIS=T
 DMat Conv = 1.0E-05  Ener Tol = 1.0E-08
 Ener Conv = 1.0E-10  DMat Tol = 2.0E-05
 DIIS Conv = 1.0E-07  DMat Tol = 2.0E-05

 ITER      TOTAL ENERGY        E CHANGE     DEN. CHANGE    DIIS ERROR
   1    -1095.1698855557 -1095.1698855557  73.920191291   1.879398875
   2     -915.9679499870   179.2019355686  73.498291545   1.724436184
   3    -1097.3052936117  -181.3373436246   0.007548225   0.734961723
   4    -1097.3400826802    -0.0347890686   0.118887321   0.734690382
   5    -1097.8882090339    -0.5481263536   0.115639005   0.730443249
   6    -1098.4209226039    -0.5327135701   0.119103290   0.726345059
   7    -1098.9699874803    -0.5490648764   0.115917602   0.722119831
   8    -1099.5053508898    -0.5353634095   0.118712914   0.717974846
   9    -1100.0553303414    -0.5499794516   0.115627042   0.713670618
  10    -1100.5933190072    -0.5379886658   0.117718475   0.709399713
  11    -1101.1442263753    -0.5509073681   0.114679217   0.704951403
  12    -1101.6848929064    -0.5406665311   0.115956260   0.700502681
  13    -1102.2367275834    -0.5518346770   0.112865215   0.695869598
  14    -1102.7800738832    -0.5433462997   0.113212522   0.691211376
  15    -1103.3328058121    -0.5527319289   0.109960193   0.686370927
  16    -1103.8787452106    -0.5459393986   0.109307862   0.681487474
  17    -1104.4323139108    -0.5535687002   0.105817306   0.679544631
  18    -1104.9806692241    -0.5483553133   0.104195380   0.681085159
  19    -1105.5349860060    -0.5543167819   0.100481952   0.682390481
  20    -1106.0854933153    -0.5505073092   0.098082394   0.683421984
  21    -1106.6404391614    -0.5549458461   0.096378626   0.684179751
  22    -1107.1927360350    -0.5522968736   0.095771588   0.684638061
  23    -1107.7481495313    -0.5554134963   0.093593912   0.684786687
  24    -1108.3017327413    -0.5535832100   0.091320769   0.684609656
  25    -1108.8573886524    -0.5556559111   0.087712531   0.684093345
  26    -1109.4115507469    -0.5541620945   0.088268692   0.683230899
  27    -1109.9671487377    -0.5555979908   0.090863742   0.682011366
  28    -1110.5209662174    -0.5538174797   0.093240957   0.680439897
  29    -1111.0726266659    -0.5516604485   0.095248644   0.678523862
  30    -1111.6216255849    -0.5489989190   0.096754335   0.676277142
  31    -1112.1673819919    -0.5457564070   0.097665772   0.673719948
  32    -1112.7093074996    -0.5419255077   0.097946644   0.670877829
  33    -1113.2468830708    -0.5375755712   0.097622352   0.667779964
  34    -1113.7797307032    -0.5328476323   0.098489370   0.664457055
  35    -1114.3170436745    -0.5373129713   0.097189417   0.660874837
  36    -1114.8493267806    -0.5322831062   0.098035210   0.657119963
  37    -1115.3868863070    -0.5375595264   0.100875699   0.653142558
  38    -1115.9201853666    -0.5332990596   0.103683228   0.649035043
  39    -1116.4501534097    -0.5299680431   0.106490955   0.644815620
  40    -1116.9780451031    -0.5278916934   0.109357386   0.640498639
  41    -1117.5054898128    -0.5274447097   0.112358133   0.636095338
  42    -1118.0345664436    -0.5290766308   0.115576524   0.631614575
  43    -1118.5678865038    -0.5333200602   0.119088457   0.627063423
  44    -1119.1086339888    -0.5407474850   0.122933137   0.622447531
  45    -1119.6604475750    -0.5518135862   0.127059622   0.617771224
  46    -1120.2269395543    -0.5664919793   0.131248435   0.625863238
  47    -1120.8105918624    -0.5836523081   0.135044511   0.639023993
  48    -1121.4109596823    -0.6003678199   0.137799636   0.653471245
  49    -1122.0228149046    -0.6118552223   0.138923226   0.668635917
  50    -1122.6357928639    -0.6129779594   0.138250572   0.683593984
  51    -1123.2368481804    -0.6010553165   0.141607064   0.697305893
  52    -1123.8371156270    -0.6002674465   0.138711528   0.709375199
  53    -1124.4047208052    -0.5676051782   0.151880090   0.718800397
  54    -1124.9992977213    -0.5945769161   0.149210120   0.726284165
  55    -1125.5548032037    -0.5555054824   0.168916484   0.730988800
  56    -1126.1509232422    -0.5961200385   0.167941631   0.733700207
  57    -1126.7121854841    -0.5612622419   0.189495452   0.734283722
  58    -1127.3125285433    -0.6003430592   0.190496949   0.733126991
  59    -1127.8853013948    -0.5727728515   0.192333572   0.730633455
  60    -1128.4361820381    -0.5508806433   0.195046648   0.727244639
  61    -1128.9695493993    -0.5333673612   0.198943235   0.723296563
  62    -1129.4891912838    -0.5196418845   0.204674369   0.719076694
  63    -1129.9991439409    -0.5099526571   0.213236712   0.714876144
  64    -1130.5053336981    -0.5061897572   0.224733533   0.711051215
  65    -1131.0204334090    -0.5150997109   0.226388394   0.708085434
  66    -1131.5813890638    -0.5609556548   0.285082976   0.706319994
  67    -1132.2897682344    -0.7083791706   0.372095482   0.702570798
  68    -1133.1247932706    -0.8350250362   0.400699974   0.686226308
  69    -1133.7708911010    -0.6460978304   0.241473367   0.666118658
  70    -1134.2638264310    -0.4929353300   0.217347718   0.651366198
  71    -1135.0025902122    -0.7387637812   0.164641014   0.633347897
  72    -1135.7175326184    -0.7149424062   0.156869470   0.618789233
  73    -1136.5180449020    -0.8005122836   0.159438895   0.603831097
  74    -1137.4129118149    -0.8948669129   0.148194494   0.587313758
  75    -1138.4488194701    -1.0359076552   0.163410200   0.567311404
  76    -1139.6164036014    -1.1675841313   0.157734398   0.543402693
  77    -1140.8146484539    -1.1982448526   0.152923041   0.517762490
  78    -1141.8526170843    -1.0379686304  17.474067479   0.493989552
  79     -864.4283329410   277.4242841433   7.610042503   2.741382520
  80    -1081.4027266277  -216.9743936867   6.491017037   1.567480766
  81    -1131.3754824111   -49.9727557834   3.913699231   1.188236647
  82    -1168.6094467099   -37.2339642988   3.492982443   0.566067876
  83    -1182.5058648352   -13.8964181253   1.895798138   0.512165596
  84    -1185.4091613266    -2.9032964914   0.353697272   0.150022784
  85    -1185.7773850970    -0.3682237704   0.066092433   0.038360971
  86    -1185.8155317511    -0.0381466542   0.032825440   0.022070459
  87    -1185.8207716923    -0.0052399411   0.016283523   0.002886083
  88    -1185.8214353813    -0.0006636890   0.007948269   0.000944876
  89    -1185.8215196467    -0.0000842654   0.004287896   0.000348685
  90    -1185.8215398855    -0.0000202387   0.002945008   0.000168107
  91    -1185.8215485710    -0.0000086855   0.002615232   0.000084605
  92    -1185.8215532424    -0.0000046714   0.002007272   0.000044681
  93    -1185.8215553165    -0.0000020741   0.001180905   0.000028520
  94    -1185.8215559222    -0.0000006057   0.000552499   0.000010516
  95    -1185.8215560376    -0.0000001154   0.000143694   0.000003842
  96    -1185.8215560481    -0.0000000105   0.000039239   0.000001439
  97    -1185.8215560488    -0.0000000007   0.000005115   0.000000670

          -----------------
          DENSITY CONVERGED
          -----------------

 FINAL ROHF ENERGY IS    -1185.8215560488 AFTER  97 ITERATIONS

          --------------------
          SPIN SZ   =    0.500
          S-SQUARED =    0.750
          --------------------

         WAVEFUNCTION NORMALIZATION =       1.0000000000

                ONE ELECTRON ENERGY =   -3085.4593508802
                TWO ELECTRON ENERGY =    1175.3910206562
           NUCLEAR REPULSION ENERGY =     724.2467741751
                                      ------------------
                   RHF TOTAL ENERGY =   -1185.8215560488

 ELECTRON-ELECTRON POTENTIAL ENERGY =    1175.3910206562
  NUCLEUS-ELECTRON POTENTIAL ENERGY =   -4267.5749332100
   NUCLEUS-NUCLEUS POTENTIAL ENERGY =     724.2467741751
                                      ------------------
             TOTAL POTENTIAL ENERGY =   -2367.9371383786
               TOTAL KINETIC ENERGY =    1182.1155823298
                 VIRIAL RATIO (V/T) =       2.0031350350

 Distribution Full ERIs:

 Integrals:                          87963741
 Max size per slaves:                10995468
 Max size in master:                 98959209

 No violations of the orthonormality


  RESULTS OF OCCUPATION-COEFFICIENT OPTIMIZATION
 ================================================

  Ex It  Orb It    Electronic Energy     Total Energy   Energy Convergency    Max Mul-Lag Diff

    1      10     -1911.5561716702    -1187.3093974950     0.0000000000           0.000023


  RESULTS OF THE OCCUPATION OPTIMIZATION
 ========================================

   OM     Occupation      Elag Diag

    1      1.9999998    -68.7997970
    2      1.9999998    -63.7638894
    3      1.9999998    -63.5443193
    4      1.9999960    -26.2988724
    5      1.9999800    -17.9353292
    6      1.9999744    -16.9791241
    7      1.9999701    -16.5720776
    8      1.9999608    -16.0078993
    9      1.9998454     -6.8501687
   10      1.9998320     -6.7084006
   11      1.9998244     -6.3909468
   12      1.9997060     -4.4198826
   13      1.9996399     -4.4159633
   14      1.9996369     -4.4194822
   15      1.9996205     -4.4163683
   16      1.9993248     -3.8187090
   17      1.9993097     -3.8196521
   18      1.9991726     -3.7336144
   19      1.9991682     -3.7605592
   20      1.9991372     -3.6900691
   21      1.9989350     -3.6296539
   22      1.9925530     -1.5290900
   23      1.9881322     -1.1506165
   24      1.9874073     -1.2776588
   25      1.9870928     -1.0440311
   26      1.9869314     -1.0785039
   27      1.9816490     -0.6664837
   28      1.9790976     -0.6610602
   29      1.9753803     -0.7506823
   30      1.9742951     -0.7793903
   31      1.9740660     -0.8021081
   32      1.9739138     -0.7290032
   33      1.9736646     -0.7162689
   34      1.9733505     -0.6397195
   35      1.9732043     -0.6826896
   36      1.9731527     -0.6594337
   37      1.9731294     -0.5617142
   38      1.9725354     -0.5927525
   39      1.9712062     -0.4753414
   40      1.9694498     -0.4976938
   41      1.9689181     -0.5840860
   42      1.9687371     -0.7179620
   43      1.9682872     -0.5236565
   44      1.9671643     -0.4313738
   45      1.9670766     -0.4425832
   46      1.0000000     -0.1524130
   47      0.0067137     -0.0104593
   48      0.0225848     -0.0252973
   49      0.0229687     -0.0253680
   50      0.0289773     -0.0460600
   51      0.0042591     -0.0074454
   52      0.0121401     -0.0143224
   53      0.0189507     -0.0283706
   54      0.0197293     -0.0286906
   55      0.0181909     -0.0198306
   56      0.0184503     -0.0283811
   57      0.0039167     -0.0072400
   58      0.0000000     -0.0000005
   59      0.0219963     -0.0346333
   60      0.0044910     -0.0080177
   61      0.0208843     -0.0317855
   62      0.0030835     -0.0082239
   63      0.0195033     -0.0265691
   64      0.0091627     -0.0215799
   65      0.0018467     -0.0047516
   66      0.0057145     -0.0114962
   67      0.0056060     -0.0112600
   68      0.0076084     -0.0172551
   69      0.0060508     -0.0118162
   70      0.0033726     -0.0093222
   71      0.0004287     -0.0023568
   72      0.0003910     -0.0021192
   73      0.0003012     -0.0014824
   74      0.0003377     -0.0016501
   75      0.0002648     -0.0013091
   76      0.0002978     -0.0014441
   77      0.0001402     -0.0007507
   78      0.0001311     -0.0007187
   79      0.0001372     -0.0007296
   80      0.0000000     -0.0000000
   81      0.0000601     -0.0004309
   82      0.0000566     -0.0004129
   83      0.0000555     -0.0004185
   84      0.0000143     -0.0002022
   85      0.0000123     -0.0001739
   86      0.0000111     -0.0001590
   87      0.0000082     -0.0001207
   88      0.0000017     -0.0000301
   89      0.0000001     -0.0000055
   90      0.0000001     -0.0000051
   91      0.0000001     -0.0000061
   92      0.0030429     -0.0042033
   93      0.0073160     -0.0113206
   94      0.0048608     -0.0057809
   95      0.0012545     -0.0031017
   96      0.0047226     -0.0079197
   97      0.0154016     -0.0181037
   98      0.0071662     -0.0108920
   99      0.0056342     -0.0092106
  100      0.0027760     -0.0039426
  101      0.0048063     -0.0092439
  102      0.0180493     -0.0251036
  103      0.0229659     -0.0319079
  104      0.0033253     -0.0076051
  105      0.0193630     -0.0265763
  106      0.0039888     -0.0084858
  107      0.0008936     -0.0022671
  108      0.0032547     -0.0064385
  109      0.0083005     -0.0153227
  110      0.0119582     -0.0189633
  111      0.0044213     -0.0104390
  112      0.0049709     -0.0100869
  113      0.0030786     -0.0077716
  114      0.0041998     -0.0103831
  115      0.0030911     -0.0090549
  116      0.0003421     -0.0016267
  117      0.0002810     -0.0013659
  118      0.0003321     -0.0016327
  119      0.0002950     -0.0014574
  120      0.0002352     -0.0010896
  121      0.0002065     -0.0010167
  122      0.0001253     -0.0006691
  123      0.0001240     -0.0006674
  124      0.0001155     -0.0006307
  125      0.0001642     -0.0008487
  126      0.0000569     -0.0004059
  127      0.0000574     -0.0004309
  128      0.0000511     -0.0003814
  129      0.0000133     -0.0001874
  130      0.0000143     -0.0002016
  131      0.0000081     -0.0001111
  132      0.0000068     -0.0001000
  133      0.0000013     -0.0000241
  134      0.0000001     -0.0000059
  135      0.0000001     -0.0000047
  136      0.0000001     -0.0000032
  137      0.0231668     -0.0278763
  138      0.0029349     -0.0040602
  139      0.0038832     -0.0047325
  140      0.0010311     -0.0025072
  141      0.0221001     -0.0309767
  142      0.0030085     -0.0036300
  143      0.0026769     -0.0052251
  144      0.0021011     -0.0042544
  145      0.0059037     -0.0073133
  146      0.0035907     -0.0078098
  147      0.0048297     -0.0080556
  148      0.0036836     -0.0069922
  149      0.0010138     -0.0024599
  150      0.0022321     -0.0046015
  151      0.0010609     -0.0025526
  152      0.0217277     -0.0376656
  153      0.0018618     -0.0036611
  154      0.0034392     -0.0088703
  155      0.0045461     -0.0096739
  156      0.0029328     -0.0066002
  157      0.0023303     -0.0060857
  158      0.0019057     -0.0054337
  159      0.0016172     -0.0039329
  160      0.0009833     -0.0037786
  161      0.0002943     -0.0014303
  162      0.0001909     -0.0009117
  163      0.0001985     -0.0009585
  164      0.0001946     -0.0009412
  165      0.0001903     -0.0009174
  166      0.0001709     -0.0008480
  167      0.0001140     -0.0006174
  168      0.0001080     -0.0005954
  169      0.0001074     -0.0005869
  170      0.0001298     -0.0006910
  171      0.0000585     -0.0004179
  172      0.0000541     -0.0004016
  173      0.0000480     -0.0003552
  174      0.0000115     -0.0001598
  175      0.0000033     -0.0000443
  176      0.0000063     -0.0000870
  177      0.0000050     -0.0000707
  178      0.0000011     -0.0000215
  179      0.0000000     -0.0000019
  180      0.0000000     -0.0000028
  181      0.0000000     -0.0000014

   RO Sum (  91) =   91.00

  ---------------
   Dipole Moment
  ---------------

      2.2193 Debye [   0.8732  (  -0.5798,   0.5605,   0.3348) ]

 ----------------
  Final Energies  
 ----------------

  Final NOF Total Energy =    -1187.3093974950 ( 2.E-05 , 0.E+00 )


  **************************************************
  *                                                *
  *       SINGLE-POINT DoNOF CALCULATION           *
  *                                                *
  *             FULL OPTIMIZATION                  *
  *                                                *
  *  FINAL RESULTS   FINAL RESULTS  FINAL RESULTS  *
  *                                                *
  **************************************************

  **************************************************
  *         No. EXTERNAL ITER =     1              *
  *         No. of TOTAL ITER =    10              *
  **************************************************

  Elapsed real time :    528.45  (Seconds)
  Git sha : bcb372acca69df19ae91719c988dea244a3c3d1c                                                            

 The execution finished at 13h 12min on the 12/23/2024
