 This is the parallel version of the code
 This is the parallel version of the code
 This is the parallel version of the code
 This is the parallel version of the code
 This is the parallel version of the code
 This is the parallel version of the code
 This is the parallel version of the code
 This is the parallel version of the code
Master:    0

 The execution started at 12h 29min on the 12/23/2024

    ===========================================================
    !                                                         !
    !                        Do N O F                         !
    !                                                         !
    !  (Donostia Natural Orbital Functional Software Program) !
    !                                                         !
    !               COPYRIGHT by Mario Piris                  !
    !                                                         !
    !      Donostia International Physics Center (DIPC)       !
    !       University of the Basque Country (UPV/EHU)        !
    !       Basque Foundation for Science (IKERBASQUE)        !
    !                                                         !
    !          GNU General Public License version 3           !
    !                                                         !
    !                  VERSION: Mayo 2024                     !
    !                                                         !
    ===========================================================

 Run Title
 ---------
 p30-5 set                                                                       

 Basis Set
 ---------
 /beegfs_agamede/gscratch/povmieci/SCRATCH/80427/def2-svp.bas                    

 Atom      Charge                Coordinates (Bohr)
                           x             y             z
 H           1.0       -1.3454        2.8595        3.1118
 B           5.0       -0.3629        4.1598        1.3641
 H           1.0       -3.3627        4.9295       -3.5909
 F           9.0        3.7814       -4.9718        1.5900
 B           5.0        3.4423       -3.4650        3.6208
 H           1.0        1.8892        3.4209        1.2887
 H           1.0       -0.3275       -4.2971       -3.5533
 SI         14.0       -3.5877       -1.3951       -1.1040
 H           1.0       -0.3944        6.3184        1.9911
 H           1.0        4.3438       -4.1250        5.5783
 C           6.0       -1.3957       -2.6041       -4.0315
 AL         13.0        0.2179        0.2861        1.2973
 SI         14.0       -2.0000        3.0447       -2.0058
 O           8.0        2.1283       -1.3014        3.3807
 H           1.0       -2.4841       -2.8158       -5.7683
 B           5.0       -0.5424       -0.0435       -3.1692

 Atomic Basis Set
 ----------------
 The contracted primitive functions were unnormalized
 The contracted basis functions are now normalized to unity

  Shell Type  Primitive         Exponent  Contraction Coefficient

 H         

      1   S       1            13.0107010    0.033485484813
      1   S       2             1.9622572    0.234721870881
      1   S       3             0.4445380    0.813770285260

      2   S       4             0.1219496    1.000000000000

      3   P       5             0.8000000    1.000000000000

 B         

      4   S       6           839.3183009   -0.005628883598
      4   S       7           126.2646484   -0.041832794610
      4   S       8            28.6206008   -0.184174881258
      4   S       9             7.8793723   -0.468396550281
      4   S      10             2.4088857   -0.444579308833

      5   S      11             0.2510511    1.000000000000

      6   S      12             0.0836489    1.000000000000

      7   P      13             6.0332224   -0.054032500323
      7   P      14             1.2499158   -0.301940343932
      7   P      15             0.3387168   -0.771707916582

      8   P      16             0.0964156    1.000000000000

      9   D      17             0.5000000    1.000000000000

 H         

     10   S      18            13.0107010    0.033485484813
     10   S      19             1.9622572    0.234721870881
     10   S      20             0.4445380    0.813770285260

     11   S      21             0.1219496    1.000000000000

     12   P      22             0.8000000    1.000000000000

 F         

     13   S      23          2894.8325990   -0.005349321176
     13   S      24           435.4193912   -0.039967734372
     13   S      25            98.8433289   -0.179412617888
     13   S      26            27.4851980   -0.468324686869
     13   S      27             8.5405498   -0.447241605328

     14   S      28             1.0654578    1.000000000000

     15   S      29             0.3324735    1.000000000000

     16   P      30            22.6966339   -0.064782148241
     16   P      31             4.9872339   -0.340357853553
     16   P      32             1.3491614   -0.734858153660

     17   P      33             0.3482988    1.000000000000

     18   D      34             1.4000000    1.000000000000

 B         

     19   S      35           839.3183009   -0.005628883598
     19   S      36           126.2646484   -0.041832794610
     19   S      37            28.6206008   -0.184174881258
     19   S      38             7.8793723   -0.468396550281
     19   S      39             2.4088857   -0.444579308833

     20   S      40             0.2510511    1.000000000000

     21   S      41             0.0836489    1.000000000000

     22   P      42             6.0332224   -0.054032500323
     22   P      43             1.2499158   -0.301940343932
     22   P      44             0.3387168   -0.771707916582

     23   P      45             0.0964156    1.000000000000

     24   D      46             0.5000000    1.000000000000

 H         

     25   S      47            13.0107010    0.033485484813
     25   S      48             1.9622572    0.234721870881
     25   S      49             0.4445380    0.813770285260

     26   S      50             0.1219496    1.000000000000

     27   P      51             0.8000000    1.000000000000

 H         

     28   S      52            13.0107010    0.033485484813
     28   S      53             1.9622572    0.234721870881
     28   S      54             0.4445380    0.813770285260

     29   S      55             0.1219496    1.000000000000

     30   P      56             0.8000000    1.000000000000

 SI        

     31   S      57          6903.7118686    0.005584465887
     31   S      58          1038.4346419    0.041742284436
     31   S      59           235.8758148    0.187528023742
     31   S      60            66.0693852    0.478678596587
     31   S      61            20.2479458    0.429256952162

     32   S      62            34.3534817    0.089834899465
     32   S      63             3.6370788   -0.545685958777
     32   S      64             1.4002049   -0.524810829267

     33   S      65             0.2048441    1.000000000000

     34   S      66             0.0779941    1.000000000000

     35   P      67           179.8390737    0.010133498379
     35   P      68            41.9072588    0.071029041096
     35   P      69            12.9552944    0.255839142169
     35   P      70             4.4383267    0.481498047149
     35   P      71             1.5462248    0.385211960064

     36   P      72             0.3560761    1.000000000000

     37   P      73             0.1000851    1.000000000000

     38   D      74             0.3500000    1.000000000000

 H         

     39   S      75            13.0107010    0.033485484813
     39   S      76             1.9622572    0.234721870881
     39   S      77             0.4445380    0.813770285260

     40   S      78             0.1219496    1.000000000000

     41   P      79             0.8000000    1.000000000000

 H         

     42   S      80            13.0107010    0.033485484813
     42   S      81             1.9622572    0.234721870881
     42   S      82             0.4445380    0.813770285260

     43   S      83             0.1219496    1.000000000000

     44   P      84             0.8000000    1.000000000000

 C         

     45   S      85          1238.4016938    0.005517365048
     45   S      86           186.2900499    0.041088828556
     45   S      87            42.2511763    0.182253821265
     45   S      88            11.6765579    0.468284594374
     45   S      89             3.5930506    0.445758173360

     46   S      90             0.4024515    1.000000000000

     47   S      91             0.1309018    1.000000000000

     48   P      92             9.4680971    0.056888332011
     48   P      93             2.0103545    0.312940593365
     48   P      94             0.5477100    0.760650165091

     49   P      95             0.1526861    1.000000000000

     50   D      96             0.8000000    1.000000000000

 AL        

     51   S      97          5887.5727030    0.005651978962
     51   S      98           885.6122600    0.042218253427
     51   S      99           201.1360490    0.189187196726
     51   S     100            56.2849747    0.480435911881
     51   S     101            17.2295512    0.425872684294

     52   S     102            29.3402499    0.088568603239
     52   S     103             3.0439630   -0.543157066723
     52   S     104             1.1285540   -0.529385510294

     53   S     105             0.1423418    1.000000000000

     54   S     106             0.0544002    1.000000000000

     55   P     107           145.1191881    0.010726377859
     55   P     108            33.7178948    0.074103623546
     55   P     109            10.3698631    0.261296213060
     55   P     110             3.5135616    0.480201235327
     55   P     111             1.1980050    0.384382240624

     56   P     112             0.2658301    1.000000000000

     57   P     113             0.0710034    1.000000000000

     58   D     114             0.3000000    1.000000000000

 SI        

     59   S     115          6903.7118686    0.005584465887
     59   S     116          1038.4346419    0.041742284436
     59   S     117           235.8758148    0.187528023742
     59   S     118            66.0693852    0.478678596587
     59   S     119            20.2479458    0.429256952162

     60   S     120            34.3534817    0.089834899465
     60   S     121             3.6370788   -0.545685958777
     60   S     122             1.4002049   -0.524810829267

     61   S     123             0.2048441    1.000000000000

     62   S     124             0.0779941    1.000000000000

     63   P     125           179.8390737    0.010133498379
     63   P     126            41.9072588    0.071029041096
     63   P     127            12.9552944    0.255839142169
     63   P     128             4.4383267    0.481498047149
     63   P     129             1.5462248    0.385211960064

     64   P     130             0.3560761    1.000000000000

     65   P     131             0.1000851    1.000000000000

     66   D     132             0.3500000    1.000000000000

 O         

     67   S     133          2266.1767785   -0.005389350392
     67   S     134           340.8701019   -0.040234721389
     67   S     135            77.3631352   -0.180081842055
     67   S     136            21.4796449   -0.468288576577
     67   S     137             6.6589433   -0.446926171602

     68   S     138             0.8097598    1.000000000000

     69   S     139             0.2553077    1.000000000000

     70   P     140            17.7215043    0.062630248763
     70   P     141             3.8635505    0.333311384824
     70   P     142             1.0480921    0.741486383081

     71   P     143             0.2764154    1.000000000000

     72   D     144             1.2000000    1.000000000000

 H         

     73   S     145            13.0107010    0.033485484813
     73   S     146             1.9622572    0.234721870881
     73   S     147             0.4445380    0.813770285260

     74   S     148             0.1219496    1.000000000000

     75   P     149             0.8000000    1.000000000000

 B         

     76   S     150           839.3183009   -0.005628883598
     76   S     151           126.2646484   -0.041832794610
     76   S     152            28.6206008   -0.184174881258
     76   S     153             7.8793723   -0.468396550281
     76   S     154             2.4088857   -0.444579308833

     77   S     155             0.2510511    1.000000000000

     78   S     156             0.0836489    1.000000000000

     79   P     157             6.0332224   -0.054032500323
     79   P     158             1.2499158   -0.301940343932
     79   P     159             0.3387168   -0.771707916582

     80   P     160             0.0964156    1.000000000000

     81   D     161             0.5000000    1.000000000000

 Total Number of Basis Set Shells             =   81
 Total Number of Primitives                   =  161
 Number of Cartesian Gaussian Basis Functions =  182
 Number of Electrons                          =   86
 Charge of Molecule                           =    0
 Spin Multiplicity                            =    1
 Number of Occupied Orbitals (Alpha)          =   43
 Number of Occupied Orbitals (Beta )          =   43
 Total Number of Atoms                        =   16

 Input Run Options
 -----------------
 IRUNTYP = 1  MULT = 1  ICHARG =  0 IECP = 0  IEMOM = 1  UNITS = ANGS    

 Integral Options
 ----------------
 CUTOFF = 1.0E-09   ISCHWZ = 1   ERITYP = FULL

 Input NOF Options
 -----------------

 Type of calculation =    Coeff. Opt.:   (ICOEF)         1
 Trigonometric functions for Occ. Opt.:  (ISOFTMAX)      0
 Type of Orb. Opt. = Orbital Rotations:  (IORBOPT)       4
 Maximum Number of Occ-Coef Outer Iter.: (MAXIT)      1000

 Natural Orbital Functional Selected:    (IPNOF)         8

 Restart calculation Option:             (RESTART)       T
 Orthogonalize the initial Orbitals:     (ORTHO)         T

 Output Option:                          (NPRINT)        0
 Output the Coefficient Matrix:          (IWRITEC)       0
 Do a Mulliken Population Analysis:      (IMULPOP)       0
 Write Information into a WFN file:      (IAIMPAC)       1
 Write Information into a FCHK file:     (IFCHK)         1
 Write Information into a MLP file:      (MOLDEN)        1
 Create Ini. Cond. (ini.xyz) file:       (INICOND)       1
 Calculate IPs using Ext. Koopmans Theo: (IEKT)          0
 Write APSG expansion coefficient file:  (APSG)          F
 Output option for Lagrange Multipliers: (PRINTLAG)      F
 Diagonalize matrix of Lag. Multipliers: (DIAGLAG)       F

 Nuclear Coordinates from GCF file:
 ----------------------------------

 Atom      Charge                Coordinates (Bohr)
                           x             y             z
 H        1.00000       -1.3454        2.8595        3.1118
 B        5.00000       -0.3629        4.1598        1.3641
 H        1.00000       -3.3627        4.9295       -3.5909
 F        9.00000        3.7814       -4.9718        1.5900
 B        5.00000        3.4423       -3.4650        3.6208
 H        1.00000        1.8892        3.4209        1.2887
 H        1.00000       -0.3275       -4.2971       -3.5533
 SI      14.00000       -3.5877       -1.3951       -1.1040
 H        1.00000       -0.3944        6.3184        1.9911
 H        1.00000        4.3438       -4.1250        5.5783
 C        6.00000       -1.3957       -2.6041       -4.0315
 AL      13.00000        0.2179        0.2861        1.2973
 SI      14.00000       -2.0000        3.0447       -2.0058
 O        8.00000        2.1283       -1.3014        3.3807
 H        1.00000       -2.4841       -2.8158       -5.7683
 B        5.00000       -0.5424       -0.0435       -3.1692

------------------------------------------------------------------------

 Orbital Space
 -------------

 Inactive Doubly occupied orbitals up to NO1  =    0
 No. considered Strongly Doubly occupied MOs  =   43
 No. considered Strongly Singly occupied MOs  =    0
 No. of Weakly occ. per St. Doubly occ.  MOs  =    3
 Dimension of the Active Nat. Orb. subspace   =  172
 Secondary Empty orbitals                     =   10

 1e- integrals
 -------------
 Time to do integrals =      0.01
 Guess for MOs = HCORE
        12 MOs were matched and         0 equalized to zero

 2e- integrals
 -------------
 DONTW option skips storage 2e- integrals on Unit 1
            76842316 2e- integrals in     1 records
 Time to do integrals =      5.63

 RHF SCF Calculation
 -------------------
 EXTRAP=T  DAMP=T  DIIS=T
 DMat Conv = 1.0E-05  Ener Tol = 1.0E-08
 Ener Conv = 1.0E-10  DMat Tol = 2.0E-05
 DIIS Conv = 1.0E-07  DMat Tol = 2.0E-05

 ITER      TOTAL ENERGY        E CHANGE     DEN. CHANGE    DIIS ERROR
   1    -1034.6633393274 -1034.6633393274  76.681882180   2.642907088
   2     -973.2893352887    61.3740040386  25.447791646   1.308888965
   3    -1054.9624378389   -81.6731025501   0.009696749   0.755420817
   4    -1054.9986275106    -0.0361896718   0.149664685   0.755149084
   5    -1055.5783673013    -0.5797397907   0.147257124   0.750672108
   6    -1056.1719272554    -0.5935599541   0.152171722   0.745857336
   7    -1056.7923398579    -0.6204126024   0.162959941   0.740637802
   8    -1057.4508702595    -0.6585304017   0.179737300   0.749278580
   9    -1058.1581679224    -0.7072976629   0.203426302   0.758485555
  10    -1058.9233551478    -0.7651872254   0.235085870   0.762646546
  11    -1059.7514303559    -0.8280752081   0.274949244   0.758793513
  12    -1060.6395196979    -0.8880893420   0.321286770   0.744030694
  13    -1061.5738053680    -0.9342856701   0.369860692   0.716510704
  14    -1062.5300999406    -0.9562945726   0.414851132   0.690684477
  15    -1063.4796701443    -0.9495702037   0.450944986   0.681715845
  16    -1064.3977834907    -0.9181133464   0.474920639   0.672346960
  17    -1065.2698776818    -0.8720941912   0.485556826   0.662563294
  18    -1066.0925996565    -0.8227219746   0.482396535   0.652330966
  19    -1066.8711133860    -0.7785137295   0.516975848   0.641607293
  20    -1067.7009331096    -0.8298197236   0.471290349   0.629008776
  21    -1068.5075225620    -0.8065894524   0.413212655   0.615755530
  22    -1069.3788622414    -0.8713396795   1.740598677   0.601246368
  23    -1075.8943140844    -6.5154518429   0.209095429   0.682633089
  24    -1076.9488017916    -1.0544877072   5.863757247   0.699574286
  25    -1087.6149764927   -10.6661747011   2.287003259   0.521965134
  26    -1094.7252525175    -7.1102760248  29.080083434   0.456116600
  27     -973.2594809255   121.4657715920  27.268785080   1.132937057
  28    -1089.8706544223  -116.6111734968   4.269085109   0.573193215
  29    -1108.2556767580   -18.3850223357   0.550685498   0.401121419
  30    -1109.5791410732    -1.3234643152   0.148753613   0.044443821
  31    -1109.6706738411    -0.0915327679   0.078199787   0.018484509
  32    -1109.6868561037    -0.0161822626   0.022707186   0.008699665
  33    -1109.6891016097    -0.0022455059   0.011309184   0.002978964
  34    -1109.6894962688    -0.0003946592   0.005874209   0.001476840
  35    -1109.6896201721    -0.0001239033   0.003219785   0.000620886
  36    -1109.6896533671    -0.0000331950   0.001107145   0.000259929
  37    -1109.6896570677    -0.0000037006   0.000482246   0.000104772
  38    -1109.6896578108    -0.0000007431   0.000222607   0.000053292
  39    -1109.6896580015    -0.0000001907   0.000118957   0.000023692
  40    -1109.6896580449    -0.0000000434   0.000051503   0.000006342
  41    -1109.6896580493    -0.0000000044   0.000016623   0.000003088
  42    -1109.6896580500    -0.0000000006   0.000006210   0.000001226

          -----------------
          DENSITY CONVERGED
          -----------------

 FINAL RHF ENERGY IS    -1109.6896580500 AFTER  42 ITERATIONS

         WAVEFUNCTION NORMALIZATION =       1.0000000000

                ONE ELECTRON ENERGY =   -2735.4218433800
                TWO ELECTRON ENERGY =    1023.3346492763
           NUCLEAR REPULSION ENERGY =     602.3975360537
                                      ------------------
                   RHF TOTAL ENERGY =   -1109.6896580500

 ELECTRON-ELECTRON POTENTIAL ENERGY =    1023.3346492763
  NUCLEUS-ELECTRON POTENTIAL ENERGY =   -3842.2020284414
   NUCLEUS-NUCLEUS POTENTIAL ENERGY =     602.3975360537
                                      ------------------
             TOTAL POTENTIAL ENERGY =   -2216.4698431114
               TOTAL KINETIC ENERGY =    1106.7801850614
                 VIRIAL RATIO (V/T) =       2.0026287722

 Distribution Full ERIs:

 Integrals:                          76842316
 Max size per slaves:                 9605290
 Max size in master:                 86447606

 No violations of the orthonormality


  RESULTS OF OCCUPATION-COEFFICIENT OPTIMIZATION
 ================================================

  Ex It  Orb It    Electronic Energy     Total Energy   Energy Convergency    Max Mul-Lag Diff

    1      10     -1713.3795201142    -1110.9819840605     0.0000000000           0.000020


  RESULTS OF THE OCCUPATION OPTIMIZATION
 ========================================

   OM     Occupation      Elag Diag

    1      1.9999998    -68.7895463
    2      1.9999997    -64.5653530
    3      1.9999996    -62.7821651
    4      1.9999912    -23.5857387
    5      1.9999908    -23.3627986
    6      1.9999563    -11.2456828
    7      1.9998781     -7.3417693
    8      1.9998620     -7.1284513
    9      1.9998489     -7.0268712
   10      1.9998485     -6.8317489
   11      1.9998474     -6.8805517
   12      1.9996648     -4.4965014
   13      1.9996578     -4.4936543
   14      1.9996229     -4.4681510
   15      1.9993918     -3.9197041
   16      1.9993422     -3.8816117
   17      1.9992916     -3.8471469
   18      1.9992839     -3.8316435
   19      1.9992566     -3.8165008
   20      1.9991477     -3.7818763
   21      1.9990255     -3.7411092
   22      1.9929026     -1.5855387
   23      1.9873002     -1.2385523
   24      1.9839789     -0.7111250
   25      1.9780219     -0.7561515
   26      1.9777327     -0.7011761
   27      1.9756622     -0.7807417
   28      1.9744358     -0.6786987
   29      1.9742835     -0.6873064
   30      1.9742615     -0.6886802
   31      1.9741888     -0.5530889
   32      1.9739333     -0.8120585
   33      1.9738280     -0.5930223
   34      1.9737134     -0.6461216
   35      1.9734477     -0.5754196
   36      1.9728136     -0.5810211
   37      1.9714373     -0.5394760
   38      1.9709156     -0.5864922
   39      1.9703552     -0.6098920
   40      1.9697552     -0.5818085
   41      1.9676582     -0.4741177
   42      1.9669936     -0.4169070
   43      1.9666647     -0.4157715
   44      0.0271935     -0.0270320
   45      0.0195874     -0.0237882
   46      0.0258980     -0.0307803
   47      0.0046520     -0.0057693
   48      0.0107228     -0.0130923
   49      0.0194485     -0.0275770
   50      0.0197890     -0.0243480
   51      0.0195510     -0.0211730
   52      0.0197927     -0.0246992
   53      0.0143868     -0.0166910
   54      0.0191148     -0.0213376
   55      0.0196105     -0.0350360
   56      0.0160671     -0.0205123
   57      0.0179375     -0.0219910
   58      0.0180024     -0.0220765
   59      0.0207896     -0.0330392
   60      0.0197569     -0.0332153
   61      0.0112702     -0.0196653
   62      0.0153853     -0.0224621
   63      0.0106455     -0.0243524
   64      0.0079659     -0.0177924
   65      0.0030582     -0.0089425
   66      0.0004897     -0.0026718
   67      0.0004355     -0.0023223
   68      0.0002975     -0.0013925
   69      0.0003159     -0.0015255
   70      0.0002589     -0.0012233
   71      0.0002897     -0.0013880
   72      0.0002442     -0.0011868
   73      0.0001367     -0.0007176
   74      0.0001266     -0.0006946
   75      0.0001244     -0.0006720
   76      0.0000577     -0.0004134
   77      0.0000596     -0.0004263
   78      0.0000576     -0.0004163
   79      0.0000492     -0.0003550
   80      0.0000473     -0.0003459
   81      0.0000135     -0.0001429
   82      0.0000037     -0.0000667
   83      0.0000030     -0.0000562
   84      0.0000002     -0.0000100
   85      0.0000001     -0.0000087
   86      0.0000001     -0.0000050
   87      0.0037763     -0.0046402
   88      0.0118924     -0.0151350
   89      0.0016129     -0.0026304
   90      0.0043959     -0.0053843
   91      0.0151629     -0.0168432
   92      0.0045504     -0.0087227
   93      0.0053418     -0.0074519
   94      0.0039842     -0.0054257
   95      0.0046958     -0.0072897
   96      0.0024800     -0.0039665
   97      0.0027275     -0.0037577
   98      0.0027352     -0.0075030
   99      0.0023388     -0.0037454
  100      0.0046883     -0.0068753
  101      0.0031810     -0.0052623
  102      0.0012094     -0.0029421
  103      0.0035925     -0.0082146
  104      0.0073734     -0.0139627
  105      0.0044617     -0.0077108
  106      0.0035322     -0.0089771
  107      0.0028957     -0.0073876
  108      0.0030836     -0.0090617
  109      0.0002680     -0.0012902
  110      0.0002343     -0.0011122
  111      0.0002609     -0.0012696
  112      0.0002122     -0.0009998
  113      0.0002626     -0.0012677
  114      0.0001706     -0.0008419
  115      0.0002007     -0.0009615
  116      0.0001246     -0.0006631
  117      0.0001081     -0.0005689
  118      0.0001086     -0.0005752
  119      0.0000519     -0.0003699
  120      0.0000436     -0.0003100
  121      0.0000513     -0.0003711
  122      0.0000484     -0.0003551
  123      0.0000417     -0.0003053
  124      0.0000128     -0.0001350
  125      0.0000032     -0.0000586
  126      0.0000040     -0.0000703
  127      0.0000001     -0.0000060
  128      0.0000001     -0.0000052
  129      0.0000001     -0.0000037
  130      0.0023656     -0.0031050
  131      0.0015265     -0.0026631
  132      0.0048309     -0.0068782
  133      0.0211969     -0.0239887
  134      0.0037591     -0.0048927
  135      0.0050855     -0.0096605
  136      0.0034319     -0.0048847
  137      0.0036512     -0.0048589
  138      0.0020638     -0.0034602
  139      0.0094198     -0.0123694
  140      0.0043298     -0.0052987
  141      0.0037210     -0.0089776
  142      0.0074053     -0.0134235
  143      0.0031128     -0.0051552
  144      0.0045331     -0.0067532
  145      0.0035652     -0.0080271
  146      0.0009884     -0.0023036
  147      0.0036237     -0.0088761
  148      0.0021311     -0.0048636
  149      0.0018433     -0.0053766
  150      0.0018383     -0.0054733
  151      0.0009556     -0.0034822
  152      0.0002169     -0.0010074
  153      0.0001825     -0.0008761
  154      0.0001850     -0.0008638
  155      0.0001880     -0.0008994
  156      0.0001869     -0.0008966
  157      0.0001975     -0.0009229
  158      0.0001632     -0.0007810
  159      0.0001158     -0.0006142
  160      0.0001075     -0.0005707
  161      0.0001023     -0.0005419
  162      0.0000430     -0.0003070
  163      0.0000483     -0.0003407
  164      0.0000422     -0.0003029
  165      0.0000404     -0.0002919
  166      0.0000330     -0.0002415
  167      0.0000174     -0.0001882
  168      0.0000022     -0.0000398
  169      0.0000018     -0.0000332
  170      0.0000001     -0.0000073
  171      0.0000001     -0.0000034
  172      0.0000001     -0.0000035

   RO Sum (  86) =   86.00

  ---------------
   Dipole Moment
  ---------------

      1.0492 Debye [   0.4128  (  -0.2281,   0.3093,  -0.1506) ]

 ----------------
  Final Energies  
 ----------------

  Final NOF Total Energy =    -1110.9819840605 ( 2.E-05 , 0.E+00 )


  **************************************************
  *                                                *
  *       SINGLE-POINT DoNOF CALCULATION           *
  *                                                *
  *             FULL OPTIMIZATION                  *
  *                                                *
  *  FINAL RESULTS   FINAL RESULTS  FINAL RESULTS  *
  *                                                *
  **************************************************

  **************************************************
  *         No. EXTERNAL ITER =     1              *
  *         No. of TOTAL ITER =    10              *
  **************************************************

  Elapsed real time :    381.56  (Seconds)
  Git sha : bcb372acca69df19ae91719c988dea244a3c3d1c                                                            

 The execution finished at 12h 36min on the 12/23/2024
