 This is the parallel version of the code
 This is the parallel version of the code
 This is the parallel version of the code
 This is the parallel version of the code
 This is the parallel version of the code
 This is the parallel version of the code
 This is the parallel version of the code
 This is the parallel version of the code
 This is the parallel version of the code
 This is the parallel version of the code
 This is the parallel version of the code
 This is the parallel version of the code
Master:    0

 The execution started at 12h 30min on the 12/23/2024

    ===========================================================
    !                                                         !
    !                        Do N O F                         !
    !                                                         !
    !  (Donostia Natural Orbital Functional Software Program) !
    !                                                         !
    !               COPYRIGHT by Mario Piris                  !
    !                                                         !
    !      Donostia International Physics Center (DIPC)       !
    !       University of the Basque Country (UPV/EHU)        !
    !       Basque Foundation for Science (IKERBASQUE)        !
    !                                                         !
    !          GNU General Public License version 3           !
    !                                                         !
    !                  VERSION: Mayo 2024                     !
    !                                                         !
    ===========================================================

 Run Title
 ---------
 p30-5 set                                                                       

 Basis Set
 ---------
 /beegfs_agamede/gscratch/povmieci/SCRATCH/80418/def2-svp.bas                    

 Atom      Charge                Coordinates (Bohr)
                           x             y             z
 NA         11.0       -2.1829        5.1764        2.5351
 H           1.0       -2.7268       -3.3919       -0.2383
 O           8.0       -0.7586        4.7469       -1.3993
 H           1.0        2.9274        2.4444        3.1446
 MG         12.0        1.2392       -4.4190        0.4323
 H           1.0        3.2094       -3.2114       -6.0589
 AL         13.0        0.7275        1.7162       -1.0501
 H           1.0       -2.7281       -0.9080       -3.0968
 H           1.0        4.3075       -3.2879       -1.1223
 MG         12.0       -1.4255       -0.6992        3.0885
 O           8.0        1.2771        2.0887        2.4416
 CL         17.0       -4.1998        1.6796        5.5317
 AL         13.0        2.6198       -1.7386       -3.5005
 H           1.0       -1.1849        5.2930       -3.0872
 H           1.0        0.4055       -3.7895        3.7134
 B           5.0       -1.5067       -1.6997       -1.3337

 Atomic Basis Set
 ----------------
 The contracted primitive functions were unnormalized
 The contracted basis functions are now normalized to unity

  Shell Type  Primitive         Exponent  Contraction Coefficient

 NA        

      1   S       1          4098.2003908   -0.005829734404
      1   S       2           616.4937403   -0.043469274339
      1   S       3           139.9664400   -0.193522713755
      1   S       4            39.0734411   -0.484866458138
      1   S       5            11.9298472   -0.417110128653

      2   S       6            20.6599660    0.085768706785
      2   S       7             1.9838861   -0.562404693737
      2   S       8             0.6483632   -0.518446102123

      3   S       9             0.0524440    1.000000000000

      4   S      10             0.0280482    1.000000000000

      5   P      11            75.4018620    0.015435362532
      5   P      12            17.2748190    0.099738293184
      5   P      13             5.1842347    0.312095939659
      5   P      14             1.6601212    0.492956748074
      5   P      15             0.5123253    0.324203983180

      6   P      16             0.0520000    1.000000000000

      7   D      17             0.1310000    1.000000000000

 H         

      8   S      18            13.0107010    0.033485484813
      8   S      19             1.9622572    0.234721870881
      8   S      20             0.4445380    0.813770285260

      9   S      21             0.1219496    1.000000000000

     10   P      22             0.8000000    1.000000000000

 O         

     11   S      23          2266.1767785   -0.005389350392
     11   S      24           340.8701019   -0.040234721389
     11   S      25            77.3631352   -0.180081842055
     11   S      26            21.4796449   -0.468288576577
     11   S      27             6.6589433   -0.446926171602

     12   S      28             0.8097598    1.000000000000

     13   S      29             0.2553077    1.000000000000

     14   P      30            17.7215043    0.062630248763
     14   P      31             3.8635505    0.333311384824
     14   P      32             1.0480921    0.741486383081

     15   P      33             0.2764154    1.000000000000

     16   D      34             1.2000000    1.000000000000

 H         

     17   S      35            13.0107010    0.033485484813
     17   S      36             1.9622572    0.234721870881
     17   S      37             0.4445380    0.813770285260

     18   S      38             0.1219496    1.000000000000

     19   P      39             0.8000000    1.000000000000

 MG        

     20   S      40          4953.8339196   -0.005730348253
     20   S      41           745.1804415   -0.042769871122
     20   S      42           169.2160497   -0.191096515460
     20   S      43            47.3006720   -0.482411503269
     20   S      44            14.4613370   -0.422007266852

     21   S      45            24.7681748    0.087115605721
     21   S      46             2.4940945   -0.546373693218
     21   S      47             0.8780758   -0.529320757859

     22   S      48             0.0872128    1.000000000000

     23   S      49             0.0335993    1.000000000000

     24   P      50            98.0530105   -0.014480564601
     24   P      51            22.5869323   -0.095495750787
     24   P      52             6.8391510   -0.307876726509
     24   P      53             2.2332844   -0.499362928859
     24   P      54             0.7160660   -0.315034762129

     25   P      55             0.1891480    1.000000000000

     26   P      56             0.0537688    1.000000000000

     27   D      57             0.1010000    1.000000000000

 H         

     28   S      58            13.0107010    0.033485484813
     28   S      59             1.9622572    0.234721870881
     28   S      60             0.4445380    0.813770285260

     29   S      61             0.1219496    1.000000000000

     30   P      62             0.8000000    1.000000000000

 AL        

     31   S      63          5887.5727030    0.005651978962
     31   S      64           885.6122600    0.042218253427
     31   S      65           201.1360490    0.189187196726
     31   S      66            56.2849747    0.480435911881
     31   S      67            17.2295512    0.425872684294

     32   S      68            29.3402499    0.088568603239
     32   S      69             3.0439630   -0.543157066723
     32   S      70             1.1285540   -0.529385510294

     33   S      71             0.1423418    1.000000000000

     34   S      72             0.0544002    1.000000000000

     35   P      73           145.1191881    0.010726377859
     35   P      74            33.7178948    0.074103623546
     35   P      75            10.3698631    0.261296213060
     35   P      76             3.5135616    0.480201235327
     35   P      77             1.1980050    0.384382240624

     36   P      78             0.2658301    1.000000000000

     37   P      79             0.0710034    1.000000000000

     38   D      80             0.3000000    1.000000000000

 H         

     39   S      81            13.0107010    0.033485484813
     39   S      82             1.9622572    0.234721870881
     39   S      83             0.4445380    0.813770285260

     40   S      84             0.1219496    1.000000000000

     41   P      85             0.8000000    1.000000000000

 H         

     42   S      86            13.0107010    0.033485484813
     42   S      87             1.9622572    0.234721870881
     42   S      88             0.4445380    0.813770285260

     43   S      89             0.1219496    1.000000000000

     44   P      90             0.8000000    1.000000000000

 MG        

     45   S      91          4953.8339196   -0.005730348253
     45   S      92           745.1804415   -0.042769871122
     45   S      93           169.2160497   -0.191096515460
     45   S      94            47.3006720   -0.482411503269
     45   S      95            14.4613370   -0.422007266852

     46   S      96            24.7681748    0.087115605721
     46   S      97             2.4940945   -0.546373693218
     46   S      98             0.8780758   -0.529320757859

     47   S      99             0.0872128    1.000000000000

     48   S     100             0.0335993    1.000000000000

     49   P     101            98.0530105   -0.014480564601
     49   P     102            22.5869323   -0.095495750787
     49   P     103             6.8391510   -0.307876726509
     49   P     104             2.2332844   -0.499362928859
     49   P     105             0.7160660   -0.315034762129

     50   P     106             0.1891480    1.000000000000

     51   P     107             0.0537688    1.000000000000

     52   D     108             0.1010000    1.000000000000

 O         

     53   S     109          2266.1767785   -0.005389350392
     53   S     110           340.8701019   -0.040234721389
     53   S     111            77.3631352   -0.180081842055
     53   S     112            21.4796449   -0.468288576577
     53   S     113             6.6589433   -0.446926171602

     54   S     114             0.8097598    1.000000000000

     55   S     115             0.2553077    1.000000000000

     56   P     116            17.7215043    0.062630248763
     56   P     117             3.8635505    0.333311384824
     56   P     118             1.0480921    0.741486383081

     57   P     119             0.2764154    1.000000000000

     58   D     120             1.2000000    1.000000000000

 CL        

     59   S     121         10449.8275660    0.005426595379
     59   S     122          1571.7365221    0.040626378129
     59   S     123           357.1206552    0.183597478529
     59   S     124           100.2518594    0.474389487682
     59   S     125            30.8127276    0.437351811041

     60   S     126            51.9237894   -0.092754154848
     60   S     127             5.7045761    0.563808255442
     60   S     128             2.3508377    0.503670446297

     61   S     129             0.4460512    1.000000000000

     62   S     130             0.1684886    1.000000000000

     63   P     131           307.6679057   -0.008879702559
     63   P     132            72.1020155   -0.064284071721
     63   P     133            22.5326803   -0.242887397360
     63   P     134             7.8991765   -0.483408363699
     63   P     135             2.8767268   -0.389525638755

     64   P     136             0.7745936    1.000000000000

     65   P     137             0.2103770    1.000000000000

     66   D     138             0.6500000    1.000000000000

 AL        

     67   S     139          5887.5727030    0.005651978962
     67   S     140           885.6122600    0.042218253427
     67   S     141           201.1360490    0.189187196726
     67   S     142            56.2849747    0.480435911881
     67   S     143            17.2295512    0.425872684294

     68   S     144            29.3402499    0.088568603239
     68   S     145             3.0439630   -0.543157066723
     68   S     146             1.1285540   -0.529385510294

     69   S     147             0.1423418    1.000000000000

     70   S     148             0.0544002    1.000000000000

     71   P     149           145.1191881    0.010726377859
     71   P     150            33.7178948    0.074103623546
     71   P     151            10.3698631    0.261296213060
     71   P     152             3.5135616    0.480201235327
     71   P     153             1.1980050    0.384382240624

     72   P     154             0.2658301    1.000000000000

     73   P     155             0.0710034    1.000000000000

     74   D     156             0.3000000    1.000000000000

 H         

     75   S     157            13.0107010    0.033485484813
     75   S     158             1.9622572    0.234721870881
     75   S     159             0.4445380    0.813770285260

     76   S     160             0.1219496    1.000000000000

     77   P     161             0.8000000    1.000000000000

 H         

     78   S     162            13.0107010    0.033485484813
     78   S     163             1.9622572    0.234721870881
     78   S     164             0.4445380    0.813770285260

     79   S     165             0.1219496    1.000000000000

     80   P     166             0.8000000    1.000000000000

 B         

     81   S     167           839.3183009   -0.005628883598
     81   S     168           126.2646484   -0.041832794610
     81   S     169            28.6206008   -0.184174881258
     81   S     170             7.8793723   -0.468396550281
     81   S     171             2.4088857   -0.444579308833

     82   S     172             0.2510511    1.000000000000

     83   S     173             0.0836489    1.000000000000

     84   P     174             6.0332224   -0.054032500323
     84   P     175             1.2499158   -0.301940343932
     84   P     176             0.3387168   -0.771707916582

     85   P     177             0.0964156    1.000000000000

     86   D     178             0.5000000    1.000000000000

 Total Number of Basis Set Shells             =   86
 Total Number of Primitives                   =  178
 Number of Cartesian Gaussian Basis Functions =  191
 Number of Electrons                          =  106
 Charge of Molecule                           =    0
 Spin Multiplicity                            =    1
 Number of Occupied Orbitals (Alpha)          =   53
 Number of Occupied Orbitals (Beta )          =   53
 Total Number of Atoms                        =   16

 Input Run Options
 -----------------
 IRUNTYP = 1  MULT = 1  ICHARG =  0 IECP = 0  IEMOM = 1  UNITS = ANGS    

 Integral Options
 ----------------
 CUTOFF = 1.0E-09   ISCHWZ = 1   ERITYP = FULL

 Input NOF Options
 -----------------

 Type of calculation =    Coeff. Opt.:   (ICOEF)         1
 Trigonometric functions for Occ. Opt.:  (ISOFTMAX)      0
 Type of Orb. Opt. = Orbital Rotations:  (IORBOPT)       4
 Maximum Number of Occ-Coef Outer Iter.: (MAXIT)      1000

 Natural Orbital Functional Selected:    (IPNOF)         8

 Restart calculation Option:             (RESTART)       T
 Orthogonalize the initial Orbitals:     (ORTHO)         T

 Output Option:                          (NPRINT)        0
 Output the Coefficient Matrix:          (IWRITEC)       0
 Do a Mulliken Population Analysis:      (IMULPOP)       0
 Write Information into a WFN file:      (IAIMPAC)       1
 Write Information into a FCHK file:     (IFCHK)         1
 Write Information into a MLP file:      (MOLDEN)        1
 Create Ini. Cond. (ini.xyz) file:       (INICOND)       1
 Calculate IPs using Ext. Koopmans Theo: (IEKT)          0
 Write APSG expansion coefficient file:  (APSG)          F
 Output option for Lagrange Multipliers: (PRINTLAG)      F
 Diagonalize matrix of Lag. Multipliers: (DIAGLAG)       F

 Nuclear Coordinates from GCF file:
 ----------------------------------

 Atom      Charge                Coordinates (Bohr)
                           x             y             z
 NA      11.00000       -2.1829        5.1764        2.5351
 H        1.00000       -2.7268       -3.3919       -0.2383
 O        8.00000       -0.7586        4.7469       -1.3993
 H        1.00000        2.9274        2.4444        3.1446
 MG      12.00000        1.2392       -4.4190        0.4323
 H        1.00000        3.2094       -3.2114       -6.0589
 AL      13.00000        0.7275        1.7162       -1.0501
 H        1.00000       -2.7281       -0.9080       -3.0968
 H        1.00000        4.3075       -3.2879       -1.1223
 MG      12.00000       -1.4255       -0.6992        3.0885
 O        8.00000        1.2771        2.0887        2.4416
 CL      17.00000       -4.1998        1.6796        5.5317
 AL      13.00000        2.6198       -1.7386       -3.5005
 H        1.00000       -1.1849        5.2930       -3.0872
 H        1.00000        0.4055       -3.7895        3.7134
 B        5.00000       -1.5067       -1.6997       -1.3337

------------------------------------------------------------------------

 Orbital Space
 -------------

 Inactive Doubly occupied orbitals up to NO1  =    0
 No. considered Strongly Doubly occupied MOs  =   53
 No. considered Strongly Singly occupied MOs  =    0
 No. of Weakly occ. per St. Doubly occ.  MOs  =    2
 Dimension of the Active Nat. Orb. subspace   =  159
 Secondary Empty orbitals                     =   32

 1e- integrals
 -------------
 Time to do integrals =      0.01
 Guess for MOs = HCORE
        15 MOs were matched and         0 equalized to zero

 2e- integrals
 -------------
 DONTW option skips storage 2e- integrals on Unit 1
           106651955 2e- integrals in     1 records
 Time to do integrals =      7.91

 RHF SCF Calculation
 -------------------
 EXTRAP=T  DAMP=T  DIIS=T
 DMat Conv = 1.0E-05  Ener Tol = 1.0E-08
 Ener Conv = 1.0E-10  DMat Tol = 2.0E-05
 DIIS Conv = 1.0E-07  DMat Tol = 2.0E-05

 ITER      TOTAL ENERGY        E CHANGE     DEN. CHANGE    DIIS ERROR
   1    -1611.4094074849 -1611.4094074849  94.312746649   2.076559490
   2    -1474.2902262544   137.1191812305  93.659286103   1.171927035
   3    -1591.6805152866  -117.3902890322  93.602389140   0.406160492
   4    -1377.1856954848   214.4948198018  89.770993163   0.979416134
   5    -1663.4396673582  -286.2539718734  12.444341804   0.528575619
   6    -1666.1105346168    -2.6708672586   5.933751489   0.670296959
   7    -1673.4866507581    -7.3761161413   1.432952109   0.310751407
   8    -1679.7806492935    -6.2939985354   0.568183419   0.205824232
   9    -1681.5036578376    -1.7230085441   0.429670721   0.110097726
  10    -1682.4083253624    -0.9046675248   0.193032600   0.043013148
  11    -1682.5094919255    -0.1011665631   0.088670036   0.010892211
  12    -1682.5206056882    -0.0111137626   0.036807327   0.004852357
  13    -1682.5226069016    -0.0020012134   0.024151135   0.001415202
  14    -1682.5228892662    -0.0002823647   0.003344672   0.000424880
  15    -1682.5229064894    -0.0000172232   0.000787071   0.000149785
  16    -1682.5229082977    -0.0000018082   0.000234345   0.000054273
  17    -1682.5229086050    -0.0000003073   0.000093562   0.000020114
  18    -1682.5229086454    -0.0000000405   0.000039334   0.000008670
  19    -1682.5229086527    -0.0000000073   0.000017800   0.000003270
  20    -1682.5229086536    -0.0000000009   0.000005863   0.000000962

          -----------------
          DENSITY CONVERGED
          -----------------

 FINAL RHF ENERGY IS    -1682.5229086536 AFTER  20 ITERATIONS

         WAVEFUNCTION NORMALIZATION =       1.0000000000

                ONE ELECTRON ENERGY =   -4018.8262102666
                TWO ELECTRON ENERGY =    1496.8296517023
           NUCLEAR REPULSION ENERGY =     839.4736499107
                                      ------------------
                   RHF TOTAL ENERGY =   -1682.5229086536

 ELECTRON-ELECTRON POTENTIAL ENERGY =    1496.8296517023
  NUCLEUS-ELECTRON POTENTIAL ENERGY =   -5698.0278464290
   NUCLEUS-NUCLEUS POTENTIAL ENERGY =     839.4736499107
                                      ------------------
             TOTAL POTENTIAL ENERGY =   -3361.7245448160
               TOTAL KINETIC ENERGY =    1679.2016361624
                 VIRIAL RATIO (V/T) =       2.0019778878

 Distribution Full ERIs:

 Integrals:                         106651955
 Max size per slaves:                 8887664
 Max size in master:                115539619

 No violations of the orthonormality


  RESULTS OF OCCUPATION-COEFFICIENT OPTIMIZATION
 ================================================

  Ex It  Orb It    Electronic Energy     Total Energy   Energy Convergency    Max Mul-Lag Diff

    1      10     -2523.1220501331    -1683.6484002224     0.0000000000           0.000274
    2      30     -2523.1221036227    -1683.6484537119    -0.0000534896           0.000934
    3      30     -2523.1222461586    -1683.6485962478    -0.0001425359           0.000943
    4      30     -2523.1224928238    -1683.6488429130    -0.0002466652           0.000982
    5      30     -2523.1228124865    -1683.6491625758    -0.0003196628           0.000935
    6      30     -2523.1231461550    -1683.6494962443    -0.0003336685           0.000925
    7      30     -2523.1234827044    -1683.6498327936    -0.0003365493           0.000943
    8      30     -2523.1238695053    -1683.6502195945    -0.0003868009           0.000939
    9      30     -2523.1243219597    -1683.6506720490    -0.0004524545           0.000936
   10      30     -2523.1247879453    -1683.6511380346    -0.0004659856           0.000924
   11      30     -2523.1251821504    -1683.6515322397    -0.0003942051           0.000910
   12      30     -2523.1255489603    -1683.6518990496    -0.0003668099           0.000914
   13      30     -2523.1258530945    -1683.6522031837    -0.0003041341           0.000963
   14      30     -2523.1261101164    -1683.6524602057    -0.0002570220           0.000924
   15      30     -2523.1262931419    -1683.6526432312    -0.0001830255           0.000937
   16      30     -2523.1264239456    -1683.6527740348    -0.0001308036           0.000927
   17      30     -2523.1265144436    -1683.6528645328    -0.0000904980           0.000910
   18      30     -2523.1265640561    -1683.6529141453    -0.0000496125           0.000917
   19      30     -2523.1265901023    -1683.6529401916    -0.0000260463           0.000925
   20      30     -2523.1266060435    -1683.6529561328    -0.0000159412           0.000921
   21      30     -2523.1266179069    -1683.6529679962    -0.0000118634           0.000911
   22      30     -2523.1266269659    -1683.6529770552    -0.0000090590           0.000933
   23      30     -2523.1266343907    -1683.6529844800    -0.0000074248           0.000932
   24      30     -2523.1266404351    -1683.6529905243    -0.0000060443           0.000935
   25      30     -2523.1266458511    -1683.6529959403    -0.0000054160           0.000917
   26      40     -2523.1266595390    -1683.6530096282    -0.0000136879           0.000196
   27      40     -2523.1266645286    -1683.6530146178    -0.0000049896           0.000194
   28      40     -2523.1266693215    -1683.6530194108    -0.0000047930           0.000193
   29      40     -2523.1266745018    -1683.6530245911    -0.0000051803           0.000192
   30      40     -2523.1266805712    -1683.6530306604    -0.0000060694           0.000187
   31      40     -2523.1266880076    -1683.6530380968    -0.0000074364           0.000185
   32      40     -2523.1266975841    -1683.6530476734    -0.0000095766           0.000186
   33      40     -2523.1267098957    -1683.6530599850    -0.0000123116           0.000185
   34      40     -2523.1267217881    -1683.6530718773    -0.0000118923           0.000183
   35      40     -2523.1267325931    -1683.6530826823    -0.0000108050           0.000187
   36      40     -2523.1267408718    -1683.6530909610    -0.0000082787           0.000178
   37      50     -2523.1267474923    -1683.6530975816    -0.0000066205           0.000033
   38      60     -2523.1267522220    -1683.6531023113    -0.0000047297           0.000005
   39      70     -2523.1267556409    -1683.6531057302    -0.0000034189           0.000005
   40      80     -2523.1267579798    -1683.6531080691    -0.0000023389           0.000004
   41      90     -2523.1267599946    -1683.6531100839    -0.0000020148           0.000003
   42     100     -2523.1267611081    -1683.6531111974    -0.0000011135           0.000003
   43     110     -2523.1267619273    -1683.6531120165    -0.0000008191           0.000002
   44     110     -2523.1267619986    -1683.6531120878    -0.0000000713           0.000005


  RESULTS OF THE OCCUPATION OPTIMIZATION
 ========================================

   OM     Occupation      Elag Diag

    1      1.9999999   -104.7846995
    2      1.9999995    -58.4380129
    3      1.9999993    -54.2097393
    4      1.9999992    -53.2918579
    5      1.9999987    -45.9814459
    6      1.9999979    -43.5926196
    7      1.9999835    -20.5886642
    8      1.9999833    -20.5887558
    9      1.9999580    -10.5221198
   10      1.9999261     -7.9113990
   11      1.9999146     -7.8741619
   12      1.9999134     -7.8659947
   13      1.9999111     -7.8600874
   14      1.9997939     -4.8486219
   15      1.9997870     -4.8486653
   16      1.9995892     -3.4741250
   17      1.9995713     -3.4816608
   18      1.9995270     -3.3953378
   19      1.9995178     -3.3746348
   20      1.9994657     -3.3283351
   21      1.9992729     -2.9292278
   22      1.9990982     -2.7600181
   23      1.9990946     -2.8102185
   24      1.9990762     -2.7656910
   25      1.9989080     -2.6677873
   26      1.9987348     -2.6279412
   27      1.9987111     -2.6278799
   28      1.9981477     -2.2374077
   29      1.9975804     -2.0585280
   30      1.9969006     -1.9435277
   31      1.9967916     -1.9422452
   32      1.9962614     -1.8932640
   33      1.9942512     -1.5516295
   34      1.9871774     -1.2250126
   35      1.9867671     -1.1854567
   36      1.9833082     -1.0226572
   37      1.9767517     -0.5347493
   38      1.9759183     -0.5773001
   39      1.9751412     -0.4413788
   40      1.9746570     -0.5163102
   41      1.9742850     -0.4531783
   42      1.9742780     -0.6408402
   43      1.9741400     -0.4667729
   44      1.9740837     -0.3601171
   45      1.9740124     -0.6216011
   46      1.9736598     -0.7839324
   47      1.9733792     -0.7503790
   48      1.9721812     -0.5067599
   49      1.9720682     -0.5099684
   50      1.9710741     -0.4417740
   51      1.9709026     -0.4829214
   52      1.9700702     -0.4716187
   53      1.9671692     -0.3119205
   54      0.0113948     -0.0113980
   55      0.0127211     -0.0120963
   56      0.0116687     -0.0119158
   57      0.0223725     -0.0205777
   58      0.0204278     -0.0207153
   59      0.0188717     -0.0256681
   60      0.0226269     -0.0322464
   61      0.0219801     -0.0321045
   62      0.0221119     -0.0318526
   63      0.0185919     -0.0196522
   64      0.0105492     -0.0139599
   65      0.0218620     -0.0315006
   66      0.0137943     -0.0171255
   67      0.0070065     -0.0085046
   68      0.0077386     -0.0096012
   69      0.0056867     -0.0100863
   70      0.0172424     -0.0221167
   71      0.0075414     -0.0128770
   72      0.0035049     -0.0083174
   73      0.0092259     -0.0201802
   74      0.0039675     -0.0092422
   75      0.0020979     -0.0064307
   76      0.0017392     -0.0052654
   77      0.0017366     -0.0054335
   78      0.0013250     -0.0040239
   79      0.0010048     -0.0031698
   80      0.0007781     -0.0026364
   81      0.0006929     -0.0024785
   82      0.0006309     -0.0022503
   83      0.0005261     -0.0019382
   84      0.0005380     -0.0020606
   85      0.0004918     -0.0018278
   86      0.0003763     -0.0013866
   87      0.0002793     -0.0011581
   88      0.0002594     -0.0011148
   89      0.0002531     -0.0010740
   90      0.0002310     -0.0009932
   91      0.0002212     -0.0009553
   92      0.0001117     -0.0006192
   93      0.0001060     -0.0005792
   94      0.0000474     -0.0004029
   95      0.0000442     -0.0003747
   96      0.0000441     -0.0003739
   97      0.0000381     -0.0003288
   98      0.0000216     -0.0002374
   99      0.0000085     -0.0001458
  100      0.0000088     -0.0001504
  101      0.0000011     -0.0000476
  102      0.0000009     -0.0000398
  103      0.0000005     -0.0000273
  104      0.0000005     -0.0000255
  105      0.0000002     -0.0000115
  106      0.0000001     -0.0000063
  107      0.0214359     -0.0198261
  108      0.0172087     -0.0157653
  109      0.0174288     -0.0170765
  110      0.0065534     -0.0066780
  111      0.0075040     -0.0088267
  112      0.0089471     -0.0128656
  113      0.0039939     -0.0080507
  114      0.0043600     -0.0085898
  115      0.0038757     -0.0080556
  116      0.0073243     -0.0093196
  117      0.0153108     -0.0199914
  118      0.0038599     -0.0080039
  119      0.0119207     -0.0151488
  120      0.0183364     -0.0186868
  121      0.0171202     -0.0188970
  122      0.0183950     -0.0242708
  123      0.0060058     -0.0104554
  124      0.0091504     -0.0198325
  125      0.0097280     -0.0208672
  126      0.0035967     -0.0084856
  127      0.0017814     -0.0058520
  128      0.0016408     -0.0051542
  129      0.0014693     -0.0045634
  130      0.0013628     -0.0043873
  131      0.0010946     -0.0034009
  132      0.0008475     -0.0027790
  133      0.0005108     -0.0016974
  134      0.0005723     -0.0019380
  135      0.0004611     -0.0016355
  136      0.0003977     -0.0013763
  137      0.0003673     -0.0013395
  138      0.0004100     -0.0014359
  139      0.0003508     -0.0013177
  140      0.0002550     -0.0010698
  141      0.0002229     -0.0009139
  142      0.0002199     -0.0009009
  143      0.0001978     -0.0008370
  144      0.0001896     -0.0007845
  145      0.0001013     -0.0005734
  146      0.0001001     -0.0005737
  147      0.0000415     -0.0003517
  148      0.0000424     -0.0003588
  149      0.0000413     -0.0003518
  150      0.0000358     -0.0003094
  151      0.0000204     -0.0002232
  152      0.0000082     -0.0001369
  153      0.0000077     -0.0001292
  154      0.0000010     -0.0000452
  155      0.0000005     -0.0000217
  156      0.0000003     -0.0000140
  157      0.0000002     -0.0000121
  158      0.0000003     -0.0000173
  159      0.0000000     -0.0000048

   RO Sum ( 106) =  106.00

  ---------------
   Dipole Moment
  ---------------

      5.1461 Debye [   2.0246  (   0.3164,   1.2877,   1.5299) ]

 ----------------
  Final Energies  
 ----------------

  Final NOF Total Energy =    -1683.6531120878 ( 5.E-06 , 0.E+00 )


  **************************************************
  *                                                *
  *       SINGLE-POINT DoNOF CALCULATION           *
  *                                                *
  *             FULL OPTIMIZATION                  *
  *                                                *
  *  FINAL RESULTS   FINAL RESULTS  FINAL RESULTS  *
  *                                                *
  **************************************************

  **************************************************
  *         No. EXTERNAL ITER =    44              *
  *         No. of TOTAL ITER =  1840              *
  **************************************************

  Elapsed real time :  35007.21  (Seconds)
  Git sha : bcb372acca69df19ae91719c988dea244a3c3d1c                                                            

 The execution finished at 22h 17min on the 12/23/2024
