 This is the parallel version of the code
 This is the parallel version of the code
 This is the parallel version of the code
 This is the parallel version of the code
 This is the parallel version of the code
 This is the parallel version of the code
 This is the parallel version of the code
 This is the parallel version of the code
Master:    0

 The execution started at 15h 22min on the 12/ 4/2024

    ===========================================================
    !                                                         !
    !                        Do N O F                         !
    !                                                         !
    !  (Donostia Natural Orbital Functional Software Program) !
    !                                                         !
    !               COPYRIGHT by Mario Piris                  !
    !                                                         !
    !      Donostia International Physics Center (DIPC)       !
    !       University of the Basque Country (UPV/EHU)        !
    !       Basque Foundation for Science (IKERBASQUE)        !
    !                                                         !
    !          GNU General Public License version 3           !
    !                                                         !
    !                  VERSION: Mayo 2024                     !
    !                                                         !
    ===========================================================

 Run Title
 ---------
 p30-20 set                                                                      

 Basis Set
 ---------
 /beegfs_agamede/gscratch/povmieci/SCRATCH/66499/def2-svp.bas                    

 Atom      Charge                Coordinates (Bohr)
                           x             y             z
 F           9.0        3.3548        2.6952       -2.5626
 F           9.0       -4.2966       -1.6093        3.3310
 B           5.0        1.0829       -2.4158       -3.9630
 C           6.0       -0.3989        2.9995        1.3076
 F           9.0        4.5963        1.0194        1.7881
 F           9.0       -3.9664       -0.2869       -1.0536
 SI         14.0        2.9352        3.3471        0.3957
 F           9.0        2.9898       -3.2447       -5.4102
 H           1.0       -0.6266        3.7910        3.2157
 H           1.0       -0.3125       -0.8791       -4.8294
 S          16.0        0.6658       -3.7671       -0.8527
 H           1.0       -1.5310        4.1347       -0.0103
 H           1.0        0.3316       -1.4752        3.9180
 LI          3.0        3.1792       -2.1972        2.4660
 LI          3.0       -6.4149       -1.4376        0.7803
 AL         13.0       -1.5888       -0.6741        1.4794

 Atomic Basis Set
 ----------------
 The contracted primitive functions were unnormalized
 The contracted basis functions are now normalized to unity

  Shell Type  Primitive         Exponent  Contraction Coefficient

 F         

      1   S       1          2894.8325990   -0.005349321176
      1   S       2           435.4193912   -0.039967734372
      1   S       3            98.8433289   -0.179412617888
      1   S       4            27.4851980   -0.468324686869
      1   S       5             8.5405498   -0.447241605328

      2   S       6             1.0654578    1.000000000000

      3   S       7             0.3324735    1.000000000000

      4   P       8            22.6966339   -0.064782148241
      4   P       9             4.9872339   -0.340357853553
      4   P      10             1.3491614   -0.734858153660

      5   P      11             0.3482988    1.000000000000

      6   D      12             1.4000000    1.000000000000

 F         

      7   S      13          2894.8325990   -0.005349321176
      7   S      14           435.4193912   -0.039967734372
      7   S      15            98.8433289   -0.179412617888
      7   S      16            27.4851980   -0.468324686869
      7   S      17             8.5405498   -0.447241605328

      8   S      18             1.0654578    1.000000000000

      9   S      19             0.3324735    1.000000000000

     10   P      20            22.6966339   -0.064782148241
     10   P      21             4.9872339   -0.340357853553
     10   P      22             1.3491614   -0.734858153660

     11   P      23             0.3482988    1.000000000000

     12   D      24             1.4000000    1.000000000000

 B         

     13   S      25           839.3183009   -0.005628883598
     13   S      26           126.2646484   -0.041832794610
     13   S      27            28.6206008   -0.184174881258
     13   S      28             7.8793723   -0.468396550281
     13   S      29             2.4088857   -0.444579308833

     14   S      30             0.2510511    1.000000000000

     15   S      31             0.0836489    1.000000000000

     16   P      32             6.0332224   -0.054032500323
     16   P      33             1.2499158   -0.301940343932
     16   P      34             0.3387168   -0.771707916582

     17   P      35             0.0964156    1.000000000000

     18   D      36             0.5000000    1.000000000000

 C         

     19   S      37          1238.4016938    0.005517365048
     19   S      38           186.2900499    0.041088828556
     19   S      39            42.2511763    0.182253821265
     19   S      40            11.6765579    0.468284594374
     19   S      41             3.5930506    0.445758173360

     20   S      42             0.4024515    1.000000000000

     21   S      43             0.1309018    1.000000000000

     22   P      44             9.4680971    0.056888332011
     22   P      45             2.0103545    0.312940593365
     22   P      46             0.5477100    0.760650165091

     23   P      47             0.1526861    1.000000000000

     24   D      48             0.8000000    1.000000000000

 F         

     25   S      49          2894.8325990   -0.005349321176
     25   S      50           435.4193912   -0.039967734372
     25   S      51            98.8433289   -0.179412617888
     25   S      52            27.4851980   -0.468324686869
     25   S      53             8.5405498   -0.447241605328

     26   S      54             1.0654578    1.000000000000

     27   S      55             0.3324735    1.000000000000

     28   P      56            22.6966339   -0.064782148241
     28   P      57             4.9872339   -0.340357853553
     28   P      58             1.3491614   -0.734858153660

     29   P      59             0.3482988    1.000000000000

     30   D      60             1.4000000    1.000000000000

 F         

     31   S      61          2894.8325990   -0.005349321176
     31   S      62           435.4193912   -0.039967734372
     31   S      63            98.8433289   -0.179412617888
     31   S      64            27.4851980   -0.468324686869
     31   S      65             8.5405498   -0.447241605328

     32   S      66             1.0654578    1.000000000000

     33   S      67             0.3324735    1.000000000000

     34   P      68            22.6966339   -0.064782148241
     34   P      69             4.9872339   -0.340357853553
     34   P      70             1.3491614   -0.734858153660

     35   P      71             0.3482988    1.000000000000

     36   D      72             1.4000000    1.000000000000

 SI        

     37   S      73          6903.7118686    0.005584465887
     37   S      74          1038.4346419    0.041742284436
     37   S      75           235.8758148    0.187528023742
     37   S      76            66.0693852    0.478678596587
     37   S      77            20.2479458    0.429256952162

     38   S      78            34.3534817    0.089834899465
     38   S      79             3.6370788   -0.545685958777
     38   S      80             1.4002049   -0.524810829267

     39   S      81             0.2048441    1.000000000000

     40   S      82             0.0779941    1.000000000000

     41   P      83           179.8390737    0.010133498379
     41   P      84            41.9072588    0.071029041096
     41   P      85            12.9552944    0.255839142169
     41   P      86             4.4383267    0.481498047149
     41   P      87             1.5462248    0.385211960064

     42   P      88             0.3560761    1.000000000000

     43   P      89             0.1000851    1.000000000000

     44   D      90             0.3500000    1.000000000000

 F         

     45   S      91          2894.8325990   -0.005349321176
     45   S      92           435.4193912   -0.039967734372
     45   S      93            98.8433289   -0.179412617888
     45   S      94            27.4851980   -0.468324686869
     45   S      95             8.5405498   -0.447241605328

     46   S      96             1.0654578    1.000000000000

     47   S      97             0.3324735    1.000000000000

     48   P      98            22.6966339   -0.064782148241
     48   P      99             4.9872339   -0.340357853553
     48   P     100             1.3491614   -0.734858153660

     49   P     101             0.3482988    1.000000000000

     50   D     102             1.4000000    1.000000000000

 H         

     51   S     103            13.0107010    0.033485484813
     51   S     104             1.9622572    0.234721870881
     51   S     105             0.4445380    0.813770285260

     52   S     106             0.1219496    1.000000000000

     53   P     107             0.8000000    1.000000000000

 H         

     54   S     108            13.0107010    0.033485484813
     54   S     109             1.9622572    0.234721870881
     54   S     110             0.4445380    0.813770285260

     55   S     111             0.1219496    1.000000000000

     56   P     112             0.8000000    1.000000000000

 S         

     57   S     113          9184.9303010   -0.005472946613
     57   S     114          1381.5105503   -0.040954402155
     57   S     115           313.8714758   -0.184758289562
     57   S     116            88.0538706   -0.475672806440
     57   S     117            27.0399149   -0.434951535842

     58   S     118            45.6487313   -0.091904045809
     58   S     119             4.9664522    0.556987772145
     58   S     120             2.0116242    0.511154682985

     59   S     121             0.3566108    1.000000000000

     60   S     122             0.1350722    1.000000000000

     61   P     123           261.9823344   -0.009183054659
     61   P     124            61.3068947   -0.065902226526
     61   P     125            19.1037299   -0.245877845187
     61   P     126             6.6567720   -0.482314710760
     61   P     127             2.3959635   -0.389563143514

     62   P     128             0.6177616    1.000000000000

     63   P     129             0.1699338    1.000000000000

     64   D     130             0.5500000    1.000000000000

 H         

     65   S     131            13.0107010    0.033485484813
     65   S     132             1.9622572    0.234721870881
     65   S     133             0.4445380    0.813770285260

     66   S     134             0.1219496    1.000000000000

     67   P     135             0.8000000    1.000000000000

 H         

     68   S     136            13.0107010    0.033485484813
     68   S     137             1.9622572    0.234721870881
     68   S     138             0.4445380    0.813770285260

     69   S     139             0.1219496    1.000000000000

     70   P     140             0.8000000    1.000000000000

 LI        

     71   S     141           266.2778552    0.006354286535
     71   S     142            40.0697834    0.046734889363
     71   S     143             9.0559944    0.198387923560
     71   S     144             2.4503009    0.475753833454
     71   S     145             0.7220957    0.427014289368

     72   S     146             0.0528109    1.000000000000

     73   S     147             0.0209609    1.000000000000

     74   P     148             1.4500000    0.224912327222
     74   P     149             0.3000000    0.869730577039

     75   P     150             0.0820000    1.000000000000

 LI        

     76   S     151           266.2778552    0.006354286535
     76   S     152            40.0697834    0.046734889363
     76   S     153             9.0559944    0.198387923560
     76   S     154             2.4503009    0.475753833454
     76   S     155             0.7220957    0.427014289368

     77   S     156             0.0528109    1.000000000000

     78   S     157             0.0209609    1.000000000000

     79   P     158             1.4500000    0.224912327222
     79   P     159             0.3000000    0.869730577039

     80   P     160             0.0820000    1.000000000000

 AL        

     81   S     161          5887.5727030    0.005651978962
     81   S     162           885.6122600    0.042218253427
     81   S     163           201.1360490    0.189187196726
     81   S     164            56.2849747    0.480435911881
     81   S     165            17.2295512    0.425872684294

     82   S     166            29.3402499    0.088568603239
     82   S     167             3.0439630   -0.543157066723
     82   S     168             1.1285540   -0.529385510294

     83   S     169             0.1423418    1.000000000000

     84   S     170             0.0544002    1.000000000000

     85   P     171           145.1191881    0.010726377859
     85   P     172            33.7178948    0.074103623546
     85   P     173            10.3698631    0.261296213060
     85   P     174             3.5135616    0.480201235327
     85   P     175             1.1980050    0.384382240624

     86   P     176             0.2658301    1.000000000000

     87   P     177             0.0710034    1.000000000000

     88   D     178             0.3000000    1.000000000000

 Total Number of Basis Set Shells             =   88
 Total Number of Primitives                   =  178
 Number of Cartesian Gaussian Basis Functions =  200
 Number of Electrons                          =  109
 Charge of Molecule                           =    0
 Spin Multiplicity                            =    2
 Number of Occupied Orbitals (Alpha)          =   55
 Number of Occupied Orbitals (Beta )          =   54
 Total Number of Atoms                        =   16

 Input Run Options
 -----------------
 IRUNTYP = 1  MULT = 2  ICHARG =  0 IECP = 0  IEMOM = 1  UNITS = ANGS    

 Integral Options
 ----------------
 CUTOFF = 1.0E-09   ISCHWZ = 1   ERITYP = FULL

 Input NOF Options
 -----------------

 Type of calculation =    Coeff. Opt.:   (ICOEF)         1
 Use Softmax function for Occ. Opt.:     (ISOFTMAX)      1
 Type of Orb. Opt. = Orbital Rotations:  (IORBOPT)       4
 Maximum Number of Occ-Coef Outer Iter.: (MAXIT)      1000

 Natural Orbital Functional Selected:    (IPNOF)         8
 Spin-Multiplet, High-Spin State Option: (HighSpin)      F

 Restart calculation Option:             (RESTART)       F
 Restart Gamma Matrix from GCF file:     (INPUTGAMMA)    0
 Coefficient Matrix from GCF file:       (INPUTC)        0
 Diagonal Elements FMIUG from GCF file:  (INPUTFMIUG)    0
 Cartesian Coordinates from GCF file:    (INPUTCXYZ)     0
 Orthogonalize the initial Orbitals:     (ORTHO)         T

 Output Option:                          (NPRINT)        0
 Output the Coefficient Matrix:          (IWRITEC)       0
 Do a Mulliken Population Analysis:      (IMULPOP)       0
 Write Information into a WFN file:      (IAIMPAC)       1
 Write Information into a FCHK file:     (IFCHK)         1
 Write Information into a MLP file:      (MOLDEN)        1
 Create Ini. Cond. (ini.xyz) file:       (INICOND)       1
 Calculate IPs using Ext. Koopmans Theo: (IEKT)          0
 Write APSG expansion coefficient file:  (APSG)          F
 Output option for Lagrange Multipliers: (PRINTLAG)      F
 Diagonalize matrix of Lag. Multipliers: (DIAGLAG)       F

------------------------------------------------------------------------

 Orbital Space
 -------------

 Inactive Doubly occupied orbitals up to NO1  =    0
 No. considered Strongly Doubly occupied MOs  =   54
 No. considered Strongly Singly occupied MOs  =    1
 No. of Weakly occ. per St. Doubly occ.  MOs  =    2
 Dimension of the Active Nat. Orb. subspace   =  162
 Secondary Empty orbitals                     =   37

 1e- integrals
 -------------
 Time to do integrals =      0.01
 Guess for MOs = HCORE
         9 MOs were matched and         0 equalized to zero

 2e- integrals
 -------------
 DONTW option skips storage 2e- integrals on Unit 1
            96661482 2e- integrals in     1 records
 Time to do integrals =      6.89

 Distribution Full ERIs:

 Integrals:                          96661482
 Max size per slaves:                12082686
 Max size in master:                108744168

 Input for Coefficients is HCORE


  RESULTS OF OCCUPATION-COEFFICIENT OPTIMIZATION
 ================================================

  Ex It  Orb It    Electronic Energy     Total Energy   Energy Convergency    Max Mul-Lag Diff

    1      10     -2418.0716179880    -1482.3853052062   -53.9572171623           0.717789
    2      10     -2435.9331658151    -1500.2468530333   -17.8615478271           0.295607
    3      10     -2439.9867703872    -1504.3004576054    -4.0536045721           0.156546
    4      10     -2441.2587930353    -1505.5724802535    -1.2720226481           0.181173
    5      10     -2441.7712549326    -1506.0849421507    -0.5124618972           0.142724
    6      10     -2441.9911267843    -1506.3048140025    -0.2198718518           0.138147
    7      10     -2442.1076631305    -1506.4213503487    -0.1165363462           0.138007
    8      10     -2442.1695141958    -1506.4832014140    -0.0618510653           0.145367
    9      10     -2442.2346460084    -1506.5483332266    -0.0651318126           0.153757
   10      10     -2442.2865900086    -1506.6002772268    -0.0519440002           0.166320
   11      10     -2442.3318977849    -1506.6455850031    -0.0453077763           0.135832
   12      10     -2442.3601330059    -1506.6738202241    -0.0282352210           0.143001
   13      10     -2442.3760956255    -1506.6897828437    -0.0159626196           0.128521
   14      10     -2442.3746386919    -1506.6883259100     0.0014569337           0.169686
   15      20     -2442.4928713015    -1506.8065585196    -0.1182326096           0.005844
   16      20     -2442.4938389386    -1506.8075261568    -0.0009676371           0.002797
   17      20     -2442.4945799425    -1506.8082671607    -0.0007410039           0.002732
   18      20     -2442.4953077320    -1506.8089949501    -0.0007277894           0.003031
   19      20     -2442.4960569183    -1506.8097441365    -0.0007491863           0.002480
   20      20     -2442.4968440307    -1506.8105312489    -0.0007871124           0.002715
   21      20     -2442.4976917062    -1506.8113789244    -0.0008476755           0.002674
   22      20     -2442.4985797058    -1506.8122669240    -0.0008879996           0.002419
   23      20     -2442.4995365575    -1506.8132237756    -0.0009568517           0.002833
   24      20     -2442.5005574813    -1506.8142446994    -0.0010209238           0.002567
   25      20     -2442.5016308327    -1506.8153180509    -0.0010733514           0.002599
   26      20     -2442.5027159690    -1506.8164031872    -0.0010851363           0.002882
   27      20     -2442.5037669365    -1506.8174541547    -0.0010509675           0.002493
   28      20     -2442.5047332419    -1506.8184204600    -0.0009663053           0.002602
   29      20     -2442.5055961206    -1506.8192833388    -0.0008628788           0.002763
   30      20     -2442.5063625390    -1506.8200497572    -0.0007664184           0.002400
   31      20     -2442.5070162849    -1506.8207035031    -0.0006537459           0.002742
   32      20     -2442.5075855812    -1506.8212727993    -0.0005692963           0.003096
   33      20     -2442.5080710147    -1506.8217582329    -0.0004854335           0.002483
   34      20     -2442.5084663940    -1506.8221536121    -0.0003953793           0.002572
   35      20     -2442.5087822535    -1506.8224694717    -0.0003158595           0.002674
   36      20     -2442.5090277674    -1506.8227149856    -0.0002455139           0.002257
   37      20     -2442.5092103285    -1506.8228975467    -0.0001825611           0.002303
   38      20     -2442.5093488989    -1506.8230361171    -0.0001385704           0.002472
   39      20     -2442.5094512186    -1506.8231384368    -0.0001023197           0.002411
   40      20     -2442.5095246207    -1506.8232118388    -0.0000734021           0.002751
   41      20     -2442.5095862018    -1506.8232734200    -0.0000615811           0.002568
   42      20     -2442.5096351831    -1506.8233224013    -0.0000489813           0.002205
   43      30     -2442.5097362270    -1506.8234234451    -0.0001010439           0.000913
   44      40     -2442.5097819494    -1506.8234691675    -0.0000457224           0.000175
   45      50     -2442.5098073347    -1506.8234945528    -0.0000253853           0.000030
   46      50     -2442.5098082778    -1506.8234954959    -0.0000009431           0.000029


  RESULTS OF THE OCCUPATION OPTIMIZATION
 ========================================

   OM     Occupation      Elag Diag

    1      2.0000000    -71.3656402
    2      2.0000000    -89.3991272
    3      1.9999986    -58.4789671
    4      1.9999874    -26.3069306
    5      1.9999862    -26.3208889
    6      1.9999787    -26.3198392
    7      1.9999787    -26.3262284
    8      1.9999779    -26.3132574
    9      1.9998700    -10.0875090
   10      1.9998662    -10.0258242
   11      1.9997486     -6.9552731
   12      1.9997182     -6.8293294
   13      1.9996933     -6.7404998
   14      1.9996196     -6.4208492
   15      1.9995921     -6.3486495
   16      1.9992923     -4.8561560
   17      1.9992178     -4.7152856
   18      1.9989073     -4.0763911
   19      1.9986524     -3.7736002
   20      1.9986379     -3.7719616
   21      1.9976328     -2.9487267
   22      1.9975727     -2.8547278
   23      1.9972846     -2.8211417
   24      1.9967274     -2.8428897
   25      1.9934229     -1.5596969
   26      1.9933894     -1.5592029
   27      1.9933515     -1.5085027
   28      1.9933212     -1.5887767
   29      1.9888873     -1.4513217
   30      1.9846499     -0.6972555
   31      1.9840839     -0.7380323
   32      1.9835467     -0.9001893
   33      1.9819684     -0.6886113
   34      1.9804529     -0.7236884
   35      1.9799467     -0.6442566
   36      1.9797890     -0.6537029
   37      1.9793077     -0.6438835
   38      1.9791295     -0.6960530
   39      1.9780774     -0.6929997
   40      1.9767764     -0.6834619
   41      1.9765905     -0.5748473
   42      1.9764036     -0.6708086
   43      1.9758379     -0.7387037
   44      1.9754491     -0.5175489
   45      1.9752673     -0.6729087
   46      1.9746082     -0.4507888
   47      1.9745574     -0.6606242
   48      1.9744445     -0.8097174
   49      1.9738947     -0.8083938
   50      1.9738432     -0.3963823
   51      1.9735244     -0.7883364
   52      1.9734196     -0.4111864
   53      1.9718380     -0.6084967
   54      1.9701909     -0.5269824
   55      1.0000000     -0.1893201
   56      0.0233076     -0.0310948
   57      0.0225345     -0.0297850
   58      0.0172543     -0.0200596
   59      0.0233142     -0.0399468
   60      0.0160254     -0.0186466
   61      0.0230103     -0.0392584
   62      0.0038044     -0.0091071
   63      0.0198278     -0.0227167
   64      0.0253918     -0.0273069
   65      0.0191926     -0.0225027
   66      0.0051613     -0.0077669
   67      0.0208426     -0.0347164
   68      0.0199605     -0.0308489
   69      0.0065764     -0.0104079
   70      0.0192227     -0.0282649
   71      0.0119138     -0.0199531
   72      0.0167775     -0.0258811
   73      0.0094478     -0.0195456
   74      0.0044880     -0.0098834
   75      0.0155016     -0.0230729
   76      0.0146619     -0.0224109
   77      0.0092814     -0.0223544
   78      0.0093630     -0.0191263
   79      0.0118831     -0.0254045
   80      0.0105676     -0.0243046
   81      0.0081523     -0.0221745
   82      0.0032304     -0.0093355
   83      0.0033065     -0.0093326
   84      0.0034077     -0.0094097
   85      0.0033753     -0.0094079
   86      0.0013828     -0.0067032
   87      0.0013068     -0.0054662
   88      0.0014061     -0.0067292
   89      0.0013755     -0.0066851
   90      0.0007558     -0.0043257
   91      0.0006339     -0.0032682
   92      0.0000000     -0.0000000
   93      0.0004342     -0.0025986
   94      0.0003565     -0.0022575
   95      0.0002117     -0.0017290
   96      0.0002020     -0.0016699
   97      0.0001649     -0.0013486
   98      0.0001538     -0.0012007
   99      0.0001311     -0.0010626
  100      0.0000701     -0.0007151
  101      0.0000626     -0.0006401
  102      0.0000102     -0.0002329
  103      0.0000117     -0.0002690
  104      0.0000109     -0.0002531
  105      0.0000138     -0.0003060
  106      0.0000126     -0.0002777
  107      0.0000014     -0.0000847
  108      0.0000000     -0.0000000
  109      0.0000000     -0.0000011
  110      0.0065015     -0.0095186
  111      0.0056275     -0.0082535
  112      0.0093260     -0.0120596
  113      0.0031614     -0.0083347
  114      0.0101314     -0.0124841
  115      0.0030950     -0.0083700
  116      0.0217511     -0.0372812
  117      0.0056148     -0.0079663
  118      0.0000000     -0.0000000
  119      0.0055402     -0.0080794
  120      0.0193896     -0.0240212
  121      0.0033195     -0.0086498
  122      0.0036359     -0.0088062
  123      0.0168331     -0.0195442
  124      0.0040010     -0.0090133
  125      0.0100088     -0.0175590
  126      0.0040930     -0.0094877
  127      0.0112445     -0.0228461
  128      0.0157230     -0.0229589
  129      0.0045517     -0.0098941
  130      0.0048852     -0.0103720
  131      0.0087502     -0.0154430
  132      0.0070904     -0.0108379
  133      0.0040330     -0.0096791
  134      0.0047825     -0.0103139
  135      0.0029604     -0.0088866
  136      0.0034484     -0.0095089
  137      0.0033420     -0.0093547
  138      0.0032029     -0.0091221
  139      0.0032018     -0.0092095
  140      0.0018898     -0.0078467
  141      0.0014086     -0.0067111
  142      0.0010211     -0.0045260
  143      0.0009917     -0.0043019
  144      0.0006063     -0.0031405
  145      0.0007137     -0.0040148
  146      0.0010927     -0.0060220
  147      0.0003481     -0.0022208
  148      0.0003512     -0.0022137
  149      0.0001962     -0.0016228
  150      0.0001784     -0.0014255
  151      0.0001418     -0.0010802
  152      0.0001279     -0.0009683
  153      0.0001203     -0.0009248
  154      0.0000637     -0.0006569
  155      0.0000674     -0.0006995
  156      0.0000119     -0.0002788
  157      0.0000096     -0.0002200
  158      0.0000103     -0.0002370
  159      0.0000000     -0.0000011
  160      0.0000000     -0.0000005
  161      0.0000000     -0.0000007
  162      0.0000000     -0.0000017
  163      0.0000000     -0.0000000

   RO Sum ( 109) =  109.00

  ---------------
   Dipole Moment
  ---------------

      5.0676 Debye [   1.9938  (  -1.6328,   0.2070,   1.1253) ]

 ----------------
  Final Energies  
 ----------------

  Final NOF Total Energy =    -1506.8234954959 ( 3.E-05 , 0.E+00 )


  **************************************************
  *                                                *
  *       SINGLE-POINT DoNOF CALCULATION           *
  *                                                *
  *             FULL OPTIMIZATION                  *
  *                                                *
  *  FINAL RESULTS   FINAL RESULTS  FINAL RESULTS  *
  *                                                *
  **************************************************

  **************************************************
  *         No. EXTERNAL ITER =    46              *
  *         No. of TOTAL ITER =   870              *
  **************************************************

  Elapsed real time :  26090.94  (Seconds)
  Git sha : bcb372acca69df19ae91719c988dea244a3c3d1c                                                            

 The execution finished at 22h 40min on the 12/ 4/2024
