 This is the serial version of the code

 The execution started at 17h  2min on the 12/ 4/2024

    ===========================================================
    !                                                         !
    !                        Do N O F                         !
    !                                                         !
    !  (Donostia Natural Orbital Functional Software Program) !
    !                                                         !
    !               COPYRIGHT by Mario Piris                  !
    !                                                         !
    !      Donostia International Physics Center (DIPC)       !
    !       University of the Basque Country (UPV/EHU)        !
    !       Basque Foundation for Science (IKERBASQUE)        !
    !                                                         !
    !          GNU General Public License version 3           !
    !                                                         !
    !                  VERSION: Mayo 2024                     !
    !                                                         !
    ===========================================================

 Run Title
 ---------
 p30-20 set                                                                      

 Basis Set
 ---------
 /home/ion/P30-20/gnof/def2-svp.bas                                              

 Atom      Charge                Coordinates (Bohr)
                           x             y             z
 MG         12.0        0.0000        0.0000        0.0000
 H           1.0        0.0000        0.0000       -3.2256
 H           1.0        0.0000        0.0000        3.2256

 Atomic Basis Set
 ----------------
 The contracted primitive functions were unnormalized
 The contracted basis functions are now normalized to unity

  Shell Type  Primitive         Exponent  Contraction Coefficient

 MG        
 
      1   S       1          4953.8339196   -0.005730348253
      1   S       2           745.1804415   -0.042769871122
      1   S       3           169.2160497   -0.191096515460
      1   S       4            47.3006720   -0.482411503269
      1   S       5            14.4613370   -0.422007266852
 
      2   S       6            24.7681748    0.087115605721
      2   S       7             2.4940945   -0.546373693218
      2   S       8             0.8780758   -0.529320757859
 
      3   S       9             0.0872128    1.000000000000
 
      4   S      10             0.0335993    1.000000000000
 
      5   P      11            98.0530105   -0.014480564601
      5   P      12            22.5869323   -0.095495750787
      5   P      13             6.8391510   -0.307876726509
      5   P      14             2.2332844   -0.499362928859
      5   P      15             0.7160660   -0.315034762129
 
      6   P      16             0.1891480    1.000000000000
 
      7   P      17             0.0537688    1.000000000000
 
      8   D      18             0.1010000    1.000000000000

 H         
 
      9   S      19            13.0107010    0.033485484813
      9   S      20             1.9622572    0.234721870881
      9   S      21             0.4445380    0.813770285260
 
     10   S      22             0.1219496    1.000000000000
 
     11   P      23             0.8000000    1.000000000000

 H         
 
     12   S      24            13.0107010    0.033485484813
     12   S      25             1.9622572    0.234721870881
     12   S      26             0.4445380    0.813770285260
 
     13   S      27             0.1219496    1.000000000000
 
     14   P      28             0.8000000    1.000000000000

 Total Number of Basis Set Shells             =   14
 Total Number of Primitives                   =   28
 Number of Cartesian Gaussian Basis Functions =   29
 Number of Electrons                          =   14
 Charge of Molecule                           =    0
 Spin Multiplicity                            =    1
 Number of Occupied Orbitals (Alpha)          =    7
 Number of Occupied Orbitals (Beta )          =    7
 Total Number of Atoms                        =    3

 Input Run Options
 -----------------
 IRUNTYP = 1  MULT = 1  ICHARG =  0 IECP = 0  IEMOM = 1  UNITS = ANGS    

 Integral Options
 ----------------
 CUTOFF = 1.0E-09   ISCHWZ = 0   ERITYP = FULL

 Input NOF Options
 -----------------

 Type of calculation =    Coeff. Opt.:   (ICOEF)         1
 Use Softmax function for Occ. Opt.:     (ISOFTMAX)      1
 Type of Orb. Opt. = Orbital Rotations:  (IORBOPT)       4
 Maximum Number of Occ-Coef Outer Iter.: (MAXIT)      1000

 Natural Orbital Functional Selected:    (IPNOF)         8
 
 Restart calculation Option:             (RESTART)       F
 Restart Gamma Matrix from GCF file:     (INPUTGAMMA)    0
 Coefficient Matrix from GCF file:       (INPUTC)        0
 Diagonal Elements FMIUG from GCF file:  (INPUTFMIUG)    0
 Cartesian Coordinates from GCF file:    (INPUTCXYZ)     0
 Orthogonalize the initial Orbitals:     (ORTHO)         T

 Output Option:                          (NPRINT)        0
 Output the Coefficient Matrix:          (IWRITEC)       0
 Do a Mulliken Population Analysis:      (IMULPOP)       0
 Write Information into a WFN file:      (IAIMPAC)       1
 Write Information into a FCHK file:     (IFCHK)         1
 Write Information into a MLP file:      (MOLDEN)        1
 Create Ini. Cond. (ini.xyz) file:       (INICOND)       1
 Calculate IPs using Ext. Koopmans Theo: (IEKT)          0
 Write APSG expansion coefficient file:  (APSG)          F
 Output option for Lagrange Multipliers: (PRINTLAG)      F
 Diagonalize matrix of Lag. Multipliers: (DIAGLAG)       F

------------------------------------------------------------------------

 Orbital Space
 -------------

 Inactive Doubly occupied orbitals up to NO1  =    0
 No. considered Strongly Doubly occupied MOs  =    7
 No. considered Strongly Singly occupied MOs  =    0
 No. of Weakly occ. per St. Doubly occ.  MOs  =    3
 Dimension of the Active Nat. Orb. subspace   =   28
 Secondary Empty orbitals                     =    1

 1e- integrals
 -------------
 Time to do integrals =      0.00
 Guess for MOs = HCORE
        80 MOs were matched and         0 equalized to zero

 2e- integrals
 -------------
 DONTW option skips storage 2e- integrals on Unit 1
               25047 2e- integrals in     1 records
 Time to do integrals =      0.02

 Input for Coefficients is HCORE


  RESULTS OF OCCUPATION-COEFFICIENT OPTIMIZATION
 ================================================

  Ex It  Occ Time  Orb Time  Orb It   Electronic Energy     Total Energy   Energy Convergency    Max Mul-Lag Diff

    1    4.5E-02   1.8E-01      10    -206.8142272709     -199.2188299990    -0.8411507146           0.339697
    2    3.5E-02   1.8E-01      10    -207.3851868761     -199.7897896042    -0.5709596052           0.297275
    3    3.7E-02   1.8E-01      10    -207.8089991156     -200.2136018437    -0.4238122394           0.257686
    4    3.4E-02   1.9E-01      10    -208.0647165376     -200.4693192657    -0.2557174220           0.192006
    5    3.1E-02   1.8E-01      10    -208.2073500882     -200.6119528163    -0.1426335506           0.130013
    6    2.9E-02   1.8E-01      10    -208.2843280320     -200.6889307601    -0.0769779438           0.072866
    7    3.0E-02   1.8E-01      10    -208.3169418385     -200.7215445666    -0.0326138065           0.060589
    8    2.9E-02   1.8E-01      10    -208.3234704158     -200.7280731439    -0.0065285773           0.050421
    9    3.0E-02   1.8E-01      10    -208.3252529864     -200.7298557146    -0.0017825707           0.048126
   10    3.1E-02   1.8E-01      10    -208.3264114435     -200.7310141717    -0.0011584571           0.058482
   11    3.1E-02   1.8E-01      10    -208.3278234382     -200.7324261664    -0.0014119947           0.047457
   12    2.5E-02   1.8E-01      10    -208.3291475702     -200.7337502984    -0.0013241320           0.036862
   13    2.8E-02   1.8E-01      10    -208.3304728066     -200.7350755348    -0.0013252364           0.036191
   14    2.5E-02   1.9E-01      10    -208.3316415980     -200.7362443261    -0.0011687913           0.034171
   15    3.3E-02   1.8E-01      10    -208.3324123707     -200.7370150988    -0.0007707727           0.046588
   16    2.3E-02   1.8E-01      10    -208.3329694347     -200.7375721629    -0.0005570640           0.034026
   17    2.3E-02   2.0E-01      10    -208.3332269352     -200.7378296633    -0.0002575005           0.045197
   18    3.1E-02   2.0E-01      10    -208.3332728838     -200.7378756119    -0.0000459486           0.044381
   19    2.6E-02   2.0E-01      10    -208.3332652712     -200.7378679993     0.0000076126           0.039959
   20    2.3E-02   3.6E-01      20    -208.3342358012     -200.7388385294    -0.0009705301           0.002287
   21    2.4E-02   3.5E-01      20    -208.3342429149     -200.7388456430    -0.0000071136           0.001077
   22    2.4E-02   5.2E-01      30    -208.3342469022     -200.7388496303    -0.0000039873           0.000410
   23    2.3E-02   6.7E-01      40    -208.3342493183     -200.7388520465    -0.0000024161           0.000082


  RESULTS OF THE OCCUPATION OPTIMIZATION
 ========================================

   OM     Occupation      Elag Diag

    1      2.0000000    -49.0586030
    2      1.9999651     -3.7883150
    3      1.9994800     -2.3084110
    4      1.9994307     -2.3084201
    5      1.9992938     -2.3065749
    6      1.9669943     -0.4109645
    7      1.9667214     -0.4109841
    8      0.0075359     -0.0058714
    9      0.0076170     -0.0059156
   10      0.0004178     -0.0013048
   11      0.0004132     -0.0012979
   12      0.0002591     -0.0008629
   13      0.0000069     -0.0000240
   14      0.0000000     -0.0000009
   15      0.0194375     -0.0144887
   16      0.0190656     -0.0142902
   17      0.0002506     -0.0008518
   18      0.0001201     -0.0004330
   19      0.0002505     -0.0008509
   20      0.0000241     -0.0000963
   21      0.0000000     -0.0000010
   22      0.0063052     -0.0049470
   23      0.0063231     -0.0049568
   24      0.0000377     -0.0001090
   25      0.0000360     -0.0001156
   26      0.0000104     -0.0000350
   27      0.0000039     -0.0000177
   28      0.0000000     -0.0000009

   RO Sum (  14) =   14.00

  ---------------
   Dipole Moment
  ---------------

      0.0018 Debye [   0.0007  (  -0.0001,  -0.0001,   0.0007) ]

 ----------------
  Final Energies  
 ----------------

  Final NOF Total Energy =     -200.7388520465 ( 8.E-05 , 0.E+00 )


  **************************************************
  *                                                *
  *       SINGLE-POINT DoNOF CALCULATION           *
  *                                                *
  *             FULL OPTIMIZATION                  *
  *                                                *
  *  FINAL RESULTS   FINAL RESULTS  FINAL RESULTS  *
  *                                                *
  **************************************************

  **************************************************
  *         No. EXTERNAL ITER =    23              *
  *         No. of TOTAL ITER =   300              *
  **************************************************

  Elapsed real time :      6.12  (Seconds)

 The execution finished at 17h  2min on the 12/ 4/2024
