 This is the parallel version of the code
 This is the parallel version of the code
 This is the parallel version of the code
 This is the parallel version of the code
 This is the parallel version of the code
 This is the parallel version of the code
 This is the parallel version of the code
 This is the parallel version of the code
Master:    0

 The execution started at 13h  2min on the 12/23/2024

    ===========================================================
    !                                                         !
    !                        Do N O F                         !
    !                                                         !
    !  (Donostia Natural Orbital Functional Software Program) !
    !                                                         !
    !               COPYRIGHT by Mario Piris                  !
    !                                                         !
    !      Donostia International Physics Center (DIPC)       !
    !       University of the Basque Country (UPV/EHU)        !
    !       Basque Foundation for Science (IKERBASQUE)        !
    !                                                         !
    !          GNU General Public License version 3           !
    !                                                         !
    !                  VERSION: Mayo 2024                     !
    !                                                         !
    ===========================================================

 Run Title
 ---------
 p30-5 set                                                                       

 Basis Set
 ---------
 /beegfs_agamede/gscratch/povmieci/SCRATCH/80595/def2-svp.bas                    

 Atom      Charge                Coordinates (Bohr)
                           x             y             z
 B           5.0       -2.1463       -1.8558       -4.8562
 H           1.0       -5.4704       -3.3023       -5.8103
 H           1.0        0.1500       -1.1807        3.4822
 O           8.0       -3.7138       -3.2968       -6.3329
 H           1.0        0.0361       -1.8126       -5.4517
 H           1.0       -4.7702       -0.4566       -2.1693
 N           7.0       -2.9179       -0.4224       -2.6902
 F           9.0       -2.1094        2.9009        1.7000
 P          15.0        3.3564        2.7827       -0.6382
 C           6.0        2.0498       -0.5922        4.0907
 B           5.0        4.0677        0.8011        2.4708
 AL         13.0        1.1064        4.5159        2.9426
 O           8.0        2.0494        1.9906        5.0456
 H           1.0        6.2102        0.7775        3.1474
 F           9.0        2.7569       -2.2096        5.9951
 AL         13.0       -0.6551        1.3603       -0.9256

 Atomic Basis Set
 ----------------
 The contracted primitive functions were unnormalized
 The contracted basis functions are now normalized to unity

  Shell Type  Primitive         Exponent  Contraction Coefficient

 B         

      1   S       1           839.3183009   -0.005628883598
      1   S       2           126.2646484   -0.041832794610
      1   S       3            28.6206008   -0.184174881258
      1   S       4             7.8793723   -0.468396550281
      1   S       5             2.4088857   -0.444579308833

      2   S       6             0.2510511    1.000000000000

      3   S       7             0.0836489    1.000000000000

      4   P       8             6.0332224   -0.054032500323
      4   P       9             1.2499158   -0.301940343932
      4   P      10             0.3387168   -0.771707916582

      5   P      11             0.0964156    1.000000000000

      6   D      12             0.5000000    1.000000000000

 H         

      7   S      13            13.0107010    0.033485484813
      7   S      14             1.9622572    0.234721870881
      7   S      15             0.4445380    0.813770285260

      8   S      16             0.1219496    1.000000000000

      9   P      17             0.8000000    1.000000000000

 H         

     10   S      18            13.0107010    0.033485484813
     10   S      19             1.9622572    0.234721870881
     10   S      20             0.4445380    0.813770285260

     11   S      21             0.1219496    1.000000000000

     12   P      22             0.8000000    1.000000000000

 O         

     13   S      23          2266.1767785   -0.005389350392
     13   S      24           340.8701019   -0.040234721389
     13   S      25            77.3631352   -0.180081842055
     13   S      26            21.4796449   -0.468288576577
     13   S      27             6.6589433   -0.446926171602

     14   S      28             0.8097598    1.000000000000

     15   S      29             0.2553077    1.000000000000

     16   P      30            17.7215043    0.062630248763
     16   P      31             3.8635505    0.333311384824
     16   P      32             1.0480921    0.741486383081

     17   P      33             0.2764154    1.000000000000

     18   D      34             1.2000000    1.000000000000

 H         

     19   S      35            13.0107010    0.033485484813
     19   S      36             1.9622572    0.234721870881
     19   S      37             0.4445380    0.813770285260

     20   S      38             0.1219496    1.000000000000

     21   P      39             0.8000000    1.000000000000

 H         

     22   S      40            13.0107010    0.033485484813
     22   S      41             1.9622572    0.234721870881
     22   S      42             0.4445380    0.813770285260

     23   S      43             0.1219496    1.000000000000

     24   P      44             0.8000000    1.000000000000

 N         

     25   S      45          1712.8415853   -0.005447799580
     25   S      46           257.6481268   -0.040627174632
     25   S      47            58.4582459   -0.181119622506
     25   S      48            16.1983679   -0.468439755632
     25   S      49             5.0052601   -0.446168462892

     26   S      50             0.5873186    1.000000000000

     27   S      51             0.1876459    1.000000000000

     28   P      52            13.5714702   -0.058848116970
     28   P      53             2.9257373   -0.320246247625
     28   P      54             0.7992775   -0.753282265204

     29   P      55             0.2195435    1.000000000000

     30   D      56             1.0000000    1.000000000000

 F         

     31   S      57          2894.8325990   -0.005349321176
     31   S      58           435.4193912   -0.039967734372
     31   S      59            98.8433289   -0.179412617888
     31   S      60            27.4851980   -0.468324686869
     31   S      61             8.5405498   -0.447241605328

     32   S      62             1.0654578    1.000000000000

     33   S      63             0.3324735    1.000000000000

     34   P      64            22.6966339   -0.064782148241
     34   P      65             4.9872339   -0.340357853553
     34   P      66             1.3491614   -0.734858153660

     35   P      67             0.3482988    1.000000000000

     36   D      68             1.4000000    1.000000000000

 P         

     37   S      69          8002.4795106    0.005525555279
     37   S      70          1203.6813590    0.041326367171
     37   S      71           273.4422703    0.186070058991
     37   S      72            76.6555415    0.477107006766
     37   S      73            23.5169274    0.432247688783

     38   S      74            39.7916834    0.090954145513
     38   S      75             4.2770343   -0.550855656186
     38   S      76             1.6940257   -0.518269979075

     39   S      77             0.2756767    1.000000000000

     40   S      78             0.1049559    1.000000000000

     41   P      79           219.5075582    0.009573910140
     41   P      80            51.2741550    0.067993851914
     41   P      81            15.9215959    0.249832097533
     41   P      82             5.5069913    0.481481790475
     41   P      83             1.9537719    0.388697985432

     42   P      84             0.4780340    1.000000000000

     43   P      85             0.1365795    1.000000000000

     44   D      86             0.4500000    1.000000000000

 C         

     45   S      87          1238.4016938    0.005517365048
     45   S      88           186.2900499    0.041088828556
     45   S      89            42.2511763    0.182253821265
     45   S      90            11.6765579    0.468284594374
     45   S      91             3.5930506    0.445758173360

     46   S      92             0.4024515    1.000000000000

     47   S      93             0.1309018    1.000000000000

     48   P      94             9.4680971    0.056888332011
     48   P      95             2.0103545    0.312940593365
     48   P      96             0.5477100    0.760650165091

     49   P      97             0.1526861    1.000000000000

     50   D      98             0.8000000    1.000000000000

 B         

     51   S      99           839.3183009   -0.005628883598
     51   S     100           126.2646484   -0.041832794610
     51   S     101            28.6206008   -0.184174881258
     51   S     102             7.8793723   -0.468396550281
     51   S     103             2.4088857   -0.444579308833

     52   S     104             0.2510511    1.000000000000

     53   S     105             0.0836489    1.000000000000

     54   P     106             6.0332224   -0.054032500323
     54   P     107             1.2499158   -0.301940343932
     54   P     108             0.3387168   -0.771707916582

     55   P     109             0.0964156    1.000000000000

     56   D     110             0.5000000    1.000000000000

 AL        

     57   S     111          5887.5727030    0.005651978962
     57   S     112           885.6122600    0.042218253427
     57   S     113           201.1360490    0.189187196726
     57   S     114            56.2849747    0.480435911881
     57   S     115            17.2295512    0.425872684294

     58   S     116            29.3402499    0.088568603239
     58   S     117             3.0439630   -0.543157066723
     58   S     118             1.1285540   -0.529385510294

     59   S     119             0.1423418    1.000000000000

     60   S     120             0.0544002    1.000000000000

     61   P     121           145.1191881    0.010726377859
     61   P     122            33.7178948    0.074103623546
     61   P     123            10.3698631    0.261296213060
     61   P     124             3.5135616    0.480201235327
     61   P     125             1.1980050    0.384382240624

     62   P     126             0.2658301    1.000000000000

     63   P     127             0.0710034    1.000000000000

     64   D     128             0.3000000    1.000000000000

 O         

     65   S     129          2266.1767785   -0.005389350392
     65   S     130           340.8701019   -0.040234721389
     65   S     131            77.3631352   -0.180081842055
     65   S     132            21.4796449   -0.468288576577
     65   S     133             6.6589433   -0.446926171602

     66   S     134             0.8097598    1.000000000000

     67   S     135             0.2553077    1.000000000000

     68   P     136            17.7215043    0.062630248763
     68   P     137             3.8635505    0.333311384824
     68   P     138             1.0480921    0.741486383081

     69   P     139             0.2764154    1.000000000000

     70   D     140             1.2000000    1.000000000000

 H         

     71   S     141            13.0107010    0.033485484813
     71   S     142             1.9622572    0.234721870881
     71   S     143             0.4445380    0.813770285260

     72   S     144             0.1219496    1.000000000000

     73   P     145             0.8000000    1.000000000000

 F         

     74   S     146          2894.8325990   -0.005349321176
     74   S     147           435.4193912   -0.039967734372
     74   S     148            98.8433289   -0.179412617888
     74   S     149            27.4851980   -0.468324686869
     74   S     150             8.5405498   -0.447241605328

     75   S     151             1.0654578    1.000000000000

     76   S     152             0.3324735    1.000000000000

     77   P     153            22.6966339   -0.064782148241
     77   P     154             4.9872339   -0.340357853553
     77   P     155             1.3491614   -0.734858153660

     78   P     156             0.3482988    1.000000000000

     79   D     157             1.4000000    1.000000000000

 AL        

     80   S     158          5887.5727030    0.005651978962
     80   S     159           885.6122600    0.042218253427
     80   S     160           201.1360490    0.189187196726
     80   S     161            56.2849747    0.480435911881
     80   S     162            17.2295512    0.425872684294

     81   S     163            29.3402499    0.088568603239
     81   S     164             3.0439630   -0.543157066723
     81   S     165             1.1285540   -0.529385510294

     82   S     166             0.1423418    1.000000000000

     83   S     167             0.0544002    1.000000000000

     84   P     168           145.1191881    0.010726377859
     84   P     169            33.7178948    0.074103623546
     84   P     170            10.3698631    0.261296213060
     84   P     171             3.5135616    0.480201235327
     84   P     172             1.1980050    0.384382240624

     85   P     173             0.2658301    1.000000000000

     86   P     174             0.0710034    1.000000000000

     87   D     175             0.3000000    1.000000000000

 Total Number of Basis Set Shells             =   87
 Total Number of Primitives                   =  175
 Number of Cartesian Gaussian Basis Functions =  202
 Number of Electrons                          =  103
 Charge of Molecule                           =    0
 Spin Multiplicity                            =    2
 Number of Occupied Orbitals (Alpha)          =   52
 Number of Occupied Orbitals (Beta )          =   51
 Total Number of Atoms                        =   16

 Input Run Options
 -----------------
 IRUNTYP = 1  MULT = 2  ICHARG =  0 IECP = 0  IEMOM = 1  UNITS = ANGS    

 Integral Options
 ----------------
 CUTOFF = 1.0E-09   ISCHWZ = 1   ERITYP = FULL

 Input NOF Options
 -----------------

 Type of calculation =    Coeff. Opt.:   (ICOEF)         1
 Trigonometric functions for Occ. Opt.:  (ISOFTMAX)      0
 Type of Orb. Opt. = Orbital Rotations:  (IORBOPT)       4
 Maximum Number of Occ-Coef Outer Iter.: (MAXIT)      1000

 Natural Orbital Functional Selected:    (IPNOF)         8
 Spin-Multiplet, High-Spin State Option: (HighSpin)      F

 Restart calculation Option:             (RESTART)       T
 Orthogonalize the initial Orbitals:     (ORTHO)         T

 Output Option:                          (NPRINT)        0
 Output the Coefficient Matrix:          (IWRITEC)       0
 Do a Mulliken Population Analysis:      (IMULPOP)       0
 Write Information into a WFN file:      (IAIMPAC)       1
 Write Information into a FCHK file:     (IFCHK)         1
 Write Information into a MLP file:      (MOLDEN)        1
 Create Ini. Cond. (ini.xyz) file:       (INICOND)       1
 Calculate IPs using Ext. Koopmans Theo: (IEKT)          0
 Write APSG expansion coefficient file:  (APSG)          F
 Output option for Lagrange Multipliers: (PRINTLAG)      F
 Diagonalize matrix of Lag. Multipliers: (DIAGLAG)       F

 Nuclear Coordinates from GCF file:
 ----------------------------------

 Atom      Charge                Coordinates (Bohr)
                           x             y             z
 B        5.00000       -2.1463       -1.8558       -4.8562
 H        1.00000       -5.4704       -3.3023       -5.8103
 H        1.00000        0.1500       -1.1807        3.4822
 O        8.00000       -3.7138       -3.2968       -6.3329
 H        1.00000        0.0361       -1.8126       -5.4517
 H        1.00000       -4.7702       -0.4566       -2.1693
 N        7.00000       -2.9179       -0.4224       -2.6902
 F        9.00000       -2.1094        2.9009        1.7000
 P       15.00000        3.3564        2.7827       -0.6382
 C        6.00000        2.0498       -0.5922        4.0907
 B        5.00000        4.0677        0.8011        2.4708
 AL      13.00000        1.1064        4.5159        2.9426
 O        8.00000        2.0494        1.9906        5.0456
 H        1.00000        6.2102        0.7775        3.1474
 F        9.00000        2.7569       -2.2096        5.9951
 AL      13.00000       -0.6551        1.3603       -0.9256

------------------------------------------------------------------------

 Orbital Space
 -------------

 Inactive Doubly occupied orbitals up to NO1  =    0
 No. considered Strongly Doubly occupied MOs  =   51
 No. considered Strongly Singly occupied MOs  =    1
 No. of Weakly occ. per St. Doubly occ.  MOs  =    2
 Dimension of the Active Nat. Orb. subspace   =  153
 Secondary Empty orbitals                     =   48

 1e- integrals
 -------------
 Time to do integrals =      0.01
 Guess for MOs = HCORE
        20 MOs were matched and         1 equalized to zero

 2e- integrals
 -------------
 DONTW option skips storage 2e- integrals on Unit 1
            93987655 2e- integrals in     1 records
 Time to do integrals =      6.51

 ROHF SCF Calculation
 --------------------
 EXTRAP=T  DAMP=T  DIIS=T
 DMat Conv = 1.0E-05  Ener Tol = 1.0E-08
 Ener Conv = 1.0E-10  DMat Tol = 2.0E-05
 DIIS Conv = 1.0E-07  DMat Tol = 2.0E-05

 ITER      TOTAL ENERGY        E CHANGE     DEN. CHANGE    DIIS ERROR
   1    -1182.2555933992 -1182.2555933992  74.296609097   2.011608329
   2     -379.7853998007   802.4701935985  43.380790289   4.194755687
   3    -1170.7695345327  -790.9841347320   0.017444456   0.871380408
   4    -1170.7964048651    -0.0268703324   0.277068249   0.871081578
   5    -1171.2253519562    -0.4289470911   0.274745192   0.866251535
   6    -1171.6534442950    -0.4280923388   0.273465078   0.861305105
   7    -1172.0826668358    -0.4292225408   0.271045686   0.856214793
   8    -1172.5116077164    -0.4289408806   0.268935975   0.850990873
   9    -1172.9411643874    -0.4295566709   0.266429881   0.845614426
  10    -1173.3711680422    -0.4300036548   0.263886378   0.840077214
  11    -1173.8021034020    -0.4309353598   0.261310359   0.834360296
  12    -1174.2345891497    -0.4324857477   0.258710429   0.828439765
  13    -1174.6694383919    -0.4348492422   0.256100746   0.822285464
  14    -1175.1077419400    -0.4383035481   0.253503314   0.815859468
  15    -1175.5509772586    -0.4432353186   0.250949714   0.809114596
  16    -1176.0011303527    -0.4501530941   0.248478897   0.801993760
  17    -1176.4607699928    -0.4596396401   0.246123046   0.794432084
  18    -1176.9329065289    -0.4721365361   0.243870095   0.786365317
  19    -1177.4203277226    -0.4874211937   0.241606372   0.777748154
  20    -1177.9241940394    -0.5038663168   0.239097176   0.768578866
  21    -1178.4424966357    -0.5183025964   0.236094970   0.758909727
  22    -1178.9700861971    -0.5275895613   0.232525700   0.748819238
  23    -1179.5010330963    -0.5309468992   0.228541765   0.738362306
  24    -1180.0312254644    -0.5301923681   0.225028594   0.727545075
  25    -1180.5607078348    -0.5294823704   1.933575288   0.716244209
  26    -1217.1296611361   -36.5689533013   0.014017289   0.726094021
  27    -1217.1554387044    -0.0257775684   0.222231598   0.725607446
  28    -1217.5646207114    -0.4091820070   0.219675467   0.717446503
  29    -1217.9713789276    -0.4067582162   0.219949425   0.708960785
  30    -1218.3824007619    -0.4110218343   0.217861529   0.700098653
  31    -1218.7950602836    -0.4126595217   0.216003551   0.690905874
  32    -1219.2130161939    -0.4179559103   0.214203910   0.681237787
  33    -1219.6428896440    -0.4298734501   0.214188698   0.670786333
  34    -1220.0963450078    -0.4534553637   0.247989552   0.658978042
  35    -1220.5898622105    -0.4935172027   0.324701478   0.644997477
  36    -1221.1317962337    -0.5419340232   0.378078554   0.628470077
  37    -1221.6955144723    -0.5637182386   0.370301762   0.618580242
  38    -1222.2302912745    -0.5347768022   0.359718878   0.617518472
  39    -1222.7622523444    -0.5319610699   0.310254866   0.614547338
  40    -1223.2436469882    -0.4813946438   0.330874696   0.610147532
  41    -1223.7817261317    -0.5380791434   0.299854886   0.603749453
  42    -1224.2862096789    -0.5044835472   0.318909039   0.596812953
  43    -1224.8342046774    -0.5479949985   0.304071952   0.588642246
  44    -1225.3635632435    -0.5293585661   0.314610088   0.584601782
  45    -1225.9161005447    -0.5525373012   0.310497931   0.580510191
  46    -1226.4576133168    -0.5415127720   0.318728401   0.576235127
  47    -1227.0129707874    -0.5553574706   0.313895152   0.571623385
  48    -1227.5625714266    -0.5496006392   0.315318631   0.566977888
  49    -1228.1203578854    -0.5577864589   0.309998630   0.562723604
  50    -1228.6772531538    -0.5568952684   0.305586981   0.558366322
  51    -1229.2376499637    -0.5603968099   0.300171620   0.553893654
  52    -1229.8027117482    -0.5650617844   0.300408728   0.549322295
  53    -1230.3760274680    -0.5733157198   0.302349706   0.544654505
  54    -1230.9624033479    -0.5863758799   0.304329712   0.539889968
  55    -1231.5690408621    -0.6066375142   0.306129380   0.535022316
  56    -1232.2084171804    -0.6393763183   0.307912119   0.530030763
  57    -1232.9065982540    -0.6981810736   0.311040187   0.524854759
  58    -1233.7298805894    -0.8232823354   0.424903964   0.519302021
  59    -1234.8487850953    -1.1189045059   0.642967566   0.512761627
  60    -1236.4569845480    -1.6081994527   0.515900515   0.510426287
  61    -1238.2296071374    -1.7726225894   0.285674171   0.507576905
  62    -1239.7048612912    -1.4752541538   0.773859176   0.500337585
  63    -1244.0550083541    -4.3501470629   0.348947316   0.501352349
  64    -1245.8050086900    -1.7500003359  25.157741217   0.495559444
  65     -590.3863511836   655.4186575063  10.297733845   4.105404200
  66     -881.2737165906  -290.8873654069   9.388730419   2.119814221
  67    -1015.9921186142  -134.7184020237   4.296434517   1.787034367
  68    -1070.7702010850   -54.7780824708   6.337064526   1.859179278
  69    -1112.8418804131   -42.0716793281   2.888534514   1.391082254
  70    -1144.3989763986   -31.5570959856   1.756452922   1.023513704
  71    -1155.8451438403   -11.4461674416   5.767959818   0.828743844
  72    -1175.1110500056   -19.2659061653   1.527823793   0.877577012
  73    -1198.4755827545   -23.3645327489   8.899498443   0.717106394
  74    -1135.5853107141    62.8902720404   9.869563310   1.005488547
  75    -1241.1134885065  -105.5281777924   9.229213978   0.626003559
  76    -1273.2414525038   -32.1279639973   5.877192293   0.547259533
  77    -1311.3650719574   -38.1236194536   1.613828659   0.247159054
  78    -1315.9866834874    -4.6216115300   0.560153885   0.167802863
  79    -1317.2922541848    -1.3055706974   0.195838035   0.077220251
  80    -1317.3840445964    -0.0917904116   0.076793531   0.024821670
  81    -1317.3951970552    -0.0111524589   0.051082964   0.003608896
  82    -1317.3973486303    -0.0021515750   0.019868890   0.001851695
  83    -1317.3976775297    -0.0003288994   0.004927458   0.001364332
  84    -1317.3977481715    -0.0000706418   0.001684148   0.000363047
  85    -1317.3977597806    -0.0000116092   0.000481970   0.000144176
  86    -1317.3977607451    -0.0000009645   0.000155778   0.000035890
  87    -1317.3977608517    -0.0000001066   0.000038272   0.000012643
  88    -1317.3977608596    -0.0000000079   0.000025812   0.000005804
  89    -1317.3977608612    -0.0000000016   0.000005030   0.000001252

          -----------------
          DENSITY CONVERGED
          -----------------

 FINAL ROHF ENERGY IS    -1317.3977608612 AFTER  89 ITERATIONS

          --------------------
          SPIN SZ   =    0.500
          S-SQUARED =    0.750
          --------------------

         WAVEFUNCTION NORMALIZATION =       1.0000000000

                ONE ELECTRON ENERGY =   -3503.1804606014
                TWO ELECTRON ENERGY =    1344.1790137135
           NUCLEAR REPULSION ENERGY =     841.6036860267
                                      ------------------
                   RHF TOTAL ENERGY =   -1317.3977608612

 ELECTRON-ELECTRON POTENTIAL ENERGY =    1344.1790137135
  NUCLEUS-ELECTRON POTENTIAL ENERGY =   -4816.4091636344
   NUCLEUS-NUCLEUS POTENTIAL ENERGY =     841.6036860267
                                      ------------------
             TOTAL POTENTIAL ENERGY =   -2630.6264638942
               TOTAL KINETIC ENERGY =    1313.2287030330
                 VIRIAL RATIO (V/T) =       2.0031746624

 Distribution Full ERIs:

 Integrals:                          93987655
 Max size per slaves:                11748458
 Max size in master:                105736113

 No violations of the orthonormality


  RESULTS OF OCCUPATION-COEFFICIENT OPTIMIZATION
 ================================================

  Ex It  Orb It    Electronic Energy     Total Energy   Energy Convergency    Max Mul-Lag Diff

    1      10     -2160.6407333106    -1319.0370472839     0.0000000000           0.000345
    2      30     -2160.6409701650    -1319.0372841383    -0.0002368544           0.000726
    3      30     -2160.6413798447    -1319.0376938179    -0.0004096796           0.000722
    4      30     -2160.6420354213    -1319.0383493946    -0.0006555767           0.000709
    5      30     -2160.6428025398    -1319.0391165131    -0.0007671185           0.000736
    6      30     -2160.6435269859    -1319.0398409592    -0.0007244461           0.000757
    7      30     -2160.6441966741    -1319.0405106474    -0.0006696882           0.000763
    8      30     -2160.6447183798    -1319.0410323531    -0.0005217057           0.000751
    9      30     -2160.6450764805    -1319.0413904538    -0.0003581007           0.000757
   10      30     -2160.6452815413    -1319.0415955145    -0.0002050607           0.000726
   11      30     -2160.6453869961    -1319.0417009693    -0.0001054548           0.000715
   12      30     -2160.6454326578    -1319.0417466310    -0.0000456617           0.000744
   13      30     -2160.6454558072    -1319.0417697805    -0.0000231495           0.000751
   14      40     -2160.6454843783    -1319.0417983516    -0.0000285710           0.000147
   15      50     -2160.6455034637    -1319.0418174369    -0.0000190854           0.000023
   16      60     -2160.6455180704    -1319.0418320437    -0.0000146067           0.000005
   17      70     -2160.6455287945    -1319.0418427678    -0.0000107241           0.000004
   18      80     -2160.6455351715    -1319.0418491448    -0.0000063770           0.000004
   19      90     -2160.6455390954    -1319.0418530687    -0.0000039239           0.000004
   20     100     -2160.6455420884    -1319.0418560617    -0.0000029930           0.000003
   21     110     -2160.6455441930    -1319.0418581663    -0.0000021046           0.000003
   22     120     -2160.6455460614    -1319.0418600347    -0.0000018684           0.000002
   23     130     -2160.6455475740    -1319.0418615473    -0.0000015126           0.000001
   24     140     -2160.6455484112    -1319.0418623845    -0.0000008371           0.000000
   25     150     -2160.6455488781    -1319.0418628514    -0.0000004669           0.000000
   26     150     -2160.6455489562    -1319.0418629295    -0.0000000781           0.000005


  RESULTS OF THE OCCUPATION OPTIMIZATION
 ========================================

   OM     Occupation      Elag Diag

    1      1.9999985    -79.9136971
    2      1.9999970    -58.5441941
    3      1.9999969    -58.5442166
    4      1.9999774    -25.7024176
    5      1.9999683    -23.5374585
    6      1.9999677    -23.4455182
    7      1.9999590    -21.2806600
    8      1.9999016    -13.5579376
    9      1.9998985    -13.3893806
   10      1.9997304     -7.5513722
   11      1.9997248     -7.5488256
   12      1.9996042     -6.4463162
   13      1.9995997     -6.4388666
   14      1.9994087     -5.2944968
   15      1.9993522     -5.1778145
   16      1.9992750     -5.1312709
   17      1.9992287     -5.1328788
   18      1.9984786     -3.2675277
   19      1.9981719     -3.2662607
   20      1.9980598     -3.2646900
   21      1.9980370     -3.2651900
   22      1.9975159     -3.2659349
   23      1.9972952     -3.2611380
   24      1.9935049     -1.5707122
   25      1.9930173     -1.6039769
   26      1.9890866     -1.1221326
   27      1.9886935     -1.2636677
   28      1.9886035     -1.2519141
   29      1.9830786     -0.7568020
   30      1.9820432     -0.6970796
   31      1.9812928     -0.6930033
   32      1.9793374     -0.7469681
   33      1.9767274     -0.7609037
   34      1.9765947     -0.5796690
   35      1.9765229     -0.7003758
   36      1.9758716     -0.8084655
   37      1.9756015     -0.7738439
   38      1.9755967     -0.6316986
   39      1.9755122     -0.5684245
   40      1.9749230     -0.7311178
   41      1.9748293     -0.7471828
   42      1.9741787     -0.6659439
   43      1.9730627     -0.7641299
   44      1.9726463     -0.5747045
   45      1.9721353     -0.4903736
   46      1.9697477     -0.5832070
   47      1.9693645     -0.4716310
   48      1.9688327     -0.4299016
   49      1.9686851     -0.4317409
   50      1.9684474     -0.8204237
   51      1.9681680     -0.7113886
   52      1.0000000     -0.1682510
   53      0.0029609     -0.0069643
   54      0.0285848     -0.0501754
   55      0.0248463     -0.0293402
   56      0.0074596     -0.0086980
   57      0.0245860     -0.0284938
   58      0.0252234     -0.0340117
   59      0.0124976     -0.0172448
   60      0.0226187     -0.0292218
   61      0.0231594     -0.0330594
   62      0.0039366     -0.0082352
   63      0.0035421     -0.0079060
   64      0.0209688     -0.0284413
   65      0.0179595     -0.0190530
   66      0.0184144     -0.0256188
   67      0.0202287     -0.0313380
   68      0.0032653     -0.0086468
   69      0.0042631     -0.0084848
   70      0.0053920     -0.0081501
   71      0.0195860     -0.0244788
   72      0.0090074     -0.0214904
   73      0.0097102     -0.0171990
   74      0.0136626     -0.0207417
   75      0.0087911     -0.0156470
   76      0.0081531     -0.0191653
   77      0.0038815     -0.0089038
   78      0.0052380     -0.0094890
   79      0.0036790     -0.0099403
   80      0.0032336     -0.0093875
   81      0.0019027     -0.0083037
   82      0.0010916     -0.0056325
   83      0.0008324     -0.0041711
   84      0.0008217     -0.0041383
   85      0.0007092     -0.0035657
   86      0.0006986     -0.0034797
   87      0.0003869     -0.0023890
   88      0.0003427     -0.0023058
   89      0.0003083     -0.0019240
   90      0.0002895     -0.0018758
   91      0.0002119     -0.0015532
   92      0.0001928     -0.0014915
   93      0.0001308     -0.0011588
   94      0.0001299     -0.0011573
   95      0.0000498     -0.0006674
   96      0.0000488     -0.0006633
   97      0.0000208     -0.0004096
   98      0.0000176     -0.0003722
   99      0.0000171     -0.0003641
  100      0.0000114     -0.0002646
  101      0.0000014     -0.0000863
  102      0.0000015     -0.0000864
  103      0.0000007     -0.0000575
  104      0.0288711     -0.0452109
  105      0.0029678     -0.0076831
  106      0.0064685     -0.0082142
  107      0.0237078     -0.0254408
  108      0.0060495     -0.0079144
  109      0.0050289     -0.0091774
  110      0.0153671     -0.0234648
  111      0.0047350     -0.0088724
  112      0.0037779     -0.0079261
  113      0.0218847     -0.0320314
  114      0.0216287     -0.0343650
  115      0.0041082     -0.0073436
  116      0.0065283     -0.0081229
  117      0.0059889     -0.0096910
  118      0.0041698     -0.0094625
  119      0.0208631     -0.0353654
  120      0.0192140     -0.0262197
  121      0.0180132     -0.0200050
  122      0.0036866     -0.0070094
  123      0.0116553     -0.0203887
  124      0.0089969     -0.0223391
  125      0.0042942     -0.0093426
  126      0.0081303     -0.0111921
  127      0.0032434     -0.0078729
  128      0.0074250     -0.0179523
  129      0.0056754     -0.0123842
  130      0.0033037     -0.0093821
  131      0.0032615     -0.0094179
  132      0.0008021     -0.0039721
  133      0.0013925     -0.0063828
  134      0.0011307     -0.0056897
  135      0.0011185     -0.0056259
  136      0.0011189     -0.0057125
  137      0.0008228     -0.0039786
  138      0.0003845     -0.0025352
  139      0.0003823     -0.0024659
  140      0.0003395     -0.0022320
  141      0.0003019     -0.0019212
  142      0.0001883     -0.0015254
  143      0.0002030     -0.0015499
  144      0.0001444     -0.0012646
  145      0.0001397     -0.0011975
  146      0.0000518     -0.0006982
  147      0.0000496     -0.0006737
  148      0.0000202     -0.0003975
  149      0.0000146     -0.0003101
  150      0.0000146     -0.0003098
  151      0.0000111     -0.0002592
  152      0.0000016     -0.0000944
  153      0.0000015     -0.0000903
  154      0.0000008     -0.0000618

   RO Sum ( 103) =  103.00

  ---------------
   Dipole Moment
  ---------------

      5.6529 Debye [   2.2240  (  -2.1000,   0.3017,  -0.6673) ]

 ----------------
  Final Energies  
 ----------------

  Final NOF Total Energy =    -1319.0418629295 ( 5.E-06 , 0.E+00 )


  **************************************************
  *                                                *
  *       SINGLE-POINT DoNOF CALCULATION           *
  *                                                *
  *             FULL OPTIMIZATION                  *
  *                                                *
  *  FINAL RESULTS   FINAL RESULTS  FINAL RESULTS  *
  *                                                *
  **************************************************

  **************************************************
  *         No. EXTERNAL ITER =    26              *
  *         No. of TOTAL ITER =  1660              *
  **************************************************

  Elapsed real time :  35259.42  (Seconds)
  Git sha : bcb372acca69df19ae91719c988dea244a3c3d1c                                                            

 The execution finished at 22h 53min on the 12/23/2024
