 This is the parallel version of the code
 This is the parallel version of the code
 This is the parallel version of the code
 This is the parallel version of the code
 This is the parallel version of the code
 This is the parallel version of the code
 This is the parallel version of the code
 This is the parallel version of the code
 This is the parallel version of the code
 This is the parallel version of the code
 This is the parallel version of the code
 This is the parallel version of the code
Master:    0

 The execution started at 12h 29min on the 12/23/2024

    ===========================================================
    !                                                         !
    !                        Do N O F                         !
    !                                                         !
    !  (Donostia Natural Orbital Functional Software Program) !
    !                                                         !
    !               COPYRIGHT by Mario Piris                  !
    !                                                         !
    !      Donostia International Physics Center (DIPC)       !
    !       University of the Basque Country (UPV/EHU)        !
    !       Basque Foundation for Science (IKERBASQUE)        !
    !                                                         !
    !          GNU General Public License version 3           !
    !                                                         !
    !                  VERSION: Mayo 2024                     !
    !                                                         !
    ===========================================================

 Run Title
 ---------
 p30-5 set                                                                       

 Basis Set
 ---------
 /beegfs_agamede/gscratch/povmieci/SCRATCH/80417/def2-svp.bas                    

 Atom      Charge                Coordinates (Bohr)
                           x             y             z
 H           1.0       -2.1413       -1.3440       -2.3249
 F           9.0        4.4667       -2.0480        0.4442
 P          15.0       -4.9221       -1.7373        0.9689
 AL         13.0       -1.3097       -0.5298        3.4445
 H           1.0       -4.3421       -4.3047        0.3989
 H           1.0        0.6179        2.6248       -3.2823
 AL         13.0        4.2356       -1.6884       -3.5382
 B           5.0        2.2313        1.9358       -1.8038
 LI          3.0       -2.3229        2.9060       -1.3968
 P          15.0        2.3456        2.8607        1.8283
 O           8.0       -3.6643       -0.4291       -1.8196
 H           1.0       -0.3493       -1.7599        5.9802
 H           1.0        0.2950       -2.0023        0.5302
 B           5.0        2.1045       -0.5674        0.3098
 S          16.0       -1.5936        3.6918        2.8788
 H           1.0        4.3486        2.3917       -2.6180

 Atomic Basis Set
 ----------------
 The contracted primitive functions were unnormalized
 The contracted basis functions are now normalized to unity

  Shell Type  Primitive         Exponent  Contraction Coefficient

 H         

      1   S       1            13.0107010    0.033485484813
      1   S       2             1.9622572    0.234721870881
      1   S       3             0.4445380    0.813770285260

      2   S       4             0.1219496    1.000000000000

      3   P       5             0.8000000    1.000000000000

 F         

      4   S       6          2894.8325990   -0.005349321176
      4   S       7           435.4193912   -0.039967734372
      4   S       8            98.8433289   -0.179412617888
      4   S       9            27.4851980   -0.468324686869
      4   S      10             8.5405498   -0.447241605328

      5   S      11             1.0654578    1.000000000000

      6   S      12             0.3324735    1.000000000000

      7   P      13            22.6966339   -0.064782148241
      7   P      14             4.9872339   -0.340357853553
      7   P      15             1.3491614   -0.734858153660

      8   P      16             0.3482988    1.000000000000

      9   D      17             1.4000000    1.000000000000

 P         

     10   S      18          8002.4795106    0.005525555279
     10   S      19          1203.6813590    0.041326367171
     10   S      20           273.4422703    0.186070058991
     10   S      21            76.6555415    0.477107006766
     10   S      22            23.5169274    0.432247688783

     11   S      23            39.7916834    0.090954145513
     11   S      24             4.2770343   -0.550855656186
     11   S      25             1.6940257   -0.518269979075

     12   S      26             0.2756767    1.000000000000

     13   S      27             0.1049559    1.000000000000

     14   P      28           219.5075582    0.009573910140
     14   P      29            51.2741550    0.067993851914
     14   P      30            15.9215959    0.249832097533
     14   P      31             5.5069913    0.481481790475
     14   P      32             1.9537719    0.388697985432

     15   P      33             0.4780340    1.000000000000

     16   P      34             0.1365795    1.000000000000

     17   D      35             0.4500000    1.000000000000

 AL        

     18   S      36          5887.5727030    0.005651978962
     18   S      37           885.6122600    0.042218253427
     18   S      38           201.1360490    0.189187196726
     18   S      39            56.2849747    0.480435911881
     18   S      40            17.2295512    0.425872684294

     19   S      41            29.3402499    0.088568603239
     19   S      42             3.0439630   -0.543157066723
     19   S      43             1.1285540   -0.529385510294

     20   S      44             0.1423418    1.000000000000

     21   S      45             0.0544002    1.000000000000

     22   P      46           145.1191881    0.010726377859
     22   P      47            33.7178948    0.074103623546
     22   P      48            10.3698631    0.261296213060
     22   P      49             3.5135616    0.480201235327
     22   P      50             1.1980050    0.384382240624

     23   P      51             0.2658301    1.000000000000

     24   P      52             0.0710034    1.000000000000

     25   D      53             0.3000000    1.000000000000

 H         

     26   S      54            13.0107010    0.033485484813
     26   S      55             1.9622572    0.234721870881
     26   S      56             0.4445380    0.813770285260

     27   S      57             0.1219496    1.000000000000

     28   P      58             0.8000000    1.000000000000

 H         

     29   S      59            13.0107010    0.033485484813
     29   S      60             1.9622572    0.234721870881
     29   S      61             0.4445380    0.813770285260

     30   S      62             0.1219496    1.000000000000

     31   P      63             0.8000000    1.000000000000

 AL        

     32   S      64          5887.5727030    0.005651978962
     32   S      65           885.6122600    0.042218253427
     32   S      66           201.1360490    0.189187196726
     32   S      67            56.2849747    0.480435911881
     32   S      68            17.2295512    0.425872684294

     33   S      69            29.3402499    0.088568603239
     33   S      70             3.0439630   -0.543157066723
     33   S      71             1.1285540   -0.529385510294

     34   S      72             0.1423418    1.000000000000

     35   S      73             0.0544002    1.000000000000

     36   P      74           145.1191881    0.010726377859
     36   P      75            33.7178948    0.074103623546
     36   P      76            10.3698631    0.261296213060
     36   P      77             3.5135616    0.480201235327
     36   P      78             1.1980050    0.384382240624

     37   P      79             0.2658301    1.000000000000

     38   P      80             0.0710034    1.000000000000

     39   D      81             0.3000000    1.000000000000

 B         

     40   S      82           839.3183009   -0.005628883598
     40   S      83           126.2646484   -0.041832794610
     40   S      84            28.6206008   -0.184174881258
     40   S      85             7.8793723   -0.468396550281
     40   S      86             2.4088857   -0.444579308833

     41   S      87             0.2510511    1.000000000000

     42   S      88             0.0836489    1.000000000000

     43   P      89             6.0332224   -0.054032500323
     43   P      90             1.2499158   -0.301940343932
     43   P      91             0.3387168   -0.771707916582

     44   P      92             0.0964156    1.000000000000

     45   D      93             0.5000000    1.000000000000

 LI        

     46   S      94           266.2778552    0.006354286535
     46   S      95            40.0697834    0.046734889363
     46   S      96             9.0559944    0.198387923560
     46   S      97             2.4503009    0.475753833454
     46   S      98             0.7220957    0.427014289368

     47   S      99             0.0528109    1.000000000000

     48   S     100             0.0209609    1.000000000000

     49   P     101             1.4500000    0.224912327222
     49   P     102             0.3000000    0.869730577039

     50   P     103             0.0820000    1.000000000000

 P         

     51   S     104          8002.4795106    0.005525555279
     51   S     105          1203.6813590    0.041326367171
     51   S     106           273.4422703    0.186070058991
     51   S     107            76.6555415    0.477107006766
     51   S     108            23.5169274    0.432247688783

     52   S     109            39.7916834    0.090954145513
     52   S     110             4.2770343   -0.550855656186
     52   S     111             1.6940257   -0.518269979075

     53   S     112             0.2756767    1.000000000000

     54   S     113             0.1049559    1.000000000000

     55   P     114           219.5075582    0.009573910140
     55   P     115            51.2741550    0.067993851914
     55   P     116            15.9215959    0.249832097533
     55   P     117             5.5069913    0.481481790475
     55   P     118             1.9537719    0.388697985432

     56   P     119             0.4780340    1.000000000000

     57   P     120             0.1365795    1.000000000000

     58   D     121             0.4500000    1.000000000000

 O         

     59   S     122          2266.1767785   -0.005389350392
     59   S     123           340.8701019   -0.040234721389
     59   S     124            77.3631352   -0.180081842055
     59   S     125            21.4796449   -0.468288576577
     59   S     126             6.6589433   -0.446926171602

     60   S     127             0.8097598    1.000000000000

     61   S     128             0.2553077    1.000000000000

     62   P     129            17.7215043    0.062630248763
     62   P     130             3.8635505    0.333311384824
     62   P     131             1.0480921    0.741486383081

     63   P     132             0.2764154    1.000000000000

     64   D     133             1.2000000    1.000000000000

 H         

     65   S     134            13.0107010    0.033485484813
     65   S     135             1.9622572    0.234721870881
     65   S     136             0.4445380    0.813770285260

     66   S     137             0.1219496    1.000000000000

     67   P     138             0.8000000    1.000000000000

 H         

     68   S     139            13.0107010    0.033485484813
     68   S     140             1.9622572    0.234721870881
     68   S     141             0.4445380    0.813770285260

     69   S     142             0.1219496    1.000000000000

     70   P     143             0.8000000    1.000000000000

 B         

     71   S     144           839.3183009   -0.005628883598
     71   S     145           126.2646484   -0.041832794610
     71   S     146            28.6206008   -0.184174881258
     71   S     147             7.8793723   -0.468396550281
     71   S     148             2.4088857   -0.444579308833

     72   S     149             0.2510511    1.000000000000

     73   S     150             0.0836489    1.000000000000

     74   P     151             6.0332224   -0.054032500323
     74   P     152             1.2499158   -0.301940343932
     74   P     153             0.3387168   -0.771707916582

     75   P     154             0.0964156    1.000000000000

     76   D     155             0.5000000    1.000000000000

 S         

     77   S     156          9184.9303010   -0.005472946613
     77   S     157          1381.5105503   -0.040954402155
     77   S     158           313.8714758   -0.184758289562
     77   S     159            88.0538706   -0.475672806440
     77   S     160            27.0399149   -0.434951535842

     78   S     161            45.6487313   -0.091904045809
     78   S     162             4.9664522    0.556987772145
     78   S     163             2.0116242    0.511154682985

     79   S     164             0.3566108    1.000000000000

     80   S     165             0.1350722    1.000000000000

     81   P     166           261.9823344   -0.009183054659
     81   P     167            61.3068947   -0.065902226526
     81   P     168            19.1037299   -0.245877845187
     81   P     169             6.6567720   -0.482314710760
     81   P     170             2.3959635   -0.389563143514

     82   P     171             0.6177616    1.000000000000

     83   P     172             0.1699338    1.000000000000

     84   D     173             0.5500000    1.000000000000

 H         

     85   S     174            13.0107010    0.033485484813
     85   S     175             1.9622572    0.234721870881
     85   S     176             0.4445380    0.813770285260

     86   S     177             0.1219496    1.000000000000

     87   P     178             0.8000000    1.000000000000

 Total Number of Basis Set Shells             =   87
 Total Number of Primitives                   =  178
 Number of Cartesian Gaussian Basis Functions =  194
 Number of Electrons                          =  108
 Charge of Molecule                           =    0
 Spin Multiplicity                            =    1
 Number of Occupied Orbitals (Alpha)          =   54
 Number of Occupied Orbitals (Beta )          =   54
 Total Number of Atoms                        =   16

 Input Run Options
 -----------------
 IRUNTYP = 1  MULT = 1  ICHARG =  0 IECP = 0  IEMOM = 1  UNITS = ANGS    

 Integral Options
 ----------------
 CUTOFF = 1.0E-09   ISCHWZ = 1   ERITYP = FULL

 Input NOF Options
 -----------------

 Type of calculation =    Coeff. Opt.:   (ICOEF)         1
 Trigonometric functions for Occ. Opt.:  (ISOFTMAX)      0
 Type of Orb. Opt. = Orbital Rotations:  (IORBOPT)       4
 Maximum Number of Occ-Coef Outer Iter.: (MAXIT)      1000

 Natural Orbital Functional Selected:    (IPNOF)         8

 Restart calculation Option:             (RESTART)       T
 Orthogonalize the initial Orbitals:     (ORTHO)         T

 Output Option:                          (NPRINT)        0
 Output the Coefficient Matrix:          (IWRITEC)       0
 Do a Mulliken Population Analysis:      (IMULPOP)       0
 Write Information into a WFN file:      (IAIMPAC)       1
 Write Information into a FCHK file:     (IFCHK)         1
 Write Information into a MLP file:      (MOLDEN)        1
 Create Ini. Cond. (ini.xyz) file:       (INICOND)       1
 Calculate IPs using Ext. Koopmans Theo: (IEKT)          0
 Write APSG expansion coefficient file:  (APSG)          F
 Output option for Lagrange Multipliers: (PRINTLAG)      F
 Diagonalize matrix of Lag. Multipliers: (DIAGLAG)       F

 Nuclear Coordinates from GCF file:
 ----------------------------------

 Atom      Charge                Coordinates (Bohr)
                           x             y             z
 H        1.00000       -2.1413       -1.3440       -2.3249
 F        9.00000        4.4667       -2.0480        0.4442
 P       15.00000       -4.9221       -1.7373        0.9689
 AL      13.00000       -1.3097       -0.5298        3.4445
 H        1.00000       -4.3421       -4.3047        0.3989
 H        1.00000        0.6179        2.6248       -3.2823
 AL      13.00000        4.2356       -1.6884       -3.5382
 B        5.00000        2.2313        1.9358       -1.8038
 LI       3.00000       -2.3229        2.9060       -1.3968
 P       15.00000        2.3456        2.8607        1.8283
 O        8.00000       -3.6643       -0.4291       -1.8196
 H        1.00000       -0.3493       -1.7599        5.9802
 H        1.00000        0.2950       -2.0023        0.5302
 B        5.00000        2.1045       -0.5674        0.3098
 S       16.00000       -1.5936        3.6918        2.8788
 H        1.00000        4.3486        2.3917       -2.6180

------------------------------------------------------------------------

 Orbital Space
 -------------

 Inactive Doubly occupied orbitals up to NO1  =    0
 No. considered Strongly Doubly occupied MOs  =   54
 No. considered Strongly Singly occupied MOs  =    0
 No. of Weakly occ. per St. Doubly occ.  MOs  =    2
 Dimension of the Active Nat. Orb. subspace   =  162
 Secondary Empty orbitals                     =   32

 1e- integrals
 -------------
 Time to do integrals =      0.01
 Guess for MOs = HCORE
        15 MOs were matched and         2 equalized to zero

 2e- integrals
 -------------
 DONTW option skips storage 2e- integrals on Unit 1
           108728745 2e- integrals in     1 records
 Time to do integrals =      7.47

 RHF SCF Calculation
 -------------------
 EXTRAP=T  DAMP=T  DIIS=T
 DMat Conv = 1.0E-05  Ener Tol = 1.0E-08
 Ener Conv = 1.0E-10  DMat Tol = 2.0E-05
 DIIS Conv = 1.0E-07  DMat Tol = 2.0E-05

 ITER      TOTAL ENERGY        E CHANGE     DEN. CHANGE    DIIS ERROR
   1    -1712.0530924834 -1712.0530924834 144.043019847   2.465885866
   2    -1631.2144778091    80.8386146743 142.934946736   0.892443768
   3    -1736.0437804889  -104.8293026798   0.017187411   0.661376877
   4    -1736.1031286707    -0.0593481818   0.273607579   0.661026051
   5    -1737.0684729124    -0.9653442417   0.268823365   0.654789656
   6    -1738.0485146698    -0.9800417574   0.261213275   0.646715141
   7    -1739.0192978544    -0.9707831846   0.256520726   0.636026456
   8    -1739.9774811613    -0.9581833069   0.252447215   0.631969330
   9    -1740.9140203985    -0.9365392372   0.252867320   0.629582527
  10    -1741.8383506454    -0.9243302469   0.242315716   0.626854336
  11    -1742.7086114848    -0.8702608394   0.262345387   0.623837460
  12    -1743.6351950585    -0.9265835738   0.252294733   0.620029687
  13    -1744.5156609860    -0.8804659275   0.269338454   0.615740898
  14    -1745.4516686289    -0.9360076429   0.259955017   0.610362592
  15    -1746.3605590277    -0.9088903989   0.266220879   0.604238847
  16    -1747.3095144413    -0.9489554136   0.256441029   0.596798160
  17    -1748.2593143048    -0.9497998635   0.245397911   0.588191727
  18    -1749.2331555829    -0.9738412782   0.230703745   0.578137004
  19    -1750.2759661396    -1.0428105566   0.207992639   0.566219825
  20    -1751.5049305980    -1.2289644585   0.470797846   0.551871270
  21    -1753.2783240801    -1.7733934821   0.852524204   0.642891382
  22    -1755.9463025403    -2.6679784602   0.582985249   0.722877447
  23    -1758.2006622964    -2.2543597561   0.605664232   0.662530032
  24    -1760.1253000746    -1.9246377782   0.709798950   0.562422836
  25    -1761.5167114701    -1.3914113955 167.150534716   0.498481557
  26    -1615.9516428431   145.5650686270 167.673591235   0.901434597
  27    -1789.6543495277  -173.7027066846   2.745749722   0.280010126
  28    -1790.7129339360    -1.0585844083   2.332403559   0.501810789
  29    -1796.5920666966    -5.8791327606   0.249781704   0.127508700
  30    -1796.9278876191    -0.3358209225   0.056721809   0.022422359
  31    -1796.9516141040    -0.0237264850   0.025557934   0.008137354
  32    -1796.9548363808    -0.0032222768   0.009352171   0.002978736
  33    -1796.9554741572    -0.0006377763   0.005095745   0.000809516
  34    -1796.9555596933    -0.0000855361   0.002013623   0.000283259
  35    -1796.9555714407    -0.0000117474   0.000835354   0.000137668
  36    -1796.9555737697    -0.0000023290   0.000289576   0.000049209
  37    -1796.9555740631    -0.0000002934   0.000122643   0.000022141
  38    -1796.9555741005    -0.0000000374   0.000035035   0.000006309
  39    -1796.9555741034    -0.0000000028   0.000014466   0.000002053
  40    -1796.9555741038    -0.0000000004   0.000004995   0.000000465

          -----------------
          DENSITY CONVERGED
          -----------------

 FINAL RHF ENERGY IS    -1796.9555741038 AFTER  40 ITERATIONS

         WAVEFUNCTION NORMALIZATION =       1.0000000000

                ONE ELECTRON ENERGY =   -4272.3777276456
                TWO ELECTRON ENERGY =    1581.4532364610
           NUCLEAR REPULSION ENERGY =     893.9689170809
                                      ------------------
                   RHF TOTAL ENERGY =   -1796.9555741038

 ELECTRON-ELECTRON POTENTIAL ENERGY =    1581.4532364610
  NUCLEUS-ELECTRON POTENTIAL ENERGY =   -6065.8490856479
   NUCLEUS-NUCLEUS POTENTIAL ENERGY =     893.9689170809
                                      ------------------
             TOTAL POTENTIAL ENERGY =   -3590.4269321060
               TOTAL KINETIC ENERGY =    1793.4713580023
                 VIRIAL RATIO (V/T) =       2.0019427219

 Distribution Full ERIs:

 Integrals:                         108728745
 Max size per slaves:                 9060730
 Max size in master:                117789475

 No violations of the orthonormality


  RESULTS OF OCCUPATION-COEFFICIENT OPTIMIZATION
 ================================================

  Ex It  Orb It    Electronic Energy     Total Energy   Energy Convergency    Max Mul-Lag Diff

    1      10     -2692.3013640041    -1798.3324469232     0.0000000000           0.000033


  RESULTS OF THE OCCUPATION OPTIMIZATION
 ========================================

   OM     Occupation      Elag Diag

    1      1.9999991    -85.9337765
    2      1.9999991    -85.3004688
    3      1.9999990    -80.6335107
    4      1.9999979    -58.5174269
    5      1.9999979    -58.5174485
    6      1.9999822    -23.5242159
    7      1.9999821    -23.4890162
    8      1.9999007     -8.2672720
    9      1.9998949     -8.1948518
   10      1.9998539     -7.1704738
   11      1.9998405     -7.2031398
   12      1.9998373     -7.1885438
   13      1.9998365     -7.1933832
   14      1.9997505     -6.2084948
   15      1.9997488     -6.2027240
   16      1.9997396     -6.1614928
   17      1.9997199     -6.0198616
   18      1.9995527     -5.3109903
   19      1.9995503     -5.3170524
   20      1.9995247     -5.2538487
   21      1.9995243     -5.2664009
   22      1.9994735     -5.2214230
   23      1.9994670     -5.2421660
   24      1.9987786     -3.2373129
   25      1.9987607     -3.2366545
   26      1.9987480     -3.2370005
   27      1.9980049     -3.0522157
   28      1.9979569     -3.0547815
   29      1.9978507     -3.0264822
   30      1.9978102     -3.0276799
   31      1.9933873     -1.5933135
   32      1.9873710     -1.2663534
   33      1.9849919     -0.7470232
   34      1.9838896     -0.7826553
   35      1.9835593     -0.7565430
   36      1.9828544     -0.9021965
   37      1.9802684     -0.7202582
   38      1.9796669     -0.6854708
   39      1.9780148     -0.6200041
   40      1.9771156     -0.6216447
   41      1.9737711     -0.5866730
   42      1.9729402     -0.7889241
   43      1.9729125     -0.4305543
   44      1.9723034     -0.7956425
   45      1.9720980     -0.4970843
   46      1.9713490     -0.5156398
   47      1.9697156     -0.4856328
   48      1.9689453     -0.5232420
   49      1.9684343     -0.4162520
   50      1.9683066     -0.4394091
   51      1.9678621     -0.6740794
   52      1.9677480     -0.4318904
   53      1.9654873     -0.4761496
   54      1.9605267     -0.3601831
   55      0.0183994     -0.0159832
   56      0.0054752     -0.0083768
   57      0.0257565     -0.0297338
   58      0.0286313     -0.0440447
   59      0.0267858     -0.0309699
   60      0.0259128     -0.0292934
   61      0.0255485     -0.0280213
   62      0.0071705     -0.0096974
   63      0.0116361     -0.0133940
   64      0.0106644     -0.0122425
   65      0.0240893     -0.0394254
   66      0.0166024     -0.0190356
   67      0.0233512     -0.0337492
   68      0.0192683     -0.0199568
   69      0.0165752     -0.0226911
   70      0.0172124     -0.0225399
   71      0.0154340     -0.0182855
   72      0.0123586     -0.0201563
   73      0.0096591     -0.0191850
   74      0.0079402     -0.0100629
   75      0.0087947     -0.0168206
   76      0.0110132     -0.0246715
   77      0.0034829     -0.0084165
   78      0.0033499     -0.0094407
   79      0.0012471     -0.0054600
   80      0.0012462     -0.0054527
   81      0.0012446     -0.0054687
   82      0.0011945     -0.0052762
   83      0.0006845     -0.0028383
   84      0.0006508     -0.0027205
   85      0.0006245     -0.0026808
   86      0.0003097     -0.0018789
   87      0.0002940     -0.0017529
   88      0.0002616     -0.0016238
   89      0.0002773     -0.0017529
   90      0.0002522     -0.0015739
   91      0.0002512     -0.0015326
   92      0.0001502     -0.0009673
   93      0.0001203     -0.0007975
   94      0.0001335     -0.0008888
   95      0.0001339     -0.0008951
   96      0.0000906     -0.0006809
   97      0.0000845     -0.0006334
   98      0.0000864     -0.0006538
   99      0.0000747     -0.0005538
  100      0.0000534     -0.0004497
  101      0.0000503     -0.0004367
  102      0.0000088     -0.0001794
  103      0.0000091     -0.0001844
  104      0.0000011     -0.0000622
  105      0.0000011     -0.0000651
  106      0.0000006     -0.0000443
  107      0.0000005     -0.0000398
  108      0.0000006     -0.0000420
  109      0.0210739     -0.0188053
  110      0.0290375     -0.0391966
  111      0.0064955     -0.0083422
  112      0.0035066     -0.0074810
  113      0.0049076     -0.0068966
  114      0.0056529     -0.0071956
  115      0.0055062     -0.0069454
  116      0.0231138     -0.0288505
  117      0.0170149     -0.0193734
  118      0.0172376     -0.0188159
  119      0.0036073     -0.0086666
  120      0.0104851     -0.0125251
  121      0.0037086     -0.0078109
  122      0.0069606     -0.0081097
  123      0.0063092     -0.0110469
  124      0.0047728     -0.0091776
  125      0.0048991     -0.0093113
  126      0.0073730     -0.0135785
  127      0.0074865     -0.0114395
  128      0.0085005     -0.0159916
  129      0.0073156     -0.0104859
  130      0.0039949     -0.0093494
  131      0.0091461     -0.0203814
  132      0.0032629     -0.0093812
  133      0.0009427     -0.0038980
  134      0.0009031     -0.0038231
  135      0.0007985     -0.0032551
  136      0.0008006     -0.0032224
  137      0.0005674     -0.0024295
  138      0.0005885     -0.0024815
  139      0.0005969     -0.0026020
  140      0.0002233     -0.0013409
  141      0.0002325     -0.0013844
  142      0.0002142     -0.0012653
  143      0.0001980     -0.0011682
  144      0.0001976     -0.0011659
  145      0.0001961     -0.0011551
  146      0.0001299     -0.0008551
  147      0.0001401     -0.0009249
  148      0.0001177     -0.0007920
  149      0.0001157     -0.0007761
  150      0.0000729     -0.0005460
  151      0.0000782     -0.0005797
  152      0.0000731     -0.0005430
  153      0.0000714     -0.0005261
  154      0.0000517     -0.0004351
  155      0.0000490     -0.0004192
  156      0.0000091     -0.0001836
  157      0.0000088     -0.0001794
  158      0.0000010     -0.0000600
  159      0.0000009     -0.0000560
  160      0.0000004     -0.0000352
  161      0.0000004     -0.0000320
  162      0.0000003     -0.0000281

   RO Sum ( 108) =  108.00

  ---------------
   Dipole Moment
  ---------------

      3.4402 Debye [   1.3535  (  -0.5623,  -0.2187,  -1.2116) ]

 ----------------
  Final Energies  
 ----------------

  Final NOF Total Energy =    -1798.3324469232 ( 3.E-05 , 0.E+00 )


  **************************************************
  *                                                *
  *       SINGLE-POINT DoNOF CALCULATION           *
  *                                                *
  *             FULL OPTIMIZATION                  *
  *                                                *
  *  FINAL RESULTS   FINAL RESULTS  FINAL RESULTS  *
  *                                                *
  **************************************************

  **************************************************
  *         No. EXTERNAL ITER =     1              *
  *         No. of TOTAL ITER =    10              *
  **************************************************

  Elapsed real time :    365.19  (Seconds)
  Git sha : bcb372acca69df19ae91719c988dea244a3c3d1c                                                            

 The execution finished at 12h 35min on the 12/23/2024
