 This is the serial version of the code

 The execution started at 16h 50min on the 12/ 4/2024

    ===========================================================
    !                                                         !
    !                        Do N O F                         !
    !                                                         !
    !  (Donostia Natural Orbital Functional Software Program) !
    !                                                         !
    !               COPYRIGHT by Mario Piris                  !
    !                                                         !
    !      Donostia International Physics Center (DIPC)       !
    !       University of the Basque Country (UPV/EHU)        !
    !       Basque Foundation for Science (IKERBASQUE)        !
    !                                                         !
    !          GNU General Public License version 3           !
    !                                                         !
    !                  VERSION: Mayo 2024                     !
    !                                                         !
    ===========================================================

 Run Title
 ---------
 p30-20 set                                                                      

 Basis Set
 ---------
 /home/ion/P30-20/gnof/def2-svp.bas                                              

 Atom      Charge                Coordinates (Bohr)
                           x             y             z
 AL         13.0        0.0000        0.0000        0.0000
 H           1.0       -1.4979        2.5944        0.0000
 H           1.0       -1.4979       -2.5944        0.0000
 H           1.0        2.9958        0.0000        0.0000

 Atomic Basis Set
 ----------------
 The contracted primitive functions were unnormalized
 The contracted basis functions are now normalized to unity

  Shell Type  Primitive         Exponent  Contraction Coefficient

 AL        
 
      1   S       1          5887.5727030    0.005651978962
      1   S       2           885.6122600    0.042218253427
      1   S       3           201.1360490    0.189187196726
      1   S       4            56.2849747    0.480435911881
      1   S       5            17.2295512    0.425872684294
 
      2   S       6            29.3402499    0.088568603239
      2   S       7             3.0439630   -0.543157066723
      2   S       8             1.1285540   -0.529385510294
 
      3   S       9             0.1423418    1.000000000000
 
      4   S      10             0.0544002    1.000000000000
 
      5   P      11           145.1191881    0.010726377859
      5   P      12            33.7178948    0.074103623546
      5   P      13            10.3698631    0.261296213060
      5   P      14             3.5135616    0.480201235327
      5   P      15             1.1980050    0.384382240624
 
      6   P      16             0.2658301    1.000000000000
 
      7   P      17             0.0710034    1.000000000000
 
      8   D      18             0.3000000    1.000000000000

 H         
 
      9   S      19            13.0107010    0.033485484813
      9   S      20             1.9622572    0.234721870881
      9   S      21             0.4445380    0.813770285260
 
     10   S      22             0.1219496    1.000000000000
 
     11   P      23             0.8000000    1.000000000000

 H         
 
     12   S      24            13.0107010    0.033485484813
     12   S      25             1.9622572    0.234721870881
     12   S      26             0.4445380    0.813770285260
 
     13   S      27             0.1219496    1.000000000000
 
     14   P      28             0.8000000    1.000000000000

 H         
 
     15   S      29            13.0107010    0.033485484813
     15   S      30             1.9622572    0.234721870881
     15   S      31             0.4445380    0.813770285260
 
     16   S      32             0.1219496    1.000000000000
 
     17   P      33             0.8000000    1.000000000000

 Total Number of Basis Set Shells             =   17
 Total Number of Primitives                   =   33
 Number of Cartesian Gaussian Basis Functions =   34
 Number of Electrons                          =   16
 Charge of Molecule                           =    0
 Spin Multiplicity                            =    1
 Number of Occupied Orbitals (Alpha)          =    8
 Number of Occupied Orbitals (Beta )          =    8
 Total Number of Atoms                        =    4

 Input Run Options
 -----------------
 IRUNTYP = 1  MULT = 1  ICHARG =  0 IECP = 0  IEMOM = 1  UNITS = ANGS    

 Integral Options
 ----------------
 CUTOFF = 1.0E-09   ISCHWZ = 0   ERITYP = FULL

 Input NOF Options
 -----------------

 Type of calculation =    Coeff. Opt.:   (ICOEF)         1
 Use Softmax function for Occ. Opt.:     (ISOFTMAX)      1
 Type of Orb. Opt. = Orbital Rotations:  (IORBOPT)       4
 Maximum Number of Occ-Coef Outer Iter.: (MAXIT)      1000

 Natural Orbital Functional Selected:    (IPNOF)         8
 
 Restart calculation Option:             (RESTART)       F
 Restart Gamma Matrix from GCF file:     (INPUTGAMMA)    0
 Coefficient Matrix from GCF file:       (INPUTC)        0
 Diagonal Elements FMIUG from GCF file:  (INPUTFMIUG)    0
 Cartesian Coordinates from GCF file:    (INPUTCXYZ)     0
 Orthogonalize the initial Orbitals:     (ORTHO)         T

 Output Option:                          (NPRINT)        0
 Output the Coefficient Matrix:          (IWRITEC)       0
 Do a Mulliken Population Analysis:      (IMULPOP)       0
 Write Information into a WFN file:      (IAIMPAC)       1
 Write Information into a FCHK file:     (IFCHK)         1
 Write Information into a MLP file:      (MOLDEN)        1
 Create Ini. Cond. (ini.xyz) file:       (INICOND)       1
 Calculate IPs using Ext. Koopmans Theo: (IEKT)          0
 Write APSG expansion coefficient file:  (APSG)          F
 Output option for Lagrange Multipliers: (PRINTLAG)      F
 Diagonalize matrix of Lag. Multipliers: (DIAGLAG)       F

------------------------------------------------------------------------

 Orbital Space
 -------------

 Inactive Doubly occupied orbitals up to NO1  =    0
 No. considered Strongly Doubly occupied MOs  =    8
 No. considered Strongly Singly occupied MOs  =    0
 No. of Weakly occ. per St. Doubly occ.  MOs  =    3
 Dimension of the Active Nat. Orb. subspace   =   32
 Secondary Empty orbitals                     =    2

 1e- integrals
 -------------
 Time to do integrals =      0.00
 Guess for MOs = HCORE
       174 MOs were matched and       130 equalized to zero

 2e- integrals
 -------------
 DONTW option skips storage 2e- integrals on Unit 1
               82122 2e- integrals in     1 records
 Time to do integrals =      0.04

 Input for Coefficients is HCORE


  RESULTS OF OCCUPATION-COEFFICIENT OPTIMIZATION
 ================================================

  Ex It  Occ Time  Orb Time  Orb It   Electronic Energy     Total Energy   Energy Convergency    Max Mul-Lag Diff

    1    1.9E-01   6.8E-01      10    -253.3355141919     -239.7390732970    -1.6521681251           0.850331
    2    9.4E-02   6.8E-01      10    -255.2467401234     -241.6502992284    -1.9112259315           0.456731
    3    1.3E-01   6.8E-01      10    -256.3529056573     -242.7564647624    -1.1061655339           0.277394
    4    1.1E-01   6.7E-01      10    -256.9403967297     -243.3439558348    -0.5874910724           0.182043
    5    8.8E-02   6.8E-01      10    -257.1906726320     -243.5942317370    -0.2502759023           0.076337
    6    1.0E-01   6.8E-01      10    -257.2622443924     -243.6658034975    -0.0715717605           0.083110
    7    8.5E-02   6.7E-01      10    -257.2730977598     -243.6766568649    -0.0108533674           0.066867
    8    8.8E-02   6.8E-01      10    -257.2762922291     -243.6798513342    -0.0031944693           0.072039
    9    8.6E-02   6.7E-01      10    -257.2786428001     -243.6822019052    -0.0023505710           0.061384
   10    8.5E-02   6.7E-01      10    -257.2804153054     -243.6839744105    -0.0017725053           0.052451
   11    7.8E-02   6.8E-01      10    -257.2820123829     -243.6855714879    -0.0015970774           0.050407
   12    7.9E-02   6.7E-01      10    -257.2830169657     -243.6865760708    -0.0010045828           0.043543
   13    7.9E-02   6.7E-01      10    -257.2835283910     -243.6870874961    -0.0005114253           0.061601
   14    7.7E-02   6.5E-01      10    -257.2835893466     -243.6871484517    -0.0000609556           0.051693
   15    7.5E-02   6.3E-01      10    -257.2838636456     -243.6874227506    -0.0002742990           0.058108
   16    7.4E-02   6.3E-01      10    -257.2836470240     -243.6872061291     0.0002166215           0.064146
   17    7.2E-02   1.2E+00      20    -257.2852708084     -243.6888299135    -0.0016237844           0.002657
   18    6.9E-02   1.2E+00      20    -257.2852820550     -243.6888411600    -0.0000112465           0.001422
   19    7.3E-02   1.2E+00      20    -257.2852878423     -243.6888469474    -0.0000057874           0.001181
   20    6.8E-02   1.7E+00      30    -257.2852931760     -243.6888522811    -0.0000053337           0.000464
   21    7.3E-02   2.4E+00      40    -257.2852963093     -243.6888554144    -0.0000031334           0.000098


  RESULTS OF THE OCCUPATION OPTIMIZATION
 ========================================

   OM     Occupation      Elag Diag

    1      1.9999988    -58.4817182
    2      1.9998382     -4.8978378
    3      1.9993173     -3.2154553
    4      1.9990647     -3.2121076
    5      1.9990556     -3.2125954
    6      1.9754469     -0.4933833
    7      1.9711359     -0.4837161
    8      1.9697280     -0.4904330
    9      0.0095421     -0.0090445
   10      0.0040105     -0.0046972
   11      0.0000000     -0.0000001
   12      0.0003446     -0.0013732
   13      0.0006127     -0.0026279
   14      0.0003310     -0.0013405
   15      0.0000520     -0.0002834
   16      0.0000005     -0.0000289
   17      0.0156053     -0.0155609
   18      0.0190226     -0.0178445
   19      0.0245531     -0.0218732
   20      0.0003089     -0.0012659
   21      0.0002010     -0.0008710
   22      0.0002298     -0.0010040
   23      0.0000567     -0.0003295
   24      0.0000004     -0.0000246
   25      0.0051246     -0.0055679
   26      0.0058310     -0.0057685
   27      0.0000000     -0.0000000
   28      0.0002909     -0.0012045
   29      0.0001216     -0.0005254
   30      0.0001218     -0.0005201
   31      0.0000531     -0.0003100
   32      0.0000002     -0.0000141

   RO Sum (  16) =   16.00

  ---------------
   Dipole Moment
  ---------------

      0.0213 Debye [   0.0084  (  -0.0083,  -0.0007,  -0.0001) ]

 ----------------
  Final Energies  
 ----------------

  Final NOF Total Energy =     -243.6888554144 ( 1.E-04 , 0.E+00 )


  **************************************************
  *                                                *
  *       SINGLE-POINT DoNOF CALCULATION           *
  *                                                *
  *             FULL OPTIMIZATION                  *
  *                                                *
  *  FINAL RESULTS   FINAL RESULTS  FINAL RESULTS  *
  *                                                *
  **************************************************

  **************************************************
  *         No. EXTERNAL ITER =    21              *
  *         No. of TOTAL ITER =   290              *
  **************************************************

  Elapsed real time :     20.28  (Seconds)

 The execution finished at 16h 51min on the 12/ 4/2024
