 This is the parallel version of the code
 This is the parallel version of the code
 This is the parallel version of the code
 This is the parallel version of the code
 This is the parallel version of the code
 This is the parallel version of the code
 This is the parallel version of the code
 This is the parallel version of the code
Master:    0

 The execution started at 13h  2min on the 12/23/2024

    ===========================================================
    !                                                         !
    !                        Do N O F                         !
    !                                                         !
    !  (Donostia Natural Orbital Functional Software Program) !
    !                                                         !
    !               COPYRIGHT by Mario Piris                  !
    !                                                         !
    !      Donostia International Physics Center (DIPC)       !
    !       University of the Basque Country (UPV/EHU)        !
    !       Basque Foundation for Science (IKERBASQUE)        !
    !                                                         !
    !          GNU General Public License version 3           !
    !                                                         !
    !                  VERSION: Mayo 2024                     !
    !                                                         !
    ===========================================================

 Run Title
 ---------
 p30-5 set                                                                       

 Basis Set
 ---------
 /beegfs_agamede/gscratch/povmieci/SCRATCH/80594/def2-svp.bas                    

 Atom      Charge                Coordinates (Bohr)
                           x             y             z
 NA         11.0        1.7338       -2.1298       -3.5403
 H           1.0        3.6460        0.8673        0.2706
 S          16.0        4.0076       -4.4413        0.1783
 H           1.0        2.3130        3.5301        1.8666
 F           9.0       -4.1239        4.5561       -1.1589
 H           1.0       -2.7254       -0.4476       -4.2144
 B           5.0       -2.2336       -0.0279       -2.0390
 AL         13.0       -3.5081       -0.1403        2.1582
 B           5.0        1.9612       -3.7158        2.6278
 S          16.0        0.8394       -0.3915        3.5058
 H           1.0        0.4695        3.3320       -2.5927
 H           1.0        1.1071       -5.1290        4.1701
 H           1.0       -2.3965       -2.0243       -0.7156
 C           6.0        1.8845        1.7245        0.9541
 C           6.0       -2.8394        2.4145       -0.3641
 C           6.0       -0.1353        2.0228       -1.1065

 Atomic Basis Set
 ----------------
 The contracted primitive functions were unnormalized
 The contracted basis functions are now normalized to unity

  Shell Type  Primitive         Exponent  Contraction Coefficient

 NA        

      1   S       1          4098.2003908   -0.005829734404
      1   S       2           616.4937403   -0.043469274339
      1   S       3           139.9664400   -0.193522713755
      1   S       4            39.0734411   -0.484866458138
      1   S       5            11.9298472   -0.417110128653

      2   S       6            20.6599660    0.085768706785
      2   S       7             1.9838861   -0.562404693737
      2   S       8             0.6483632   -0.518446102123

      3   S       9             0.0524440    1.000000000000

      4   S      10             0.0280482    1.000000000000

      5   P      11            75.4018620    0.015435362532
      5   P      12            17.2748190    0.099738293184
      5   P      13             5.1842347    0.312095939659
      5   P      14             1.6601212    0.492956748074
      5   P      15             0.5123253    0.324203983180

      6   P      16             0.0520000    1.000000000000

      7   D      17             0.1310000    1.000000000000

 H         

      8   S      18            13.0107010    0.033485484813
      8   S      19             1.9622572    0.234721870881
      8   S      20             0.4445380    0.813770285260

      9   S      21             0.1219496    1.000000000000

     10   P      22             0.8000000    1.000000000000

 S         

     11   S      23          9184.9303010   -0.005472946613
     11   S      24          1381.5105503   -0.040954402155
     11   S      25           313.8714758   -0.184758289562
     11   S      26            88.0538706   -0.475672806440
     11   S      27            27.0399149   -0.434951535842

     12   S      28            45.6487313   -0.091904045809
     12   S      29             4.9664522    0.556987772145
     12   S      30             2.0116242    0.511154682985

     13   S      31             0.3566108    1.000000000000

     14   S      32             0.1350722    1.000000000000

     15   P      33           261.9823344   -0.009183054659
     15   P      34            61.3068947   -0.065902226526
     15   P      35            19.1037299   -0.245877845187
     15   P      36             6.6567720   -0.482314710760
     15   P      37             2.3959635   -0.389563143514

     16   P      38             0.6177616    1.000000000000

     17   P      39             0.1699338    1.000000000000

     18   D      40             0.5500000    1.000000000000

 H         

     19   S      41            13.0107010    0.033485484813
     19   S      42             1.9622572    0.234721870881
     19   S      43             0.4445380    0.813770285260

     20   S      44             0.1219496    1.000000000000

     21   P      45             0.8000000    1.000000000000

 F         

     22   S      46          2894.8325990   -0.005349321176
     22   S      47           435.4193912   -0.039967734372
     22   S      48            98.8433289   -0.179412617888
     22   S      49            27.4851980   -0.468324686869
     22   S      50             8.5405498   -0.447241605328

     23   S      51             1.0654578    1.000000000000

     24   S      52             0.3324735    1.000000000000

     25   P      53            22.6966339   -0.064782148241
     25   P      54             4.9872339   -0.340357853553
     25   P      55             1.3491614   -0.734858153660

     26   P      56             0.3482988    1.000000000000

     27   D      57             1.4000000    1.000000000000

 H         

     28   S      58            13.0107010    0.033485484813
     28   S      59             1.9622572    0.234721870881
     28   S      60             0.4445380    0.813770285260

     29   S      61             0.1219496    1.000000000000

     30   P      62             0.8000000    1.000000000000

 B         

     31   S      63           839.3183009   -0.005628883598
     31   S      64           126.2646484   -0.041832794610
     31   S      65            28.6206008   -0.184174881258
     31   S      66             7.8793723   -0.468396550281
     31   S      67             2.4088857   -0.444579308833

     32   S      68             0.2510511    1.000000000000

     33   S      69             0.0836489    1.000000000000

     34   P      70             6.0332224   -0.054032500323
     34   P      71             1.2499158   -0.301940343932
     34   P      72             0.3387168   -0.771707916582

     35   P      73             0.0964156    1.000000000000

     36   D      74             0.5000000    1.000000000000

 AL        

     37   S      75          5887.5727030    0.005651978962
     37   S      76           885.6122600    0.042218253427
     37   S      77           201.1360490    0.189187196726
     37   S      78            56.2849747    0.480435911881
     37   S      79            17.2295512    0.425872684294

     38   S      80            29.3402499    0.088568603239
     38   S      81             3.0439630   -0.543157066723
     38   S      82             1.1285540   -0.529385510294

     39   S      83             0.1423418    1.000000000000

     40   S      84             0.0544002    1.000000000000

     41   P      85           145.1191881    0.010726377859
     41   P      86            33.7178948    0.074103623546
     41   P      87            10.3698631    0.261296213060
     41   P      88             3.5135616    0.480201235327
     41   P      89             1.1980050    0.384382240624

     42   P      90             0.2658301    1.000000000000

     43   P      91             0.0710034    1.000000000000

     44   D      92             0.3000000    1.000000000000

 B         

     45   S      93           839.3183009   -0.005628883598
     45   S      94           126.2646484   -0.041832794610
     45   S      95            28.6206008   -0.184174881258
     45   S      96             7.8793723   -0.468396550281
     45   S      97             2.4088857   -0.444579308833

     46   S      98             0.2510511    1.000000000000

     47   S      99             0.0836489    1.000000000000

     48   P     100             6.0332224   -0.054032500323
     48   P     101             1.2499158   -0.301940343932
     48   P     102             0.3387168   -0.771707916582

     49   P     103             0.0964156    1.000000000000

     50   D     104             0.5000000    1.000000000000

 S         

     51   S     105          9184.9303010   -0.005472946613
     51   S     106          1381.5105503   -0.040954402155
     51   S     107           313.8714758   -0.184758289562
     51   S     108            88.0538706   -0.475672806440
     51   S     109            27.0399149   -0.434951535842

     52   S     110            45.6487313   -0.091904045809
     52   S     111             4.9664522    0.556987772145
     52   S     112             2.0116242    0.511154682985

     53   S     113             0.3566108    1.000000000000

     54   S     114             0.1350722    1.000000000000

     55   P     115           261.9823344   -0.009183054659
     55   P     116            61.3068947   -0.065902226526
     55   P     117            19.1037299   -0.245877845187
     55   P     118             6.6567720   -0.482314710760
     55   P     119             2.3959635   -0.389563143514

     56   P     120             0.6177616    1.000000000000

     57   P     121             0.1699338    1.000000000000

     58   D     122             0.5500000    1.000000000000

 H         

     59   S     123            13.0107010    0.033485484813
     59   S     124             1.9622572    0.234721870881
     59   S     125             0.4445380    0.813770285260

     60   S     126             0.1219496    1.000000000000

     61   P     127             0.8000000    1.000000000000

 H         

     62   S     128            13.0107010    0.033485484813
     62   S     129             1.9622572    0.234721870881
     62   S     130             0.4445380    0.813770285260

     63   S     131             0.1219496    1.000000000000

     64   P     132             0.8000000    1.000000000000

 H         

     65   S     133            13.0107010    0.033485484813
     65   S     134             1.9622572    0.234721870881
     65   S     135             0.4445380    0.813770285260

     66   S     136             0.1219496    1.000000000000

     67   P     137             0.8000000    1.000000000000

 C         

     68   S     138          1238.4016938    0.005517365048
     68   S     139           186.2900499    0.041088828556
     68   S     140            42.2511763    0.182253821265
     68   S     141            11.6765579    0.468284594374
     68   S     142             3.5930506    0.445758173360

     69   S     143             0.4024515    1.000000000000

     70   S     144             0.1309018    1.000000000000

     71   P     145             9.4680971    0.056888332011
     71   P     146             2.0103545    0.312940593365
     71   P     147             0.5477100    0.760650165091

     72   P     148             0.1526861    1.000000000000

     73   D     149             0.8000000    1.000000000000

 C         

     74   S     150          1238.4016938    0.005517365048
     74   S     151           186.2900499    0.041088828556
     74   S     152            42.2511763    0.182253821265
     74   S     153            11.6765579    0.468284594374
     74   S     154             3.5930506    0.445758173360

     75   S     155             0.4024515    1.000000000000

     76   S     156             0.1309018    1.000000000000

     77   P     157             9.4680971    0.056888332011
     77   P     158             2.0103545    0.312940593365
     77   P     159             0.5477100    0.760650165091

     78   P     160             0.1526861    1.000000000000

     79   D     161             0.8000000    1.000000000000

 C         

     80   S     162          1238.4016938    0.005517365048
     80   S     163           186.2900499    0.041088828556
     80   S     164            42.2511763    0.182253821265
     80   S     165            11.6765579    0.468284594374
     80   S     166             3.5930506    0.445758173360

     81   S     167             0.4024515    1.000000000000

     82   S     168             0.1309018    1.000000000000

     83   P     169             9.4680971    0.056888332011
     83   P     170             2.0103545    0.312940593365
     83   P     171             0.5477100    0.760650165091

     84   P     172             0.1526861    1.000000000000

     85   D     173             0.8000000    1.000000000000

 Total Number of Basis Set Shells             =   85
 Total Number of Primitives                   =  173
 Number of Cartesian Gaussian Basis Functions =  193
 Number of Electrons                          =   99
 Charge of Molecule                           =    0
 Spin Multiplicity                            =    2
 Number of Occupied Orbitals (Alpha)          =   50
 Number of Occupied Orbitals (Beta )          =   49
 Total Number of Atoms                        =   16

 Input Run Options
 -----------------
 IRUNTYP = 1  MULT = 2  ICHARG =  0 IECP = 0  IEMOM = 1  UNITS = ANGS    

 Integral Options
 ----------------
 CUTOFF = 1.0E-09   ISCHWZ = 1   ERITYP = FULL

 Input NOF Options
 -----------------

 Type of calculation =    Coeff. Opt.:   (ICOEF)         1
 Trigonometric functions for Occ. Opt.:  (ISOFTMAX)      0
 Type of Orb. Opt. = Orbital Rotations:  (IORBOPT)       4
 Maximum Number of Occ-Coef Outer Iter.: (MAXIT)      1000

 Natural Orbital Functional Selected:    (IPNOF)         8
 Spin-Multiplet, High-Spin State Option: (HighSpin)      F

 Restart calculation Option:             (RESTART)       T
 Orthogonalize the initial Orbitals:     (ORTHO)         T

 Output Option:                          (NPRINT)        0
 Output the Coefficient Matrix:          (IWRITEC)       0
 Do a Mulliken Population Analysis:      (IMULPOP)       0
 Write Information into a WFN file:      (IAIMPAC)       1
 Write Information into a FCHK file:     (IFCHK)         1
 Write Information into a MLP file:      (MOLDEN)        1
 Create Ini. Cond. (ini.xyz) file:       (INICOND)       1
 Calculate IPs using Ext. Koopmans Theo: (IEKT)          0
 Write APSG expansion coefficient file:  (APSG)          F
 Output option for Lagrange Multipliers: (PRINTLAG)      F
 Diagonalize matrix of Lag. Multipliers: (DIAGLAG)       F

 Nuclear Coordinates from GCF file:
 ----------------------------------

 Atom      Charge                Coordinates (Bohr)
                           x             y             z
 NA      11.00000        1.7338       -2.1298       -3.5403
 H        1.00000        3.6460        0.8673        0.2706
 S       16.00000        4.0076       -4.4413        0.1783
 H        1.00000        2.3130        3.5301        1.8666
 F        9.00000       -4.1239        4.5561       -1.1589
 H        1.00000       -2.7254       -0.4476       -4.2144
 B        5.00000       -2.2336       -0.0279       -2.0390
 AL      13.00000       -3.5081       -0.1403        2.1582
 B        5.00000        1.9612       -3.7158        2.6278
 S       16.00000        0.8394       -0.3915        3.5058
 H        1.00000        0.4695        3.3320       -2.5927
 H        1.00000        1.1071       -5.1290        4.1701
 H        1.00000       -2.3965       -2.0243       -0.7156
 C        6.00000        1.8845        1.7245        0.9541
 C        6.00000       -2.8394        2.4145       -0.3641
 C        6.00000       -0.1353        2.0228       -1.1065

------------------------------------------------------------------------

 Orbital Space
 -------------

 Inactive Doubly occupied orbitals up to NO1  =    0
 No. considered Strongly Doubly occupied MOs  =   49
 No. considered Strongly Singly occupied MOs  =    1
 No. of Weakly occ. per St. Doubly occ.  MOs  =    2
 Dimension of the Active Nat. Orb. subspace   =  147
 Secondary Empty orbitals                     =   45

 1e- integrals
 -------------
 Time to do integrals =      0.01
 Guess for MOs = HCORE
        12 MOs were matched and         0 equalized to zero

 2e- integrals
 -------------
 DONTW option skips storage 2e- integrals on Unit 1
           114316817 2e- integrals in     1 records
 Time to do integrals =      7.88

 ROHF SCF Calculation
 --------------------
 EXTRAP=T  DAMP=T  DIIS=T
 DMat Conv = 1.0E-05  Ener Tol = 1.0E-08
 Ener Conv = 1.0E-10  DMat Tol = 2.0E-05
 DIIS Conv = 1.0E-07  DMat Tol = 2.0E-05

 ITER      TOTAL ENERGY        E CHANGE     DEN. CHANGE    DIIS ERROR
   1    -1376.0176118510 -1376.0176118510  72.979528560   1.264768949
   2    -1294.0429224628    81.9746893882  75.856769372   1.537455553
   3    -1357.5569490574   -63.5140265946   0.495327897   0.638308065
   4    -1358.9013351203    -1.3443860628   6.376255681   0.663542139
   5    -1379.5589352305   -20.6576001102   9.197922321   0.818218143
   6    -1413.8965001311   -34.3375649007   3.535893816   0.971897665
   7    -1428.5299541158   -14.6334539847   6.081111898   0.525994962
   8    -1463.4149126698   -34.8849585540   0.594303144   0.160667299
   9    -1463.9599410023    -0.5450283325   0.269174295   0.068996931
  10    -1464.1764292656    -0.2164882633   0.121650727   0.018703808
  11    -1464.2058255092    -0.0293962435   0.063258842   0.005325462
  12    -1464.2095962179    -0.0037707088   0.022937034   0.002412205
  13    -1464.2102708548    -0.0006746368   0.006890973   0.000685549
  14    -1464.2103410187    -0.0000701640   0.001834723   0.000346647
  15    -1464.2103514868    -0.0000104681   0.000999559   0.000153665
  16    -1464.2103535914    -0.0000021046   0.000518179   0.000063874
  17    -1464.2103540195    -0.0000004281   0.000143580   0.000017990
  18    -1464.2103540665    -0.0000000470   0.000062870   0.000006937
  19    -1464.2103540712    -0.0000000047   0.000020894   0.000002214
  20    -1464.2103540718    -0.0000000006   0.000006287   0.000000680

          -----------------
          DENSITY CONVERGED
          -----------------

 FINAL ROHF ENERGY IS    -1464.2103540718 AFTER  20 ITERATIONS

          --------------------
          SPIN SZ   =    0.500
          S-SQUARED =    0.750
          --------------------

         WAVEFUNCTION NORMALIZATION =       1.0000000000

                ONE ELECTRON ENERGY =   -3573.5321405566
                TWO ELECTRON ENERGY =    1333.8172739999
           NUCLEAR REPULSION ENERGY =     775.5045124850
                                      ------------------
                   RHF TOTAL ENERGY =   -1464.2103540718

 ELECTRON-ELECTRON POTENTIAL ENERGY =    1333.8172739999
  NUCLEUS-ELECTRON POTENTIAL ENERGY =   -5034.4716784857
   NUCLEUS-NUCLEUS POTENTIAL ENERGY =     775.5045124850
                                      ------------------
             TOTAL POTENTIAL ENERGY =   -2925.1498920009
               TOTAL KINETIC ENERGY =    1460.9395379291
                 VIRIAL RATIO (V/T) =       2.0022388443

 Distribution Full ERIs:

 Integrals:                         114316817
 Max size per slaves:                14289604
 Max size in master:                128606421

 No violations of the orthonormality


  RESULTS OF OCCUPATION-COEFFICIENT OPTIMIZATION
 ================================================

  Ex It  Orb It    Electronic Energy     Total Energy   Energy Convergency    Max Mul-Lag Diff

    1      10     -2241.0602372202    -1465.5557247353     0.0000000000           0.000027


  RESULTS OF THE OCCUPATION OPTIMIZATION
 ========================================

   OM     Occupation      Elag Diag

    1      1.9999990    -91.9365326
    2      1.9999990    -91.9366159
    3      1.9999971    -52.9634990
    4      1.9999961    -46.0776114
    5      1.9999844    -26.3055205
    6      1.9999033    -10.5952565
    7      1.9999016    -10.5320348
    8      1.9998933    -10.4712893
    9      1.9998899    -10.1942834
   10      1.9998786     -9.8935071
   11      1.9997514     -6.9594871
   12      1.9997511     -6.8928351
   13      1.9997392     -6.8910688
   14      1.9997256     -6.9585481
   15      1.9996991     -6.8722724
   16      1.9996758     -6.8577706
   17      1.9996624     -6.8529985
   18      1.9995079     -5.8673006
   19      1.9995037     -5.8125187
   20      1.9987914     -3.1167019
   21      1.9986948     -3.1073493
   22      1.9984923     -3.0910957
   23      1.9973229     -2.1844533
   24      1.9971571     -2.1043559
   25      1.9968698     -2.0518434
   26      1.9942067     -1.5431819
   27      1.9934406     -1.5359658
   28      1.9888667     -0.9903156
   29      1.9853029     -0.6691734
   30      1.9839290     -0.9453568
   31      1.9835691     -0.8537001
   32      1.9797216     -0.6626118
   33      1.9758812     -0.5842982
   34      1.9758698     -0.7226022
   35      1.9756111     -0.6582523
   36      1.9755472     -0.7152438
   37      1.9744655     -0.5591349
   38      1.9740512     -0.5405986
   39      1.9737707     -0.3785380
   40      1.9729835     -0.6901772
   41      1.9707222     -0.5375593
   42      1.9707221     -0.5755191
   43      1.9700454     -0.5034498
   44      1.9691353     -0.5436574
   45      1.9690989     -0.4621661
   46      1.9689835     -0.4424644
   47      1.9684123     -0.4415806
   48      1.9683866     -0.7885534
   49      1.9667152     -0.5898640
   50      1.0000000     -0.1760121
   51      0.0276765     -0.0386357
   52      0.0286673     -0.0495144
   53      0.0242408     -0.0286060
   54      0.0210772     -0.0261900
   55      0.0072811     -0.0097648
   56      0.0236256     -0.0309086
   57      0.0217322     -0.0266218
   58      0.0135709     -0.0154800
   59      0.0248135     -0.0320804
   60      0.0036970     -0.0066941
   61      0.0160705     -0.0188717
   62      0.0213789     -0.0260754
   63      0.0055731     -0.0069723
   64      0.0051935     -0.0080020
   65      0.0048763     -0.0072932
   66      0.0191362     -0.0235485
   67      0.0067909     -0.0093989
   68      0.0107121     -0.0179678
   69      0.0092944     -0.0178153
   70      0.0083110     -0.0167869
   71      0.0106726     -0.0242522
   72      0.0067062     -0.0115203
   73      0.0032660     -0.0094024
   74      0.0016766     -0.0058674
   75      0.0014579     -0.0054079
   76      0.0015098     -0.0057516
   77      0.0011818     -0.0044216
   78      0.0008071     -0.0035604
   79      0.0006132     -0.0027889
   80      0.0005916     -0.0025291
   81      0.0002547     -0.0016996
   82      0.0002594     -0.0017019
   83      0.0001602     -0.0012206
   84      0.0001524     -0.0011619
   85      0.0001324     -0.0010095
   86      0.0001414     -0.0010800
   87      0.0001212     -0.0009238
   88      0.0001381     -0.0010492
   89      0.0001302     -0.0010083
   90      0.0000560     -0.0005523
   91      0.0000578     -0.0005784
   92      0.0000562     -0.0005718
   93      0.0000429     -0.0004343
   94      0.0000528     -0.0005390
   95      0.0000080     -0.0001953
   96      0.0000019     -0.0000914
   97      0.0000015     -0.0000797
   98      0.0000005     -0.0000445
   99      0.0000005     -0.0000424
  100      0.0056083     -0.0090070
  101      0.0029461     -0.0075263
  102      0.0073470     -0.0097923
  103      0.0099393     -0.0136539
  104      0.0236200     -0.0286941
  105      0.0072391     -0.0103589
  106      0.0082224     -0.0108152
  107      0.0157070     -0.0188480
  108      0.0044643     -0.0071490
  109      0.0233194     -0.0328207
  110      0.0101587     -0.0116561
  111      0.0045699     -0.0082625
  112      0.0199614     -0.0223143
  113      0.0192593     -0.0233221
  114      0.0195126     -0.0232015
  115      0.0049940     -0.0078286
  116      0.0173279     -0.0192844
  117      0.0095662     -0.0165362
  118      0.0071365     -0.0103321
  119      0.0077600     -0.0116541
  120      0.0040246     -0.0091975
  121      0.0044271     -0.0087391
  122      0.0032934     -0.0094514
  123      0.0041167     -0.0094365
  124      0.0016723     -0.0061382
  125      0.0013331     -0.0049247
  126      0.0014954     -0.0057342
  127      0.0007006     -0.0031648
  128      0.0006920     -0.0030347
  129      0.0006170     -0.0027206
  130      0.0002416     -0.0016487
  131      0.0002327     -0.0015804
  132      0.0001774     -0.0014181
  133      0.0001718     -0.0013628
  134      0.0001685     -0.0013129
  135      0.0001330     -0.0010131
  136      0.0001396     -0.0010454
  137      0.0001108     -0.0008624
  138      0.0001184     -0.0009021
  139      0.0000654     -0.0006497
  140      0.0000522     -0.0005237
  141      0.0000505     -0.0005177
  142      0.0000556     -0.0005633
  143      0.0000439     -0.0004483
  144      0.0000076     -0.0001856
  145      0.0000020     -0.0000962
  146      0.0000014     -0.0000762
  147      0.0000005     -0.0000460
  148      0.0000005     -0.0000472

   RO Sum (  99) =   99.00

  ---------------
   Dipole Moment
  ---------------

      3.0576 Debye [   1.2029  (   0.1277,   0.0249,  -1.1959) ]

 ----------------
  Final Energies  
 ----------------

  Final NOF Total Energy =    -1465.5557247353 ( 3.E-05 , 0.E+00 )


  **************************************************
  *                                                *
  *       SINGLE-POINT DoNOF CALCULATION           *
  *                                                *
  *             FULL OPTIMIZATION                  *
  *                                                *
  *  FINAL RESULTS   FINAL RESULTS  FINAL RESULTS  *
  *                                                *
  **************************************************

  **************************************************
  *         No. EXTERNAL ITER =     1              *
  *         No. of TOTAL ITER =    10              *
  **************************************************

  Elapsed real time :    477.54  (Seconds)
  Git sha : bcb372acca69df19ae91719c988dea244a3c3d1c                                                            

 The execution finished at 13h 10min on the 12/23/2024
