 This is the parallel version of the code
 This is the parallel version of the code
 This is the parallel version of the code
 This is the parallel version of the code
 This is the parallel version of the code
 This is the parallel version of the code
 This is the parallel version of the code
 This is the parallel version of the code
 This is the parallel version of the code
 This is the parallel version of the code
 This is the parallel version of the code
 This is the parallel version of the code
Master:    0

 The execution started at 12h 31min on the 12/23/2024

    ===========================================================
    !                                                         !
    !                        Do N O F                         !
    !                                                         !
    !  (Donostia Natural Orbital Functional Software Program) !
    !                                                         !
    !               COPYRIGHT by Mario Piris                  !
    !                                                         !
    !      Donostia International Physics Center (DIPC)       !
    !       University of the Basque Country (UPV/EHU)        !
    !       Basque Foundation for Science (IKERBASQUE)        !
    !                                                         !
    !          GNU General Public License version 3           !
    !                                                         !
    !                  VERSION: Mayo 2024                     !
    !                                                         !
    ===========================================================

 Run Title
 ---------
 p30-5 set                                                                       

 Basis Set
 ---------
 /beegfs_agamede/gscratch/povmieci/SCRATCH/80421/def2-svp.bas                    

 Atom      Charge                Coordinates (Bohr)
                           x             y             z
 H           1.0       -1.9463        0.7652        1.4785
 H           1.0       -4.9363       -1.4047        0.5781
 H           1.0        2.6803        3.3930       -0.7528
 B           5.0        3.1831       -2.8396        4.1458
 B           5.0       -2.8765       -0.7281       -0.0399
 H           1.0        4.5448       -2.2248        5.8499
 O           8.0       -3.1531        0.8228       -2.6088
 B           5.0       -1.0294        2.1564       -3.7473
 F           9.0        3.3402        3.2678        1.0033
 O           8.0        1.1490        1.8086       -2.6241
 H           1.0       -1.4607       -2.4932       -0.5282
 H           1.0        0.9582       -2.2438        4.4036
 H           1.0       -4.8297        0.9965       -3.3210
 H           1.0       -1.5603        3.4029       -5.5484
 P          15.0        4.2480       -4.3086        1.2302
 MG         12.0        1.6887       -0.3705        0.4811

 Atomic Basis Set
 ----------------
 The contracted primitive functions were unnormalized
 The contracted basis functions are now normalized to unity

  Shell Type  Primitive         Exponent  Contraction Coefficient

 H         

      1   S       1            13.0107010    0.033485484813
      1   S       2             1.9622572    0.234721870881
      1   S       3             0.4445380    0.813770285260

      2   S       4             0.1219496    1.000000000000

      3   P       5             0.8000000    1.000000000000

 H         

      4   S       6            13.0107010    0.033485484813
      4   S       7             1.9622572    0.234721870881
      4   S       8             0.4445380    0.813770285260

      5   S       9             0.1219496    1.000000000000

      6   P      10             0.8000000    1.000000000000

 H         

      7   S      11            13.0107010    0.033485484813
      7   S      12             1.9622572    0.234721870881
      7   S      13             0.4445380    0.813770285260

      8   S      14             0.1219496    1.000000000000

      9   P      15             0.8000000    1.000000000000

 B         

     10   S      16           839.3183009   -0.005628883598
     10   S      17           126.2646484   -0.041832794610
     10   S      18            28.6206008   -0.184174881258
     10   S      19             7.8793723   -0.468396550281
     10   S      20             2.4088857   -0.444579308833

     11   S      21             0.2510511    1.000000000000

     12   S      22             0.0836489    1.000000000000

     13   P      23             6.0332224   -0.054032500323
     13   P      24             1.2499158   -0.301940343932
     13   P      25             0.3387168   -0.771707916582

     14   P      26             0.0964156    1.000000000000

     15   D      27             0.5000000    1.000000000000

 B         

     16   S      28           839.3183009   -0.005628883598
     16   S      29           126.2646484   -0.041832794610
     16   S      30            28.6206008   -0.184174881258
     16   S      31             7.8793723   -0.468396550281
     16   S      32             2.4088857   -0.444579308833

     17   S      33             0.2510511    1.000000000000

     18   S      34             0.0836489    1.000000000000

     19   P      35             6.0332224   -0.054032500323
     19   P      36             1.2499158   -0.301940343932
     19   P      37             0.3387168   -0.771707916582

     20   P      38             0.0964156    1.000000000000

     21   D      39             0.5000000    1.000000000000

 H         

     22   S      40            13.0107010    0.033485484813
     22   S      41             1.9622572    0.234721870881
     22   S      42             0.4445380    0.813770285260

     23   S      43             0.1219496    1.000000000000

     24   P      44             0.8000000    1.000000000000

 O         

     25   S      45          2266.1767785   -0.005389350392
     25   S      46           340.8701019   -0.040234721389
     25   S      47            77.3631352   -0.180081842055
     25   S      48            21.4796449   -0.468288576577
     25   S      49             6.6589433   -0.446926171602

     26   S      50             0.8097598    1.000000000000

     27   S      51             0.2553077    1.000000000000

     28   P      52            17.7215043    0.062630248763
     28   P      53             3.8635505    0.333311384824
     28   P      54             1.0480921    0.741486383081

     29   P      55             0.2764154    1.000000000000

     30   D      56             1.2000000    1.000000000000

 B         

     31   S      57           839.3183009   -0.005628883598
     31   S      58           126.2646484   -0.041832794610
     31   S      59            28.6206008   -0.184174881258
     31   S      60             7.8793723   -0.468396550281
     31   S      61             2.4088857   -0.444579308833

     32   S      62             0.2510511    1.000000000000

     33   S      63             0.0836489    1.000000000000

     34   P      64             6.0332224   -0.054032500323
     34   P      65             1.2499158   -0.301940343932
     34   P      66             0.3387168   -0.771707916582

     35   P      67             0.0964156    1.000000000000

     36   D      68             0.5000000    1.000000000000

 F         

     37   S      69          2894.8325990   -0.005349321176
     37   S      70           435.4193912   -0.039967734372
     37   S      71            98.8433289   -0.179412617888
     37   S      72            27.4851980   -0.468324686869
     37   S      73             8.5405498   -0.447241605328

     38   S      74             1.0654578    1.000000000000

     39   S      75             0.3324735    1.000000000000

     40   P      76            22.6966339   -0.064782148241
     40   P      77             4.9872339   -0.340357853553
     40   P      78             1.3491614   -0.734858153660

     41   P      79             0.3482988    1.000000000000

     42   D      80             1.4000000    1.000000000000

 O         

     43   S      81          2266.1767785   -0.005389350392
     43   S      82           340.8701019   -0.040234721389
     43   S      83            77.3631352   -0.180081842055
     43   S      84            21.4796449   -0.468288576577
     43   S      85             6.6589433   -0.446926171602

     44   S      86             0.8097598    1.000000000000

     45   S      87             0.2553077    1.000000000000

     46   P      88            17.7215043    0.062630248763
     46   P      89             3.8635505    0.333311384824
     46   P      90             1.0480921    0.741486383081

     47   P      91             0.2764154    1.000000000000

     48   D      92             1.2000000    1.000000000000

 H         

     49   S      93            13.0107010    0.033485484813
     49   S      94             1.9622572    0.234721870881
     49   S      95             0.4445380    0.813770285260

     50   S      96             0.1219496    1.000000000000

     51   P      97             0.8000000    1.000000000000

 H         

     52   S      98            13.0107010    0.033485484813
     52   S      99             1.9622572    0.234721870881
     52   S     100             0.4445380    0.813770285260

     53   S     101             0.1219496    1.000000000000

     54   P     102             0.8000000    1.000000000000

 H         

     55   S     103            13.0107010    0.033485484813
     55   S     104             1.9622572    0.234721870881
     55   S     105             0.4445380    0.813770285260

     56   S     106             0.1219496    1.000000000000

     57   P     107             0.8000000    1.000000000000

 H         

     58   S     108            13.0107010    0.033485484813
     58   S     109             1.9622572    0.234721870881
     58   S     110             0.4445380    0.813770285260

     59   S     111             0.1219496    1.000000000000

     60   P     112             0.8000000    1.000000000000

 P         

     61   S     113          8002.4795106    0.005525555279
     61   S     114          1203.6813590    0.041326367171
     61   S     115           273.4422703    0.186070058991
     61   S     116            76.6555415    0.477107006766
     61   S     117            23.5169274    0.432247688783

     62   S     118            39.7916834    0.090954145513
     62   S     119             4.2770343   -0.550855656186
     62   S     120             1.6940257   -0.518269979075

     63   S     121             0.2756767    1.000000000000

     64   S     122             0.1049559    1.000000000000

     65   P     123           219.5075582    0.009573910140
     65   P     124            51.2741550    0.067993851914
     65   P     125            15.9215959    0.249832097533
     65   P     126             5.5069913    0.481481790475
     65   P     127             1.9537719    0.388697985432

     66   P     128             0.4780340    1.000000000000

     67   P     129             0.1365795    1.000000000000

     68   D     130             0.4500000    1.000000000000

 MG        

     69   S     131          4953.8339196   -0.005730348253
     69   S     132           745.1804415   -0.042769871122
     69   S     133           169.2160497   -0.191096515460
     69   S     134            47.3006720   -0.482411503269
     69   S     135            14.4613370   -0.422007266852

     70   S     136            24.7681748    0.087115605721
     70   S     137             2.4940945   -0.546373693218
     70   S     138             0.8780758   -0.529320757859

     71   S     139             0.0872128    1.000000000000

     72   S     140             0.0335993    1.000000000000

     73   P     141            98.0530105   -0.014480564601
     73   P     142            22.5869323   -0.095495750787
     73   P     143             6.8391510   -0.307876726509
     73   P     144             2.2332844   -0.499362928859
     73   P     145             0.7160660   -0.315034762129

     74   P     146             0.1891480    1.000000000000

     75   P     147             0.0537688    1.000000000000

     76   D     148             0.1010000    1.000000000000

 Total Number of Basis Set Shells             =   76
 Total Number of Primitives                   =  148
 Number of Cartesian Gaussian Basis Functions =  168
 Number of Electrons                          =   75
 Charge of Molecule                           =    0
 Spin Multiplicity                            =    2
 Number of Occupied Orbitals (Alpha)          =   38
 Number of Occupied Orbitals (Beta )          =   37
 Total Number of Atoms                        =   16

 Input Run Options
 -----------------
 IRUNTYP = 1  MULT = 2  ICHARG =  0 IECP = 0  IEMOM = 1  UNITS = ANGS    

 Integral Options
 ----------------
 CUTOFF = 1.0E-09   ISCHWZ = 1   ERITYP = FULL

 Input NOF Options
 -----------------

 Type of calculation =    Coeff. Opt.:   (ICOEF)         1
 Trigonometric functions for Occ. Opt.:  (ISOFTMAX)      0
 Type of Orb. Opt. = Orbital Rotations:  (IORBOPT)       4
 Maximum Number of Occ-Coef Outer Iter.: (MAXIT)      1000

 Natural Orbital Functional Selected:    (IPNOF)         8
 Spin-Multiplet, High-Spin State Option: (HighSpin)      F

 Restart calculation Option:             (RESTART)       T
 Orthogonalize the initial Orbitals:     (ORTHO)         T

 Output Option:                          (NPRINT)        0
 Output the Coefficient Matrix:          (IWRITEC)       0
 Do a Mulliken Population Analysis:      (IMULPOP)       0
 Write Information into a WFN file:      (IAIMPAC)       1
 Write Information into a FCHK file:     (IFCHK)         1
 Write Information into a MLP file:      (MOLDEN)        1
 Create Ini. Cond. (ini.xyz) file:       (INICOND)       1
 Calculate IPs using Ext. Koopmans Theo: (IEKT)          0
 Write APSG expansion coefficient file:  (APSG)          F
 Output option for Lagrange Multipliers: (PRINTLAG)      F
 Diagonalize matrix of Lag. Multipliers: (DIAGLAG)       F

 Nuclear Coordinates from GCF file:
 ----------------------------------

 Atom      Charge                Coordinates (Bohr)
                           x             y             z
 H        1.00000       -1.9463        0.7652        1.4785
 H        1.00000       -4.9363       -1.4047        0.5781
 H        1.00000        2.6803        3.3930       -0.7528
 B        5.00000        3.1831       -2.8396        4.1458
 B        5.00000       -2.8765       -0.7281       -0.0399
 H        1.00000        4.5448       -2.2248        5.8499
 O        8.00000       -3.1531        0.8228       -2.6088
 B        5.00000       -1.0294        2.1564       -3.7473
 F        9.00000        3.3402        3.2678        1.0033
 O        8.00000        1.1490        1.8086       -2.6241
 H        1.00000       -1.4607       -2.4932       -0.5282
 H        1.00000        0.9582       -2.2438        4.4036
 H        1.00000       -4.8297        0.9965       -3.3210
 H        1.00000       -1.5603        3.4029       -5.5484
 P       15.00000        4.2480       -4.3086        1.2302
 MG      12.00000        1.6887       -0.3705        0.4811

------------------------------------------------------------------------

 Orbital Space
 -------------

 Inactive Doubly occupied orbitals up to NO1  =    0
 No. considered Strongly Doubly occupied MOs  =   37
 No. considered Strongly Singly occupied MOs  =    1
 No. of Weakly occ. per St. Doubly occ.  MOs  =    3
 Dimension of the Active Nat. Orb. subspace   =  148
 Secondary Empty orbitals                     =   19

 1e- integrals
 -------------
 Time to do integrals =      0.01
 Guess for MOs = HCORE
        13 MOs were matched and         0 equalized to zero

 2e- integrals
 -------------
 DONTW option skips storage 2e- integrals on Unit 1
            57343665 2e- integrals in     1 records
 Time to do integrals =      4.40

 ROHF SCF Calculation
 --------------------
 EXTRAP=T  DAMP=T  DIIS=T
 DMat Conv = 1.0E-05  Ener Tol = 1.0E-08
 Ener Conv = 1.0E-10  DMat Tol = 2.0E-05
 DIIS Conv = 1.0E-07  DMat Tol = 2.0E-05

 ITER      TOTAL ENERGY        E CHANGE     DEN. CHANGE    DIIS ERROR
   1     -808.6023009065  -808.6023009065  91.936820976   2.232809933
   2     -710.6196290250    97.9826718815  94.766572862   0.892088413
   3     -818.4967520916  -107.8771230666   0.002979348   0.663563896
   4     -818.5180209884    -0.0212688968   0.048331427   0.663316536
   5     -818.8563001829    -0.3382791945   0.049593772   0.659396545
   6     -819.1909628888    -0.3346627059   0.050772945   0.655548496
   7     -819.5222874281    -0.3313245393   0.052522542   0.651767832
   8     -819.8505277499    -0.3282403218   0.054726060   0.648050910
   9     -820.1759148537    -0.3253871038   0.056979612   0.644394719
  10     -820.4986554048    -0.3227405511   0.059249407   0.640796653
  11     -820.8189286150    -0.3202732102   0.061489443   0.637254304
  12     -821.1368823065    -0.3179536915   0.063641507   0.633765288
  13     -821.4526291306    -0.3157468241   0.065636776   0.630327087
  14     -821.7662440151    -0.3136148845   0.067399275   0.626936931
  15     -822.0777639420    -0.3115199270   0.068851144   0.623591706
  16     -822.3871910127    -0.3094270707   0.069919241   0.620287928
  17     -822.6944993779    -0.3073083651   0.072673033   0.617021757
  18     -822.9996460359    -0.3051466580   0.075390460   0.613789076
  19     -823.3025848492    -0.3029388134   0.077731317   0.610585609
  20     -823.6032825960    -0.3006977467   0.079626940   0.607407071
  21     -823.9017356679    -0.2984530719   0.081038967   0.606112218
  22     -824.1979862887    -0.2962506208   0.081962248   0.606933408
  23     -824.4921378898    -0.2941516011   0.082424682   0.607626669
  24     -824.7843705350    -0.2922326452   0.082485300   0.608162081
  25     -825.0749590784    -0.2905885434   0.082232762   0.608499271
  26     -825.3642994288    -0.2893403504   0.082491155   0.608584241
  27     -825.6554469858    -0.2911475570   0.082007059   0.608340086
  28     -825.9467275619    -0.2912805761   0.081730093   0.607659950
  29     -826.2393950415    -0.2926674796   0.082033790   0.606389568
  30     -826.5354668672    -0.2960718257   0.083573452   0.604287536
  31     -826.8384637302    -0.3029968630   0.087628789   0.604776256
  32     -827.1551187645    -0.3166550343   0.096915300   0.613898163
  33     -827.4995516051    -0.3444328406   0.117270566   0.624352305
  34     -827.9033497914    -0.4037981862   0.158905341   0.635941151
  35     -828.4324503915    -0.5291006001   0.214297897   0.646128995
  36     -829.1559103974    -0.7234600059   0.214107257   0.646022425
  37     -829.9534907841    -0.7975803867   0.145484204   0.627973450
  38     -830.5983112636    -0.6448204795   0.125970356   0.603206939
  39     -831.2905707810    -0.6922595174   0.111382179   0.574585825
  40     -831.8197286143    -0.5291578333   0.182161080   0.557690414
  41     -832.6031870522    -0.7834584378   0.173669395   0.543314297
  42     -833.3498607357    -0.7466736835   0.248178096   0.536852587
  43     -834.2068852021    -0.8570244665   0.357783949   0.529593853
  44     -835.1747043495    -0.9678191474   0.468543664   0.510399026
  45     -836.2692745228    -1.0945701733  24.606537285   0.487799094
  46     -733.4827102965   102.7865642263  25.035133439   0.870705192
  47     -827.9393588938   -94.4566485973   8.035025590   0.651994609
  48     -851.4105348850   -23.4711759912   1.327880704   0.679030486
  49     -861.9282933334   -10.5177584484   1.384669449   0.294419648
  50     -865.1522716386    -3.2239783052   0.722103045   0.216788675
  51     -867.7861869135    -2.6339152749   0.251131784   0.069317696
  52     -867.9238576532    -0.1376707397   0.092893952   0.026995460
  53     -867.9482494579    -0.0243918047   0.024575209   0.011869776
  54     -867.9531111173    -0.0048616594   0.010098610   0.005451838
  55     -867.9540598019    -0.0009486846   0.004145837   0.001615764
  56     -867.9541791200    -0.0001193180   0.001638997   0.000642788
  57     -867.9542008008    -0.0000216808   0.000603861   0.000152751
  58     -867.9542030498    -0.0000022490   0.000371482   0.000074201
  59     -867.9542036169    -0.0000005671   0.000277007   0.000043892
  60     -867.9542038473    -0.0000002304   0.000184180   0.000023355
  61     -867.9542039184    -0.0000000711   0.000096218   0.000010254
  62     -867.9542039324    -0.0000000140   0.000031027   0.000003107
  63     -867.9542039339    -0.0000000015   0.000010769   0.000001007
  64     -867.9542039341    -0.0000000001   0.000002111   0.000000246

          -----------------
          DENSITY CONVERGED
          -----------------

 FINAL ROHF ENERGY IS     -867.9542039341 AFTER  64 ITERATIONS

          --------------------
          SPIN SZ   =    0.500
          S-SQUARED =    0.750
          --------------------

         WAVEFUNCTION NORMALIZATION =       1.0000000000

                ONE ELECTRON ENERGY =   -2120.3114725039
                TWO ELECTRON ENERGY =     790.8569145498
           NUCLEAR REPULSION ENERGY =     461.5003540200
                                      ------------------
                   RHF TOTAL ENERGY =    -867.9542039341

 ELECTRON-ELECTRON POTENTIAL ENERGY =     790.8569145498
  NUCLEUS-ELECTRON POTENTIAL ENERGY =   -2985.4752451212
   NUCLEUS-NUCLEUS POTENTIAL ENERGY =     461.5003540200
                                      ------------------
             TOTAL POTENTIAL ENERGY =   -1733.1179765514
               TOTAL KINETIC ENERGY =     865.1637726173
                 VIRIAL RATIO (V/T) =       2.0032253215

 Distribution Full ERIs:

 Integrals:                          57343665
 Max size per slaves:                 4778640
 Max size in master:                 62122305

 No violations of the orthonormality


  RESULTS OF OCCUPATION-COEFFICIENT OPTIMIZATION
 ================================================

  Ex It  Orb It    Electronic Energy     Total Energy   Energy Convergency    Max Mul-Lag Diff

    1      10     -1330.6757554912     -869.1754014713     0.0000000000           0.000022


  RESULTS OF THE OCCUPATION OPTIMIZATION
 ========================================

   OM     Occupation      Elag Diag

    1      1.9999996    -79.9011992
    2      1.9999987    -49.0939825
    3      1.9999896    -25.4010975
    4      1.9999792    -21.5198251
    5      1.9999773    -20.7631397
    6      1.9998779     -7.5157264
    7      1.9998753     -7.5087340
    8      1.9998308     -6.7176013
    9      1.9998059     -6.4203605
   10      1.9998025     -6.5742261
   11      1.9997851     -6.3304093
   12      1.9995692     -4.6327191
   13      1.9995199     -4.5342979
   14      1.9987904     -2.3395725
   15      1.9986851     -2.3401674
   16      1.9984044     -2.3398196
   17      1.9926294     -1.6001603
   18      1.9903642     -1.4131267
   19      1.9869733     -1.2505298
   20      1.9822056     -0.7385444
   21      1.9789223     -0.6710928
   22      1.9774449     -0.7223069
   23      1.9763606     -0.7210320
   24      1.9763402     -0.8232072
   25      1.9752497     -0.7806187
   26      1.9747269     -0.8767598
   27      1.9738637     -0.6221395
   28      1.9737224     -0.6138265
   29      1.9733644     -0.8545584
   30      1.9726436     -0.6005746
   31      1.9722643     -0.5846115
   32      1.9720816     -0.5797256
   33      1.9719117     -0.5956415
   34      1.9717491     -0.5581325
   35      1.9692447     -0.5694346
   36      1.9681751     -0.4517311
   37      1.9626061     -0.3525970
   38      1.0000000     -0.1734454
   39      0.0267124     -0.0263682
   40      0.0217212     -0.0256499
   41      0.0164233     -0.0210542
   42      0.0051697     -0.0058822
   43      0.0183990     -0.0200529
   44      0.0023477     -0.0049127
   45      0.0067905     -0.0078458
   46      0.0197980     -0.0215623
   47      0.0246862     -0.0420150
   48      0.0032900     -0.0071736
   49      0.0174651     -0.0195574
   50      0.0202894     -0.0316740
   51      0.0188789     -0.0319687
   52      0.0200215     -0.0323491
   53      0.0105558     -0.0188442
   54      0.0065300     -0.0100955
   55      0.0059844     -0.0115154
   56      0.0103857     -0.0238776
   57      0.0035467     -0.0084283
   58      0.0034414     -0.0085180
   59      0.0010485     -0.0038614
   60      0.0007927     -0.0033743
   61      0.0005457     -0.0022272
   62      0.0004325     -0.0017954
   63      0.0001548     -0.0009003
   64      0.0001610     -0.0009319
   65      0.0000742     -0.0005102
   66      0.0000767     -0.0005453
   67      0.0000784     -0.0005555
   68      0.0000597     -0.0004282
   69      0.0000455     -0.0003486
   70      0.0000425     -0.0003373
   71      0.0000080     -0.0001445
   72      0.0000063     -0.0001171
   73      0.0000046     -0.0000972
   74      0.0000004     -0.0000227
   75      0.0000002     -0.0000119
   76      0.0054164     -0.0061772
   77      0.0032476     -0.0045115
   78      0.0031438     -0.0043710
   79      0.0172226     -0.0175451
   80      0.0072814     -0.0088546
   81      0.0015738     -0.0039596
   82      0.0169898     -0.0175586
   83      0.0049303     -0.0061086
   84      0.0008959     -0.0023112
   85      0.0030470     -0.0068093
   86      0.0041890     -0.0053348
   87      0.0038243     -0.0082331
   88      0.0048235     -0.0097107
   89      0.0026137     -0.0065892
   90      0.0095586     -0.0175532
   91      0.0111984     -0.0177681
   92      0.0104891     -0.0159369
   93      0.0038381     -0.0092130
   94      0.0068042     -0.0171717
   95      0.0045714     -0.0117832
   96      0.0030988     -0.0091356
   97      0.0004334     -0.0016420
   98      0.0004259     -0.0016910
   99      0.0004023     -0.0015704
  100      0.0001633     -0.0009439
  101      0.0001522     -0.0008794
  102      0.0000813     -0.0005744
  103      0.0000626     -0.0004498
  104      0.0000559     -0.0003854
  105      0.0000565     -0.0004080
  106      0.0000404     -0.0003196
  107      0.0000409     -0.0003223
  108      0.0000078     -0.0001403
  109      0.0000076     -0.0001402
  110      0.0000032     -0.0000668
  111      0.0000005     -0.0000248
  112      0.0000001     -0.0000078
  113      0.0052651     -0.0059208
  114      0.0068561     -0.0084492
  115      0.0111882     -0.0138816
  116      0.0058587     -0.0065464
  117      0.0024078     -0.0034266
  118      0.0239968     -0.0322037
  119      0.0039555     -0.0048632
  120      0.0026281     -0.0036541
  121      0.0010536     -0.0025352
  122      0.0199406     -0.0290554
  123      0.0044821     -0.0057898
  124      0.0011594     -0.0027817
  125      0.0010479     -0.0024224
  126      0.0010246     -0.0026810
  127      0.0035251     -0.0088750
  128      0.0048267     -0.0066929
  129      0.0046043     -0.0091625
  130      0.0035706     -0.0089971
  131      0.0026758     -0.0069551
  132      0.0016229     -0.0050733
  133      0.0032233     -0.0091148
  134      0.0003695     -0.0015570
  135      0.0003433     -0.0013848
  136      0.0003747     -0.0014918
  137      0.0001621     -0.0009047
  138      0.0001177     -0.0007122
  139      0.0000594     -0.0004102
  140      0.0000583     -0.0004173
  141      0.0000598     -0.0004204
  142      0.0000530     -0.0003808
  143      0.0000388     -0.0003043
  144      0.0000387     -0.0002993
  145      0.0000070     -0.0001290
  146      0.0000070     -0.0001287
  147      0.0000027     -0.0000587
  148      0.0000004     -0.0000192
  149      0.0000001     -0.0000086

   RO Sum (  75) =   75.00

  ---------------
   Dipole Moment
  ---------------

      6.8653 Debye [   2.7010  (  -1.9377,   1.3664,  -1.2938) ]

 ----------------
  Final Energies  
 ----------------

  Final NOF Total Energy =     -869.1754014713 ( 2.E-05 , 0.E+00 )


  **************************************************
  *                                                *
  *       SINGLE-POINT DoNOF CALCULATION           *
  *                                                *
  *             FULL OPTIMIZATION                  *
  *                                                *
  *  FINAL RESULTS   FINAL RESULTS  FINAL RESULTS  *
  *                                                *
  **************************************************

  **************************************************
  *         No. EXTERNAL ITER =     1              *
  *         No. of TOTAL ITER =    10              *
  **************************************************

  Elapsed real time :    206.76  (Seconds)
  Git sha : bcb372acca69df19ae91719c988dea244a3c3d1c                                                            

 The execution finished at 12h 34min on the 12/23/2024
