 This is the parallel version of the code
 This is the parallel version of the code
 This is the parallel version of the code
 This is the parallel version of the code
 This is the parallel version of the code
 This is the parallel version of the code
 This is the parallel version of the code
 This is the parallel version of the code
Master:    0

 The execution started at 13h  3min on the 12/23/2024

    ===========================================================
    !                                                         !
    !                        Do N O F                         !
    !                                                         !
    !  (Donostia Natural Orbital Functional Software Program) !
    !                                                         !
    !               COPYRIGHT by Mario Piris                  !
    !                                                         !
    !      Donostia International Physics Center (DIPC)       !
    !       University of the Basque Country (UPV/EHU)        !
    !       Basque Foundation for Science (IKERBASQUE)        !
    !                                                         !
    !          GNU General Public License version 3           !
    !                                                         !
    !                  VERSION: Mayo 2024                     !
    !                                                         !
    ===========================================================

 Run Title
 ---------
 p30-5 set                                                                       

 Basis Set
 ---------
 /beegfs_agamede/gscratch/povmieci/SCRATCH/80597/def2-svp.bas                    

 Atom      Charge                Coordinates (Bohr)
                           x             y             z
 B           5.0        0.6839        0.2168       -2.8144
 P          15.0       -2.6720       -3.9774        0.0350
 H           1.0        2.0233       -0.1605       -0.4198
 H           1.0        4.2622        3.6538       -2.8184
 B           5.0       -2.8038        1.8480        0.1511
 P          15.0        1.5832        3.7708       -2.8623
 H           1.0        2.6367        3.1314        2.2414
 CL         17.0       -6.2711       -3.9247        1.6256
 N           7.0       -0.9259       -2.9445        2.6062
 H           1.0       -1.7953       -1.5684        3.6552
 P          15.0       -3.0146       -0.4775       -2.4483
 SI         14.0        2.1825       -2.2350        1.7773
 H           1.0        3.2607       -4.5408        0.5720
 H           1.0        1.7374       -1.1865       -4.2406
 P          15.0        0.9441        4.9953        1.1850
 N           7.0       -1.8312        3.3993        1.7552

 Atomic Basis Set
 ----------------
 The contracted primitive functions were unnormalized
 The contracted basis functions are now normalized to unity

  Shell Type  Primitive         Exponent  Contraction Coefficient

 B         

      1   S       1           839.3183009   -0.005628883598
      1   S       2           126.2646484   -0.041832794610
      1   S       3            28.6206008   -0.184174881258
      1   S       4             7.8793723   -0.468396550281
      1   S       5             2.4088857   -0.444579308833

      2   S       6             0.2510511    1.000000000000

      3   S       7             0.0836489    1.000000000000

      4   P       8             6.0332224   -0.054032500323
      4   P       9             1.2499158   -0.301940343932
      4   P      10             0.3387168   -0.771707916582

      5   P      11             0.0964156    1.000000000000

      6   D      12             0.5000000    1.000000000000

 P         

      7   S      13          8002.4795106    0.005525555279
      7   S      14          1203.6813590    0.041326367171
      7   S      15           273.4422703    0.186070058991
      7   S      16            76.6555415    0.477107006766
      7   S      17            23.5169274    0.432247688783

      8   S      18            39.7916834    0.090954145513
      8   S      19             4.2770343   -0.550855656186
      8   S      20             1.6940257   -0.518269979075

      9   S      21             0.2756767    1.000000000000

     10   S      22             0.1049559    1.000000000000

     11   P      23           219.5075582    0.009573910140
     11   P      24            51.2741550    0.067993851914
     11   P      25            15.9215959    0.249832097533
     11   P      26             5.5069913    0.481481790475
     11   P      27             1.9537719    0.388697985432

     12   P      28             0.4780340    1.000000000000

     13   P      29             0.1365795    1.000000000000

     14   D      30             0.4500000    1.000000000000

 H         

     15   S      31            13.0107010    0.033485484813
     15   S      32             1.9622572    0.234721870881
     15   S      33             0.4445380    0.813770285260

     16   S      34             0.1219496    1.000000000000

     17   P      35             0.8000000    1.000000000000

 H         

     18   S      36            13.0107010    0.033485484813
     18   S      37             1.9622572    0.234721870881
     18   S      38             0.4445380    0.813770285260

     19   S      39             0.1219496    1.000000000000

     20   P      40             0.8000000    1.000000000000

 B         

     21   S      41           839.3183009   -0.005628883598
     21   S      42           126.2646484   -0.041832794610
     21   S      43            28.6206008   -0.184174881258
     21   S      44             7.8793723   -0.468396550281
     21   S      45             2.4088857   -0.444579308833

     22   S      46             0.2510511    1.000000000000

     23   S      47             0.0836489    1.000000000000

     24   P      48             6.0332224   -0.054032500323
     24   P      49             1.2499158   -0.301940343932
     24   P      50             0.3387168   -0.771707916582

     25   P      51             0.0964156    1.000000000000

     26   D      52             0.5000000    1.000000000000

 P         

     27   S      53          8002.4795106    0.005525555279
     27   S      54          1203.6813590    0.041326367171
     27   S      55           273.4422703    0.186070058991
     27   S      56            76.6555415    0.477107006766
     27   S      57            23.5169274    0.432247688783

     28   S      58            39.7916834    0.090954145513
     28   S      59             4.2770343   -0.550855656186
     28   S      60             1.6940257   -0.518269979075

     29   S      61             0.2756767    1.000000000000

     30   S      62             0.1049559    1.000000000000

     31   P      63           219.5075582    0.009573910140
     31   P      64            51.2741550    0.067993851914
     31   P      65            15.9215959    0.249832097533
     31   P      66             5.5069913    0.481481790475
     31   P      67             1.9537719    0.388697985432

     32   P      68             0.4780340    1.000000000000

     33   P      69             0.1365795    1.000000000000

     34   D      70             0.4500000    1.000000000000

 H         

     35   S      71            13.0107010    0.033485484813
     35   S      72             1.9622572    0.234721870881
     35   S      73             0.4445380    0.813770285260

     36   S      74             0.1219496    1.000000000000

     37   P      75             0.8000000    1.000000000000

 CL        

     38   S      76         10449.8275660    0.005426595379
     38   S      77          1571.7365221    0.040626378129
     38   S      78           357.1206552    0.183597478529
     38   S      79           100.2518594    0.474389487682
     38   S      80            30.8127276    0.437351811041

     39   S      81            51.9237894   -0.092754154848
     39   S      82             5.7045761    0.563808255442
     39   S      83             2.3508377    0.503670446297

     40   S      84             0.4460512    1.000000000000

     41   S      85             0.1684886    1.000000000000

     42   P      86           307.6679057   -0.008879702559
     42   P      87            72.1020155   -0.064284071721
     42   P      88            22.5326803   -0.242887397360
     42   P      89             7.8991765   -0.483408363699
     42   P      90             2.8767268   -0.389525638755

     43   P      91             0.7745936    1.000000000000

     44   P      92             0.2103770    1.000000000000

     45   D      93             0.6500000    1.000000000000

 N         

     46   S      94          1712.8415853   -0.005447799580
     46   S      95           257.6481268   -0.040627174632
     46   S      96            58.4582459   -0.181119622506
     46   S      97            16.1983679   -0.468439755632
     46   S      98             5.0052601   -0.446168462892

     47   S      99             0.5873186    1.000000000000

     48   S     100             0.1876459    1.000000000000

     49   P     101            13.5714702   -0.058848116970
     49   P     102             2.9257373   -0.320246247625
     49   P     103             0.7992775   -0.753282265204

     50   P     104             0.2195435    1.000000000000

     51   D     105             1.0000000    1.000000000000

 H         

     52   S     106            13.0107010    0.033485484813
     52   S     107             1.9622572    0.234721870881
     52   S     108             0.4445380    0.813770285260

     53   S     109             0.1219496    1.000000000000

     54   P     110             0.8000000    1.000000000000

 P         

     55   S     111          8002.4795106    0.005525555279
     55   S     112          1203.6813590    0.041326367171
     55   S     113           273.4422703    0.186070058991
     55   S     114            76.6555415    0.477107006766
     55   S     115            23.5169274    0.432247688783

     56   S     116            39.7916834    0.090954145513
     56   S     117             4.2770343   -0.550855656186
     56   S     118             1.6940257   -0.518269979075

     57   S     119             0.2756767    1.000000000000

     58   S     120             0.1049559    1.000000000000

     59   P     121           219.5075582    0.009573910140
     59   P     122            51.2741550    0.067993851914
     59   P     123            15.9215959    0.249832097533
     59   P     124             5.5069913    0.481481790475
     59   P     125             1.9537719    0.388697985432

     60   P     126             0.4780340    1.000000000000

     61   P     127             0.1365795    1.000000000000

     62   D     128             0.4500000    1.000000000000

 SI        

     63   S     129          6903.7118686    0.005584465887
     63   S     130          1038.4346419    0.041742284436
     63   S     131           235.8758148    0.187528023742
     63   S     132            66.0693852    0.478678596587
     63   S     133            20.2479458    0.429256952162

     64   S     134            34.3534817    0.089834899465
     64   S     135             3.6370788   -0.545685958777
     64   S     136             1.4002049   -0.524810829267

     65   S     137             0.2048441    1.000000000000

     66   S     138             0.0779941    1.000000000000

     67   P     139           179.8390737    0.010133498379
     67   P     140            41.9072588    0.071029041096
     67   P     141            12.9552944    0.255839142169
     67   P     142             4.4383267    0.481498047149
     67   P     143             1.5462248    0.385211960064

     68   P     144             0.3560761    1.000000000000

     69   P     145             0.1000851    1.000000000000

     70   D     146             0.3500000    1.000000000000

 H         

     71   S     147            13.0107010    0.033485484813
     71   S     148             1.9622572    0.234721870881
     71   S     149             0.4445380    0.813770285260

     72   S     150             0.1219496    1.000000000000

     73   P     151             0.8000000    1.000000000000

 H         

     74   S     152            13.0107010    0.033485484813
     74   S     153             1.9622572    0.234721870881
     74   S     154             0.4445380    0.813770285260

     75   S     155             0.1219496    1.000000000000

     76   P     156             0.8000000    1.000000000000

 P         

     77   S     157          8002.4795106    0.005525555279
     77   S     158          1203.6813590    0.041326367171
     77   S     159           273.4422703    0.186070058991
     77   S     160            76.6555415    0.477107006766
     77   S     161            23.5169274    0.432247688783

     78   S     162            39.7916834    0.090954145513
     78   S     163             4.2770343   -0.550855656186
     78   S     164             1.6940257   -0.518269979075

     79   S     165             0.2756767    1.000000000000

     80   S     166             0.1049559    1.000000000000

     81   P     167           219.5075582    0.009573910140
     81   P     168            51.2741550    0.067993851914
     81   P     169            15.9215959    0.249832097533
     81   P     170             5.5069913    0.481481790475
     81   P     171             1.9537719    0.388697985432

     82   P     172             0.4780340    1.000000000000

     83   P     173             0.1365795    1.000000000000

     84   D     174             0.4500000    1.000000000000

 N         

     85   S     175          1712.8415853   -0.005447799580
     85   S     176           257.6481268   -0.040627174632
     85   S     177            58.4582459   -0.181119622506
     85   S     178            16.1983679   -0.468439755632
     85   S     179             5.0052601   -0.446168462892

     86   S     180             0.5873186    1.000000000000

     87   S     181             0.1876459    1.000000000000

     88   P     182            13.5714702   -0.058848116970
     88   P     183             2.9257373   -0.320246247625
     88   P     184             0.7992775   -0.753282265204

     89   P     185             0.2195435    1.000000000000

     90   D     186             1.0000000    1.000000000000

 Total Number of Basis Set Shells             =   90
 Total Number of Primitives                   =  186
 Number of Cartesian Gaussian Basis Functions =  204
 Number of Electrons                          =  121
 Charge of Molecule                           =    0
 Spin Multiplicity                            =    2
 Number of Occupied Orbitals (Alpha)          =   61
 Number of Occupied Orbitals (Beta )          =   60
 Total Number of Atoms                        =   16

 Input Run Options
 -----------------
 IRUNTYP = 1  MULT = 2  ICHARG =  0 IECP = 0  IEMOM = 1  UNITS = ANGS    

 Integral Options
 ----------------
 CUTOFF = 1.0E-09   ISCHWZ = 1   ERITYP = FULL

 Input NOF Options
 -----------------

 Type of calculation =    Coeff. Opt.:   (ICOEF)         1
 Trigonometric functions for Occ. Opt.:  (ISOFTMAX)      0
 Type of Orb. Opt. = Orbital Rotations:  (IORBOPT)       4
 Maximum Number of Occ-Coef Outer Iter.: (MAXIT)      1000

 Natural Orbital Functional Selected:    (IPNOF)         8
 Spin-Multiplet, High-Spin State Option: (HighSpin)      F

 Restart calculation Option:             (RESTART)       T
 Orthogonalize the initial Orbitals:     (ORTHO)         T

 Output Option:                          (NPRINT)        0
 Output the Coefficient Matrix:          (IWRITEC)       0
 Do a Mulliken Population Analysis:      (IMULPOP)       0
 Write Information into a WFN file:      (IAIMPAC)       1
 Write Information into a FCHK file:     (IFCHK)         1
 Write Information into a MLP file:      (MOLDEN)        1
 Create Ini. Cond. (ini.xyz) file:       (INICOND)       1
 Calculate IPs using Ext. Koopmans Theo: (IEKT)          0
 Write APSG expansion coefficient file:  (APSG)          F
 Output option for Lagrange Multipliers: (PRINTLAG)      F
 Diagonalize matrix of Lag. Multipliers: (DIAGLAG)       F

 Nuclear Coordinates from GCF file:
 ----------------------------------

 Atom      Charge                Coordinates (Bohr)
                           x             y             z
 B        5.00000        0.6839        0.2168       -2.8144
 P       15.00000       -2.6720       -3.9774        0.0350
 H        1.00000        2.0233       -0.1605       -0.4198
 H        1.00000        4.2622        3.6538       -2.8184
 B        5.00000       -2.8038        1.8480        0.1511
 P       15.00000        1.5832        3.7708       -2.8623
 H        1.00000        2.6367        3.1314        2.2414
 CL      17.00000       -6.2711       -3.9247        1.6256
 N        7.00000       -0.9259       -2.9445        2.6062
 H        1.00000       -1.7953       -1.5684        3.6552
 P       15.00000       -3.0146       -0.4775       -2.4483
 SI      14.00000        2.1825       -2.2350        1.7773
 H        1.00000        3.2607       -4.5408        0.5720
 H        1.00000        1.7374       -1.1865       -4.2406
 P       15.00000        0.9441        4.9953        1.1850
 N        7.00000       -1.8312        3.3993        1.7552

------------------------------------------------------------------------

 Orbital Space
 -------------

 Inactive Doubly occupied orbitals up to NO1  =    0
 No. considered Strongly Doubly occupied MOs  =   60
 No. considered Strongly Singly occupied MOs  =    1
 No. of Weakly occ. per St. Doubly occ.  MOs  =    2
 Dimension of the Active Nat. Orb. subspace   =  180
 Secondary Empty orbitals                     =   23

 1e- integrals
 -------------
 Time to do integrals =      0.01
 Guess for MOs = HCORE
         6 MOs were matched and         0 equalized to zero

 2e- integrals
 -------------
 DONTW option skips storage 2e- integrals on Unit 1
           118406362 2e- integrals in     1 records
 Time to do integrals =      8.59

 ROHF SCF Calculation
 --------------------
 EXTRAP=T  DAMP=T  DIIS=T
 DMat Conv = 1.0E-05  Ener Tol = 1.0E-08
 Ener Conv = 1.0E-10  DMat Tol = 2.0E-05
 DIIS Conv = 1.0E-07  DMat Tol = 2.0E-05

 ITER      TOTAL ENERGY        E CHANGE     DEN. CHANGE    DIIS ERROR
   1    -2185.4673357923 -2185.4673357923  70.656127762   1.616242805
   2    -2041.0808015320   144.3865342603  71.169316389   1.262969705
   3    -2160.4239177580  -119.3431162260   0.284697517   0.738163011
   4    -2161.6263037710    -1.2023860130   2.151791678   0.858204808
   5    -2185.5686119775   -23.9423082065   1.230475253   0.665127157
   6    -2194.3342341100    -8.7656221324  14.696308773   0.706713178
   7    -2246.8938251313   -52.5595910213  46.332023507   0.369627311
   8    -2059.0243097823   187.8695153490  41.695976432   0.866356030
   9    -2242.8587141909  -183.8344044086   7.479326852   0.605790146
  10    -2268.2244591733   -25.3657449824   1.200624636   0.240011932
  11    -2271.3026649906    -3.0782058173   0.534705404   0.127935412
  12    -2272.1972988339    -0.8946338433   0.126922739   0.042663032
  13    -2272.3433985251    -0.1460996912   0.058591275   0.013743303
  14    -2272.3623574898    -0.0189589647   0.049266500   0.007082061
  15    -2272.3678441308    -0.0054866410   0.007651766   0.001555231
  16    -2272.3682320030    -0.0003878722   0.004410011   0.000662494
  17    -2272.3682928125    -0.0000608095   0.001434141   0.000293028
  18    -2272.3683031703    -0.0000103578   0.000497812   0.000107086
  19    -2272.3683048235    -0.0000016533   0.000199612   0.000043022
  20    -2272.3683051156    -0.0000002920   0.000087923   0.000019549
  21    -2272.3683051713    -0.0000000557   0.000040784   0.000008467
  22    -2272.3683051825    -0.0000000112   0.000016152   0.000002567
  23    -2272.3683051838    -0.0000000013   0.000003603   0.000000782

          -----------------
          DENSITY CONVERGED
          -----------------

 FINAL ROHF ENERGY IS    -2272.3683051838 AFTER  23 ITERATIONS

          --------------------
          SPIN SZ   =    0.500
          S-SQUARED =    0.750
          --------------------

         WAVEFUNCTION NORMALIZATION =       1.0000000000

                ONE ELECTRON ENERGY =   -5319.9823538923
                TWO ELECTRON ENERGY =    1954.1742257487
           NUCLEAR REPULSION ENERGY =    1093.4398229598
                                      ------------------
                   RHF TOTAL ENERGY =   -2272.3683051838

 ELECTRON-ELECTRON POTENTIAL ENERGY =    1954.1742257487
  NUCLEUS-ELECTRON POTENTIAL ENERGY =   -7588.4273292428
   NUCLEUS-NUCLEUS POTENTIAL ENERGY =    1093.4398229598
                                      ------------------
             TOTAL POTENTIAL ENERGY =   -4540.8132805343
               TOTAL KINETIC ENERGY =    2268.4449753505
                 VIRIAL RATIO (V/T) =       2.0017295239

 Distribution Full ERIs:

 Integrals:                         118406362
 Max size per slaves:                14800796
 Max size in master:                133207158

 No violations of the orthonormality


  RESULTS OF OCCUPATION-COEFFICIENT OPTIMIZATION
 ================================================

  Ex It  Orb It    Electronic Energy     Total Energy   Energy Convergency    Max Mul-Lag Diff

    1      10     -3367.3492980126    -2273.9094750528     0.0000000000           0.000087


  RESULTS OF THE OCCUPATION OPTIMIZATION
 ========================================

   OM     Occupation      Elag Diag

    1      1.9999994   -104.8479636
    2      1.9999988    -78.6903535
    3      1.9999988    -78.2922002
    4      1.9999988    -78.8254221
    5      1.9999987    -75.7487222
    6      1.9999987    -77.2387384
    7      1.9999712    -15.5930367
    8      1.9999500    -13.1157250
    9      1.9999496    -13.0639886
   10      1.9998762     -7.8397147
   11      1.9998650     -7.8001390
   12      1.9998505     -7.7276646
   13      1.9998460     -7.7274104
   14      1.9998395     -7.7131192
   15      1.9998388     -7.7070503
   16      1.9998323     -7.6994763
   17      1.9998160     -7.6867550
   18      1.9998085     -7.6801841
   19      1.9996071     -5.6329546
   20      1.9995891     -5.6154413
   21      1.9995876     -5.6156518
   22      1.9995393     -5.5063139
   23      1.9995071     -5.4913942
   24      1.9994947     -5.4758111
   25      1.9993842     -5.2663990
   26      1.9993581     -5.2310333
   27      1.9992462     -5.1368472
   28      1.9992331     -5.1667632
   29      1.9991949     -5.0790107
   30      1.9991772     -5.0577258
   31      1.9990901     -5.0051058
   32      1.9990847     -5.0175343
   33      1.9990171     -4.9991484
   34      1.9989523     -4.9783295
   35      1.9863515     -1.0289909
   36      1.9841885     -0.7971952
   37      1.9838729     -1.0907546
   38      1.9836388     -0.7646956
   39      1.9836036     -0.7831697
   40      1.9830780     -0.7782644
   41      1.9822980     -1.0447352
   42      1.9753773     -0.5114090
   43      1.9746273     -0.7208518
   44      1.9742622     -0.5102754
   45      1.9740827     -0.6241061
   46      1.9727237     -0.6025624
   47      1.9723345     -0.6392941
   48      1.9718955     -0.6574833
   49      1.9710097     -0.6704258
   50      1.9706139     -0.5328931
   51      1.9700131     -0.4907493
   52      1.9694616     -0.4952861
   53      1.9692486     -0.5076611
   54      1.9690320     -0.5222521
   55      1.9685632     -0.6230549
   56      1.9682128     -0.5210562
   57      1.9665708     -0.5817095
   58      1.9659949     -0.4615070
   59      1.9655581     -0.4445511
   60      1.9650581     -0.4655899
   61      1.0000000     -0.2112755
   62      0.0285983     -0.0321686
   63      0.0292901     -0.0363470
   64      0.0292824     -0.0379077
   65      0.0282159     -0.0427810
   66      0.0261870     -0.0286375
   67      0.0268066     -0.0391773
   68      0.0249845     -0.0274767
   69      0.0245803     -0.0288866
   70      0.0057128     -0.0079757
   71      0.0236771     -0.0283899
   72      0.0243120     -0.0307223
   73      0.0260253     -0.0385573
   74      0.0236233     -0.0329771
   75      0.0234288     -0.0282678
   76      0.0145844     -0.0167112
   77      0.0209660     -0.0238318
   78      0.0136496     -0.0173098
   79      0.0208239     -0.0272529
   80      0.0143698     -0.0183407
   81      0.0121745     -0.0231313
   82      0.0090922     -0.0173815
   83      0.0080966     -0.0116650
   84      0.0078185     -0.0107669
   85      0.0075797     -0.0133787
   86      0.0071847     -0.0104089
   87      0.0085954     -0.0149457
   88      0.0005775     -0.0035762
   89      0.0005889     -0.0036177
   90      0.0005637     -0.0035349
   91      0.0005688     -0.0035521
   92      0.0005380     -0.0032565
   93      0.0004836     -0.0027676
   94      0.0004531     -0.0025538
   95      0.0004705     -0.0027014
   96      0.0003331     -0.0019275
   97      0.0003399     -0.0020152
   98      0.0002666     -0.0016714
   99      0.0002868     -0.0017501
  100      0.0002527     -0.0015315
  101      0.0002093     -0.0012857
  102      0.0002246     -0.0013796
  103      0.0002105     -0.0012918
  104      0.0001081     -0.0008502
  105      0.0001005     -0.0007922
  106      0.0001005     -0.0007960
  107      0.0000880     -0.0007094
  108      0.0000841     -0.0006671
  109      0.0000892     -0.0007132
  110      0.0000831     -0.0006571
  111      0.0000773     -0.0006407
  112      0.0000662     -0.0005474
  113      0.0000258     -0.0003180
  114      0.0000241     -0.0002995
  115      0.0000263     -0.0003087
  116      0.0000007     -0.0000504
  117      0.0000008     -0.0000575
  118      0.0000007     -0.0000512
  119      0.0000006     -0.0000445
  120      0.0000007     -0.0000525
  121      0.0000003     -0.0000295
  122      0.0063436     -0.0092290
  123      0.0051518     -0.0070917
  124      0.0047228     -0.0070669
  125      0.0052133     -0.0092598
  126      0.0056002     -0.0070716
  127      0.0046303     -0.0081935
  128      0.0059835     -0.0074850
  129      0.0061711     -0.0095964
  130      0.0248256     -0.0291934
  131      0.0063098     -0.0084096
  132      0.0050742     -0.0074590
  133      0.0029650     -0.0057819
  134      0.0044812     -0.0078345
  135      0.0042367     -0.0078589
  136      0.0126919     -0.0142472
  137      0.0049512     -0.0086927
  138      0.0120882     -0.0155304
  139      0.0045488     -0.0077750
  140      0.0102529     -0.0136799
  141      0.0055275     -0.0122249
  142      0.0078298     -0.0117189
  143      0.0082998     -0.0156137
  144      0.0085426     -0.0153376
  145      0.0085473     -0.0205653
  146      0.0086269     -0.0159463
  147      0.0050531     -0.0102950
  148      0.0004701     -0.0027093
  149      0.0003941     -0.0022133
  150      0.0003517     -0.0019705
  151      0.0003411     -0.0019273
  152      0.0002847     -0.0015879
  153      0.0003215     -0.0017945
  154      0.0003137     -0.0017898
  155      0.0002834     -0.0016134
  156      0.0003087     -0.0017934
  157      0.0002759     -0.0016016
  158      0.0002386     -0.0014215
  159      0.0002060     -0.0012568
  160      0.0002080     -0.0012941
  161      0.0002031     -0.0012479
  162      0.0001863     -0.0011437
  163      0.0001824     -0.0011335
  164      0.0000834     -0.0006596
  165      0.0000836     -0.0006655
  166      0.0000672     -0.0005394
  167      0.0000732     -0.0005969
  168      0.0000764     -0.0005993
  169      0.0000648     -0.0005158
  170      0.0000664     -0.0005220
  171      0.0000577     -0.0004761
  172      0.0000575     -0.0004847
  173      0.0000246     -0.0003047
  174      0.0000258     -0.0003199
  175      0.0000024     -0.0000781
  176      0.0000007     -0.0000486
  177      0.0000005     -0.0000381
  178      0.0000005     -0.0000414
  179      0.0000006     -0.0000467
  180      0.0000005     -0.0000382
  181      0.0000003     -0.0000263

   RO Sum ( 121) =  121.00

  ---------------
   Dipole Moment
  ---------------

      4.1244 Debye [   1.6227  (   1.2390,  -0.9366,   0.4697) ]

 ----------------
  Final Energies  
 ----------------

  Final NOF Total Energy =    -2273.9094750528 ( 9.E-05 , 0.E+00 )


  **************************************************
  *                                                *
  *       SINGLE-POINT DoNOF CALCULATION           *
  *                                                *
  *             FULL OPTIMIZATION                  *
  *                                                *
  *  FINAL RESULTS   FINAL RESULTS  FINAL RESULTS  *
  *                                                *
  **************************************************

  **************************************************
  *         No. EXTERNAL ITER =     1              *
  *         No. of TOTAL ITER =    10              *
  **************************************************

  Elapsed real time :    588.41  (Seconds)
  Git sha : bcb372acca69df19ae91719c988dea244a3c3d1c                                                            

 The execution finished at 13h 13min on the 12/23/2024
