 This is the parallel version of the code
 This is the parallel version of the code
 This is the parallel version of the code
 This is the parallel version of the code
 This is the parallel version of the code
 This is the parallel version of the code
 This is the parallel version of the code
 This is the parallel version of the code
Master:    0

 The execution started at 13h  3min on the 12/23/2024

    ===========================================================
    !                                                         !
    !                        Do N O F                         !
    !                                                         !
    !  (Donostia Natural Orbital Functional Software Program) !
    !                                                         !
    !               COPYRIGHT by Mario Piris                  !
    !                                                         !
    !      Donostia International Physics Center (DIPC)       !
    !       University of the Basque Country (UPV/EHU)        !
    !       Basque Foundation for Science (IKERBASQUE)        !
    !                                                         !
    !          GNU General Public License version 3           !
    !                                                         !
    !                  VERSION: Mayo 2024                     !
    !                                                         !
    ===========================================================

 Run Title
 ---------
 p30-5 set                                                                       

 Basis Set
 ---------
 /beegfs_agamede/gscratch/povmieci/SCRATCH/80598/def2-svp.bas                    

 Atom      Charge                Coordinates (Bohr)
                           x             y             z
 C           6.0       -1.2782        0.0644        2.7698
 O           8.0        2.0504        0.6469       -0.2957
 B           5.0       -0.0739        2.4603       -1.3059
 F           9.0        1.1002        4.4350       -2.6480
 H           1.0       -1.8901        0.0206        4.7473
 AL         13.0        0.8101        1.4117       -6.3584
 H           1.0        2.5164        1.7409        3.4534
 H           1.0        2.6205       -1.5802        2.8742
 O           8.0       -0.9247       -3.3766       -0.6814
 B           5.0       -2.1996       -2.5309        1.3565
 BE          4.0        0.9259       -1.6167       -1.9387
 C           6.0        1.6314        0.1808        2.4290
 H           1.0       -3.9634       -3.6861        2.1892
 H           1.0       -1.1710        1.0830       -3.0475
 B           5.0       -2.1826        2.3160        1.1146
 F           9.0        2.0286       -1.5692       -4.6584

 Atomic Basis Set
 ----------------
 The contracted primitive functions were unnormalized
 The contracted basis functions are now normalized to unity

  Shell Type  Primitive         Exponent  Contraction Coefficient

 C         

      1   S       1          1238.4016938    0.005517365048
      1   S       2           186.2900499    0.041088828556
      1   S       3            42.2511763    0.182253821265
      1   S       4            11.6765579    0.468284594374
      1   S       5             3.5930506    0.445758173360

      2   S       6             0.4024515    1.000000000000

      3   S       7             0.1309018    1.000000000000

      4   P       8             9.4680971    0.056888332011
      4   P       9             2.0103545    0.312940593365
      4   P      10             0.5477100    0.760650165091

      5   P      11             0.1526861    1.000000000000

      6   D      12             0.8000000    1.000000000000

 O         

      7   S      13          2266.1767785   -0.005389350392
      7   S      14           340.8701019   -0.040234721389
      7   S      15            77.3631352   -0.180081842055
      7   S      16            21.4796449   -0.468288576577
      7   S      17             6.6589433   -0.446926171602

      8   S      18             0.8097598    1.000000000000

      9   S      19             0.2553077    1.000000000000

     10   P      20            17.7215043    0.062630248763
     10   P      21             3.8635505    0.333311384824
     10   P      22             1.0480921    0.741486383081

     11   P      23             0.2764154    1.000000000000

     12   D      24             1.2000000    1.000000000000

 B         

     13   S      25           839.3183009   -0.005628883598
     13   S      26           126.2646484   -0.041832794610
     13   S      27            28.6206008   -0.184174881258
     13   S      28             7.8793723   -0.468396550281
     13   S      29             2.4088857   -0.444579308833

     14   S      30             0.2510511    1.000000000000

     15   S      31             0.0836489    1.000000000000

     16   P      32             6.0332224   -0.054032500323
     16   P      33             1.2499158   -0.301940343932
     16   P      34             0.3387168   -0.771707916582

     17   P      35             0.0964156    1.000000000000

     18   D      36             0.5000000    1.000000000000

 F         

     19   S      37          2894.8325990   -0.005349321176
     19   S      38           435.4193912   -0.039967734372
     19   S      39            98.8433289   -0.179412617888
     19   S      40            27.4851980   -0.468324686869
     19   S      41             8.5405498   -0.447241605328

     20   S      42             1.0654578    1.000000000000

     21   S      43             0.3324735    1.000000000000

     22   P      44            22.6966339   -0.064782148241
     22   P      45             4.9872339   -0.340357853553
     22   P      46             1.3491614   -0.734858153660

     23   P      47             0.3482988    1.000000000000

     24   D      48             1.4000000    1.000000000000

 H         

     25   S      49            13.0107010    0.033485484813
     25   S      50             1.9622572    0.234721870881
     25   S      51             0.4445380    0.813770285260

     26   S      52             0.1219496    1.000000000000

     27   P      53             0.8000000    1.000000000000

 AL        

     28   S      54          5887.5727030    0.005651978962
     28   S      55           885.6122600    0.042218253427
     28   S      56           201.1360490    0.189187196726
     28   S      57            56.2849747    0.480435911881
     28   S      58            17.2295512    0.425872684294

     29   S      59            29.3402499    0.088568603239
     29   S      60             3.0439630   -0.543157066723
     29   S      61             1.1285540   -0.529385510294

     30   S      62             0.1423418    1.000000000000

     31   S      63             0.0544002    1.000000000000

     32   P      64           145.1191881    0.010726377859
     32   P      65            33.7178948    0.074103623546
     32   P      66            10.3698631    0.261296213060
     32   P      67             3.5135616    0.480201235327
     32   P      68             1.1980050    0.384382240624

     33   P      69             0.2658301    1.000000000000

     34   P      70             0.0710034    1.000000000000

     35   D      71             0.3000000    1.000000000000

 H         

     36   S      72            13.0107010    0.033485484813
     36   S      73             1.9622572    0.234721870881
     36   S      74             0.4445380    0.813770285260

     37   S      75             0.1219496    1.000000000000

     38   P      76             0.8000000    1.000000000000

 H         

     39   S      77            13.0107010    0.033485484813
     39   S      78             1.9622572    0.234721870881
     39   S      79             0.4445380    0.813770285260

     40   S      80             0.1219496    1.000000000000

     41   P      81             0.8000000    1.000000000000

 O         

     42   S      82          2266.1767785   -0.005389350392
     42   S      83           340.8701019   -0.040234721389
     42   S      84            77.3631352   -0.180081842055
     42   S      85            21.4796449   -0.468288576577
     42   S      86             6.6589433   -0.446926171602

     43   S      87             0.8097598    1.000000000000

     44   S      88             0.2553077    1.000000000000

     45   P      89            17.7215043    0.062630248763
     45   P      90             3.8635505    0.333311384824
     45   P      91             1.0480921    0.741486383081

     46   P      92             0.2764154    1.000000000000

     47   D      93             1.2000000    1.000000000000

 B         

     48   S      94           839.3183009   -0.005628883598
     48   S      95           126.2646484   -0.041832794610
     48   S      96            28.6206008   -0.184174881258
     48   S      97             7.8793723   -0.468396550281
     48   S      98             2.4088857   -0.444579308833

     49   S      99             0.2510511    1.000000000000

     50   S     100             0.0836489    1.000000000000

     51   P     101             6.0332224   -0.054032500323
     51   P     102             1.2499158   -0.301940343932
     51   P     103             0.3387168   -0.771707916582

     52   P     104             0.0964156    1.000000000000

     53   D     105             0.5000000    1.000000000000

 BE        

     54   S     106           515.1861613    0.005837635441
     54   S     107            77.5110376    0.043234967111
     54   S     108            17.5524817    0.188026956444
     54   S     109             4.8028941    0.469576904234
     54   S     110             1.4516214    0.440951660947

     55   S     111             0.1328163    1.000000000000

     56   S     112             0.0458374    1.000000000000

     57   P     113             3.6316917   -0.045461968666
     57   P     114             0.7169569   -0.264276543343
     57   P     115             0.1954193   -0.804884200890

     58   P     116             0.0605155    1.000000000000

 C         

     59   S     117          1238.4016938    0.005517365048
     59   S     118           186.2900499    0.041088828556
     59   S     119            42.2511763    0.182253821265
     59   S     120            11.6765579    0.468284594374
     59   S     121             3.5930506    0.445758173360

     60   S     122             0.4024515    1.000000000000

     61   S     123             0.1309018    1.000000000000

     62   P     124             9.4680971    0.056888332011
     62   P     125             2.0103545    0.312940593365
     62   P     126             0.5477100    0.760650165091

     63   P     127             0.1526861    1.000000000000

     64   D     128             0.8000000    1.000000000000

 H         

     65   S     129            13.0107010    0.033485484813
     65   S     130             1.9622572    0.234721870881
     65   S     131             0.4445380    0.813770285260

     66   S     132             0.1219496    1.000000000000

     67   P     133             0.8000000    1.000000000000

 H         

     68   S     134            13.0107010    0.033485484813
     68   S     135             1.9622572    0.234721870881
     68   S     136             0.4445380    0.813770285260

     69   S     137             0.1219496    1.000000000000

     70   P     138             0.8000000    1.000000000000

 B         

     71   S     139           839.3183009   -0.005628883598
     71   S     140           126.2646484   -0.041832794610
     71   S     141            28.6206008   -0.184174881258
     71   S     142             7.8793723   -0.468396550281
     71   S     143             2.4088857   -0.444579308833

     72   S     144             0.2510511    1.000000000000

     73   S     145             0.0836489    1.000000000000

     74   P     146             6.0332224   -0.054032500323
     74   P     147             1.2499158   -0.301940343932
     74   P     148             0.3387168   -0.771707916582

     75   P     149             0.0964156    1.000000000000

     76   D     150             0.5000000    1.000000000000

 F         

     77   S     151          2894.8325990   -0.005349321176
     77   S     152           435.4193912   -0.039967734372
     77   S     153            98.8433289   -0.179412617888
     77   S     154            27.4851980   -0.468324686869
     77   S     155             8.5405498   -0.447241605328

     78   S     156             1.0654578    1.000000000000

     79   S     157             0.3324735    1.000000000000

     80   P     158            22.6966339   -0.064782148241
     80   P     159             4.9872339   -0.340357853553
     80   P     160             1.3491614   -0.734858153660

     81   P     161             0.3482988    1.000000000000

     82   D     162             1.4000000    1.000000000000

 Total Number of Basis Set Shells             =   82
 Total Number of Primitives                   =  162
 Number of Cartesian Gaussian Basis Functions =  188
 Number of Electrons                          =   83
 Charge of Molecule                           =    0
 Spin Multiplicity                            =    2
 Number of Occupied Orbitals (Alpha)          =   42
 Number of Occupied Orbitals (Beta )          =   41
 Total Number of Atoms                        =   16

 Input Run Options
 -----------------
 IRUNTYP = 1  MULT = 2  ICHARG =  0 IECP = 0  IEMOM = 1  UNITS = ANGS    

 Integral Options
 ----------------
 CUTOFF = 1.0E-09   ISCHWZ = 1   ERITYP = FULL

 Input NOF Options
 -----------------

 Type of calculation =    Coeff. Opt.:   (ICOEF)         1
 Trigonometric functions for Occ. Opt.:  (ISOFTMAX)      0
 Type of Orb. Opt. = Orbital Rotations:  (IORBOPT)       4
 Maximum Number of Occ-Coef Outer Iter.: (MAXIT)      1000

 Natural Orbital Functional Selected:    (IPNOF)         8
 Spin-Multiplet, High-Spin State Option: (HighSpin)      F

 Restart calculation Option:             (RESTART)       T
 Orthogonalize the initial Orbitals:     (ORTHO)         T

 Output Option:                          (NPRINT)        0
 Output the Coefficient Matrix:          (IWRITEC)       0
 Do a Mulliken Population Analysis:      (IMULPOP)       0
 Write Information into a WFN file:      (IAIMPAC)       1
 Write Information into a FCHK file:     (IFCHK)         1
 Write Information into a MLP file:      (MOLDEN)        1
 Create Ini. Cond. (ini.xyz) file:       (INICOND)       1
 Calculate IPs using Ext. Koopmans Theo: (IEKT)          0
 Write APSG expansion coefficient file:  (APSG)          F
 Output option for Lagrange Multipliers: (PRINTLAG)      F
 Diagonalize matrix of Lag. Multipliers: (DIAGLAG)       F

 Nuclear Coordinates from GCF file:
 ----------------------------------

 Atom      Charge                Coordinates (Bohr)
                           x             y             z
 C        6.00000       -1.2782        0.0644        2.7698
 O        8.00000        2.0504        0.6469       -0.2957
 B        5.00000       -0.0739        2.4603       -1.3059
 F        9.00000        1.1002        4.4350       -2.6480
 H        1.00000       -1.8901        0.0206        4.7473
 AL      13.00000        0.8101        1.4117       -6.3584
 H        1.00000        2.5164        1.7409        3.4534
 H        1.00000        2.6205       -1.5802        2.8742
 O        8.00000       -0.9247       -3.3766       -0.6814
 B        5.00000       -2.1996       -2.5309        1.3565
 BE       4.00000        0.9259       -1.6167       -1.9387
 C        6.00000        1.6314        0.1808        2.4290
 H        1.00000       -3.9634       -3.6861        2.1892
 H        1.00000       -1.1710        1.0830       -3.0475
 B        5.00000       -2.1826        2.3160        1.1146
 F        9.00000        2.0286       -1.5692       -4.6584

------------------------------------------------------------------------

 Orbital Space
 -------------

 Inactive Doubly occupied orbitals up to NO1  =    0
 No. considered Strongly Doubly occupied MOs  =   41
 No. considered Strongly Singly occupied MOs  =    1
 No. of Weakly occ. per St. Doubly occ.  MOs  =    3
 Dimension of the Active Nat. Orb. subspace   =  164
 Secondary Empty orbitals                     =   23

 1e- integrals
 -------------
 Time to do integrals =      0.01
 Guess for MOs = HCORE
        12 MOs were matched and         0 equalized to zero

 2e- integrals
 -------------
 DONTW option skips storage 2e- integrals on Unit 1
           104579248 2e- integrals in     1 records
 Time to do integrals =      7.39

 ROHF SCF Calculation
 --------------------
 EXTRAP=T  DAMP=T  DIIS=T
 DMat Conv = 1.0E-05  Ener Tol = 1.0E-08
 Ener Conv = 1.0E-10  DMat Tol = 2.0E-05
 DIIS Conv = 1.0E-07  DMat Tol = 2.0E-05

 ITER      TOTAL ENERGY        E CHANGE     DEN. CHANGE    DIIS ERROR
   1     -674.3090284111  -674.3090284111  78.669185585   2.800761428
   2     -543.5021461674   130.8068822437  80.381880634   0.755967596
   3     -650.0022332915  -106.5000871241   0.141442550   0.942870743
   4     -651.9204508449    -1.9182175534   1.347367727   0.993132616
   5     -684.2818695465   -32.3614187016   0.708359804   0.702308910
   6     -698.2298891719   -13.9480196254   7.011199196   0.548995160
   7     -735.0792030451   -36.8493138732  56.877072911   0.339834432
   8     -549.6372038840   185.4419991611  55.753755002   1.289502441
   9     -677.9494808701  -128.3122769861   4.649749588   0.877521199
  10     -736.8948477124   -58.9453668423   2.566250571   0.552665845
  11     -749.6462186678   -12.7513709554   1.031334743   0.548220828
  12     -757.1798692444    -7.5336505766   0.246168869   0.216862702
  13     -757.5415465920    -0.3616773477   0.106364388   0.073897798
  14     -757.6053045060    -0.0637579140   0.067425189   0.026198296
  15     -757.6161610145    -0.0108565085   0.018851359   0.003281061
  16     -757.6167129716    -0.0005519571   0.007014551   0.001238048
  17     -757.6168336995    -0.0001207279   0.003944927   0.000557349
  18     -757.6168589339    -0.0000252344   0.001262221   0.000185692
  19     -757.6168636760    -0.0000047421   0.001163162   0.000097806
  20     -757.6168661812    -0.0000025053   0.000701274   0.000046890
  21     -757.6168669795    -0.0000007982   0.000413298   0.000023787
  22     -757.6168672247    -0.0000002452   0.000223293   0.000009928
  23     -757.6168672775    -0.0000000529   0.000067990   0.000005046
  24     -757.6168672846    -0.0000000070   0.000032239   0.000002603
  25     -757.6168672864    -0.0000000018   0.000011474   0.000001059
  26     -757.6168672866    -0.0000000002   0.000002419   0.000000278

          -----------------
          DENSITY CONVERGED
          -----------------

 FINAL ROHF ENERGY IS     -757.6168672866 AFTER  26 ITERATIONS

          --------------------
          SPIN SZ   =    0.500
          S-SQUARED =    0.750
          --------------------

         WAVEFUNCTION NORMALIZATION =       1.0000000000

                ONE ELECTRON ENERGY =   -2269.1865030321
                TWO ELECTRON ENERGY =     897.3517126180
           NUCLEAR REPULSION ENERGY =     614.2179231274
                                      ------------------
                   RHF TOTAL ENERGY =    -757.6168672866

 ELECTRON-ELECTRON POTENTIAL ENERGY =     897.3517126180
  NUCLEUS-ELECTRON POTENTIAL ENERGY =   -3023.3780618021
   NUCLEUS-NUCLEUS POTENTIAL ENERGY =     614.2179231274
                                      ------------------
             TOTAL POTENTIAL ENERGY =   -1511.8084260567
               TOTAL KINETIC ENERGY =     754.1915587701
                 VIRIAL RATIO (V/T) =       2.0045416956

 Distribution Full ERIs:

 Integrals:                         104579248
 Max size per slaves:                13072408
 Max size in master:                117651656

 No violations of the orthonormality


  RESULTS OF OCCUPATION-COEFFICIENT OPTIMIZATION
 ================================================

  Ex It  Orb It    Electronic Energy     Total Energy   Energy Convergency    Max Mul-Lag Diff

    1      10     -1373.4090274420     -759.1911043146     0.0000000000           0.000017


  RESULTS OF THE OCCUPATION OPTIMIZATION
 ========================================

   OM     Occupation      Elag Diag

    1      1.9999987    -58.5455586
    2      1.9999869    -26.0811023
    3      1.9999809    -23.5493172
    4      1.9999806    -23.4233209
    5      1.9999730    -20.8909717
    6      1.9999122    -11.2686781
    7      1.9999102    -11.2688919
    8      1.9998041     -7.2136865
    9      1.9997772     -7.0007354
   10      1.9997646     -7.0370384
   11      1.9997134     -6.6048840
   12      1.9993171     -3.6482699
   13      1.9992627     -3.6318008
   14      1.9992264     -3.6202894
   15      1.9992077     -3.6085372
   16      1.9920375     -1.5620045
   17      1.9899731     -1.5688968
   18      1.9876092     -1.2100741
   19      1.9870036     -1.2800440
   20      1.9801030     -0.7072329
   21      1.9796732     -0.7000755
   22      1.9793424     -0.7420121
   23      1.9776030     -0.7395889
   24      1.9762095     -0.7356545
   25      1.9759157     -0.8148519
   26      1.9750506     -0.6517640
   27      1.9749579     -0.7851676
   28      1.9749208     -0.6759630
   29      1.9745735     -0.7263952
   30      1.9744912     -0.8118484
   31      1.9744277     -0.7200375
   32      1.9740584     -0.5664187
   33      1.9735696     -0.7290587
   34      1.9735115     -0.6053956
   35      1.9727729     -0.5631638
   36      1.9726932     -0.6215047
   37      1.9719172     -0.7072171
   38      1.9709954     -0.6120183
   39      1.9707948     -0.5523159
   40      1.9701637     -0.7758359
   41      1.9608129     -0.3749817
   42      1.0000000     -0.1803151
   43      0.0184182     -0.0172314
   44      0.0281560     -0.0448671
   45      0.0234827     -0.0305953
   46      0.0159489     -0.0217533
   47      0.0218340     -0.0339505
   48      0.0033979     -0.0046708
   49      0.0044851     -0.0054247
   50      0.0193071     -0.0254546
   51      0.0238899     -0.0333545
   52      0.0174632     -0.0214278
   53      0.0044328     -0.0066753
   54      0.0236918     -0.0402769
   55      0.0043276     -0.0067831
   56      0.0166725     -0.0254040
   57      0.0183051     -0.0305918
   58      0.0044769     -0.0089142
   59      0.0175700     -0.0307823
   60      0.0199785     -0.0327134
   61      0.0039112     -0.0066498
   62      0.0127558     -0.0210062
   63      0.0120897     -0.0197224
   64      0.0090597     -0.0218199
   65      0.0074087     -0.0179358
   66      0.0074204     -0.0169297
   67      0.0081956     -0.0224414
   68      0.0030443     -0.0090385
   69      0.0003335     -0.0018454
   70      0.0002943     -0.0016167
   71      0.0002943     -0.0015183
   72      0.0002189     -0.0011408
   73      0.0000933     -0.0006808
   74      0.0000803     -0.0006020
   75      0.0000815     -0.0006028
   76      0.0000719     -0.0005457
   77      0.0000304     -0.0003320
   78      0.0000293     -0.0003190
   79      0.0000094     -0.0001744
   80      0.0000072     -0.0001417
   81      0.0000065     -0.0001295
   82      0.0000049     -0.0001063
   83      0.0000006     -0.0000330
   84      0.0045353     -0.0056955
   85      0.0008825     -0.0023667
   86      0.0042669     -0.0082176
   87      0.0043480     -0.0069253
   88      0.0028943     -0.0068838
   89      0.0023356     -0.0033913
   90      0.0180074     -0.0190961
   91      0.0043403     -0.0070156
   92      0.0013320     -0.0028047
   93      0.0031030     -0.0052311
   94      0.0019643     -0.0035696
   95      0.0008044     -0.0023522
   96      0.0190926     -0.0233792
   97      0.0036107     -0.0078823
   98      0.0034767     -0.0088859
   99      0.0170739     -0.0261076
  100      0.0034896     -0.0092041
  101      0.0027462     -0.0066463
  102      0.0164433     -0.0215352
  103      0.0043684     -0.0102603
  104      0.0043736     -0.0095373
  105      0.0073481     -0.0141441
  106      0.0035320     -0.0086084
  107      0.0016686     -0.0052943
  108      0.0009622     -0.0033250
  109      0.0031710     -0.0091003
  110      0.0002552     -0.0013675
  111      0.0002754     -0.0014312
  112      0.0002376     -0.0013195
  113      0.0002598     -0.0013506
  114      0.0000899     -0.0006372
  115      0.0000855     -0.0006453
  116      0.0000759     -0.0005599
  117      0.0000628     -0.0004634
  118      0.0000324     -0.0003552
  119      0.0000309     -0.0003381
  120      0.0000092     -0.0001680
  121      0.0000061     -0.0001224
  122      0.0000072     -0.0001421
  123      0.0000040     -0.0000883
  124      0.0000005     -0.0000263
  125      0.0162336     -0.0147821
  126      0.0007978     -0.0020894
  127      0.0014556     -0.0030737
  128      0.0087076     -0.0111190
  129      0.0033545     -0.0075443
  130      0.0215732     -0.0239373
  131      0.0047346     -0.0055762
  132      0.0028411     -0.0048207
  133      0.0012085     -0.0026537
  134      0.0053754     -0.0084382
  135      0.0191752     -0.0233817
  136      0.0010126     -0.0029442
  137      0.0020062     -0.0036134
  138      0.0047960     -0.0093730
  139      0.0032603     -0.0084988
  140      0.0033986     -0.0075059
  141      0.0030247     -0.0083961
  142      0.0010657     -0.0032460
  143      0.0020425     -0.0055384
  144      0.0035335     -0.0088867
  145      0.0038635     -0.0091300
  146      0.0034892     -0.0089686
  147      0.0020557     -0.0062805
  148      0.0033017     -0.0079457
  149      0.0008692     -0.0036580
  150      0.0017473     -0.0057731
  151      0.0002036     -0.0010347
  152      0.0002038     -0.0010500
  153      0.0002055     -0.0010322
  154      0.0002042     -0.0010266
  155      0.0001035     -0.0007560
  156      0.0000696     -0.0005215
  157      0.0000654     -0.0004829
  158      0.0000612     -0.0004619
  159      0.0000270     -0.0002939
  160      0.0000276     -0.0003023
  161      0.0000084     -0.0001592
  162      0.0000061     -0.0001208
  163      0.0000054     -0.0001096
  164      0.0000043     -0.0000948
  165      0.0000003     -0.0000196

   RO Sum (  83) =   83.00

  ---------------
   Dipole Moment
  ---------------

      1.6880 Debye [   0.6641  (   0.6636,  -0.0163,   0.0191) ]

 ----------------
  Final Energies  
 ----------------

  Final NOF Total Energy =     -759.1911043146 ( 2.E-05 , 0.E+00 )


  **************************************************
  *                                                *
  *       SINGLE-POINT DoNOF CALCULATION           *
  *                                                *
  *             FULL OPTIMIZATION                  *
  *                                                *
  *  FINAL RESULTS   FINAL RESULTS  FINAL RESULTS  *
  *                                                *
  **************************************************

  **************************************************
  *         No. EXTERNAL ITER =     1              *
  *         No. of TOTAL ITER =    10              *
  **************************************************

  Elapsed real time :    471.36  (Seconds)
  Git sha : bcb372acca69df19ae91719c988dea244a3c3d1c                                                            

 The execution finished at 13h 11min on the 12/23/2024
