 This is the parallel version of the code
 This is the parallel version of the code
 This is the parallel version of the code
 This is the parallel version of the code
 This is the parallel version of the code
 This is the parallel version of the code
 This is the parallel version of the code
 This is the parallel version of the code
 This is the parallel version of the code
 This is the parallel version of the code
 This is the parallel version of the code
 This is the parallel version of the code
 This is the parallel version of the code
 This is the parallel version of the code
 This is the parallel version of the code
 This is the parallel version of the code
Master:    0

 The execution started at 15h 37min on the 12/ 4/2024

    ===========================================================
    !                                                         !
    !                        Do N O F                         !
    !                                                         !
    !  (Donostia Natural Orbital Functional Software Program) !
    !                                                         !
    !               COPYRIGHT by Mario Piris                  !
    !                                                         !
    !      Donostia International Physics Center (DIPC)       !
    !       University of the Basque Country (UPV/EHU)        !
    !       Basque Foundation for Science (IKERBASQUE)        !
    !                                                         !
    !          GNU General Public License version 3           !
    !                                                         !
    !                  VERSION: Mayo 2024                     !
    !                                                         !
    ===========================================================

 Run Title
 ---------
 p30-20 set                                                                      

 Basis Set
 ---------
 /beegfs_agamede/gscratch/povmieci/SCRATCH/66509/def2-svp.bas                    

 Atom      Charge                Coordinates (Bohr)
                           x             y             z
 H           1.0       -3.6148        3.9365        6.5103
 H           1.0        0.6124       -6.5176       -1.7693
 SI         14.0        1.5763       -4.1011       -2.8258
 H           1.0       -1.9732       -1.1755       -0.8730
 NA         11.0        5.1346        0.7709       -0.6033
 S          16.0        0.8002        2.0599       -3.5044
 H           1.0       -2.6317       -1.5045       -4.5596
 H           1.0       -4.4331        2.6758       -1.5102
 AL         13.0        2.4607        2.2089        3.9900
 H           1.0        3.7807       -3.3874       -1.1776
 C           6.0       -1.1754        2.5062        2.6249
 SI         14.0       -1.8890        2.0223       -0.5861
 CL         17.0        2.0882        3.1212        8.0274
 B           5.0       -0.9228       -1.2563       -3.0991
 B           5.0       -2.5275        3.2730        4.6981
 H           1.0        2.7144       -4.6323       -5.3422

 Atomic Basis Set
 ----------------
 The contracted primitive functions were unnormalized
 The contracted basis functions are now normalized to unity

  Shell Type  Primitive         Exponent  Contraction Coefficient

 H         

      1   S       1            13.0107010    0.033485484813
      1   S       2             1.9622572    0.234721870881
      1   S       3             0.4445380    0.813770285260

      2   S       4             0.1219496    1.000000000000

      3   P       5             0.8000000    1.000000000000

 H         

      4   S       6            13.0107010    0.033485484813
      4   S       7             1.9622572    0.234721870881
      4   S       8             0.4445380    0.813770285260

      5   S       9             0.1219496    1.000000000000

      6   P      10             0.8000000    1.000000000000

 SI        

      7   S      11          6903.7118686    0.005584465887
      7   S      12          1038.4346419    0.041742284436
      7   S      13           235.8758148    0.187528023742
      7   S      14            66.0693852    0.478678596587
      7   S      15            20.2479458    0.429256952162

      8   S      16            34.3534817    0.089834899465
      8   S      17             3.6370788   -0.545685958777
      8   S      18             1.4002049   -0.524810829267

      9   S      19             0.2048441    1.000000000000

     10   S      20             0.0779941    1.000000000000

     11   P      21           179.8390737    0.010133498379
     11   P      22            41.9072588    0.071029041096
     11   P      23            12.9552944    0.255839142169
     11   P      24             4.4383267    0.481498047149
     11   P      25             1.5462248    0.385211960064

     12   P      26             0.3560761    1.000000000000

     13   P      27             0.1000851    1.000000000000

     14   D      28             0.3500000    1.000000000000

 H         

     15   S      29            13.0107010    0.033485484813
     15   S      30             1.9622572    0.234721870881
     15   S      31             0.4445380    0.813770285260

     16   S      32             0.1219496    1.000000000000

     17   P      33             0.8000000    1.000000000000

 NA        

     18   S      34          4098.2003908   -0.005829734404
     18   S      35           616.4937403   -0.043469274339
     18   S      36           139.9664400   -0.193522713755
     18   S      37            39.0734411   -0.484866458138
     18   S      38            11.9298472   -0.417110128653

     19   S      39            20.6599660    0.085768706785
     19   S      40             1.9838861   -0.562404693737
     19   S      41             0.6483632   -0.518446102123

     20   S      42             0.0524440    1.000000000000

     21   S      43             0.0280482    1.000000000000

     22   P      44            75.4018620    0.015435362532
     22   P      45            17.2748190    0.099738293184
     22   P      46             5.1842347    0.312095939659
     22   P      47             1.6601212    0.492956748074
     22   P      48             0.5123253    0.324203983180

     23   P      49             0.0520000    1.000000000000

     24   D      50             0.1310000    1.000000000000

 S         

     25   S      51          9184.9303010   -0.005472946613
     25   S      52          1381.5105503   -0.040954402155
     25   S      53           313.8714758   -0.184758289562
     25   S      54            88.0538706   -0.475672806440
     25   S      55            27.0399149   -0.434951535842

     26   S      56            45.6487313   -0.091904045809
     26   S      57             4.9664522    0.556987772145
     26   S      58             2.0116242    0.511154682985

     27   S      59             0.3566108    1.000000000000

     28   S      60             0.1350722    1.000000000000

     29   P      61           261.9823344   -0.009183054659
     29   P      62            61.3068947   -0.065902226526
     29   P      63            19.1037299   -0.245877845187
     29   P      64             6.6567720   -0.482314710760
     29   P      65             2.3959635   -0.389563143514

     30   P      66             0.6177616    1.000000000000

     31   P      67             0.1699338    1.000000000000

     32   D      68             0.5500000    1.000000000000

 H         

     33   S      69            13.0107010    0.033485484813
     33   S      70             1.9622572    0.234721870881
     33   S      71             0.4445380    0.813770285260

     34   S      72             0.1219496    1.000000000000

     35   P      73             0.8000000    1.000000000000

 H         

     36   S      74            13.0107010    0.033485484813
     36   S      75             1.9622572    0.234721870881
     36   S      76             0.4445380    0.813770285260

     37   S      77             0.1219496    1.000000000000

     38   P      78             0.8000000    1.000000000000

 AL        

     39   S      79          5887.5727030    0.005651978962
     39   S      80           885.6122600    0.042218253427
     39   S      81           201.1360490    0.189187196726
     39   S      82            56.2849747    0.480435911881
     39   S      83            17.2295512    0.425872684294

     40   S      84            29.3402499    0.088568603239
     40   S      85             3.0439630   -0.543157066723
     40   S      86             1.1285540   -0.529385510294

     41   S      87             0.1423418    1.000000000000

     42   S      88             0.0544002    1.000000000000

     43   P      89           145.1191881    0.010726377859
     43   P      90            33.7178948    0.074103623546
     43   P      91            10.3698631    0.261296213060
     43   P      92             3.5135616    0.480201235327
     43   P      93             1.1980050    0.384382240624

     44   P      94             0.2658301    1.000000000000

     45   P      95             0.0710034    1.000000000000

     46   D      96             0.3000000    1.000000000000

 H         

     47   S      97            13.0107010    0.033485484813
     47   S      98             1.9622572    0.234721870881
     47   S      99             0.4445380    0.813770285260

     48   S     100             0.1219496    1.000000000000

     49   P     101             0.8000000    1.000000000000

 C         

     50   S     102          1238.4016938    0.005517365048
     50   S     103           186.2900499    0.041088828556
     50   S     104            42.2511763    0.182253821265
     50   S     105            11.6765579    0.468284594374
     50   S     106             3.5930506    0.445758173360

     51   S     107             0.4024515    1.000000000000

     52   S     108             0.1309018    1.000000000000

     53   P     109             9.4680971    0.056888332011
     53   P     110             2.0103545    0.312940593365
     53   P     111             0.5477100    0.760650165091

     54   P     112             0.1526861    1.000000000000

     55   D     113             0.8000000    1.000000000000

 SI        

     56   S     114          6903.7118686    0.005584465887
     56   S     115          1038.4346419    0.041742284436
     56   S     116           235.8758148    0.187528023742
     56   S     117            66.0693852    0.478678596587
     56   S     118            20.2479458    0.429256952162

     57   S     119            34.3534817    0.089834899465
     57   S     120             3.6370788   -0.545685958777
     57   S     121             1.4002049   -0.524810829267

     58   S     122             0.2048441    1.000000000000

     59   S     123             0.0779941    1.000000000000

     60   P     124           179.8390737    0.010133498379
     60   P     125            41.9072588    0.071029041096
     60   P     126            12.9552944    0.255839142169
     60   P     127             4.4383267    0.481498047149
     60   P     128             1.5462248    0.385211960064

     61   P     129             0.3560761    1.000000000000

     62   P     130             0.1000851    1.000000000000

     63   D     131             0.3500000    1.000000000000

 CL        

     64   S     132         10449.8275660    0.005426595379
     64   S     133          1571.7365221    0.040626378129
     64   S     134           357.1206552    0.183597478529
     64   S     135           100.2518594    0.474389487682
     64   S     136            30.8127276    0.437351811041

     65   S     137            51.9237894   -0.092754154848
     65   S     138             5.7045761    0.563808255442
     65   S     139             2.3508377    0.503670446297

     66   S     140             0.4460512    1.000000000000

     67   S     141             0.1684886    1.000000000000

     68   P     142           307.6679057   -0.008879702559
     68   P     143            72.1020155   -0.064284071721
     68   P     144            22.5326803   -0.242887397360
     68   P     145             7.8991765   -0.483408363699
     68   P     146             2.8767268   -0.389525638755

     69   P     147             0.7745936    1.000000000000

     70   P     148             0.2103770    1.000000000000

     71   D     149             0.6500000    1.000000000000

 B         

     72   S     150           839.3183009   -0.005628883598
     72   S     151           126.2646484   -0.041832794610
     72   S     152            28.6206008   -0.184174881258
     72   S     153             7.8793723   -0.468396550281
     72   S     154             2.4088857   -0.444579308833

     73   S     155             0.2510511    1.000000000000

     74   S     156             0.0836489    1.000000000000

     75   P     157             6.0332224   -0.054032500323
     75   P     158             1.2499158   -0.301940343932
     75   P     159             0.3387168   -0.771707916582

     76   P     160             0.0964156    1.000000000000

     77   D     161             0.5000000    1.000000000000

 B         

     78   S     162           839.3183009   -0.005628883598
     78   S     163           126.2646484   -0.041832794610
     78   S     164            28.6206008   -0.184174881258
     78   S     165             7.8793723   -0.468396550281
     78   S     166             2.4088857   -0.444579308833

     79   S     167             0.2510511    1.000000000000

     80   S     168             0.0836489    1.000000000000

     81   P     169             6.0332224   -0.054032500323
     81   P     170             1.2499158   -0.301940343932
     81   P     171             0.3387168   -0.771707916582

     82   P     172             0.0964156    1.000000000000

     83   D     173             0.5000000    1.000000000000

 H         

     84   S     174            13.0107010    0.033485484813
     84   S     175             1.9622572    0.234721870881
     84   S     176             0.4445380    0.813770285260

     85   S     177             0.1219496    1.000000000000

     86   P     178             0.8000000    1.000000000000

 Total Number of Basis Set Shells             =   86
 Total Number of Primitives                   =  178
 Number of Cartesian Gaussian Basis Functions =  191
 Number of Electrons                          =  108
 Charge of Molecule                           =    0
 Spin Multiplicity                            =    1
 Number of Occupied Orbitals (Alpha)          =   54
 Number of Occupied Orbitals (Beta )          =   54
 Total Number of Atoms                        =   16

 Input Run Options
 -----------------
 IRUNTYP = 1  MULT = 1  ICHARG =  0 IECP = 0  IEMOM = 1  UNITS = ANGS    

 Integral Options
 ----------------
 CUTOFF = 1.0E-09   ISCHWZ = 1   ERITYP = FULL

 Input NOF Options
 -----------------

 Type of calculation =    Coeff. Opt.:   (ICOEF)         1
 Use Softmax function for Occ. Opt.:     (ISOFTMAX)      1
 Type of Orb. Opt. = Orbital Rotations:  (IORBOPT)       4
 Maximum Number of Occ-Coef Outer Iter.: (MAXIT)      1000

 Natural Orbital Functional Selected:    (IPNOF)         8

 Restart calculation Option:             (RESTART)       F
 Restart Gamma Matrix from GCF file:     (INPUTGAMMA)    0
 Coefficient Matrix from GCF file:       (INPUTC)        0
 Diagonal Elements FMIUG from GCF file:  (INPUTFMIUG)    0
 Cartesian Coordinates from GCF file:    (INPUTCXYZ)     0
 Orthogonalize the initial Orbitals:     (ORTHO)         T

 Output Option:                          (NPRINT)        0
 Output the Coefficient Matrix:          (IWRITEC)       0
 Do a Mulliken Population Analysis:      (IMULPOP)       0
 Write Information into a WFN file:      (IAIMPAC)       1
 Write Information into a FCHK file:     (IFCHK)         1
 Write Information into a MLP file:      (MOLDEN)        1
 Create Ini. Cond. (ini.xyz) file:       (INICOND)       1
 Calculate IPs using Ext. Koopmans Theo: (IEKT)          0
 Write APSG expansion coefficient file:  (APSG)          F
 Output option for Lagrange Multipliers: (PRINTLAG)      F
 Diagonalize matrix of Lag. Multipliers: (DIAGLAG)       F

------------------------------------------------------------------------

 Orbital Space
 -------------

 Inactive Doubly occupied orbitals up to NO1  =    0
 No. considered Strongly Doubly occupied MOs  =   54
 No. considered Strongly Singly occupied MOs  =    0
 No. of Weakly occ. per St. Doubly occ.  MOs  =    2
 Dimension of the Active Nat. Orb. subspace   =  162
 Secondary Empty orbitals                     =   29

 1e- integrals
 -------------
 Time to do integrals =      0.01
 Guess for MOs = HCORE
         4 MOs were matched and         0 equalized to zero

 2e- integrals
 -------------
 DONTW option skips storage 2e- integrals on Unit 1
            85770993 2e- integrals in     1 records
 Time to do integrals =      6.83

 Distribution Full ERIs:

 Integrals:                          85770993
 Max size per slaves:                 5360688
 Max size in master:                 91131681

 Input for Coefficients is HCORE


  RESULTS OF OCCUPATION-COEFFICIENT OPTIMIZATION
 ================================================

  Ex It  Orb It    Electronic Energy     Total Energy   Energy Convergency    Max Mul-Lag Diff

    1      10     -2717.9799562491    -1913.8480678657   -34.2026809372           0.939371
    2      10     -2729.5994373313    -1925.4675489479   -11.6194810821           0.247494
    3      10     -2732.6518651455    -1928.5199767621    -3.0524278142           0.167486
    4      10     -2733.5719137518    -1929.4400253684    -0.9200486063           0.274098
    5      10     -2733.9154447156    -1929.7835563322    -0.3435309638           0.165255
    6      10     -2734.1371352286    -1930.0052468453    -0.2216905130           0.187828
    7      10     -2734.2785509586    -1930.1466625752    -0.1414157299           0.168030
    8      10     -2734.3900367094    -1930.2581483260    -0.1114857508           0.165196
    9      10     -2734.4717631758    -1930.3398747924    -0.0817264664           0.171140
   10      10     -2734.5342253852    -1930.4023370018    -0.0624622093           0.157847
   11      10     -2734.5710136851    -1930.4391253017    -0.0367882999           0.167801
   12      10     -2734.5897894087    -1930.4579010253    -0.0187757236           0.141299
   13      10     -2734.5968027439    -1930.4649143605    -0.0070133352           0.166852
   14      10     -2734.6020033575    -1930.4701149741    -0.0052006136           0.183176
   15      10     -2734.6092394617    -1930.4773510783    -0.0072361042           0.179271
   16      10     -2734.6055675415    -1930.4736791582     0.0036719201           0.154065
   17      20     -2734.7373262874    -1930.6054379040    -0.1317587459           0.005918
   18      20     -2734.7380852917    -1930.6061969083    -0.0007590042           0.003332
   19      20     -2734.7386229968    -1930.6067346134    -0.0005377052           0.003433
   20      20     -2734.7391487699    -1930.6072603865    -0.0005257730           0.002897
   21      20     -2734.7396156641    -1930.6077272807    -0.0004668943           0.003097
   22      20     -2734.7400504338    -1930.6081620504    -0.0004347697           0.003314
   23      20     -2734.7404682180    -1930.6085798346    -0.0004177841           0.002834
   24      20     -2734.7408312643    -1930.6089428809    -0.0003630463           0.003029
   25      20     -2734.7411509627    -1930.6092625793    -0.0003196984           0.002758
   26      20     -2734.7414395744    -1930.6095511910    -0.0002886117           0.002968
   27      20     -2734.7416663498    -1930.6097779664    -0.0002267753           0.003634
   28      20     -2734.7418625770    -1930.6099741936    -0.0001962272           0.003220
   29      20     -2734.7420164124    -1930.6101280290    -0.0001538354           0.002908
   30      20     -2734.7421298940    -1930.6102415106    -0.0001134816           0.003800
   31      20     -2734.7422240253    -1930.6103356419    -0.0000941314           0.003078
   32      20     -2734.7422911887    -1930.6104028053    -0.0000671634           0.002992
   33      20     -2734.7423507925    -1930.6104624091    -0.0000596038           0.003676
   34      20     -2734.7424062060    -1930.6105178226    -0.0000554134           0.003420
   35      20     -2734.7424631968    -1930.6105748134    -0.0000569908           0.003069
   36      20     -2734.7425004248    -1930.6106120415    -0.0000372281           0.002896
   37      20     -2734.7425476124    -1930.6106592290    -0.0000471876           0.003045
   38      20     -2734.7425841144    -1930.6106957310    -0.0000365020           0.002796
   39      20     -2734.7426236079    -1930.6107352246    -0.0000394936           0.002723
   40      20     -2734.7426507461    -1930.6107623627    -0.0000271381           0.003046
   41      20     -2734.7426792949    -1930.6107909115    -0.0000285488           0.003417
   42      20     -2734.7427064985    -1930.6108181151    -0.0000272036           0.003119
   43      20     -2734.7427206603    -1930.6108322769    -0.0000141618           0.003669
   44      30     -2734.7428142018    -1930.6109258184    -0.0000935415           0.001013
   45      30     -2734.7428389800    -1930.6109505966    -0.0000247782           0.000958
   46      30     -2734.7428583343    -1930.6109699509    -0.0000193543           0.001027
   47      30     -2734.7428714919    -1930.6109831085    -0.0000131576           0.001029
   48      30     -2734.7428818461    -1930.6109934627    -0.0000103542           0.000994
   49      40     -2734.7428973142    -1930.6110089308    -0.0000154681           0.000202
   50      40     -2734.7429026821    -1930.6110142987    -0.0000053679           0.000200
   51      40     -2734.7429088159    -1930.6110204325    -0.0000061338           0.000200
   52      40     -2734.7429192291    -1930.6110308458    -0.0000104132           0.000192
   53      40     -2734.7429341871    -1930.6110458037    -0.0000149580           0.000198
   54      40     -2734.7429559933    -1930.6110676099    -0.0000218061           0.000196
   55      40     -2734.7429793538    -1930.6110909704    -0.0000233606           0.000199
   56      40     -2734.7430018463    -1930.6111134629    -0.0000224925           0.000195
   57      40     -2734.7430196534    -1930.6111312700    -0.0000178071           0.000191
   58      40     -2734.7430301549    -1930.6111417716    -0.0000105016           0.000192
   59      50     -2734.7430350162    -1930.6111466328    -0.0000048612           0.000033


  RESULTS OF THE OCCUPATION OPTIMIZATION
 ========================================

   OM     Occupation      Elag Diag

    1      1.9999997   -100.3040636
    2      1.9999994    -96.4156996
    3      1.9999988    -68.8125881
    4      1.9999986    -63.7041585
    5      1.9999986    -63.5885331
    6      1.9999969    -40.5183551
    7      1.9999463    -10.3820134
    8      1.9999428    -10.3583512
    9      1.9999240     -8.9528777
   10      1.9999215     -8.9519670
   11      1.9998772     -7.4434866
   12      1.9998759     -7.4132788
   13      1.9998531     -7.3816173
   14      1.9998508     -7.2862226
   15      1.9998272     -6.9123254
   16      1.9998254     -6.9174409
   17      1.9998164     -6.8586480
   18      1.9997979     -6.6321347
   19      1.9997964     -6.6670923
   20      1.9995870     -4.5141118
   21      1.9995792     -4.4761756
   22      1.9995503     -4.4311889
   23      1.9993702     -4.0959653
   24      1.9993445     -4.0664786
   25      1.9992688     -3.9931498
   26      1.9991462     -3.7900047
   27      1.9988920     -3.4820142
   28      1.9988455     -3.4540448
   29      1.9987814     -3.4255463
   30      1.9977342     -2.1990116
   31      1.9974331     -2.1187094
   32      1.9966655     -1.9718478
   33      1.9940412     -1.5439512
   34      1.9839859     -1.0212673
   35      1.9835124     -0.9319503
   36      1.9803544     -0.8054047
   37      1.9760728     -0.4437449
   38      1.9751320     -0.4437351
   39      1.9747323     -0.5749109
   40      1.9745548     -0.5997046
   41      1.9742992     -0.6620956
   42      1.9741198     -0.4923896
   43      1.9737114     -0.4305172
   44      1.9736965     -0.6683474
   45      1.9735461     -0.5845858
   46      1.9732093     -0.6221793
   47      1.9725796     -0.5264437
   48      1.9715984     -0.5567014
   49      1.9712599     -0.5709161
   50      1.9708126     -0.5106277
   51      1.9687428     -0.5284449
   52      1.9682333     -0.5133410
   53      1.9681906     -0.3132763
   54      1.9671959     -0.3789716
   55      0.0258013     -0.0230962
   56      0.0111065     -0.0130743
   57      0.0065787     -0.0093265
   58      0.0253237     -0.0340164
   59      0.0212995     -0.0296968
   60      0.0059123     -0.0064405
   61      0.0055785     -0.0062854
   62      0.0206827     -0.0241917
   63      0.0112366     -0.0135077
   64      0.0154384     -0.0174796
   65      0.0211957     -0.0257903
   66      0.0112367     -0.0129720
   67      0.0189407     -0.0233582
   68      0.0208566     -0.0294871
   69      0.0205976     -0.0241663
   70      0.0000002     -0.0000149
   71      0.0120631     -0.0146163
   72      0.0126733     -0.0157410
   73      0.0142068     -0.0220841
   74      0.0089908     -0.0178131
   75      0.0084927     -0.0191929
   76      0.0040067     -0.0094431
   77      0.0015096     -0.0047440
   78      0.0013689     -0.0043741
   79      0.0011574     -0.0043291
   80      0.0006425     -0.0026781
   81      0.0006434     -0.0026753
   82      0.0006038     -0.0026584
   83      0.0004853     -0.0021217
   84      0.0003136     -0.0014596
   85      0.0003735     -0.0017815
   86      0.0002927     -0.0013989
   87      0.0002305     -0.0011857
   88      0.0002199     -0.0011292
   89      0.0002133     -0.0011151
   90      0.0001046     -0.0007363
   91      0.0000980     -0.0006833
   92      0.0000990     -0.0007077
   93      0.0000975     -0.0007104
   94      0.0000920     -0.0006592
   95      0.0000845     -0.0006431
   96      0.0000848     -0.0006617
   97      0.0000681     -0.0005126
   98      0.0000647     -0.0004959
   99      0.0000374     -0.0003381
  100      0.0000399     -0.0003666
  101      0.0000302     -0.0003075
  102      0.0000276     -0.0002747
  103      0.0000016     -0.0000686
  104      0.0000008     -0.0000474
  105      0.0000008     -0.0000469
  106      0.0000007     -0.0000434
  107      0.0000003     -0.0000265
  108      0.0000002     -0.0000173
  109      0.0070027     -0.0083658
  110      0.0207029     -0.0172737
  111      0.0251881     -0.0316566
  112      0.0059336     -0.0087805
  113      0.0078879     -0.0119028
  114      0.0228278     -0.0235840
  115      0.0228231     -0.0237252
  116      0.0067378     -0.0085468
  117      0.0155542     -0.0178029
  118      0.0110155     -0.0131355
  119      0.0051078     -0.0074199
  120      0.0150519     -0.0176436
  121      0.0069395     -0.0102967
  122      0.0048442     -0.0079846
  123      0.0048476     -0.0081371
  124      0.0252675     -0.0256009
  125      0.0128048     -0.0154854
  126      0.0112539     -0.0148687
  127      0.0054388     -0.0102021
  128      0.0074968     -0.0116059
  129      0.0075214     -0.0128689
  130      0.0019521     -0.0061429
  131      0.0018249     -0.0057408
  132      0.0011979     -0.0038552
  133      0.0011084     -0.0034349
  134      0.0005761     -0.0023747
  135      0.0005110     -0.0022540
  136      0.0005042     -0.0021476
  137      0.0003685     -0.0016489
  138      0.0004176     -0.0019681
  139      0.0002820     -0.0013469
  140      0.0003371     -0.0015804
  141      0.0002193     -0.0011184
  142      0.0002008     -0.0010415
  143      0.0001997     -0.0010162
  144      0.0000991     -0.0007006
  145      0.0001041     -0.0007270
  146      0.0000845     -0.0005922
  147      0.0000771     -0.0005439
  148      0.0000808     -0.0005731
  149      0.0000647     -0.0004866
  150      0.0000621     -0.0004669
  151      0.0000560     -0.0004290
  152      0.0000581     -0.0004487
  153      0.0000411     -0.0003729
  154      0.0000361     -0.0003261
  155      0.0000269     -0.0002718
  156      0.0000261     -0.0002643
  157      0.0000015     -0.0000652
  158      0.0000007     -0.0000426
  159      0.0000006     -0.0000406
  160      0.0000005     -0.0000371
  161      0.0000003     -0.0000232
  162      0.0000002     -0.0000127

   RO Sum ( 108) =  108.00

  ---------------
   Dipole Moment
  ---------------

      4.1840 Debye [   1.6461  (   0.4790,  -0.2566,  -1.5538) ]

 ----------------
  Final Energies  
 ----------------

  Final NOF Total Energy =    -1930.6111466328 ( 3.E-05 , 0.E+00 )


  **************************************************
  *                                                *
  *       SINGLE-POINT DoNOF CALCULATION           *
  *                                                *
  *             FULL OPTIMIZATION                  *
  *                                                *
  *  FINAL RESULTS   FINAL RESULTS  FINAL RESULTS  *
  *                                                *
  **************************************************

  **************************************************
  *         No. EXTERNAL ITER =    59              *
  *         No. of TOTAL ITER =  1300              *
  **************************************************

  Elapsed real time :  23544.17  (Seconds)
  Git sha : bcb372acca69df19ae91719c988dea244a3c3d1c                                                            

 The execution finished at 22h 13min on the 12/ 4/2024
