 This is the parallel version of the code
 This is the parallel version of the code
 This is the parallel version of the code
 This is the parallel version of the code
 This is the parallel version of the code
 This is the parallel version of the code
 This is the parallel version of the code
 This is the parallel version of the code
 This is the parallel version of the code
 This is the parallel version of the code
 This is the parallel version of the code
 This is the parallel version of the code
Master:    0

 The execution started at 12h 30min on the 12/23/2024

    ===========================================================
    !                                                         !
    !                        Do N O F                         !
    !                                                         !
    !  (Donostia Natural Orbital Functional Software Program) !
    !                                                         !
    !               COPYRIGHT by Mario Piris                  !
    !                                                         !
    !      Donostia International Physics Center (DIPC)       !
    !       University of the Basque Country (UPV/EHU)        !
    !       Basque Foundation for Science (IKERBASQUE)        !
    !                                                         !
    !          GNU General Public License version 3           !
    !                                                         !
    !                  VERSION: Mayo 2024                     !
    !                                                         !
    ===========================================================

 Run Title
 ---------
 p30-5 set                                                                       

 Basis Set
 ---------
 /beegfs_agamede/gscratch/povmieci/SCRATCH/80420/def2-svp.bas                    

 Atom      Charge                Coordinates (Bohr)
                           x             y             z
 C           6.0       -0.0215       -0.6716       -4.7508
 O           8.0        1.3779       -3.2482        3.8390
 H           1.0       -2.2399        1.6455        3.4277
 LI          3.0       -0.8762       -2.7407        1.4372
 MG         12.0        1.2949        1.8647       -1.0454
 AL         13.0       -3.6577        0.4544       -1.4157
 C           6.0       -0.2325       -1.8327       -2.4340
 H           1.0        0.3037       -3.8423       -2.4488
 H           1.0       -3.3616        4.2006        1.6335
 H           1.0        0.4937       -1.5625       -6.5361
 F           9.0        4.3857        1.8613        0.5618
 S          16.0       -1.1755        2.4946       -4.9020
 C           6.0       -1.8662        2.7633        1.7157
 H           1.0        1.0236       -4.2438        5.3242
 NA         11.0        4.7119       -1.0365        3.3557
 H           1.0       -0.1605        3.8939        2.2378

 Atomic Basis Set
 ----------------
 The contracted primitive functions were unnormalized
 The contracted basis functions are now normalized to unity

  Shell Type  Primitive         Exponent  Contraction Coefficient

 C         

      1   S       1          1238.4016938    0.005517365048
      1   S       2           186.2900499    0.041088828556
      1   S       3            42.2511763    0.182253821265
      1   S       4            11.6765579    0.468284594374
      1   S       5             3.5930506    0.445758173360

      2   S       6             0.4024515    1.000000000000

      3   S       7             0.1309018    1.000000000000

      4   P       8             9.4680971    0.056888332011
      4   P       9             2.0103545    0.312940593365
      4   P      10             0.5477100    0.760650165091

      5   P      11             0.1526861    1.000000000000

      6   D      12             0.8000000    1.000000000000

 O         

      7   S      13          2266.1767785   -0.005389350392
      7   S      14           340.8701019   -0.040234721389
      7   S      15            77.3631352   -0.180081842055
      7   S      16            21.4796449   -0.468288576577
      7   S      17             6.6589433   -0.446926171602

      8   S      18             0.8097598    1.000000000000

      9   S      19             0.2553077    1.000000000000

     10   P      20            17.7215043    0.062630248763
     10   P      21             3.8635505    0.333311384824
     10   P      22             1.0480921    0.741486383081

     11   P      23             0.2764154    1.000000000000

     12   D      24             1.2000000    1.000000000000

 H         

     13   S      25            13.0107010    0.033485484813
     13   S      26             1.9622572    0.234721870881
     13   S      27             0.4445380    0.813770285260

     14   S      28             0.1219496    1.000000000000

     15   P      29             0.8000000    1.000000000000

 LI        

     16   S      30           266.2778552    0.006354286535
     16   S      31            40.0697834    0.046734889363
     16   S      32             9.0559944    0.198387923560
     16   S      33             2.4503009    0.475753833454
     16   S      34             0.7220957    0.427014289368

     17   S      35             0.0528109    1.000000000000

     18   S      36             0.0209609    1.000000000000

     19   P      37             1.4500000    0.224912327222
     19   P      38             0.3000000    0.869730577039

     20   P      39             0.0820000    1.000000000000

 MG        

     21   S      40          4953.8339196   -0.005730348253
     21   S      41           745.1804415   -0.042769871122
     21   S      42           169.2160497   -0.191096515460
     21   S      43            47.3006720   -0.482411503269
     21   S      44            14.4613370   -0.422007266852

     22   S      45            24.7681748    0.087115605721
     22   S      46             2.4940945   -0.546373693218
     22   S      47             0.8780758   -0.529320757859

     23   S      48             0.0872128    1.000000000000

     24   S      49             0.0335993    1.000000000000

     25   P      50            98.0530105   -0.014480564601
     25   P      51            22.5869323   -0.095495750787
     25   P      52             6.8391510   -0.307876726509
     25   P      53             2.2332844   -0.499362928859
     25   P      54             0.7160660   -0.315034762129

     26   P      55             0.1891480    1.000000000000

     27   P      56             0.0537688    1.000000000000

     28   D      57             0.1010000    1.000000000000

 AL        

     29   S      58          5887.5727030    0.005651978962
     29   S      59           885.6122600    0.042218253427
     29   S      60           201.1360490    0.189187196726
     29   S      61            56.2849747    0.480435911881
     29   S      62            17.2295512    0.425872684294

     30   S      63            29.3402499    0.088568603239
     30   S      64             3.0439630   -0.543157066723
     30   S      65             1.1285540   -0.529385510294

     31   S      66             0.1423418    1.000000000000

     32   S      67             0.0544002    1.000000000000

     33   P      68           145.1191881    0.010726377859
     33   P      69            33.7178948    0.074103623546
     33   P      70            10.3698631    0.261296213060
     33   P      71             3.5135616    0.480201235327
     33   P      72             1.1980050    0.384382240624

     34   P      73             0.2658301    1.000000000000

     35   P      74             0.0710034    1.000000000000

     36   D      75             0.3000000    1.000000000000

 C         

     37   S      76          1238.4016938    0.005517365048
     37   S      77           186.2900499    0.041088828556
     37   S      78            42.2511763    0.182253821265
     37   S      79            11.6765579    0.468284594374
     37   S      80             3.5930506    0.445758173360

     38   S      81             0.4024515    1.000000000000

     39   S      82             0.1309018    1.000000000000

     40   P      83             9.4680971    0.056888332011
     40   P      84             2.0103545    0.312940593365
     40   P      85             0.5477100    0.760650165091

     41   P      86             0.1526861    1.000000000000

     42   D      87             0.8000000    1.000000000000

 H         

     43   S      88            13.0107010    0.033485484813
     43   S      89             1.9622572    0.234721870881
     43   S      90             0.4445380    0.813770285260

     44   S      91             0.1219496    1.000000000000

     45   P      92             0.8000000    1.000000000000

 H         

     46   S      93            13.0107010    0.033485484813
     46   S      94             1.9622572    0.234721870881
     46   S      95             0.4445380    0.813770285260

     47   S      96             0.1219496    1.000000000000

     48   P      97             0.8000000    1.000000000000

 H         

     49   S      98            13.0107010    0.033485484813
     49   S      99             1.9622572    0.234721870881
     49   S     100             0.4445380    0.813770285260

     50   S     101             0.1219496    1.000000000000

     51   P     102             0.8000000    1.000000000000

 F         

     52   S     103          2894.8325990   -0.005349321176
     52   S     104           435.4193912   -0.039967734372
     52   S     105            98.8433289   -0.179412617888
     52   S     106            27.4851980   -0.468324686869
     52   S     107             8.5405498   -0.447241605328

     53   S     108             1.0654578    1.000000000000

     54   S     109             0.3324735    1.000000000000

     55   P     110            22.6966339   -0.064782148241
     55   P     111             4.9872339   -0.340357853553
     55   P     112             1.3491614   -0.734858153660

     56   P     113             0.3482988    1.000000000000

     57   D     114             1.4000000    1.000000000000

 S         

     58   S     115          9184.9303010   -0.005472946613
     58   S     116          1381.5105503   -0.040954402155
     58   S     117           313.8714758   -0.184758289562
     58   S     118            88.0538706   -0.475672806440
     58   S     119            27.0399149   -0.434951535842

     59   S     120            45.6487313   -0.091904045809
     59   S     121             4.9664522    0.556987772145
     59   S     122             2.0116242    0.511154682985

     60   S     123             0.3566108    1.000000000000

     61   S     124             0.1350722    1.000000000000

     62   P     125           261.9823344   -0.009183054659
     62   P     126            61.3068947   -0.065902226526
     62   P     127            19.1037299   -0.245877845187
     62   P     128             6.6567720   -0.482314710760
     62   P     129             2.3959635   -0.389563143514

     63   P     130             0.6177616    1.000000000000

     64   P     131             0.1699338    1.000000000000

     65   D     132             0.5500000    1.000000000000

 C         

     66   S     133          1238.4016938    0.005517365048
     66   S     134           186.2900499    0.041088828556
     66   S     135            42.2511763    0.182253821265
     66   S     136            11.6765579    0.468284594374
     66   S     137             3.5930506    0.445758173360

     67   S     138             0.4024515    1.000000000000

     68   S     139             0.1309018    1.000000000000

     69   P     140             9.4680971    0.056888332011
     69   P     141             2.0103545    0.312940593365
     69   P     142             0.5477100    0.760650165091

     70   P     143             0.1526861    1.000000000000

     71   D     144             0.8000000    1.000000000000

 H         

     72   S     145            13.0107010    0.033485484813
     72   S     146             1.9622572    0.234721870881
     72   S     147             0.4445380    0.813770285260

     73   S     148             0.1219496    1.000000000000

     74   P     149             0.8000000    1.000000000000

 NA        

     75   S     150          4098.2003908   -0.005829734404
     75   S     151           616.4937403   -0.043469274339
     75   S     152           139.9664400   -0.193522713755
     75   S     153            39.0734411   -0.484866458138
     75   S     154            11.9298472   -0.417110128653

     76   S     155            20.6599660    0.085768706785
     76   S     156             1.9838861   -0.562404693737
     76   S     157             0.6483632   -0.518446102123

     77   S     158             0.0524440    1.000000000000

     78   S     159             0.0280482    1.000000000000

     79   P     160            75.4018620    0.015435362532
     79   P     161            17.2748190    0.099738293184
     79   P     162             5.1842347    0.312095939659
     79   P     163             1.6601212    0.492956748074
     79   P     164             0.5123253    0.324203983180

     80   P     165             0.0520000    1.000000000000

     81   D     166             0.1310000    1.000000000000

 H         

     82   S     167            13.0107010    0.033485484813
     82   S     168             1.9622572    0.234721870881
     82   S     169             0.4445380    0.813770285260

     83   S     170             0.1219496    1.000000000000

     84   P     171             0.8000000    1.000000000000

 Total Number of Basis Set Shells             =   84
 Total Number of Primitives                   =  171
 Number of Cartesian Gaussian Basis Functions =  187
 Number of Electrons                          =   96
 Charge of Molecule                           =    0
 Spin Multiplicity                            =    1
 Number of Occupied Orbitals (Alpha)          =   48
 Number of Occupied Orbitals (Beta )          =   48
 Total Number of Atoms                        =   16

 Input Run Options
 -----------------
 IRUNTYP = 1  MULT = 1  ICHARG =  0 IECP = 0  IEMOM = 1  UNITS = ANGS    

 Integral Options
 ----------------
 CUTOFF = 1.0E-09   ISCHWZ = 1   ERITYP = FULL

 Input NOF Options
 -----------------

 Type of calculation =    Coeff. Opt.:   (ICOEF)         1
 Trigonometric functions for Occ. Opt.:  (ISOFTMAX)      0
 Type of Orb. Opt. = Orbital Rotations:  (IORBOPT)       4
 Maximum Number of Occ-Coef Outer Iter.: (MAXIT)      1000

 Natural Orbital Functional Selected:    (IPNOF)         8

 Restart calculation Option:             (RESTART)       T
 Orthogonalize the initial Orbitals:     (ORTHO)         T

 Output Option:                          (NPRINT)        0
 Output the Coefficient Matrix:          (IWRITEC)       0
 Do a Mulliken Population Analysis:      (IMULPOP)       0
 Write Information into a WFN file:      (IAIMPAC)       1
 Write Information into a FCHK file:     (IFCHK)         1
 Write Information into a MLP file:      (MOLDEN)        1
 Create Ini. Cond. (ini.xyz) file:       (INICOND)       1
 Calculate IPs using Ext. Koopmans Theo: (IEKT)          0
 Write APSG expansion coefficient file:  (APSG)          F
 Output option for Lagrange Multipliers: (PRINTLAG)      F
 Diagonalize matrix of Lag. Multipliers: (DIAGLAG)       F

 Nuclear Coordinates from GCF file:
 ----------------------------------

 Atom      Charge                Coordinates (Bohr)
                           x             y             z
 C        6.00000       -0.0215       -0.6716       -4.7508
 O        8.00000        1.3779       -3.2482        3.8390
 H        1.00000       -2.2399        1.6455        3.4277
 LI       3.00000       -0.8762       -2.7407        1.4372
 MG      12.00000        1.2949        1.8647       -1.0454
 AL      13.00000       -3.6577        0.4544       -1.4157
 C        6.00000       -0.2325       -1.8327       -2.4340
 H        1.00000        0.3037       -3.8423       -2.4488
 H        1.00000       -3.3616        4.2006        1.6335
 H        1.00000        0.4937       -1.5625       -6.5361
 F        9.00000        4.3857        1.8613        0.5618
 S       16.00000       -1.1755        2.4946       -4.9020
 C        6.00000       -1.8662        2.7633        1.7157
 H        1.00000        1.0236       -4.2438        5.3242
 NA      11.00000        4.7119       -1.0365        3.3557
 H        1.00000       -0.1605        3.8939        2.2378

------------------------------------------------------------------------

 Orbital Space
 -------------

 Inactive Doubly occupied orbitals up to NO1  =    0
 No. considered Strongly Doubly occupied MOs  =   48
 No. considered Strongly Singly occupied MOs  =    0
 No. of Weakly occ. per St. Doubly occ.  MOs  =    2
 Dimension of the Active Nat. Orb. subspace   =  144
 Secondary Empty orbitals                     =   43

 1e- integrals
 -------------
 Time to do integrals =      0.01
 Guess for MOs = HCORE
        13 MOs were matched and         0 equalized to zero

 2e- integrals
 -------------
 DONTW option skips storage 2e- integrals on Unit 1
            90808898 2e- integrals in     1 records
 Time to do integrals =      7.57

 RHF SCF Calculation
 -------------------
 EXTRAP=T  DAMP=T  DIIS=T
 DMat Conv = 1.0E-05  Ener Tol = 1.0E-08
 Ener Conv = 1.0E-10  DMat Tol = 2.0E-05
 DIIS Conv = 1.0E-07  DMat Tol = 2.0E-05

 ITER      TOTAL ENERGY        E CHANGE     DEN. CHANGE    DIIS ERROR
   1    -1204.9335809352 -1204.9335809352  61.036549198   1.367512818
   2    -1000.2147785996   204.7188023356  20.464011477   1.567843969
   3    -1239.0165346173  -238.8017560177   0.003465220   0.590426103
   4    -1239.0262991322    -0.0097645149   0.045613427   0.590399397
   5    -1239.1691150151    -0.1428158829   0.045486179   0.590013801
   6    -1239.2972687704    -0.1281537553   0.056369833   0.589671570
   7    -1239.4465572597    -0.1492884893   0.056282397   0.589269329
   8    -1239.5899413019    -0.1433840422   0.060931425   0.588871929
   9    -1239.7414966596    -0.1515553577   0.060865617   0.588434399
  10    -1239.8904734908    -0.1489768312   0.062930918   0.587983359
  11    -1240.0427851030    -0.1523116122   0.062882420   0.587499269
  12    -1240.1937072890    -0.1509221860   0.064004706   0.586997178
  13    -1240.3463377918    -0.1526305028   0.063976231   0.586469791
  14    -1240.4981618147    -0.1518240229   0.064645746   0.585932948
  15    -1240.6511540516    -0.1529922369   0.064678431   0.585396069
  16    -1240.8045427380    -0.1533886864   0.064911715   0.584901525
  17    -1240.9617166096    -0.1571738716   0.067358819   0.584556087
  18    -1241.1538905892    -0.1921739796   0.980023264   0.584812540
  19    -1247.8181115883    -6.6642209991   0.073754634   0.521896254
  20    -1248.2669433695    -0.4488317812   0.287963867   0.525094129
  21    -1249.1414947697    -0.8745514002   0.075361276   0.540481741
  22    -1249.2733745801    -0.1318798105   1.146506093   0.539491176
  23    -1251.0637434738    -1.7903688937   2.624207389   0.515556824
  24    -1255.2525942012    -4.1888507274   1.101729564   0.537706753
  25    -1256.9165645913    -1.6639703900   5.048648939   0.534448494
  26    -1266.9670422998   -10.0504777085  13.321230274   0.376304784
  27     -979.6742200115   287.2928222883   2.289481226   2.010785943
  28    -1154.8100632444  -175.1358432329   2.859118874   1.296435269
  29    -1191.3492529337   -36.5391896893   2.759046756   1.068531559
  30    -1225.0218489537   -33.6725960200   5.470527074   0.787782619
  31    -1258.2608462255   -33.2389972718   1.608807950   0.612978516
  32    -1275.4721318073   -17.2112855818   1.342640033   0.496964426
  33    -1283.0525108730    -7.5803790657   2.125662070   0.486551404
  34    -1297.5143815818   -14.4618707088   0.571635194   0.217655163
  35    -1299.1242947335    -1.6099131517   0.294277175   0.081695860
  36    -1299.3918842866    -0.2675895531   0.067750265   0.019185127
  37    -1299.4109451793    -0.0190608928   0.045375098   0.005703813
  38    -1299.4132536937    -0.0023085144   0.018347419   0.002773514
  39    -1299.4138186990    -0.0005650053   0.010673860   0.000887679
  40    -1299.4139116709    -0.0000929719   0.004481759   0.000386163
  41    -1299.4139246951    -0.0000130242   0.003063566   0.000187491
  42    -1299.4139278678    -0.0000031726   0.000997288   0.000077444
  43    -1299.4139284020    -0.0000005343   0.000364634   0.000035904
  44    -1299.4139285348    -0.0000001328   0.000072707   0.000010661
  45    -1299.4139285511    -0.0000000163   0.000029643   0.000003657
  46    -1299.4139285528    -0.0000000016   0.000008879   0.000001284

          -----------------
          DENSITY CONVERGED
          -----------------

 FINAL RHF ENERGY IS    -1299.4139285528 AFTER  46 ITERATIONS

         WAVEFUNCTION NORMALIZATION =       1.0000000000

                ONE ELECTRON ENERGY =   -3247.4769133096
                TWO ELECTRON ENERGY =    1225.9256372228
           NUCLEAR REPULSION ENERGY =     722.1373475341
                                      ------------------
                   RHF TOTAL ENERGY =   -1299.4139285528

 ELECTRON-ELECTRON POTENTIAL ENERGY =    1225.9256372228
  NUCLEUS-ELECTRON POTENTIAL ENERGY =   -4543.6006806902
   NUCLEUS-NUCLEUS POTENTIAL ENERGY =     722.1373475341
                                      ------------------
             TOTAL POTENTIAL ENERGY =   -2595.5376959334
               TOTAL KINETIC ENERGY =    1296.1237673806
                 VIRIAL RATIO (V/T) =       2.0025384622

 Distribution Full ERIs:

 Integrals:                          90808898
 Max size per slaves:                 7567410
 Max size in master:                 98376308

 No violations of the orthonormality


  RESULTS OF OCCUPATION-COEFFICIENT OPTIMIZATION
 ================================================

  Ex It  Orb It    Electronic Energy     Total Energy   Energy Convergency    Max Mul-Lag Diff

    1      10     -2022.8221175513    -1300.6847700172     0.0000000000           0.000322
    2      20     -2022.8223903369    -1300.6850428028    -0.0002727856           0.001910
    3      20     -2022.8225155462    -1300.6851680121    -0.0001252093           0.002577
    4      20     -2022.8226510771    -1300.6853035430    -0.0001355309           0.002606
    5      20     -2022.8227930458    -1300.6854455117    -0.0001419687           0.002431
    6      20     -2022.8229251489    -1300.6855776148    -0.0001321031           0.002360
    7      20     -2022.8230387925    -1300.6856912584    -0.0001136436           0.002620
    8      20     -2022.8231334106    -1300.6857858765    -0.0000946181           0.002473
    9      20     -2022.8232142622    -1300.6858667281    -0.0000808516           0.002310
   10      20     -2022.8232862249    -1300.6859386908    -0.0000719627           0.002270
   11      20     -2022.8233551419    -1300.6860076078    -0.0000689171           0.002641
   12      20     -2022.8234206169    -1300.6860730828    -0.0000654750           0.002502
   13      20     -2022.8234919646    -1300.6861444306    -0.0000713477           0.002583
   14      20     -2022.8235576171    -1300.6862100830    -0.0000656524           0.002678
   15      20     -2022.8236185741    -1300.6862710401    -0.0000609571           0.002503
   16      20     -2022.8236725814    -1300.6863250473    -0.0000540072           0.002568
   17      20     -2022.8237318650    -1300.6863843310    -0.0000592837           0.003344
   18      20     -2022.8237906740    -1300.6864431399    -0.0000588089           0.002496
   19      20     -2022.8238448603    -1300.6864973262    -0.0000541863           0.002607
   20      20     -2022.8238943920    -1300.6865468579    -0.0000495317           0.002418
   21      20     -2022.8239437688    -1300.6865962348    -0.0000493769           0.002528
   22      20     -2022.8239882834    -1300.6866407493    -0.0000445145           0.002429
   23      20     -2022.8240309470    -1300.6866834129    -0.0000426637           0.002775
   24      20     -2022.8240728528    -1300.6867253187    -0.0000419058           0.002442
   25      20     -2022.8241137919    -1300.6867662579    -0.0000409391           0.002800
   26      20     -2022.8241498459    -1300.6868023118    -0.0000360540           0.003313
   27      20     -2022.8241952246    -1300.6868476905    -0.0000453787           0.002866
   28      20     -2022.8242481159    -1300.6869005818    -0.0000528913           0.002400
   29      20     -2022.8243015126    -1300.6869539785    -0.0000533967           0.003185
   30      20     -2022.8243672343    -1300.6870197002    -0.0000657218           0.002331
   31      20     -2022.8244394869    -1300.6870919528    -0.0000722526           0.002427
   32      20     -2022.8245191784    -1300.6871716443    -0.0000796915           0.002470
   33      20     -2022.8245985275    -1300.6872509934    -0.0000793492           0.002755
   34      20     -2022.8246869828    -1300.6873394487    -0.0000884553           0.002626
   35      20     -2022.8247728208    -1300.6874252867    -0.0000858380           0.003097
   36      20     -2022.8248559935    -1300.6875084594    -0.0000831727           0.002439
   37      20     -2022.8249323787    -1300.6875848446    -0.0000763852           0.002617
   38      20     -2022.8250002058    -1300.6876526717    -0.0000678271           0.002721
   39      20     -2022.8250512842    -1300.6877037501    -0.0000510784           0.002683
   40      20     -2022.8250936522    -1300.6877461182    -0.0000423680           0.002253
   41      20     -2022.8251308366    -1300.6877833025    -0.0000371843           0.002436
   42      20     -2022.8251635690    -1300.6878160349    -0.0000327324           0.002409
   43      20     -2022.8251925324    -1300.6878449984    -0.0000289634           0.002798
   44      20     -2022.8252182428    -1300.6878707087    -0.0000257104           0.003222
   45      20     -2022.8252456651    -1300.6878981310    -0.0000274223           0.003368
   46      20     -2022.8252613764    -1300.6879138423    -0.0000157114           0.002775
   47      30     -2022.8253294805    -1300.6879819464    -0.0000681041           0.000860
   48      40     -2022.8253541942    -1300.6880066602    -0.0000247138           0.000162
   49      50     -2022.8253640038    -1300.6880164697    -0.0000098096           0.000027
   50      60     -2022.8253675235    -1300.6880199894    -0.0000035197           0.000004
   51      70     -2022.8253698498    -1300.6880223157    -0.0000023263           0.000001
   52      80     -2022.8253729758    -1300.6880254417    -0.0000031260           0.000001
   53      90     -2022.8253776996    -1300.6880301655    -0.0000047237           0.000002
   54      90     -2022.8253816584    -1300.6880341243    -0.0000039588           0.000001
   55      90     -2022.8253839635    -1300.6880364294    -0.0000023051           0.000000
   56     100     -2022.8253853277    -1300.6880377936    -0.0000013642           0.000000
   57     110     -2022.8253862048    -1300.6880386707    -0.0000008771           0.000000
   58     120     -2022.8253869109    -1300.6880393768    -0.0000007061           0.000000
   59     130     -2022.8253872401    -1300.6880397061    -0.0000003292           0.000000
   60     140     -2022.8253874093    -1300.6880398753    -0.0000001692           0.000000
   61     140     -2022.8253874258    -1300.6880398917    -0.0000000164           0.000003


  RESULTS OF THE OCCUPATION OPTIMIZATION
 ========================================

   OM     Occupation      Elag Diag

    1      1.9999995    -91.9293817
    2      1.9999976    -54.9978735
    3      1.9999967    -47.7342022
    4      1.9999962    -45.2593208
    5      1.9999800    -23.4558627
    6      1.9999794    -23.3277496
    7      1.9999522    -11.2516099
    8      1.9999115    -10.1013701
    9      1.9999063    -10.0711174
   10      1.9998657     -8.2886124
   11      1.9998603     -8.2248677
   12      1.9998573     -7.9687841
   13      1.9997372     -5.7779840
   14      1.9997337     -5.7069539
   15      1.9993871     -3.4028543
   16      1.9993474     -3.3624366
   17      1.9991852     -3.2382234
   18      1.9988172     -2.7424074
   19      1.9986206     -2.6966251
   20      1.9984561     -2.5889491
   21      1.9984141     -2.6058383
   22      1.9974827     -2.0659482
   23      1.9969975     -1.9083843
   24      1.9967542     -1.9078432
   25      1.9966780     -1.8948956
   26      1.9943628     -1.5318685
   27      1.9921954     -1.1972492
   28      1.9883408     -1.4248487
   29      1.9839821     -0.7840955
   30      1.9838146     -0.8964359
   31      1.9788486     -0.6433879
   32      1.9787910     -0.6391378
   33      1.9769178     -0.7113592
   34      1.9766962     -0.7350358
   35      1.9760043     -0.4809455
   36      1.9751522     -0.4579391
   37      1.9749173     -0.6582810
   38      1.9747413     -0.6595696
   39      1.9745341     -0.6251979
   40      1.9744781     -0.6748249
   41      1.9744026     -0.6723193
   42      1.9733166     -0.6489317
   43      1.9717760     -0.3048118
   44      1.9716403     -0.4263044
   45      1.9706097     -0.4603135
   46      1.9698469     -0.4263420
   47      1.9675674     -0.5772816
   48      1.9623086     -0.4118648
   49      0.0337462     -0.0366412
   50      0.0273808     -0.0385748
   51      0.0219896     -0.0261527
   52      0.0215635     -0.0252724
   53      0.0193921     -0.0225334
   54      0.0205590     -0.0198821
   55      0.0232891     -0.0316514
   56      0.0205219     -0.0234735
   57      0.0191385     -0.0276520
   58      0.0204442     -0.0232250
   59      0.0199762     -0.0228016
   60      0.0199312     -0.0228879
   61      0.0126241     -0.0215875
   62      0.0187331     -0.0232536
   63      0.0177707     -0.0223533
   64      0.0197804     -0.0313634
   65      0.0172233     -0.0248792
   66      0.0171729     -0.0250024
   67      0.0071749     -0.0107701
   68      0.0115867     -0.0163902
   69      0.0087916     -0.0231402
   70      0.0044083     -0.0092474
   71      0.0038295     -0.0092050
   72      0.0017441     -0.0060843
   73      0.0017390     -0.0059007
   74      0.0017356     -0.0060391
   75      0.0013574     -0.0042562
   76      0.0008858     -0.0033863
   77      0.0007921     -0.0031871
   78      0.0006749     -0.0025594
   79      0.0006439     -0.0026406
   80      0.0004238     -0.0018685
   81      0.0003080     -0.0014359
   82      0.0003115     -0.0015494
   83      0.0001436     -0.0009595
   84      0.0001407     -0.0009612
   85      0.0000683     -0.0005724
   86      0.0000730     -0.0006370
   87      0.0000647     -0.0005494
   88      0.0000449     -0.0004519
   89      0.0000411     -0.0004139
   90      0.0000000      0.0000000
   91      0.0000104     -0.0002148
   92      0.0000098     -0.0002023
   93      0.0000019     -0.0000902
   94      0.0000017     -0.0000819
   95      0.0000012     -0.0000679
   96      0.0000000      0.0000000
   97      0.0039453     -0.0057939
   98      0.0050518     -0.0082045
   99      0.0081634     -0.0105077
  100      0.0078268     -0.0103523
  101      0.0089677     -0.0110378
  102      0.0076651     -0.0115545
  103      0.0033944     -0.0072567
  104      0.0050755     -0.0071023
  105      0.0063834     -0.0100652
  106      0.0050217     -0.0071481
  107      0.0052826     -0.0071689
  108      0.0051515     -0.0071340
  109      0.0122237     -0.0183206
  110      0.0052627     -0.0088516
  111      0.0055331     -0.0087143
  112      0.0033018     -0.0084886
  113      0.0039857     -0.0090687
  114      0.0039785     -0.0090802
  115      0.0090105     -0.0180812
  116      0.0044312     -0.0071689
  117      0.0028676     -0.0086942
  118      0.0033963     -0.0078960
  119      0.0018077     -0.0061841
  120      0.0015779     -0.0051076
  121      0.0015068     -0.0047411
  122      0.0012668     -0.0041450
  123      0.0011599     -0.0041666
  124      0.0007001     -0.0028846
  125      0.0007518     -0.0027537
  126      0.0007045     -0.0030301
  127      0.0005389     -0.0022269
  128      0.0003910     -0.0018049
  129      0.0003447     -0.0015685
  130      0.0003014     -0.0013693
  131      0.0001227     -0.0008118
  132      0.0001221     -0.0008241
  133      0.0000743     -0.0006404
  134      0.0000667     -0.0005803
  135      0.0000696     -0.0006109
  136      0.0000489     -0.0004813
  137      0.0000474     -0.0004694
  138      0.0000478     -0.0004926
  139      0.0000102     -0.0002099
  140      0.0000103     -0.0002130
  141      0.0000018     -0.0000857
  142      0.0000016     -0.0000783
  143      0.0000012     -0.0000653
  144      0.0000005     -0.0000409

   RO Sum (  96) =   96.00

  ---------------
   Dipole Moment
  ---------------

      8.1708 Debye [   3.2146  (   2.5967,  -0.7805,   1.7267) ]

 ----------------
  Final Energies  
 ----------------

  Final NOF Total Energy =    -1300.6880398917 ( 3.E-06 , 0.E+00 )


  **************************************************
  *                                                *
  *       SINGLE-POINT DoNOF CALCULATION           *
  *                                                *
  *             FULL OPTIMIZATION                  *
  *                                                *
  *  FINAL RESULTS   FINAL RESULTS  FINAL RESULTS  *
  *                                                *
  **************************************************

  **************************************************
  *         No. EXTERNAL ITER =    61              *
  *         No. of TOTAL ITER =  2250              *
  **************************************************

  Elapsed real time :  32165.85  (Seconds)
  Git sha : bcb372acca69df19ae91719c988dea244a3c3d1c                                                            

 The execution finished at 21h 30min on the 12/23/2024
