 This is the parallel version of the code
 This is the parallel version of the code
 This is the parallel version of the code
 This is the parallel version of the code
 This is the parallel version of the code
 This is the parallel version of the code
 This is the parallel version of the code
 This is the parallel version of the code
 This is the parallel version of the code
 This is the parallel version of the code
 This is the parallel version of the code
 This is the parallel version of the code
Master:    0

 The execution started at 12h 31min on the 12/23/2024

    ===========================================================
    !                                                         !
    !                        Do N O F                         !
    !                                                         !
    !  (Donostia Natural Orbital Functional Software Program) !
    !                                                         !
    !               COPYRIGHT by Mario Piris                  !
    !                                                         !
    !      Donostia International Physics Center (DIPC)       !
    !       University of the Basque Country (UPV/EHU)        !
    !       Basque Foundation for Science (IKERBASQUE)        !
    !                                                         !
    !          GNU General Public License version 3           !
    !                                                         !
    !                  VERSION: Mayo 2024                     !
    !                                                         !
    ===========================================================

 Run Title
 ---------
 p30-5 set                                                                       

 Basis Set
 ---------
 /beegfs_agamede/gscratch/povmieci/SCRATCH/80422/def2-svp.bas                    

 Atom      Charge                Coordinates (Bohr)
                           x             y             z
 C           6.0        1.1123       -0.3483        2.9947
 B           5.0       -2.7057        0.3920        0.0590
 B           5.0       -1.6721       -0.2573        3.2060
 H           1.0        0.9618        2.3716       -2.7193
 SI         14.0        1.3420       -3.4154       -2.4441
 F           9.0        6.4618        2.9695       -0.2842
 H           1.0        3.9780       -2.1044       -2.4501
 B           5.0        0.1030       -1.3421        0.4777
 H           1.0       -0.0933       -1.1754       -4.2225
 H           1.0       -2.8312        1.9343        1.8950
 H           1.0       -4.7541       -0.4534       -0.6921
 B           5.0       -0.4644        0.5821       -2.4548
 SI         14.0       -3.8108        2.3023       -3.0112
 MG         12.0        3.7519        1.0156       -0.1368
 H           1.0        2.5044       -1.0089        4.3520
 CL         17.0       -3.8834       -1.4621        5.4308

 Atomic Basis Set
 ----------------
 The contracted primitive functions were unnormalized
 The contracted basis functions are now normalized to unity

  Shell Type  Primitive         Exponent  Contraction Coefficient

 C         

      1   S       1          1238.4016938    0.005517365048
      1   S       2           186.2900499    0.041088828556
      1   S       3            42.2511763    0.182253821265
      1   S       4            11.6765579    0.468284594374
      1   S       5             3.5930506    0.445758173360

      2   S       6             0.4024515    1.000000000000

      3   S       7             0.1309018    1.000000000000

      4   P       8             9.4680971    0.056888332011
      4   P       9             2.0103545    0.312940593365
      4   P      10             0.5477100    0.760650165091

      5   P      11             0.1526861    1.000000000000

      6   D      12             0.8000000    1.000000000000

 B         

      7   S      13           839.3183009   -0.005628883598
      7   S      14           126.2646484   -0.041832794610
      7   S      15            28.6206008   -0.184174881258
      7   S      16             7.8793723   -0.468396550281
      7   S      17             2.4088857   -0.444579308833

      8   S      18             0.2510511    1.000000000000

      9   S      19             0.0836489    1.000000000000

     10   P      20             6.0332224   -0.054032500323
     10   P      21             1.2499158   -0.301940343932
     10   P      22             0.3387168   -0.771707916582

     11   P      23             0.0964156    1.000000000000

     12   D      24             0.5000000    1.000000000000

 B         

     13   S      25           839.3183009   -0.005628883598
     13   S      26           126.2646484   -0.041832794610
     13   S      27            28.6206008   -0.184174881258
     13   S      28             7.8793723   -0.468396550281
     13   S      29             2.4088857   -0.444579308833

     14   S      30             0.2510511    1.000000000000

     15   S      31             0.0836489    1.000000000000

     16   P      32             6.0332224   -0.054032500323
     16   P      33             1.2499158   -0.301940343932
     16   P      34             0.3387168   -0.771707916582

     17   P      35             0.0964156    1.000000000000

     18   D      36             0.5000000    1.000000000000

 H         

     19   S      37            13.0107010    0.033485484813
     19   S      38             1.9622572    0.234721870881
     19   S      39             0.4445380    0.813770285260

     20   S      40             0.1219496    1.000000000000

     21   P      41             0.8000000    1.000000000000

 SI        

     22   S      42          6903.7118686    0.005584465887
     22   S      43          1038.4346419    0.041742284436
     22   S      44           235.8758148    0.187528023742
     22   S      45            66.0693852    0.478678596587
     22   S      46            20.2479458    0.429256952162

     23   S      47            34.3534817    0.089834899465
     23   S      48             3.6370788   -0.545685958777
     23   S      49             1.4002049   -0.524810829267

     24   S      50             0.2048441    1.000000000000

     25   S      51             0.0779941    1.000000000000

     26   P      52           179.8390737    0.010133498379
     26   P      53            41.9072588    0.071029041096
     26   P      54            12.9552944    0.255839142169
     26   P      55             4.4383267    0.481498047149
     26   P      56             1.5462248    0.385211960064

     27   P      57             0.3560761    1.000000000000

     28   P      58             0.1000851    1.000000000000

     29   D      59             0.3500000    1.000000000000

 F         

     30   S      60          2894.8325990   -0.005349321176
     30   S      61           435.4193912   -0.039967734372
     30   S      62            98.8433289   -0.179412617888
     30   S      63            27.4851980   -0.468324686869
     30   S      64             8.5405498   -0.447241605328

     31   S      65             1.0654578    1.000000000000

     32   S      66             0.3324735    1.000000000000

     33   P      67            22.6966339   -0.064782148241
     33   P      68             4.9872339   -0.340357853553
     33   P      69             1.3491614   -0.734858153660

     34   P      70             0.3482988    1.000000000000

     35   D      71             1.4000000    1.000000000000

 H         

     36   S      72            13.0107010    0.033485484813
     36   S      73             1.9622572    0.234721870881
     36   S      74             0.4445380    0.813770285260

     37   S      75             0.1219496    1.000000000000

     38   P      76             0.8000000    1.000000000000

 B         

     39   S      77           839.3183009   -0.005628883598
     39   S      78           126.2646484   -0.041832794610
     39   S      79            28.6206008   -0.184174881258
     39   S      80             7.8793723   -0.468396550281
     39   S      81             2.4088857   -0.444579308833

     40   S      82             0.2510511    1.000000000000

     41   S      83             0.0836489    1.000000000000

     42   P      84             6.0332224   -0.054032500323
     42   P      85             1.2499158   -0.301940343932
     42   P      86             0.3387168   -0.771707916582

     43   P      87             0.0964156    1.000000000000

     44   D      88             0.5000000    1.000000000000

 H         

     45   S      89            13.0107010    0.033485484813
     45   S      90             1.9622572    0.234721870881
     45   S      91             0.4445380    0.813770285260

     46   S      92             0.1219496    1.000000000000

     47   P      93             0.8000000    1.000000000000

 H         

     48   S      94            13.0107010    0.033485484813
     48   S      95             1.9622572    0.234721870881
     48   S      96             0.4445380    0.813770285260

     49   S      97             0.1219496    1.000000000000

     50   P      98             0.8000000    1.000000000000

 H         

     51   S      99            13.0107010    0.033485484813
     51   S     100             1.9622572    0.234721870881
     51   S     101             0.4445380    0.813770285260

     52   S     102             0.1219496    1.000000000000

     53   P     103             0.8000000    1.000000000000

 B         

     54   S     104           839.3183009   -0.005628883598
     54   S     105           126.2646484   -0.041832794610
     54   S     106            28.6206008   -0.184174881258
     54   S     107             7.8793723   -0.468396550281
     54   S     108             2.4088857   -0.444579308833

     55   S     109             0.2510511    1.000000000000

     56   S     110             0.0836489    1.000000000000

     57   P     111             6.0332224   -0.054032500323
     57   P     112             1.2499158   -0.301940343932
     57   P     113             0.3387168   -0.771707916582

     58   P     114             0.0964156    1.000000000000

     59   D     115             0.5000000    1.000000000000

 SI        

     60   S     116          6903.7118686    0.005584465887
     60   S     117          1038.4346419    0.041742284436
     60   S     118           235.8758148    0.187528023742
     60   S     119            66.0693852    0.478678596587
     60   S     120            20.2479458    0.429256952162

     61   S     121            34.3534817    0.089834899465
     61   S     122             3.6370788   -0.545685958777
     61   S     123             1.4002049   -0.524810829267

     62   S     124             0.2048441    1.000000000000

     63   S     125             0.0779941    1.000000000000

     64   P     126           179.8390737    0.010133498379
     64   P     127            41.9072588    0.071029041096
     64   P     128            12.9552944    0.255839142169
     64   P     129             4.4383267    0.481498047149
     64   P     130             1.5462248    0.385211960064

     65   P     131             0.3560761    1.000000000000

     66   P     132             0.1000851    1.000000000000

     67   D     133             0.3500000    1.000000000000

 MG        

     68   S     134          4953.8339196   -0.005730348253
     68   S     135           745.1804415   -0.042769871122
     68   S     136           169.2160497   -0.191096515460
     68   S     137            47.3006720   -0.482411503269
     68   S     138            14.4613370   -0.422007266852

     69   S     139            24.7681748    0.087115605721
     69   S     140             2.4940945   -0.546373693218
     69   S     141             0.8780758   -0.529320757859

     70   S     142             0.0872128    1.000000000000

     71   S     143             0.0335993    1.000000000000

     72   P     144            98.0530105   -0.014480564601
     72   P     145            22.5869323   -0.095495750787
     72   P     146             6.8391510   -0.307876726509
     72   P     147             2.2332844   -0.499362928859
     72   P     148             0.7160660   -0.315034762129

     73   P     149             0.1891480    1.000000000000

     74   P     150             0.0537688    1.000000000000

     75   D     151             0.1010000    1.000000000000

 H         

     76   S     152            13.0107010    0.033485484813
     76   S     153             1.9622572    0.234721870881
     76   S     154             0.4445380    0.813770285260

     77   S     155             0.1219496    1.000000000000

     78   P     156             0.8000000    1.000000000000

 CL        

     79   S     157         10449.8275660    0.005426595379
     79   S     158          1571.7365221    0.040626378129
     79   S     159           357.1206552    0.183597478529
     79   S     160           100.2518594    0.474389487682
     79   S     161            30.8127276    0.437351811041

     80   S     162            51.9237894   -0.092754154848
     80   S     163             5.7045761    0.563808255442
     80   S     164             2.3508377    0.503670446297

     81   S     165             0.4460512    1.000000000000

     82   S     166             0.1684886    1.000000000000

     83   P     167           307.6679057   -0.008879702559
     83   P     168            72.1020155   -0.064284071721
     83   P     169            22.5326803   -0.242887397360
     83   P     170             7.8991765   -0.483408363699
     83   P     171             2.8767268   -0.389525638755

     84   P     172             0.7745936    1.000000000000

     85   P     173             0.2103770    1.000000000000

     86   D     174             0.6500000    1.000000000000

 Total Number of Basis Set Shells             =   86
 Total Number of Primitives                   =  174
 Number of Cartesian Gaussian Basis Functions =  196
 Number of Electrons                          =   98
 Charge of Molecule                           =    0
 Spin Multiplicity                            =    1
 Number of Occupied Orbitals (Alpha)          =   49
 Number of Occupied Orbitals (Beta )          =   49
 Total Number of Atoms                        =   16

 Input Run Options
 -----------------
 IRUNTYP = 1  MULT = 1  ICHARG =  0 IECP = 0  IEMOM = 1  UNITS = ANGS    

 Integral Options
 ----------------
 CUTOFF = 1.0E-09   ISCHWZ = 1   ERITYP = FULL

 Input NOF Options
 -----------------

 Type of calculation =    Coeff. Opt.:   (ICOEF)         1
 Trigonometric functions for Occ. Opt.:  (ISOFTMAX)      0
 Type of Orb. Opt. = Orbital Rotations:  (IORBOPT)       4
 Maximum Number of Occ-Coef Outer Iter.: (MAXIT)      1000

 Natural Orbital Functional Selected:    (IPNOF)         8

 Restart calculation Option:             (RESTART)       T
 Orthogonalize the initial Orbitals:     (ORTHO)         T

 Output Option:                          (NPRINT)        0
 Output the Coefficient Matrix:          (IWRITEC)       0
 Do a Mulliken Population Analysis:      (IMULPOP)       0
 Write Information into a WFN file:      (IAIMPAC)       1
 Write Information into a FCHK file:     (IFCHK)         1
 Write Information into a MLP file:      (MOLDEN)        1
 Create Ini. Cond. (ini.xyz) file:       (INICOND)       1
 Calculate IPs using Ext. Koopmans Theo: (IEKT)          0
 Write APSG expansion coefficient file:  (APSG)          F
 Output option for Lagrange Multipliers: (PRINTLAG)      F
 Diagonalize matrix of Lag. Multipliers: (DIAGLAG)       F

 Nuclear Coordinates from GCF file:
 ----------------------------------

 Atom      Charge                Coordinates (Bohr)
                           x             y             z
 C        6.00000        1.1123       -0.3483        2.9947
 B        5.00000       -2.7057        0.3920        0.0590
 B        5.00000       -1.6721       -0.2573        3.2060
 H        1.00000        0.9618        2.3716       -2.7193
 SI      14.00000        1.3420       -3.4154       -2.4441
 F        9.00000        6.4618        2.9695       -0.2842
 H        1.00000        3.9780       -2.1044       -2.4501
 B        5.00000        0.1030       -1.3421        0.4777
 H        1.00000       -0.0933       -1.1754       -4.2225
 H        1.00000       -2.8312        1.9343        1.8950
 H        1.00000       -4.7541       -0.4534       -0.6921
 B        5.00000       -0.4644        0.5821       -2.4548
 SI      14.00000       -3.8108        2.3023       -3.0112
 MG      12.00000        3.7519        1.0156       -0.1368
 H        1.00000        2.5044       -1.0089        4.3520
 CL      17.00000       -3.8834       -1.4621        5.4308

------------------------------------------------------------------------

 Orbital Space
 -------------

 Inactive Doubly occupied orbitals up to NO1  =    0
 No. considered Strongly Doubly occupied MOs  =   49
 No. considered Strongly Singly occupied MOs  =    0
 No. of Weakly occ. per St. Doubly occ.  MOs  =    3
 Dimension of the Active Nat. Orb. subspace   =  196
 Secondary Empty orbitals                     =    0

 1e- integrals
 -------------
 Time to do integrals =      0.01
 Guess for MOs = HCORE
         7 MOs were matched and         1 equalized to zero

 2e- integrals
 -------------
 DONTW option skips storage 2e- integrals on Unit 1
           117279443 2e- integrals in     1 records
 Time to do integrals =      9.02

 RHF SCF Calculation
 -------------------
 EXTRAP=T  DAMP=T  DIIS=T
 DMat Conv = 1.0E-05  Ener Tol = 1.0E-08
 Ener Conv = 1.0E-10  DMat Tol = 2.0E-05
 DIIS Conv = 1.0E-07  DMat Tol = 2.0E-05

 ITER      TOTAL ENERGY        E CHANGE     DEN. CHANGE    DIIS ERROR
   1    -1390.7024074329 -1390.7024074329 117.671825164   1.606303205
   2    -1300.6376647353    90.0647426975  90.894542793   3.201262810
   3    -1409.2361636567  -108.5984989213   0.211714450   0.623562717
   4    -1409.2837260103    -0.0475623536   3.369364821   0.622426424
   5    -1409.9956909292    -0.7119649190   3.247848111   0.604770333
   6    -1410.6326020849    -0.6369111556   3.807453243   0.595405326
   7    -1411.3524189718    -0.7198168870   3.510045227   0.594677304
   8    -1412.0105583073    -0.6581393355   3.828808440   0.595113764
   9    -1412.7395554731    -0.7289971657   3.467442063   0.596673220
  10    -1413.4223285649    -0.6827730919   3.569745627   0.598931785
  11    -1414.1602098512    -0.7378812862   3.218616136   0.601945762
  12    -1414.8671076183    -0.7068977671   3.165861312   0.605086883
  13    -1415.6127318915    -0.7456242732   2.861880542   0.608351420
  14    -1416.3410437985    -0.7283119071   2.721096664   0.611201311
  15    -1417.0929420813    -0.7518982828   2.477233628   0.613528316
  16    -1417.8388400118    -0.7458979305   2.303799825   0.615003786
  17    -1418.5954202031    -0.7565801913   2.120338104   0.615493329
  18    -1419.3545387246    -0.7591185215   1.965053021   0.614872705
  19    -1420.1194667049    -0.7649279803   1.835319700   0.613104528
  20    -1420.8929883551    -0.7735216502   1.729351149   0.610218630
  21    -1421.6775670676    -0.7845787126   1.645998869   0.606327771
  22    -1422.4755280577    -0.7979609901   1.584649469   0.601646388
  23    -1423.2893254553    -0.8137973976   1.545346766   0.596511017
  24    -1424.1220394570    -0.8327140017   1.529651463   0.591398602
  25    -1424.9784511171    -0.8564116600   1.544261962   0.586929665
  26    -1425.8675892266    -0.8891381095   1.615167467   0.583803844
  27    -1426.8089901994    -0.9414009728   2.574790844   0.582427405
  28    -1427.8454118651    -1.0364216657   4.042171381   0.581195605
  29    -1429.0790848596    -1.2336729945  15.495224953   0.571425303
  30    -1432.4875316910    -3.4084468313   1.809278097   0.528405052
  31    -1433.4486796025    -0.9611479115  18.333375072   0.524911471
  32    -1440.2460150192    -6.7973354168  25.024987044   0.386736604
  33    -1209.5267884073   230.7192266120  17.240042313   3.277653385
  34    -1371.0074892012  -161.4807007939  16.954649928   1.674806822
  35    -1390.4210092703   -19.4135200691  20.079440186   1.458978455
  36    -1418.4225918666   -28.0015825963   2.913451308   1.051401769
  37    -1435.2880255869   -16.8654337203   1.514181280   1.309798208
  38    -1443.8640908854    -8.5760652984   3.734824260   1.249637907
  39    -1451.7790266632    -7.9149357778   2.351614962   1.089128912
  40    -1460.1318060703    -8.3527794072   5.576370120   0.855475769
  41    -1471.0001944267   -10.8683883564  16.734386486   0.603296346
  42    -1441.7382105892    29.2619838375  16.969224111   0.457836273
  43    -1472.1798583452   -30.4416477560   0.866866826   0.386677882
  44    -1473.7409171769    -1.5610588316   0.692282016   0.374968849
  45    -1475.4683294197    -1.7274122429   0.251820739   0.218541051
  46    -1475.8606012404    -0.3922718206   0.159668262   0.041405964
  47    -1475.8945950234    -0.0339937831   0.044180434   0.012616180
  48    -1475.9018605151    -0.0072654916   0.008733706   0.009019279
  49    -1475.9028706548    -0.0010101398   0.015915292   0.002139114
  50    -1475.9032750549    -0.0004044001   0.007996583   0.002218293
  51    -1475.9033913485    -0.0001162935   0.004349765   0.000950334
  52    -1475.9034250426    -0.0000336941   0.001503216   0.000186830
  53    -1475.9034304183    -0.0000053757   0.000565788   0.000122210
  54    -1475.9034316524    -0.0000012341   0.000488556   0.000061739
  55    -1475.9034320879    -0.0000004354   0.000120924   0.000028343
  56    -1475.9034321434    -0.0000000556   0.000046929   0.000011502
  57    -1475.9034321528    -0.0000000094   0.000029837   0.000005507
  58    -1475.9034321551    -0.0000000023   0.000012959   0.000002211
  59    -1475.9034321555    -0.0000000004   0.000002838   0.000000382

          -----------------
          DENSITY CONVERGED
          -----------------

 FINAL RHF ENERGY IS    -1475.9034321555 AFTER  59 ITERATIONS

         WAVEFUNCTION NORMALIZATION =       1.0000000000

                ONE ELECTRON ENERGY =   -3445.0739100370
                TWO ELECTRON ENERGY =    1264.9564976026
           NUCLEAR REPULSION ENERGY =     704.2139802789
                                      ------------------
                   RHF TOTAL ENERGY =   -1475.9034321555

 ELECTRON-ELECTRON POTENTIAL ENERGY =    1264.9564976026
  NUCLEUS-ELECTRON POTENTIAL ENERGY =   -4917.9500292368
   NUCLEUS-NUCLEUS POTENTIAL ENERGY =     704.2139802789
                                      ------------------
             TOTAL POTENTIAL ENERGY =   -2948.7795513553
               TOTAL KINETIC ENERGY =    1472.8761191998
                 VIRIAL RATIO (V/T) =       2.0020553751

 Distribution Full ERIs:

 Integrals:                         117279443
 Max size per slaves:                 9773288
 Max size in master:                127052731

 No violations of the orthonormality


  RESULTS OF OCCUPATION-COEFFICIENT OPTIMIZATION
 ================================================

  Ex It  Orb It    Electronic Energy     Total Energy   Energy Convergency    Max Mul-Lag Diff

    1      10     -2181.4879956199    -1477.2740153410     0.0000000000           0.000048


  RESULTS OF THE OCCUPATION OPTIMIZATION
 ========================================

   OM     Occupation      Elag Diag

    1      2.0000000   -104.8327550
    2      1.9999999    -68.8204469
    3      1.9999998    -61.8344391
    4      1.9999998    -56.0813256
    5      1.9999973    -26.2356351
    6      1.9999892    -10.5695635
    7      1.9999758     -9.1271163
    8      1.9999731     -9.1192426
    9      1.9999715     -9.0953636
   10      1.9999372     -7.8475847
   11      1.9998854     -7.3863647
   12      1.9998799     -7.3684927
   13      1.9998773     -7.1471827
   14      1.9998668     -7.1761746
   15      1.9998589     -7.0004923
   16      1.9998474     -7.0714546
   17      1.9996304     -4.2131670
   18      1.9995645     -4.1879250
   19      1.9995559     -4.1829464
   20      1.9995295     -4.1725235
   21      1.9994940     -4.1613539
   22      1.9993458     -3.7785159
   23      1.9991330     -3.3229010
   24      1.9989723     -3.0702129
   25      1.9987087     -2.7714576
   26      1.9985892     -2.6353605
   27      1.9925123     -1.4603455
   28      1.9836507     -1.0916535
   29      1.9801105     -0.8850539
   30      1.9774975     -0.5871103
   31      1.9773280     -0.5872971
   32      1.9752349     -0.5010541
   33      1.9751663     -0.6150094
   34      1.9750826     -0.5935016
   35      1.9746125     -0.7097654
   36      1.9744492     -0.6876232
   37      1.9738490     -0.6666429
   38      1.9733062     -0.6227034
   39      1.9725574     -0.6414232
   40      1.9722938     -0.5467342
   41      1.9714643     -0.7067293
   42      1.9712791     -0.5911134
   43      1.9712489     -0.4947175
   44      1.9700022     -0.4474049
   45      1.9699203     -0.4675828
   46      1.9697338     -0.6308126
   47      1.9691758     -0.5079213
   48      1.9684203     -0.5751256
   49      1.9653548     -0.4344602
   50      0.0297203     -0.0342027
   51      0.0069055     -0.0083374
   52      0.0028266     -0.0039820
   53      0.0231451     -0.0346738
   54      0.0228394     -0.0261599
   55      0.0195734     -0.0224523
   56      0.0097315     -0.0134352
   57      0.0017588     -0.0033543
   58      0.0154797     -0.0203866
   59      0.0040292     -0.0055533
   60      0.0043546     -0.0056674
   61      0.0052555     -0.0070686
   62      0.0021535     -0.0033171
   63      0.0087923     -0.0131627
   64      0.0039874     -0.0063260
   65      0.0033529     -0.0053607
   66      0.0153870     -0.0281145
   67      0.0091821     -0.0130647
   68      0.0036969     -0.0086290
   69      0.0031168     -0.0077974
   70      0.0027373     -0.0055694
   71      0.0012038     -0.0034679
   72      0.0027706     -0.0080857
   73      0.0003971     -0.0017092
   74      0.0003667     -0.0014298
   75      0.0003096     -0.0012551
   76      0.0002760     -0.0011610
   77      0.0002221     -0.0010194
   78      0.0001754     -0.0008802
   79      0.0001516     -0.0007601
   80      0.0001520     -0.0007700
   81      0.0001489     -0.0007481
   82      0.0001191     -0.0006075
   83      0.0000530     -0.0003819
   84      0.0000464     -0.0003299
   85      0.0000422     -0.0003057
   86      0.0000326     -0.0002293
   87      0.0000406     -0.0002945
   88      0.0000206     -0.0001515
   89      0.0000141     -0.0001046
   90      0.0000059     -0.0000501
   91      0.0000049     -0.0000445
   92      0.0000039     -0.0000347
   93      0.0000031     -0.0000299
   94      0.0000009     -0.0000149
   95      0.0000001     -0.0000035
   96      0.0000000     -0.0000024
   97      0.0000000     -0.0000018
   98      0.0000000     -0.0000003
   99      0.0035639     -0.0056643
  100      0.0031956     -0.0039997
  101      0.0208080     -0.0223794
  102      0.0009344     -0.0019013
  103      0.0024974     -0.0034542
  104      0.0063484     -0.0109239
  105      0.0086096     -0.0126013
  106      0.0177026     -0.0238437
  107      0.0109272     -0.0148648
  108      0.0030249     -0.0045279
  109      0.0067921     -0.0085026
  110      0.0032987     -0.0045026
  111      0.0044784     -0.0058890
  112      0.0149245     -0.0207114
  113      0.0035800     -0.0056946
  114      0.0169020     -0.0220559
  115      0.0010730     -0.0025969
  116      0.0027558     -0.0053347
  117      0.0157212     -0.0232208
  118      0.0037388     -0.0086547
  119      0.0019202     -0.0039984
  120      0.0067373     -0.0124852
  121      0.0016720     -0.0051188
  122      0.0004733     -0.0017778
  123      0.0003560     -0.0015056
  124      0.0003527     -0.0014739
  125      0.0002992     -0.0012363
  126      0.0002083     -0.0009473
  127      0.0001466     -0.0007404
  128      0.0001461     -0.0007246
  129      0.0001263     -0.0006398
  130      0.0001190     -0.0006103
  131      0.0001275     -0.0006559
  132      0.0000445     -0.0003171
  133      0.0000381     -0.0002706
  134      0.0000304     -0.0002169
  135      0.0000496     -0.0003597
  136      0.0000255     -0.0001888
  137      0.0000336     -0.0002479
  138      0.0000109     -0.0000812
  139      0.0000073     -0.0000601
  140      0.0000042     -0.0000365
  141      0.0000077     -0.0000607
  142      0.0000030     -0.0000279
  143      0.0000008     -0.0000133
  144      0.0000001     -0.0000029
  145      0.0000000     -0.0000023
  146      0.0000000     -0.0000010
  147      0.0000000     -0.0000001
  148      0.0013610     -0.0023322
  149      0.0214786     -0.0237190
  150      0.0071896     -0.0121000
  151      0.0061867     -0.0105453
  152      0.0047429     -0.0060706
  153      0.0040760     -0.0053064
  154      0.0104099     -0.0142647
  155      0.0092594     -0.0135026
  156      0.0021288     -0.0036965
  157      0.0206520     -0.0257096
  158      0.0162959     -0.0181847
  159      0.0181396     -0.0207863
  160      0.0195191     -0.0228275
  161      0.0018340     -0.0039966
  162      0.0178202     -0.0226918
  163      0.0046625     -0.0071618
  164      0.0083737     -0.0196584
  165      0.0128273     -0.0170592
  166      0.0032540     -0.0079199
  167      0.0156470     -0.0231838
  168      0.0152320     -0.0241195
  169      0.0084082     -0.0202077
  170      0.0030451     -0.0087257
  171      0.0005404     -0.0023083
  172      0.0005686     -0.0025404
  173      0.0003654     -0.0014890
  174      0.0002919     -0.0012119
  175      0.0002238     -0.0010140
  176      0.0001840     -0.0009133
  177      0.0001728     -0.0008680
  178      0.0001658     -0.0008346
  179      0.0001676     -0.0008383
  180      0.0001230     -0.0006233
  181      0.0000551     -0.0003988
  182      0.0000566     -0.0004037
  183      0.0000606     -0.0004355
  184      0.0000405     -0.0002927
  185      0.0000540     -0.0003930
  186      0.0000604     -0.0004450
  187      0.0000378     -0.0002872
  188      0.0000154     -0.0001181
  189      0.0000178     -0.0001340
  190      0.0000126     -0.0000938
  191      0.0000047     -0.0000413
  192      0.0000010     -0.0000160
  193      0.0000001     -0.0000043
  194      0.0000001     -0.0000039
  195      0.0000001     -0.0000030
  196      0.0000000     -0.0000003

   RO Sum (  98) =   98.00

  ---------------
   Dipole Moment
  ---------------

      2.9336 Debye [   1.1542  (  -1.0289,  -0.2657,  -0.4504) ]

 ----------------
  Final Energies  
 ----------------

  Final NOF Total Energy =    -1477.2740153410 ( 5.E-05 , 0.E+00 )


  **************************************************
  *                                                *
  *       SINGLE-POINT DoNOF CALCULATION           *
  *                                                *
  *             FULL OPTIMIZATION                  *
  *                                                *
  *  FINAL RESULTS   FINAL RESULTS  FINAL RESULTS  *
  *                                                *
  **************************************************

  **************************************************
  *         No. EXTERNAL ITER =     1              *
  *         No. of TOTAL ITER =    10              *
  **************************************************

  Elapsed real time :    493.74  (Seconds)
  Git sha : bcb372acca69df19ae91719c988dea244a3c3d1c                                                            

 The execution finished at 12h 40min on the 12/23/2024
