 This is the parallel version of the code
 This is the parallel version of the code
 This is the parallel version of the code
 This is the parallel version of the code
 This is the parallel version of the code
 This is the parallel version of the code
 This is the parallel version of the code
 This is the parallel version of the code
 This is the parallel version of the code
 This is the parallel version of the code
 This is the parallel version of the code
 This is the parallel version of the code
Master:    0

 The execution started at 13h  2min on the 12/23/2024

    ===========================================================
    !                                                         !
    !                        Do N O F                         !
    !                                                         !
    !  (Donostia Natural Orbital Functional Software Program) !
    !                                                         !
    !               COPYRIGHT by Mario Piris                  !
    !                                                         !
    !      Donostia International Physics Center (DIPC)       !
    !       University of the Basque Country (UPV/EHU)        !
    !       Basque Foundation for Science (IKERBASQUE)        !
    !                                                         !
    !          GNU General Public License version 3           !
    !                                                         !
    !                  VERSION: Mayo 2024                     !
    !                                                         !
    ===========================================================

 Run Title
 ---------
 p30-5 set                                                                       

 Basis Set
 ---------
 /beegfs_agamede/gscratch/povmieci/SCRATCH/80591/def2-svp.bas                    

 Atom      Charge                Coordinates (Bohr)
                           x             y             z
 B           5.0        1.3823       -3.9240        2.2151
 SI         14.0       -4.9437        1.9184       -0.8917
 B           5.0        2.8928       -2.4410       -0.1540
 O           8.0       -0.5164       -3.7105        3.8958
 H           1.0       -6.9534        3.1279       -2.4260
 S          16.0        4.0616       -5.5724        1.0491
 AL         13.0       -1.6863       -1.3696        1.7667
 C           6.0       -5.1210       -0.8524        0.8448
 H           1.0       -0.3731        1.6946        1.2044
 B           5.0       -1.2999        2.6654       -0.8510
 H           1.0       -6.6760       -2.1745        1.0701
 S          16.0        0.9238        3.6962       -2.9626
 F           9.0        6.1473        2.9174       -2.7189
 O           8.0        3.9426       -0.7316       -1.6011
 B           5.0        4.1773        2.0396       -1.3054
 H           1.0        4.0422        2.7165        0.8648

 Atomic Basis Set
 ----------------
 The contracted primitive functions were unnormalized
 The contracted basis functions are now normalized to unity

  Shell Type  Primitive         Exponent  Contraction Coefficient

 B         

      1   S       1           839.3183009   -0.005628883598
      1   S       2           126.2646484   -0.041832794610
      1   S       3            28.6206008   -0.184174881258
      1   S       4             7.8793723   -0.468396550281
      1   S       5             2.4088857   -0.444579308833

      2   S       6             0.2510511    1.000000000000

      3   S       7             0.0836489    1.000000000000

      4   P       8             6.0332224   -0.054032500323
      4   P       9             1.2499158   -0.301940343932
      4   P      10             0.3387168   -0.771707916582

      5   P      11             0.0964156    1.000000000000

      6   D      12             0.5000000    1.000000000000

 SI        

      7   S      13          6903.7118686    0.005584465887
      7   S      14          1038.4346419    0.041742284436
      7   S      15           235.8758148    0.187528023742
      7   S      16            66.0693852    0.478678596587
      7   S      17            20.2479458    0.429256952162

      8   S      18            34.3534817    0.089834899465
      8   S      19             3.6370788   -0.545685958777
      8   S      20             1.4002049   -0.524810829267

      9   S      21             0.2048441    1.000000000000

     10   S      22             0.0779941    1.000000000000

     11   P      23           179.8390737    0.010133498379
     11   P      24            41.9072588    0.071029041096
     11   P      25            12.9552944    0.255839142169
     11   P      26             4.4383267    0.481498047149
     11   P      27             1.5462248    0.385211960064

     12   P      28             0.3560761    1.000000000000

     13   P      29             0.1000851    1.000000000000

     14   D      30             0.3500000    1.000000000000

 B         

     15   S      31           839.3183009   -0.005628883598
     15   S      32           126.2646484   -0.041832794610
     15   S      33            28.6206008   -0.184174881258
     15   S      34             7.8793723   -0.468396550281
     15   S      35             2.4088857   -0.444579308833

     16   S      36             0.2510511    1.000000000000

     17   S      37             0.0836489    1.000000000000

     18   P      38             6.0332224   -0.054032500323
     18   P      39             1.2499158   -0.301940343932
     18   P      40             0.3387168   -0.771707916582

     19   P      41             0.0964156    1.000000000000

     20   D      42             0.5000000    1.000000000000

 O         

     21   S      43          2266.1767785   -0.005389350392
     21   S      44           340.8701019   -0.040234721389
     21   S      45            77.3631352   -0.180081842055
     21   S      46            21.4796449   -0.468288576577
     21   S      47             6.6589433   -0.446926171602

     22   S      48             0.8097598    1.000000000000

     23   S      49             0.2553077    1.000000000000

     24   P      50            17.7215043    0.062630248763
     24   P      51             3.8635505    0.333311384824
     24   P      52             1.0480921    0.741486383081

     25   P      53             0.2764154    1.000000000000

     26   D      54             1.2000000    1.000000000000

 H         

     27   S      55            13.0107010    0.033485484813
     27   S      56             1.9622572    0.234721870881
     27   S      57             0.4445380    0.813770285260

     28   S      58             0.1219496    1.000000000000

     29   P      59             0.8000000    1.000000000000

 S         

     30   S      60          9184.9303010   -0.005472946613
     30   S      61          1381.5105503   -0.040954402155
     30   S      62           313.8714758   -0.184758289562
     30   S      63            88.0538706   -0.475672806440
     30   S      64            27.0399149   -0.434951535842

     31   S      65            45.6487313   -0.091904045809
     31   S      66             4.9664522    0.556987772145
     31   S      67             2.0116242    0.511154682985

     32   S      68             0.3566108    1.000000000000

     33   S      69             0.1350722    1.000000000000

     34   P      70           261.9823344   -0.009183054659
     34   P      71            61.3068947   -0.065902226526
     34   P      72            19.1037299   -0.245877845187
     34   P      73             6.6567720   -0.482314710760
     34   P      74             2.3959635   -0.389563143514

     35   P      75             0.6177616    1.000000000000

     36   P      76             0.1699338    1.000000000000

     37   D      77             0.5500000    1.000000000000

 AL        

     38   S      78          5887.5727030    0.005651978962
     38   S      79           885.6122600    0.042218253427
     38   S      80           201.1360490    0.189187196726
     38   S      81            56.2849747    0.480435911881
     38   S      82            17.2295512    0.425872684294

     39   S      83            29.3402499    0.088568603239
     39   S      84             3.0439630   -0.543157066723
     39   S      85             1.1285540   -0.529385510294

     40   S      86             0.1423418    1.000000000000

     41   S      87             0.0544002    1.000000000000

     42   P      88           145.1191881    0.010726377859
     42   P      89            33.7178948    0.074103623546
     42   P      90            10.3698631    0.261296213060
     42   P      91             3.5135616    0.480201235327
     42   P      92             1.1980050    0.384382240624

     43   P      93             0.2658301    1.000000000000

     44   P      94             0.0710034    1.000000000000

     45   D      95             0.3000000    1.000000000000

 C         

     46   S      96          1238.4016938    0.005517365048
     46   S      97           186.2900499    0.041088828556
     46   S      98            42.2511763    0.182253821265
     46   S      99            11.6765579    0.468284594374
     46   S     100             3.5930506    0.445758173360

     47   S     101             0.4024515    1.000000000000

     48   S     102             0.1309018    1.000000000000

     49   P     103             9.4680971    0.056888332011
     49   P     104             2.0103545    0.312940593365
     49   P     105             0.5477100    0.760650165091

     50   P     106             0.1526861    1.000000000000

     51   D     107             0.8000000    1.000000000000

 H         

     52   S     108            13.0107010    0.033485484813
     52   S     109             1.9622572    0.234721870881
     52   S     110             0.4445380    0.813770285260

     53   S     111             0.1219496    1.000000000000

     54   P     112             0.8000000    1.000000000000

 B         

     55   S     113           839.3183009   -0.005628883598
     55   S     114           126.2646484   -0.041832794610
     55   S     115            28.6206008   -0.184174881258
     55   S     116             7.8793723   -0.468396550281
     55   S     117             2.4088857   -0.444579308833

     56   S     118             0.2510511    1.000000000000

     57   S     119             0.0836489    1.000000000000

     58   P     120             6.0332224   -0.054032500323
     58   P     121             1.2499158   -0.301940343932
     58   P     122             0.3387168   -0.771707916582

     59   P     123             0.0964156    1.000000000000

     60   D     124             0.5000000    1.000000000000

 H         

     61   S     125            13.0107010    0.033485484813
     61   S     126             1.9622572    0.234721870881
     61   S     127             0.4445380    0.813770285260

     62   S     128             0.1219496    1.000000000000

     63   P     129             0.8000000    1.000000000000

 S         

     64   S     130          9184.9303010   -0.005472946613
     64   S     131          1381.5105503   -0.040954402155
     64   S     132           313.8714758   -0.184758289562
     64   S     133            88.0538706   -0.475672806440
     64   S     134            27.0399149   -0.434951535842

     65   S     135            45.6487313   -0.091904045809
     65   S     136             4.9664522    0.556987772145
     65   S     137             2.0116242    0.511154682985

     66   S     138             0.3566108    1.000000000000

     67   S     139             0.1350722    1.000000000000

     68   P     140           261.9823344   -0.009183054659
     68   P     141            61.3068947   -0.065902226526
     68   P     142            19.1037299   -0.245877845187
     68   P     143             6.6567720   -0.482314710760
     68   P     144             2.3959635   -0.389563143514

     69   P     145             0.6177616    1.000000000000

     70   P     146             0.1699338    1.000000000000

     71   D     147             0.5500000    1.000000000000

 F         

     72   S     148          2894.8325990   -0.005349321176
     72   S     149           435.4193912   -0.039967734372
     72   S     150            98.8433289   -0.179412617888
     72   S     151            27.4851980   -0.468324686869
     72   S     152             8.5405498   -0.447241605328

     73   S     153             1.0654578    1.000000000000

     74   S     154             0.3324735    1.000000000000

     75   P     155            22.6966339   -0.064782148241
     75   P     156             4.9872339   -0.340357853553
     75   P     157             1.3491614   -0.734858153660

     76   P     158             0.3482988    1.000000000000

     77   D     159             1.4000000    1.000000000000

 O         

     78   S     160          2266.1767785   -0.005389350392
     78   S     161           340.8701019   -0.040234721389
     78   S     162            77.3631352   -0.180081842055
     78   S     163            21.4796449   -0.468288576577
     78   S     164             6.6589433   -0.446926171602

     79   S     165             0.8097598    1.000000000000

     80   S     166             0.2553077    1.000000000000

     81   P     167            17.7215043    0.062630248763
     81   P     168             3.8635505    0.333311384824
     81   P     169             1.0480921    0.741486383081

     82   P     170             0.2764154    1.000000000000

     83   D     171             1.2000000    1.000000000000

 B         

     84   S     172           839.3183009   -0.005628883598
     84   S     173           126.2646484   -0.041832794610
     84   S     174            28.6206008   -0.184174881258
     84   S     175             7.8793723   -0.468396550281
     84   S     176             2.4088857   -0.444579308833

     85   S     177             0.2510511    1.000000000000

     86   S     178             0.0836489    1.000000000000

     87   P     179             6.0332224   -0.054032500323
     87   P     180             1.2499158   -0.301940343932
     87   P     181             0.3387168   -0.771707916582

     88   P     182             0.0964156    1.000000000000

     89   D     183             0.5000000    1.000000000000

 H         

     90   S     184            13.0107010    0.033485484813
     90   S     185             1.9622572    0.234721870881
     90   S     186             0.4445380    0.813770285260

     91   S     187             0.1219496    1.000000000000

     92   P     188             0.8000000    1.000000000000

 Total Number of Basis Set Shells             =   92
 Total Number of Primitives                   =  188
 Number of Cartesian Gaussian Basis Functions =  216
 Number of Electrons                          =  114
 Charge of Molecule                           =    0
 Spin Multiplicity                            =    1
 Number of Occupied Orbitals (Alpha)          =   57
 Number of Occupied Orbitals (Beta )          =   57
 Total Number of Atoms                        =   16

 Input Run Options
 -----------------
 IRUNTYP = 1  MULT = 1  ICHARG =  0 IECP = 0  IEMOM = 1  UNITS = ANGS    

 Integral Options
 ----------------
 CUTOFF = 1.0E-09   ISCHWZ = 1   ERITYP = FULL

 Input NOF Options
 -----------------

 Type of calculation =    Coeff. Opt.:   (ICOEF)         1
 Trigonometric functions for Occ. Opt.:  (ISOFTMAX)      0
 Type of Orb. Opt. = Orbital Rotations:  (IORBOPT)       4
 Maximum Number of Occ-Coef Outer Iter.: (MAXIT)      1000

 Natural Orbital Functional Selected:    (IPNOF)         8

 Restart calculation Option:             (RESTART)       T
 Orthogonalize the initial Orbitals:     (ORTHO)         T

 Output Option:                          (NPRINT)        0
 Output the Coefficient Matrix:          (IWRITEC)       0
 Do a Mulliken Population Analysis:      (IMULPOP)       0
 Write Information into a WFN file:      (IAIMPAC)       1
 Write Information into a FCHK file:     (IFCHK)         1
 Write Information into a MLP file:      (MOLDEN)        1
 Create Ini. Cond. (ini.xyz) file:       (INICOND)       1
 Calculate IPs using Ext. Koopmans Theo: (IEKT)          0
 Write APSG expansion coefficient file:  (APSG)          F
 Output option for Lagrange Multipliers: (PRINTLAG)      F
 Diagonalize matrix of Lag. Multipliers: (DIAGLAG)       F

 Nuclear Coordinates from GCF file:
 ----------------------------------

 Atom      Charge                Coordinates (Bohr)
                           x             y             z
 B        5.00000        1.3823       -3.9240        2.2151
 SI      14.00000       -4.9437        1.9184       -0.8917
 B        5.00000        2.8928       -2.4410       -0.1540
 O        8.00000       -0.5164       -3.7105        3.8958
 H        1.00000       -6.9534        3.1279       -2.4260
 S       16.00000        4.0616       -5.5724        1.0491
 AL      13.00000       -1.6863       -1.3696        1.7667
 C        6.00000       -5.1210       -0.8524        0.8448
 H        1.00000       -0.3731        1.6946        1.2044
 B        5.00000       -1.2999        2.6654       -0.8510
 H        1.00000       -6.6760       -2.1745        1.0701
 S       16.00000        0.9238        3.6962       -2.9626
 F        9.00000        6.1473        2.9174       -2.7189
 O        8.00000        3.9426       -0.7316       -1.6011
 B        5.00000        4.1773        2.0396       -1.3054
 H        1.00000        4.0422        2.7165        0.8648

------------------------------------------------------------------------

 Orbital Space
 -------------

 Inactive Doubly occupied orbitals up to NO1  =    0
 No. considered Strongly Doubly occupied MOs  =   57
 No. considered Strongly Singly occupied MOs  =    0
 No. of Weakly occ. per St. Doubly occ.  MOs  =    2
 Dimension of the Active Nat. Orb. subspace   =  171
 Secondary Empty orbitals                     =   45

 1e- integrals
 -------------
 Time to do integrals =      0.01
 Guess for MOs = HCORE
        24 MOs were matched and         1 equalized to zero

 2e- integrals
 -------------
 DONTW option skips storage 2e- integrals on Unit 1
           129947867 2e- integrals in     1 records
 Time to do integrals =      8.59

 RHF SCF Calculation
 -------------------
 EXTRAP=T  DAMP=T  DIIS=T
 DMat Conv = 1.0E-05  Ener Tol = 1.0E-08
 Ener Conv = 1.0E-10  DMat Tol = 2.0E-05
 DIIS Conv = 1.0E-07  DMat Tol = 2.0E-05

 ITER      TOTAL ENERGY        E CHANGE     DEN. CHANGE    DIIS ERROR
   1    -1633.6335068448 -1633.6335068448  66.439707639   1.377670716
   2    -1465.7269313143   167.9065755304  50.549583707   1.011391612
   3    -1560.7439923108   -95.0170609964   0.094879308   2.161553533
   4    -1561.2180848890    -0.4740925783   3.532943580   2.156322062
   5    -1571.8437662070   -10.6256813180   3.448754538   2.078771940
   6    -1661.2387746270   -89.3950084199  28.936232251   0.386409642
   7    -1376.1343685320   285.1044060950  22.986992159   1.475991028
   8    -1530.0509978081  -153.9166292761   7.686473047   0.713546605
   9    -1674.8216774272  -144.7706796190   3.786046638   0.627567097
  10    -1706.6367314723   -31.8150540452   2.403133720   0.355887972
  11    -1711.3992610012    -4.7625295288   0.367764983   0.175387742
  12    -1713.2771218730    -1.8778608719   0.261177655   0.058600420
  13    -1713.4928745937    -0.2157527206   0.057558602   0.028613713
  14    -1713.5147171236    -0.0218425300   0.022476410   0.012360893
  15    -1713.5255374056    -0.0108202820   0.018556543   0.004789315
  16    -1713.5276586266    -0.0021212210   0.004758046   0.002021524
  17    -1713.5279869493    -0.0003283228   0.001975466   0.000599003
  18    -1713.5280255962    -0.0000386468   0.001173361   0.000280911
  19    -1713.5280374019    -0.0000118057   0.000748927   0.000151464
  20    -1713.5280405635    -0.0000031616   0.000312622   0.000055367
  21    -1713.5280410727    -0.0000005092   0.000093293   0.000019251
  22    -1713.5280411251    -0.0000000525   0.000032107   0.000006338
  23    -1713.5280411306    -0.0000000055   0.000012800   0.000002846
  24    -1713.5280411316    -0.0000000010   0.000005374   0.000001027

          -----------------
          DENSITY CONVERGED
          -----------------

 FINAL RHF ENERGY IS    -1713.5280411316 AFTER  24 ITERATIONS

         WAVEFUNCTION NORMALIZATION =       1.0000000000

                ONE ELECTRON ENERGY =   -4267.8841027772
                TWO ELECTRON ENERGY =    1601.3661592071
           NUCLEAR REPULSION ENERGY =     952.9899024385
                                      ------------------
                   RHF TOTAL ENERGY =   -1713.5280411316

 ELECTRON-ELECTRON POTENTIAL ENERGY =    1601.3661592071
  NUCLEUS-ELECTRON POTENTIAL ENERGY =   -5977.2637463780
   NUCLEUS-NUCLEUS POTENTIAL ENERGY =     952.9899024385
                                      ------------------
             TOTAL POTENTIAL ENERGY =   -3422.9076847324
               TOTAL KINETIC ENERGY =    1709.3796436008
                 VIRIAL RATIO (V/T) =       2.0024268439

 Distribution Full ERIs:

 Integrals:                         129947867
 Max size per slaves:                10828990
 Max size in master:                140776857

 No violations of the orthonormality


  RESULTS OF OCCUPATION-COEFFICIENT OPTIMIZATION
 ================================================

  Ex It  Orb It    Electronic Energy     Total Energy   Energy Convergency    Max Mul-Lag Diff

    1      10     -2668.2114422077    -1715.2215397692     0.0000000000           0.000029


  RESULTS OF THE OCCUPATION OPTIMIZATION
 ========================================

   OM     Occupation      Elag Diag

    1      1.9999989    -91.9647525
    2      1.9999989    -91.9646514
    3      1.9999976    -63.9817245
    4      1.9999975    -63.4054313
    5      1.9999780    -24.0420075
    6      1.9999728    -22.5821259
    7      1.9999680    -20.9131282
    8      1.9998883     -9.9935892
    9      1.9998774     -9.8279662
   10      1.9998687     -9.3903397
   11      1.9997743     -7.2156095
   12      1.9997410     -7.1824440
   13      1.9997351     -7.1658327
   14      1.9996898     -7.1125547
   15      1.9996664     -6.9438733
   16      1.9996655     -6.8472719
   17      1.9996477     -6.9911315
   18      1.9996442     -6.9289651
   19      1.9996089     -6.9084608
   20      1.9995793     -6.8268850
   21      1.9995141     -6.6348462
   22      1.9991651     -4.7145676
   23      1.9991373     -4.6838378
   24      1.9986776     -3.8130839
   25      1.9983916     -3.7090366
   26      1.9983501     -3.6875986
   27      1.9981699     -3.6272094
   28      1.9980310     -3.5839003
   29      1.9934109     -1.5241258
   30      1.9897319     -1.2748669
   31      1.9885240     -1.2774065
   32      1.9844067     -0.9220344
   33      1.9843883     -0.9615631
   34      1.9821159     -0.6598321
   35      1.9816174     -0.6544614
   36      1.9786385     -0.6780068
   37      1.9768750     -0.5698401
   38      1.9763096     -0.7395056
   39      1.9753882     -0.7542482
   40      1.9749021     -0.6217292
   41      1.9748926     -0.7303438
   42      1.9742732     -0.6277971
   43      1.9741486     -0.7602197
   44      1.9740494     -0.7706168
   45      1.9738904     -0.6803578
   46      1.9735084     -0.4529098
   47      1.9732795     -0.5983921
   48      1.9724108     -0.6771137
   49      1.9713480     -0.5923726
   50      1.9700770     -0.6629939
   51      1.9698629     -0.5520132
   52      1.9696788     -0.5289854
   53      1.9689918     -0.4721187
   54      1.9685961     -0.6016216
   55      1.9684251     -0.5141160
   56      1.9675556     -0.4792622
   57      1.9625247     -0.3811301
   58      0.0305796     -0.0299175
   59      0.0065587     -0.0090251
   60      0.0255481     -0.0335497
   61      0.0040758     -0.0079671
   62      0.0068829     -0.0094833
   63      0.0236438     -0.0297311
   64      0.0059265     -0.0088840
   65      0.0114118     -0.0147526
   66      0.0045925     -0.0086637
   67      0.0040394     -0.0083699
   68      0.0061147     -0.0086792
   69      0.0085835     -0.0103156
   70      0.0200811     -0.0278553
   71      0.0032709     -0.0084457
   72      0.0038574     -0.0081461
   73      0.0045709     -0.0075660
   74      0.0034593     -0.0077798
   75      0.0056262     -0.0088224
   76      0.0035454     -0.0079972
   77      0.0057641     -0.0088678
   78      0.0055102     -0.0092537
   79      0.0140485     -0.0189930
   80      0.0090162     -0.0170734
   81      0.0048487     -0.0099695
   82      0.0089272     -0.0191105
   83      0.0067918     -0.0100624
   84      0.0036816     -0.0086442
   85      0.0032464     -0.0078541
   86      0.0032727     -0.0093013
   87      0.0008807     -0.0047430
   88      0.0008432     -0.0045813
   89      0.0007284     -0.0038521
   90      0.0006687     -0.0034555
   91      0.0006896     -0.0039973
   92      0.0004166     -0.0024634
   93      0.0003991     -0.0023389
   94      0.0002371     -0.0017767
   95      0.0001946     -0.0014679
   96      0.0001527     -0.0011506
   97      0.0001410     -0.0010690
   98      0.0001658     -0.0012616
   99      0.0001570     -0.0011511
  100      0.0002008     -0.0014850
  101      0.0001669     -0.0012874
  102      0.0001396     -0.0010807
  103      0.0001249     -0.0009529
  104      0.0001107     -0.0008636
  105      0.0000637     -0.0006257
  106      0.0000648     -0.0006459
  107      0.0000550     -0.0005590
  108      0.0000155     -0.0002944
  109      0.0000133     -0.0002712
  110      0.0000108     -0.0002327
  111      0.0000013     -0.0000812
  112      0.0000011     -0.0000736
  113      0.0000006     -0.0000499
  114      0.0000005     -0.0000458
  115      0.0068957     -0.0085846
  116      0.0258857     -0.0307735
  117      0.0060268     -0.0088335
  118      0.0273281     -0.0363359
  119      0.0241253     -0.0303091
  120      0.0066774     -0.0093203
  121      0.0242106     -0.0322398
  122      0.0185112     -0.0213448
  123      0.0240595     -0.0318543
  124      0.0235498     -0.0356095
  125      0.0206058     -0.0257781
  126      0.0179081     -0.0202747
  127      0.0060284     -0.0093355
  128      0.0226798     -0.0387058
  129      0.0219939     -0.0345958
  130      0.0211559     -0.0245010
  131      0.0216481     -0.0333541
  132      0.0194717     -0.0257086
  133      0.0210665     -0.0342049
  134      0.0179263     -0.0221097
  135      0.0176148     -0.0198464
  136      0.0073131     -0.0112486
  137      0.0093664     -0.0210431
  138      0.0130354     -0.0199118
  139      0.0066845     -0.0102203
  140      0.0088015     -0.0181209
  141      0.0077943     -0.0192513
  142      0.0070217     -0.0169076
  143      0.0033164     -0.0093228
  144      0.0010883     -0.0055265
  145      0.0009869     -0.0052105
  146      0.0009215     -0.0050952
  147      0.0009397     -0.0051500
  148      0.0006328     -0.0031408
  149      0.0004461     -0.0024559
  150      0.0004358     -0.0025264
  151      0.0002488     -0.0018950
  152      0.0002260     -0.0016986
  153      0.0002384     -0.0018112
  154      0.0002149     -0.0016381
  155      0.0001866     -0.0014782
  156      0.0001776     -0.0012672
  157      0.0001329     -0.0009813
  158      0.0001433     -0.0011416
  159      0.0001253     -0.0009673
  160      0.0001341     -0.0010392
  161      0.0001150     -0.0008828
  162      0.0000676     -0.0006551
  163      0.0000578     -0.0005808
  164      0.0000567     -0.0005808
  165      0.0000164     -0.0003137
  166      0.0000139     -0.0002789
  167      0.0000112     -0.0002414
  168      0.0000012     -0.0000760
  169      0.0000012     -0.0000766
  170      0.0000005     -0.0000487
  171      0.0000006     -0.0000516

   RO Sum ( 114) =  114.00

  ---------------
   Dipole Moment
  ---------------

      6.4314 Debye [   2.5303  (  -2.4320,  -0.2025,   0.6684) ]

 ----------------
  Final Energies  
 ----------------

  Final NOF Total Energy =    -1715.2215397692 ( 3.E-05 , 0.E+00 )


  **************************************************
  *                                                *
  *       SINGLE-POINT DoNOF CALCULATION           *
  *                                                *
  *             FULL OPTIMIZATION                  *
  *                                                *
  *  FINAL RESULTS   FINAL RESULTS  FINAL RESULTS  *
  *                                                *
  **************************************************

  **************************************************
  *         No. EXTERNAL ITER =     1              *
  *         No. of TOTAL ITER =    10              *
  **************************************************

  Elapsed real time :    429.06  (Seconds)
  Git sha : bcb372acca69df19ae91719c988dea244a3c3d1c                                                            

 The execution finished at 13h  9min on the 12/23/2024
